BalanceViolation 10834.712000
AffinityLoss 0.000000
Compactness 64909.584315

District 1
Nodes: 41 111 176 302 374 391 402 403 407 408 411 479 558 620 654 659 788 829 841 984
Compactness: 1244.528168
Weights: 273.000000 4096.000000 1083.000000
Center Node: 788

District 2
Nodes: 8 52 58 99 155 291 306 498 501 505 546 693 712 723 767 855 870 890 915 920
Compactness: 1151.406013
Weights: 269.000000 3987.000000 1181.000000
Center Node: 855

District 3
Nodes: 151 171 205 252 292 293 363 592 604 647 677 725 732 772 786 814 823 989
Compactness: 1316.886075
Weights: 206.000000 4159.000000 1112.000000
Center Node: 823

District 4
Nodes: 28 103 115 116 128 143 148 217 277 311 519 536 547 629 797 826 903 926 935 960 997
Compactness: 1510.343978
Weights: 242.000000 4395.000000 1233.000000
Center Node: 311

District 5
Nodes: 74 82 132 201 204 210 236 282 345 394 446 450 457 512 515 537 691 790 932 977
Compactness: 1250.617739
Weights: 276.000000 4396.000000 1137.000000
Center Node: 394

District 6
Nodes: 22 125 245 283 303 358 472 510 541 556 621 625 703 783 816 856 860 953 976
Compactness: 1287.406625
Weights: 224.000000 4472.000000 1088.000000
Center Node: 283

District 7
Nodes: 20 105 281 368 413 455 571 591 594 652 653 655 689 694 700 743 842 985
Compactness: 1256.034760
Weights: 211.000000 4459.000000 1200.000000
Center Node: 652

District 8
Nodes: 13 95 168 336 355 396 423 468 506 513 572 610 832 863 865
Compactness: 845.311864
Weights: 163.000000 3714.000000 839.000000
Center Node: 168

District 9
Nodes: 135 180 312 442 451 454 482 492 588 663 682 729 811 845 852 942 948 991
Compactness: 1277.253173
Weights: 199.000000 4466.000000 1102.000000
Center Node: 492

District 10
Nodes: 66 154 198 231 324 328 351 410 445 473 483 520 522 614 680 708 709 755 764 769 877 978 992 993
Compactness: 1728.029729
Weights: 282.000000 4422.000000 1234.000000
Center Node: 709

District 11
Nodes: 9 18 90 106 215 249 297 301 316 317 353 388 518 553 848 879 881 911 919 949 956 998
Compactness: 1630.760415
Weights: 267.000000 4320.000000 1176.000000
Center Node: 249

District 12
Nodes: 11 14 33 182 235 246 276 285 344 350 370 429 528 650 670 679 739 898 927 931
Compactness: 1168.949570
Weights: 270.000000 4451.000000 1190.000000
Center Node: 11

District 13
Nodes: 98 109 137 244 288 298 300 304 309 314 329 535 550 726 740 750 793 822 827 833 854 950
Compactness: 1191.125728
Weights: 253.000000 4453.000000 1188.000000
Center Node: 288

District 14
Nodes: 35 89 141 149 192 341 406 418 517 565 612 667 735 779 857 869 872 882 895 979 986
Compactness: 1086.643033
Weights: 287.000000 4407.000000 1181.000000
Center Node: 89

District 15
Nodes: 36 65 70 85 130 131 195 228 400 523 598 628 633 686 757 813 861 924 940 974 980
Compactness: 1237.804557
Weights: 279.000000 4369.000000 1066.000000
Center Node: 400

District 16
Nodes: 32 63 156 240 257 325 340 362 372 417 641 649 665 737 846 850 892 893 914 954 972
Compactness: 1534.975150
Weights: 261.000000 3596.000000 1470.000000
Center Node: 63

District 17
Nodes: 4 31 55 67 79 119 134 194 218 259 326 416 533 627 664 685 695 774 778 820 873 912
Compactness: 1636.390197
Weights: 256.000000 4395.000000 1172.000000
Center Node: 134

District 18
Nodes: 2 42 46 48 68 75 145 250 267 287 458 651 671 696 731 804 862 934 959 990
Compactness: 1097.430437
Weights: 224.000000 4498.000000 1188.000000
Center Node: 651

District 19
Nodes: 47 129 191 238 241 242 258 289 511 542 567 605 690 692 759 760 761 798 875 897 938
Compactness: 1122.951351
Weights: 260.000000 4447.000000 1150.000000
Center Node: 238

District 20
Nodes: 24 88 120 161 225 290 338 433 434 462 464 502 526 529 596 601 762 763 837 851 894
Compactness: 1444.069950
Weights: 265.000000 4023.000000 1158.000000
Center Node: 526

District 21
Nodes: 10 104 308 347 352 419 469 487 532 583 597 645 658 716 721 765 777 821 951 958 999
Compactness: 1193.020008
Weights: 222.000000 4423.000000 1180.000000
Center Node: 765

District 22
Nodes: 1 30 40 73 157 212 224 247 251 359 361 461 499 584 720 795 874
Compactness: 893.019706
Weights: 222.000000 2669.000000 898.000000
Center Node: 499

District 23
Nodes: 45 54 108 183 203 273 299 448 475 540 657 704 711 717 805 819 891 905 918 921 928
Compactness: 1887.976349
Weights: 234.000000 4054.000000 1459.000000
Center Node: 819

District 24
Nodes: 16 26 49 80 173 330 354 426 444 484 543 551 675 727 745 766 768 800 849 880 923
Compactness: 1743.301701
Weights: 262.000000 4031.000000 1073.000000
Center Node: 880

District 25
Nodes: 23 101 172 189 202 343 380 481 497 534 562 581 617 719 758 844 876 886 888
Compactness: 1201.962146
Weights: 232.000000 4475.000000 1171.000000
Center Node: 758

District 26
Nodes: 6 44 53 96 97 107 121 138 253 271 305 364 494 496 636 639 868 884 965 996
Compactness: 1103.949100
Weights: 259.000000 4340.000000 1223.000000
Center Node: 253

District 27
Nodes: 0 51 84 113 140 181 214 230 254 397 471 609 644 656 742 812 835 889 910 981 988
Compactness: 1232.137470
Weights: 251.000000 4491.000000 1191.000000
Center Node: 812

District 28
Nodes: 178 234 256 373 401 438 509 514 530 554 570 577 635 756 770 883 929 943
Compactness: 1030.792398
Weights: 266.000000 4412.000000 1054.000000
Center Node: 509

District 29
Nodes: 77 233 270 383 389 393 430 453 508 549 559 587 590 611 674 702 734 749 809 818 896
Compactness: 905.156526
Weights: 257.000000 4490.000000 1254.000000
Center Node: 393

District 30
Nodes: 3 12 62 92 200 206 227 237 274 295 366 371 381 460 470 586 638 751 752 859 957
Compactness: 1449.309039
Weights: 249.000000 4428.000000 1096.000000
Center Node: 274

District 31
Nodes: 19 72 139 159 165 169 213 223 327 334 420 623 624 630 678 753 808 909 964 968
Compactness: 1253.295657
Weights: 229.000000 4520.000000 1193.000000
Center Node: 624

District 32
Nodes: 37 56 127 144 296 313 332 339 412 503 545 600 669 705 724 784 840 913 939 971
Compactness: 1423.196168
Weights: 254.000000 5051.000000 1135.000000
Center Node: 705

District 33
Nodes: 71 83 91 123 185 187 229 261 335 360 375 379 386 491 575 801 843 900 907 945
Compactness: 1093.138586
Weights: 249.000000 4465.000000 1160.000000
Center Node: 843

District 34
Nodes: 21 387 398 637 660 699 728 781 794 994
Compactness: 542.925129
Weights: 130.000000 2262.000000 503.000000
Center Node: 398

District 35
Nodes: 114 117 184 226 280 443 524 574 579 615 718 736 738 741 775 789 799 834 925 933 941
Compactness: 1270.828387
Weights: 278.000000 4416.000000 1106.000000
Center Node: 925

District 36
Nodes: 29 39 100 152 163 175 186 208 272 279 384 440 459 489 527 548 634 673 688 701 901 930
Compactness: 1321.141541
Weights: 282.000000 4326.000000 1173.000000
Center Node: 175

District 37
Nodes: 7 57 59 69 126 269 342 404 432 578 607 672 706 780 806 866 899 916 955 975 983
Compactness: 1283.411985
Weights: 222.000000 4111.000000 1130.000000
Center Node: 404

District 38
Nodes: 118 150 164 170 188 278 307 320 376 395 421 449 539 552 613 646 722 746 771 773 803 944 961
Compactness: 1174.676579
Weights: 274.000000 4310.000000 1225.000000
Center Node: 771

District 39
Nodes: 87 102 147 153 193 211 286 331 415 474 507 569 640 676 710 747 847 858 885
Compactness: 1409.712480
Weights: 226.000000 4472.000000 1095.000000
Center Node: 211

District 40
Nodes: 15 78 93 179 221 319 321 414 485 531 544 566 576 616 796 904 908 966 973 987
Compactness: 927.950552
Weights: 229.000000 4446.000000 952.000000
Center Node: 414

District 41
Nodes: 5 27 76 112 160 166 220 248 275 337 435 478 495 573 602 622 707 782 867 878 887 947
Compactness: 2213.644730
Weights: 283.000000 4249.000000 1103.000000
Center Node: 248

District 42
Nodes: 216 222 239 318 346 377 399 427 490 493 516 564 582 585 593 595 631 730 824 963
Compactness: 1697.029937
Weights: 225.000000 4461.000000 1220.000000
Center Node: 346

District 43
Nodes: 124 142 177 199 207 390 504 563 568 618 643 666 687 748 791 839 952 967 969 995
Compactness: 1246.591473
Weights: 239.000000 4467.000000 1079.000000
Center Node: 124

District 44
Nodes: 60 86 110 260 266 333 367 378 385 425 437 439 441 683 713 714 802 817 864 902 937
Compactness: 1430.516026
Weights: 261.000000 4259.000000 1144.000000
Center Node: 864

District 45
Nodes: 25 162 197 323 356 382 409 431 463 477 480 500 521 619 632 642 733 810 831 917 962
Compactness: 1142.301418
Weights: 241.000000 4470.000000 1140.000000
Center Node: 500

District 46
Nodes: 122 264 294 467 476 580 589 662 815 836
Compactness: 430.172752
Weights: 114.000000 1883.000000 589.000000
Center Node: 122

District 47
Nodes: 17 38 64 81 167 190 196 263 265 357 365 392 456 466 488 525 792 825 838 906 970 982
Compactness: 2353.693809
Weights: 217.000000 4372.000000 1163.000000
Center Node: 17

District 48
Nodes: 61 133 243 255 310 349 369 447 452 486 538 557 560 599 603 626 661 684 698 744 787 871 936
Compactness: 1484.324907
Weights: 288.000000 4723.000000 1040.000000
Center Node: 661

District 49
Nodes: 94 146 174 209 219 262 268 284 315 405 422 424 555 606 681 697 754 785 807 853
Compactness: 973.191916
Weights: 286.000000 4112.000000 1162.000000
Center Node: 209

District 50
Nodes: 34 43 50 136 158 232 322 348 428 436 465 561 608 648 668 715 776 828 830 922 946
Compactness: 1578.297329
Weights: 250.000000 4411.000000 1162.000000
Center Node: 232
