BalanceViolation 2505.725000
AffinityLoss 0.000000
Compactness 44628.688342

District 1
Nodes: 2 20 67 78 127 135 164 176 234 263 301 327 372 385 413 415 440 473
Compactness: 1253.316114
Weights: 215.000000 3671.000000 1012.000000
Center Node: 2

District 2
Nodes: 0 6 26 42 54 59 79 124 129 147 165 189 271 315 321 330 349 371 379 419 444 463 484 485
Compactness: 2204.960878
Weights: 305.000000 4895.000000 1439.000000
Center Node: 6

District 3
Nodes: 18 24 49 80 103 160 172 186 199 215 218 224 240 312 319 324 370 373 376 395 414 434 436 475 487
Compactness: 2922.997647
Weights: 302.000000 5333.000000 1397.000000
Center Node: 319

District 4
Nodes: 16 25 51 52 82 87 100 122 130 132 133 187 225 255 259 282 283 287 302 359 383 387 402 428 449 457
Compactness: 1891.792313
Weights: 343.000000 5250.000000 1259.000000
Center Node: 51

District 5
Nodes: 12 29 62 65 86 110 140 173 216 229 250 266 278 296 318 323 350 356 361 368 396 401 410 423 447
Compactness: 2130.629071
Weights: 326.000000 5204.000000 1376.000000
Center Node: 447

District 6
Nodes: 5 40 75 77 84 88 114 155 195 220 265 276 297 300 311 326 331 339 343 369 390 417 427 466 491 493
Compactness: 2109.407825
Weights: 311.000000 5334.000000 1528.000000
Center Node: 390

District 7
Nodes: 17 46 95 104 128 131 180 211 242 262 267 274 299 303 344 354 355 358 375 392 478 495
Compactness: 1836.329993
Weights: 276.000000 4875.000000 1336.000000
Center Node: 392

District 8
Nodes: 21 105 146 158 167 184 185 207 230 231 252 254 272 273 304 305 353 405 426 439 450 455 481 492
Compactness: 2406.276632
Weights: 297.000000 5101.000000 1563.000000
Center Node: 167

District 9
Nodes: 13 36 61 98 108 153 166 174 204 222 233 241 243 244 281 284 286 290 363 400 406 422 448 480
Compactness: 1999.913409
Weights: 284.000000 5315.000000 1348.000000
Center Node: 290

District 10
Nodes: 9 10 58 102 171 175 190 213 221 251 253 275 277 294 310 328 340 345 362 366 394 403 411 441 470 489
Compactness: 2803.377697
Weights: 314.000000 5358.000000 1754.000000
Center Node: 366

District 11
Nodes: 19 27 56 90 94 117 151 191 197 236 237 249 264 291 320 322 325 364 386 429 442 451 461 468 469
Compactness: 2097.193849
Weights: 298.000000 5269.000000 1359.000000
Center Node: 237

District 12
Nodes: 31 48 60 66 74 107 112 125 139 141 152 170 179 182 212 268 316 329 334 346 377 416 443 446 454 460 464 467 471 477
Compactness: 2471.969646
Weights: 317.000000 5215.000000 1452.000000
Center Node: 443

District 13
Nodes: 7 11 34 38 43 45 63 118 145 154 159 203 209 228 248 258 269 295 335 378 389 399 420 452 483
Compactness: 2298.457676
Weights: 324.000000 5345.000000 1451.000000
Center Node: 38

District 14
Nodes: 22 28 44 97 99 109 111 126 144 148 157 223 235 314 348 365 374 382 384 391 397 437 462 498
Compactness: 1975.889609
Weights: 278.000000 5332.000000 1428.000000
Center Node: 374

District 15
Nodes: 3 8 14 23 41 50 55 73 89 113 161 162 163 239 257 261 285 289 292 317 380 445 496 497
Compactness: 2422.473301
Weights: 323.000000 5110.000000 1517.000000
Center Node: 496

District 16
Nodes: 1 4 32 35 37 53 106 150 198 205 214 280 332 337 351 360 393 404 407 421 425 431 433 435 459 476 486
Compactness: 2314.516792
Weights: 287.000000 5011.000000 1508.000000
Center Node: 393

District 17
Nodes: 33 57 64 68 81 96 123 142 192 193 210 245 246 307 333 342 357 398 408 432 438 465 490 499
Compactness: 1994.311675
Weights: 304.000000 5007.000000 1492.000000
Center Node: 64

District 18
Nodes: 47 69 70 76 83 85 93 116 143 149 156 168 169 219 238 247 256 260 279 293 313 352 367 412 418 456 472 474 479 482 488
Compactness: 3028.449411
Weights: 368.000000 4950.000000 1697.000000
Center Node: 456

District 19
Nodes: 39 71 72 91 92 115 119 120 136 138 178 183 194 201 227 232 270 306 309 336 338 341 381 388 409 430 453 458
Compactness: 2394.854099
Weights: 351.000000 4951.000000 1547.000000
Center Node: 338

District 20
Nodes: 15 30 101 121 134 137 177 181 188 196 200 202 206 208 217 226 288 298 308 347 424 494
Compactness: 2071.570707
Weights: 250.000000 5055.000000 1504.000000
Center Node: 494
