BalanceViolation 6159.120000
AffinityLoss 0.000000
Compactness 32334.336605

District 1
Nodes: 18 89 266 327 344 351 359 406 425 496
Compactness: 581.590860
Weights: 111.000000 2263.000000 545.000000
Center Node: 266

District 2
Nodes: 19 73 114 125 126 241 249 306 428 473
Compactness: 1204.955321
Weights: 108.000000 2031.000000 550.000000
Center Node: 19

District 3
Nodes: 4 50 146 296 330 337 362 372 383 465 478 495
Compactness: 771.585437
Weights: 124.000000 1665.000000 795.000000
Center Node: 362

District 4
Nodes: 80 91 151 172 176 224 229 300 405 457 499
Compactness: 1311.778456
Weights: 156.000000 1942.000000 595.000000
Center Node: 457

District 5
Nodes: 41 59 159 208 220 223 283 459
Compactness: 551.438124
Weights: 98.000000 2302.000000 350.000000
Center Node: 223

District 6
Nodes: 9 23 31 38 47 52 204 260 261 315 379 463
Compactness: 887.549962
Weights: 137.000000 2052.000000 839.000000
Center Node: 9

District 7
Nodes: 10 20 96 115 165 209 276 288 352 424
Compactness: 1103.905668
Weights: 142.000000 2183.000000 581.000000
Center Node: 165

District 8
Nodes: 161 212 221 243 317 391 433 455 474 497
Compactness: 814.964303
Weights: 112.000000 1699.000000 543.000000
Center Node: 317

District 9
Nodes: 0 16 25 97 109 117 173 254 492
Compactness: 599.877360
Weights: 126.000000 2012.000000 650.000000
Center Node: 97

District 10
Nodes: 24 29 49 56 82 155 210 363 412 485
Compactness: 472.239406
Weights: 120.000000 2416.000000 586.000000
Center Node: 210

District 11
Nodes: 69 128 132 149 201 345 355 413 434
Compactness: 479.554163
Weights: 96.000000 2121.000000 665.000000
Center Node: 149

District 12
Nodes: 32 58 75 287 299 393 431 441 447 466
Compactness: 594.320313
Weights: 116.000000 2390.000000 558.000000
Center Node: 441

District 13
Nodes: 68 100 162 182 279 398 454 458 470 498
Compactness: 730.082587
Weights: 126.000000 2051.000000 619.000000
Center Node: 454

District 14
Nodes: 152 166 174 245 273 274 295 303 307 435 448
Compactness: 663.095530
Weights: 123.000000 2327.000000 549.000000
Center Node: 307

District 15
Nodes: 45 51 83 87 144 184 252 404 494
Compactness: 422.375445
Weights: 73.000000 2211.000000 605.000000
Center Node: 83

District 16
Nodes: 2 46 53 85 164 189 242 333 377 381 408
Compactness: 434.157534
Weights: 129.000000 2087.000000 577.000000
Center Node: 2

District 17
Nodes: 26 116 179 231 240 246 285 396
Compactness: 287.688966
Weights: 90.000000 1794.000000 516.000000
Center Node: 231

District 18
Nodes: 122 135 187 194 215 272 311 360 467 479
Compactness: 624.256932
Weights: 118.000000 2119.000000 690.000000
Center Node: 135

District 19
Nodes: 57 70 168 188 265 271 313 350 358 397
Compactness: 508.816387
Weights: 126.000000 2165.000000 614.000000
Center Node: 313

District 20
Nodes: 7 163 199 211 233 258 301 338 365 446 450
Compactness: 1260.681612
Weights: 141.000000 2316.000000 574.000000
Center Node: 338

District 21
Nodes: 131 147 148 196 205 222 227 320 368
Compactness: 396.480314
Weights: 134.000000 2070.000000 490.000000
Center Node: 320

District 22
Nodes: 28 120 154 269 270 289 302 323 387 452
Compactness: 637.819364
Weights: 135.000000 2254.000000 504.000000
Center Node: 270

District 23
Nodes: 36 72 153 181 183 348 378 423 439
Compactness: 484.970720
Weights: 123.000000 2137.000000 718.000000
Center Node: 439

District 24
Nodes: 67 76 111 119 150 158 235 237 297 319 385
Compactness: 799.230004
Weights: 163.000000 2147.000000 644.000000
Center Node: 158

District 25
Nodes: 37 94 140 171 281 294 382 392 468 475 487
Compactness: 671.515902
Weights: 125.000000 2235.000000 633.000000
Center Node: 475

District 26
Nodes: 141 226 230 304 321 322 340 354 369 460 481
Compactness: 685.055295
Weights: 106.000000 2224.000000 556.000000
Center Node: 322

District 27
Nodes: 8 108 195 198 282 309 341 430 461 476 488 493
Compactness: 768.100255
Weights: 157.000000 2212.000000 658.000000
Center Node: 430

District 28
Nodes: 127 133 143 192 244 277 429 442 483
Compactness: 425.577305
Weights: 121.000000 2230.000000 504.000000
Center Node: 127

District 29
Nodes: 55 64 124 145 346 388 426 438 472 484
Compactness: 510.083505
Weights: 145.000000 2103.000000 499.000000
Center Node: 472

District 30
Nodes: 27 78 84 101 142 202 316 353 364 432
Compactness: 616.929229
Weights: 106.000000 2193.000000 585.000000
Center Node: 316

District 31
Nodes: 12 43 60 90 123 200 228 239 386 419
Compactness: 477.750457
Weights: 127.000000 1626.000000 575.000000
Center Node: 123

District 32
Nodes: 54 62 99 191 263 343 399 401 418
Compactness: 828.401100
Weights: 77.000000 2056.000000 597.000000
Center Node: 62

District 33
Nodes: 65 79 102 112 175 177 197 293 374
Compactness: 399.997758
Weights: 107.000000 1952.000000 444.000000
Center Node: 112

District 34
Nodes: 71 93 95 103 332 373 375 389 390 394 427
Compactness: 650.823419
Weights: 146.000000 1992.000000 592.000000
Center Node: 389

District 35
Nodes: 17 107 110 137 214 217 286 325 482
Compactness: 538.179656
Weights: 116.000000 2186.000000 554.000000
Center Node: 17

District 36
Nodes: 15 61 81 139 275 328 414 436 491
Compactness: 473.676640
Weights: 111.000000 2326.000000 640.000000
Center Node: 436

District 37
Nodes: 39 225 234 257 278 292 326 395 421 453
Compactness: 438.646480
Weights: 132.000000 1979.000000 549.000000
Center Node: 326

District 38
Nodes: 5 130 190 247 268 291 329 367 371 380 480
Compactness: 727.035737
Weights: 121.000000 1972.000000 622.000000
Center Node: 371

District 39
Nodes: 42 77 207 213 251 255 335 409 415 440
Compactness: 578.610066
Weights: 118.000000 2071.000000 685.000000
Center Node: 409

District 40
Nodes: 98 157 185 206 259 324 347 356 357 407 422
Compactness: 808.279736
Weights: 140.000000 2530.000000 538.000000
Center Node: 98

District 41
Nodes: 121 262 264 280 443 456 464 477 489
Compactness: 382.396627
Weights: 139.000000 2028.000000 642.000000
Center Node: 264

District 42
Nodes: 3 11 34 113 180 232 267 298
Compactness: 349.351090
Weights: 94.000000 2321.000000 557.000000
Center Node: 267

District 43
Nodes: 35 88 105 118 136 238 248 331 366 449
Compactness: 626.403147
Weights: 137.000000 2280.000000 539.000000
Center Node: 248

District 44
Nodes: 30 48 63 160 308 370 400 451 469
Compactness: 375.381859
Weights: 125.000000 2224.000000 568.000000
Center Node: 400

District 45
Nodes: 1 106 138 216 218 250 253 305 376 445 471
Compactness: 593.970057
Weights: 94.000000 2440.000000 595.000000
Center Node: 106

District 46
Nodes: 6 22 44 66 169 186 193 236 314 334 384
Compactness: 696.731243
Weights: 124.000000 2067.000000 680.000000
Center Node: 314

District 47
Nodes: 21 92 104 284 312 336 339 342 402 411 444
Compactness: 640.651074
Weights: 165.000000 2317.000000 622.000000
Center Node: 312

District 48
Nodes: 14 86 156 167 178 203 219 310 403 410 420
Compactness: 1376.610765
Weights: 153.000000 1998.000000 590.000000
Center Node: 219

District 49
Nodes: 13 40 74 129 134 290 318 349 437 486
Compactness: 656.920142
Weights: 140.000000 2214.000000 538.000000
Center Node: 74

District 50
Nodes: 33 170 256 361 416 417 462 490
Compactness: 413.843292
Weights: 79.000000 1188.000000 595.000000
Center Node: 416
