BalanceViolation 518.080000
AffinityLoss 1746.000000
Compactness 114053.810077

District 1
Nodes: 1 5 6 24 28 40 55 74 84 117 134 147 156 191 195 227 249 318 354 406 407 437 438 480 490 502 530 592 600 652 654 668 674 710 722 760 771 779 881 884 928 954 962 963 980 987
Compactness: 4655.150699
Weights: 586.000000 10149.000000 2861.000000
Center Node: 24

District 2
Nodes: 33 86 120 142 149 155 157 168 188 214 215 233 238 279 288 299 315 350 395 408 444 452 473 488 506 509 541 556 568 591 629 650 656 660 681 707 708 747 794 818 871 890 896 919 924 940 950 951 957 976
Compactness: 6973.254307
Weights: 617.000000 10207.000000 2647.000000
Center Node: 591

District 3
Nodes: 16 31 43 58 69 99 102 114 143 187 207 229 276 294 297 314 337 345 349 371 436 441 483 505 527 531 537 566 573 606 613 614 630 635 688 704 705 719 738 745 750 812 819 834 877 914 958 975 999
Compactness: 6612.309340
Weights: 616.000000 11102.000000 2934.000000
Center Node: 43

District 4
Nodes: 41 70 76 78 101 104 124 204 216 218 242 291 296 327 329 331 366 374 400 415 426 469 491 496 562 581 611 638 642 648 701 706 709 713 729 739 742 754 763 770 776 777 831 835 847 863 873 882 931 945 952 993
Compactness: 4428.053975
Weights: 582.000000 10981.000000 3079.000000
Center Node: 642

District 5
Nodes: 15 45 79 87 103 122 129 137 139 160 167 181 197 231 240 262 263 321 322 333 351 367 396 416 446 457 484 499 523 524 557 579 584 621 633 669 673 751 758 772 809 839 849 905 912 932 933 935 948 953 969
Compactness: 4728.414315
Weights: 661.000000 10009.000000 3325.000000
Center Node: 367

District 6
Nodes: 52 75 130 148 161 183 192 225 256 257 270 278 293 295 305 355 359 360 422 454 466 468 510 532 540 564 575 577 583 608 617 665 721 737 769 774 796 802 830 844 872 876 899 903 910 942 961 977
Compactness: 3764.848436
Weights: 612.000000 10105.000000 2842.000000
Center Node: 577

District 7
Nodes: 7 30 53 64 68 88 113 135 182 190 251 269 289 303 335 357 379 387 393 427 439 459 470 489 497 515 517 528 550 554 637 644 647 655 694 718 725 727 731 761 791 816 820 833 841 842 852 889 891 908 971
Compactness: 8081.213868
Weights: 625.000000 10816.000000 2856.000000
Center Node: 731

District 8
Nodes: 3 14 42 61 89 98 107 230 250 356 381 388 404 412 418 428 429 453 481 511 543 545 572 586 662 663 684 687 693 698 700 748 753 775 778 784 804 823 824 850 886 897 923 930 955 960 990 992
Compactness: 4570.424300
Weights: 583.000000 11025.000000 2914.000000
Center Node: 61

District 9
Nodes: 57 66 73 85 136 152 162 169 176 184 198 209 213 265 298 300 332 336 362 380 382 383 409 423 425 430 445 458 472 477 486 487 492 520 542 546 565 615 626 636 667 680 689 730 829 888 909 915 917 939 941 967
Compactness: 7878.797451
Weights: 602.000000 10863.000000 3120.000000
Center Node: 626

District 10
Nodes: 12 25 26 34 48 71 77 92 119 127 177 185 208 282 313 334 361 376 392 433 451 460 479 494 513 525 529 641 646 672 696 697 714 768 783 788 795 845 856 867 887 925 956 959 973 985
Compactness: 4570.826687
Weights: 582.000000 10344.000000 3006.000000
Center Node: 361

District 11
Nodes: 60 72 91 105 106 133 164 175 196 210 212 220 236 252 258 268 281 309 311 348 462 482 485 504 507 512 516 547 570 580 602 603 605 685 686 703 746 759 826 840 895 906 972 981 998
Compactness: 5242.181058
Weights: 556.000000 10026.000000 3153.000000
Center Node: 212

District 12
Nodes: 20 38 62 63 65 100 110 125 132 166 186 224 272 307 317 326 353 363 372 378 394 397 401 410 411 413 424 431 476 518 533 539 552 574 585 590 594 609 634 666 670 692 724 726 811 837 838 857 865 870 885 927 997
Compactness: 6314.930985
Weights: 570.000000 10873.000000 3130.000000
Center Node: 166

District 13
Nodes: 9 35 80 140 178 189 203 237 259 264 266 267 286 287 290 343 358 365 391 417 420 456 464 544 553 567 588 622 631 643 653 678 702 715 720 728 741 757 780 785 799 825 843 854 861 913 918 921 938 974 982 996
Compactness: 6691.144725
Weights: 668.000000 10185.000000 3093.000000
Center Node: 544

District 14
Nodes: 0 22 32 37 44 49 56 81 97 109 128 138 200 228 244 253 261 301 302 306 308 310 346 375 389 398 403 421 443 447 475 500 501 559 598 616 624 734 744 752 766 798 827 878 883 898 907 911 920 944 988
Compactness: 5116.993867
Weights: 612.000000 10898.000000 2997.000000
Center Node: 421

District 15
Nodes: 11 13 27 47 59 67 82 95 115 144 154 172 199 221 273 283 328 330 342 347 368 399 419 435 463 495 522 582 589 610 627 639 649 657 671 691 711 756 808 822 832 836 858 862 926 937 964 968
Compactness: 3883.776001
Weights: 600.000000 10337.000000 2947.000000
Center Node: 13

District 16
Nodes: 4 17 18 36 39 96 108 116 123 126 193 201 243 280 284 304 316 319 320 339 340 352 414 432 434 449 498 514 521 536 569 595 607 618 619 623 682 690 695 733 743 782 786 797 810 821 828 864 874 875 879 894 902 904 936 947 994
Compactness: 7685.938639
Weights: 638.000000 10927.000000 3108.000000
Center Node: 280

District 17
Nodes: 8 10 90 153 159 174 219 223 232 241 246 255 260 275 324 344 369 370 373 385 390 440 467 471 508 526 551 596 597 601 625 632 659 664 675 699 723 732 740 767 805 846 853 880 943 978 979 983 984 986
Compactness: 6910.648380
Weights: 621.000000 10047.000000 3056.000000
Center Node: 983

District 18
Nodes: 2 21 23 51 54 83 94 112 118 141 151 163 165 170 205 211 217 292 450 455 474 478 493 535 548 549 558 560 599 651 676 677 679 712 717 755 790 793 803 806 807 848 851 868 869 893 965 966 989 991 995
Compactness: 4876.152759
Weights: 641.000000 10782.000000 2843.000000
Center Node: 676

District 19
Nodes: 19 46 50 93 145 146 158 171 173 179 180 202 222 226 239 248 271 274 325 341 384 386 405 465 503 519 534 555 563 571 578 587 593 612 620 658 716 736 749 762 764 765 789 792 801 813 892 929 934 946 949
Compactness: 4407.653375
Weights: 636.000000 10960.000000 2877.000000
Center Node: 736

District 20
Nodes: 29 111 121 131 150 194 206 234 235 245 247 254 277 285 312 323 338 364 377 402 442 448 461 538 561 576 604 628 640 645 661 683 735 773 781 787 800 814 815 817 855 859 860 866 900 901 916 922 970
Compactness: 6661.096910
Weights: 598.000000 10407.000000 2896.000000
Center Node: 206
