BalanceViolation 245.492500
AffinityLoss 3526.000000
Compactness 196269.077097

District 1
Nodes: 35 40 41 49 61 72 88 106 137 150 167 176 196 210 220 231 246 271 297 298 307 352 358 371 409 415 418 421 488 497 502 519 573 589 591 604 638 639 642 664 675 682 694 713 738 751 757 774 779 812 935 953 1039 1065 1095 1115 1136 1162 1163 1176 1207 1237 1276 1303 1309 1377 1380 1393 1430 1456 1463 1469 1475 1481 1490 1511 1601 1622 1723 1725 1729 1749 1769 1793 1794 1816 1861 1875 1906 1918 1920 1923 1956 1970 1983 1986 1997
Compactness: 8442.092987
Weights: 1199.000000 22306.000000 5459.000000
Center Node: 1039

District 2
Nodes: 57 87 132 177 185 225 293 310 318 369 392 412 462 490 498 515 518 524 583 592 612 613 614 619 653 685 700 702 759 767 784 823 856 878 896 897 923 971 1044 1081 1090 1139 1160 1174 1183 1227 1255 1257 1271 1274 1284 1317 1344 1368 1381 1383 1388 1399 1417 1422 1432 1434 1450 1468 1554 1571 1572 1577 1578 1581 1618 1619 1629 1647 1676 1680 1718 1755 1756 1799 1814 1847 1856 1881 1885 1901 1904 1934 1938 1959 1972 1980 1998
Compactness: 9637.081305
Weights: 1172.000000 21182.000000 5449.000000
Center Node: 490

District 3
Nodes: 4 7 30 36 62 74 82 121 184 188 206 207 232 238 252 286 304 345 346 386 394 448 465 468 521 531 537 570 580 643 655 662 697 698 720 721 746 786 801 829 841 888 975 985 996 1010 1015 1021 1023 1025 1051 1056 1084 1126 1127 1193 1219 1241 1268 1286 1316 1323 1333 1350 1359 1396 1410 1428 1439 1457 1460 1496 1513 1529 1542 1550 1567 1590 1604 1623 1625 1631 1664 1683 1688 1695 1706 1726 1736 1742 1757 1762 1767 1785 1804 1811 1820 1842 1851 1852 1892 1903 1905 1978 1985 1988
Compactness: 9735.284241
Weights: 1231.000000 22252.000000 5927.000000
Center Node: 74

District 4
Nodes: 13 14 123 139 144 153 194 221 241 254 260 261 300 305 311 323 335 343 403 453 460 464 484 499 509 512 513 526 530 539 549 571 590 601 636 689 706 707 714 716 718 727 734 752 754 799 806 831 848 860 884 908 924 925 956 991 1074 1106 1121 1135 1151 1188 1198 1220 1221 1293 1330 1331 1339 1386 1421 1423 1435 1445 1471 1506 1522 1530 1534 1561 1574 1610 1662 1668 1715 1760 1761 1797 1830 1865 1873 1900 1930 1931 1943 1945
Compactness: 8356.492711
Weights: 1133.000000 20937.000000 5400.000000
Center Node: 689

District 5
Nodes: 44 51 69 71 85 105 119 124 138 152 154 165 208 228 236 237 249 258 277 316 317 334 365 395 416 428 441 454 456 466 520 545 579 581 586 603 658 668 673 711 740 789 794 808 809 814 815 822 830 865 929 983 1001 1006 1018 1032 1112 1150 1159 1175 1204 1212 1230 1239 1298 1305 1306 1341 1351 1357 1372 1385 1391 1418 1437 1441 1447 1454 1480 1482 1485 1533 1536 1568 1569 1588 1606 1608 1634 1689 1691 1704 1711 1714 1728 1734 1771 1780 1787 1813 1832 1836 1868 1869 1932 1936 1947 1963 1977
Compactness: 15845.612272
Weights: 1195.000000 22348.000000 5849.000000
Center Node: 1963

District 6
Nodes: 2 67 86 96 125 146 155 160 173 187 243 270 291 302 315 354 382 430 444 457 483 516 522 529 547 548 575 582 641 649 690 753 798 850 859 869 872 892 928 934 938 963 1019 1024 1035 1041 1045 1069 1099 1108 1153 1154 1157 1165 1171 1185 1203 1205 1234 1251 1262 1269 1280 1300 1328 1365 1375 1378 1414 1424 1452 1467 1478 1498 1556 1573 1594 1627 1632 1633 1642 1644 1646 1700 1707 1710 1733 1765 1782 1823 1849 1857 1866 1899 1922 1946 1962 1975
Compactness: 8749.687035
Weights: 1135.000000 21530.000000 6116.000000
Center Node: 892

District 7
Nodes: 23 47 64 110 111 128 205 209 269 276 281 294 295 309 313 330 331 337 391 413 426 450 505 558 568 602 605 624 670 684 695 703 704 724 729 742 747 750 764 765 766 770 772 793 795 797 854 867 886 889 922 930 966 987 1005 1029 1047 1053 1059 1067 1077 1083 1091 1125 1130 1145 1178 1184 1189 1200 1216 1217 1263 1267 1302 1315 1382 1387 1398 1401 1431 1484 1495 1500 1520 1553 1560 1587 1602 1639 1663 1665 1727 1777 1798 1826 1835 1839 1844 1888 1908 1954 1976 1999
Compactness: 10317.452848
Weights: 1170.000000 22027.000000 5937.000000
Center Node: 309

District 8
Nodes: 8 12 39 45 53 59 91 104 159 170 179 192 195 248 301 355 372 383 390 393 438 467 473 495 517 540 543 565 574 598 620 622 717 776 819 820 852 887 890 895 911 913 942 972 990 1026 1030 1036 1040 1088 1096 1129 1158 1161 1210 1247 1260 1270 1290 1314 1332 1335 1343 1356 1440 1442 1443 1449 1462 1492 1499 1519 1541 1551 1580 1583 1585 1593 1598 1599 1614 1628 1637 1638 1641 1651 1673 1685 1692 1696 1697 1720 1731 1738 1746 1748 1818 1845 1871 1878 1913 1916 1942 1944 1968
Compactness: 10646.185600
Weights: 1252.000000 21073.000000 6008.000000
Center Node: 1030

District 9
Nodes: 0 11 52 65 102 133 148 161 178 181 217 224 239 251 273 285 288 296 308 314 321 338 350 359 361 414 422 427 472 496 514 536 584 600 610 633 647 652 659 677 688 692 769 790 792 817 826 828 836 866 937 948 980 981 986 1027 1037 1071 1089 1142 1225 1236 1253 1288 1310 1338 1340 1348 1354 1394 1425 1429 1446 1455 1464 1476 1491 1494 1548 1552 1562 1564 1615 1636 1640 1650 1655 1686 1779 1784 1789 1843 1867 1870 1895 1896 1910 1919 1921 1955
Compactness: 9044.703752
Weights: 1261.000000 20237.000000 5711.000000
Center Node: 1919

District 10
Nodes: 3 24 48 66 92 99 134 164 190 200 215 233 234 235 242 262 263 373 433 435 442 523 699 761 762 780 785 807 818 838 843 844 857 882 893 898 907 917 918 969 970 976 984 1011 1014 1016 1033 1076 1098 1100 1119 1140 1147 1149 1167 1179 1186 1197 1199 1256 1277 1296 1297 1299 1304 1308 1337 1360 1405 1406 1433 1438 1483 1517 1528 1539 1566 1576 1591 1597 1624 1658 1677 1678 1681 1722 1743 1766 1808 1812 1834 1874 1898 1902 1937 1974 1979 1991
Compactness: 8536.746465
Weights: 1143.000000 20423.000000 5841.000000
Center Node: 235

District 11
Nodes: 6 15 46 58 81 90 98 126 149 151 172 189 199 223 229 245 268 292 303 351 356 406 407 419 434 445 469 481 511 525 538 564 607 609 645 663 672 712 719 728 733 739 810 825 840 847 864 870 881 900 944 945 946 958 978 979 1002 1031 1087 1101 1122 1148 1168 1190 1194 1202 1287 1295 1307 1313 1329 1358 1363 1371 1409 1466 1487 1503 1525 1557 1565 1616 1654 1675 1684 1709 1740 1774 1860 1863 1879 1884 1891 1941 1969 1987
Compactness: 9076.997219
Weights: 1116.000000 20727.000000 5400.000000
Center Node: 1466

District 12
Nodes: 1 17 21 38 79 107 127 169 212 255 259 267 272 360 364 375 380 385 388 440 451 455 470 475 478 480 486 492 559 577 594 596 606 611 627 646 656 715 741 748 755 771 778 835 853 877 909 936 950 960 961 1000 1004 1007 1009 1054 1063 1068 1082 1092 1109 1118 1120 1124 1138 1182 1208 1232 1238 1243 1275 1278 1364 1400 1413 1426 1465 1470 1505 1509 1512 1516 1584 1592 1603 1605 1659 1674 1759 1772 1809 1821 1841 1848 1850 1854 1859 1876 1889 1965 1966 1981
Compactness: 8791.383281
Weights: 1250.000000 22289.000000 5864.000000
Center Node: 1007

District 13
Nodes: 100 101 103 117 143 157 163 193 213 214 216 218 247 257 266 299 320 339 347 349 357 387 389 429 436 446 501 503 528 541 566 567 597 616 628 648 666 731 745 756 768 775 783 816 821 833 845 846 862 885 891 906 915 931 941 947 968 1013 1064 1105 1107 1117 1134 1172 1173 1181 1187 1224 1249 1252 1326 1334 1345 1373 1390 1404 1408 1412 1420 1436 1497 1501 1504 1515 1558 1645 1649 1667 1705 1708 1716 1721 1735 1745 1763 1764 1778 1880 1882 1883 1887 1915 1950
Compactness: 9821.259643
Weights: 1226.000000 22327.000000 5693.000000
Center Node: 1173

District 14
Nodes: 5 26 31 68 70 76 93 94 116 122 130 131 142 156 175 183 198 211 227 230 253 264 279 287 289 290 328 333 342 425 437 461 471 489 508 510 527 546 556 562 593 608 618 650 669 676 679 686 693 705 709 710 722 725 730 743 832 849 861 873 875 903 910 1022 1049 1070 1093 1097 1111 1123 1132 1137 1242 1244 1311 1320 1355 1474 1479 1489 1514 1563 1607 1630 1635 1652 1666 1702 1712 1724 1770 1775 1805 1829 1894 1897 1926 1935 1948 1994 1996
Compactness: 8924.558450
Weights: 1252.000000 21115.000000 5733.000000
Center Node: 1805

District 15
Nodes: 20 34 37 43 113 114 118 180 186 201 202 203 222 226 244 283 329 348 362 396 399 479 491 507 533 544 557 560 623 635 660 667 674 678 723 760 796 802 804 839 876 964 973 1008 1066 1085 1094 1114 1143 1191 1215 1226 1246 1248 1259 1281 1289 1362 1370 1397 1427 1448 1459 1486 1524 1526 1531 1547 1549 1579 1611 1653 1656 1657 1660 1699 1701 1717 1747 1768 1788 1796 1819 1828 1837 1890 1893 1912 1914 1939 1951 1957 1960 1993
Compactness: 9629.282464
Weights: 1169.000000 20937.000000 5464.000000
Center Node: 1660

District 16
Nodes: 19 42 54 55 77 80 84 109 120 147 158 166 219 250 265 280 322 325 404 410 424 432 449 452 459 532 534 542 550 576 585 617 630 631 671 680 681 736 763 781 788 791 805 871 874 894 901 916 927 932 933 940 943 957 965 982 992 993 1038 1052 1080 1113 1152 1164 1192 1213 1264 1292 1294 1301 1318 1324 1346 1367 1389 1403 1461 1477 1527 1532 1540 1543 1544 1596 1617 1643 1661 1671 1752 1773 1776 1786 1795 1800 1817 1825 1846 1864 1909 1929 1933 1940 1952 1961 1967 1990
Compactness: 9893.241715
Weights: 1207.000000 22304.000000 5589.000000
Center Node: 147

District 17
Nodes: 9 16 18 22 25 60 63 78 108 129 135 136 140 204 240 275 312 327 332 341 353 370 376 397 401 431 477 504 552 554 572 621 625 629 632 651 654 657 665 701 708 744 749 773 787 813 851 880 883 919 920 939 962 994 999 1017 1020 1043 1058 1061 1072 1073 1075 1144 1156 1169 1170 1196 1222 1223 1231 1279 1291 1352 1395 1416 1451 1453 1507 1535 1546 1586 1589 1600 1626 1672 1690 1694 1737 1758 1781 1791 1803 1810 1824 1831 1872 1877 1886 1917 1971
Compactness: 9306.159807
Weights: 1252.000000 20278.000000 5872.000000
Center Node: 1600

District 18
Nodes: 10 28 56 75 112 115 171 191 274 363 367 402 405 411 417 420 447 458 463 485 535 551 553 555 561 587 599 626 634 637 640 644 735 737 777 842 855 879 899 905 926 959 998 1034 1042 1055 1060 1062 1102 1103 1133 1155 1166 1177 1211 1214 1229 1240 1250 1265 1273 1282 1322 1336 1379 1384 1472 1521 1537 1538 1545 1555 1575 1582 1595 1609 1620 1648 1679 1682 1703 1713 1739 1744 1750 1753 1754 1802 1807 1827 1833 1858 1928 1973
Compactness: 10130.517404
Weights: 1161.000000 20843.000000 5711.000000
Center Node: 363

District 19
Nodes: 29 33 73 83 89 95 97 182 256 306 319 344 366 368 374 379 384 398 408 423 474 476 506 588 595 661 683 687 691 758 803 811 824 827 834 868 902 912 952 954 955 977 988 995 997 1028 1048 1050 1110 1116 1128 1131 1141 1180 1209 1228 1258 1285 1319 1321 1325 1327 1342 1347 1349 1353 1366 1369 1374 1376 1411 1444 1458 1488 1502 1508 1523 1570 1612 1613 1621 1670 1687 1698 1730 1783 1790 1792 1806 1838 1840 1853 1855 1907 1911 1924 1927 1953 1964 1984 1989 1995
Compactness: 10289.359707
Weights: 1222.000000 20205.000000 5661.000000
Center Node: 1570

District 20
Nodes: 27 32 50 141 145 162 168 174 197 278 282 284 324 326 336 340 377 378 381 400 439 443 482 487 493 494 500 563 569 578 615 696 726 732 782 800 837 858 863 904 914 921 949 951 967 974 989 1003 1012 1046 1057 1078 1079 1086 1104 1146 1195 1201 1206 1218 1233 1235 1245 1254 1261 1266 1272 1283 1312 1361 1392 1402 1407 1415 1419 1473 1493 1510 1518 1559 1669 1693 1719 1732 1741 1751 1801 1815 1822 1862 1925 1949 1958 1982 1992
Compactness: 11094.978190
Weights: 1140.000000 20725.000000 5861.000000
Center Node: 1261
