BalanceViolation 5897.732000
AffinityLoss 961.000000
Compactness 30540.555199

District 1
Nodes: 18 107 214 266 327 344 351 359 406 496
Compactness: 534.117719
Weights: 120.000000 2452.000000 574.000000
Center Node: 266

District 2
Nodes: 19 73 114 125 240 249 306 428
Compactness: 744.564563
Weights: 85.000000 1806.000000 408.000000
Center Node: 428

District 3
Nodes: 4 50 57 146 271 296 330 337 358 362 372 478 495
Compactness: 759.316086
Weights: 148.000000 2050.000000 867.000000
Center Node: 362

District 4
Nodes: 78 101 151 176 202 229 300 364 405 457
Compactness: 634.219405
Weights: 126.000000 2112.000000 612.000000
Center Node: 101

District 5
Nodes: 40 41 59 159 208 220 223 283 459
Compactness: 605.474548
Weights: 103.000000 2324.000000 374.000000
Center Node: 223

District 6
Nodes: 52 207 251 255 261 335 379 409 415 440
Compactness: 607.259076
Weights: 99.000000 1518.000000 626.000000
Center Node: 207

District 7
Nodes: 6 22 44 69 165 193 236 280 334 477 493
Compactness: 910.763871
Weights: 128.000000 1964.000000 628.000000
Center Node: 22

District 8
Nodes: 7 161 211 233 243 301 317 338 391 446 450 455 474
Compactness: 1520.946469
Weights: 171.000000 2024.000000 630.000000
Center Node: 243

District 9
Nodes: 0 25 51 80 91 117 173 224 252 404 492
Compactness: 775.305003
Weights: 128.000000 2278.000000 612.000000
Center Node: 173

District 10
Nodes: 24 56 82 155 210 269 363 387 412 485
Compactness: 446.950051
Weights: 127.000000 2272.000000 559.000000
Center Node: 210

District 11
Nodes: 42 99 128 149 191 201 343 427 434
Compactness: 291.590495
Weights: 101.000000 2135.000000 605.000000
Center Node: 343

District 12
Nodes: 58 75 140 287 299 393 431 441 466
Compactness: 511.961342
Weights: 98.000000 2249.000000 543.000000
Center Node: 58

District 13
Nodes: 60 90 123 162 181 182 200 290 346 374 498
Compactness: 819.940030
Weights: 154.000000 2183.000000 591.000000
Center Node: 182

District 14
Nodes: 152 166 174 245 273 274 295 303 307 435 448
Compactness: 663.095530
Weights: 123.000000 2327.000000 549.000000
Center Node: 307

District 15
Nodes: 16 83 87 119 144 184 235 353 432 494
Compactness: 410.188774
Weights: 103.000000 2334.000000 608.000000
Center Node: 494

District 16
Nodes: 2 46 53 85 189 333 381 383 408 465
Compactness: 380.905999
Weights: 107.000000 2336.000000 552.000000
Center Node: 408

District 17
Nodes: 26 116 179 231 241 246 285 396
Compactness: 262.240184
Weights: 89.000000 1683.000000 531.000000
Center Node: 231

District 18
Nodes: 122 135 187 194 203 215 311 360 467 479
Compactness: 497.751715
Weights: 118.000000 2288.000000 696.000000
Center Node: 135

District 19
Nodes: 10 70 96 115 168 188 265 291 313 397
Compactness: 401.440414
Weights: 143.000000 1996.000000 598.000000
Center Node: 397

District 20
Nodes: 89 163 199 226 230 258 322 336 365 411
Compactness: 1009.572665
Weights: 116.000000 2265.000000 509.000000
Center Node: 199

District 21
Nodes: 131 147 148 172 205 222 227 320 368 499
Compactness: 527.071363
Weights: 142.000000 2197.000000 576.000000
Center Node: 227

District 22
Nodes: 28 206 270 289 323 357 452 497
Compactness: 367.348072
Weights: 103.000000 2315.000000 319.000000
Center Node: 289

District 23
Nodes: 13 153 309 348 378 423 439 461 486
Compactness: 322.711469
Weights: 126.000000 1718.000000 637.000000
Center Node: 439

District 24
Nodes: 29 67 76 111 150 158 237 297 319 385
Compactness: 862.298442
Weights: 137.000000 2155.000000 586.000000
Center Node: 237

District 25
Nodes: 32 37 94 171 281 294 382 392 468 475 487
Compactness: 575.690315
Weights: 133.000000 2183.000000 591.000000
Center Node: 475

District 26
Nodes: 113 120 302 304 324 340 356 369 460 481
Compactness: 854.280470
Weights: 106.000000 2260.000000 551.000000
Center Node: 481

District 27
Nodes: 8 108 130 195 329 341 345 355 413 430
Compactness: 806.779183
Weights: 106.000000 2066.000000 579.000000
Center Node: 345

District 28
Nodes: 49 127 133 143 192 244 277 429 442 483
Compactness: 533.333380
Weights: 138.000000 2253.000000 598.000000
Center Node: 429

District 29
Nodes: 55 64 124 145 254 388 426 438 472 484
Compactness: 533.381467
Weights: 143.000000 2208.000000 517.000000
Center Node: 472

District 30
Nodes: 27 45 84 138 142 250 305 316 376
Compactness: 295.644435
Weights: 95.000000 2204.000000 581.000000
Center Node: 138

District 31
Nodes: 12 43 68 97 109 228 239 386 398 419 458 470
Compactness: 743.709141
Weights: 159.000000 2173.000000 850.000000
Center Node: 386

District 32
Nodes: 54 62 93 103 263 332 375 390 401 418
Compactness: 619.118352
Weights: 111.000000 2020.000000 626.000000
Center Node: 93

District 33
Nodes: 65 79 102 112 175 177 197 293 473
Compactness: 450.856252
Weights: 105.000000 2001.000000 476.000000
Center Node: 112

District 34
Nodes: 71 95 132 198 282 373 389 394 476 488
Compactness: 389.748621
Weights: 119.000000 1970.000000 544.000000
Center Node: 373

District 35
Nodes: 17 81 110 137 139 217 286 325 482
Compactness: 487.037071
Weights: 105.000000 2188.000000 589.000000
Center Node: 17

District 36
Nodes: 15 38 61 260 275 315 328 414 436
Compactness: 355.567043
Weights: 126.000000 2164.000000 729.000000
Center Node: 328

District 37
Nodes: 39 196 225 234 257 278 292 326 395 421 453
Compactness: 547.440687
Weights: 151.000000 2152.000000 581.000000
Center Node: 39

District 38
Nodes: 5 164 190 242 268 350 367 371 380 480 489
Compactness: 663.064262
Weights: 127.000000 2095.000000 646.000000
Center Node: 371

District 39
Nodes: 9 23 31 47 77 204 213 399 463
Compactness: 507.608101
Weights: 105.000000 1706.000000 620.000000
Center Node: 9

District 40
Nodes: 98 141 157 185 259 321 347 354 407 422
Compactness: 548.007083
Weights: 113.000000 2219.000000 499.000000
Center Node: 259

District 41
Nodes: 121 262 264 276 384 443 456 464
Compactness: 330.730301
Weights: 128.000000 1952.000000 565.000000
Center Node: 262

District 42
Nodes: 3 11 34 160 180 232 267 298 370
Compactness: 471.177613
Weights: 122.000000 2382.000000 560.000000
Center Node: 267

District 43
Nodes: 35 88 105 118 136 238 248 331 366 449
Compactness: 626.403147
Weights: 137.000000 2280.000000 539.000000
Center Node: 248

District 44
Nodes: 30 48 63 308 400 425 451 469 491
Compactness: 479.980703
Weights: 112.000000 2242.000000 556.000000
Center Node: 400

District 45
Nodes: 1 106 154 212 216 218 221 253 433 445 471
Compactness: 632.579946
Weights: 110.000000 2086.000000 652.000000
Center Node: 253

District 46
Nodes: 66 169 183 186 209 256 288 314 352 361 424
Compactness: 629.762861
Weights: 129.000000 1913.000000 703.000000
Center Node: 424

District 47
Nodes: 21 92 104 272 284 312 339 342 402 444 447
Compactness: 593.011597
Weights: 157.000000 2076.000000 635.000000
Center Node: 104

District 48
Nodes: 14 86 156 167 178 219 247 310 377 403 410 420
Compactness: 1865.124997
Weights: 159.000000 1999.000000 661.000000
Center Node: 156

District 49
Nodes: 72 74 100 129 134 279 318 349 437 454
Compactness: 666.992128
Weights: 137.000000 2164.000000 604.000000
Center Node: 74

District 50
Nodes: 20 33 36 126 170 416 417 462 490
Compactness: 466.492756
Weights: 104.000000 1781.000000 672.000000
Center Node: 416
