BalanceViolation 7371.531000
AffinityLoss 1838.000000
Compactness 71951.722784

District 1
Nodes: 41 102 193 302 374 402 403 408 432 469 479 487 583 664 706 747 802 821 866 975
Compactness: 1517.557482
Weights: 229.000000 4077.000000 1099.000000
Center Node: 975

District 2
Nodes: 8 52 96 155 216 239 271 305 318 410 493 498 501 505 693 712 767 855 890 915
Compactness: 1713.764944
Weights: 263.000000 4356.000000 1180.000000
Center Node: 855

District 3
Nodes: 9 44 99 161 196 205 252 317 338 357 481 601 677 725 763 792 814 823 970 989 998
Compactness: 5084.251671
Weights: 251.000000 4157.000000 1233.000000
Center Node: 823

District 4
Nodes: 28 47 103 115 116 128 143 183 217 277 311 409 536 542 547 567 629 826 903 926 960
Compactness: 1743.873216
Weights: 239.000000 4375.000000 1207.000000
Center Node: 311

District 5
Nodes: 3 12 37 50 82 132 201 206 210 236 334 394 450 512 623 691 790 830 939 977
Compactness: 1250.887605
Weights: 270.000000 4419.000000 1109.000000
Center Node: 512

District 6
Nodes: 22 65 93 245 280 283 303 443 541 551 574 616 625 718 783 816 834 933 953 974
Compactness: 1748.040299
Weights: 255.000000 4083.000000 1074.000000
Center Node: 443

District 7
Nodes: 20 35 310 413 477 504 571 591 594 626 652 653 661 689 700 743 744 967 969 985
Compactness: 1635.253222
Weights: 239.000000 4487.000000 1113.000000
Center Node: 652

District 8
Nodes: 13 30 95 168 294 355 396 423 468 513 610 660 699 832 863 865
Compactness: 843.800757
Weights: 182.000000 3946.000000 875.000000
Center Node: 95

District 9
Nodes: 4 87 180 286 312 331 442 454 482 492 569 640 774 811 852 858 942 948 991
Compactness: 2057.524149
Weights: 193.000000 4373.000000 1140.000000
Center Node: 858

District 10
Nodes: 154 167 198 223 304 351 399 483 520 535 614 636 680 708 709 755 764 877 949 978 992 993
Compactness: 1472.361750
Weights: 245.000000 4370.000000 1303.000000
Center Node: 680

District 11
Nodes: 18 39 90 186 215 297 348 373 401 465 608 634 648 879 881 901 911 919 922 930 956 982
Compactness: 1583.732804
Weights: 273.000000 4167.000000 1191.000000
Center Node: 901

District 12
Nodes: 11 80 126 127 173 276 285 344 350 426 429 543 600 670 739 768 859 927 931 955
Compactness: 1588.588677
Weights: 262.000000 4137.000000 1162.000000
Center Node: 276

District 13
Nodes: 109 137 243 244 254 288 298 309 314 329 397 550 609 726 740 750 793 812 822 827 854 871 910 950
Compactness: 1284.784160
Weights: 287.000000 4419.000000 1235.000000
Center Node: 288

District 14
Nodes: 89 141 149 341 406 418 517 565 612 667 735 779 784 857 869 872 882 895 986
Compactness: 971.012740
Weights: 256.000000 4387.000000 1079.000000
Center Node: 517

District 15
Nodes: 70 85 130 195 228 279 292 295 381 460 470 598 628 635 673 686 757 813 940 957 980
Compactness: 1239.695948
Weights: 246.000000 4342.000000 1168.000000
Center Node: 813

District 16
Nodes: 146 156 174 209 219 257 262 284 325 424 606 681 737 785 807 892 893 972
Compactness: 902.219828
Weights: 219.000000 3551.000000 1050.000000
Center Node: 424

District 17
Nodes: 55 67 79 119 134 194 203 259 273 326 416 448 540 695 711 778 805 873 891 912 947
Compactness: 1411.548486
Weights: 284.000000 4397.000000 1117.000000
Center Node: 134

District 18
Nodes: 42 46 48 68 75 133 145 267 287 458 490 585 651 696 731 804 824 862 934 959 990
Compactness: 1268.745063
Weights: 228.000000 4481.000000 1171.000000
Center Node: 651

District 19
Nodes: 129 148 164 191 238 241 242 289 389 511 605 690 692 759 760 761 798 875 897 938
Compactness: 972.474701
Weights: 250.000000 4296.000000 1178.000000
Center Node: 238

District 20
Nodes: 15 24 36 78 88 221 290 319 321 400 462 526 529 566 851 894 908 924 941 987
Compactness: 1246.010775
Weights: 235.000000 4419.000000 1063.000000
Center Node: 78

District 21
Nodes: 10 104 308 347 352 532 568 597 618 672 676 716 765 777 839 840 951 958 979 999
Compactness: 1318.215021
Weights: 206.000000 4373.000000 1146.000000
Center Node: 958

District 22
Nodes: 1 40 73 111 157 212 224 247 251 359 361 391 407 411 461 499 584 620 654 683 714 795 829 874 984
Compactness: 1510.334751
Weights: 330.000000 3871.000000 1233.000000
Center Node: 73

District 23
Nodes: 27 45 54 108 135 188 299 320 421 449 475 552 613 657 682 717 722 819 918 921 928
Compactness: 1407.435454
Weights: 232.000000 3767.000000 1267.000000
Center Node: 188

District 24
Nodes: 16 26 32 49 63 114 226 269 340 484 649 727 745 780 800 846 849 850 880 983
Compactness: 3572.417074
Weights: 266.000000 4026.000000 1171.000000
Center Node: 649

District 25
Nodes: 101 106 172 189 249 301 316 324 328 343 353 388 497 518 522 553 581 617 719 758 848 946
Compactness: 1077.433705
Weights: 274.000000 4434.000000 1102.000000
Center Node: 172

District 26
Nodes: 6 53 58 97 107 121 138 253 291 364 473 494 496 546 639 723 868 965 996
Compactness: 1024.457081
Weights: 249.000000 4371.000000 1221.000000
Center Node: 121

District 27
Nodes: 0 19 51 84 123 140 165 181 214 230 261 471 537 630 644 656 742 889 909
Compactness: 1253.160850
Weights: 220.000000 4718.000000 1017.000000
Center Node: 181

District 28
Nodes: 38 171 178 263 293 438 456 464 509 530 570 592 633 647 732 770 883 929 943
Compactness: 1156.527468
Weights: 272.000000 4449.000000 1095.000000
Center Node: 570

District 29
Nodes: 77 233 270 281 383 393 430 453 508 549 559 587 590 611 702 734 749 809 818 896
Compactness: 773.302381
Weights: 243.000000 4264.000000 1185.000000
Center Node: 393

District 30
Nodes: 43 62 92 131 200 227 235 237 246 274 345 366 371 446 586 638 715 751 752 861 932
Compactness: 1416.856321
Weights: 242.000000 4460.000000 1069.000000
Center Node: 752

District 31
Nodes: 34 72 98 139 159 169 213 231 327 420 445 561 624 678 753 776 808 888 964 968
Compactness: 1031.858818
Weights: 230.000000 4473.000000 1203.000000
Center Node: 231

District 32
Nodes: 14 56 113 144 192 296 313 332 339 412 503 545 650 669 705 724 971 981 988
Compactness: 999.244263
Weights: 245.000000 4612.000000 1073.000000
Center Node: 669

District 33
Nodes: 71 83 91 105 185 187 229 335 360 375 379 386 491 575 801 833 835 843 900 907 945
Compactness: 1107.774860
Weights: 259.000000 4426.000000 1238.000000
Center Node: 801

District 34
Nodes: 21 336 387 398 437 506 572 637 720 728 794
Compactness: 665.071092
Weights: 139.000000 2193.000000 635.000000
Center Node: 728

District 35
Nodes: 33 117 182 184 370 523 524 528 579 615 679 736 738 741 775 789 799 898 925
Compactness: 1215.128843
Weights: 257.000000 4072.000000 1129.000000
Center Node: 799

District 36
Nodes: 29 100 152 163 175 204 208 232 256 272 282 384 436 440 459 489 514 527 548 688 701
Compactness: 1295.220742
Weights: 296.000000 4433.000000 1167.000000
Center Node: 29

District 37
Nodes: 7 57 69 333 342 404 419 439 444 578 607 645 658 713 721 806 864 902 913 916
Compactness: 1555.880910
Weights: 234.000000 4273.000000 1198.000000
Center Node: 69

District 38
Nodes: 118 150 170 278 307 376 395 519 539 646 704 746 771 773 797 803 905 935 944 961 997
Compactness: 1069.535094
Weights: 250.000000 4122.000000 1180.000000
Center Node: 646

District 39
Nodes: 147 153 176 211 415 474 507 533 558 627 659 685 710 788 820 841 847 885
Compactness: 1571.265556
Weights: 191.000000 4453.000000 1122.000000
Center Node: 533

District 40
Nodes: 120 179 225 414 433 434 472 485 502 510 531 544 576 596 762 796 837 856 860 904 966 973
Compactness: 1204.673156
Weights: 280.000000 4428.000000 997.000000
Center Node: 796

District 41
Nodes: 5 31 76 112 160 166 218 220 248 275 337 435 478 495 573 602 622 707 782 867 878 887
Compactness: 2007.908549
Weights: 273.000000 4019.000000 1113.000000
Center Node: 248

District 42
Nodes: 2 222 250 300 306 346 377 427 516 564 582 593 595 631 671 730 870 884 920 963
Compactness: 1571.771442
Weights: 217.000000 4376.000000 1210.000000
Center Node: 346

District 43
Nodes: 124 142 177 199 207 258 390 451 563 588 643 663 666 687 729 748 791 845 952 995
Compactness: 1322.785964
Weights: 257.000000 4397.000000 1121.000000
Center Node: 952

District 44
Nodes: 59 60 86 110 260 266 362 367 372 378 385 417 425 441 665 817 899 914 937 954
Compactness: 1273.969103
Weights: 276.000000 4343.000000 1105.000000
Center Node: 372

District 45
Nodes: 162 197 356 431 455 480 500 521 619 632 642 674 694 733 810 831 842 917 962
Compactness: 853.156657
Weights: 224.000000 4433.000000 1172.000000
Center Node: 162

District 46
Nodes: 122 240 264 467 476 580 589 641 662 781 815 836 994
Compactness: 652.701630
Weights: 145.000000 2708.000000 752.000000
Center Node: 589

District 47
Nodes: 17 64 81 151 190 234 265 363 365 392 466 488 525 554 577 604 756 772 786 825 838 906
Compactness: 1227.712267
Weights: 234.000000 4362.000000 1183.000000
Center Node: 906

District 48
Nodes: 25 61 255 323 349 368 369 382 447 452 463 486 538 557 560 599 603 655 684 698 787 936
Compactness: 2286.848023
Weights: 271.000000 4484.000000 1092.000000
Center Node: 698

District 49
Nodes: 94 125 268 315 330 354 358 405 422 555 556 621 675 697 703 754 766 853 923 976
Compactness: 1234.751353
Weights: 244.000000 4026.000000 1267.000000
Center Node: 268

District 50
Nodes: 23 66 74 136 158 202 322 380 428 457 515 534 562 668 769 828 844 876 886
Compactness: 1758.196078
Weights: 236.000000 4519.000000 1011.000000
Center Node: 769
