BalanceViolation 35.682500
AffinityLoss 3385.000000
Compactness 246877.433763

District 1
Nodes: 9 11 19 20 56 123 127 135 159 166 183 212 218 255 262 263 282 308 312 324 332 346 358 364 369 373 418 470 487 551 568 614 663 666 702 714 715 732 748 780 793 800 814 822 829 861 864 880 888 898 938 951 953 954 983 984 1009 1030 1038 1079 1106 1112 1131 1172 1177 1199 1228 1242 1253 1257 1273 1328 1349 1364 1366 1373 1377 1381 1394 1404 1446 1462 1481 1488 1524 1568 1599 1609 1647 1655 1659 1703 1706 1736 1785 1799 1800 1809 1821 1828 1842 1870 1886 1926 1971 1994
Compactness: 15918.479074
Weights: 1236.000000 19705.000000 5986.000000
Center Node: 308

District 2
Nodes: 28 64 74 80 89 91 119 151 169 175 192 196 197 205 245 277 284 329 338 376 379 390 416 428 432 447 458 459 490 504 506 507 566 601 628 656 658 671 695 721 771 799 854 859 862 865 923 933 965 977 981 1003 1018 1047 1073 1094 1104 1109 1115 1146 1147 1161 1192 1215 1217 1219 1224 1225 1230 1249 1271 1289 1292 1300 1327 1473 1512 1528 1529 1548 1549 1552 1553 1648 1654 1691 1716 1741 1767 1844 1845 1852 1895 1899 1901 1915 1918 1931 1934 1972 1983
Compactness: 14560.746673
Weights: 1261.000000 19897.000000 5503.000000
Center Node: 965

District 3
Nodes: 21 60 109 137 144 149 202 216 224 249 253 256 291 293 301 323 349 359 360 386 396 425 426 436 462 493 510 529 546 560 579 589 620 642 686 692 697 701 706 713 775 817 840 848 882 903 950 980 1004 1043 1068 1077 1081 1118 1119 1123 1144 1165 1196 1278 1290 1298 1301 1314 1331 1334 1341 1352 1353 1356 1369 1374 1380 1402 1409 1429 1431 1441 1458 1460 1496 1500 1505 1514 1534 1575 1616 1629 1696 1704 1722 1747 1802 1814 1833 1838 1848 1867 1904 1912 1932 1955 1976
Compactness: 15898.330403
Weights: 1221.000000 21197.000000 6005.000000
Center Node: 1118

District 4
Nodes: 31 34 37 82 92 146 154 156 219 230 231 254 267 294 303 319 395 429 445 502 508 515 521 536 542 548 553 572 576 590 631 636 649 657 670 698 738 750 754 755 792 794 818 883 906 907 979 982 1032 1037 1062 1071 1072 1082 1099 1101 1141 1149 1175 1231 1258 1264 1304 1305 1307 1361 1376 1420 1438 1455 1477 1510 1533 1544 1572 1581 1596 1605 1619 1671 1699 1708 1729 1749 1769 1816 1829 1835 1866 1878 1916 1929 1933 1942 1978 1999
Compactness: 11411.643424
Weights: 1234.000000 19375.000000 5467.000000
Center Node: 698

District 5
Nodes: 40 66 90 118 132 161 164 182 200 207 209 238 251 270 271 279 287 317 354 357 389 450 596 606 610 624 638 662 665 724 725 729 736 763 783 791 807 815 823 834 850 870 874 931 936 952 956 978 995 1098 1132 1145 1157 1191 1201 1208 1220 1250 1262 1283 1294 1324 1348 1354 1359 1372 1416 1418 1427 1445 1466 1468 1480 1483 1511 1532 1583 1614 1637 1658 1661 1667 1701 1738 1782 1798 1807 1827 1847 1868 1930 1939 1943 1963 1987 1990
Compactness: 10025.026504
Weights: 1157.000000 19542.000000 5728.000000
Center Node: 279

District 6
Nodes: 1 4 13 23 32 33 65 81 115 158 173 176 204 213 233 248 280 302 305 405 413 439 474 478 496 509 519 524 602 603 612 615 639 672 705 727 728 757 759 773 784 811 821 830 872 879 941 944 988 990 1031 1050 1064 1080 1125 1142 1153 1185 1189 1237 1261 1310 1315 1344 1347 1391 1411 1413 1443 1448 1508 1521 1522 1526 1535 1537 1550 1554 1571 1603 1651 1660 1669 1670 1763 1778 1787 1793 1812 1830 1840 1856 1966 1981 1985 1997
Compactness: 15074.165735
Weights: 1170.000000 20135.000000 5582.000000
Center Node: 1142

District 7
Nodes: 26 93 133 150 178 185 193 210 214 217 259 261 318 348 353 367 383 388 417 424 451 461 479 482 530 531 549 591 593 643 667 679 680 682 694 703 708 760 808 810 832 835 863 909 919 935 957 992 1001 1015 1034 1036 1096 1102 1120 1170 1200 1222 1269 1306 1313 1333 1337 1360 1392 1410 1451 1476 1531 1546 1561 1562 1565 1567 1576 1577 1591 1593 1601 1643 1678 1680 1694 1717 1728 1730 1744 1776 1791 1801 1811 1849 1869 1877 1889 1973 1998
Compactness: 9848.920460
Weights: 1153.000000 19637.000000 5946.000000
Center Node: 1313

District 8
Nodes: 58 129 153 155 172 195 236 266 273 285 292 310 334 336 343 344 345 361 363 399 408 442 472 477 483 486 543 547 550 571 597 632 704 731 741 768 774 843 844 878 891 897 914 926 930 1024 1039 1045 1046 1051 1056 1083 1150 1168 1233 1241 1259 1268 1281 1282 1319 1326 1338 1386 1396 1401 1423 1426 1507 1538 1542 1551 1570 1579 1586 1588 1597 1618 1624 1633 1645 1650 1665 1725 1727 1734 1735 1757 1764 1788 1826 1843 1850 1882 1894 1941 1952 1953 1958 1980
Compactness: 10240.295870
Weights: 1228.000000 19899.000000 6026.000000
Center Node: 1386

District 9
Nodes: 18 70 117 142 272 283 325 337 341 347 365 375 387 392 419 467 469 471 489 497 578 584 598 605 629 634 645 646 650 668 678 699 737 742 746 756 761 795 798 833 856 857 868 873 887 905 912 918 927 929 934 947 960 962 972 989 1011 1029 1041 1143 1166 1178 1180 1195 1204 1236 1251 1255 1284 1302 1308 1339 1362 1384 1419 1464 1516 1539 1604 1622 1626 1638 1677 1687 1695 1710 1712 1740 1748 1750 1761 1777 1804 1815 1839 1858 1879 1905 1920 1925 1960 1968 1974
Compactness: 16879.110060
Weights: 1214.000000 20994.000000 5488.000000
Center Node: 341

District 10
Nodes: 0 7 8 38 52 96 98 110 116 121 141 181 189 203 220 234 246 252 257 268 276 306 313 400 403 437 460 501 511 516 523 526 558 585 588 594 599 722 765 820 841 845 877 885 896 900 942 959 966 973 1006 1067 1074 1089 1129 1130 1148 1160 1167 1176 1197 1243 1245 1266 1267 1321 1336 1388 1393 1398 1435 1465 1478 1485 1498 1501 1502 1563 1573 1585 1620 1623 1639 1672 1681 1714 1724 1759 1824 1846 1863 1875 1903 1908 1914 1957 1961
Compactness: 8959.665032
Weights: 1161.000000 21348.000000 5442.000000
Center Node: 1167

District 11
Nodes: 16 41 44 45 62 73 88 136 145 147 247 275 328 355 380 382 394 420 433 457 466 476 505 522 545 555 557 564 581 608 621 627 637 659 753 779 790 836 869 915 928 945 1000 1013 1020 1048 1055 1078 1085 1086 1090 1114 1122 1137 1139 1187 1211 1216 1234 1260 1277 1295 1311 1378 1385 1399 1414 1421 1430 1449 1457 1470 1491 1495 1519 1520 1527 1555 1582 1589 1594 1627 1668 1702 1726 1765 1783 1786 1796 1797 1808 1818 1819 1893 1921 1937 1959 1964 1982 1984
Compactness: 8771.282818
Weights: 1133.000000 20789.000000 6027.000000
Center Node: 557

District 12
Nodes: 15 36 48 53 67 76 86 97 100 107 114 124 131 148 179 180 187 198 211 223 264 299 307 330 339 362 374 464 492 494 503 514 525 552 559 567 640 653 684 690 716 719 726 735 762 770 776 782 785 812 842 849 855 866 886 908 913 943 986 1012 1022 1025 1059 1070 1135 1158 1183 1193 1229 1296 1297 1351 1395 1425 1428 1461 1467 1499 1536 1574 1578 1646 1649 1652 1692 1707 1720 1723 1742 1775 1789 1822 1825 1871 1888 1891 1928 1938 1951 1969 1977 1986 1993
Compactness: 13245.422556
Weights: 1259.000000 21325.000000 5657.000000
Center Node: 1461

District 13
Nodes: 35 47 50 51 57 63 69 102 120 126 170 194 229 269 300 321 352 370 381 406 410 427 438 448 452 480 481 485 495 532 565 569 611 744 803 824 825 826 837 858 925 976 985 998 1023 1035 1057 1075 1087 1126 1163 1198 1206 1209 1210 1214 1235 1240 1244 1248 1276 1317 1318 1379 1397 1400 1412 1432 1434 1442 1456 1479 1484 1494 1615 1674 1682 1698 1731 1746 1795 1813 1857 1873 1883 1902 1913 1935 1948 1954 1956 1992 1995
Compactness: 8430.967122
Weights: 1145.000000 19337.000000 5772.000000
Center Node: 1434

District 14
Nodes: 3 22 54 71 75 85 139 143 191 250 260 288 326 340 366 372 377 391 401 414 444 468 484 488 491 498 513 518 535 570 577 592 595 613 617 644 673 674 675 677 691 734 789 813 860 867 881 955 963 967 968 971 975 991 1019 1042 1053 1066 1076 1108 1110 1111 1181 1186 1202 1205 1213 1226 1239 1275 1280 1325 1343 1383 1389 1406 1408 1422 1439 1454 1472 1490 1493 1556 1621 1640 1697 1715 1719 1732 1823 1884 1892 1907 1947 1962
Compactness: 11788.114137
Weights: 1253.000000 20286.000000 5513.000000
Center Node: 1472

District 15
Nodes: 6 39 84 122 125 134 168 188 190 199 208 221 222 237 241 274 304 311 335 350 368 385 393 397 407 409 412 422 453 454 463 561 562 580 604 618 625 633 652 685 689 717 764 831 839 851 871 884 890 902 904 922 937 939 948 997 999 1033 1061 1063 1092 1138 1159 1164 1207 1212 1238 1263 1299 1320 1335 1415 1447 1453 1475 1492 1525 1540 1595 1635 1641 1642 1663 1675 1676 1755 1758 1760 1790 1806 1860 1861 1872 1885 1924 1946 1949 1950 1967 1970 1979
Compactness: 17853.892675
Weights: 1175.000000 21140.000000 5581.000000
Center Node: 1033

District 16
Nodes: 10 14 17 29 49 55 61 72 94 104 130 162 167 171 186 201 226 243 316 322 415 421 455 520 527 528 539 609 688 712 723 739 743 745 758 777 781 806 819 827 828 838 852 853 876 899 901 949 987 1008 1017 1026 1044 1117 1121 1136 1140 1154 1171 1174 1190 1252 1270 1316 1323 1342 1363 1375 1390 1405 1424 1459 1474 1503 1509 1518 1523 1530 1566 1569 1580 1584 1608 1611 1612 1644 1653 1688 1705 1711 1718 1737 1739 1754 1779 1781 1784 1854 1862 1880 1890 1919 1923 1927 1991
Compactness: 9352.876342
Weights: 1184.000000 20417.000000 6015.000000
Center Node: 1523

District 17
Nodes: 12 25 42 46 99 111 138 152 177 240 242 244 265 286 296 309 440 443 449 499 517 574 586 635 654 660 664 669 683 687 693 733 766 787 788 797 802 809 847 889 892 894 916 932 961 1010 1014 1021 1028 1060 1095 1105 1107 1156 1162 1182 1223 1232 1247 1265 1285 1288 1291 1303 1309 1312 1346 1358 1367 1368 1403 1417 1440 1450 1463 1487 1541 1543 1557 1560 1590 1600 1606 1628 1636 1656 1662 1664 1679 1685 1743 1752 1756 1772 1810 1817 1820 1834 1864 1865 1881 1896 1922 1965 1996
Compactness: 9728.411493
Weights: 1237.000000 20285.000000 5988.000000
Center Node: 443

District 18
Nodes: 5 27 59 77 83 101 105 113 160 163 184 225 235 314 315 320 331 356 371 404 423 431 435 473 475 500 534 538 573 575 582 583 587 607 616 622 623 641 655 711 718 769 786 805 846 910 911 940 946 970 996 1007 1049 1054 1065 1103 1124 1134 1184 1218 1227 1254 1286 1293 1322 1332 1355 1357 1371 1382 1444 1482 1497 1504 1513 1515 1545 1564 1607 1610 1683 1686 1689 1751 1768 1770 1794 1831 1832 1859 1898 1906 1909 1910 1911 1945 1975 1989
Compactness: 8622.093853
Weights: 1155.000000 20114.000000 6017.000000
Center Node: 1975

District 19
Nodes: 2 30 43 108 112 128 140 206 215 258 278 289 295 297 342 351 378 384 434 446 456 512 533 537 544 556 563 600 619 626 630 647 681 696 700 707 709 710 720 740 749 801 804 816 875 893 895 917 920 921 924 958 969 994 1002 1058 1088 1097 1116 1133 1151 1188 1272 1274 1279 1340 1350 1370 1436 1437 1452 1469 1471 1486 1517 1547 1558 1559 1587 1592 1613 1617 1625 1630 1631 1632 1634 1666 1693 1721 1745 1753 1771 1774 1792 1803 1805 1836 1841 1887 1897 1900 1917
Compactness: 12852.534377
Weights: 1257.000000 21230.000000 5638.000000
Center Node: 1917

District 20
Nodes: 24 68 78 79 87 95 103 106 157 165 174 227 228 232 239 281 290 298 327 333 398 402 411 430 441 465 540 541 554 648 651 661 676 730 747 751 752 767 772 778 796 964 974 993 1005 1016 1027 1040 1052 1069 1084 1091 1093 1100 1113 1127 1128 1152 1155 1169 1173 1179 1194 1203 1221 1246 1256 1287 1329 1330 1345 1365 1387 1407 1433 1489 1506 1598 1602 1657 1673 1684 1690 1700 1709 1713 1733 1762 1766 1773 1780 1837 1851 1853 1855 1874 1876 1936 1940 1944 1988
Compactness: 17415.455158
Weights: 1274.000000 20055.000000 5452.000000
Center Node: 1169
