BalanceViolation 23241.847000
AffinityLoss 3749.000000
Compactness 134495.427369

District 1
Nodes: 10 47 59 171 204 217 230 300 368 387 467 475 523 566 617 691 781 1157 1183 1192 1217 1233 1255 1257 1270 1276 1309 1336 1353 1423 1503 1529 1621 1631 1669 1677 1790 1821 1886 1921 1980
Compactness: 2236.636309
Weights: 460.000000 8286.000000 2416.000000
Center Node: 1790

District 2
Nodes: 20 38 86 166 187 231 265 343 440 447 506 538 547 670 676 737 788 820 872 878 880 888 990 1010 1052 1187 1221 1264 1290 1391 1471 1683 1703 1776 1783 1801 1838
Compactness: 8248.817849
Weights: 475.000000 8049.000000 2206.000000
Center Node: 538

District 3
Nodes: 1 112 164 178 248 296 303 333 399 466 552 591 610 619 641 693 785 858 947 967 972 1033 1035 1045 1070 1072 1128 1162 1163 1231 1289 1318 1376 1415 1417 1485 1554 1617 1658 1668 1704 1917 1957 1975
Compactness: 4306.467138
Weights: 533.000000 8118.000000 2434.000000
Center Node: 164

District 4
Nodes: 30 74 116 128 138 197 212 283 434 437 444 452 763 778 813 843 847 893 929 932 983 1127 1159 1170 1321 1593 1663 1676 1689 1698 1707 1756 1840 1867 1870 1871 1898 1905 1983
Compactness: 2036.997412
Weights: 431.000000 8683.000000 2225.000000
Center Node: 1663

District 5
Nodes: 9 295 354 406 411 420 428 445 470 535 550 615 657 694 718 738 797 807 853 864 868 923 941 1062 1108 1131 1203 1205 1206 1249 1286 1343 1390 1392 1528 1638 1710 1850 1900 1926 1937
Compactness: 2599.649675
Weights: 456.000000 9355.000000 2439.000000
Center Node: 1638

District 6
Nodes: 14 19 62 107 251 386 388 417 596 609 627 628 716 725 729 742 830 838 842 844 913 1041 1246 1279 1302 1334 1358 1360 1420 1563 1565 1584 1616 1619 1764 1767 1842 1869 1899 1927
Compactness: 3061.291796
Weights: 429.000000 7982.000000 2340.000000
Center Node: 830

District 7
Nodes: 55 69 76 80 141 236 284 381 446 460 480 534 554 573 580 613 660 818 866 900 1060 1147 1167 1199 1277 1308 1310 1319 1387 1416 1456 1601 1745 1814 1893 1939 1998
Compactness: 2029.725896
Weights: 442.000000 7749.000000 2098.000000
Center Node: 1387

District 8
Nodes: 145 146 225 308 309 530 634 658 701 762 766 803 873 898 956 1014 1040 1080 1114 1132 1171 1177 1188 1193 1215 1218 1322 1371 1457 1477 1516 1643 1705 1771 1866 1943 1968
Compactness: 2136.609274
Weights: 392.000000 8074.000000 2567.000000
Center Node: 308

District 9
Nodes: 3 17 103 104 488 499 529 570 650 687 811 819 879 885 975 1053 1058 1064 1065 1137 1186 1259 1265 1294 1330 1402 1436 1443 1444 1476 1489 1513 1526 1538 1599 1687 1755 1794 1795 1808 1824 1901
Compactness: 2534.149360
Weights: 500.000000 8025.000000 2372.000000
Center Node: 1526

District 10
Nodes: 53 75 105 158 202 232 253 302 379 522 537 549 563 584 595 748 786 869 882 895 915 943 992 1092 1113 1140 1189 1219 1435 1483 1491 1573 1582 1613 1692 1700 1802 1913 1941 1955
Compactness: 2865.336163
Weights: 510.000000 8680.000000 2290.000000
Center Node: 1435

District 11
Nodes: 11 21 61 133 199 238 305 318 322 324 332 376 378 426 464 503 553 715 767 770 964 1054 1173 1234 1301 1315 1335 1352 1484 1534 1576 1612 1648 1723 1741 1828 1836 1887 1924 1967 1977
Compactness: 2596.798247
Weights: 500.000000 8651.000000 2488.000000
Center Node: 1576

District 12
Nodes: 4 6 67 85 108 168 176 222 287 351 372 412 431 459 602 635 652 665 679 683 723 746 771 800 896 936 997 1121 1125 1133 1210 1220 1260 1350 1507 1556 1581 1736 1891 1903
Compactness: 2318.776091
Weights: 512.000000 8975.000000 2219.000000
Center Node: 1507

District 13
Nodes: 32 56 82 91 223 262 330 395 398 408 630 647 659 700 734 814 850 883 902 963 1096 1104 1124 1172 1175 1195 1450 1466 1509 1604 1660 1743 1826 1847 1856 1862 1909 1932 1951 1986 1994
Compactness: 2036.446001
Weights: 541.000000 8866.000000 2441.000000
Center Node: 1909

District 14
Nodes: 249 271 304 342 357 390 413 451 505 599 605 622 702 779 799 802 875 907 909 927 1061 1094 1138 1146 1247 1300 1325 1351 1414 1434 1437 1461 1463 1522 1536 1647 1697 1751 1772 1804 1892 1896
Compactness: 2769.868632
Weights: 486.000000 8708.000000 2166.000000
Center Node: 907

District 15
Nodes: 135 192 252 373 483 514 519 544 606 624 661 685 703 743 804 832 845 871 905 1025 1123 1126 1129 1161 1329 1380 1472 1486 1550 1570 1607 1694 1716 1721 1752 1777 1874 1894 1904 1995
Compactness: 2276.845542
Weights: 436.000000 7161.000000 2454.000000
Center Node: 1694

District 16
Nodes: 124 147 313 363 454 465 477 493 517 536 637 655 672 780 874 942 959 965 1007 1086 1120 1242 1313 1421 1431 1452 1533 1544 1549 1572 1651 1665 1711 1786 1787 1935 1970
Compactness: 1844.691747
Weights: 460.000000 8361.000000 2387.000000
Center Node: 147

District 17
Nodes: 5 35 39 140 439 501 555 603 681 714 794 889 935 979 1012 1013 1085 1190 1198 1225 1263 1331 1447 1493 1500 1535 1551 1578 1606 1611 1623 1626 1674 1684 1722 1816 1861 1872 1974
Compactness: 2667.208470
Weights: 459.000000 9295.000000 2369.000000
Center Node: 1263

District 18
Nodes: 33 71 73 120 301 366 385 393 453 455 496 586 689 711 717 791 815 919 1049 1154 1158 1182 1201 1212 1250 1339 1363 1388 1487 1515 1519 1561 1622 1652 1746 1880 1942 1973 1999
Compactness: 2250.914278
Weights: 454.000000 8643.000000 2305.000000
Center Node: 586

District 19
Nodes: 24 25 49 155 181 321 409 449 456 457 526 532 540 569 604 731 747 831 948 957 987 999 1009 1020 1089 1119 1224 1245 1375 1400 1413 1496 1508 1645 1728 1760 1782 1784 1806 1837 1855 1946
Compactness: 2718.995239
Weights: 455.000000 9828.000000 2450.000000
Center Node: 1728

District 20
Nodes: 0 27 28 130 142 310 352 362 382 424 531 545 565 587 656 709 736 801 1055 1071 1091 1156 1213 1227 1273 1314 1338 1342 1348 1385 1426 1532 1552 1595 1646 1740 1823 1852 1868
Compactness: 2317.320218
Weights: 470.000000 8398.000000 2263.000000
Center Node: 1055

District 21
Nodes: 110 119 127 137 154 226 317 349 375 396 414 524 567 574 578 594 648 726 897 1036 1046 1073 1176 1194 1295 1369 1445 1453 1499 1562 1575 1618 1640 1671 1695 1796 1883 1916 1923 1936 1948 1961 1962
Compactness: 3070.739210
Weights: 486.000000 8746.000000 2509.000000
Center Node: 1640

District 22
Nodes: 18 79 100 229 279 326 339 371 384 394 418 469 490 491 508 633 764 787 806 890 933 971 991 1051 1076 1115 1134 1149 1223 1243 1244 1262 1271 1439 1478 1497 1498 1558 1589 1719 1750 1765
Compactness: 2404.195115
Weights: 564.000000 8721.000000 2576.000000
Center Node: 1765

District 23
Nodes: 13 16 143 167 186 221 255 258 291 402 404 448 502 521 577 667 680 759 812 854 870 918 937 962 1083 1185 1292 1328 1411 1446 1527 1546 1624 1661 1685 1696 1724 1797 1803 1906 1979
Compactness: 2999.526258
Weights: 481.000000 8971.000000 2460.000000
Center Node: 1292

District 24
Nodes: 52 66 77 94 118 126 184 195 281 539 629 651 662 708 758 784 834 916 995 1030 1059 1093 1101 1143 1144 1165 1238 1248 1280 1356 1361 1381 1382 1438 1449 1480 1511 1708 1726 1798
Compactness: 2686.531005
Weights: 440.000000 8231.000000 2530.000000
Center Node: 1708

District 25
Nodes: 37 182 312 347 427 487 688 696 728 876 926 939 945 1001 1057 1141 1168 1266 1267 1303 1367 1374 1383 1394 1537 1678 1769 1785 1931
Compactness: 1248.230795
Weights: 364.000000 6186.000000 1652.000000
Center Node: 1001

District 26
Nodes: 7 78 114 117 123 191 201 206 344 364 415 422 492 608 669 755 848 855 856 960 966 969 984 1102 1109 1139 1166 1191 1207 1214 1312 1337 1384 1428 1482 1514 1564 1657 1662 1667 1680 1686 1688 1761 1818 1832 1857 1938 1949
Compactness: 2975.117211
Weights: 589.000000 8748.000000 2639.000000
Center Node: 1428

District 27
Nodes: 136 139 149 180 205 240 244 329 383 461 575 592 620 645 836 852 1022 1039 1043 1084 1236 1304 1311 1344 1366 1427 1440 1465 1531 1585 1596 1597 1600 1603 1675 1732 1738 1747 1779 1854 1864 1915 1971 1987 1997
Compactness: 2461.426553
Weights: 530.000000 9711.000000 2465.000000
Center Node: 645

District 28
Nodes: 12 23 72 84 131 169 173 196 220 235 259 289 328 377 430 474 500 562 640 643 698 745 768 782 824 835 841 981 1006 1008 1032 1034 1044 1066 1105 1116 1152 1287 1323 1406 1424 1441 1460 1560 1653 1664 1858 1859 1890 1912 1940 1963 1981
Compactness: 6265.955177
Weights: 648.000000 11406.000000 2810.000000
Center Node: 981

District 29
Nodes: 87 144 150 266 336 360 735 744 783 827 837 1015 1018 1021 1037 1099 1135 1155 1229 1230 1320 1345 1458 1459 1462 1488 1545 1568 1579 1759 1775 1792 1800
Compactness: 1740.630267
Weights: 406.000000 7907.000000 2069.000000
Center Node: 1015

District 30
Nodes: 8 81 95 148 189 200 268 325 403 405 423 473 476 510 513 533 559 590 692 727 754 795 931 954 993 1081 1095 1112 1148 1239 1252 1288 1405 1433 1729 1733 1762 1791 1885 1969 1991 1992 1996
Compactness: 2354.335965
Weights: 492.000000 8739.000000 2515.000000
Center Node: 795

District 31
Nodes: 36 42 88 102 239 267 410 421 482 564 571 638 705 712 741 760 823 826 946 998 1079 1169 1253 1297 1370 1425 1470 1474 1510 1555 1557 1730 1734 1735 1820 1897 1945 1985
Compactness: 2282.603689
Weights: 476.000000 7865.000000 2203.000000
Center Node: 998

District 32
Nodes: 153 218 250 278 294 297 331 338 401 511 512 710 750 1047 1056 1077 1088 1324 1393 1418 1442 1448 1467 1475 1494 1523 1610 1634 1649 1655 1670 1681 1691 1693 1701 1714 1835 1884 1914 1918 1993
Compactness: 2561.329195
Weights: 456.000000 7978.000000 2191.000000
Center Node: 1649

District 33
Nodes: 40 92 97 125 160 172 211 213 243 280 323 389 429 479 494 518 589 614 730 739 790 881 899 930 1179 1226 1340 1490 1539 1587 1592 1635 1673 1773 1810 1825 1844 1881 1944 1953 1959
Compactness: 3258.825440
Weights: 554.000000 8363.000000 2446.000000
Center Node: 1587

District 34
Nodes: 2 44 152 165 210 319 335 355 359 361 450 484 495 520 593 612 649 706 877 891 904 910 914 951 1026 1028 1118 1197 1278 1317 1504 1505 1524 1642 1659 1690 1875 1907 1976
Compactness: 2249.394658
Weights: 462.000000 8790.000000 2412.000000
Center Node: 649

District 35
Nodes: 65 101 157 209 234 334 416 435 556 572 644 756 757 805 810 884 894 1027 1031 1048 1204 1258 1269 1298 1397 1404 1429 1468 1520 1566 1569 1608 1656 1666 1699 1706 1715 1754 1758 1952 1964
Compactness: 2101.488588
Weights: 525.000000 8290.000000 1913.000000
Center Node: 805

District 36
Nodes: 174 263 275 276 290 345 346 462 486 546 558 561 631 653 695 772 886 973 974 985 1029 1042 1063 1180 1307 1372 1377 1398 1407 1455 1530 1541 1547 1602 1650 1713 1744 1763 1819 1822 1960
Compactness: 2852.797071
Weights: 473.000000 8761.000000 2590.000000
Center Node: 1650

District 37
Nodes: 63 68 121 162 170 194 198 320 353 397 425 471 646 654 675 720 765 769 777 908 934 970 986 1002 1011 1017 1067 1107 1160 1184 1209 1232 1284 1349 1362 1401 1495 1518 1540 1559 1577 1709 1725 1737 1989
Compactness: 2659.061644
Weights: 510.000000 8684.000000 2337.000000
Center Node: 908

District 38
Nodes: 15 22 90 228 254 274 433 463 485 542 611 636 684 724 816 953 978 1078 1136 1200 1357 1410 1464 1501 1542 1639 1749 1766 1770 1778 1793 1827 1834 1846 1853 1920 1922 1929 1930 1984
Compactness: 2408.803989
Weights: 454.000000 7875.000000 2181.000000
Center Node: 953

District 39
Nodes: 60 177 215 219 264 282 292 341 374 419 548 560 598 666 732 773 775 776 809 867 887 912 938 982 988 1235 1240 1254 1291 1354 1548 1598 1605 1799 1829 1902 1934 1954
Compactness: 2201.910473
Weights: 442.000000 7269.000000 2346.000000
Center Node: 1605

District 40
Nodes: 41 45 50 111 132 185 207 216 233 307 350 365 400 441 478 498 527 616 621 632 678 690 697 833 860 863 925 989 1000 1005 1074 1237 1327 1373 1479 1521 1614 1637 1712 1812 1863 1966
Compactness: 3231.639518
Weights: 531.000000 8770.000000 2250.000000
Center Node: 216

District 41
Nodes: 34 54 89 98 161 261 337 340 370 504 557 576 582 664 752 796 906 921 977 1019 1145 1164 1181 1272 1306 1347 1364 1408 1430 1609 1654 1679 1731 1774 1781 1789 1815 1873 1889 1908 1910
Compactness: 2236.666982
Weights: 500.000000 8822.000000 2406.000000
Center Node: 921

District 42
Nodes: 31 93 193 270 316 407 458 497 516 528 568 581 607 707 789 851 922 958 961 980 1024 1122 1142 1228 1281 1283 1299 1355 1412 1419 1422 1451 1591 1594 1628 1644 1717 1831 1843 1925 1933 1950 1978
Compactness: 2994.348658
Weights: 551.000000 8772.000000 2435.000000
Center Node: 851

District 43
Nodes: 57 70 134 156 214 242 277 285 443 489 509 515 585 618 673 774 793 798 817 825 911 924 1174 1378 1386 1432 1473 1553 1627 1629 1632 1641 1768 1839 1848 1851 1865 1888 1928 1958 1990
Compactness: 2843.264120
Weights: 487.000000 8486.000000 2203.000000
Center Node: 1990

District 44
Nodes: 190 208 247 356 481 507 719 839 949 950 968 1090 1202 1282 1567 1633 1788 1809 1830 1947 1956 1965
Compactness: 939.254217
Weights: 260.000000 3673.000000 1348.000000
Center Node: 1282

District 45
Nodes: 29 64 96 183 224 273 348 369 597 625 668 699 721 857 859 928 1038 1050 1069 1082 1098 1106 1111 1153 1196 1261 1275 1305 1389 1396 1517 1571 1580 1636 1672 1702 1813 1877 1878 1919
Compactness: 3137.133995
Weights: 512.000000 8114.000000 2524.000000
Center Node: 1261

District 46
Nodes: 43 58 245 367 442 525 623 749 753 792 892 901 903 944 952 976 994 1097 1117 1216 1256 1293 1332 1333 1341 1346 1399 1481 1543 1574 1588 1590 1682 1718 1748 1780 1841 1860 1876 1982
Compactness: 3132.387139
Weights: 460.000000 7879.000000 2470.000000
Center Node: 1841

District 47
Nodes: 26 46 83 122 163 256 269 299 306 315 391 436 472 600 601 642 677 733 761 821 822 828 846 849 861 917 1075 1178 1208 1285 1359 1365 1379 1409 1454 1502 1630 1727 1739 1805 1817 1879 1895 1988
Compactness: 2781.814164
Weights: 536.000000 8812.000000 2703.000000
Center Node: 46

District 48
Nodes: 99 106 129 159 175 179 227 241 246 257 286 288 298 358 392 468 588 639 663 686 704 722 740 808 829 1016 1087 1100 1103 1130 1211 1268 1274 1296 1492 1586 1753 1807 1811 1833 1972
Compactness: 2678.616472
Weights: 501.000000 8922.000000 2203.000000
Center Node: 288

District 49
Nodes: 48 51 109 113 188 203 272 293 380 438 551 583 671 674 713 840 865 955 996 1003 1068 1110 1150 1151 1222 1241 1316 1368 1403 1469 1506 1512 1583 1615 1625 1720 1742 1757 1845 1849 1882 1911
Compactness: 2725.205194
Weights: 540.000000 7946.000000 2435.000000
Center Node: 840

District 50
Nodes: 115 151 237 260 311 314 327 432 541 543 579 626 682 751 862 920 940 1004 1023 1251 1326 1395 1525 1620
Compactness: 1158.649272
Weights: 293.000000 5186.000000 1317.000000
Center Node: 1023
