BalanceViolation 3927.059000
AffinityLoss 1892.000000
Compactness 60053.015105

District 1
Nodes: 1 23 67 69 72 73 93 232 329 349 467 498 531 553 583 633 813 867 913 930 943
Compactness: 1250.034912
Weights: 249.000000 4178.000000 1184.000000
Center Node: 329

District 2
Nodes: 104 146 163 176 200 214 282 287 296 400 411 608 635 659 696 733 734 956 962 972
Compactness: 1004.830018
Weights: 246.000000 4420.000000 1058.000000
Center Node: 696

District 3
Nodes: 61 100 118 203 251 313 424 449 501 527 613 651 677 883 884 891 948 996
Compactness: 1056.317783
Weights: 219.000000 4487.000000 1036.000000
Center Node: 527

District 4
Nodes: 32 40 49 169 188 231 243 301 306 325 348 361 371 392 456 590 621 666 742 768 887 914 935
Compactness: 1465.969448
Weights: 256.000000 4155.000000 1206.000000
Center Node: 371

District 5
Nodes: 83 142 168 226 255 433 435 451 477 699 702 817 826 851 855 856 874 902
Compactness: 982.456136
Weights: 231.000000 4095.000000 1212.000000
Center Node: 226

District 6
Nodes: 103 153 167 205 444 554 597 692 703 736 755 828 897 951 952 958 967 982
Compactness: 1041.014638
Weights: 216.000000 4230.000000 1196.000000
Center Node: 755

District 7
Nodes: 35 122 135 159 189 202 219 239 286 468 567 574 588 618 670 685 720 849 886
Compactness: 1235.369376
Weights: 252.000000 4275.000000 1164.000000
Center Node: 849

District 8
Nodes: 6 7 16 172 396 465 552 585 587 679 751 804 850 915 925 933 939 946
Compactness: 798.259173
Weights: 248.000000 3489.000000 1046.000000
Center Node: 16

District 9
Nodes: 88 99 139 150 222 236 390 429 440 480 503 543 718 746 919 932 976 988
Compactness: 1028.025195
Weights: 237.000000 3966.000000 917.000000
Center Node: 88

District 10
Nodes: 4 17 62 92 120 156 335 388 389 404 486 565 582 625 728 832 845 910 921 964 977
Compactness: 1316.767616
Weights: 268.000000 4286.000000 1225.000000
Center Node: 120

District 11
Nodes: 37 41 46 89 111 149 165 186 198 237 262 350 459 492 600 626 682 750 757 812 879 892
Compactness: 1140.536298
Weights: 231.000000 4431.000000 1066.000000
Center Node: 350

District 12
Nodes: 8 117 121 259 305 319 382 384 406 420 438 469 508 514 525 542 647 766 794 869 903 978
Compactness: 1359.756264
Weights: 244.000000 3914.000000 1352.000000
Center Node: 869

District 13
Nodes: 53 75 180 207 368 369 401 409 430 442 466 496 546 601 620 652 760 834 840 929
Compactness: 1022.734424
Weights: 240.000000 4456.000000 1120.000000
Center Node: 466

District 14
Nodes: 77 78 183 223 249 310 322 323 345 353 526 634 713 753 754 767 782 784 862 868 905 945
Compactness: 1393.124357
Weights: 288.000000 4158.000000 1172.000000
Center Node: 862

District 15
Nodes: 29 57 91 240 398 566 584 599 627 684 717 749 785 800 829 831 880 950
Compactness: 816.731638
Weights: 229.000000 4412.000000 1078.000000
Center Node: 800

District 16
Nodes: 3 108 129 174 246 252 260 331 374 394 447 450 564 604 687 689 697 748 791 901 924 928
Compactness: 1411.077271
Weights: 229.000000 4359.000000 1220.000000
Center Node: 174

District 17
Nodes: 20 76 123 210 254 274 314 320 509 510 516 518 532 534 643 672 758 857 918 941 997
Compactness: 1050.370441
Weights: 254.000000 4417.000000 1089.000000
Center Node: 918

District 18
Nodes: 42 55 74 98 107 134 220 234 278 363 481 495 551 560 615 616 671 678 759 934 957
Compactness: 1127.740422
Weights: 258.000000 4469.000000 1052.000000
Center Node: 107

District 19
Nodes: 25 80 110 212 292 336 385 405 423 461 464 558 575 605 614 675 777 796 893 917
Compactness: 945.337178
Weights: 247.000000 4091.000000 1188.000000
Center Node: 605

District 20
Nodes: 114 170 177 244 358 364 367 402 432 434 529 639 727 793 803 861 940 944 953 985
Compactness: 1261.569897
Weights: 263.000000 4099.000000 1172.000000
Center Node: 244

District 21
Nodes: 44 95 128 143 173 253 315 327 426 431 473 533 611 632 721 799 822 852 873 875
Compactness: 1311.700369
Weights: 221.000000 4469.000000 1183.000000
Center Node: 128

District 22
Nodes: 15 68 82 164 184 229 275 425 436 482 490 640 661 690 789 870 896 931 936
Compactness: 1374.745525
Weights: 224.000000 3430.000000 1231.000000
Center Node: 436

District 23
Nodes: 148 191 417 472 500 569 622 630 653 704 712 714 730 775 778 792 798 890 954 989
Compactness: 1462.213255
Weights: 251.000000 4031.000000 1034.000000
Center Node: 714

District 24
Nodes: 10 132 147 261 415 445 446 474 478 555 628 642 688 691 809 825 872 877 907 911
Compactness: 1156.895773
Weights: 243.000000 3592.000000 1225.000000
Center Node: 628

District 25
Nodes: 27 33 124 126 131 137 140 241 242 265 279 381 408 427 439 511 513 577 735 787 820
Compactness: 1177.684754
Weights: 272.000000 4548.000000 1079.000000
Center Node: 33

District 26
Nodes: 51 115 201 347 380 413 470 479 541 576 668 681 722 752 771 864
Compactness: 1067.266371
Weights: 186.000000 4272.000000 1159.000000
Center Node: 576

District 27
Nodes: 79 94 264 272 309 321 355 366 437 448 520 595 638 646 686 709 763 815 833 838 844 991
Compactness: 1472.813568
Weights: 254.000000 4171.000000 1305.000000
Center Node: 520

District 28
Nodes: 31 59 65 96 136 162 281 359 489 579 607 636 667 711 741 774 805 876 938
Compactness: 1492.559261
Weights: 233.000000 4518.000000 1080.000000
Center Node: 741

District 29
Nodes: 38 105 119 171 208 268 269 295 330 475 540 578 586 648 663 719 781 788 999
Compactness: 1160.280592
Weights: 231.000000 4053.000000 1168.000000
Center Node: 999

District 30
Nodes: 26 63 192 273 294 298 377 410 483 535 563 797 802 842 906 927 971 980
Compactness: 1066.903072
Weights: 206.000000 4157.000000 1178.000000
Center Node: 294

District 31
Nodes: 11 56 113 138 141 204 221 328 334 351 458 484 559 561 631 708 790 818 920 992
Compactness: 962.595591
Weights: 242.000000 4123.000000 1214.000000
Center Node: 631

District 32
Nodes: 24 70 144 216 233 290 304 324 338 375 441 463 493 641 698 705 780 823 827 836 846 885 916 983
Compactness: 1589.270566
Weights: 307.000000 4422.000000 1080.000000
Center Node: 698

District 33
Nodes: 18 45 116 151 190 199 211 276 280 283 312 362 488 723 739 824 841 848 858 900 922
Compactness: 1109.761503
Weights: 262.000000 4149.000000 1202.000000
Center Node: 824

District 34
Nodes: 332 379 383 395 414 418 568 623 693 706 743 769 776 779 783 847 865 904 912
Compactness: 1134.668277
Weights: 243.000000 4509.000000 1096.000000
Center Node: 693

District 35
Nodes: 218 257 277 341 356 421 443 504 505 519 596 617 660 665 695 710 716 731 816 830 942
Compactness: 876.896820
Weights: 227.000000 4465.000000 1102.000000
Center Node: 695

District 36
Nodes: 30 109 195 230 263 266 422 457 460 556 674 680 683 724 738 770 835 926 949 965
Compactness: 978.066687
Weights: 217.000000 4417.000000 884.000000
Center Node: 109

District 37
Nodes: 64 194 300 308 393 522 523 537 573 581 654 669 715 744 795 806 837 863 881 974
Compactness: 2002.536362
Weights: 210.000000 4395.000000 1241.000000
Center Node: 669

District 38
Nodes: 2 28 152 154 179 285 318 354 365 370 428 502 539 570 598 629 649 694 726 814 843 923
Compactness: 1116.421089
Weights: 260.000000 4392.000000 1146.000000
Center Node: 2

District 39
Nodes: 13 60 71 81 127 209 224 227 267 291 372 485 521 524 592 602 655 871 898
Compactness: 1276.072067
Weights: 221.000000 4420.000000 1072.000000
Center Node: 60

District 40
Nodes: 5 157 248 293 317 352 407 589 612 637 801 810 908 969 970 979 987 993
Compactness: 949.552883
Weights: 207.000000 4067.000000 1101.000000
Center Node: 969

District 41
Nodes: 0 12 52 66 85 166 346 453 506 507 545 557 591 603 701 725 747 772 808 959
Compactness: 1006.034608
Weights: 253.000000 4226.000000 1204.000000
Center Node: 591

District 42
Nodes: 39 86 130 160 175 256 299 387 399 455 610 662 700 707 729 740 821 866 888 955 966
Compactness: 1203.830844
Weights: 225.000000 4450.000000 1121.000000
Center Node: 299

District 43
Nodes: 21 43 47 125 133 158 178 182 197 213 217 245 289 343 548 571 593 664 811 878
Compactness: 1146.190298
Weights: 261.000000 4208.000000 1231.000000
Center Node: 245

District 44
Nodes: 58 196 238 297 337 386 403 476 517 528 594 609 624 673 762 764 786 854 859 889
Compactness: 1144.409401
Weights: 238.000000 4192.000000 1195.000000
Center Node: 238

District 45
Nodes: 14 87 90 155 271 333 339 340 491 494 549 644 650 676 732 853 895 984 990
Compactness: 1296.072330
Weights: 263.000000 4291.000000 1262.000000
Center Node: 732

District 46
Nodes: 48 206 342 373 376 397 454 462 471 487 497 512 530 536 619 882 973 981 994
Compactness: 1170.736986
Weights: 190.000000 4358.000000 1076.000000
Center Node: 471

District 47
Nodes: 22 34 84 97 112 161 193 225 288 344 360 378 544 550 580 860 960 963 986
Compactness: 1475.772081
Weights: 207.000000 4573.000000 1190.000000
Center Node: 360

District 48
Nodes: 19 101 145 185 187 215 235 258 284 302 307 416 452 515 538 562 606 656 745 761 947 998
Compactness: 1371.189560
Weights: 308.000000 4161.000000 1191.000000
Center Node: 656

District 49
Nodes: 9 102 106 270 326 357 412 419 547 572 645 658 737 756 819 839 894 899 909 937 968
Compactness: 1510.993056
Weights: 219.000000 4531.000000 1158.000000
Center Node: 106

District 50
Nodes: 36 50 54 181 228 247 250 303 311 316 391 499 657 765 773 807 961 975 995
Compactness: 1280.859073
Weights: 219.000000 4127.000000 1053.000000
Center Node: 807
