BalanceViolation 3237.529000
AffinityLoss 944.000000
Compactness 32977.634633

District 1
Nodes: 1 27 40 89 104 106 121 277 310 327
Compactness: 641.849957
Weights: 131.000000 2310.000000 712.000000
Center Node: 1

District 2
Nodes: 77 79 114 146 213 366 428 465 485
Compactness: 394.079465
Weights: 118.000000 2174.000000 594.000000
Center Node: 146

District 3
Nodes: 41 62 101 188 263 289 319 369 403 433
Compactness: 607.388424
Weights: 137.000000 2077.000000 543.000000
Center Node: 319

District 4
Nodes: 29 151 162 163 165 354 421 449
Compactness: 276.149794
Weights: 110.000000 1374.000000 542.000000
Center Node: 421

District 5
Nodes: 112 196 218 280 304 317 318 326 355 372 442 480
Compactness: 1408.849836
Weights: 122.000000 2083.000000 643.000000
Center Node: 355

District 6
Nodes: 119 123 143 158 217 300 360 418 448
Compactness: 507.142353
Weights: 111.000000 2062.000000 559.000000
Center Node: 217

District 7
Nodes: 24 31 64 84 110 144 191 303 432 467 484 487
Compactness: 878.027773
Weights: 168.000000 2264.000000 686.000000
Center Node: 484

District 8
Nodes: 19 59 164 199 211 226 236 237 251 337
Compactness: 556.463527
Weights: 130.000000 2059.000000 636.000000
Center Node: 59

District 9
Nodes: 11 13 52 78 174 388 425 438 495
Compactness: 696.487525
Weights: 102.000000 2133.000000 356.000000
Center Node: 388

District 10
Nodes: 10 17 38 50 55 87 313 322 347 348 488
Compactness: 824.413767
Weights: 116.000000 2066.000000 675.000000
Center Node: 55

District 11
Nodes: 35 76 131 169 192 200 205 219 221 391 497
Compactness: 951.662759
Weights: 131.000000 2243.000000 617.000000
Center Node: 391

District 12
Nodes: 34 71 120 130 157 178 204 232 287 413 446
Compactness: 916.001798
Weights: 184.000000 2037.000000 655.000000
Center Node: 34

District 13
Nodes: 18 74 133 182 240 244 270 271 330 339 353
Compactness: 702.557648
Weights: 144.000000 2265.000000 464.000000
Center Node: 339

District 14
Nodes: 22 137 141 159 180 202 258 324 333 454 473 493
Compactness: 767.416338
Weights: 109.000000 2276.000000 792.000000
Center Node: 137

District 15
Nodes: 33 36 82 173 189 254 336 370 394 430
Compactness: 732.194581
Weights: 105.000000 2144.000000 647.000000
Center Node: 36

District 16
Nodes: 92 167 195 223 309 387 437 440 482
Compactness: 404.640102
Weights: 104.000000 2066.000000 517.000000
Center Node: 223

District 17
Nodes: 80 208 212 216 290 325 373 406 491
Compactness: 663.962068
Weights: 105.000000 2211.000000 538.000000
Center Node: 290

District 18
Nodes: 9 20 75 129 145 275 298 439 453 496
Compactness: 339.381787
Weights: 141.000000 1973.000000 631.000000
Center Node: 439

District 19
Nodes: 96 117 245 297 343 344 400 423
Compactness: 1111.176555
Weights: 116.000000 2251.000000 558.000000
Center Node: 96

District 20
Nodes: 171 256 265 286 299 335 422 451 489
Compactness: 589.805048
Weights: 131.000000 2092.000000 578.000000
Center Node: 171

District 21
Nodes: 45 60 70 111 284 312 340 378 397 411 490
Compactness: 826.212316
Weights: 145.000000 2088.000000 547.000000
Center Node: 378

District 22
Nodes: 12 51 65 115 206 288 316 386 456
Compactness: 520.018722
Weights: 120.000000 2087.000000 640.000000
Center Node: 51

District 23
Nodes: 53 57 183 214 249 261 291 375 383 392 399
Compactness: 455.261840
Weights: 130.000000 2066.000000 641.000000
Center Node: 249

District 24
Nodes: 21 37 46 85 156 201 225 239 367 401 472
Compactness: 663.030659
Weights: 149.000000 2192.000000 590.000000
Center Node: 472

District 25
Nodes: 25 134 140 323 351 359 382 420 426 470
Compactness: 971.969709
Weights: 119.000000 2138.000000 565.000000
Center Node: 134

District 26
Nodes: 61 116 125 243 260 345 352 435 436
Compactness: 547.845760
Weights: 129.000000 2194.000000 526.000000
Center Node: 352

District 27
Nodes: 16 43 98 135 148 154 197 393 412 416 462
Compactness: 547.434542
Weights: 128.000000 2230.000000 559.000000
Center Node: 416

District 28
Nodes: 3 28 224 231 294 331 376 395 452 455 466
Compactness: 692.458716
Weights: 129.000000 2252.000000 626.000000
Center Node: 231

District 29
Nodes: 49 66 83 99 136 283 301 417 441 460 468
Compactness: 793.342325
Weights: 130.000000 2060.000000 616.000000
Center Node: 83

District 30
Nodes: 88 160 168 170 203 234 273 445 447 458
Compactness: 541.044564
Weights: 118.000000 2307.000000 553.000000
Center Node: 445

District 31
Nodes: 56 93 118 149 176 184 241 296 334 342
Compactness: 443.266720
Weights: 128.000000 2295.000000 522.000000
Center Node: 296

District 32
Nodes: 5 42 48 94 138 153 166 230 252 306 450
Compactness: 836.489971
Weights: 151.000000 2142.000000 595.000000
Center Node: 252

District 33
Nodes: 6 105 124 126 127 209 210 215 278 357 385 479
Compactness: 817.356291
Weights: 156.000000 2296.000000 609.000000
Center Node: 210

District 34
Nodes: 73 97 109 139 185 227 311 314 328 384
Compactness: 509.568669
Weights: 128.000000 2010.000000 621.000000
Center Node: 97

District 35
Nodes: 7 39 113 193 247 402 415 434 459 494
Compactness: 549.565814
Weights: 119.000000 2262.000000 603.000000
Center Node: 434

District 36
Nodes: 177 220 282 305 308 390 410 477
Compactness: 449.531157
Weights: 81.000000 2157.000000 607.000000
Center Node: 220

District 37
Nodes: 100 147 194 257 274 279 292 295 307 409 414
Compactness: 608.138576
Weights: 142.000000 2220.000000 571.000000
Center Node: 307

District 38
Nodes: 32 47 181 198 229 267 320 424 444 481
Compactness: 449.408979
Weights: 86.000000 2064.000000 579.000000
Center Node: 198

District 39
Nodes: 26 233 242 262 272 321 350 408 483
Compactness: 413.882520
Weights: 117.000000 2217.000000 535.000000
Center Node: 242

District 40
Nodes: 63 108 142 250 281 285 358 381 463 476 492
Compactness: 1721.657465
Weights: 113.000000 2251.000000 589.000000
Center Node: 492

District 41
Nodes: 23 68 107 187 207 253 266 404 405
Compactness: 617.162450
Weights: 119.000000 2001.000000 653.000000
Center Node: 266

District 42
Nodes: 69 95 155 179 190 356 362 419 475
Compactness: 472.575471
Weights: 134.000000 2207.000000 466.000000
Center Node: 362

District 43
Nodes: 0 152 235 259 264 293 341 361 379 431
Compactness: 999.292242
Weights: 148.000000 2072.000000 540.000000
Center Node: 341

District 44
Nodes: 4 8 132 175 255 269 407 427 457 461
Compactness: 620.517736
Weights: 98.000000 2162.000000 537.000000
Center Node: 8

District 45
Nodes: 14 72 90 228 302 363 398 486
Compactness: 420.296245
Weights: 60.000000 2294.000000 499.000000
Center Node: 72

District 46
Nodes: 30 54 58 67 122 172 365 380 389 396 471
Compactness: 579.057135
Weights: 120.000000 2101.000000 502.000000
Center Node: 122

District 47
Nodes: 86 161 222 248 346 364 371 377 478 499
Compactness: 697.943978
Weights: 135.000000 2229.000000 535.000000
Center Node: 364

District 48
Nodes: 150 246 268 315 332 338 349 374 469
Compactness: 417.619230
Weights: 120.000000 2259.000000 495.000000
Center Node: 315

District 49
Nodes: 44 81 91 128 238 329 368 443 464
Compactness: 417.654932
Weights: 109.000000 2047.000000 573.000000
Center Node: 44

District 50
Nodes: 2 15 102 103 186 276 429 474 498
Compactness: 408.378794
Weights: 118.000000 2181.000000 356.000000
Center Node: 2
