BalanceViolation 1898.688000
AffinityLoss 3902.000000
Compactness 128695.899256

District 1
Nodes: 0 38 63 140 153 210 314 336 340 398 426 546 568 571 574 660 669 689 734 801 804 826 840 903 915 974 1047 1114 1145 1178 1255 1271 1272 1404 1427 1681 1702 1716 1766 1770
Compactness: 2597.978559
Weights: 456.000000 8735.000000 2374.000000
Center Node: 1255

District 2
Nodes: 48 88 113 128 324 329 363 374 385 434 566 584 664 687 739 742 803 852 909 918 994 1061 1067 1101 1133 1151 1420 1466 1473 1499 1517 1535 1543 1547 1684 1705 1794 1801 1845
Compactness: 2765.839620
Weights: 492.000000 8676.000000 2335.000000
Center Node: 48

District 3
Nodes: 6 40 62 130 194 206 228 277 371 413 536 542 649 659 774 816 849 902 965 1024 1099 1165 1206 1222 1259 1453 1552 1610 1649 1669 1691 1713 1719 1754 1793 1955 1965
Compactness: 1893.414936
Weights: 379.000000 8103.000000 1969.000000
Center Node: 1206

District 4
Nodes: 15 66 107 227 296 331 357 400 436 454 463 498 522 654 717 784 855 860 908 912 923 942 947 1023 1106 1132 1147 1191 1220 1234 1310 1376 1419 1479 1658 1708 1712 1771 1772 1790 1802 1820
Compactness: 2561.810963
Weights: 528.000000 8755.000000 2021.000000
Center Node: 1234

District 5
Nodes: 70 85 110 115 180 192 212 218 248 333 337 497 514 528 548 595 622 641 647 703 727 755 811 837 861 863 872 895 1001 1104 1326 1494 1836 1858 1899 1900 1907 1960
Compactness: 2709.383255
Weights: 458.000000 7958.000000 2228.000000
Center Node: 1900

District 6
Nodes: 3 152 191 193 230 249 318 319 334 359 381 421 422 423 464 583 702 731 817 976 977 1102 1223 1318 1411 1417 1444 1486 1503 1514 1620 1638 1643 1695 1748 1779 1885 1886 1921 1928 1937 1956
Compactness: 2485.126563
Weights: 458.000000 8402.000000 2270.000000
Center Node: 1885

District 7
Nodes: 16 125 145 150 262 270 283 313 565 579 582 593 619 662 721 759 822 844 847 850 1008 1017 1049 1115 1247 1292 1293 1314 1317 1429 1469 1490 1566 1568 1629 1734 1812 1833 1848 1872 1873 1905 1981
Compactness: 3046.604119
Weights: 520.000000 8162.000000 2141.000000
Center Node: 1292

District 8
Nodes: 9 53 90 121 170 226 266 284 292 293 308 405 455 517 533 575 591 620 745 876 878 925 951 973 1019 1050 1076 1085 1092 1119 1216 1307 1308 1394 1455 1586 1800 1920 1938
Compactness: 3813.230694
Weights: 473.000000 7992.000000 2460.000000
Center Node: 170

District 9
Nodes: 39 102 220 288 291 309 362 377 407 456 561 590 665 682 688 785 815 830 857 956 967 1035 1036 1169 1294 1348 1353 1385 1387 1443 1485 1516 1522 1570 1579 1599 1609 1657 1725 1727 1741 1826 1950 1982
Compactness: 2095.701357
Weights: 497.000000 8582.000000 2331.000000
Center Node: 1599

District 10
Nodes: 52 67 95 136 181 302 339 395 425 592 612 636 706 720 762 790 810 814 898 979 1004 1007 1034 1118 1231 1236 1281 1289 1350 1386 1399 1434 1480 1518 1592 1673 1722 1736 1738 1797 1878 1910 1977
Compactness: 6512.803737
Weights: 454.000000 8655.000000 2341.000000
Center Node: 898

District 11
Nodes: 59 78 89 97 124 298 458 460 499 508 747 749 752 920 933 1110 1195 1204 1243 1296 1465 1502 1590 1651 1714 1749 1776 1783 1788 1837 1846 1849 1867 1871 1889 1948 1966 1969
Compactness: 2064.004217
Weights: 494.000000 8245.000000 2351.000000
Center Node: 1846

District 12
Nodes: 17 55 80 165 223 312 376 509 559 625 637 650 684 777 796 865 893 921 962 975 986 1003 1033 1157 1179 1199 1219 1238 1355 1438 1546 1816 1825 1831 1832 1864 1953
Compactness: 1946.904199
Weights: 398.000000 7847.000000 1961.000000
Center Node: 1179

District 13
Nodes: 47 91 198 332 346 352 396 457 506 580 741 899 991 1014 1020 1046 1048 1136 1143 1176 1224 1233 1276 1282 1313 1365 1366 1383 1388 1441 1447 1482 1533 1573 1645 1763 1764 1851 1891 1971 1984
Compactness: 2494.899001
Weights: 491.000000 8592.000000 2370.000000
Center Node: 506

District 14
Nodes: 320 369 372 442 444 480 524 530 532 623 634 710 758 823 836 900 949 954 1002 1081 1141 1164 1185 1189 1226 1261 1268 1273 1374 1416 1426 1457 1531 1541 1648 1675 1678 1698 1807 1924 1933
Compactness: 2551.866168
Weights: 495.000000 8732.000000 2318.000000
Center Node: 1416

District 15
Nodes: 37 65 86 166 201 203 232 321 341 479 492 496 515 538 581 633 798 904 970 988 1000 1066 1120 1330 1408 1483 1495 1504 1565 1616 1621 1647 1709 1728 1781 1892 1989 1995
Compactness: 2209.092358
Weights: 426.000000 8613.000000 2321.000000
Center Node: 321

District 16
Nodes: 5 25 76 79 119 240 253 272 304 307 356 391 419 430 435 489 505 573 588 627 711 751 901 941 989 1025 1044 1056 1131 1232 1252 1428 1461 1470 1496 1540 1550 1671 1703 1870 1914
Compactness: 2722.614634
Weights: 491.000000 8148.000000 2269.000000
Center Node: 901

District 17
Nodes: 19 46 92 147 171 185 219 234 246 297 330 343 410 483 493 718 748 754 780 894 937 1072 1077 1138 1170 1256 1336 1368 1377 1439 1491 1500 1608 1623 1723 1733 1785 1855 1868 1890 1908 1940
Compactness: 3175.046202
Weights: 501.000000 8168.000000 2145.000000
Center Node: 219

District 18
Nodes: 138 143 316 378 428 518 534 539 679 726 808 824 838 839 845 922 944 984 1028 1068 1070 1080 1127 1175 1210 1242 1287 1302 1321 1344 1379 1400 1556 1641 1710 1861 1925 1931 1983 1996
Compactness: 2957.994247
Weights: 507.000000 7994.000000 2205.000000
Center Node: 316

District 19
Nodes: 21 75 98 204 233 256 344 431 453 465 503 507 605 610 712 724 818 871 927 943 995 1011 1139 1201 1249 1278 1298 1392 1530 1576 1617 1696 1729 1751 1828 1904
Compactness: 1833.686816
Weights: 459.000000 8053.000000 2350.000000
Center Node: 927

District 20
Nodes: 42 127 148 214 222 243 254 347 417 447 469 550 552 597 672 889 917 932 993 1227 1239 1244 1277 1359 1423 1459 1513 1564 1572 1622 1676 1694 1721 1762 1789 1792 1829 1830 1896 1941 1962
Compactness: 2881.148441
Weights: 472.000000 8339.000000 2370.000000
Center Node: 1459

District 21
Nodes: 1 126 134 173 199 202 250 290 301 303 350 380 414 439 443 448 450 520 557 772 791 800 813 853 891 1084 1209 1253 1311 1357 1414 1523 1637 1685 1689 1784 1834 1923 1929 1947 1967 1978
Compactness: 2768.395888
Weights: 472.000000 8789.000000 2238.000000
Center Node: 813

District 22
Nodes: 7 10 12 29 160 242 257 325 358 476 511 599 606 632 644 655 783 794 859 869 952 981 1026 1045 1075 1088 1140 1221 1251 1312 1335 1548 1561 1628 1715 1773 1822 1857 1877 1990
Compactness: 2623.853869
Weights: 474.000000 8154.000000 2243.000000
Center Node: 869

District 23
Nodes: 8 18 31 81 82 174 178 259 268 276 294 299 351 368 427 440 611 677 700 736 835 1059 1184 1193 1347 1373 1389 1402 1501 1520 1545 1577 1594 1635 1761 1795 1841 1911 1973
Compactness: 2169.754727
Weights: 453.000000 8653.000000 2352.000000
Center Node: 835

District 24
Nodes: 2 56 142 157 162 187 271 383 468 501 560 577 602 692 704 842 854 929 936 1086 1329 1334 1352 1364 1424 1460 1489 1507 1534 1582 1653 1668 1711 1726 1782 1808 1815 1926
Compactness: 2309.602384
Weights: 467.000000 8635.000000 2354.000000
Center Node: 1334

District 25
Nodes: 27 32 50 104 122 135 154 239 327 328 348 541 624 678 732 877 935 1089 1097 1100 1105 1135 1196 1212 1235 1267 1284 1306 1325 1403 1418 1456 1458 1563 1574 1640 1760 1854 1917 1919 1987
Compactness: 2138.293923
Weights: 454.000000 8743.000000 2376.000000
Center Node: 624

District 26
Nodes: 28 51 108 158 305 311 342 472 535 685 691 707 709 848 880 969 980 1071 1108 1113 1129 1205 1225 1241 1264 1322 1358 1382 1384 1430 1432 1435 1478 1529 1560 1571 1810 1856 1963
Compactness: 1960.270381
Weights: 450.000000 8363.000000 2328.000000
Center Node: 1113

District 27
Nodes: 77 99 175 200 231 278 367 393 471 569 589 653 715 735 764 779 875 1037 1057 1065 1069 1177 1320 1511 1549 1583 1605 1613 1650 1666 1667 1746 1791 1827 1852 1862 1894 1906 1915 1922 1961 1964
Compactness: 2761.674565
Weights: 493.000000 8268.000000 2372.000000
Center Node: 1746

District 28
Nodes: 182 190 196 251 261 287 326 335 365 373 409 510 615 663 714 787 788 870 940 946 997 1125 1152 1158 1229 1260 1262 1263 1266 1323 1343 1354 1367 1742 1804 1884 1944 1952 1980 1991
Compactness: 2140.157714
Weights: 498.000000 8760.000000 2143.000000
Center Node: 997

District 29
Nodes: 20 84 93 103 131 137 161 252 315 406 452 490 495 500 587 594 621 651 652 705 737 873 890 913 914 938 1060 1073 1074 1093 1211 1214 1309 1437 1515 1569 1615 1699 1718
Compactness: 2100.330698
Weights: 534.000000 7931.000000 2376.000000
Center Node: 84

District 30
Nodes: 4 26 34 35 87 105 144 263 353 366 484 527 549 614 642 675 756 806 819 851 874 930 964 966 983 1087 1172 1200 1257 1361 1433 1481 1589 1626 1778 1798 1809 1882 1939
Compactness: 3157.375584
Weights: 492.000000 8506.000000 2358.000000
Center Node: 527

District 31
Nodes: 36 49 73 112 146 244 282 295 401 445 451 545 553 626 673 834 888 950 1006 1022 1038 1095 1116 1121 1122 1134 1174 1194 1198 1254 1341 1349 1380 1484 1506 1542 1596 1682 1706 1735 1979 1992 1993
Compactness: 3013.814004
Weights: 490.000000 8452.000000 2340.000000
Center Node: 1121

District 32
Nodes: 111 132 163 205 229 275 446 473 481 618 656 722 829 833 996 999 1031 1208 1280 1291 1390 1422 1498 1595 1602 1677 1692 1700 1720 1759 1799 1819 1875 1893 1895 1927 1968 1986
Compactness: 1921.923789
Weights: 467.000000 7743.000000 2128.000000
Center Node: 999

District 33
Nodes: 44 64 156 169 215 300 416 433 485 487 526 551 676 696 738 781 841 868 885 958 963 1058 1142 1290 1362 1378 1396 1425 1446 1450 1464 1492 1524 1553 1581 1598 1631 1639 1660 1687 1774 1879 1976
Compactness: 2364.256017
Weights: 479.000000 8508.000000 2344.000000
Center Node: 676

District 34
Nodes: 41 60 100 116 172 207 238 264 387 388 512 540 680 690 753 782 792 1042 1107 1154 1159 1163 1250 1401 1413 1454 1471 1538 1539 1557 1664 1683 1743 1753 1803 1850 1887 1898 1935 1998
Compactness: 2727.038652
Weights: 448.000000 8758.000000 2319.000000
Center Node: 1803

District 35
Nodes: 24 213 235 241 245 269 355 360 364 399 482 598 648 658 730 760 821 911 961 1018 1109 1124 1137 1217 1245 1301 1316 1324 1338 1409 1415 1493 1505 1537 1627 1634 1670 1717 1756 1880 1994
Compactness: 2700.078837
Weights: 487.000000 8719.000000 2280.000000
Center Node: 648

District 36
Nodes: 22 216 260 345 390 394 403 494 604 635 639 674 694 701 725 728 765 786 832 924 1055 1083 1094 1111 1207 1215 1240 1381 1395 1397 1528 1532 1567 1652 1730 1813 1883 1930 1975
Compactness: 2300.038534
Weights: 440.000000 8735.000000 2347.000000
Center Node: 260

District 37
Nodes: 168 285 323 412 486 488 558 567 601 608 670 708 750 773 797 825 867 931 955 972 982 985 1053 1090 1153 1269 1295 1476 1509 1646 1662 1686 1744 1767 1786 1823 1869 1909 1942 1972 1974
Compactness: 3332.905365
Weights: 476.000000 8745.000000 2324.000000
Center Node: 1662

District 38
Nodes: 30 101 155 164 221 267 286 370 467 578 616 645 695 699 713 771 827 846 892 905 959 1041 1126 1128 1168 1246 1315 1339 1371 1375 1463 1472 1575 1612 1655 1796 1824 1866 1902 1913
Compactness: 2562.068175
Weights: 517.000000 8039.000000 2103.000000
Center Node: 959

District 39
Nodes: 33 45 94 139 225 310 429 466 513 521 613 638 697 733 740 767 795 843 864 881 907 1012 1013 1040 1144 1288 1305 1421 1487 1587 1618 1661 1745 1821 1840 1876 1951
Compactness: 1990.556857
Weights: 481.000000 8750.000000 2197.000000
Center Node: 1421

District 40
Nodes: 23 74 106 120 184 379 392 418 519 562 603 723 770 807 809 887 953 968 1098 1103 1188 1197 1279 1299 1332 1445 1451 1474 1519 1593 1607 1625 1665 1707 1758 1817 1844 1957 1959 1999
Compactness: 2257.848335
Weights: 498.000000 8538.000000 2281.000000
Center Node: 809

District 41
Nodes: 72 123 129 197 208 237 255 415 420 432 437 470 523 607 681 766 768 897 987 1016 1021 1149 1180 1274 1328 1360 1363 1393 1436 1510 1512 1591 1604 1659 1690 1863
Compactness: 2033.883207
Weights: 467.000000 7914.000000 2079.000000
Center Node: 432

District 42
Nodes: 54 83 224 338 402 404 572 600 643 716 793 820 879 882 906 926 948 1015 1043 1051 1173 1192 1213 1218 1297 1303 1340 1356 1488 1527 1584 1600 1642 1654 1680 1731 1768 1842 1888 1903
Compactness: 2180.072487
Weights: 490.000000 8737.000000 2143.000000
Center Node: 1731

District 43
Nodes: 13 61 68 149 188 236 280 449 477 596 609 630 743 744 746 856 945 957 971 998 1029 1032 1062 1082 1096 1112 1167 1183 1248 1300 1319 1345 1551 1558 1562 1588 1619 1633 1644 1936
Compactness: 2053.954847
Weights: 491.000000 7955.000000 2203.000000
Center Node: 1112

District 44
Nodes: 43 58 133 349 384 389 504 543 547 555 576 646 661 666 802 805 812 928 990 1005 1052 1063 1162 1187 1265 1351 1370 1405 1606 1611 1679 1739 1755 1775 1787 1805 1860 1943 1997
Compactness: 2366.207380
Weights: 500.000000 8074.000000 2183.000000
Center Node: 543

District 45
Nodes: 11 159 179 195 211 258 273 317 322 424 478 537 556 667 763 775 776 789 831 862 866 919 1078 1160 1166 1186 1202 1304 1337 1346 1412 1440 1462 1467 1468 1521 1555 1603 1672 1865 1881 1934 1945
Compactness: 2999.944165
Weights: 493.000000 8121.000000 2340.000000
Center Node: 1412

District 46
Nodes: 109 306 386 462 502 564 570 586 757 886 1009 1010 1064 1091 1123 1130 1146 1155 1156 1161 1190 1270 1275 1286 1327 1372 1431 1442 1449 1477 1559 1585 1614 1701 1737 1747 1814 1853 1859 1958
Compactness: 2262.292907
Weights: 498.000000 8039.000000 2169.000000
Center Node: 1190

District 47
Nodes: 177 183 189 382 397 411 441 474 544 554 585 617 629 631 640 671 719 761 858 1182 1203 1237 1331 1398 1406 1410 1475 1526 1578 1597 1663 1674 1697 1704 1752 1811 1835 1918 1949 1954
Compactness: 2699.594242
Weights: 453.000000 7983.000000 2235.000000
Center Node: 1811

District 48
Nodes: 69 167 217 247 279 289 354 475 516 525 529 628 668 686 883 884 916 939 960 1027 1150 1171 1285 1333 1448 1452 1554 1580 1601 1630 1632 1765 1769 1777 1818 1932 1988
Compactness: 2365.768429
Weights: 464.000000 8203.000000 2155.000000
Center Node: 475

District 49
Nodes: 14 96 117 118 141 186 274 408 438 459 531 657 683 698 778 828 896 992 1148 1230 1283 1342 1369 1391 1508 1525 1544 1688 1693 1724 1732 1750 1757 1806 1843 1847 1874 1901 1916 1970 1985
Compactness: 2616.197289
Weights: 548.000000 7405.000000 2202.000000
Center Node: 117

District 50
Nodes: 57 71 114 151 176 209 265 281 361 375 461 491 563 693 729 769 799 910 934 978 1030 1039 1054 1079 1117 1181 1228 1258 1407 1497 1536 1624 1636 1656 1740 1780 1838 1839 1897 1912 1946
Compactness: 2498.595920
Weights: 431.000000 7975.000000 2357.000000
Center Node: 265
