BalanceViolation 5054.801000
AffinityLoss 3943.000000
Compactness 118684.251714

District 1
Nodes: 58 135 184 215 367 373 483 525 548 606 624 732 753 773 845 871 916 938 976 1097 1161 1256 1293 1329 1380 1481 1486 1511 1543 1570 1590 1607 1682 1841 1894 1902 1904
Compactness: 2077.259448
Weights: 410.000000 8043.000000 2311.000000
Center Node: 871

District 2
Nodes: 38 115 151 166 231 237 260 265 311 314 327 343 432 440 447 541 543 626 682 737 751 862 920 940 990 1004 1023 1326 1395 1429 1471 1525 1569 1620 1703 1754 1758
Compactness: 2312.265820
Weights: 447.000000 7541.000000 1996.000000
Center Node: 1004

District 3
Nodes: 1 45 132 137 207 226 248 296 303 400 466 578 591 610 621 632 641 648 678 785 858 925 947 972 1000 1005 1033 1035 1046 1194 1231 1237 1318 1373 1417 1485 1554 1614 1617 1658 1796 1975
Compactness: 2600.756109
Weights: 531.000000 8720.000000 2240.000000
Center Node: 591

District 4
Nodes: 3 124 147 313 363 454 477 488 493 517 536 672 780 811 819 874 959 965 975 1053 1120 1242 1294 1431 1443 1452 1533 1549 1572 1665 1687 1711 1755 1786 1787 1808 1901 1935 1970
Compactness: 2195.223282
Weights: 447.000000 8566.000000 2367.000000
Center Node: 454

District 5
Nodes: 34 279 295 326 418 428 470 502 508 550 557 615 633 797 807 812 868 933 962 977 1149 1164 1181 1185 1262 1286 1306 1343 1364 1411 1439 1497 1498 1528 1546 1558 1624 1731 1873 1910
Compactness: 3937.274501
Weights: 497.000000 8546.000000 2326.000000
Center Node: 470

District 6
Nodes: 172 211 243 299 429 457 479 494 518 604 721 731 739 790 831 859 899 930 957 987 999 1075 1178 1179 1245 1359 1379 1400 1409 1454 1490 1587 1630 1635 1673 1773 1782 1825 1844 1953 1959
Compactness: 2533.597675
Weights: 514.000000 8654.000000 2285.000000
Center Node: 957

District 7
Nodes: 220 263 276 290 328 346 417 462 558 596 631 643 653 695 725 886 973 974 985 1029 1042 1063 1372 1406 1407 1455 1530 1535 1541 1547 1560 1602 1650 1713 1744 1763 1819 1822
Compactness: 2086.599426
Weights: 435.000000 8853.000000 2508.000000
Center Node: 973

District 8
Nodes: 11 33 71 73 93 301 305 322 324 332 376 385 503 553 586 711 791 815 922 964 1054 1201 1283 1314 1335 1342 1348 1534 1622 1628 1648 1652 1723 1741 1836 1880 1924 1942 1977 1999
Compactness: 2300.870975
Weights: 486.000000 8299.000000 2361.000000
Center Node: 503

District 9
Nodes: 86 127 187 225 399 471 547 552 693 762 766 788 803 873 878 880 888 956 1014 1040 1045 1052 1114 1162 1171 1184 1187 1193 1218 1477 1516 1668 1704 1705 1776 1801 1866
Compactness: 2135.963310
Weights: 447.000000 8179.000000 2495.000000
Center Node: 788

District 10
Nodes: 55 80 141 190 247 284 446 480 481 507 534 554 573 580 613 660 818 839 866 950 968 1060 1147 1202 1277 1282 1310 1319 1387 1416 1567 1633 1788 1893 1939 1947
Compactness: 1997.399383
Weights: 428.000000 7543.000000 2215.000000
Center Node: 1319

District 11
Nodes: 157 271 334 357 390 413 435 451 505 599 622 644 702 757 779 802 805 810 875 907 909 927 1094 1146 1247 1258 1300 1325 1397 1434 1461 1522 1536 1608 1647 1666 1697 1699 1751 1804 1892 1896
Compactness: 2535.527496
Weights: 486.000000 8476.000000 2027.000000
Center Node: 875

District 12
Nodes: 91 131 177 180 223 262 395 408 410 461 575 630 647 659 734 775 850 883 963 1096 1124 1236 1287 1311 1344 1440 1509 1531 1585 1596 1675 1743 1779 1826 1847 1856 1859 1862 1864 1932 1951 1986 1997
Compactness: 2141.354375
Weights: 569.000000 8644.000000 2429.000000
Center Node: 1856

District 13
Nodes: 109 188 203 214 217 242 277 368 443 489 671 713 774 798 817 865 911 924 1110 1150 1174 1217 1368 1378 1386 1473 1503 1553 1627 1631 1632 1641 1720 1768 1851 1882 1921 1958 1990
Compactness: 2206.445704
Weights: 463.000000 8335.000000 2223.000000
Center Node: 1473

District 14
Nodes: 153 294 297 331 338 386 401 511 512 638 685 703 710 716 750 1041 1047 1056 1077 1088 1129 1169 1302 1324 1393 1418 1425 1442 1523 1610 1634 1649 1655 1670 1681 1691 1693 1701 1714 1764 1767 1777 1835 1884 1993
Compactness: 2863.803064
Weights: 493.000000 8263.000000 2468.000000
Center Node: 401

District 15
Nodes: 35 176 189 325 375 412 423 473 510 524 555 567 652 679 726 754 794 795 889 1036 1073 1095 1260 1331 1350 1369 1453 1499 1575 1581 1606 1684 1695 1722 1816 1861 1872 1885 1891 1916 1962 1969 1974
Compactness: 2437.382521
Weights: 495.000000 8662.000000 2511.000000
Center Node: 524

District 16
Nodes: 22 228 232 254 274 433 463 542 563 611 636 684 724 882 895 953 978 1078 1113 1200 1219 1275 1357 1410 1464 1491 1501 1542 1639 1700 1749 1770 1778 1793 1802 1813 1827 1846 1853 1922 1941
Compactness: 2514.083678
Weights: 504.000000 7849.000000 2206.000000
Center Node: 1793

District 17
Nodes: 24 25 44 152 155 319 359 361 449 450 484 520 526 569 649 706 747 891 914 1020 1024 1028 1118 1119 1197 1299 1317 1375 1413 1496 1508 1645 1659 1806 1875 1946 1976
Compactness: 1987.902795
Weights: 391.000000 8712.000000 2407.000000
Center Node: 450

District 18
Nodes: 28 74 99 159 175 212 257 283 286 392 468 588 639 663 686 704 722 808 829 847 929 1007 1086 1103 1130 1170 1268 1321 1421 1544 1593 1651 1676 1756 1807 1840 1870 1871 1905
Compactness: 2293.932738
Weights: 514.000000 8421.000000 2216.000000
Center Node: 639

District 19
Nodes: 17 51 103 113 272 293 380 438 499 531 551 570 583 674 717 840 885 919 955 996 1003 1058 1064 1065 1068 1151 1212 1241 1250 1265 1339 1403 1506 1512 1561 1583 1742 1746 1757 1795 1845 1849 1911
Compactness: 2632.320430
Weights: 552.000000 7930.000000 2469.000000
Center Node: 583

District 20
Nodes: 52 60 66 77 78 94 126 195 282 341 374 629 708 758 784 834 855 856 867 912 995 1030 1059 1093 1101 1144 1165 1191 1280 1291 1354 1356 1381 1382 1438 1449 1657 1708 1726 1761 1798 1857 1934
Compactness: 2644.373755
Weights: 475.000000 8633.000000 2435.000000
Center Node: 1382

District 21
Nodes: 98 139 148 161 261 287 337 340 351 370 403 504 582 602 692 752 906 921 936 993 1019 1039 1081 1112 1121 1239 1272 1288 1405 1408 1556 1609 1654 1679 1732 1774 1789 1791 1815 1987 1992
Compactness: 2186.919459
Weights: 476.000000 8809.000000 2343.000000
Center Node: 1654

District 22
Nodes: 69 76 87 144 150 266 336 360 460 735 783 827 837 1015 1018 1021 1037 1099 1155 1199 1229 1230 1308 1320 1456 1462 1472 1488 1568 1579 1601 1759 1792 1800 1814 1998
Compactness: 2170.597365
Weights: 449.000000 7912.000000 2198.000000
Center Node: 1579

District 23
Nodes: 49 92 97 181 270 280 316 407 409 424 497 528 532 540 568 581 707 730 789 851 948 958 961 980 1089 1122 1224 1228 1355 1412 1419 1591 1644 1717 1728 1760 1831 1837 1950 1978
Compactness: 2260.443097
Weights: 544.000000 8036.000000 2225.000000
Center Node: 280

District 24
Nodes: 5 39 41 50 185 216 233 307 350 365 441 478 498 501 527 616 681 697 833 860 863 979 989 1012 1013 1074 1085 1190 1327 1479 1493 1500 1521 1551 1611 1626 1637 1712 1812 1863
Compactness: 2478.198456
Weights: 489.000000 8786.000000 2229.000000
Center Node: 1012

District 25
Nodes: 36 42 88 102 239 267 278 482 562 564 571 698 712 729 741 760 823 946 998 1008 1116 1253 1297 1323 1467 1470 1474 1475 1494 1510 1555 1730 1734 1735 1820 1890 1918 1945 1985
Compactness: 2155.761001
Weights: 503.000000 8587.000000 2140.000000
Center Node: 946

District 26
Nodes: 18 63 68 79 100 198 339 353 371 384 394 469 530 764 769 777 787 806 890 971 991 1011 1051 1076 1115 1134 1223 1232 1243 1244 1271 1284 1478 1495 1589 1719 1737 1750 1765 1989
Compactness: 2200.092653
Weights: 500.000000 8522.000000 2408.000000
Center Node: 1051

District 27
Nodes: 7 123 136 191 201 206 344 364 398 422 492 608 755 814 836 848 960 969 984 1102 1109 1139 1166 1195 1207 1214 1312 1337 1384 1428 1465 1482 1514 1662 1667 1680 1686 1688 1832 1907 1938 1971
Compactness: 2398.115757
Weights: 509.000000 7944.000000 2355.000000
Center Node: 1662

District 28
Nodes: 15 37 90 182 312 347 369 427 487 688 696 728 816 857 876 939 945 1001 1057 1069 1136 1141 1168 1266 1303 1367 1374 1383 1394 1537 1678 1766 1769 1785 1920 1929 1931
Compactness: 1509.011836
Weights: 467.000000 8066.000000 2117.000000
Center Node: 728

District 29
Nodes: 8 81 95 146 200 268 308 309 405 476 513 533 559 590 658 664 701 727 931 954 1080 1132 1145 1148 1177 1215 1252 1322 1433 1457 1729 1733 1762 1771 1908 1943 1961 1968 1991 1996
Compactness: 2421.682100
Weights: 469.000000 8769.000000 2571.000000
Center Node: 1733

District 30
Nodes: 20 110 112 119 154 164 178 317 333 349 396 414 506 574 594 619 872 897 967 1070 1072 1128 1163 1176 1221 1264 1289 1290 1295 1376 1415 1445 1562 1618 1640 1671 1883 1917 1923 1936 1948 1957
Compactness: 2416.539861
Weights: 477.000000 7967.000000 2524.000000
Center Node: 1163

District 31
Nodes: 192 208 218 236 250 252 356 381 514 519 544 661 719 743 804 832 900 905 949 1025 1090 1123 1126 1167 1448 1550 1694 1716 1721 1745 1752 1809 1830 1874 1914 1956 1965 1995
Compactness: 2193.917419
Weights: 420.000000 6061.000000 2229.000000
Center Node: 1830

District 32
Nodes: 13 16 143 167 186 221 229 255 258 342 402 404 448 472 490 491 521 667 759 799 854 870 918 937 1083 1292 1328 1351 1414 1437 1446 1573 1661 1685 1797 1803 1906 1913 1955 1979
Compactness: 2370.896496
Weights: 484.000000 8187.000000 2308.000000
Center Node: 402

District 33
Nodes: 104 106 129 130 179 241 288 298 358 465 529 637 650 655 687 740 879 942 1016 1087 1091 1137 1186 1211 1259 1313 1330 1402 1436 1444 1476 1489 1492 1513 1526 1538 1599 1794 1811 1824 1833 1972
Compactness: 2433.689109
Weights: 511.000000 7963.000000 2380.000000
Center Node: 1211

District 34
Nodes: 48 120 134 156 281 285 366 393 453 455 496 509 515 539 585 618 689 825 1049 1154 1158 1182 1222 1234 1316 1363 1388 1469 1487 1515 1519 1615 1625 1629 1839 1848 1865 1888 1973
Compactness: 1991.684461
Weights: 427.000000 8730.000000 2304.000000
Center Node: 1158

District 35
Nodes: 43 47 171 245 300 442 467 523 566 617 744 792 892 901 903 944 952 994 1117 1135 1216 1270 1332 1333 1341 1345 1346 1399 1423 1458 1459 1529 1545 1574 1588 1621 1718 1748 1775 1780 1821 1876 1980
Compactness: 2633.570299
Weights: 486.000000 7902.000000 2573.000000
Center Node: 43

District 36
Nodes: 65 101 209 234 249 304 416 485 556 572 579 605 756 884 894 1027 1031 1048 1061 1138 1204 1251 1269 1298 1404 1463 1468 1520 1566 1656 1706 1715 1772 1834 1930 1952 1964 1984
Compactness: 2312.924279
Weights: 467.000000 8060.000000 2008.000000
Center Node: 65

District 37
Nodes: 29 53 64 96 183 224 273 348 584 597 625 699 926 928 943 992 1038 1050 1082 1098 1106 1111 1153 1196 1261 1267 1305 1389 1396 1483 1517 1571 1580 1613 1672 1702 1877 1878 1919
Compactness: 2337.282768
Weights: 491.000000 7934.000000 2432.000000
Center Node: 1082

District 38
Nodes: 4 12 72 107 168 235 474 500 635 640 723 745 746 782 800 835 841 896 981 1006 1032 1044 1066 1079 1105 1125 1152 1180 1220 1279 1370 1460 1557 1653 1736 1738 1858 1912 1963 1981
Compactness: 2678.056323
Weights: 475.000000 8815.000000 2207.000000
Center Node: 1006

District 39
Nodes: 26 46 75 83 125 160 163 213 256 321 389 391 436 456 522 595 600 614 733 761 822 846 849 877 1009 1092 1208 1226 1285 1502 1539 1592 1727 1739 1784 1817 1855 1879 1895
Compactness: 2508.954106
Weights: 446.000000 8074.000000 2420.000000
Center Node: 163

District 40
Nodes: 32 56 82 219 264 292 330 419 421 560 598 666 700 705 776 809 826 887 902 982 988 1104 1172 1175 1235 1240 1254 1450 1466 1548 1598 1604 1605 1660 1799 1829 1897 1909 1954 1994
Compactness: 2388.254363
Weights: 481.000000 8040.000000 2416.000000
Center Node: 330

District 41
Nodes: 6 67 85 108 111 140 174 222 275 345 372 431 439 459 486 546 561 603 665 683 714 771 772 935 997 1133 1198 1210 1225 1263 1307 1377 1398 1447 1507 1578 1623 1674 1903 1960
Compactness: 2230.277786
Weights: 508.000000 8814.000000 2351.000000
Center Node: 683

District 42
Nodes: 2 21 31 61 114 117 118 133 193 199 238 318 378 415 426 458 464 516 593 607 767 770 966 1173 1281 1301 1315 1352 1422 1451 1484 1576 1594 1612 1642 1818 1828 1843 1887 1933 1967
Compactness: 2804.561041
Weights: 472.000000 8740.000000 2311.000000
Center Node: 767

District 43
Nodes: 10 57 59 70 204 230 387 475 623 651 662 673 691 749 781 793 1143 1157 1183 1192 1233 1238 1248 1255 1257 1276 1309 1336 1353 1361 1432 1480 1669 1677 1790 1860 1886 1928 1982
Compactness: 2238.739235
Weights: 460.000000 8032.000000 2306.000000
Center Node: 1677

District 44
Nodes: 121 145 162 170 194 320 397 425 538 634 646 654 670 675 676 720 765 820 898 908 934 970 986 1002 1010 1017 1067 1107 1160 1188 1209 1349 1362 1371 1391 1401 1518 1540 1559 1577 1643 1683 1709 1725 1783 1838
Compactness: 2728.301234
Weights: 502.000000 8703.000000 2202.000000
Center Node: 1160

District 45
Nodes: 105 122 158 202 253 269 291 302 306 315 379 537 549 577 601 642 677 680 748 786 821 828 861 869 915 917 1140 1189 1365 1435 1527 1582 1692 1696 1724 1805 1988
Compactness: 2211.801871
Weights: 472.000000 8551.000000 2266.000000
Center Node: 269

District 46
Nodes: 54 89 149 173 205 240 244 259 329 383 535 576 592 620 645 669 718 738 796 852 864 923 1022 1043 1084 1203 1304 1347 1366 1392 1427 1430 1564 1597 1600 1603 1747 1781 1854 1889 1915 1949
Compactness: 2596.897666
Weights: 504.000000 8743.000000 2392.000000
Center Node: 1304

District 47
Nodes: 9 165 210 335 354 355 406 411 420 445 495 612 657 694 853 904 910 941 951 1026 1062 1108 1131 1205 1206 1249 1278 1390 1504 1505 1524 1638 1690 1710 1850 1900 1926 1937
Compactness: 1879.412740
Weights: 443.000000 8727.000000 2331.000000
Center Node: 941

District 48
Nodes: 30 40 116 128 138 197 323 434 437 444 452 589 668 763 778 813 843 881 893 932 983 1127 1142 1159 1340 1636 1663 1689 1698 1707 1753 1810 1867 1881 1898 1925 1944 1983
Compactness: 2210.825893
Weights: 462.000000 8602.000000 2318.000000
Center Node: 932

District 49
Nodes: 14 19 23 62 84 169 196 251 289 377 388 430 609 627 628 690 742 768 824 830 838 842 844 913 1034 1246 1334 1358 1360 1420 1424 1441 1563 1565 1584 1616 1619 1664 1842 1869 1899 1927 1940 1966
Compactness: 3122.807596
Weights: 511.000000 8866.000000 2412.000000
Center Node: 1899

District 50
Nodes: 0 27 142 227 246 310 352 362 382 545 565 587 656 709 715 736 801 1055 1071 1100 1156 1213 1227 1273 1274 1296 1338 1385 1426 1532 1552 1586 1595 1646 1740 1823 1852 1868
Compactness: 2179.698960
Weights: 435.000000 8699.000000 2296.000000
Center Node: 1055
