BalanceViolation 6583.769000
AffinityLoss 1808.000000
Compactness 74228.947123

District 1
Nodes: 9 109 254 268 282 304 369 370 376 501 635 688 693 707 722 725 753
Compactness: 1154.610269
Weights: 195.000000 4443.000000 1018.000000
Center Node: 282

District 2
Nodes: 13 67 115 194 200 219 295 449 462 472 498 530 643 648 676 704 705 784 859 919 964
Compactness: 1430.177769
Weights: 258.000000 4143.000000 1258.000000
Center Node: 498

District 3
Nodes: 36 132 222 262 354 368 377 401 570 586 596 657 677 741 751 770 877 895 953 965 982
Compactness: 4231.650707
Weights: 223.000000 4398.000000 1168.000000
Center Node: 770

District 4
Nodes: 0 19 127 136 144 153 185 301 312 321 363 431 451 567 628 872 918 943 959 973 986 995
Compactness: 1409.397906
Weights: 234.000000 4205.000000 1248.000000
Center Node: 301

District 5
Nodes: 48 54 102 122 129 225 271 302 315 338 343 362 512 621 801 852 881 883 916 950
Compactness: 1291.047338
Weights: 258.000000 4398.000000 1193.000000
Center Node: 102

District 6
Nodes: 121 135 192 216 242 296 313 318 409 506 517 537 588 591 633 739 809 823 866 900 963
Compactness: 1468.755471
Weights: 271.000000 3995.000000 1154.000000
Center Node: 537

District 7
Nodes: 44 70 73 159 178 237 406 419 424 440 444 500 526 572 582 698
Compactness: 1134.997778
Weights: 200.000000 3246.000000 683.000000
Center Node: 444

District 8
Nodes: 98 176 249 310 357 474 528 574 625 667 699 758 863 897 904
Compactness: 617.971395
Weights: 185.000000 2513.000000 772.000000
Center Node: 357

District 9
Nodes: 21 105 116 134 148 167 175 281 396 503 520 542 562 605 624 647 715 830 843
Compactness: 1573.464844
Weights: 247.000000 4411.000000 1217.000000
Center Node: 562

District 10
Nodes: 4 60 87 103 259 323 331 344 358 372 426 486 551 557 558 576 659 672 818 847 886
Compactness: 1204.065275
Weights: 280.000000 4389.000000 1208.000000
Center Node: 557

District 11
Nodes: 22 30 88 100 145 151 218 234 328 380 445 448 458 493 761 781 804 860 939 991
Compactness: 1069.897380
Weights: 238.000000 4354.000000 1249.000000
Center Node: 234

District 12
Nodes: 18 31 66 71 94 150 170 269 410 511 539 566 632 636 683 689 710 850 880
Compactness: 998.468145
Weights: 249.000000 4298.000000 1192.000000
Center Node: 31

District 13
Nodes: 27 80 117 163 195 267 352 394 403 422 466 469 556 598 613 622 671 687 829 905 981
Compactness: 1427.316300
Weights: 244.000000 4265.000000 1235.000000
Center Node: 117

District 14
Nodes: 12 130 169 208 240 253 265 340 427 457 491 502 525 680 749 760 768 773 800 874 994
Compactness: 2156.373798
Weights: 219.000000 4488.000000 1206.000000
Center Node: 773

District 15
Nodes: 65 124 286 298 299 305 308 432 468 629 637 653 756 765 782 822 826 923 937
Compactness: 3620.990013
Weights: 243.000000 4204.000000 1199.000000
Center Node: 308

District 16
Nodes: 226 418 425 467 580 631 703 727 783 851 857 889 899 948 966 976
Compactness: 899.744466
Weights: 165.000000 4358.000000 889.000000
Center Node: 631

District 17
Nodes: 10 33 41 82 97 149 165 172 186 215 228 250 381 404 434 478 495 504 555 602 681 788
Compactness: 1419.273538
Weights: 255.000000 4333.000000 1396.000000
Center Node: 97

District 18
Nodes: 62 64 99 104 160 334 350 365 416 439 482 505 518 627 763 794 806 813 876 884 961 970
Compactness: 2055.911898
Weights: 280.000000 4397.000000 1244.000000
Center Node: 104

District 19
Nodes: 45 126 128 181 199 209 333 346 388 414 484 549 611 669 746 846 922 934
Compactness: 924.075823
Weights: 214.000000 4126.000000 1147.000000
Center Node: 128

District 20
Nodes: 39 96 140 217 239 300 421 429 481 554 665 700 726 747 777 814 827 896 969 974
Compactness: 1170.906335
Weights: 246.000000 4402.000000 1210.000000
Center Node: 974

District 21
Nodes: 81 90 92 101 390 471 477 550 583 592 603 610 612 674 724 762 828
Compactness: 1226.101041
Weights: 186.000000 4416.000000 1150.000000
Center Node: 90

District 22
Nodes: 34 46 168 223 246 279 283 342 347 461 480 507 508 531 559 590 656 755 865 914 980 984
Compactness: 1553.865850
Weights: 271.000000 4214.000000 1309.000000
Center Node: 347

District 23
Nodes: 1 5 15 35 49 74 190 193 203 238 277 459 548 619 630 654 685 743 844 853 873
Compactness: 1434.751461
Weights: 228.000000 4407.000000 1119.000000
Center Node: 853

District 24
Nodes: 43 50 52 125 330 353 366 386 465 497 546 585 615 641 733 738 772 902 971 993
Compactness: 1586.457621
Weights: 247.000000 3996.000000 1235.000000
Center Node: 43

District 25
Nodes: 14 59 72 139 221 233 261 275 314 456 553 584 616 666 759 833 838 892 901 928 942
Compactness: 1483.922813
Weights: 239.000000 4311.000000 1259.000000
Center Node: 833

District 26
Nodes: 7 58 61 133 141 154 180 227 274 284 327 510 538 614 618 650 651 709 717 786 792 807 871 924 988
Compactness: 1846.023872
Weights: 262.000000 4035.000000 1401.000000
Center Node: 58

District 27
Nodes: 188 210 270 285 379 411 460 594 620 634 652 655 663 668 775 802 837 867 940 962
Compactness: 1583.080646
Weights: 205.000000 4124.000000 1282.000000
Center Node: 188

District 28
Nodes: 56 75 112 143 171 197 294 319 356 375 436 442 476 499 600 609 617 664 723 951 989
Compactness: 1489.973678
Weights: 272.000000 4207.000000 1287.000000
Center Node: 436

District 29
Nodes: 55 84 107 114 245 420 438 529 575 578 581 587 728 757 764 767 769 821 840 912 931
Compactness: 1700.577169
Weights: 242.000000 4228.000000 1273.000000
Center Node: 821

District 30
Nodes: 3 11 24 118 138 152 157 230 329 336 367 428 437 454 579 638 815 891 915 944 958
Compactness: 2309.634369
Weights: 284.000000 4394.000000 1270.000000
Center Node: 579

District 31
Nodes: 16 40 89 156 158 320 322 371 389 443 450 487 571 679 711 774 799 875 935
Compactness: 986.435704
Weights: 220.000000 4009.000000 1182.000000
Center Node: 875

District 32
Nodes: 79 207 252 332 382 395 399 412 519 534 564 608 684 745 771 776 839 917 925 946 990
Compactness: 2711.016789
Weights: 247.000000 4382.000000 1190.000000
Center Node: 771

District 33
Nodes: 257 266 288 307 361 373 383 384 494 496 513 515 522 533 536 568 702 789 903 921
Compactness: 1205.327902
Weights: 257.000000 4350.000000 1239.000000
Center Node: 257

District 34
Nodes: 17 63 95 191 196 202 236 280 309 341 360 435 441 492 541 560 697 791 885 888 906 911 957
Compactness: 1966.990151
Weights: 253.000000 4088.000000 1138.000000
Center Node: 441

District 35
Nodes: 69 106 142 162 164 189 198 243 532 670 678 690 712 734 748 834 858 868 910 932 977 978
Compactness: 1260.187394
Weights: 303.000000 4411.000000 1229.000000
Center Node: 932

District 36
Nodes: 38 119 248 260 263 324 405 413 415 545 623 692 694 718 779 812 841 870 920 960 997
Compactness: 1514.148828
Weights: 260.000000 4462.000000 1067.000000
Center Node: 870

District 37
Nodes: 32 206 232 317 325 345 355 385 392 453 473 509 516 523 645 731 740 790 816 893 938
Compactness: 1399.932304
Weights: 246.000000 4433.000000 1101.000000
Center Node: 473

District 38
Nodes: 85 120 137 147 183 258 290 348 397 488 514 524 540 589 737 825 856 869 926 947
Compactness: 1244.133825
Weights: 242.000000 4063.000000 1269.000000
Center Node: 147

District 39
Nodes: 6 37 42 161 235 256 289 326 464 521 544 595 626 661 719 752 785 810 849 975
Compactness: 1214.314377
Weights: 248.000000 4353.000000 1197.000000
Center Node: 464

District 40
Nodes: 51 57 91 174 182 244 359 364 433 463 483 577 708 721 817 882 936 945 968 983
Compactness: 902.883340
Weights: 228.000000 4375.000000 1140.000000
Center Node: 182

District 41
Nodes: 20 23 53 155 187 201 220 273 293 391 423 475 485 658 695 696 735 795 798 979 987 996
Compactness: 1748.434218
Weights: 251.000000 4125.000000 1255.000000
Center Node: 979

District 42
Nodes: 2 26 123 214 272 335 339 563 565 607 642 649 660 691 713 720 730 803 820 842 927 967
Compactness: 1044.558902
Weights: 280.000000 3990.000000 1230.000000
Center Node: 820

District 43
Nodes: 113 204 316 374 407 455 535 552 573 604 673 686 787 796 819 831 952 956
Compactness: 1289.879480
Weights: 196.000000 4203.000000 1256.000000
Center Node: 956

District 44
Nodes: 47 76 212 251 291 303 349 408 490 543 547 601 706 732 736 797 835 887 930
Compactness: 1182.529119
Weights: 224.000000 4073.000000 1132.000000
Center Node: 706

District 45
Nodes: 29 77 78 146 179 224 231 276 306 527 569 742 744 754 780 808 913 954 955 998
Compactness: 1029.316765
Weights: 213.000000 3987.000000 1256.000000
Center Node: 744

District 46
Nodes: 25 110 111 166 213 229 255 264 400 430 470 714 766 778 824 878 879 894 907 941 972
Compactness: 1659.487384
Weights: 230.000000 4384.000000 1257.000000
Center Node: 778

District 47
Nodes: 28 86 93 108 131 205 287 351 378 387 398 402 446 561 593 646 675 750 848 854 855
Compactness: 1303.614911
Weights: 240.000000 4350.000000 1084.000000
Center Node: 750

District 48
Nodes: 68 83 177 184 241 417 452 597 599 639 644 682 845 898 929 985 999
Compactness: 782.348191
Weights: 191.000000 4418.000000 1146.000000
Center Node: 599

District 49
Nodes: 8 211 247 311 337 393 479 606 640 662 716 793 836 861 864 890 908 909 949 992
Compactness: 1635.697168
Weights: 289.000000 4214.000000 1221.000000
Center Node: 890

District 50
Nodes: 173 278 292 297 447 489 701 729 805 811 832 862 933
Compactness: 674.225402
Weights: 177.000000 3167.000000 582.000000
Center Node: 701
