BalanceViolation 15522.254000
AffinityLoss 981.000000
Compactness 25009.529480

District 1
Nodes: 3 27 83 272 286 303 364 394 459
Compactness: 348.233841
Weights: 90.000000 2070.000000 484.000000
Center Node: 3

District 2
Nodes: 15 38 57 155 258 390 392 418 429 458
Compactness: 443.246021
Weights: 140.000000 1685.000000 613.000000
Center Node: 15

District 3
Nodes: 24 28 61 80 174 192 220 230 337 357 417 421
Compactness: 523.767704
Weights: 149.000000 3101.000000 667.000000
Center Node: 417

District 4
Nodes: 95 113 167 234 252 265 292 335 342 478
Compactness: 364.577307
Weights: 131.000000 1813.000000 549.000000
Center Node: 335

District 5
Nodes: 13 37 89 139 171 187 194 201 255 306 350 400 423 454 461
Compactness: 759.688870
Weights: 187.000000 3090.000000 749.000000
Center Node: 350

District 6
Nodes: 105 130 319 329 340 379 381
Compactness: 261.810488
Weights: 75.000000 1231.000000 336.000000
Center Node: 319

District 7
Nodes: 8 22 48 51 185 189 198 219 237 446
Compactness: 549.633987
Weights: 138.000000 2277.000000 530.000000
Center Node: 219

District 8
Nodes: 79 107 159 193 197 311 349 482
Compactness: 276.184390
Weights: 86.000000 1393.000000 449.000000
Center Node: 159

District 9
Nodes: 25 47 90 259 270 338 368 425 464 471
Compactness: 468.929795
Weights: 100.000000 2357.000000 507.000000
Center Node: 47

District 10
Nodes: 17 77 102 267 271 310 315 331 359 361 409 465 466
Compactness: 688.009333
Weights: 177.000000 1954.000000 769.000000
Center Node: 359

District 11
Nodes: 42 52 125 126 127 169 239 246 318 326 411 448
Compactness: 644.959869
Weights: 134.000000 1997.000000 819.000000
Center Node: 246

District 12
Nodes: 178 200 206 207 241 254 266 302 327 431
Compactness: 455.734317
Weights: 96.000000 1926.000000 607.000000
Center Node: 241

District 13
Nodes: 55 141 160 186 233 243 280 420 439
Compactness: 357.646946
Weights: 114.000000 2204.000000 532.000000
Center Node: 280

District 14
Nodes: 14 34 140 157 235 299 300 363 422 441 472
Compactness: 454.157562
Weights: 145.000000 2098.000000 600.000000
Center Node: 14

District 15
Nodes: 39 58 101 147 242 245 296 301 366 467
Compactness: 427.420614
Weights: 111.000000 2119.000000 526.000000
Center Node: 467

District 16
Nodes: 71 191 205 274 291 346 451 463 487
Compactness: 533.906675
Weights: 93.000000 2110.000000 439.000000
Center Node: 451

District 17
Nodes: 29 50 68 128 297 330 369
Compactness: 220.814952
Weights: 62.000000 1611.000000 478.000000
Center Node: 128

District 18
Nodes: 40 62 67 81 184 209 223 276 278 314 372 452
Compactness: 725.944629
Weights: 113.000000 2306.000000 671.000000
Center Node: 81

District 19
Nodes: 23 59 119 249 313 334 358 360 384 407 474 495
Compactness: 741.032764
Weights: 141.000000 2022.000000 773.000000
Center Node: 407

District 20
Nodes: 118 143 146 224 261 341 353 383 442 456
Compactness: 569.186589
Weights: 107.000000 1889.000000 499.000000
Center Node: 442

District 21
Nodes: 182 212 240 247 320 333 373 405 412 436 469 491 494
Compactness: 860.979481
Weights: 131.000000 3179.000000 758.000000
Center Node: 320

District 22
Nodes: 16 97 163 221 227 322 325 344 345
Compactness: 465.068339
Weights: 91.000000 1634.000000 507.000000
Center Node: 325

District 23
Nodes: 21 84 88 99 115 150 183 260 263 269 432
Compactness: 603.380206
Weights: 94.000000 2191.000000 586.000000
Center Node: 150

District 24
Nodes: 124 153 164 248 426 485 489
Compactness: 273.914052
Weights: 55.000000 1839.000000 394.000000
Center Node: 248

District 25
Nodes: 2 9 122 208 309 321 336 339 377 419 435 453
Compactness: 674.393314
Weights: 158.000000 2055.000000 867.000000
Center Node: 435

District 26
Nodes: 32 87 106 132 162 179 387 415
Compactness: 283.129523
Weights: 86.000000 1980.000000 495.000000
Center Node: 32

District 27
Nodes: 49 73 98 145 218 406 408 410
Compactness: 340.395187
Weights: 106.000000 1352.000000 480.000000
Center Node: 218

District 28
Nodes: 92 96 175 222 232 289 328 352 443
Compactness: 444.665890
Weights: 93.000000 2083.000000 527.000000
Center Node: 289

District 29
Nodes: 100 244 298 304 307 317 343 389 397 398 433 476
Compactness: 793.388706
Weights: 133.000000 2246.000000 696.000000
Center Node: 433

District 30
Nodes: 63 104 168 251 273 416 460 481
Compactness: 362.424997
Weights: 80.000000 1443.000000 590.000000
Center Node: 416

District 31
Nodes: 30 43 114 136 173 217 226 365 440 450 455 475
Compactness: 703.338765
Weights: 137.000000 2856.000000 458.000000
Center Node: 455

District 32
Nodes: 6 18 31 142 281 285 332 444 477 497
Compactness: 440.453666
Weights: 133.000000 2125.000000 507.000000
Center Node: 142

District 33
Nodes: 26 64 108 156 256 356 374 402 493
Compactness: 469.768124
Weights: 123.000000 2005.000000 572.000000
Center Node: 374

District 34
Nodes: 19 75 228 236 279 347
Compactness: 333.657661
Weights: 66.000000 1127.000000 305.000000
Center Node: 75

District 35
Nodes: 170 180 231 250 293 324 362 367 370 438
Compactness: 722.095501
Weights: 104.000000 2146.000000 574.000000
Center Node: 180

District 36
Nodes: 35 66 116 158 196 257 264 277 284 348 395 468
Compactness: 617.475941
Weights: 154.000000 2291.000000 616.000000
Center Node: 468

District 37
Nodes: 54 121 166 238 275 305
Compactness: 226.744559
Weights: 66.000000 1310.000000 416.000000
Center Node: 121

District 38
Nodes: 41 44 78 85 94 135 202 204 388
Compactness: 407.359916
Weights: 103.000000 2200.000000 522.000000
Center Node: 85

District 39
Nodes: 0 1 72 282 323 385 424 437 479 484 486 496
Compactness: 677.322470
Weights: 137.000000 2078.000000 614.000000
Center Node: 282

District 40
Nodes: 74 176 214 253 378 396 430 499
Compactness: 415.494900
Weights: 94.000000 1954.000000 445.000000
Center Node: 253

District 41
Nodes: 33 82 111 152 172 211 413 414
Compactness: 341.406547
Weights: 107.000000 1086.000000 370.000000
Center Node: 414

District 42
Nodes: 4 60 144 165 190 225 268 283 428 447
Compactness: 653.641945
Weights: 118.000000 1955.000000 522.000000
Center Node: 144

District 43
Nodes: 91 93 103 203 382 393 399 470 483
Compactness: 381.819234
Weights: 120.000000 2146.000000 467.000000
Center Node: 103

District 44
Nodes: 36 117 123 131 188 210 355 386 404 490
Compactness: 349.545797
Weights: 118.000000 2139.000000 572.000000
Center Node: 188

District 45
Nodes: 11 12 45 56 138 149 181 195 371 376 457 498
Compactness: 668.640649
Weights: 142.000000 1816.000000 767.000000
Center Node: 45

District 46
Nodes: 199 262 290 294 351 375 434 445 488
Compactness: 361.103572
Weights: 140.000000 1914.000000 511.000000
Center Node: 290

District 47
Nodes: 10 69 109 137 287 295 312 354 473
Compactness: 362.528038
Weights: 114.000000 1800.000000 563.000000
Center Node: 287

District 48
Nodes: 5 20 120 216 308 391 401 427 462
Compactness: 373.869788
Weights: 92.000000 2006.000000 638.000000
Center Node: 20

District 49
Nodes: 7 46 70 76 86 110 129 133 134 148 213 215 380 480
Compactness: 875.877900
Weights: 165.000000 1989.000000 780.000000
Center Node: 46

District 50
Nodes: 53 65 112 151 154 161 177 229 288 316 403 449 492
Compactness: 710.758158
Weights: 140.000000 2111.000000 775.000000
Center Node: 403
