BalanceViolation 10894.790000
AffinityLoss 1899.000000
Compactness 62662.555941

District 1
Nodes: 48 193 222 233 263 269 315 424 455 488 586 628 637 654 738 752 757 761 896 930 941
Compactness: 1333.100326
Weights: 263.000000 4390.000000 1320.000000
Center Node: 48

District 2
Nodes: 50 64 141 156 188 255 279 378 521 555 659 672 683 739 750 854 892 898 972
Compactness: 1344.798198
Weights: 212.000000 3207.000000 1071.000000
Center Node: 555

District 3
Nodes: 73 187 259 272 281 469 539 549 620 726 746 820 826 864 865 911 952 965 997
Compactness: 1261.393137
Weights: 279.000000 4438.000000 1076.000000
Center Node: 272

District 4
Nodes: 132 208 266 278 294 361 369 390 429 438 466 611 712 780 863 905 936
Compactness: 1113.944788
Weights: 193.000000 4039.000000 1022.000000
Center Node: 390

District 5
Nodes: 124 145 177 243 354 404 487 568 592 613 743 775 818 828 835 846 870 876 928 933 935
Compactness: 1411.563193
Weights: 212.000000 4477.000000 1245.000000
Center Node: 876

District 6
Nodes: 5 22 161 163 215 218 353 512 563 577 597 624 655 656 678 710 813 878 884 919 999
Compactness: 1425.419924
Weights: 264.000000 4854.000000 1239.000000
Center Node: 215

District 7
Nodes: 54 186 244 302 470 520 601 647 774 777 797 803 825 851 856 877 915 959 982
Compactness: 1153.935316
Weights: 210.000000 4184.000000 986.000000
Center Node: 959

District 8
Nodes: 87 127 191 254 299 310 407 410 492 675 679 697 773 789 817 853 901 909 962 963
Compactness: 1205.556518
Weights: 282.000000 3854.000000 1132.000000
Center Node: 962

District 9
Nodes: 55 67 91 149 219 300 365 453 511 562 635 640 641 648 649 661 671 740 791 845
Compactness: 1255.126678
Weights: 278.000000 4630.000000 1163.000000
Center Node: 671

District 10
Nodes: 122 126 137 276 311 342 383 428 452 461 503 510 532 553 673 753 812 849 860 940 945 953
Compactness: 1388.683348
Weights: 230.000000 4469.000000 953.000000
Center Node: 953

District 11
Nodes: 52 62 135 144 213 246 301 414 457 473 615 651 663 732 843 857 922 983
Compactness: 1239.971929
Weights: 215.000000 4046.000000 1105.000000
Center Node: 922

District 12
Nodes: 13 80 97 182 198 245 334 393 430 454 495 538 545 550 593 603 634 674 705 836 913 989
Compactness: 1594.560527
Weights: 290.000000 4337.000000 1244.000000
Center Node: 13

District 13
Nodes: 14 16 95 159 179 280 340 476 552 602 614 625 645 646 745 749 781 822 844 943 958 976
Compactness: 1494.365645
Weights: 271.000000 4460.000000 1347.000000
Center Node: 844

District 14
Nodes: 18 46 72 109 134 185 249 287 392 420 459 502 587 842 879 955 956 996
Compactness: 792.542169
Weights: 209.000000 3900.000000 963.000000
Center Node: 879

District 15
Nodes: 27 84 96 125 199 201 363 367 380 398 406 446 481 559 600 631 731 821 894 932
Compactness: 1093.254771
Weights: 228.000000 4631.000000 1208.000000
Center Node: 821

District 16
Nodes: 85 160 214 221 327 364 371 391 498 518 575 576 584 699 793 799 829 858 921
Compactness: 1039.251658
Weights: 231.000000 4078.000000 1276.000000
Center Node: 793

District 17
Nodes: 3 29 35 89 173 195 285 328 417 437 444 506 523 547 558 564 689 709 728 809 944
Compactness: 1630.194194
Weights: 236.000000 4456.000000 1324.000000
Center Node: 89

District 18
Nodes: 7 25 41 111 139 180 190 209 239 297 358 415 482 556 633 660 708 765 800 862
Compactness: 1270.653720
Weights: 257.000000 4898.000000 1160.000000
Center Node: 358

District 19
Nodes: 36 203 237 304 316 377 436 460 680 707 760 778 792 990
Compactness: 575.701833
Weights: 193.000000 3638.000000 875.000000
Center Node: 792

District 20
Nodes: 4 53 270 448 450 494 525 527 567 570 572 636 737 762 768 855 900
Compactness: 1038.735276
Weights: 169.000000 4539.000000 1171.000000
Center Node: 270

District 21
Nodes: 99 138 220 232 256 284 318 400 401 402 418 431 599 612 711 772 785 786 848 886 981 995
Compactness: 2752.774566
Weights: 283.000000 4116.000000 1263.000000
Center Node: 318

District 22
Nodes: 23 57 63 69 74 113 140 225 262 491 598 665 666 686 730 806 880 893 916 938 949
Compactness: 1562.839890
Weights: 246.000000 4358.000000 1284.000000
Center Node: 893

District 23
Nodes: 32 33 78 114 167 169 224 273 319 329 462 499 531 533 540 582 652 787 790 902 939
Compactness: 1460.891847
Weights: 256.000000 4306.000000 1353.000000
Center Node: 167

District 24
Nodes: 31 59 118 142 234 250 271 286 355 356 375 441 485 515 561 594 622 685 692 722 735 815 867 908 927
Compactness: 1670.078874
Weights: 291.000000 5056.000000 1474.000000
Center Node: 867

District 25
Nodes: 38 58 128 150 157 261 289 376 388 397 435 475 554 579 669 776 784 885 954 973 974
Compactness: 963.004123
Weights: 237.000000 4471.000000 1206.000000
Center Node: 475

District 26
Nodes: 90 92 107 248 257 274 332 366 399 403 440 477 509 524 542 546 596 700 824 891 960
Compactness: 1241.419028
Weights: 259.000000 4096.000000 1186.000000
Center Node: 542

District 27
Nodes: 28 196 236 303 309 317 357 387 412 416 421 449 468 574 608 756 802 871 937
Compactness: 1067.890704
Weights: 213.000000 4628.000000 1080.000000
Center Node: 937

District 28
Nodes: 10 19 24 226 227 251 324 346 395 474 617 664 720 733 736 748 758 920 923 986 993
Compactness: 1166.040150
Weights: 229.000000 4357.000000 1155.000000
Center Node: 758

District 29
Nodes: 68 164 165 178 242 258 288 320 331 447 501 605 639 650 696 706 751 769 811 947 994
Compactness: 1281.383422
Weights: 250.000000 4477.000000 1251.000000
Center Node: 258

District 30
Nodes: 20 103 104 112 131 216 235 247 292 313 516 581 644 667 691 763 770 881
Compactness: 2074.112822
Weights: 239.000000 4184.000000 1095.000000
Center Node: 103

District 31
Nodes: 81 102 120 200 305 308 344 351 379 427 508 591 626 833 917 934 969 985 992
Compactness: 856.097794
Weights: 233.000000 4546.000000 1070.000000
Center Node: 379

District 32
Nodes: 11 15 17 34 44 76 197 202 291 325 326 348 349 394 569 590 724 741 754 832 875 890 895 988
Compactness: 1500.793758
Weights: 284.000000 4345.000000 1277.000000
Center Node: 895

District 33
Nodes: 6 37 79 116 147 152 154 343 360 362 386 580 595 607 610 658 795 804 834 888 904
Compactness: 1382.719951
Weights: 237.000000 4360.000000 1241.000000
Center Node: 888

District 34
Nodes: 56 88 93 148 184 223 275 298 341 345 408 451 480 810 840 907 950 951 977 984
Compactness: 1954.762050
Weights: 238.000000 4001.000000 1210.000000
Center Node: 950

District 35
Nodes: 12 105 162 174 212 238 337 445 535 557 560 573 670 677 681 702 742 788 850 946 967 998
Compactness: 1394.751830
Weights: 283.000000 4475.000000 1243.000000
Center Node: 557

District 36
Nodes: 171 183 192 240 336 411 479 493 522 623 701 703 717 725 734 759 783 868 882 899
Compactness: 1062.136808
Weights: 234.000000 4294.000000 1065.000000
Center Node: 882

District 37
Nodes: 83 146 321 396 471 504 505 530 537 606 684 794 801 859 925
Compactness: 957.828922
Weights: 161.000000 3284.000000 824.000000
Center Node: 83

District 38
Nodes: 43 82 106 204 277 338 472 497 500 519 528 583 585 621 695 714 766 782 798 816 874 912
Compactness: 1395.583775
Weights: 268.000000 4165.000000 1493.000000
Center Node: 782

District 39
Nodes: 49 65 121 129 143 267 306 335 373 413 496 507 534 536 543 616 627 719 903 978
Compactness: 943.662063
Weights: 234.000000 4507.000000 1145.000000
Center Node: 627

District 40
Nodes: 42 115 123 206 230 350 368 374 381 439 486 618 642 643 690 693 729 747 807 808 872
Compactness: 1328.333523
Weights: 252.000000 4346.000000 1078.000000
Center Node: 693

District 41
Nodes: 66 205 372 443 484 490 544 565 566 653 721 755 764 779 831 839 873 910 926 948 957 975 987
Compactness: 1325.699209
Weights: 267.000000 4482.000000 1229.000000
Center Node: 565

District 42
Nodes: 9 26 61 94 136 166 170 283 293 382 385 465 588 619 694 698 704 723 767 838 861 906 991
Compactness: 1003.866302
Weights: 262.000000 4424.000000 1224.000000
Center Node: 694

District 43
Nodes: 8 30 51 75 101 119 228 252 260 312 423 442 456 517 526 727 819 866 869 931 980
Compactness: 1090.979969
Weights: 247.000000 4203.000000 1247.000000
Center Node: 260

District 44
Nodes: 2 21 71 108 110 130 158 172 189 211 231 314 322 359 433 467 548 589 632 657 676 744 837
Compactness: 1266.743471
Weights: 281.000000 4441.000000 1334.000000
Center Node: 837

District 45
Nodes: 0 1 47 98 168 194 207 264 290 352 434 513 529 630 638 687 713 823 841 918
Compactness: 1186.321882
Weights: 286.000000 4121.000000 1198.000000
Center Node: 207

District 46
Nodes: 39 40 60 307 333 384 389 458 464 629 805 830 966
Compactness: 644.825413
Weights: 137.000000 2366.000000 769.000000
Center Node: 389

District 47
Nodes: 70 77 117 330 339 432 514 571 578 604 668 682 688 715 718 796 852 883 961
Compactness: 1047.159478
Weights: 237.000000 4448.000000 1195.000000
Center Node: 77

District 48
Nodes: 133 153 155 181 210 229 296 323 347 425 483 662 887 897 914 924 929 968
Compactness: 831.321465
Weights: 208.000000 3701.000000 1140.000000
Center Node: 483

District 49
Nodes: 45 86 100 151 265 268 295 419 422 463 551 609 716 771 827 942 964 979
Compactness: 696.546929
Weights: 227.000000 3846.000000 1046.000000
Center Node: 295

District 50
Nodes: 175 176 217 241 253 282 370 405 409 426 478 489 541 814 847 889 970 971
Compactness: 889.232777
Weights: 218.000000 4467.000000 889.000000
Center Node: 478
