BalanceViolation 789.270000
AffinityLoss 1722.000000
Compactness 103035.261904

District 1
Nodes: 9 20 27 33 83 124 126 131 137 140 216 241 242 253 255 265 270 274 279 314 375 381 408 427 435 439 473 511 513 533 577 699 735 737 787 799 820 823 826 852 857 899 902 909 916
Compactness: 3656.853957
Weights: 527.000000 10078.000000 2510.000000
Center Node: 820

District 2
Nodes: 3 21 35 43 47 80 108 125 129 133 159 174 178 182 197 213 217 245 246 252 260 289 306 325 331 343 374 394 447 450 456 464 548 564 571 575 593 604 618 664 675 687 697 720 748 796 811 878 901 914 924 928
Compactness: 4669.807065
Weights: 638.000000 11029.000000 3054.000000
Center Node: 571

District 3
Nodes: 16 104 146 150 163 176 191 200 214 261 282 287 296 297 390 396 400 411 415 445 465 474 476 517 550 552 587 589 608 612 624 635 659 691 696 734 764 778 786 809 810 859 872 890 919 925 933 939 946 956 962 972 993
Compactness: 7568.019519
Weights: 639.000000 10432.000000 2916.000000
Center Node: 993

District 4
Nodes: 19 29 30 31 45 57 59 67 91 96 109 116 136 187 199 202 230 239 263 266 276 286 422 457 488 489 538 556 566 574 579 584 588 599 606 607 627 684 685 717 724 738 741 749 774 824 841 848 886 922 926 949 950
Compactness: 6872.759062
Weights: 628.000000 11120.000000 2856.000000
Center Node: 606

District 5
Nodes: 12 17 39 42 62 74 85 90 98 107 120 134 156 160 166 267 271 291 299 333 340 346 387 388 404 455 485 582 610 615 616 625 671 678 725 729 732 740 808 866 888 910 934 955 957 960 964 966 977
Compactness: 4312.353283
Weights: 624.000000 10090.000000 2803.000000
Center Node: 42

District 6
Nodes: 51 88 99 139 201 222 236 341 342 347 380 421 429 440 443 480 487 503 504 519 530 536 541 543 576 617 660 668 681 695 716 718 731 746 752 771 816 830 932 942 973 976 981 988 994
Compactness: 4015.348622
Weights: 531.000000 11044.000000 2526.000000
Center Node: 480

District 7
Nodes: 26 63 100 118 203 237 273 294 298 332 377 383 395 410 414 418 424 449 483 501 527 535 568 613 623 626 677 682 693 706 776 779 783 797 802 812 842 879 883 884 891 904 912 927 971 980 996
Compactness: 4220.291813
Weights: 573.000000 10559.000000 2717.000000
Center Node: 904

District 8
Nodes: 8 11 15 28 36 56 68 82 117 121 138 141 229 259 305 328 351 382 384 406 420 436 438 469 484 502 514 525 542 559 561 640 647 661 690 708 766 794 818 843 869 870 896 897 903 920 952 967 978 992
Compactness: 7792.215724
Weights: 582.000000 10032.000000 3004.000000
Center Node: 952

District 9
Nodes: 4 18 65 92 110 122 135 151 162 189 190 211 219 240 280 283 292 307 312 335 362 389 423 452 468 515 558 562 567 614 670 689 723 728 739 761 768 777 791 805 832 849 858 876 893 900 921 947
Compactness: 5723.359119
Weights: 618.000000 10728.000000 3003.000000
Center Node: 190

District 10
Nodes: 44 87 101 102 106 143 145 173 185 215 235 258 284 302 326 327 357 398 412 416 419 426 486 547 565 572 611 632 645 650 656 680 683 721 745 756 770 785 800 819 829 831 835 839 845 880 894 937 965 968 990 998
Compactness: 5770.247563
Weights: 628.000000 10867.000000 2965.000000
Center Node: 721

District 11
Nodes: 0 6 7 10 22 34 84 86 97 112 130 132 147 161 172 175 193 225 256 272 288 321 344 355 360 378 399 437 446 478 507 544 555 580 585 628 642 662 679 688 700 751 804 815 825 850 860 877 911 915 959 963 986
Compactness: 6695.306259
Weights: 615.000000 11117.000000 3000.000000
Center Node: 84

District 12
Nodes: 25 32 40 49 52 66 79 94 158 169 188 212 231 243 264 301 309 336 348 361 366 371 385 392 405 448 453 461 506 520 545 557 590 591 595 603 605 621 638 646 666 686 701 709 742 747 763 772 833 838 844 887 917 935 991
Compactness: 4130.461075
Weights: 638.000000 10954.000000 3007.000000
Center Node: 935

District 13
Nodes: 13 48 58 60 71 77 78 81 196 209 220 223 224 234 238 249 278 310 337 339 345 363 376 386 403 479 481 495 526 528 551 560 592 594 602 609 634 655 673 707 713 753 759 762 784 821 854 862 868 889 898 905 907
Compactness: 5426.288797
Weights: 635.000000 10781.000000 2909.000000
Center Node: 209

District 14
Nodes: 14 24 55 95 115 127 128 142 155 168 226 227 315 372 413 431 433 451 470 477 491 494 521 524 549 619 644 658 676 702 722 817 822 836 851 853 855 856 864 871 873 874 875 882 895 983 984
Compactness: 5181.865982
Weights: 634.000000 10093.000000 2945.000000
Center Node: 817

District 15
Nodes: 37 41 46 70 76 89 111 144 149 165 186 192 198 218 233 257 262 277 290 304 324 338 350 356 441 459 463 492 493 505 510 532 563 596 600 641 665 698 705 710 743 750 757 758 769 780 827 846 847 885 892 906 941
Compactness: 4363.849973
Weights: 599.000000 10124.000000 2569.000000
Center Node: 262

District 16
Nodes: 23 50 54 69 72 164 181 184 228 232 247 250 269 275 281 303 311 329 349 359 391 425 467 482 490 498 499 531 553 578 583 633 636 657 667 711 765 773 789 807 813 867 913 930 931 936 938 943 961 975 995
Compactness: 4948.479581
Weights: 623.000000 10655.000000 2975.000000
Center Node: 228

District 17
Nodes: 1 38 53 73 75 93 105 119 171 180 195 207 208 268 295 316 318 319 330 354 368 369 370 401 409 430 442 458 460 466 475 496 508 540 546 586 598 601 620 648 652 663 674 719 760 781 788 834 840 929 999
Compactness: 4554.640951
Weights: 591.000000 10530.000000 2947.000000
Center Node: 586

District 18
Nodes: 2 64 103 113 152 153 154 167 179 194 204 205 210 221 285 334 365 428 444 522 523 534 539 554 570 597 629 631 649 654 692 694 703 715 726 736 744 755 790 795 814 828 881 923 951 958 982
Compactness: 3951.092090
Weights: 545.000000 10124.000000 2862.000000
Center Node: 649

District 19
Nodes: 61 114 123 170 177 244 251 254 300 308 313 320 358 364 367 379 393 402 432 434 509 516 518 529 537 573 581 639 643 651 669 672 727 793 803 806 837 861 863 865 918 940 944 948 953 974 985 997
Compactness: 4659.931898
Weights: 570.000000 10805.000000 2778.000000
Center Node: 244

District 20
Nodes: 5 148 157 183 206 248 293 317 322 323 352 353 373 397 407 417 454 462 471 472 497 500 512 569 622 630 637 653 704 712 714 730 733 754 767 775 782 792 798 801 908 945 954 969 970 979 987 989
Compactness: 4522.089570
Weights: 567.000000 10942.000000 2868.000000
Center Node: 767
