BalanceViolation 10005.564000
AffinityLoss 933.000000
Compactness 26982.984311

District 1
Nodes: 115 136 138 175 234 251 309 310 362 440 489
Compactness: 560.514182
Weights: 162.000000 1443.000000 696.000000
Center Node: 234

District 2
Nodes: 6 42 59 124 189 371 463
Compactness: 201.007069
Weights: 97.000000 1906.000000 442.000000
Center Node: 59

District 3
Nodes: 80 103 145 172 199 215 218 240 312 324 395 436
Compactness: 977.173443
Weights: 142.000000 2020.000000 628.000000
Center Node: 199

District 4
Nodes: 106 205 351 383 393 404 425 431 459 476 486
Compactness: 684.218279
Weights: 126.000000 1920.000000 651.000000
Center Node: 486

District 5
Nodes: 15 30 137 177 196 202 217 494
Compactness: 306.201344
Weights: 91.000000 1926.000000 516.000000
Center Node: 137

District 6
Nodes: 114 155 195 265 311 331 343 417 491
Compactness: 389.119338
Weights: 100.000000 2122.000000 578.000000
Center Node: 265

District 7
Nodes: 95 104 131 180 242 262 267 274 358 392 495
Compactness: 677.589951
Weights: 167.000000 2336.000000 667.000000
Center Node: 180

District 8
Nodes: 158 167 207 273 304 305 426 455 481
Compactness: 437.811788
Weights: 104.000000 1912.000000 483.000000
Center Node: 273

District 9
Nodes: 36 60 125 139 170 179 204 233 346 406 422 480
Compactness: 772.035758
Weights: 154.000000 1946.000000 569.000000
Center Node: 346

District 10
Nodes: 117 160 224 237 364 373 376 378 461 487
Compactness: 814.620154
Weights: 130.000000 2079.000000 552.000000
Center Node: 373

District 11
Nodes: 22 28 109 111 126 144 223 348 365 374 397
Compactness: 662.158506
Weights: 117.000000 2226.000000 547.000000
Center Node: 144

District 12
Nodes: 14 41 50 89 161 162 163 239 380 497
Compactness: 527.935615
Weights: 133.000000 1969.000000 660.000000
Center Node: 89

District 13
Nodes: 57 64 96 123 142 210 245 333 357 432 438
Compactness: 552.591813
Weights: 140.000000 2606.000000 609.000000
Center Node: 57

District 14
Nodes: 5 40 220 275 339 366 403
Compactness: 597.287583
Weights: 91.000000 1040.000000 483.000000
Center Node: 5

District 15
Nodes: 19 56 90 236 264 325 442 469
Compactness: 523.231799
Weights: 98.000000 1878.000000 434.000000
Center Node: 236

District 16
Nodes: 70 143 168 219 247 256 279 313 456 482
Compactness: 470.321757
Weights: 116.000000 1890.000000 598.000000
Center Node: 279

District 17
Nodes: 16 25 51 52 100 122 130 132 259 287 428 457
Compactness: 430.386170
Weights: 140.000000 2168.000000 485.000000
Center Node: 428

District 18
Nodes: 7 11 38 45 118 159 295 389 452
Compactness: 407.924119
Weights: 118.000000 2043.000000 555.000000
Center Node: 7

District 19
Nodes: 4 32 35 37 53 198 214 332 360 407 433
Compactness: 432.298750
Weights: 120.000000 2187.000000 612.000000
Center Node: 332

District 20
Nodes: 12 29 62 216 229 266 278 350 356 361 401 447
Compactness: 737.489827
Weights: 153.000000 2164.000000 598.000000
Center Node: 361

District 21
Nodes: 3 8 55 73 113 257 285 289 292 317 445 496
Compactness: 775.653915
Weights: 160.000000 2468.000000 751.000000
Center Node: 3

District 22
Nodes: 44 72 91 120 157 178 201 306 388 458
Compactness: 398.371826
Weights: 142.000000 2145.000000 655.000000
Center Node: 458

District 23
Nodes: 102 171 213 221 253 294 340 394
Compactness: 431.357981
Weights: 86.000000 1830.000000 569.000000
Center Node: 253

District 24
Nodes: 13 98 174 241 243 284 286 290
Compactness: 427.714506
Weights: 103.000000 1833.000000 359.000000
Center Node: 243

District 25
Nodes: 82 87 153 187 225 255 282 359 402
Compactness: 522.469745
Weights: 133.000000 2196.000000 421.000000
Center Node: 282

District 26
Nodes: 27 94 191 197 249 291 322 368 386 468
Compactness: 469.143215
Weights: 113.000000 2311.000000 532.000000
Center Node: 249

District 27
Nodes: 10 58 97 148 300 326 328 384 493 498
Compactness: 708.083406
Weights: 135.000000 1878.000000 611.000000
Center Node: 326

District 28
Nodes: 26 54 79 129 321 419 484
Compactness: 224.818414
Weights: 79.000000 1350.000000 475.000000
Center Node: 484

District 29
Nodes: 0 165 271 315 330 379 444 485
Compactness: 354.918849
Weights: 101.000000 1192.000000 374.000000
Center Node: 271

District 30
Nodes: 31 48 107 112 141 152 316 329 334 416 443 446
Compactness: 462.306409
Weights: 124.000000 2029.000000 601.000000
Center Node: 141

District 31
Nodes: 17 46 128 211 299 303 344 354 375 478
Compactness: 589.144931
Weights: 105.000000 2267.000000 617.000000
Center Node: 299

District 32
Nodes: 75 77 84 88 276 297 369 390 427 466
Compactness: 499.458695
Weights: 124.000000 2087.000000 526.000000
Center Node: 466

District 33
Nodes: 47 83 85 101 169 238 260 308 412 418 472 474 479
Compactness: 865.882115
Weights: 166.000000 2100.000000 701.000000
Center Node: 260

District 34
Nodes: 86 110 140 151 250 296 320 323 410 423
Compactness: 632.948878
Weights: 136.000000 2295.000000 544.000000
Center Node: 323

District 35
Nodes: 69 76 116 149 154 156 248 258 293 335 352 367 483 488
Compactness: 925.415323
Weights: 172.000000 2222.000000 749.000000
Center Node: 156

District 36
Nodes: 68 81 192 193 246 307 342 355 398 465 490 499
Compactness: 535.864225
Weights: 142.000000 2378.000000 799.000000
Center Node: 193

District 37
Nodes: 33 108 166 244 281 400 408 448
Compactness: 275.632592
Weights: 77.000000 2008.000000 622.000000
Center Node: 108

District 38
Nodes: 18 24 49 186 319 370 414 434 475
Compactness: 325.684126
Weights: 103.000000 2138.000000 497.000000
Center Node: 434

District 39
Nodes: 67 78 127 135 164 176 263 301 327 415 473
Compactness: 740.397454
Weights: 116.000000 2059.000000 530.000000
Center Node: 164

District 40
Nodes: 39 119 194 227 232 270 338 341 381 409 430
Compactness: 615.661462
Weights: 106.000000 2149.000000 649.000000
Center Node: 338

District 41
Nodes: 34 43 63 93 203 209 228 269 399 420
Compactness: 662.752713
Weights: 131.000000 1943.000000 590.000000
Center Node: 43

District 42
Nodes: 134 200 206 208 226 288 298 347 363
Compactness: 493.608999
Weights: 94.000000 2001.000000 668.000000
Center Node: 200

District 43
Nodes: 66 74 182 212 268 377 454 460 464 467 471 477
Compactness: 856.090905
Weights: 109.000000 2117.000000 595.000000
Center Node: 460

District 44
Nodes: 21 146 147 184 252 254 272 349 405 439 492
Compactness: 734.485648
Weights: 140.000000 2372.000000 779.000000
Center Node: 439

District 45
Nodes: 1 133 150 280 283 302 337 387 421 435 449
Compactness: 587.410111
Weights: 128.000000 2155.000000 634.000000
Center Node: 302

District 46
Nodes: 105 185 230 231 353 429 450 451
Compactness: 327.757684
Weights: 109.000000 1691.000000 614.000000
Center Node: 450

District 47
Nodes: 23 65 121 173 181 188 261 318 396 424
Compactness: 383.323131
Weights: 120.000000 2737.000000 619.000000
Center Node: 23

District 48
Nodes: 2 20 71 183 336 372 385 413 453
Compactness: 276.288982
Weights: 122.000000 1748.000000 510.000000
Center Node: 385

District 49
Nodes: 9 190 277 345 411 441 470
Compactness: 250.688432
Weights: 81.000000 1823.000000 415.000000
Center Node: 411

District 50
Nodes: 61 92 99 222 235 314 382 391 437 462
Compactness: 467.732393
Weights: 117.000000 2278.000000 598.000000
Center Node: 437
