BalanceViolation 1834.728000
AffinityLoss 3885.000000
Compactness 128282.482181

District 1
Nodes: 4 20 84 91 93 131 133 161 252 315 406 452 490 500 517 547 580 594 621 652 873 890 913 914 925 966 1014 1074 1087 1093 1143 1162 1172 1214 1265 1763 1764 1798 1800 1860 1891
Compactness: 2520.377122
Weights: 526.000000 7963.000000 2373.000000
Center Node: 1074

District 2
Nodes: 136 196 227 251 296 335 365 400 436 522 557 561 592 654 717 720 814 855 860 908 912 923 942 947 1007 1023 1106 1132 1191 1220 1234 1289 1310 1357 1419 1479 1708 1712 1738 1790 1797 1802 1923 1952 1980
Compactness: 3049.979720
Weights: 533.000000 8759.000000 2127.000000
Center Node: 1106

District 3
Nodes: 6 40 62 208 228 277 413 437 542 649 659 766 774 816 902 965 1024 1099 1126 1128 1165 1206 1222 1259 1315 1339 1552 1649 1669 1713 1719 1754 1793 1796 1955 1965
Compactness: 2370.835183
Weights: 394.000000 7774.000000 2077.000000
Center Node: 1206

District 4
Nodes: 14 96 117 141 177 408 438 459 474 531 617 640 683 719 761 778 828 858 896 992 1230 1283 1342 1369 1391 1406 1508 1525 1526 1677 1688 1693 1724 1750 1757 1806 1847 1901 1916 1949 1970 1985
Compactness: 2445.714934
Weights: 555.000000 7766.000000 2262.000000
Center Node: 438

District 5
Nodes: 16 106 145 313 320 379 524 530 532 540 662 710 723 758 847 887 900 924 968 1002 1107 1185 1188 1189 1197 1226 1279 1374 1389 1528 1531 1675 1683 1698 1812 1844 1898 1924 1957 1981 1999
Compactness: 2458.480598
Weights: 537.000000 8737.000000 2130.000000
Center Node: 900

District 6
Nodes: 2 95 157 187 271 291 339 395 468 560 577 636 692 704 706 762 810 842 854 857 898 929 936 956 1004 1086 1100 1329 1334 1424 1480 1489 1582 1653 1711 1726 1808 1815 1910 1926
Compactness: 2713.726686
Weights: 442.000000 8748.000000 2375.000000
Center Node: 706

District 7
Nodes: 13 80 149 175 231 236 280 367 471 569 589 596 625 630 715 735 743 744 764 777 856 986 998 1032 1057 1062 1177 1199 1248 1300 1355 1546 1558 1562 1619 1633 1831 1862 1922 1936 1953 1964
Compactness: 2197.944441
Weights: 478.000000 8387.000000 2343.000000
Center Node: 596

District 8
Nodes: 53 109 243 248 292 306 308 386 462 497 502 533 570 703 757 837 861 863 886 895 951 1009 1085 1091 1092 1104 1123 1156 1270 1275 1372 1431 1449 1559 1701 1737 1789 1859 1899 1962
Compactness: 2175.177290
Weights: 497.000000 7941.000000 2319.000000
Center Node: 1431

District 9
Nodes: 94 97 139 225 253 429 460 466 489 508 627 638 697 733 740 747 767 795 843 881 907 1025 1040 1288 1421 1618 1651 1661 1788 1821 1840 1846 1876 1889 1951 1966 1969
Compactness: 2075.566000
Weights: 494.000000 8756.000000 2142.000000
Center Node: 460

District 10
Nodes: 48 112 128 322 324 363 374 393 566 584 673 763 779 862 866 909 994 1061 1065 1067 1069 1202 1320 1346 1473 1506 1511 1517 1535 1543 1547 1603 1684 1746 1791 1801 1894
Compactness: 5118.312220
Weights: 461.000000 8401.000000 2161.000000
Center Node: 1547

District 11
Nodes: 7 10 41 238 255 470 476 511 512 599 644 655 753 768 783 794 869 952 981 1026 1045 1088 1209 1221 1312 1393 1510 1557 1561 1628 1690 1743 1773 1863 1877 1887 1998
Compactness: 3400.414917
Weights: 469.000000 8755.000000 2074.000000
Center Node: 869

District 12
Nodes: 32 37 50 81 86 102 201 203 232 303 321 479 496 538 615 798 877 988 1066 1089 1147 1196 1212 1263 1306 1325 1330 1483 1495 1574 1616 1637 1647 1657 1728 1760 1804 1892 1987 1989
Compactness: 2461.612317
Weights: 435.000000 8773.000000 2336.000000
Center Node: 479

District 13
Nodes: 44 51 156 215 300 305 318 485 487 526 583 696 702 707 731 738 841 848 880 969 977 980 1058 1071 1142 1225 1241 1358 1362 1417 1425 1464 1478 1524 1581 1631 1639 1643 1779 1856 1886 1956 1963
Compactness: 2553.739681
Weights: 446.000000 8186.000000 2303.000000
Center Node: 977

District 14
Nodes: 54 83 224 338 341 402 404 572 582 643 716 759 882 891 906 926 948 1015 1017 1051 1120 1173 1192 1213 1218 1297 1303 1340 1356 1414 1488 1527 1584 1600 1642 1654 1680 1731 1768 1888 1903 1967 1978
Compactness: 2664.661233
Weights: 534.000000 8728.000000 2199.000000
Center Node: 1173

District 15
Nodes: 75 90 144 180 218 233 256 263 344 453 455 465 527 605 647 712 724 756 851 871 927 930 943 1201 1249 1278 1298 1392 1530 1617 1626 1696 1729 1751 1828 1904
Compactness: 2446.050762
Weights: 482.000000 8000.000000 2239.000000
Center Node: 75

District 16
Nodes: 57 71 111 151 163 176 209 229 265 285 361 473 486 601 708 729 934 1030 1054 1079 1090 1117 1181 1228 1258 1390 1497 1536 1595 1624 1656 1700 1740 1767 1819 1838 1893 1897 1927 1942 1972
Compactness: 2558.068464
Weights: 422.000000 7872.000000 2355.000000
Center Node: 1897

District 17
Nodes: 36 49 244 316 428 445 451 518 545 679 834 838 839 845 944 1006 1028 1037 1068 1080 1095 1121 1122 1134 1175 1210 1302 1344 1379 1380 1400 1549 1556 1613 1641 1666 1667 1682 1925 1931 1979 1992 1993 1996
Compactness: 2660.591805
Weights: 479.000000 7930.000000 2339.000000
Center Node: 1068

District 18
Nodes: 167 246 247 279 286 330 342 354 387 410 467 475 525 628 686 771 883 892 905 916 939 959 960 1027 1150 1285 1371 1375 1448 1463 1580 1601 1630 1632 1769 1866 1890 1932 1988
Compactness: 2059.980275
Weights: 498.000000 8471.000000 2288.000000
Center Node: 1375

District 19
Nodes: 8 18 22 45 178 216 276 310 368 427 521 568 574 611 660 670 689 728 734 797 804 832 840 903 1047 1145 1255 1269 1271 1272 1402 1404 1577 1594 1652 1681 1702 1770 1795 1813 1909 1974
Compactness: 2742.160693
Weights: 477.000000 8734.000000 2340.000000
Center Node: 276

District 20
Nodes: 24 121 170 226 240 266 269 284 355 356 364 482 598 648 749 752 876 901 911 920 961 1010 1019 1050 1076 1109 1137 1146 1155 1195 1286 1324 1409 1442 1455 1493 1496 1537 1585 1590 1749 1756 1880
Compactness: 3680.669904
Weights: 464.000000 8382.000000 2364.000000
Center Node: 1585

District 21
Nodes: 42 118 127 186 214 254 347 550 552 564 657 755 872 889 917 932 993 1148 1227 1239 1244 1277 1359 1459 1513 1544 1572 1614 1732 1747 1762 1792 1814 1829 1830 1874 1896 1941 1958
Compactness: 2889.362070
Weights: 494.000000 7856.000000 2049.000000
Center Node: 1792

District 22
Nodes: 39 181 182 261 288 309 326 362 373 409 456 510 665 688 787 815 940 946 967 1035 1036 1118 1158 1294 1348 1350 1353 1354 1385 1387 1443 1485 1516 1522 1570 1579 1599 1609 1725 1727 1742 1826 1982
Compactness: 2007.635174
Weights: 471.000000 8759.000000 2171.000000
Center Node: 688

District 23
Nodes: 59 64 78 89 124 298 458 499 575 620 705 868 885 963 973 1055 1110 1111 1204 1215 1243 1245 1378 1381 1396 1465 1492 1502 1615 1670 1714 1776 1783 1837 1849 1871 1879
Compactness: 2243.334071
Weights: 486.000000 8379.000000 2294.000000
Center Node: 458

District 24
Nodes: 3 77 191 193 200 278 334 381 421 422 423 653 808 875 957 976 1063 1102 1318 1319 1411 1444 1450 1503 1514 1583 1650 1695 1748 1827 1852 1885 1906 1915 1921 1928 1937 1961 1976
Compactness: 2621.195240
Weights: 458.000000 7931.000000 2165.000000
Center Node: 1921

District 25
Nodes: 1 15 107 126 134 173 199 202 250 290 301 350 380 414 439 448 450 454 520 772 791 793 800 813 853 879 1084 1253 1311 1376 1523 1621 1658 1685 1689 1771 1784 1820 1834 1929 1947
Compactness: 2423.274401
Weights: 495.000000 8813.000000 2171.000000
Center Node: 813

District 26
Nodes: 0 33 38 56 63 140 142 162 168 314 323 383 412 501 558 567 571 613 750 773 801 825 955 972 974 982 1013 1114 1305 1476 1487 1507 1509 1540 1668 1716 1782 1786
Compactness: 2420.922322
Weights: 458.000000 8347.000000 2247.000000
Center Node: 1716

District 27
Nodes: 73 88 113 195 282 329 385 401 434 553 556 664 687 742 803 888 918 991 1022 1038 1078 1101 1116 1133 1151 1194 1341 1349 1420 1440 1466 1499 1555 1596 1705 1735 1794 1845 1865
Compactness: 2396.915358
Weights: 485.000000 8187.000000 2174.000000
Center Node: 1101

District 28
Nodes: 17 55 155 165 217 221 223 312 370 376 509 516 559 637 650 684 713 796 827 846 865 893 921 962 975 1003 1033 1157 1168 1179 1219 1238 1333 1438 1816 1818 1824 1825 1832 1864 1913
Compactness: 2011.259786
Weights: 494.000000 8419.000000 2238.000000
Center Node: 975

District 29
Nodes: 260 294 345 390 394 403 433 480 494 604 635 639 674 694 701 725 765 786 958 1012 1083 1094 1207 1240 1268 1290 1395 1397 1457 1532 1567 1598 1648 1730 1774 1883 1930 1975
Compactness: 2068.697372
Weights: 459.000000 8751.000000 2359.000000
Center Node: 1094

District 30
Nodes: 25 148 222 241 245 360 399 417 447 469 505 573 586 658 730 760 1064 1124 1130 1161 1190 1217 1252 1301 1316 1327 1338 1423 1428 1550 1564 1622 1634 1676 1694 1717 1853 1870 1994
Compactness: 1914.789179
Weights: 464.000000 8016.000000 2258.000000
Center Node: 469

District 31
Nodes: 52 67 302 407 425 461 488 554 602 612 682 693 790 799 931 979 1034 1039 1053 1182 1231 1236 1281 1295 1364 1386 1399 1460 1534 1646 1662 1673 1686 1722 1744 1752 1823 1869 1878 1946 1977
Compactness: 3015.137631
Weights: 453.000000 8221.000000 2301.000000
Center Node: 790

District 32
Nodes: 60 125 150 160 242 262 270 283 358 579 593 600 619 822 844 850 859 1008 1043 1049 1075 1115 1140 1247 1314 1317 1335 1401 1413 1429 1469 1548 1566 1629 1822 1833 1842 1857 1872 1905 1990
Compactness: 2422.846310
Weights: 456.000000 8756.000000 2195.000000
Center Node: 1822

District 33
Nodes: 19 28 69 92 100 108 147 158 185 207 219 483 529 690 709 884 894 1077 1108 1113 1129 1138 1171 1322 1336 1368 1377 1384 1430 1452 1529 1571 1608 1733 1753 1765 1785 1855 1868 1908 1940
Compactness: 2483.419400
Weights: 487.000000 8628.000000 2316.000000
Center Node: 1529

District 34
Nodes: 27 104 122 153 154 210 327 328 336 340 348 398 426 541 624 669 678 732 826 915 935 1097 1105 1135 1178 1193 1235 1267 1284 1352 1403 1418 1427 1434 1456 1458 1563 1640 1854 1919
Compactness: 1803.799414
Weights: 443.000000 8702.000000 2365.000000
Center Node: 678

District 35
Nodes: 70 85 87 115 212 293 333 337 514 528 548 591 595 622 641 675 727 745 806 811 878 964 1001 1018 1119 1257 1307 1326 1394 1415 1477 1494 1586 1809 1836 1858 1900 1907 1960
Compactness: 2364.986043
Weights: 451.000000 8578.000000 2373.000000
Center Node: 514

District 36
Nodes: 23 74 120 166 184 392 443 515 519 562 565 633 721 770 807 820 904 953 970 1098 1292 1293 1299 1332 1408 1445 1451 1474 1490 1565 1568 1593 1607 1665 1707 1709 1734 1758 1781 1817 1848 1873 1995
Compactness: 2735.532147
Weights: 553.000000 8751.000000 2358.000000
Center Node: 807

District 37
Nodes: 30 101 123 130 164 194 206 237 267 371 415 432 536 578 616 645 681 695 699 780 849 987 1021 1149 1246 1251 1328 1360 1363 1436 1453 1472 1512 1575 1591 1604 1610 1612 1655 1691 1902
Compactness: 2754.245948
Weights: 500.000000 8239.000000 2193.000000
Center Node: 1363

District 38
Nodes: 114 132 183 189 281 382 397 411 441 544 563 585 608 629 631 671 978 1153 1203 1237 1331 1398 1407 1410 1422 1475 1518 1578 1597 1663 1674 1697 1704 1736 1811 1835 1918 1954
Compactness: 2322.975920
Weights: 444.000000 7991.000000 2182.000000
Center Node: 411

District 39
Nodes: 58 137 152 249 349 359 464 495 543 651 661 666 737 802 805 812 933 938 990 1060 1070 1073 1211 1296 1321 1405 1437 1486 1515 1606 1699 1718 1739 1755 1775 1787 1948 1983
Compactness: 2867.392277
Weights: 476.000000 8130.000000 2249.000000
Center Node: 495

District 40
Nodes: 61 68 99 188 230 289 319 449 472 477 535 609 668 685 691 746 817 945 971 1029 1041 1082 1096 1112 1167 1183 1205 1223 1264 1345 1382 1432 1551 1554 1588 1605 1620 1638 1644 1777
Compactness: 2482.216256
Weights: 487.000000 8143.000000 2346.000000
Center Node: 1551

District 41
Nodes: 65 66 135 190 220 239 287 331 357 377 463 498 590 663 714 784 785 788 830 870 997 1125 1152 1169 1229 1260 1262 1266 1323 1343 1367 1592 1741 1772 1884 1917 1944 1950 1991
Compactness: 2585.687915
Weights: 491.000000 8647.000000 2360.000000
Center Node: 190

District 42
Nodes: 9 26 34 35 110 179 192 198 353 366 405 549 587 614 642 667 775 819 831 874 983 995 1200 1216 1308 1361 1433 1481 1569 1576 1778 1867 1882 1920 1938 1939 1945
Compactness: 2683.740749
Weights: 453.000000 8081.000000 2279.000000
Center Node: 366

District 43
Nodes: 205 274 275 446 481 597 618 656 672 698 722 751 769 829 833 941 996 999 1031 1044 1131 1208 1280 1291 1498 1602 1692 1720 1721 1759 1799 1839 1843 1875 1895 1968 1986
Compactness: 2176.194504
Weights: 458.000000 7781.000000 2227.000000
Center Node: 275

District 44
Nodes: 12 29 72 129 171 197 257 264 325 388 420 493 523 606 607 632 680 718 748 782 792 897 937 1016 1042 1072 1081 1154 1159 1163 1170 1180 1250 1274 1454 1471 1500 1538 1623 1659 1715 1803 1850 1935
Compactness: 3982.173055
Weights: 495.000000 8555.000000 2353.000000
Center Node: 264

District 45
Nodes: 11 21 98 105 159 204 211 258 273 317 424 431 484 503 507 610 739 789 818 899 919 1011 1048 1139 1160 1166 1186 1276 1304 1313 1337 1412 1462 1467 1468 1521 1589 1672 1881 1934
Compactness: 2568.786395
Weights: 465.000000 8048.000000 2365.000000
Center Node: 211

District 46
Nodes: 5 76 79 119 213 235 272 304 307 375 391 419 430 435 491 513 588 711 821 864 867 910 985 989 1056 1144 1232 1461 1470 1505 1587 1627 1636 1671 1703 1745 1780 1912 1914
Compactness: 2726.760152
Weights: 478.000000 8022.000000 2249.000000
Center Node: 1056

District 47
Nodes: 31 82 174 259 268 299 351 418 440 492 546 581 603 677 700 736 809 835 954 1000 1059 1103 1184 1347 1373 1501 1504 1519 1520 1545 1625 1635 1678 1761 1766 1841 1911 1959 1973
Compactness: 1932.087684
Weights: 442.000000 8693.000000 2377.000000
Center Node: 1911

District 48
Nodes: 43 103 138 143 378 384 389 504 534 539 555 576 646 726 824 922 928 984 1005 1052 1127 1187 1242 1287 1351 1370 1383 1447 1611 1679 1710 1805 1861 1943 1997
Compactness: 1736.666191
Weights: 486.000000 8053.000000 1895.000000
Center Node: 555

District 49
Nodes: 47 146 295 332 346 352 396 457 478 506 537 626 741 776 852 950 1020 1046 1136 1174 1176 1198 1224 1233 1254 1282 1309 1365 1366 1388 1441 1482 1484 1533 1542 1573 1645 1706 1851 1971 1984
Compactness: 2494.184687
Weights: 498.000000 7668.000000 2368.000000
Center Node: 1482

District 50
Nodes: 46 116 169 172 234 297 311 343 369 372 416 442 444 551 623 634 676 754 781 823 836 949 1141 1164 1256 1261 1273 1416 1426 1435 1439 1446 1491 1539 1541 1553 1560 1660 1664 1687 1723 1807 1810 1933
Compactness: 2792.200285
Weights: 451.000000 8738.000000 2376.000000
Center Node: 1164
