BalanceViolation 2371.405000
AffinityLoss 963.000000
Compactness 32188.624879

District 1
Nodes: 1 21 37 89 106 121 139 277 310 327
Compactness: 590.226854
Weights: 132.000000 2083.000000 672.000000
Center Node: 106

District 2
Nodes: 77 79 114 146 213 366 428 465 485
Compactness: 394.079465
Weights: 118.000000 2174.000000 594.000000
Center Node: 146

District 3
Nodes: 41 62 101 150 188 289 319 338 349 369
Compactness: 501.874621
Weights: 132.000000 2149.000000 604.000000
Center Node: 101

District 4
Nodes: 29 96 151 162 163 165 343 400 421 449
Compactness: 2033.555738
Weights: 140.000000 2034.000000 726.000000
Center Node: 421

District 5
Nodes: 177 220 235 260 280 304 305 308 317 372
Compactness: 577.489281
Weights: 128.000000 2053.000000 617.000000
Center Node: 305

District 6
Nodes: 136 143 158 217 300 301 360 417 418 448
Compactness: 385.289239
Weights: 106.000000 2041.000000 577.000000
Center Node: 301

District 7
Nodes: 24 31 64 141 144 191 303 353 467 484 487
Compactness: 868.695192
Weights: 151.000000 2219.000000 569.000000
Center Node: 484

District 8
Nodes: 19 59 112 166 199 218 226 236 251 286 291
Compactness: 846.569358
Weights: 150.000000 2210.000000 663.000000
Center Node: 59

District 9
Nodes: 0 52 78 111 131 174 425 464 495
Compactness: 677.792785
Weights: 112.000000 2255.000000 445.000000
Center Node: 78

District 10
Nodes: 10 17 55 87 262 347 348 488
Compactness: 222.452067
Weights: 81.000000 2056.000000 497.000000
Center Node: 17

District 11
Nodes: 35 40 76 169 192 200 205 221 391
Compactness: 706.420975
Weights: 119.000000 2226.000000 537.000000
Center Node: 200

District 12
Nodes: 3 34 71 120 130 178 204 224 232 287
Compactness: 626.470303
Weights: 152.000000 2136.000000 626.000000
Center Node: 178

District 13
Nodes: 74 160 168 184 240 270 271 330 334 339 447
Compactness: 620.772797
Weights: 135.000000 2172.000000 462.000000
Center Node: 160

District 14
Nodes: 22 113 137 159 180 297 333 376 452 454 473 493
Compactness: 722.014180
Weights: 131.000000 2031.000000 796.000000
Center Node: 137

District 15
Nodes: 33 36 116 173 189 254 370 394 430
Compactness: 587.494490
Weights: 85.000000 2173.000000 599.000000
Center Node: 36

District 16
Nodes: 92 167 195 223 268 285 309 437 440 482
Compactness: 743.159801
Weights: 108.000000 2205.000000 615.000000
Center Node: 223

District 17
Nodes: 25 105 134 216 290 325 373 491
Compactness: 457.009128
Weights: 81.000000 2287.000000 495.000000
Center Node: 290

District 18
Nodes: 9 20 75 129 275 298 358 439 453 496
Compactness: 332.963271
Weights: 126.000000 2166.000000 560.000000
Center Node: 439

District 19
Nodes: 56 72 118 176 245 302 363 398 423
Compactness: 583.810685
Weights: 112.000000 2257.000000 552.000000
Center Node: 302

District 20
Nodes: 171 196 211 265 335 422 442 451 489
Compactness: 658.302370
Weights: 121.000000 2106.000000 593.000000
Center Node: 451

District 21
Nodes: 45 60 147 279 312 340 378 397 411 414 443
Compactness: 534.058069
Weights: 141.000000 2164.000000 545.000000
Center Node: 411

District 22
Nodes: 51 115 206 283 288 316 380 386 456
Compactness: 535.405706
Weights: 120.000000 1953.000000 592.000000
Center Node: 316

District 23
Nodes: 16 27 53 57 183 214 249 261 306 383 392 399
Compactness: 602.728862
Weights: 137.000000 2043.000000 698.000000
Center Node: 53

District 24
Nodes: 46 85 156 201 219 225 239 255 367 388 401 438 472
Compactness: 976.493554
Weights: 168.000000 2038.000000 584.000000
Center Node: 239

District 25
Nodes: 84 155 157 351 395 413 419 420 446 466 475
Compactness: 981.365682
Weights: 153.000000 2187.000000 583.000000
Center Node: 413

District 26
Nodes: 61 73 82 109 125 311 345 352 436
Compactness: 511.247648
Weights: 128.000000 2207.000000 577.000000
Center Node: 352

District 27
Nodes: 43 98 127 135 154 197 322 393 412 416 479
Compactness: 624.177311
Weights: 142.000000 2212.000000 598.000000
Center Node: 416

District 28
Nodes: 28 117 202 231 258 294 324 331 455
Compactness: 533.726419
Weights: 94.000000 2373.000000 561.000000
Center Node: 28

District 29
Nodes: 26 49 66 83 99 242 441 460 468 483
Compactness: 552.897718
Weights: 122.000000 2231.000000 544.000000
Center Node: 66

District 30
Nodes: 88 170 179 203 234 273 356 445 458
Compactness: 351.049691
Weights: 110.000000 2267.000000 475.000000
Center Node: 203

District 31
Nodes: 32 47 93 145 149 198 241 296 342 481
Compactness: 446.085371
Weights: 114.000000 2060.000000 605.000000
Center Node: 47

District 32
Nodes: 5 42 48 67 94 153 172 230 237 252 450
Compactness: 722.218471
Weights: 127.000000 2190.000000 554.000000
Center Node: 252

District 33
Nodes: 124 126 209 210 212 215 278 323 357 382 385
Compactness: 535.402348
Weights: 151.000000 1931.000000 575.000000
Center Node: 124

District 34
Nodes: 97 104 185 227 243 314 328 375 384
Compactness: 620.100998
Weights: 125.000000 2089.000000 614.000000
Center Node: 328

District 35
Nodes: 7 39 110 193 247 344 415 432 434 494
Compactness: 407.759100
Weights: 120.000000 2165.000000 619.000000
Center Node: 434

District 36
Nodes: 164 282 318 326 336 337 355 390 410 477 480
Compactness: 857.059658
Weights: 115.000000 2089.000000 673.000000
Center Node: 390

District 37
Nodes: 13 70 100 194 257 274 284 292 295 307 409
Compactness: 484.612327
Weights: 128.000000 2106.000000 591.000000
Center Node: 100

District 38
Nodes: 102 181 229 244 250 267 276 320 444
Compactness: 418.954487
Weights: 109.000000 2092.000000 552.000000
Center Node: 229

District 39
Nodes: 6 38 50 148 233 272 313 321 350 408 462
Compactness: 950.740812
Weights: 129.000000 2016.000000 566.000000
Center Node: 233

District 40
Nodes: 63 68 108 142 281 381 424 463 476 492
Compactness: 1457.411732
Weights: 113.000000 2214.000000 544.000000
Center Node: 492

District 41
Nodes: 23 107 187 207 253 266 387 404 405
Compactness: 594.538681
Weights: 122.000000 2017.000000 611.000000
Center Node: 23

District 42
Nodes: 69 95 140 190 359 362 406 426 474
Compactness: 550.051626
Weights: 121.000000 2180.000000 529.000000
Center Node: 190

District 43
Nodes: 152 259 264 293 341 361 379 431 435 497
Compactness: 690.234797
Weights: 134.000000 2058.000000 591.000000
Center Node: 341

District 44
Nodes: 4 8 132 175 269 407 427 457 461 470
Compactness: 654.402811
Weights: 101.000000 2103.000000 562.000000
Center Node: 8

District 45
Nodes: 14 18 90 133 182 228 402 459 486
Compactness: 476.289729
Weights: 91.000000 2348.000000 466.000000
Center Node: 486

District 46
Nodes: 58 122 138 256 263 299 365 389 396 403
Compactness: 548.686426
Weights: 114.000000 1994.000000 564.000000
Center Node: 396

District 47
Nodes: 86 161 222 248 346 354 364 371 377 478 499
Compactness: 805.931243
Weights: 145.000000 2262.000000 553.000000
Center Node: 364

District 48
Nodes: 12 30 54 65 246 315 332 374 433 469 471
Compactness: 655.374937
Weights: 147.000000 2244.000000 530.000000
Center Node: 374

District 49
Nodes: 11 44 81 91 128 238 329 368 490
Compactness: 456.613751
Weights: 117.000000 2151.000000 483.000000
Center Node: 44

District 50
Nodes: 2 15 80 103 119 123 186 208 429 498
Compactness: 516.562314
Weights: 136.000000 2224.000000 455.000000
Center Node: 103
