BalanceViolation 210.012500
AffinityLoss 3550.000000
Compactness 214740.263629

District 1
Nodes: 4 20 34 58 84 91 93 105 124 131 133 137 161 179 198 252 263 284 315 332 353 366 406 452 457 484 490 495 500 506 517 547 575 587 594 621 642 651 652 705 737 756 819 873 874 876 890 899 913 914 920 925 930 938 966 983 1014 1048 1060 1073 1074 1087 1093 1143 1162 1172 1211 1214 1224 1233 1276 1282 1308 1309 1313 1388 1437 1441 1482 1515 1533 1569 1589 1615 1645 1699 1718 1755 1763 1798 1800 1809 1837 1851 1860 1891 1934 1948
Compactness: 8845.436509
Weights: 1247.000000 19800.000000 5911.000000
Center Node: 621

District 2
Nodes: 15 66 107 126 134 136 173 182 196 202 227 251 261 288 296 309 326 331 335 350 357 365 400 409 436 439 454 463 520 522 538 557 561 592 654 688 717 720 772 784 787 788 791 800 813 814 855 860 870 908 912 923 940 942 946 947 997 1007 1023 1035 1036 1084 1106 1132 1152 1158 1191 1209 1220 1229 1234 1260 1262 1289 1310 1323 1357 1367 1376 1419 1479 1592 1609 1658 1708 1712 1725 1738 1742 1771 1772 1784 1790 1797 1802 1804 1820 1884 1923 1944 1952 1978 1980 1982 1991
Compactness: 9985.683054
Weights: 1323.000000 21815.000000 5375.000000
Center Node: 1980

District 3
Nodes: 6 30 40 55 62 130 155 165 194 206 208 221 223 228 237 267 277 371 376 413 432 437 470 509 536 542 578 616 645 649 659 681 684 695 699 713 766 774 816 827 846 849 865 902 921 959 960 965 975 987 1003 1016 1021 1024 1033 1099 1126 1128 1157 1165 1206 1219 1222 1238 1246 1259 1315 1339 1363 1371 1436 1438 1453 1463 1472 1512 1552 1575 1604 1610 1612 1649 1655 1669 1691 1713 1719 1754 1793 1796 1818 1824 1832 1864 1902 1913 1955 1965
Compactness: 8808.779022
Weights: 1147.000000 20072.000000 5433.000000
Center Node: 1128

District 4
Nodes: 42 96 117 132 141 177 183 186 189 205 274 281 397 408 417 446 459 474 481 531 544 597 617 618 629 631 640 656 671 672 698 719 722 778 828 829 858 896 941 992 993 996 1031 1148 1182 1203 1208 1230 1237 1239 1244 1280 1283 1291 1331 1342 1369 1390 1398 1406 1410 1459 1475 1508 1526 1544 1578 1595 1597 1602 1663 1674 1677 1688 1692 1694 1697 1700 1704 1720 1721 1724 1750 1752 1799 1806 1830 1835 1843 1847 1874 1895 1901 1916 1918 1927 1949 1954 1968 1970
Compactness: 10305.721758
Weights: 1254.000000 19976.000000 5801.000000
Center Node: 1677

District 5
Nodes: 16 60 92 106 116 145 172 299 313 320 369 372 379 390 418 444 519 524 530 532 540 619 623 662 710 721 723 758 770 786 809 823 844 847 887 894 900 949 954 968 1002 1042 1059 1081 1103 1107 1115 1141 1154 1159 1163 1164 1185 1188 1189 1197 1207 1226 1261 1268 1273 1279 1290 1292 1293 1374 1395 1413 1416 1439 1454 1457 1469 1474 1490 1491 1519 1528 1531 1538 1539 1541 1545 1568 1607 1625 1648 1664 1665 1675 1678 1683 1698 1723 1753 1807 1812 1833 1841 1844 1848 1850 1898 1924 1935 1957 1981 1999
Compactness: 10249.316908
Weights: 1243.000000 21873.000000 5896.000000
Center Node: 313

District 6
Nodes: 27 39 52 56 67 95 142 153 157 162 181 187 220 239 271 291 302 323 327 328 339 362 383 395 407 425 456 468 488 501 541 560 577 602 612 636 682 692 704 706 762 790 810 815 842 854 857 898 915 929 931 936 956 979 1004 1034 1053 1086 1100 1118 1178 1231 1235 1281 1294 1325 1329 1334 1350 1352 1364 1385 1386 1387 1399 1424 1434 1456 1460 1480 1489 1507 1516 1534 1570 1582 1653 1668 1673 1711 1726 1782 1786 1808 1815 1826 1878 1910 1917 1919 1926 1977
Compactness: 10114.282278
Weights: 1190.000000 21558.000000 5937.000000
Center Node: 706

District 7
Nodes: 3 13 17 61 68 77 80 99 149 175 191 193 200 230 231 236 278 280 289 367 393 421 449 471 477 569 589 596 609 625 630 637 650 653 715 735 743 744 746 764 777 779 796 817 856 875 893 945 957 971 986 998 1029 1032 1057 1062 1082 1096 1102 1112 1167 1177 1179 1199 1223 1248 1264 1300 1318 1319 1345 1355 1411 1444 1503 1511 1546 1551 1558 1562 1588 1605 1619 1633 1644 1746 1748 1791 1825 1831 1852 1862 1894 1906 1915 1921 1922 1936 1953 1961 1964
Compactness: 8257.874952
Weights: 1170.000000 20912.000000 5370.000000
Center Node: 280

District 8
Nodes: 25 53 109 115 121 127 148 212 214 222 243 248 254 292 293 306 308 333 337 360 386 399 447 462 469 502 514 533 550 564 570 573 586 591 595 622 703 757 760 806 811 861 872 878 886 889 895 917 932 951 1009 1010 1050 1064 1085 1091 1092 1104 1119 1123 1130 1156 1161 1190 1227 1252 1270 1275 1307 1327 1359 1372 1394 1423 1428 1431 1449 1494 1513 1559 1564 1572 1586 1614 1622 1676 1701 1717 1737 1747 1762 1792 1814 1829 1853 1859 1896 1900 1941 1958 1994
Compactness: 9593.826965
Weights: 1218.000000 20478.000000 5913.000000
Center Node: 1190

District 9
Nodes: 24 33 45 94 139 168 216 225 240 253 272 304 307 391 394 419 429 430 435 460 489 508 513 558 567 588 598 604 613 627 638 639 694 697 711 733 740 747 767 773 795 797 821 843 864 881 901 907 911 955 961 972 1012 1013 1025 1040 1056 1109 1111 1137 1144 1195 1215 1240 1245 1288 1305 1316 1324 1338 1381 1409 1421 1470 1487 1493 1509 1537 1540 1587 1590 1618 1627 1651 1661 1671 1714 1745 1813 1821 1840 1876 1880 1883 1912 1914 1930 1951
Compactness: 9785.161993
Weights: 1230.000000 21874.000000 5370.000000
Center Node: 1951

District 10
Nodes: 11 21 48 49 73 88 112 113 128 146 195 204 211 273 282 322 324 329 346 352 363 374 385 401 424 431 434 451 478 503 545 553 556 626 664 673 687 724 739 742 763 776 803 818 834 852 862 888 918 943 950 991 994 1022 1038 1046 1078 1095 1101 1116 1121 1122 1133 1134 1136 1151 1174 1194 1198 1254 1304 1341 1349 1392 1440 1466 1467 1473 1484 1499 1506 1535 1542 1543 1547 1555 1573 1596 1617 1672 1684 1705 1706 1735 1751 1794 1801 1845 1865
Compactness: 8948.477307
Weights: 1154.000000 21500.000000 5493.000000
Center Node: 1101

District 11
Nodes: 7 10 12 19 29 41 46 100 123 125 129 147 197 207 219 238 242 255 257 264 343 358 388 415 476 511 512 579 593 599 606 607 632 644 655 680 690 748 753 768 780 782 783 794 859 869 897 952 981 1008 1026 1045 1072 1077 1088 1140 1149 1170 1180 1221 1250 1251 1274 1312 1314 1335 1360 1368 1377 1393 1401 1471 1510 1548 1557 1561 1566 1591 1628 1629 1659 1690 1715 1734 1743 1773 1785 1803 1822 1857 1863 1868 1877 1887 1905 1908 1990 1998
Compactness: 10323.096141
Weights: 1204.000000 19981.000000 5400.000000
Center Node: 511

District 12
Nodes: 1 32 37 50 65 81 86 102 122 135 166 184 190 201 203 232 287 303 321 373 377 414 427 443 479 492 496 498 510 581 590 615 624 663 665 678 714 732 785 798 830 877 904 935 967 970 988 1000 1066 1097 1105 1120 1125 1135 1147 1169 1196 1212 1263 1266 1330 1343 1348 1353 1354 1403 1408 1443 1458 1483 1485 1495 1504 1522 1565 1574 1579 1599 1616 1621 1637 1640 1647 1657 1709 1727 1728 1741 1760 1781 1892 1929 1950 1959 1987 1989 1995
Compactness: 8724.526984
Weights: 1037.000000 21878.000000 5631.000000
Center Node: 479

District 13
Nodes: 51 64 108 152 156 169 215 234 249 297 305 311 318 349 359 381 416 422 423 433 442 480 485 487 526 551 583 634 674 676 696 702 707 731 738 754 781 802 805 812 836 848 880 885 958 969 976 977 980 990 1058 1063 1071 1113 1142 1225 1241 1256 1322 1358 1362 1405 1417 1425 1426 1432 1435 1446 1450 1464 1478 1514 1524 1553 1560 1567 1581 1598 1608 1620 1631 1638 1639 1643 1660 1687 1695 1739 1774 1779 1810 1856 1879 1885 1886 1928 1933 1956 1963 1975 1976
Compactness: 8451.982854
Weights: 1139.000000 20787.000000 5700.000000
Center Node: 977

District 14
Nodes: 23 31 54 74 83 120 150 160 199 224 250 262 270 283 290 301 338 341 351 380 392 402 404 448 450 515 562 565 572 582 600 603 633 643 716 759 793 807 820 822 835 850 853 879 882 891 906 926 948 953 1015 1017 1043 1049 1051 1075 1098 1173 1192 1213 1218 1247 1253 1297 1299 1303 1311 1317 1332 1340 1356 1414 1429 1445 1488 1501 1523 1527 1584 1593 1600 1642 1654 1680 1685 1689 1707 1731 1758 1768 1817 1834 1842 1872 1873 1888 1903 1947 1967
Compactness: 9424.945500
Weights: 1199.000000 20558.000000 5368.000000
Center Node: 1218

District 15
Nodes: 14 70 75 85 98 110 118 159 180 192 218 233 256 258 317 344 347 438 453 465 497 507 528 537 548 552 566 584 605 610 641 647 657 667 683 712 755 761 775 789 831 837 863 866 871 909 919 927 995 1011 1020 1061 1065 1067 1139 1160 1166 1186 1201 1202 1249 1277 1278 1298 1320 1326 1337 1346 1361 1366 1391 1412 1420 1462 1468 1517 1521 1525 1530 1576 1603 1693 1696 1729 1732 1757 1778 1789 1828 1836 1858 1881 1899 1904 1907 1945 1960 1962 1985
Compactness: 26328.910853
Weights: 1249.000000 19812.000000 5872.000000
Center Node: 159

District 16
Nodes: 5 38 57 71 76 79 111 114 119 151 163 176 209 229 265 275 285 314 356 361 375 382 411 412 441 461 473 486 491 554 563 585 601 608 693 708 729 750 751 769 799 833 867 910 934 978 982 985 989 999 1030 1039 1044 1054 1079 1090 1117 1131 1153 1181 1228 1232 1236 1258 1295 1407 1422 1461 1476 1496 1497 1498 1518 1536 1624 1636 1646 1656 1662 1686 1703 1716 1722 1736 1740 1744 1759 1767 1780 1811 1819 1823 1838 1839 1869 1870 1875 1893 1897 1942 1946 1972 1986
Compactness: 9473.502428
Weights: 1116.000000 20387.000000 5929.000000
Center Node: 209

District 17
Nodes: 36 43 47 103 138 143 244 295 316 334 378 384 389 396 428 445 464 504 518 534 539 543 555 576 580 646 661 666 679 726 741 808 824 838 839 845 922 928 944 984 1005 1006 1028 1037 1052 1068 1069 1070 1080 1127 1175 1176 1187 1210 1242 1265 1287 1302 1321 1344 1351 1365 1370 1379 1380 1383 1400 1447 1486 1549 1556 1583 1606 1611 1613 1641 1650 1666 1667 1679 1682 1710 1764 1775 1787 1805 1827 1861 1925 1931 1937 1943 1971 1979 1983 1984 1992 1993 1996 1997
Compactness: 9258.316227
Weights: 1248.000000 20854.000000 5409.000000
Center Node: 1242

District 18
Nodes: 28 69 72 101 158 164 167 171 185 188 217 246 247 279 286 312 319 325 330 342 354 370 387 410 420 467 472 475 483 493 516 523 525 529 535 559 628 668 685 686 691 709 718 771 792 883 884 892 905 916 937 939 962 1027 1041 1108 1129 1138 1150 1168 1171 1183 1205 1285 1328 1333 1336 1375 1382 1384 1430 1448 1452 1500 1529 1554 1571 1580 1601 1623 1630 1632 1733 1765 1769 1777 1816 1855 1866 1890 1932 1940 1988
Compactness: 8214.618962
Weights: 1118.000000 19826.000000 5378.000000
Center Node: 1632

District 19
Nodes: 0 2 8 18 22 63 82 104 140 154 174 178 210 259 260 268 276 294 310 336 340 345 348 368 398 403 426 440 494 521 546 568 571 574 611 635 660 669 670 677 689 700 701 725 728 734 736 765 801 804 825 826 832 840 903 924 974 1047 1083 1089 1094 1114 1145 1184 1193 1255 1267 1269 1271 1272 1284 1306 1347 1373 1389 1397 1402 1404 1418 1427 1451 1520 1563 1577 1594 1635 1652 1681 1702 1730 1761 1766 1770 1795 1854 1909 1911 1973 1974
Compactness: 14883.315732
Weights: 1140.000000 21831.000000 5894.000000
Center Node: 1184

District 20
Nodes: 9 26 35 44 59 78 87 89 90 97 144 170 213 226 235 241 245 266 269 298 300 355 364 405 455 458 466 482 499 505 527 549 614 620 648 658 675 727 730 745 749 752 841 851 868 933 963 964 973 1001 1018 1019 1055 1076 1110 1124 1146 1155 1200 1204 1216 1217 1243 1257 1286 1296 1301 1378 1396 1415 1433 1442 1455 1465 1477 1481 1492 1502 1505 1532 1550 1585 1626 1634 1670 1749 1756 1776 1783 1788 1846 1849 1867 1871 1882 1889 1920 1938 1939 1966 1969
Compactness: 14762.487199
Weights: 1228.000000 21174.000000 5919.000000
Center Node: 458
