BalanceViolation 1772.334000
AffinityLoss 0.000000
Compactness 71918.648386

District 1
Nodes: 41 157 193 347 402 403 469 479 558 584 597 645 654 664 747 788 841 866 913 975
Compactness: 1665.889967
Weights: 229.000000 4150.000000 1121.000000
Center Node: 403

District 2
Nodes: 8 44 52 96 155 271 291 305 364 410 505 546 639 723 767 855 870 890 915 920
Compactness: 1600.565385
Weights: 253.000000 4128.000000 1154.000000
Center Node: 8

District 3
Nodes: 81 99 171 196 205 252 357 363 392 498 501 601 604 647 677 712 725 772 814 823 989
Compactness: 4920.594383
Weights: 257.000000 4422.000000 1142.000000
Center Node: 363

District 4
Nodes: 28 47 128 217 277 323 382 409 463 477 519 521 536 542 632 642 690 826 926 960
Compactness: 2521.222683
Weights: 235.000000 4155.000000 1160.000000
Center Node: 542

District 5
Nodes: 43 74 132 136 144 201 204 236 322 345 394 457 512 537 691 715 724 751 790 830 977
Compactness: 1282.891141
Weights: 254.000000 4119.000000 1153.000000
Center Node: 394

District 6
Nodes: 125 146 245 283 303 358 422 531 556 616 621 625 703 766 783 785 816 853 860 976
Compactness: 1433.273785
Weights: 235.000000 4260.000000 1134.000000
Center Node: 976

District 7
Nodes: 270 310 349 368 369 389 452 491 575 594 599 626 652 653 655 694 698 700 743 985
Compactness: 1297.178374
Weights: 242.000000 4385.000000 1114.000000
Center Node: 349

District 8
Nodes: 13 30 76 95 168 218 336 337 355 423 461 468 513 573 622 707 794 832 863 865
Compactness: 3211.944675
Weights: 249.000000 4026.000000 1094.000000
Center Node: 13

District 9
Nodes: 87 180 286 312 331 442 449 482 492 569 613 663 682 811 845 852 942 948 991
Compactness: 1362.446895
Weights: 207.000000 4433.000000 1086.000000
Center Node: 492

District 10
Nodes: 66 72 154 167 198 223 304 351 420 483 520 614 636 708 709 755 764 769 877 993
Compactness: 1143.715095
Weights: 246.000000 4290.000000 1170.000000
Center Node: 709

District 11
Nodes: 9 18 90 106 215 249 297 353 388 518 553 617 758 792 838 879 881 911 919 956 998
Compactness: 1642.133571
Weights: 256.000000 4341.000000 1154.000000
Center Node: 249

District 12
Nodes: 11 14 127 182 235 276 285 344 350 412 426 429 444 545 679 741 927 931 971
Compactness: 1195.730967
Weights: 251.000000 4428.000000 1133.000000
Center Node: 276

District 13
Nodes: 82 137 288 298 309 314 329 377 399 550 564 593 609 630 644 726 750 793 822 827 854
Compactness: 1193.911581
Weights: 257.000000 4092.000000 1072.000000
Center Node: 288

District 14
Nodes: 20 35 89 141 149 214 406 418 504 517 656 667 779 835 857 869 872 882 967 969 979
Compactness: 1136.527914
Weights: 256.000000 4421.000000 1175.000000
Center Node: 141

District 15
Nodes: 36 65 70 130 178 195 228 279 366 400 598 628 635 638 673 686 752 813 861 908 940
Compactness: 1104.802104
Weights: 256.000000 4415.000000 1085.000000
Center Node: 813

District 16
Nodes: 32 63 86 240 257 325 405 417 433 472 596 649 662 727 745 846 850 893 972
Compactness: 2503.531098
Weights: 246.000000 4029.000000 1287.000000
Center Node: 63

District 17
Nodes: 5 31 54 79 119 134 194 203 273 275 416 448 495 629 695 711 778 873 912 921
Compactness: 1887.193065
Weights: 255.000000 4116.000000 1133.000000
Center Node: 912

District 18
Nodes: 2 42 46 68 75 133 145 267 287 447 458 557 651 671 696 731 804 862 959 990
Compactness: 1341.535193
Weights: 236.000000 4421.000000 1182.000000
Center Node: 651

District 19
Nodes: 129 148 164 191 238 241 242 278 289 511 567 605 692 759 760 761 773 798 875 897 938
Compactness: 1047.839906
Weights: 255.000000 4324.000000 1133.000000
Center Node: 238

District 20
Nodes: 22 24 88 120 225 290 434 462 464 502 526 529 541 592 732 762 837 894 966
Compactness: 1128.910273
Weights: 241.000000 4185.000000 1061.000000
Center Node: 526

District 21
Nodes: 10 102 104 308 352 419 487 532 565 583 600 612 716 765 777 821 840 951 958 986
Compactness: 1072.906234
Weights: 233.000000 4230.000000 1170.000000
Center Node: 532

District 22
Nodes: 1 40 73 166 212 224 251 302 359 361 374 391 411 499 602 620 714 795 867 878 984
Compactness: 1399.918386
Weights: 260.000000 4011.000000 1136.000000
Center Node: 212

District 23
Nodes: 27 45 103 108 116 135 143 170 183 299 475 547 657 704 717 797 805 819 891 905 928
Compactness: 1752.625297
Weights: 217.000000 4017.000000 1228.000000
Center Node: 928

District 24
Nodes: 16 26 49 114 173 226 260 280 330 340 354 443 484 551 579 675 789 800 880 923 953
Compactness: 1526.587066
Weights: 254.000000 4048.000000 1072.000000
Center Node: 16

District 25
Nodes: 23 101 172 189 301 316 317 324 328 343 380 481 497 522 581 719 848 876 886 949 992
Compactness: 1113.924119
Weights: 258.000000 4268.000000 1180.000000
Center Node: 324

District 26
Nodes: 6 53 97 107 121 138 253 300 473 494 496 535 582 680 868 884 963 965 996
Compactness: 1191.361583
Weights: 228.000000 4269.000000 1166.000000
Center Node: 107

District 27
Nodes: 0 19 37 51 84 140 165 181 210 230 254 334 397 450 471 623 812 900 910 988
Compactness: 1063.673299
Weights: 238.000000 4417.000000 1154.000000
Center Node: 181

District 28
Nodes: 38 85 161 190 263 292 293 338 438 456 570 577 633 757 763 883 929 943 980
Compactness: 1367.725308
Weights: 251.000000 4351.000000 1079.000000
Center Node: 570

District 29
Nodes: 77 233 258 383 393 430 453 508 549 559 563 587 590 611 729 734 749 809 818 896
Compactness: 842.184767
Weights: 243.000000 4181.000000 1178.000000
Center Node: 393

District 30
Nodes: 3 12 50 62 92 131 206 208 227 237 246 274 370 371 446 460 586 932
Compactness: 1007.774301
Weights: 240.000000 4382.000000 1076.000000
Center Node: 227

District 31
Nodes: 34 98 139 159 169 213 231 244 327 445 515 624 678 740 753 776 808 909 964 968 978
Compactness: 1033.243038
Weights: 250.000000 4374.000000 1182.000000
Center Node: 624

District 32
Nodes: 56 113 192 296 313 332 339 341 503 650 669 670 705 739 742 784 859 889 939 981 999
Compactness: 1025.441438
Weights: 252.000000 4190.000000 1114.000000
Center Node: 669

District 33
Nodes: 71 83 91 105 123 185 187 261 335 360 379 571 591 735 801 843 895 907 945
Compactness: 1066.661171
Weights: 253.000000 4331.000000 1076.000000
Center Node: 185

District 34
Nodes: 21 111 247 367 387 398 437 506 572 637 660 683 713 720 728 829 864 902 937
Compactness: 1754.600057
Weights: 224.000000 4049.000000 1067.000000
Center Node: 437

District 35
Nodes: 33 117 184 200 470 523 524 528 574 615 736 738 775 799 834 898 925 933 957 974
Compactness: 1088.842603
Weights: 257.000000 4401.000000 1074.000000
Center Node: 117

District 36
Nodes: 39 163 175 186 256 295 373 381 440 459 489 514 527 548 608 634 688 701 901 922
Compactness: 1107.648365
Weights: 253.000000 4265.000000 1153.000000
Center Node: 459

District 37
Nodes: 69 80 126 269 333 342 404 432 439 543 578 607 658 672 706 721 768 802 806 849 899 916 955
Compactness: 1643.374811
Weights: 250.000000 4300.000000 1095.000000
Center Node: 69

District 38
Nodes: 115 118 150 188 307 311 320 376 395 421 539 552 646 722 746 771 803 935 944 961 997
Compactness: 1186.899404
Weights: 257.000000 4062.000000 1085.000000
Center Node: 395

District 39
Nodes: 4 142 153 211 259 326 415 474 507 540 640 676 710 774 847 858 885 918
Compactness: 1612.477257
Weights: 222.000000 4422.000000 1177.000000
Center Node: 858

District 40
Nodes: 15 78 93 179 221 319 321 414 485 510 544 566 576 718 796 851 856 904 924 941 973 987
Compactness: 953.451485
Weights: 260.000000 4370.000000 1062.000000
Center Node: 414

District 41
Nodes: 55 67 112 147 160 176 220 248 407 408 435 478 533 627 659 685 782 820 874 887 947
Compactness: 1709.475717
Weights: 242.000000 4083.000000 1068.000000
Center Node: 874

District 42
Nodes: 58 216 222 239 306 318 346 427 490 493 516 585 595 631 693 730 824 934
Compactness: 1244.231831
Weights: 205.000000 4296.000000 1133.000000
Center Node: 216

District 43
Nodes: 124 177 199 207 281 390 451 454 568 588 618 643 666 687 702 748 791 839 952 995
Compactness: 1229.916181
Weights: 246.000000 4392.000000 1121.000000
Center Node: 124

District 44
Nodes: 7 57 59 60 110 266 362 372 378 385 425 441 665 780 817 914 954 983
Compactness: 1150.899967
Weights: 265.000000 4061.000000 1108.000000
Center Node: 110

District 45
Nodes: 25 162 197 356 413 431 455 480 500 619 674 689 733 810 831 842 903 917 962
Compactness: 1017.698000
Weights: 234.000000 4384.000000 1169.000000
Center Node: 162

District 46
Nodes: 122 264 294 396 467 476 580 589 610 699 781 815 836 994
Compactness: 687.585885
Weights: 182.000000 2934.000000 712.000000
Center Node: 580

District 47
Nodes: 17 64 151 152 234 265 365 401 466 488 509 525 530 554 756 770 786 825 906 930 970 982
Compactness: 1478.093962
Weights: 256.000000 4222.000000 1133.000000
Center Node: 554

District 48
Nodes: 48 61 109 229 243 250 255 375 386 486 538 560 603 661 684 744 787 833 871 936 950
Compactness: 1640.946654
Weights: 240.000000 4243.000000 1166.000000
Center Node: 255

District 49
Nodes: 94 156 174 209 219 262 268 284 315 424 555 606 641 681 697 737 754 807 892
Compactness: 980.857119
Weights: 256.000000 4067.000000 1186.000000
Center Node: 174

District 50
Nodes: 29 100 158 202 232 272 282 348 384 428 436 465 534 561 562 648 668 828 844 888 946
Compactness: 1345.785027
Weights: 256.000000 4364.000000 1158.000000
Center Node: 348
