BalanceViolation 516.605000
AffinityLoss 0.000000
Compactness 51457.884857

District 1
Nodes: 18 21 30 92 104 107 110 113 137 266 312 327 336 339 340 342 344 359 369 406 407 411 496
Compactness: 2180.585188
Weights: 293.000000 5560.000000 1401.000000
Center Node: 327

District 2
Nodes: 12 19 25 55 60 64 65 109 114 124 125 145 177 228 241 249 254 306 346 388 426 428 438 472 484 498
Compactness: 2703.106709
Weights: 347.000000 5077.000000 1402.000000
Center Node: 472

District 3
Nodes: 4 5 50 57 96 115 146 168 188 190 265 271 296 330 337 350 358 362 371 372 380 397 465 478 480 495
Compactness: 2292.970274
Weights: 323.000000 4939.000000 1561.000000
Center Node: 358

District 4
Nodes: 27 35 45 78 101 131 136 138 142 172 202 225 227 234 278 292 316 320 326 331 364 366 405 421 449 499
Compactness: 2428.489132
Weights: 319.000000 5466.000000 1424.000000
Center Node: 225

District 5
Nodes: 13 40 41 59 71 72 95 133 153 159 198 220 223 282 283 348 394 423 430 439 442 459 476 486 488
Compactness: 2718.612256
Weights: 301.000000 5357.000000 1437.000000
Center Node: 223

District 6
Nodes: 23 31 52 63 77 86 174 203 204 207 213 219 260 310 315 379 399 403 409 414 415 420 436 448 491
Compactness: 3452.715326
Weights: 277.000000 5452.000000 1552.000000
Center Node: 31

District 7
Nodes: 6 8 22 33 36 66 126 169 183 186 195 256 309 314 334 341 361 378 384 417 424 461 462 493
Compactness: 2093.983488
Weights: 306.000000 4970.000000 1544.000000
Center Node: 186

District 8
Nodes: 28 39 147 148 154 161 196 205 206 211 212 221 222 233 243 257 289 317 368 391 395 433 452 453 455 474 497
Compactness: 3370.166249
Weights: 368.000000 5503.000000 1412.000000
Center Node: 221

District 9
Nodes: 0 29 51 67 80 87 91 97 111 117 151 173 176 224 229 237 252 300 319 363 404 457 458 492
Compactness: 2744.367150
Weights: 300.000000 5327.000000 1514.000000
Center Node: 117

District 10
Nodes: 11 24 34 49 56 82 120 127 155 210 244 267 269 270 277 302 323 324 356 357 387 412 481 483 485
Compactness: 2292.556311
Weights: 304.000000 5549.000000 1412.000000
Center Node: 412

District 11
Nodes: 42 54 62 69 99 103 108 128 132 149 191 251 255 280 332 335 343 345 373 375 389 390 413 427 434
Compactness: 2398.388092
Weights: 295.000000 5079.000000 1523.000000
Center Node: 427

District 12
Nodes: 32 37 58 75 94 122 135 140 171 194 272 281 284 287 294 382 392 402 431 441 447 466 468 475 487
Compactness: 1929.880940
Weights: 302.000000 5094.000000 1435.000000
Center Node: 32

District 13
Nodes: 43 68 76 79 90 100 123 134 150 162 175 182 200 239 279 293 297 318 374 385 386 398 419 454 470
Compactness: 2277.071511
Weights: 307.000000 5162.000000 1474.000000
Center Node: 454

District 14
Nodes: 3 93 143 152 160 166 180 192 232 245 263 273 274 295 298 303 307 370 400 401 418 429 435 451 469
Compactness: 2520.118141
Weights: 309.000000 5515.000000 1493.000000
Center Node: 307

District 15
Nodes: 1 16 83 84 88 105 106 118 119 144 158 184 216 218 235 238 248 250 253 305 353 376 432 445 471 494
Compactness: 1982.403005
Weights: 284.000000 5545.000000 1525.000000
Center Node: 305

District 16
Nodes: 2 9 14 46 47 53 85 156 164 167 178 189 201 242 247 261 299 333 367 377 381 383 393 408 410 440 463
Compactness: 3811.413348
Weights: 316.000000 5024.000000 1585.000000
Center Node: 178

District 17
Nodes: 26 73 74 102 112 116 129 170 179 181 197 208 231 240 246 285 290 349 396 416 437 473 490
Compactness: 2807.485437
Weights: 291.000000 5044.000000 1415.000000
Center Node: 490

District 18
Nodes: 15 17 38 48 61 81 139 187 214 215 217 275 286 308 311 325 328 360 425 467 479 482
Compactness: 2072.054907
Weights: 294.000000 5474.000000 1457.000000
Center Node: 81

District 19
Nodes: 10 20 44 70 121 130 165 193 209 236 262 264 268 276 288 291 313 329 352 355 443 456 464 477 489
Compactness: 2932.546827
Weights: 314.000000 5021.000000 1652.000000
Center Node: 262

District 20
Nodes: 7 89 98 141 157 163 185 199 226 230 258 259 301 304 321 322 338 347 351 354 365 422 444 446 450 460
Compactness: 2448.970565
Weights: 282.000000 5560.000000 1296.000000
Center Node: 446
