BalanceViolation 24161.517500
AffinityLoss 0.000000
Compactness 45903.580075

District 1
Nodes: 35 66 92 96 116 158 175 178 195 196 200 257 262 264 277 284 289 294 302 328 348 351 375 395 431 434 445 468 488
Compactness: 2898.429733
Weights: 374.000000 5492.000000 1809.000000
Center Node: 178

District 2
Nodes: 21 33 82 84 88 95 99 111 113 150 152 167 172 183 211 234 252 260 265 269 292 335 342 413 414 432 478
Compactness: 2567.700733
Weights: 322.000000 4823.000000 1400.000000
Center Node: 265

District 3
Nodes: 10 15 19 38 49 57 73 75 98 109 145 155 218 228 236 258 279 287 295 312 347 390 392 406 408 410 418 429 458 473
Compactness: 3200.152372
Weights: 393.000000 5309.000000 1749.000000
Center Node: 145

District 4
Nodes: 25 32 41 44 47 78 85 87 90 94 106 132 135 162 179 191 202 204 205 259 270 274 291 338 346 368 387 388 415 425 451 463 464 471
Compactness: 2858.101914
Weights: 365.000000 8091.000000 1860.000000
Center Node: 32

District 5
Nodes: 8 22 23 48 51 53 59 65 112 119 151 154 161 177 185 189 198 219 229 237 249 313 334 358 360 384 403 407 446 449 474 492 495
Compactness: 3712.284277
Weights: 396.000000 6092.000000 2015.000000
Center Node: 154

District 6
Nodes: 0 1 4 60 72 105 115 130 144 165 190 225 263 268 276 278 282 283 319 323 329 340 372 379 381 385 424 428 437 447 479 484 486 496
Compactness: 4046.117255
Weights: 371.000000 5890.000000 1719.000000
Center Node: 379

District 7
Nodes: 24 28 61 80 117 174 192 210 220 230 337 357 386 404 417 421
Compactness: 796.048322
Weights: 187.000000 3937.000000 946.000000
Center Node: 421

District 8
Nodes: 42 52 125 126 127 169 182 239 240 246 318 320 326 373 411 436 448 491 494
Compactness: 1578.595677
Weights: 199.000000 4121.000000 1223.000000
Center Node: 411

District 9
Nodes: 3 7 26 27 46 64 70 71 76 83 86 108 110 129 133 134 148 156 213 215 222 232 256 272 286 303 352 356 364 374 380 394 402 443 459 480 487 493
Compactness: 4184.745918
Weights: 429.000000 7731.000000 2126.000000
Center Node: 86

District 10
Nodes: 5 20 120 124 153 164 199 216 248 290 308 391 401 426 427 444 462 485 489
Compactness: 1636.402992
Weights: 196.000000 4656.000000 1129.000000
Center Node: 216

District 11
Nodes: 11 12 45 56 79 107 138 143 146 149 159 181 193 197 224 311 341 349 353 371 376 442 456 457 482 498
Compactness: 2363.792069
Weights: 287.000000 4442.000000 1454.000000
Center Node: 12

District 12
Nodes: 55 170 180 186 293 324 370 438 439
Compactness: 554.003782
Weights: 83.000000 2107.000000 497.000000
Center Node: 170

District 13
Nodes: 14 34 63 104 140 157 168 176 206 207 235 241 251 254 266 273 299 300 327 363 416 422 441 460 472 481
Compactness: 2741.934306
Weights: 288.000000 4776.000000 1587.000000
Center Node: 251

District 14
Nodes: 6 9 17 18 31 77 102 142 208 267 271 281 285 309 310 315 321 331 332 336 339 359 361 366 377 409 419 435 453 465 466 477 497
Compactness: 3293.540960
Weights: 438.000000 5688.000000 2039.000000
Center Node: 310

District 15
Nodes: 16 97 163 221 227 231 250 322 325 344 345 362 367
Compactness: 822.475125
Weights: 135.000000 2343.000000 727.000000
Center Node: 345

District 16
Nodes: 39 40 58 62 67 69 81 101 137 147 184 209 223 242 244 245 296 298 301 307 314 343 354 389 397 398 433 452 467 476
Compactness: 2632.405842
Weights: 321.000000 6054.000000 1768.000000
Center Node: 343

District 17
Nodes: 29 50 54 68 91 93 103 121 128 166 203 238 275 288 297 305 316 330 369 382 393 399 470 483
Compactness: 1648.053580
Weights: 271.000000 5385.000000 1424.000000
Center Node: 393

District 18
Nodes: 2 30 43 114 122 136 141 160 173 217 226 233 243 280 365 420 440 450 455 475
Compactness: 1528.478510
Weights: 252.000000 4835.000000 912.000000
Center Node: 217

District 19
Nodes: 36 74 118 123 131 188 214 253 261 355 378 383 396 430 490 499
Compactness: 1047.477089
Weights: 195.000000 3837.000000 831.000000
Center Node: 131

District 20
Nodes: 13 37 89 100 139 171 187 194 201 212 247 255 304 306 317 333 350 400 405 412 423 454 461 469
Compactness: 1792.839621
Weights: 287.000000 4700.000000 1276.000000
Center Node: 454
