BalanceViolation 3277.422000
AffinityLoss 0.000000
Compactness 31646.666991

District 1
Nodes: 18 214 266 327 344 351 359 406 425 496
Compactness: 525.807565
Weights: 123.000000 2351.000000 549.000000
Center Node: 266

District 2
Nodes: 19 73 177 240 241 246 249 306 428
Compactness: 757.770107
Weights: 104.000000 2052.000000 564.000000
Center Node: 249

District 3
Nodes: 57 146 168 189 313 358 362 383 408 465 478 495
Compactness: 981.801456
Weights: 131.000000 2026.000000 662.000000
Center Node: 478

District 4
Nodes: 151 172 202 225 229 331 364 405 421 449 499
Compactness: 642.553872
Weights: 149.000000 2196.000000 632.000000
Center Node: 364

District 5
Nodes: 40 41 133 153 159 208 223 283 423 459
Compactness: 607.483303
Weights: 108.000000 2176.000000 559.000000
Center Node: 41

District 6
Nodes: 9 47 52 204 207 261 299 335 379 393 410 440 463
Compactness: 1651.717077
Weights: 147.000000 2014.000000 830.000000
Center Node: 47

District 7
Nodes: 10 20 33 44 165 209 288 352 361 424
Compactness: 641.957448
Weights: 144.000000 1559.000000 687.000000
Center Node: 209

District 8
Nodes: 161 212 221 222 243 317 368 391 453 455 474
Compactness: 1026.406483
Weights: 127.000000 1992.000000 607.000000
Center Node: 455

District 9
Nodes: 0 43 51 91 97 117 173 252 404 492
Compactness: 616.696170
Weights: 109.000000 2202.000000 677.000000
Center Node: 117

District 10
Nodes: 24 29 49 56 120 210 269 319 387 412
Compactness: 384.128791
Weights: 124.000000 2197.000000 549.000000
Center Node: 56

District 11
Nodes: 99 128 149 329 343 345 355 413 427 434
Compactness: 377.299577
Weights: 95.000000 2134.000000 663.000000
Center Node: 149

District 12
Nodes: 58 75 122 140 272 287 431 441 447 466
Compactness: 615.377687
Weights: 115.000000 2281.000000 552.000000
Center Node: 431

District 13
Nodes: 60 100 123 150 162 182 279 297 385 398 454
Compactness: 797.673424
Weights: 139.000000 2024.000000 589.000000
Center Node: 454

District 14
Nodes: 166 174 220 273 274 295 303 307 435 448
Compactness: 597.711239
Weights: 121.000000 2225.000000 462.000000
Center Node: 307

District 15
Nodes: 16 83 84 138 184 353 376 432
Compactness: 334.198955
Weights: 88.000000 2146.000000 552.000000
Center Node: 83

District 16
Nodes: 2 4 46 50 53 85 296 330 333 381
Compactness: 838.582751
Weights: 124.000000 1993.000000 666.000000
Center Node: 381

District 17
Nodes: 26 116 126 179 231 285 396 416 473
Compactness: 449.675631
Weights: 99.000000 2021.000000 573.000000
Center Node: 179

District 18
Nodes: 135 187 194 203 215 311 360 467 479
Compactness: 379.476317
Weights: 108.000000 2020.000000 625.000000
Center Node: 311

District 19
Nodes: 70 96 115 188 265 271 337 372 397
Compactness: 436.930324
Weights: 110.000000 2042.000000 533.000000
Center Node: 265

District 20
Nodes: 7 89 163 226 258 301 321 365 411 446
Compactness: 829.693969
Weights: 102.000000 2270.000000 545.000000
Center Node: 7

District 21
Nodes: 131 147 148 196 205 227 257 320 395
Compactness: 441.939191
Weights: 133.000000 1990.000000 532.000000
Center Node: 320

District 22
Nodes: 28 206 270 289 302 323 357 452
Compactness: 409.968359
Weights: 106.000000 2301.000000 375.000000
Center Node: 289

District 23
Nodes: 6 13 195 309 348 378 437 439 461 486
Compactness: 533.707638
Weights: 157.000000 2016.000000 608.000000
Center Node: 439

District 24
Nodes: 67 76 82 155 158 192 235 237 363 485
Compactness: 712.802793
Weights: 142.000000 2098.000000 632.000000
Center Node: 237

District 25
Nodes: 32 37 94 171 281 294 382 392 468 475 487
Compactness: 575.690315
Weights: 133.000000 2183.000000 591.000000
Center Node: 475

District 26
Nodes: 230 304 322 340 354 356 369 407 460 481
Compactness: 638.943061
Weights: 116.000000 2226.000000 476.000000
Center Node: 230

District 27
Nodes: 8 69 108 198 282 341 394 430 476 488 493
Compactness: 672.006707
Weights: 135.000000 2151.000000 600.000000
Center Node: 430

District 28
Nodes: 127 143 152 244 245 277 429 442 483
Compactness: 480.807137
Weights: 110.000000 2112.000000 488.000000
Center Node: 127

District 29
Nodes: 55 64 114 124 125 145 254 426 438 472 484
Compactness: 681.493439
Weights: 145.000000 2085.000000 563.000000
Center Node: 472

District 30
Nodes: 27 45 78 80 101 142 176 224 300 316 457
Compactness: 927.108248
Weights: 126.000000 2177.000000 620.000000
Center Node: 300

District 31
Nodes: 12 25 68 90 109 228 239 386 419 458 470
Compactness: 634.128457
Weights: 166.000000 2097.000000 727.000000
Center Node: 386

District 32
Nodes: 54 62 77 191 213 263 375 399 401
Compactness: 749.437184
Weights: 107.000000 2081.000000 631.000000
Center Node: 62

District 33
Nodes: 65 79 112 175 197 200 293 346 388 498
Compactness: 697.750130
Weights: 124.000000 1916.000000 449.000000
Center Node: 175

District 34
Nodes: 59 71 93 95 103 132 332 373 389 390 418
Compactness: 670.662081
Weights: 128.000000 2181.000000 604.000000
Center Node: 389

District 35
Nodes: 17 107 110 137 139 217 286 325 482
Compactness: 517.623709
Weights: 113.000000 2211.000000 585.000000
Center Node: 17

District 36
Nodes: 15 61 81 275 315 328 414 436 491
Compactness: 449.767836
Weights: 114.000000 2172.000000 668.000000
Center Node: 436

District 37
Nodes: 35 39 136 234 238 278 292 326 366
Compactness: 293.494225
Weights: 129.000000 2235.000000 429.000000
Center Node: 136

District 38
Nodes: 5 130 164 190 242 268 350 367 371 380 480
Compactness: 679.509100
Weights: 116.000000 2050.000000 600.000000
Center Node: 371

District 39
Nodes: 14 42 178 201 247 251 255 377 409 415
Compactness: 583.046557
Weights: 119.000000 2064.000000 649.000000
Center Node: 251

District 40
Nodes: 98 141 157 185 211 233 259 324 338 347 422 450
Compactness: 1169.676473
Weights: 149.000000 2196.000000 569.000000
Center Node: 157

District 41
Nodes: 262 264 280 384 456 464 477 489
Compactness: 266.241999
Weights: 115.000000 1990.000000 585.000000
Center Node: 264

District 42
Nodes: 3 11 34 113 180 232 267 298
Compactness: 349.351090
Weights: 94.000000 2321.000000 557.000000
Center Node: 267

District 43
Nodes: 87 88 105 111 118 119 144 248 305 494
Compactness: 558.384171
Weights: 104.000000 2186.000000 601.000000
Center Node: 305

District 44
Nodes: 30 48 63 160 308 370 400 451 469
Compactness: 375.381859
Weights: 125.000000 2224.000000 568.000000
Center Node: 400

District 45
Nodes: 1 106 154 216 218 250 253 433 445 471 497
Compactness: 515.443533
Weights: 108.000000 2085.000000 565.000000
Center Node: 253

District 46
Nodes: 22 121 169 186 193 236 276 291 314 334 443
Compactness: 1019.306265
Weights: 141.000000 2056.000000 605.000000
Center Node: 236

District 47
Nodes: 21 92 104 199 284 312 336 339 342 402 444
Compactness: 615.754256
Weights: 160.000000 2252.000000 613.000000
Center Node: 312

District 48
Nodes: 23 31 38 86 156 167 219 260 310 403 420
Compactness: 809.940771
Weights: 130.000000 2202.000000 688.000000
Center Node: 310

District 49
Nodes: 72 74 129 134 181 290 318 349 374
Compactness: 471.733941
Weights: 129.000000 1946.000000 575.000000
Center Node: 349

District 50
Nodes: 36 66 102 170 183 256 417 462 490
Compactness: 652.624321
Weights: 91.000000 1993.000000 685.000000
Center Node: 170
