BalanceViolation 0.000000
AffinityLoss 1491.000000
Compactness 110009.582854

District 1
Nodes: 1 5 9 15 26 84 109 110 137 166 177 205 213 229 254 268 272 282 304 335 370 376 430 470 501 563 575 635 654 688 693 707 725 730 737 753 757 764 766 778 824 842 844 845 879 898 907 967 972 999
Compactness: 5398.547473
Weights: 570.000000 10980.000000 3062.000000
Center Node: 501

District 2
Nodes: 0 13 56 65 115 127 136 139 153 171 197 200 201 232 295 301 312 314 321 325 423 431 451 453 456 462 463 472 473 485 577 584 628 666 696 704 705 756 816 826 838 859 872 918 919 938 943 951 959 964 968 973 995
Compactness: 11614.254959
Weights: 623.000000 10378.000000 3048.000000
Center Node: 314

District 3
Nodes: 17 36 37 58 61 63 180 181 209 222 227 236 256 262 274 284 289 309 333 341 346 388 401 414 464 492 521 541 544 560 586 595 618 626 650 651 657 669 697 709 752 770 791 792 846 849 871 888 906 911 953 957 965 982 988
Compactness: 7733.325864
Weights: 580.000000 10629.000000 3037.000000
Center Node: 492

District 4
Nodes: 14 19 33 59 149 172 174 182 185 206 221 228 233 244 261 275 359 364 365 381 432 433 477 495 509 516 523 553 555 567 610 616 629 708 731 740 765 788 790 806 833 882 892 936 945 983 986
Compactness: 5640.218131
Weights: 593.000000 10320.000000 2796.000000
Center Node: 986

District 5
Nodes: 34 48 54 102 129 210 217 225 271 302 315 316 338 343 362 373 429 460 494 512 515 522 559 573 634 655 665 668 686 700 702 772 796 801 827 831 852 867 881 883 896 903 916 921 950 969 974
Compactness: 4261.066621
Weights: 569.000000 10522.000000 3072.000000
Center Node: 343

District 6
Nodes: 86 89 111 120 121 135 147 158 183 192 242 287 313 318 322 332 348 354 382 397 409 450 487 514 517 524 537 540 588 591 596 633 675 679 684 711 774 799 809 823 825 854 866 875 877 926 935 947 963
Compactness: 4640.764672
Weights: 608.000000 10119.000000 2799.000000
Center Node: 540

District 7
Nodes: 2 44 47 62 76 90 92 101 124 173 187 212 278 292 297 303 339 390 393 406 419 424 440 444 447 468 482 489 500 526 529 550 565 572 582 592 674 706 732 736 762 763 811 828 862 884 933 949 961
Compactness: 6484.141103
Weights: 581.000000 10856.000000 2786.000000
Center Node: 489

District 8
Nodes: 16 35 40 49 74 77 78 98 146 176 179 193 203 224 249 276 296 306 310 320 357 371 459 474 528 548 569 570 571 574 619 625 630 667 677 685 699 739 741 742 751 758 780 853 863 873 897 904 913 954 955
Compactness: 5226.519606
Weights: 569.000000 10563.000000 2980.000000
Center Node: 176

District 9
Nodes: 7 21 38 52 95 105 116 119 133 134 141 148 154 167 175 196 202 324 327 366 386 396 413 465 497 503 510 520 538 562 585 605 614 624 647 715 717 733 738 786 787 807 830 843 885 924 960 971 993
Compactness: 5262.411019
Weights: 604.000000 10085.000000 2827.000000
Center Node: 386

District 10
Nodes: 32 41 87 103 168 223 259 279 283 288 294 317 319 323 345 347 355 358 361 372 375 385 392 426 436 449 461 507 508 531 551 557 558 576 609 645 648 656 659 664 672 723 759 789 818 847 865 886 893 901 928 942 980
Compactness: 5219.877296
Weights: 625.000000 10153.000000 2889.000000
Center Node: 372

District 11
Nodes: 3 8 24 25 100 118 138 152 211 240 247 253 255 264 311 329 336 340 437 438 479 493 505 581 587 606 638 662 714 716 761 767 769 793 836 864 890 894 908 909 912 931 941 991 992 994
Compactness: 4411.727973
Weights: 626.000000 10656.000000 2910.000000
Center Node: 581

District 12
Nodes: 18 28 31 66 71 79 93 94 131 150 161 170 207 252 269 326 351 374 387 398 399 402 407 410 412 446 455 511 535 539 564 566 593 632 636 646 689 710 745 749 750 800 819 848 850 855 880 917 925
Compactness: 4171.040010
Weights: 583.000000 10896.000000 2847.000000
Center Node: 131

District 13
Nodes: 46 67 69 75 106 112 142 143 162 164 189 194 195 198 219 243 352 422 442 466 476 498 499 530 532 556 598 600 613 617 643 670 671 676 678 690 712 734 748 784 829 834 858 868 905 910 932 977 978 981 989
Compactness: 4037.159275
Weights: 621.000000 10059.000000 2827.000000
Center Node: 198

District 14
Nodes: 11 12 108 113 122 130 157 169 188 204 208 265 270 285 337 367 378 379 411 427 454 457 491 502 525 552 561 579 594 604 620 621 640 652 663 673 680 683 760 768 773 775 802 837 861 874 891 915 940 944 952 956 958 962
Compactness: 5187.227709
Weights: 621.000000 10953.000000 3074.000000
Center Node: 130

District 15
Nodes: 20 23 51 53 57 81 91 144 155 220 273 286 291 293 299 305 308 349 363 391 471 475 483 490 543 583 601 603 637 653 658 695 721 724 735 782 795 797 798 817 822 835 887 923 930 937 979 987 996
Compactness: 4404.271274
Weights: 593.000000 10155.000000 3057.000000
Center Node: 220

District 16
Nodes: 29 68 83 85 156 184 190 216 226 231 241 258 290 389 400 417 418 425 443 452 467 488 527 580 589 597 599 631 639 644 682 703 727 743 744 754 783 808 851 856 857 869 878 889 899 929 948 966 976 985 998
Compactness: 4084.113303
Weights: 573.000000 10941.000000 3076.000000
Center Node: 783

District 17
Nodes: 4 10 22 30 60 64 72 82 88 97 145 151 165 186 215 218 230 234 250 257 266 307 328 331 344 380 383 384 404 428 434 445 448 458 478 486 496 504 513 533 536 568 602 627 681 781 804 815 860 939
Compactness: 4266.175732
Weights: 580.000000 10524.000000 3072.000000
Center Node: 88

District 18
Nodes: 55 70 73 99 104 107 114 123 159 160 178 214 237 238 245 251 277 298 334 350 369 408 416 420 439 518 547 578 607 612 642 649 660 691 698 701 713 720 722 728 729 794 803 805 813 820 821 832 840 876 927 970
Compactness: 7504.941854
Weights: 621.000000 10807.000000 2806.000000
Center Node: 813

District 19
Nodes: 6 42 43 45 50 125 126 128 132 191 199 235 280 281 330 353 360 368 377 395 435 441 484 506 519 534 546 549 608 611 641 661 719 746 771 776 785 810 839 895 900 922 934 946 975 990
Compactness: 5596.207891
Weights: 569.000000 9956.000000 2889.000000
Center Node: 611

District 20
Nodes: 27 39 80 96 117 140 163 239 246 248 260 263 267 300 342 356 394 403 405 415 421 469 480 481 542 545 554 590 615 622 623 687 692 694 718 726 747 755 777 779 812 814 841 870 902 914 920 984 997
Compactness: 4865.591088
Weights: 626.000000 9983.000000 2788.000000
Center Node: 814
