BalanceViolation 23938.218000
AffinityLoss 993.000000
Compactness 26042.399891

District 1
Nodes: 104 168 206 254 266 273 327 416 460
Compactness: 529.514356
Weights: 80.000000 1546.000000 559.000000
Center Node: 168

District 2
Nodes: 111 252 342 413 478
Compactness: 107.075983
Weights: 70.000000 818.000000 294.000000
Center Node: 478

District 3
Nodes: 15 19 38 75 155 228 236 258 279 347 429 458
Compactness: 737.115796
Weights: 157.000000 2251.000000 745.000000
Center Node: 458

District 4
Nodes: 25 32 47 87 90 106 132 162 179 270 338 368 387 425 464 471
Compactness: 931.863683
Weights: 160.000000 4093.000000 855.000000
Center Node: 25

District 5
Nodes: 53 151 492
Compactness: 77.439956
Weights: 25.000000 296.000000 208.000000
Center Node: 492

District 6
Nodes: 105 130 319 329 340 379 381
Compactness: 261.810488
Weights: 75.000000 1231.000000 336.000000
Center Node: 319

District 7
Nodes: 24 28 61 80 174 192 220 230 337 357 417 421
Compactness: 523.767704
Weights: 149.000000 3101.000000 667.000000
Center Node: 417

District 8
Nodes: 52 125 126 127 169 239 246 318 326 411 448
Compactness: 549.218703
Weights: 116.000000 1928.000000 737.000000
Center Node: 246

District 9
Nodes: 7 46 76 86 110 129 133 134 148 215 222 232 289 328 352 380 443 480
Compactness: 1300.557589
Weights: 196.000000 3118.000000 1002.000000
Center Node: 380

District 10
Nodes: 6 18 31 142 153 164 285 332 444 477 485 497
Compactness: 702.852459
Weights: 140.000000 2747.000000 611.000000
Center Node: 6

District 11
Nodes: 79 107 159 193 197 311 349 482
Compactness: 276.184390
Weights: 86.000000 1393.000000 449.000000
Center Node: 159

District 12
Nodes: 55 170 180 186 231 293 324 370 438 439
Compactness: 660.733296
Weights: 97.000000 2446.000000 547.000000
Center Node: 170

District 13
Nodes: 14 34 157 235 299 422 441 472
Compactness: 337.125883
Weights: 111.000000 1664.000000 358.000000
Center Node: 299

District 14
Nodes: 17 77 102 267 271 281 331 359 361 409 465 466
Compactness: 600.882175
Weights: 155.000000 1913.000000 623.000000
Center Node: 359

District 15
Nodes: 16 97 163 221 227 250 322 325 344 345 362 367
Compactness: 718.518953
Weights: 121.000000 2004.000000 677.000000
Center Node: 345

District 16
Nodes: 40 62 81 184 209 244 343 452 476
Compactness: 278.631466
Weights: 80.000000 1483.000000 499.000000
Center Node: 452

District 17
Nodes: 29 50 68 128 166 238 275 297 330 369
Compactness: 438.061672
Weights: 96.000000 2112.000000 669.000000
Center Node: 50

District 18
Nodes: 2 122 141 160 233 280 309 419 453
Compactness: 530.420790
Weights: 143.000000 1994.000000 599.000000
Center Node: 2

District 19
Nodes: 12 118 143 146 224 341 353 383 442 456
Compactness: 504.019415
Weights: 109.000000 2060.000000 571.000000
Center Node: 224

District 20
Nodes: 13 37 139 194 212 247 255 306 333 350 400 405 412 469
Compactness: 1095.166652
Weights: 167.000000 2697.000000 828.000000
Center Node: 400

District 21
Nodes: 67 165 223 276 278 314 372
Compactness: 296.207972
Weights: 69.000000 1538.000000 382.000000
Center Node: 314

District 22
Nodes: 49 57 73 98 145 218 390 392 406 408 410 418
Compactness: 779.066136
Weights: 155.000000 1913.000000 653.000000
Center Node: 218

District 23
Nodes: 3 27 83 272 286 303 364 394 459
Compactness: 348.233841
Weights: 90.000000 2070.000000 484.000000
Center Node: 3

District 24
Nodes: 0 21 84 88 115 150 183 260 263 432
Compactness: 444.755161
Weights: 86.000000 2076.000000 594.000000
Center Node: 150

District 25
Nodes: 70 71 191 205 213 274 291 346 415 451 487
Compactness: 559.052180
Weights: 122.000000 2376.000000 604.000000
Center Node: 451

District 26
Nodes: 30 43 114 136 173 217 226 243 365 420 450 455 475
Compactness: 737.713053
Weights: 149.000000 3271.000000 501.000000
Center Node: 217

District 27
Nodes: 158 178 195 200 207 241 257 284 294 302 431
Compactness: 592.804015
Weights: 137.000000 1691.000000 770.000000
Center Node: 302

District 28
Nodes: 89 100 171 187 201 304 317 389 423 454 461
Compactness: 535.269183
Weights: 128.000000 2304.000000 473.000000
Center Node: 201

District 29
Nodes: 8 22 48 51 185 198 219 237
Compactness: 395.059354
Weights: 100.000000 1737.000000 365.000000
Center Node: 48

District 30
Nodes: 5 20 120 124 216 248 308 391 401 427 462 489
Compactness: 735.937938
Weights: 119.000000 2796.000000 839.000000
Center Node: 308

District 31
Nodes: 23 59 119 249 334 358 360 384 407 440 474 495
Compactness: 777.813912
Weights: 136.000000 1881.000000 748.000000
Center Node: 59

District 32
Nodes: 4 60 144 190 225 268 283 428 447
Compactness: 563.901697
Weights: 109.000000 1702.000000 471.000000
Center Node: 144

District 33
Nodes: 33 82 152 172 211 414
Compactness: 199.516374
Weights: 79.000000 802.000000 225.000000
Center Node: 211

District 34
Nodes: 41 44 78 85 94 135 202 204 259 388 463
Compactness: 560.711544
Weights: 118.000000 2656.000000 635.000000
Center Node: 85

District 35
Nodes: 63 140 176 251 300 363 396 481
Compactness: 260.219081
Weights: 87.000000 1632.000000 585.000000
Center Node: 176

District 36
Nodes: 11 45 56 138 149 181 371 376 457 498
Compactness: 549.319148
Weights: 110.000000 1586.000000 582.000000
Center Node: 45

District 37
Nodes: 42 182 240 320 373 436 491 494
Compactness: 381.897423
Weights: 83.000000 2193.000000 486.000000
Center Node: 182

District 38
Nodes: 26 64 108 156 256 356 374 402 493
Compactness: 469.768124
Weights: 123.000000 2005.000000 572.000000
Center Node: 374

District 39
Nodes: 9 147 208 301 310 315 321 336 339 366 377 435
Compactness: 903.774218
Weights: 150.000000 1945.000000 914.000000
Center Node: 321

District 40
Nodes: 54 65 121 154 161 177 288 305 313
Compactness: 525.045429
Weights: 105.000000 1921.000000 566.000000
Center Node: 177

District 41
Nodes: 36 117 123 188 210 355 386 404 490
Compactness: 264.817106
Weights: 110.000000 1821.000000 536.000000
Center Node: 188

District 42
Nodes: 112 189 229 316 403 446 449
Compactness: 229.931054
Weights: 95.000000 1491.000000 461.000000
Center Node: 229

District 43
Nodes: 35 66 116 196 264 277 348 395 468
Compactness: 350.988872
Weights: 108.000000 1744.000000 456.000000
Center Node: 468

District 44
Nodes: 74 131 214 253 261 378 430 499
Compactness: 366.272525
Weights: 95.000000 1885.000000 379.000000
Center Node: 253

District 45
Nodes: 1 72 282 323 385 424 437 479 484 486 496
Compactness: 623.430755
Weights: 127.000000 1963.000000 563.000000
Center Node: 479

District 46
Nodes: 95 99 113 167 234 265 269 292 335
Compactness: 417.230776
Weights: 107.000000 1509.000000 443.000000
Center Node: 265

District 47
Nodes: 92 96 175 199 262 290 351 375 426 434 445 488
Compactness: 635.019295
Weights: 180.000000 2512.000000 640.000000
Center Node: 262

District 48
Nodes: 91 93 103 203 382 393 399 470 483
Compactness: 381.819234
Weights: 120.000000 2146.000000 467.000000
Center Node: 103

District 49
Nodes: 39 58 101 242 245 296 298 397 398 467
Compactness: 430.641809
Weights: 131.000000 2146.000000 541.000000
Center Node: 245

District 50
Nodes: 10 69 109 137 287 295 307 312 354 433 473
Compactness: 565.221269
Weights: 128.000000 2102.000000 722.000000
Center Node: 287
