BalanceViolation 19574.505000
AffinityLoss 930.000000
Compactness 45372.113708

District 1
Nodes: 35 66 92 96 116 158 175 178 195 196 200 206 207 232 241 257 264 266 277 284 289 294 302 328 348 352 375 395 431 468
Compactness: 2722.596652
Weights: 343.000000 5717.000000 1824.000000
Center Node: 158

District 2
Nodes: 21 33 82 84 88 95 99 111 113 150 152 167 172 183 211 234 252 260 265 269 292 335 342 413 414 432 478
Compactness: 2567.700733
Weights: 322.000000 4823.000000 1400.000000
Center Node: 265

District 3
Nodes: 10 15 19 38 49 57 73 75 98 109 145 155 218 228 236 258 279 287 295 312 347 390 392 406 408 410 418 429 458 473
Compactness: 3200.152372
Weights: 393.000000 5309.000000 1749.000000
Center Node: 145

District 4
Nodes: 25 32 41 44 47 71 78 85 87 90 94 106 132 135 162 179 191 202 204 205 213 259 270 274 291 338 346 368 387 388 415 425 451 463 464 471 487
Compactness: 3325.924334
Weights: 388.000000 9046.000000 2061.000000
Center Node: 32

District 5
Nodes: 8 22 48 51 53 65 112 119 151 154 161 177 185 189 198 219 229 237 313 334 384 403 407 446 449 474 492
Compactness: 2635.839375
Weights: 331.000000 5234.000000 1626.000000
Center Node: 403

District 6
Nodes: 0 1 4 60 72 105 115 130 144 165 190 225 263 268 276 278 282 283 319 323 329 340 372 379 381 385 424 428 437 447 479 484 486 496
Compactness: 4046.117255
Weights: 371.000000 5890.000000 1719.000000
Center Node: 379

District 7
Nodes: 24 28 61 80 117 174 188 192 210 220 230 337 357 386 404 417 421
Compactness: 856.558129
Weights: 206.000000 4083.000000 962.000000
Center Node: 174

District 8
Nodes: 42 52 125 126 127 169 182 239 240 246 247 318 320 326 333 373 405 411 436 448 469 491 494
Compactness: 2039.823239
Weights: 243.000000 4825.000000 1484.000000
Center Node: 373

District 9
Nodes: 3 7 26 27 46 64 70 76 83 86 108 110 129 133 134 148 156 215 222 256 272 286 303 356 364 374 380 394 402 443 459 480 493
Compactness: 3562.023556
Weights: 394.000000 6254.000000 1821.000000
Center Node: 26

District 10
Nodes: 5 20 120 124 153 164 199 216 248 262 290 308 351 391 401 426 427 434 444 445 462 485 488 489
Compactness: 2309.889662
Weights: 272.000000 5836.000000 1448.000000
Center Node: 124

District 11
Nodes: 11 12 45 56 79 107 138 143 146 149 159 181 193 197 224 311 341 349 371 376 456 457 482 498
Compactness: 2206.109916
Weights: 269.000000 3881.000000 1378.000000
Center Node: 12

District 12
Nodes: 2 55 122 141 160 170 180 186 280 293 324 370 438 439
Compactness: 1092.165780
Weights: 158.000000 3211.000000 763.000000
Center Node: 439

District 13
Nodes: 14 34 63 104 140 157 168 176 235 251 254 273 299 300 327 363 396 416 422 441 460 472 481
Compactness: 1812.511240
Weights: 265.000000 4263.000000 1404.000000
Center Node: 176

District 14
Nodes: 6 9 17 18 31 77 102 142 208 267 271 281 285 309 310 315 321 331 332 336 339 359 361 377 409 419 435 453 465 466 477 497
Compactness: 3165.756487
Weights: 434.000000 5330.000000 2017.000000
Center Node: 310

District 15
Nodes: 16 97 163 221 227 231 250 322 325 344 345 362 367
Compactness: 822.475125
Weights: 135.000000 2343.000000 727.000000
Center Node: 345

District 16
Nodes: 39 40 58 62 67 81 101 147 184 209 223 242 244 245 296 298 301 314 343 366 397 398 452 467 476
Compactness: 2150.841299
Weights: 270.000000 5154.000000 1394.000000
Center Node: 398

District 17
Nodes: 29 50 54 68 91 93 103 121 128 166 203 238 275 288 297 305 316 330 369 382 393 399 470 483
Compactness: 2093.517979
Weights: 271.000000 5385.000000 1424.000000
Center Node: 121

District 18
Nodes: 23 30 43 59 114 136 173 217 226 233 243 249 358 360 365 420 440 450 455 475 495
Compactness: 1580.783786
Weights: 242.000000 4589.000000 1035.000000
Center Node: 455

District 19
Nodes: 36 74 118 123 131 214 253 261 353 355 378 383 430 442 490 499
Compactness: 1075.401188
Weights: 184.000000 3882.000000 844.000000
Center Node: 131

District 20
Nodes: 13 37 69 89 100 137 139 171 187 194 201 212 255 304 306 307 317 350 354 389 400 412 423 433 454 461
Compactness: 2105.925600
Weights: 298.000000 5254.000000 1411.000000
Center Node: 201
