BalanceViolation 319.145000
AffinityLoss 952.000000
Compactness 51341.536077

District 1
Nodes: 7 21 89 92 104 107 137 163 199 258 312 336 338 339 342 344 351 359 365 402 406 411 444 482
Compactness: 2226.466018
Weights: 295.000000 5415.000000 1420.000000
Center Node: 342

District 2
Nodes: 26 55 60 90 100 114 123 124 125 129 145 162 175 182 200 241 249 293 306 346 374 388 426 428 438 472 498
Compactness: 2833.891936
Weights: 326.000000 5358.000000 1424.000000
Center Node: 498

District 3
Nodes: 4 5 50 57 130 146 168 188 190 265 268 271 296 330 337 350 358 362 367 371 372 380 381 397 478 480 495
Compactness: 2505.563768
Weights: 319.000000 5020.000000 1590.000000
Center Node: 358

District 4
Nodes: 27 35 39 78 101 136 142 151 202 225 229 234 238 278 292 300 326 331 364 366 405 421 449 457 499
Compactness: 2174.119531
Weights: 332.000000 5528.000000 1420.000000
Center Node: 449

District 5
Nodes: 18 30 34 41 59 71 95 113 133 143 152 159 220 223 232 266 267 298 327 340 369 429 481 496
Compactness: 3933.004228
Weights: 296.000000 5538.000000 1411.000000
Center Node: 267

District 6
Nodes: 9 23 31 38 47 48 52 54 61 77 167 174 204 214 219 260 261 315 379 403 414 448 463 491
Compactness: 2781.819449
Weights: 286.000000 5163.000000 1513.000000
Center Node: 31

District 7
Nodes: 6 8 20 33 36 66 126 165 169 183 186 195 209 256 288 314 352 361 378 396 416 417 424 462 493
Compactness: 2230.928714
Weights: 313.000000 5077.000000 1561.000000
Center Node: 66

District 8
Nodes: 131 147 148 161 172 196 205 211 212 218 221 222 227 233 243 257 317 320 368 391 395 433 453 455 471 474 497
Compactness: 3095.567088
Weights: 349.000000 5054.000000 1468.000000
Center Node: 196

District 9
Nodes: 0 12 25 51 64 67 76 80 91 97 109 111 117 119 144 173 176 224 228 252 254 404 458 484 492 494
Compactness: 2748.533214
Weights: 321.000000 5059.000000 1492.000000
Center Node: 97

District 10
Nodes: 24 49 56 82 120 127 155 158 192 210 235 237 244 270 277 289 302 323 357 363 412 483 485
Compactness: 2152.704492
Weights: 308.000000 5495.000000 1274.000000
Center Node: 210

District 11
Nodes: 42 62 103 132 191 198 213 255 282 329 332 341 345 355 373 375 389 390 394 409 413 415 430 476 488
Compactness: 2535.781882
Weights: 296.000000 5165.000000 1547.000000
Center Node: 390

District 12
Nodes: 32 37 58 75 94 122 140 171 194 272 281 284 287 294 299 382 392 393 431 441 447 466 468 475 487
Compactness: 1871.887957
Weights: 301.000000 5399.000000 1453.000000
Center Node: 32

District 13
Nodes: 40 43 68 134 150 153 208 239 279 283 297 309 318 385 386 398 419 423 437 439 454 459 461 470
Compactness: 2886.398688
Weights: 323.000000 5043.000000 1540.000000
Center Node: 318

District 14
Nodes: 3 63 93 160 166 180 245 263 273 274 295 303 307 308 370 399 400 401 418 425 435 442 451 469
Compactness: 2403.692282
Weights: 295.000000 5239.000000 1416.000000
Center Node: 307

District 15
Nodes: 1 16 29 45 83 84 87 88 105 106 118 138 184 216 248 250 253 269 305 316 319 353 376 387 432
Compactness: 1771.226662
Weights: 265.000000 5556.000000 1523.000000
Center Node: 305

District 16
Nodes: 2 14 46 53 85 99 128 149 164 178 189 201 207 242 247 251 333 335 343 377 383 408 410 427 434 440 465
Compactness: 2231.393102
Weights: 299.000000 5023.000000 1533.000000
Center Node: 377

District 17
Nodes: 13 19 65 72 73 74 79 102 112 116 170 177 179 181 197 231 240 246 285 290 348 349 473 486 490
Compactness: 3156.715312
Weights: 321.000000 5486.000000 1524.000000
Center Node: 102

District 18
Nodes: 15 17 81 86 110 135 139 156 187 203 215 217 275 286 310 311 325 328 360 420 436 467 479
Compactness: 1928.940940
Weights: 277.000000 5508.000000 1444.000000
Center Node: 360

District 19
Nodes: 10 22 44 69 70 96 108 115 121 193 236 262 264 276 280 291 313 334 384 443 456 464 477 489
Compactness: 1946.810053
Weights: 321.000000 5064.000000 1575.000000
Center Node: 262

District 20
Nodes: 11 28 98 141 154 157 185 206 226 230 259 301 304 321 322 324 347 354 356 407 422 445 446 450 452 460
Compactness: 3926.090762
Weights: 289.000000 5528.000000 1386.000000
Center Node: 324
