BalanceViolation 149.250000
AffinityLoss 862.000000
Compactness 52249.621555

District 1
Nodes: 23 27 36 43 59 75 81 115 118 172 174 177 214 215 217 244 248 260 286 299 327 394 424 449 489 495
Compactness: 1929.467167
Weights: 304.000000 4888.000000 1498.000000
Center Node: 27

District 2
Nodes: 20 22 28 33 40 63 79 86 89 132 140 144 169 189 229 232 292 312 378 392 427 433 434 472 474 475 480 490
Compactness: 3447.347107
Weights: 289.000000 4844.000000 1479.000000
Center Node: 40

District 3
Nodes: 6 19 34 37 44 45 91 113 125 178 202 204 227 256 304 322 333 366 389 404 406 458 459 479
Compactness: 2299.772702
Weights: 285.000000 5069.000000 1451.000000
Center Node: 389

District 4
Nodes: 1 10 39 65 102 122 158 213 223 246 249 263 284 309 337 372 376 381 382 415 420 429 455 460
Compactness: 2359.491933
Weights: 298.000000 5362.000000 1243.000000
Center Node: 455

District 5
Nodes: 32 98 107 111 145 149 159 171 188 194 198 210 281 300 303 316 317 330 331 388 396 456 469
Compactness: 2191.005872
Weights: 279.000000 4995.000000 1363.000000
Center Node: 300

District 6
Nodes: 155 156 164 165 175 185 226 251 264 289 294 295 341 343 369 390 391 399 405 407 411 484 496
Compactness: 2566.724968
Weights: 298.000000 5126.000000 1378.000000
Center Node: 407

District 7
Nodes: 30 31 52 58 119 147 161 179 184 191 200 209 230 252 253 287 305 329 334 367 416 462 467
Compactness: 1798.791602
Weights: 290.000000 5292.000000 1463.000000
Center Node: 367

District 8
Nodes: 9 14 46 53 85 101 153 180 183 197 233 240 288 297 324 358 383 387 422 423 425 436 445 452 463
Compactness: 2005.914217
Weights: 289.000000 4915.000000 1491.000000
Center Node: 197

District 9
Nodes: 12 17 56 69 90 120 121 123 148 166 168 181 206 216 247 259 290 310 319 338 377 450 470 481 485
Compactness: 5552.324410
Weights: 292.000000 5237.000000 1359.000000
Center Node: 485

District 10
Nodes: 2 8 15 18 35 76 141 170 193 268 307 314 348 353 359 397 400 403 421 442 471 473 493 497
Compactness: 1670.473272
Weights: 304.000000 5271.000000 1443.000000
Center Node: 18

District 11
Nodes: 50 84 99 114 129 157 162 203 220 221 308 328 340 355 361 384 385 395 426 453 461 464 487 494
Compactness: 1963.150141
Weights: 297.000000 5140.000000 1402.000000
Center Node: 84

District 12
Nodes: 4 11 42 47 74 78 80 97 106 116 117 126 201 205 207 224 225 236 243 277 279 285 323 346 357 371
Compactness: 2872.746057
Weights: 298.000000 4861.000000 1485.000000
Center Node: 346

District 13
Nodes: 24 48 61 66 73 88 130 154 160 163 218 239 245 301 320 345 354 362 380 386 393 412 418 439 441 443 468
Compactness: 3422.877350
Weights: 305.000000 5356.000000 1396.000000
Center Node: 218

District 14
Nodes: 5 38 41 60 68 70 94 103 131 139 143 196 237 241 261 267 273 276 280 291 313 325 398 419 428 431 448
Compactness: 2554.463704
Weights: 289.000000 4956.000000 1481.000000
Center Node: 41

District 15
Nodes: 29 64 95 104 109 133 152 187 195 254 275 283 326 335 344 350 373 414 432 435 438 440 446 478 488 491 499
Compactness: 2511.938312
Weights: 300.000000 5138.000000 1367.000000
Center Node: 109

District 16
Nodes: 3 51 87 134 136 137 146 150 151 192 199 208 212 222 228 257 271 282 302 321 332 336 347 349 364 457 482 486
Compactness: 3663.995390
Weights: 302.000000 4982.000000 1473.000000
Center Node: 151

District 17
Nodes: 25 26 55 82 96 167 173 182 186 190 219 231 258 296 351 363 379 401 409 413 417 477 492
Compactness: 2454.453422
Weights: 283.000000 5197.000000 1485.000000
Center Node: 82

District 18
Nodes: 13 16 21 49 72 77 108 112 124 128 176 235 255 262 265 266 269 274 293 298 356 374 375 444 466
Compactness: 1935.366111
Weights: 278.000000 5283.000000 1487.000000
Center Node: 265

District 19
Nodes: 7 54 57 62 67 71 93 138 238 242 272 278 306 311 315 342 352 360 370 402 410 430 451 454 483
Compactness: 2968.270096
Weights: 253.000000 4936.000000 1480.000000
Center Node: 138

District 20
Nodes: 0 83 92 100 105 110 127 135 142 211 234 250 270 318 339 365 368 408 437 447 465 476 498
Compactness: 2081.047724
Weights: 303.000000 5219.000000 1401.000000
Center Node: 83
