BalanceViolation 1.212500
AffinityLoss 1601.000000
Compactness 113839.159032

District 1
Nodes: 2 21 26 34 38 44 48 58 80 128 130 158 172 193 211 222 231 261 269 289 315 322 359 376 382 397 424 435 455 467 550 554 579 588 593 628 632 637 669 676 744 761 784 836 837 885 896 930 941 974 991
Compactness: 4784.407993
Weights: 625.000000 10125.000000 3020.000000
Center Node: 128

District 2
Nodes: 19 50 64 83 104 135 141 146 156 188 216 235 247 255 279 292 321 378 395 396 471 505 516 521 530 537 555 581 606 617 659 664 672 683 684 691 720 736 739 750 763 770 794 801 854 892 898 925 972 983 993 996
Compactness: 4870.792773
Weights: 620.000000 10885.000000 3040.000000
Center Node: 396

District 3
Nodes: 12 73 99 133 153 155 162 174 229 256 259 284 296 347 400 401 402 425 428 431 469 483 535 553 560 573 599 662 670 677 681 702 742 753 785 786 788 820 848 850 860 864 886 897 914 929 946 965 968 981 995
Compactness: 12221.092868
Weights: 626.000000 10235.000000 2769.000000
Center Node: 742

District 4
Nodes: 77 88 93 102 132 208 266 278 294 330 339 361 369 381 390 408 429 432 438 466 480 571 611 643 688 712 715 747 780 796 807 810 840 852 863 883 905 917 936 950 951 961 984 985 992
Compactness: 3990.274278
Weights: 594.000000 10732.000000 2900.000000
Center Node: 840

District 5
Nodes: 28 32 114 124 145 167 169 177 196 212 224 236 243 303 309 317 354 357 387 404 412 416 417 449 468 487 533 568 574 582 592 608 613 743 775 787 790 802 818 828 835 846 870 871 876 902 928 933 935 937 940
Compactness: 6387.469236
Weights: 571.000000 11053.000000 3027.000000
Center Node: 818

District 6
Nodes: 5 22 63 68 113 140 142 161 163 204 215 218 225 242 258 288 331 338 353 356 391 500 501 512 528 546 561 563 577 585 594 597 624 655 678 685 686 706 710 722 730 735 798 811 813 816 874 878 884 912 919 999
Compactness: 4516.529719
Weights: 617.000000 11053.000000 3048.000000
Center Node: 215

District 7
Nodes: 54 75 101 115 123 186 206 228 230 233 244 260 263 302 350 368 374 423 439 470 486 517 520 526 538 586 601 618 642 647 654 690 693 729 738 752 757 774 777 797 803 808 819 825 851 856 869 872 877 915 959 980 982
Compactness: 7380.320126
Weights: 585.000000 11043.000000 2784.000000
Center Node: 877

District 8
Nodes: 45 87 90 151 171 183 191 192 240 248 254 295 377 403 407 410 411 477 479 492 493 509 522 542 596 623 675 679 697 701 703 716 717 725 734 759 773 783 789 817 824 853 868 882 899 909 960 962 963
Compactness: 8551.749022
Weights: 595.000000 10489.000000 2791.000000
Center Node: 716

District 9
Nodes: 55 66 67 74 91 110 149 178 205 219 300 314 320 365 388 413 433 453 490 507 511 548 562 566 589 635 640 641 648 649 650 661 671 696 719 740 751 755 776 791 839 845 926 947 957 975 987
Compactness: 4254.657211
Weights: 604.000000 10130.000000 2856.000000
Center Node: 511

District 10
Nodes: 6 105 138 147 154 187 220 232 238 272 273 281 311 318 337 360 362 386 418 445 461 499 510 531 532 539 557 580 595 607 612 620 711 746 795 804 826 834 849 865 888 904 945 953 967 997 998
Compactness: 5691.046566
Weights: 611.000000 10111.000000 2767.000000
Center Node: 711

District 11
Nodes: 10 20 24 31 52 59 60 62 70 103 112 131 144 213 226 227 246 251 301 313 324 333 341 346 389 414 457 458 473 474 615 622 629 644 651 663 667 668 732 733 748 758 805 830 843 857 859 881 920 922 923 966 977 986
Compactness: 5691.065608
Weights: 575.000000 11098.000000 3050.000000
Center Node: 474

District 12
Nodes: 3 11 13 15 17 35 71 76 97 108 173 182 189 195 197 198 202 245 291 325 326 328 334 348 349 393 394 430 437 454 495 545 558 569 590 603 634 657 674 705 709 724 741 754 832 875 890 895 913 988 989
Compactness: 4239.627598
Weights: 624.000000 10125.000000 2794.000000
Center Node: 348

District 13
Nodes: 14 16 49 65 121 129 143 150 157 159 176 200 201 267 280 306 335 340 351 373 380 475 476 496 534 536 543 552 572 602 614 616 627 645 646 731 745 749 781 822 844 894 903 934 943 954 958 973 978
Compactness: 4459.352994
Weights: 571.000000 11116.000000 3042.000000
Center Node: 978

District 14
Nodes: 18 46 72 86 100 109 118 134 185 234 249 250 265 268 271 286 287 336 355 375 392 419 420 422 441 459 463 485 502 504 515 551 587 609 656 692 771 815 827 842 867 879 908 927 942 955 956 964 979
Compactness: 4225.332696
Weights: 587.000000 10147.000000 2818.000000
Center Node: 100

District 15
Nodes: 8 9 27 30 51 61 84 94 96 119 125 136 166 170 175 199 252 283 293 312 363 367 385 398 405 406 426 442 446 465 481 488 559 600 619 631 694 698 704 723 727 767 814 821 838 861 906 931 932
Compactness: 3768.434399
Weights: 574.000000 10463.000000 2863.000000
Center Node: 446

District 16
Nodes: 37 43 47 79 82 85 92 106 107 116 160 194 207 214 221 257 274 277 327 332 343 352 364 366 371 399 440 472 498 519 524 575 583 584 621 630 658 666 695 699 700 714 782 793 799 812 841 880 891 921
Compactness: 4792.615898
Weights: 630.000000 10123.000000 3029.000000
Center Node: 327

District 17
Nodes: 23 29 33 57 69 78 89 122 126 137 152 262 276 285 319 329 342 372 383 421 444 452 462 484 491 497 503 506 523 540 547 564 565 598 610 652 653 665 673 689 721 728 756 764 766 772 809 831 873 893 910 916 938 939 944 949
Compactness: 10160.008612
Weights: 595.000000 11084.000000 3031.000000
Center Node: 938

District 18
Nodes: 7 25 39 40 41 95 111 117 139 164 165 180 190 209 239 297 305 307 308 358 384 415 443 447 464 482 508 514 544 556 578 604 605 633 639 660 682 708 718 765 769 779 800 806 862 948 969 976 994
Compactness: 5438.869357
Weights: 606.000000 11020.000000 2798.000000
Center Node: 415

District 19
Nodes: 0 1 36 98 127 168 181 203 210 237 264 290 299 304 310 316 323 434 436 460 513 518 529 549 576 638 680 687 707 713 726 760 778 792 823 829 858 887 901 911 918 924 952 990
Compactness: 3813.670075
Weights: 632.000000 10213.000000 2774.000000
Center Node: 316

District 20
Nodes: 4 42 53 56 81 120 148 179 184 217 223 241 253 270 275 282 298 344 345 370 379 409 427 448 450 451 456 478 489 494 525 527 541 567 570 591 625 626 636 737 762 768 833 847 855 866 889 900 907 970 971
Compactness: 4601.842004
Weights: 577.000000 11151.000000 2943.000000
Center Node: 4
