BalanceViolation 0.000000
AffinityLoss 1573.000000
Compactness 116214.908084

District 1
Nodes: 1 4 5 6 24 40 55 74 84 117 121 156 191 194 195 227 249 318 338 340 352 354 407 437 480 490 502 530 538 561 592 600 645 652 654 668 680 710 722 760 779 855 901 928 954 963 980
Compactness: 4207.563574
Weights: 581.000000 10835.000000 2837.000000
Center Node: 5

District 2
Nodes: 62 86 132 142 149 157 168 174 215 232 233 241 246 275 279 288 299 315 317 326 327 395 397 408 413 444 473 506 533 551 556 629 656 681 696 708 768 794 818 870 871 890 924 940 950 951 957 960 985
Compactness: 8694.350524
Weights: 603.000000 10625.000000 2845.000000
Center Node: 395

District 3
Nodes: 9 31 43 91 99 102 129 143 175 196 220 229 262 267 276 281 309 311 314 345 349 436 441 482 483 505 516 537 547 567 602 606 631 703 719 738 745 746 750 812 819 834 840 877 918 972 982
Compactness: 5734.662087
Weights: 614.000000 10046.000000 2875.000000
Center Node: 276

District 4
Nodes: 23 41 70 76 78 101 124 216 218 230 291 296 329 366 374 388 400 426 428 469 491 496 562 581 638 642 648 687 701 706 709 713 729 739 742 754 763 770 776 784 790 823 831 847 863 873 886 931 945 952
Compactness: 3921.177007
Weights: 584.000000 11060.000000 3010.000000
Center Node: 642

District 5
Nodes: 15 19 87 122 139 160 171 180 222 239 240 274 325 333 351 367 384 386 405 484 489 503 517 519 523 555 571 579 612 633 658 669 673 749 751 758 765 792 809 839 889 933 934 935 946 948 949 971
Compactness: 4699.056539
Weights: 633.000000 10666.000000 3002.000000
Center Node: 325

District 6
Nodes: 52 75 130 148 154 161 183 184 192 225 257 278 295 305 359 360 368 422 435 454 463 466 468 510 522 532 564 575 583 608 610 649 665 721 737 757 769 774 780 796 822 862 872 876 899 903 939 942
Compactness: 3934.575357
Weights: 635.000000 10686.000000 2890.000000
Center Node: 52

District 7
Nodes: 22 29 44 46 50 53 68 81 113 135 146 158 179 182 190 202 269 277 303 312 323 346 393 403 427 439 443 459 515 528 554 576 578 604 637 718 725 727 731 744 752 761 781 789 798 813 833 842 891 892 907 970
Compactness: 6095.120839
Weights: 627.000000 10970.000000 3103.000000
Center Node: 842

District 8
Nodes: 3 14 28 36 39 42 61 89 98 107 201 242 250 304 356 381 404 412 418 429 432 434 453 481 511 536 543 545 569 572 595 662 663 682 684 693 695 698 700 753 775 778 810 824 835 850 897 902 923 930 955 987 990 992
Compactness: 5041.936082
Weights: 624.000000 11061.000000 3124.000000
Center Node: 42

District 9
Nodes: 51 57 73 118 151 152 163 176 198 209 213 292 300 332 336 362 380 382 383 423 445 458 477 486 487 520 546 549 559 615 624 626 636 676 689 712 717 730 777 793 803 827 829 848 869 879 909 915 917 941 967 993
Compactness: 6606.868608
Weights: 583.000000 10088.000000 3037.000000
Center Node: 546

District 10
Nodes: 10 12 26 34 77 92 119 127 153 177 185 223 260 282 334 344 361 370 376 392 433 460 494 508 513 529 540 577 601 625 634 641 646 659 672 697 732 740 783 788 795 802 805 807 830 844 845 856 865 887 925 956 961
Compactness: 6267.323680
Weights: 640.000000 11069.000000 3100.000000
Center Node: 361

District 11
Nodes: 35 72 105 106 133 164 203 210 212 236 237 252 256 258 268 283 328 343 365 391 451 462 485 504 507 512 570 580 589 643 653 671 678 702 714 728 741 825 826 858 895 906 913 914 926 937 981 998
Compactness: 6005.835634
Weights: 587.000000 10344.000000 3127.000000
Center Node: 105

District 12
Nodes: 2 20 21 38 54 63 90 100 110 112 125 141 166 186 211 224 272 307 313 324 353 372 378 401 410 424 467 474 476 518 535 539 574 585 590 594 609 617 666 670 677 692 726 837 838 885 965 977 997
Compactness: 4827.791159
Weights: 590.000000 10188.000000 2895.000000
Center Node: 666

District 13
Nodes: 25 48 69 80 140 178 189 207 259 264 266 286 287 290 355 358 417 420 456 464 479 525 527 544 553 588 605 622 630 715 720 785 799 843 854 861 867 910 921 938 958 959 973 974 978 996
Compactness: 5626.334759
Weights: 622.000000 10065.000000 2951.000000
Center Node: 178

District 14
Nodes: 0 32 37 49 56 85 93 97 109 136 138 169 173 228 244 253 261 298 301 302 306 308 310 375 389 398 421 430 446 447 475 500 501 542 563 598 616 620 627 734 735 766 849 878 883 898 905 911 920 929 944 988
Compactness: 5777.863899
Weights: 616.000000 10772.000000 2982.000000
Center Node: 421

District 15
Nodes: 11 13 27 45 47 59 67 82 95 115 128 144 167 172 181 199 200 221 263 273 322 330 342 347 348 396 399 409 419 495 499 524 582 603 621 639 657 685 686 691 711 756 759 808 832 836 964 968 969
Compactness: 4166.755464
Weights: 583.000000 10084.000000 3124.000000
Center Node: 115

District 16
Nodes: 17 18 96 108 116 123 126 134 147 193 243 280 284 316 319 320 339 406 414 438 449 461 498 514 521 586 607 618 619 623 674 690 733 743 748 782 786 797 804 815 821 828 864 874 875 881 884 894 904 936 947 962 994
Compactness: 7133.049486
Weights: 601.000000 11021.000000 3041.000000
Center Node: 894

District 17
Nodes: 8 33 71 120 155 159 188 208 214 219 238 255 350 363 369 373 385 390 411 440 452 471 488 509 526 541 568 591 596 597 632 650 660 664 675 699 707 723 747 767 811 846 853 880 896 919 943 976 979 983 984 986
Compactness: 5521.710858
Weights: 628.000000 10075.000000 2976.000000
Center Node: 986

District 18
Nodes: 65 66 83 94 104 162 165 170 204 205 217 265 270 293 331 394 415 425 431 450 455 472 478 492 493 548 552 558 560 565 599 611 651 667 679 724 755 806 851 857 868 882 888 893 927 966 989 991 995
Compactness: 5799.889767
Weights: 591.000000 10026.000000 2837.000000
Center Node: 548

District 19
Nodes: 7 16 58 60 64 79 103 114 137 145 187 197 226 231 248 271 294 297 321 335 337 341 357 371 387 416 457 470 531 557 566 573 584 587 593 613 614 635 655 688 704 705 716 736 762 772 801 816 908 912 932 953 975 999
Compactness: 9285.096140
Weights: 638.000000 11024.000000 3075.000000
Center Node: 137

District 20
Nodes: 30 88 111 131 150 206 234 235 245 247 251 254 285 289 364 377 379 402 442 448 465 497 534 550 628 640 644 647 661 683 694 764 771 773 787 791 800 814 817 820 841 852 859 860 866 900 916 922
Compactness: 6867.946623
Weights: 626.000000 10338.000000 2853.000000
Center Node: 814
