BalanceViolation 1311.282000
AffinityLoss 3731.000000
Compactness 127027.738132

District 1
Nodes: 35 49 72 88 137 176 210 220 271 307 352 358 371 415 519 589 639 664 713 738 750 779 812 1039 1065 1095 1115 1136 1176 1309 1377 1380 1456 1463 1511 1601 1749 1769 1816 1906 1956
Compactness: 2183.329087
Weights: 496.000000 8932.000000 2244.000000
Center Node: 271

District 2
Nodes: 87 226 310 369 392 412 490 583 592 612 614 619 653 685 700 759 878 896 897 1081 1183 1257 1271 1368 1383 1388 1432 1434 1450 1572 1629 1647 1680 1718 1755 1799 1814 1847 1885 1972
Compactness: 2453.790672
Weights: 501.000000 8762.000000 2177.000000
Center Node: 759

District 3
Nodes: 26 36 184 188 232 252 345 386 467 521 537 580 721 801 829 841 975 985 996 1015 1021 1084 1126 1193 1241 1428 1457 1496 1513 1550 1688 1706 1726 1762 1767 1820 1851 1852 1905 1942 1978 1988
Compactness: 2482.188420
Weights: 489.000000 8079.000000 2477.000000
Center Node: 1726

District 4
Nodes: 123 139 241 254 300 305 368 403 464 484 513 530 571 689 714 716 718 727 734 754 758 806 831 848 860 884 956 991 1074 1135 1220 1435 1471 1561 1574 1662 1668 1715 1873 1931 1945
Compactness: 2360.335232
Weights: 461.000000 8776.000000 2314.000000
Center Node: 727

District 5
Nodes: 51 69 119 154 171 228 236 237 249 416 428 441 555 579 603 711 740 789 809 815 822 865 983 1018 1204 1230 1239 1298 1351 1385 1441 1447 1454 1485 1691 1711 1714 1728 1832 1932 1936
Compactness: 2738.001922
Weights: 426.000000 8944.000000 2334.000000
Center Node: 1485

District 6
Nodes: 67 86 96 160 291 302 354 483 516 522 641 649 753 798 934 938 1041 1153 1154 1157 1203 1205 1251 1269 1280 1414 1467 1478 1573 1632 1644 1700 1710 1765 1782 1849 1857 1866 1975
Compactness: 2285.880341
Weights: 465.000000 8881.000000 2387.000000
Center Node: 1251

District 7
Nodes: 47 158 265 276 295 330 413 426 542 670 695 724 742 764 788 854 889 901 965 1047 1059 1091 1125 1178 1301 1302 1315 1387 1663 1665 1727 1777 1835 1846 1888 1976 1999
Compactness: 2086.830854
Weights: 419.000000 8116.000000 1997.000000
Center Node: 1315

District 8
Nodes: 39 53 170 179 195 438 495 540 565 598 620 767 776 819 856 911 913 923 942 1026 1044 1096 1129 1139 1161 1174 1210 1440 1449 1462 1571 1577 1581 1585 1638 1641 1692 1818 1871 1916 1944 1959
Compactness: 3120.910711
Weights: 499.000000 8711.000000 2389.000000
Center Node: 1440

District 9
Nodes: 102 133 148 204 217 268 308 314 338 359 496 645 652 654 659 692 708 769 828 836 962 1142 1229 1236 1250 1394 1472 1552 1557 1564 1565 1609 1640 1682 1843 1870 1872 1919 1941 1955
Compactness: 2469.027465
Weights: 493.000000 8373.000000 2375.000000
Center Node: 1142

District 10
Nodes: 3 92 190 215 234 235 373 578 699 844 858 893 907 918 970 976 984 1011 1014 1016 1076 1140 1179 1199 1256 1299 1337 1438 1483 1539 1576 1591 1597 1658 1743 1808 1874 1979
Compactness: 1938.977285
Weights: 448.000000 8228.000000 2401.000000
Center Node: 1337

District 11
Nodes: 15 90 98 129 149 151 172 223 351 407 445 525 564 609 719 739 825 870 881 944 958 978 1148 1168 1169 1307 1313 1329 1371 1409 1466 1503 1525 1709 1740 1781 1860 1879 1884 1891 1917 1969
Compactness: 2550.793645
Weights: 496.000000 8169.000000 2290.000000
Center Node: 739

District 12
Nodes: 1 21 38 212 255 272 360 385 440 451 470 475 492 594 611 643 656 748 755 778 1007 1068 1082 1092 1109 1182 1232 1262 1278 1413 1426 1516 1605 1659 1674 1757 1841 1848 1850 1876
Compactness: 2231.046028
Weights: 493.000000 8911.000000 2258.000000
Center Node: 475

District 13
Nodes: 100 101 117 143 247 299 389 411 436 501 503 541 597 616 628 648 821 906 931 941 947 953 1117 1162 1172 1173 1224 1334 1390 1436 1501 1515 1645 1716 1778 1861 1880 1883 1950
Compactness: 2572.996695
Weights: 496.000000 8681.000000 2188.000000
Center Node: 947

District 14
Nodes: 5 12 70 93 116 122 131 290 383 393 473 517 543 546 593 618 679 705 709 743 873 895 1040 1097 1123 1290 1311 1320 1332 1343 1474 1599 1652 1720 1724 1738 1805 1926 1994 1996
Compactness: 3391.241659
Weights: 501.000000 8859.000000 2191.000000
Center Node: 1738

District 15
Nodes: 20 37 222 318 362 399 491 544 560 613 635 660 760 796 804 973 1066 1085 1114 1206 1226 1281 1370 1524 1526 1531 1547 1579 1611 1619 1657 1699 1717 1747 1890 1893 1939 1957 1960
Compactness: 2279.584260
Weights: 498.000000 8491.000000 2393.000000
Center Node: 399

District 16
Nodes: 23 41 163 219 281 294 446 450 532 558 617 630 666 680 681 703 791 867 886 993 1113 1264 1294 1373 1389 1401 1477 1495 1497 1500 1527 1553 1587 1643 1826 1875 1929 1933
Compactness: 2878.732545
Weights: 435.000000 8714.000000 2234.000000
Center Node: 867

District 17
Nodes: 63 136 140 240 275 303 312 327 332 341 370 431 469 554 625 657 665 787 813 851 864 919 920 994 1144 1170 1190 1358 1416 1451 1535 1589 1600 1690 1758 1791 1810 1831 1863
Compactness: 2139.964477
Weights: 491.000000 8674.000000 2399.000000
Center Node: 1791

District 18
Nodes: 56 75 115 191 239 363 417 447 463 553 561 587 599 644 735 737 855 879 899 959 986 998 1055 1060 1102 1133 1155 1214 1282 1338 1521 1595 1679 1703 1713 1739 1744 1858 1895
Compactness: 2132.412531
Weights: 472.000000 8449.000000 2354.000000
Center Node: 1521

District 19
Nodes: 182 256 319 374 398 408 661 691 728 810 811 997 1028 1116 1131 1141 1180 1194 1228 1258 1287 1327 1349 1366 1411 1458 1508 1612 1616 1675 1684 1687 1730 1838 1840 1853 1907 1964 1984 1987
Compactness: 2743.659447
Weights: 522.000000 8159.000000 2194.000000
Center Node: 256

District 20
Nodes: 32 132 141 145 162 174 197 293 326 336 378 381 439 462 500 515 569 784 800 823 974 1003 1012 1057 1235 1399 1417 1473 1493 1554 1669 1732 1741 1938 1958 1992 1998
Compactness: 2216.566588
Weights: 466.000000 8604.000000 2380.000000
Center Node: 132

District 21
Nodes: 17 31 68 85 156 175 227 253 328 364 437 471 478 510 562 608 669 715 741 832 849 877 903 936 1063 1070 1093 1120 1132 1400 1509 1512 1607 1666 1770 1809 1821 1894 1948 1981
Compactness: 2319.679932
Weights: 488.000000 8822.000000 2365.000000
Center Node: 175

District 22
Nodes: 107 193 208 257 259 277 347 349 357 395 455 486 668 768 775 814 833 835 845 846 853 1013 1064 1107 1118 1138 1175 1243 1326 1364 1412 1420 1480 1504 1584 1708 1745 1763 1764 1869 1882 1889
Compactness: 2619.333284
Weights: 501.000000 8943.000000 2344.000000
Center Node: 349

District 23
Nodes: 0 28 65 178 218 224 251 273 274 296 321 339 367 420 472 485 535 566 640 817 866 891 915 926 1071 1089 1177 1348 1429 1455 1476 1491 1537 1548 1636 1650 1655 1779 1784 1921
Compactness: 2749.306122
Weights: 498.000000 8365.000000 2307.000000
Center Node: 1348

District 24
Nodes: 14 144 221 260 261 311 323 335 366 453 460 509 512 601 636 677 706 752 908 924 925 1106 1128 1198 1293 1330 1331 1339 1369 1421 1445 1522 1530 1686 1761 1797 1830 1865 1900 1943
Compactness: 2289.159090
Weights: 514.000000 8166.000000 2236.000000
Center Node: 1369

District 25
Nodes: 13 200 324 340 343 487 494 499 526 590 615 726 732 782 914 949 967 1046 1079 1146 1167 1188 1233 1254 1283 1304 1361 1402 1415 1423 1518 1534 1559 1760 1801 1822 1930 1937 1949
Compactness: 2599.800329
Weights: 430.000000 8478.000000 2403.000000
Center Node: 340

District 26
Nodes: 6 46 81 83 89 245 292 379 423 511 538 588 595 672 687 834 840 902 954 1031 1122 1209 1285 1295 1319 1325 1342 1523 1621 1670 1774 1783 1855 1911 1924 1953 1995
Compactness: 1490.818327
Weights: 458.000000 8180.000000 2258.000000
Center Node: 1924

District 27
Nodes: 10 43 71 113 124 165 244 348 365 433 458 581 762 818 917 929 969 1100 1112 1143 1166 1240 1246 1259 1273 1297 1379 1437 1448 1536 1569 1634 1678 1768 1771 1788 1796 1802 1813 1828 1834 1914 1963 1993
Compactness: 2644.915723
Weights: 470.000000 8775.000000 2356.000000
Center Node: 1297

District 28
Nodes: 8 91 104 287 316 317 355 372 574 622 808 830 1088 1247 1260 1270 1314 1335 1341 1356 1357 1391 1418 1514 1580 1583 1598 1606 1614 1628 1637 1651 1712 1748 1780 1868 1878 1913 1968
Compactness: 2590.889658
Weights: 493.000000 8724.000000 2405.000000
Center Node: 104

District 29
Nodes: 121 125 127 238 243 375 444 529 547 548 646 690 697 746 786 850 892 909 928 960 1000 1019 1024 1035 1054 1069 1171 1365 1465 1470 1498 1646 1707 1733 1772 1785 1804 1823 1903 1922
Compactness: 2633.426017
Weights: 473.000000 8216.000000 2384.000000
Center Node: 1054

District 30
Nodes: 11 22 61 108 231 409 477 502 572 573 584 604 629 632 642 651 701 749 757 773 774 883 980 1017 1072 1163 1231 1253 1291 1453 1546 1586 1626 1672 1694 1737 1803 1824 1877 1886 1970 1971 1986
Compactness: 2691.793647
Weights: 499.000000 8224.000000 2364.000000
Center Node: 1803

District 31
Nodes: 64 110 209 309 337 391 505 568 624 682 729 747 765 766 770 772 795 797 922 930 987 1005 1029 1053 1067 1077 1083 1130 1200 1216 1217 1263 1267 1303 1398 1431 1484 1520 1602 1844 1908
Compactness: 2342.725695
Weights: 478.000000 8161.000000 2506.000000
Center Node: 110

District 32
Nodes: 7 30 74 82 207 286 304 346 388 448 465 531 655 698 720 722 771 861 888 950 1023 1051 1056 1219 1268 1275 1323 1333 1350 1396 1410 1439 1567 1604 1625 1683 1736 1742 1811 1842 1892 1985
Compactness: 2408.498511
Weights: 500.000000 8738.000000 2199.000000
Center Node: 1985

District 33
Nodes: 2 146 155 173 187 267 270 315 382 430 457 575 582 596 859 869 872 963 1004 1045 1108 1124 1165 1185 1234 1238 1300 1328 1375 1378 1424 1452 1556 1594 1603 1627 1633 1642 1899 1962
Compactness: 2834.099877
Weights: 444.000000 8244.000000 2438.000000
Center Node: 1962

District 34
Nodes: 111 161 167 205 297 298 313 418 421 514 591 602 638 647 675 684 688 751 935 966 1145 1184 1225 1237 1276 1288 1382 1490 1615 1622 1639 1723 1725 1793 1798 1839 1918 1997
Compactness: 2698.682290
Weights: 489.000000 8351.000000 2190.000000
Center Node: 1276

District 35
Nodes: 4 62 142 183 206 211 333 342 394 461 468 556 570 662 676 686 693 710 910 1010 1022 1025 1049 1111 1127 1242 1286 1316 1355 1359 1460 1479 1529 1590 1630 1631 1635 1664 1695 1897 1935
Compactness: 1811.636127
Weights: 487.000000 8934.000000 2219.000000
Center Node: 461

District 36
Nodes: 34 57 114 118 177 185 479 498 518 557 623 674 678 702 723 876 971 1090 1160 1215 1227 1284 1344 1362 1381 1459 1468 1549 1578 1618 1676 1701 1756 1837 1856 1881 1904 1934 1980
Compactness: 1853.291387
Weights: 502.000000 8436.000000 2373.000000
Center Node: 1618

District 37
Nodes: 45 59 76 94 159 230 264 279 289 425 489 508 527 650 717 725 730 820 852 875 890 972 1030 1137 1158 1244 1489 1492 1499 1519 1541 1551 1563 1673 1685 1697 1702 1731 1775 1829 1845
Compactness: 2185.906146
Weights: 495.000000 8435.000000 2355.000000
Center Node: 1775

District 38
Nodes: 29 33 73 95 153 194 306 356 384 474 476 506 539 683 799 803 824 827 868 912 952 955 977 988 1048 1050 1110 1121 1221 1321 1347 1353 1376 1444 1488 1502 1570 1610 1613 1654 1698 1790 1806 1927 1989
Compactness: 3468.584553
Weights: 500.000000 8810.000000 2253.000000
Center Node: 29

District 39
Nodes: 27 50 168 278 282 284 377 443 482 493 523 563 696 837 843 904 921 951 989 1078 1086 1104 1195 1201 1218 1245 1261 1266 1272 1312 1392 1407 1419 1510 1693 1719 1751 1815 1862 1925 1982
Compactness: 2837.173259
Weights: 468.000000 8521.000000 2399.000000
Center Node: 282

District 40
Nodes: 9 16 25 58 97 126 189 199 229 344 397 401 406 419 434 481 504 607 663 712 733 847 900 939 945 946 979 995 1002 1058 1087 1101 1196 1202 1223 1363 1374 1395 1487 1507 1792
Compactness: 3869.228955
Weights: 457.000000 8741.000000 2238.000000
Center Node: 58

District 41
Nodes: 42 54 84 157 213 216 266 280 432 449 528 567 576 631 745 781 783 805 816 862 871 932 968 1038 1152 1181 1249 1345 1408 1532 1661 1667 1705 1721 1735 1786 1795 1825 1864 1887
Compactness: 2157.646443
Weights: 443.000000 8722.000000 2180.000000
Center Node: 1735

District 42
Nodes: 180 186 192 201 202 225 248 283 301 390 507 524 533 667 802 839 887 964 990 1008 1036 1094 1191 1248 1255 1274 1317 1422 1442 1443 1486 1593 1653 1656 1660 1696 1746 1819 1901 1951
Compactness: 2903.075823
Weights: 481.000000 8833.000000 2192.000000
Center Node: 507

District 43
Nodes: 52 134 164 400 549 634 637 707 777 785 838 857 863 898 905 1033 1098 1151 1186 1197 1211 1277 1308 1336 1386 1405 1506 1528 1648 1677 1681 1753 1812 1833 1974
Compactness: 2256.374925
Weights: 457.000000 8185.000000 2199.000000
Center Node: 838

District 44
Nodes: 55 80 109 166 250 404 452 534 550 585 736 763 916 933 943 957 982 992 1052 1080 1099 1213 1403 1461 1540 1542 1543 1617 1623 1776 1800 1909 1946 1952 1961 1990
Compactness: 2108.278720
Weights: 388.000000 8098.000000 1695.000000
Center Node: 80

District 45
Nodes: 18 40 60 78 106 135 150 196 246 353 376 488 497 552 621 694 744 880 999 1020 1043 1061 1073 1075 1156 1207 1222 1279 1352 1393 1430 1469 1475 1481 1729 1794 1920 1923 1983
Compactness: 1794.963795
Weights: 463.000000 8534.000000 2360.000000
Center Node: 78

District 46
Nodes: 181 214 285 288 350 361 387 414 422 427 429 536 600 610 633 790 792 826 937 948 981 1027 1037 1105 1134 1187 1310 1340 1354 1425 1446 1464 1494 1555 1562 1789 1867 1896 1910
Compactness: 2145.419322
Weights: 502.000000 8112.000000 2211.000000
Center Node: 181

District 47
Nodes: 44 79 130 169 198 334 380 454 456 466 480 559 577 606 627 658 794 961 1001 1006 1009 1032 1159 1208 1212 1305 1306 1372 1482 1505 1592 1608 1689 1704 1734 1759 1787 1836 1854 1859 1965 1966 1977
Compactness: 2315.936925
Weights: 489.000000 8864.000000 2285.000000
Center Node: 1689

District 48
Nodes: 19 77 120 128 147 269 322 325 331 410 424 459 605 671 704 793 874 894 927 940 1164 1189 1192 1292 1318 1324 1346 1367 1544 1560 1596 1671 1752 1773 1817 1940 1954 1967
Compactness: 3423.490520
Weights: 452.000000 7924.000000 2151.000000
Center Node: 19

District 49
Nodes: 103 105 112 138 152 258 320 402 405 520 545 551 586 673 731 756 842 885 1034 1042 1062 1150 1252 1265 1322 1384 1404 1533 1538 1545 1558 1568 1575 1582 1588 1620 1649 1750 1754 1827 1915 1947 1973
Compactness: 3771.460336
Weights: 499.000000 8409.000000 2371.000000
Center Node: 842

District 50
Nodes: 24 48 66 99 203 233 242 262 263 329 396 435 442 626 761 780 807 882 1103 1119 1147 1149 1289 1296 1360 1397 1406 1427 1433 1517 1566 1624 1722 1766 1807 1898 1902 1912 1928 1991
Compactness: 3955.872530
Weights: 501.000000 8607.000000 2333.000000
Center Node: 24
