BalanceViolation 1231.705000
AffinityLoss 951.000000
Compactness 32520.797807

District 1
Nodes: 1 37 40 89 106 169 219 277 310 327
Compactness: 452.502121
Weights: 134.000000 2107.000000 609.000000
Center Node: 219

District 2
Nodes: 79 114 146 176 213 366 428 465 485
Compactness: 444.598078
Weights: 124.000000 2066.000000 571.000000
Center Node: 114

District 3
Nodes: 41 62 101 188 263 265 289 319 369 403
Compactness: 689.779385
Weights: 138.000000 2237.000000 551.000000
Center Node: 319

District 4
Nodes: 29 86 151 162 163 165 364 377 421 449 478
Compactness: 781.839558
Weights: 139.000000 2029.000000 634.000000
Center Node: 421

District 5
Nodes: 116 173 189 254 260 308 336 345 370 430
Compactness: 486.633311
Weights: 92.000000 2144.000000 613.000000
Center Node: 254

District 6
Nodes: 119 136 158 300 301 360 405 417 418
Compactness: 335.481594
Weights: 98.000000 2041.000000 549.000000
Center Node: 360

District 7
Nodes: 31 64 84 141 191 303 467 473 484 493
Compactness: 683.920228
Weights: 135.000000 2056.000000 601.000000
Center Node: 191

District 8
Nodes: 19 59 112 196 226 236 251 286 337 442
Compactness: 559.669119
Weights: 124.000000 2044.000000 599.000000
Center Node: 59

District 9
Nodes: 52 70 78 111 174 284 388 425 438 495
Compactness: 705.530577
Weights: 117.000000 2232.000000 445.000000
Center Node: 388

District 10
Nodes: 17 26 49 50 55 87 262 313 347 483 488
Compactness: 578.853598
Weights: 131.000000 2187.000000 575.000000
Center Node: 17

District 11
Nodes: 35 76 131 192 200 201 205 391 401 435 497
Compactness: 782.216351
Weights: 133.000000 2164.000000 609.000000
Center Node: 35

District 12
Nodes: 34 120 130 155 178 204 224 287 351 413
Compactness: 998.626374
Weights: 158.000000 2191.000000 594.000000
Center Node: 178

District 13
Nodes: 32 88 102 133 160 240 276 330 339 429 481
Compactness: 891.756845
Weights: 110.000000 2238.000000 550.000000
Center Node: 240

District 14
Nodes: 22 117 137 159 180 297 333 376 452 454
Compactness: 531.002980
Weights: 108.000000 2033.000000 663.000000
Center Node: 159

District 15
Nodes: 33 36 164 218 314 318 326 394 410
Compactness: 697.567007
Weights: 91.000000 2182.000000 578.000000
Center Node: 36

District 16
Nodes: 92 167 195 223 309 387 404 437 440 492
Compactness: 527.761468
Weights: 122.000000 2034.000000 556.000000
Center Node: 195

District 17
Nodes: 105 210 212 290 323 325 373 412 470 479 491
Compactness: 1131.473569
Weights: 112.000000 2217.000000 607.000000
Center Node: 290

District 18
Nodes: 9 20 77 93 118 129 275 298 439 496
Compactness: 531.477222
Weights: 129.000000 2240.000000 557.000000
Center Node: 275

District 19
Nodes: 96 113 245 343 344 363 398 400 423
Compactness: 738.410936
Weights: 115.000000 2059.000000 603.000000
Center Node: 343

District 20
Nodes: 58 171 199 211 237 256 299 335 451 489
Compactness: 741.595595
Weights: 119.000000 2195.000000 615.000000
Center Node: 171

District 21
Nodes: 45 60 91 147 161 257 340 354 397 411 414
Compactness: 711.817275
Weights: 143.000000 2125.000000 577.000000
Center Node: 60

District 22
Nodes: 5 12 51 115 206 288 316 380 386
Compactness: 615.781241
Weights: 132.000000 2216.000000 594.000000
Center Node: 316

District 23
Nodes: 53 57 153 183 214 249 261 291 383 392 399
Compactness: 456.529254
Weights: 118.000000 2200.000000 603.000000
Center Node: 249

District 24
Nodes: 21 46 85 156 221 225 239 255 269 367 472
Compactness: 734.301598
Weights: 131.000000 2187.000000 595.000000
Center Node: 472

District 25
Nodes: 69 95 134 140 190 216 359 420 446 475
Compactness: 713.147726
Weights: 125.000000 2265.000000 530.000000
Center Node: 140

District 26
Nodes: 61 73 82 125 243 264 311 352 436
Compactness: 468.237001
Weights: 139.000000 2141.000000 600.000000
Center Node: 352

District 27
Nodes: 16 38 43 98 148 197 322 385 393 416 462
Compactness: 550.036200
Weights: 127.000000 2103.000000 607.000000
Center Node: 43

District 28
Nodes: 24 28 71 202 231 258 294 331 395 455 466
Compactness: 673.239764
Weights: 131.000000 2044.000000 626.000000
Center Node: 231

District 29
Nodes: 66 83 99 143 217 272 283 350 441 456 460 468
Compactness: 897.076814
Weights: 138.000000 2215.000000 594.000000
Center Node: 99

District 30
Nodes: 168 170 182 203 234 273 356 445 447 458
Compactness: 500.479149
Weights: 123.000000 2245.000000 524.000000
Center Node: 445

District 31
Nodes: 47 56 75 145 149 184 241 296 334 342
Compactness: 428.540271
Weights: 143.000000 2187.000000 569.000000
Center Node: 342

District 32
Nodes: 10 42 48 94 166 230 252 306 348 450
Compactness: 712.565087
Weights: 132.000000 2037.000000 602.000000
Center Node: 252

District 33
Nodes: 6 124 126 127 135 154 209 215 278 357 382
Compactness: 717.197536
Weights: 154.000000 2077.000000 593.000000
Center Node: 357

District 34
Nodes: 27 97 104 109 139 185 227 328 375 384
Compactness: 686.125117
Weights: 135.000000 2065.000000 658.000000
Center Node: 328

District 35
Nodes: 7 39 110 193 247 415 432 434 487 494
Compactness: 424.995883
Weights: 122.000000 2169.000000 589.000000
Center Node: 494

District 36
Nodes: 220 282 304 305 317 355 372 390 477 480
Compactness: 675.318885
Weights: 113.000000 2252.000000 591.000000
Center Node: 282

District 37
Nodes: 4 13 100 194 274 292 295 307 378 409
Compactness: 568.365276
Weights: 127.000000 2148.000000 564.000000
Center Node: 100

District 38
Nodes: 181 198 229 244 250 267 320 424 444 453
Compactness: 423.741170
Weights: 94.000000 2094.000000 597.000000
Center Node: 198

District 39
Nodes: 25 80 123 208 233 242 321 408 448
Compactness: 619.674644
Weights: 123.000000 2093.000000 595.000000
Center Node: 123

District 40
Nodes: 142 187 285 358 381 463 469 476 482
Compactness: 1427.414102
Weights: 97.000000 2172.000000 551.000000
Center Node: 463

District 41
Nodes: 23 63 68 107 108 207 253 266 281
Compactness: 588.377829
Weights: 114.000000 2073.000000 616.000000
Center Node: 266

District 42
Nodes: 74 144 179 270 353 362 402 419
Compactness: 461.533801
Weights: 105.000000 2160.000000 422.000000
Center Node: 144

District 43
Nodes: 0 152 177 235 259 280 293 341 361 379 431
Compactness: 1517.779658
Weights: 166.000000 2048.000000 638.000000
Center Node: 341

District 44
Nodes: 8 121 132 157 175 232 407 427 457 461
Compactness: 778.160471
Weights: 128.000000 2236.000000 560.000000
Center Node: 8

District 45
Nodes: 14 18 72 90 228 271 302 459 486
Compactness: 435.420576
Weights: 94.000000 2246.000000 487.000000
Center Node: 72

District 46
Nodes: 30 54 67 122 138 172 365 389 396 422 471
Compactness: 620.295466
Weights: 121.000000 2173.000000 595.000000
Center Node: 122

District 47
Nodes: 3 222 248 279 312 324 346 371 499
Compactness: 512.097933
Weights: 123.000000 2101.000000 601.000000
Center Node: 346

District 48
Nodes: 65 150 246 268 315 332 338 349 374 433
Compactness: 495.141865
Weights: 136.000000 2150.000000 580.000000
Center Node: 315

District 49
Nodes: 11 44 81 128 238 329 368 443 464 490
Compactness: 445.687965
Weights: 124.000000 2104.000000 569.000000
Center Node: 128

District 50
Nodes: 2 15 103 186 406 426 474 498
Compactness: 371.022333
Weights: 107.000000 2219.000000 287.000000
Center Node: 186
