BalanceViolation 163.819000
AffinityLoss 1784.000000
Compactness 66893.355925

District 1
Nodes: 57 73 157 302 333 359 361 374 391 402 439 479 654 706 713 788 802 829 841 902 984
Compactness: 1217.780893
Weights: 257.000000 4033.000000 1175.000000
Center Node: 374

District 2
Nodes: 44 52 99 154 155 167 306 357 498 501 505 520 712 767 855 870 890 915 920
Compactness: 1803.839943
Weights: 245.000000 4350.000000 1172.000000
Center Node: 890

District 3
Nodes: 81 151 161 196 205 252 265 363 466 601 604 647 677 725 772 786 792 814 823 825 838 989
Compactness: 1462.228607
Weights: 247.000000 4299.000000 1177.000000
Center Node: 363

District 4
Nodes: 28 47 103 115 118 128 143 150 183 217 277 311 519 542 797 826 905 926 935 960 997
Compactness: 1125.342096
Weights: 239.000000 4088.000000 1156.000000
Center Node: 997

District 5
Nodes: 19 37 74 165 201 204 210 236 322 394 436 450 457 512 537 623 691 790 939
Compactness: 922.025967
Weights: 254.000000 4103.000000 1076.000000
Center Node: 210

District 6
Nodes: 16 117 173 280 303 321 443 524 551 615 736 738 741 775 783 789 799 925 953
Compactness: 1349.399037
Weights: 246.000000 4028.000000 1090.000000
Center Node: 738

District 7
Nodes: 25 270 323 349 389 413 452 455 477 571 591 594 653 689 694 700 842 962 985
Compactness: 1072.407383
Weights: 233.000000 4395.000000 1103.000000
Center Node: 413

District 8
Nodes: 13 95 168 294 336 355 396 398 423 468 513 610 637 660 699 728 794 832 863 865
Compactness: 1105.778295
Weights: 236.000000 4180.000000 1081.000000
Center Node: 168

District 9
Nodes: 87 147 153 211 286 331 415 474 507 533 569 588 627 676 710 820 858 885 991
Compactness: 1265.414569
Weights: 202.000000 4274.000000 1132.000000
Center Node: 153

District 10
Nodes: 72 96 198 223 304 410 420 473 496 636 678 680 708 755 764 808 968 978 993 996
Compactness: 1160.467904
Weights: 231.000000 4014.000000 1179.000000
Center Node: 764

District 11
Nodes: 9 18 90 106 172 249 297 316 317 348 465 497 608 617 634 648 848 901 919 922 946 998
Compactness: 1586.766662
Weights: 258.000000 4126.000000 1078.000000
Center Node: 848

District 12
Nodes: 11 62 92 127 200 246 276 285 342 344 426 429 444 545 679 768 861 927 931
Compactness: 3171.421334
Weights: 251.000000 4175.000000 1089.000000
Center Node: 861

District 13
Nodes: 109 137 254 288 300 309 314 329 375 386 399 535 550 593 609 750 793 822 854 910 950 965
Compactness: 1108.340502
Weights: 255.000000 4256.000000 1174.000000
Center Node: 822

District 14
Nodes: 35 89 141 149 390 406 418 504 517 618 667 735 779 784 839 857 869 872 882 979
Compactness: 948.109446
Weights: 256.000000 4145.000000 1093.000000
Center Node: 89

District 15
Nodes: 70 85 130 178 228 256 279 400 527 530 598 628 633 635 673 686 757 813 883
Compactness: 1018.800706
Weights: 240.000000 4180.000000 1075.000000
Center Node: 598

District 16
Nodes: 156 174 209 219 257 262 284 325 424 433 555 596 606 681 737 785 807 892 893
Compactness: 1564.051874
Weights: 239.000000 4189.000000 1132.000000
Center Node: 424

District 17
Nodes: 4 45 135 194 203 259 273 326 492 613 682 774 805 852 873 891 912 918 942
Compactness: 1325.249929
Weights: 232.000000 4105.000000 1190.000000
Center Node: 805

District 18
Nodes: 2 46 75 145 243 250 255 267 287 377 458 564 582 603 651 671 696 804 862 871
Compactness: 1310.004266
Weights: 232.000000 4426.000000 1119.000000
Center Node: 250

District 19
Nodes: 129 148 191 238 241 258 289 480 508 605 611 663 746 759 760 761 798 831 897 938 948
Compactness: 1209.442781
Weights: 241.000000 4215.000000 1148.000000
Center Node: 798

District 20
Nodes: 24 36 78 88 221 290 292 434 462 464 529 566 592 851 894 908 924 941 980 987
Compactness: 1311.491513
Weights: 252.000000 4425.000000 1092.000000
Center Node: 78

District 21
Nodes: 104 308 339 341 352 412 532 565 612 645 650 705 716 765 777 840 971 986 999
Compactness: 1035.720521
Weights: 235.000000 4373.000000 1071.000000
Center Node: 308

District 22
Nodes: 5 31 67 76 79 108 119 134 176 218 275 435 448 475 495 540 622 695 707 711 778 947
Compactness: 1747.139619
Weights: 258.000000 4086.000000 1173.000000
Center Node: 711

District 23
Nodes: 27 54 116 180 188 299 421 442 449 547 552 629 657 704 717 811 819 921 928
Compactness: 1250.377196
Weights: 206.000000 4042.000000 1187.000000
Center Node: 188

District 24
Nodes: 26 49 114 226 260 340 354 405 484 543 579 665 675 727 745 766 800 880 914 923
Compactness: 1462.204137
Weights: 250.000000 4117.000000 1076.000000
Center Node: 49

District 25
Nodes: 101 158 189 301 324 328 343 353 380 481 522 534 553 581 719 758 844 949 992
Compactness: 894.056531
Weights: 253.000000 4369.000000 1076.000000
Center Node: 758

District 26
Nodes: 6 53 58 97 107 121 138 222 253 271 291 305 364 494 595 639 723 868 884
Compactness: 1008.999132
Weights: 235.000000 4380.000000 1179.000000
Center Node: 53

District 27
Nodes: 0 51 84 123 181 214 230 298 334 397 471 644 656 726 742 812 835 889 895 900
Compactness: 1145.217842
Weights: 251.000000 4395.000000 1093.000000
Center Node: 812

District 28
Nodes: 38 171 190 234 263 293 338 438 456 502 509 570 577 732 756 762 763 929 943
Compactness: 1196.446180
Weights: 256.000000 4239.000000 1079.000000
Center Node: 263

District 29
Nodes: 20 77 233 281 383 393 430 453 549 559 587 590 702 734 749 809 818 896 995
Compactness: 772.902338
Weights: 228.000000 4268.000000 1150.000000
Center Node: 559

District 30
Nodes: 3 43 131 132 208 227 237 274 295 366 371 381 460 489 638 701 715 751 752 830 940 977
Compactness: 1538.740938
Weights: 251.000000 4323.000000 1086.000000
Center Node: 237

District 31
Nodes: 82 98 139 159 169 213 231 244 327 445 515 561 624 630 740 753 776 827 909 964
Compactness: 922.573289
Weights: 230.000000 4373.000000 1182.000000
Center Node: 964

District 32
Nodes: 12 14 56 113 140 144 192 206 296 313 332 503 669 670 724 739 859 981 988
Compactness: 827.566543
Weights: 239.000000 4391.000000 1099.000000
Center Node: 56

District 33
Nodes: 71 83 91 105 185 187 229 261 335 379 491 652 698 743 801 833 843 907 945 967
Compactness: 1276.095528
Weights: 243.000000 4029.000000 1106.000000
Center Node: 843

District 34
Nodes: 1 30 111 212 224 247 251 387 411 437 461 499 506 572 573 620 683 714 720 795
Compactness: 1441.302454
Weights: 266.000000 4076.000000 1069.000000
Center Node: 795

District 35
Nodes: 33 65 182 184 195 235 350 370 470 523 528 574 616 718 834 898 933 957 974
Compactness: 1395.305748
Weights: 243.000000 4048.000000 1120.000000
Center Node: 184

District 36
Nodes: 29 50 100 152 163 175 186 272 282 345 373 384 440 446 459 548 586 688 932
Compactness: 1299.073801
Weights: 254.000000 4141.000000 1159.000000
Center Node: 29

District 37
Nodes: 7 69 80 126 269 347 404 419 432 578 600 607 658 672 721 780 806 849 913 916 955
Compactness: 1454.770481
Weights: 232.000000 4420.000000 1169.000000
Center Node: 69

District 38
Nodes: 164 170 242 278 307 320 376 395 511 539 567 646 690 692 722 771 773 803 875 944 961
Compactness: 1134.772084
Weights: 253.000000 4256.000000 1129.000000
Center Node: 278

District 39
Nodes: 10 41 102 193 403 416 469 487 568 583 597 640 664 685 747 821 847 866 951 958 975
Compactness: 2003.868704
Weights: 232.000000 4302.000000 1112.000000
Center Node: 469

District 40
Nodes: 15 93 120 179 225 319 414 472 485 510 526 531 544 576 621 796 837 856 860 904 966 973
Compactness: 1139.774642
Weights: 254.000000 4323.000000 1097.000000
Center Node: 179

District 41
Nodes: 40 55 112 160 166 220 248 337 407 408 478 558 584 602 659 782 867 874 878 887
Compactness: 970.723006
Weights: 267.000000 4020.000000 1094.000000
Center Node: 220

District 42
Nodes: 8 42 68 216 239 318 346 427 490 493 516 546 585 631 693 730 824 934 959 963
Compactness: 1605.450383
Weights: 238.000000 4366.000000 1151.000000
Center Node: 730

District 43
Nodes: 124 142 177 199 207 312 451 454 482 563 643 666 687 729 748 791 845 952 969
Compactness: 1233.452909
Weights: 235.000000 4391.000000 1130.000000
Center Node: 952

District 44
Nodes: 32 59 60 86 110 266 362 372 378 385 417 425 441 817 850 864 899 954 972 983
Compactness: 1378.589626
Weights: 291.000000 4009.000000 1094.000000
Center Node: 372

District 45
Nodes: 162 197 356 369 382 409 431 463 500 521 536 557 619 632 642 674 733 810 903 917
Compactness: 1225.422042
Weights: 253.000000 4185.000000 1169.000000
Center Node: 356

District 46
Nodes: 21 63 122 240 264 367 467 476 580 589 641 649 662 781 815 836 846 937 994
Compactness: 1285.912957
Weights: 224.000000 4056.000000 1129.000000
Center Node: 589

District 47
Nodes: 17 39 64 215 365 388 392 401 488 514 518 525 554 770 879 881 906 911 930 956 970 982
Compactness: 1542.250267
Weights: 254.000000 4113.000000 1173.000000
Center Node: 525

District 48
Nodes: 48 61 133 310 360 368 447 486 538 560 575 599 626 655 661 684 731 744 787 936 990
Compactness: 2808.906054
Weights: 254.000000 4411.000000 1095.000000
Center Node: 655

District 49
Nodes: 22 94 125 146 245 268 283 315 330 358 422 541 556 625 697 703 754 816 853 976
Compactness: 1350.541398
Weights: 250.000000 4202.000000 1174.000000
Center Node: 853

District 50
Nodes: 23 34 66 136 202 232 351 428 483 562 614 668 709 769 828 876 877 886 888
Compactness: 1506.835867
Weights: 217.000000 4414.000000 1069.000000
Center Node: 769
