BalanceViolation 284.805000
AffinityLoss 1655.000000
Compactness 111605.856387

District 1
Nodes: 2 27 33 83 124 131 137 140 152 154 179 194 210 241 242 255 265 270 279 357 381 408 427 428 511 513 522 547 577 629 654 694 699 726 735 737 744 756 787 799 814 820 826 839 881 909 923
Compactness: 4500.940106
Weights: 574.000000 10964.000000 2739.000000
Center Node: 787

District 2
Nodes: 3 21 25 35 43 47 80 108 125 129 133 158 159 174 178 182 197 213 217 245 246 252 260 289 306 331 343 374 394 447 450 548 564 571 575 593 604 605 664 675 687 689 697 748 768 791 811 878 901 924 928
Compactness: 4456.129635
Weights: 621.000000 10364.000000 2969.000000
Center Node: 571

District 3
Nodes: 5 58 146 163 176 200 214 223 238 261 293 296 317 352 396 411 415 445 465 474 478 517 528 552 587 589 594 612 624 659 673 691 696 734 753 762 764 784 786 809 810 859 868 872 907 933 939 946 969 970 987 993
Compactness: 5053.722088
Weights: 606.000000 10432.000000 2974.000000
Center Node: 872

District 4
Nodes: 1 29 30 31 57 59 67 69 91 93 96 101 109 136 143 173 230 263 266 281 286 359 398 422 426 457 460 489 498 553 556 566 579 606 607 627 633 683 684 717 721 738 741 770 785 800 813 831 835 880 926 950 965
Compactness: 6427.766421
Weights: 627.000000 11133.000000 2979.000000
Center Node: 965

District 5
Nodes: 0 12 17 34 62 66 85 92 120 130 156 166 220 278 346 387 388 389 437 485 486 495 507 551 558 565 591 603 610 614 625 671 707 723 725 728 729 739 759 808 821 832 845 866 888 910 955 957 964 966 977
Compactness: 5330.104068
Weights: 629.000000 11038.000000 2858.000000
Center Node: 729

District 6
Nodes: 51 88 139 150 206 222 236 341 342 347 373 380 390 397 421 429 440 443 462 471 480 487 497 503 512 519 530 541 543 617 619 630 660 668 718 731 746 752 816 830 864 882 919 932 973 976 981 988 994
Compactness: 4624.901427
Weights: 596.000000 11086.000000 2759.000000
Center Node: 746

District 7
Nodes: 26 37 41 63 123 186 192 198 262 277 290 304 314 324 338 350 356 377 383 395 410 459 463 492 505 510 532 535 568 596 600 623 682 693 698 710 743 750 757 758 776 780 802 847 892 912 918 941 971
Compactness: 4809.858133
Weights: 592.000000 10150.000000 2540.000000
Center Node: 41

District 8
Nodes: 11 28 36 56 113 117 121 141 204 221 250 259 285 305 328 334 351 354 365 382 391 420 469 482 484 496 502 514 525 539 542 554 559 561 570 598 631 647 708 766 790 807 818 843 869 897 903 920 952 967 992
Compactness: 6268.274727
Weights: 601.000000 10133.000000 2982.000000
Center Node: 952

District 9
Nodes: 4 18 19 45 110 116 122 135 151 187 189 190 199 202 211 219 239 240 276 283 292 312 335 362 423 464 468 488 515 562 567 574 584 588 618 670 685 720 774 777 824 841 848 849 858 886 893 900 921 922
Compactness: 4581.403087
Weights: 629.000000 10351.000000 3000.000000
Center Node: 199

District 10
Nodes: 44 53 102 106 128 145 180 185 215 235 258 280 284 302 307 326 409 412 416 419 452 538 540 546 572 586 599 601 611 620 632 645 656 658 680 745 749 760 761 819 822 829 873 894 929 937 947 968 998
Compactness: 8725.205400
Weights: 616.000000 10368.000000 2808.000000
Center Node: 180

District 11
Nodes: 6 7 10 16 22 39 84 86 97 112 132 147 160 172 175 193 225 256 288 299 321 344 355 360 378 399 446 455 544 555 580 585 628 642 662 679 688 700 740 751 804 815 825 844 850 860 877 911 915 925 960 963 986
Compactness: 6239.672327
Weights: 609.000000 11065.000000 2993.000000
Center Node: 963

District 12
Nodes: 32 40 49 52 79 94 169 188 212 231 243 264 272 301 309 325 336 348 361 366 371 385 392 405 448 453 456 461 506 520 545 557 590 595 621 638 646 666 686 701 709 742 747 763 772 796 833 838 887 914 917 935 959 991
Compactness: 3945.877896
Weights: 628.000000 10265.000000 2934.000000
Center Node: 32

District 13
Nodes: 13 42 48 60 71 74 77 78 81 98 107 127 134 161 196 209 224 249 267 271 291 297 310 337 339 345 376 386 403 404 476 481 524 526 550 560 582 592 602 609 615 616 634 655 678 713 854 889 898 905 934
Compactness: 5274.274199
Weights: 619.000000 10779.000000 2995.000000
Center Node: 224

District 14
Nodes: 14 55 87 90 95 115 155 226 234 253 315 327 333 340 363 372 413 431 435 470 473 477 479 491 494 521 533 549 576 644 650 676 722 732 771 817 851 852 853 856 871 874 875 895 902 984 990
Compactness: 5032.266203
Weights: 571.000000 11019.000000 2837.000000
Center Node: 14

District 15
Nodes: 20 24 46 70 76 89 111 126 142 144 149 168 201 216 218 227 233 254 257 274 320 367 375 433 441 451 493 504 509 516 518 534 641 643 665 672 681 695 702 705 716 823 827 836 846 855 857 885 916 942 953 983 997
Compactness: 7145.139724
Weights: 629.000000 10171.000000 2732.000000
Center Node: 885

District 16
Nodes: 15 23 50 54 65 68 72 82 162 164 181 184 228 229 232 247 275 303 311 329 349 425 436 438 467 490 499 531 583 636 640 657 661 667 690 711 765 773 789 805 870 876 896 913 930 931 936 938 943 961 975 995
Compactness: 6971.864671
Weights: 603.000000 10625.000000 2997.000000
Center Node: 54

District 17
Nodes: 8 9 38 73 75 105 119 138 171 195 207 208 268 269 295 316 318 319 330 368 369 370 384 401 406 430 439 442 458 466 475 508 578 648 652 663 674 719 724 781 788 794 834 840 867 899 949 978 999
Compactness: 5485.795370
Weights: 575.000000 10586.000000 2834.000000
Center Node: 38

District 18
Nodes: 61 100 118 153 165 203 205 237 251 273 294 298 313 332 414 418 424 444 449 483 501 527 563 613 626 677 703 769 779 783 797 812 828 842 879 883 884 891 904 906 927 948 980 996
Compactness: 6012.589825
Weights: 536.000000 10251.000000 2655.000000
Center Node: 906

District 19
Nodes: 64 103 114 167 170 177 244 300 308 358 364 379 393 402 432 434 523 529 537 573 581 597 639 649 651 669 692 706 715 727 736 755 793 795 803 806 837 861 863 865 940 944 951 958 974 982 985
Compactness: 5731.543604
Weights: 560.000000 10218.000000 2797.000000
Center Node: 177

District 20
Nodes: 99 104 148 157 183 191 248 282 287 322 323 353 400 407 417 454 472 500 536 569 608 622 635 637 653 704 712 714 730 733 754 767 775 778 782 792 798 801 862 890 908 945 954 956 962 972 979 989
Compactness: 4988.527476
Weights: 584.000000 11106.000000 2832.000000
Center Node: 148
