BalanceViolation 167.970000
AffinityLoss 0.000000
Compactness 97008.597282

District 1
Nodes: 8 11 12 86 93 108 111 130 137 157 169 205 208 211 240 253 265 287 337 340 378 387 397 427 446 457 479 491 502 525 561 579 640 646 675 680 716 749 750 760 768 793 800 825 848 855 861 874 908 909 915 941 994
Compactness: 4310.450040
Weights: 622.000000 10983.000000 3053.000000
Center Node: 800

District 2
Nodes: 67 69 75 106 112 115 142 143 164 189 194 197 198 219 243 295 422 436 442 466 472 498 499 530 532 600 617 643 671 676 690 704 705 712 734 748 784 829 858 859 868 910 919 932 964 977 978 981 989
Compactness: 4418.111843
Weights: 623.000000 10263.000000 2778.000000
Center Node: 617

District 3
Nodes: 20 47 70 73 76 124 155 159 178 212 220 251 273 286 291 298 299 303 308 406 408 424 444 468 475 489 490 500 526 543 547 572 582 601 637 653 698 706 732 736 782 797 822 832 835 887 923 930 937
Compactness: 4924.494438
Weights: 621.000000 10924.000000 2834.000000
Center Node: 706

District 4
Nodes: 7 36 58 61 63 95 133 141 154 167 175 180 191 196 227 236 274 280 284 309 327 341 346 353 360 377 435 441 484 492 510 538 541 560 586 614 618 624 650 651 657 697 709 715 717 746 786 791 792 807 871 888 924 957 982 988
Compactness: 5830.243881
Weights: 596.000000 10080.000000 2924.000000
Center Node: 791

District 5
Nodes: 5 16 29 40 49 77 78 83 98 146 176 179 193 203 224 249 276 310 354 357 371 459 474 528 548 571 574 597 625 630 667 685 699 741 742 743 744 751 758 780 783 863 873 897 899 904 929 953 954 955 999
Compactness: 5204.477560
Weights: 573.000000 10486.000000 2942.000000
Center Node: 176

District 6
Nodes: 10 14 33 41 59 72 82 87 88 97 149 165 172 215 218 221 228 244 250 275 288 331 344 364 381 404 426 451 478 504 509 567 568 576 577 584 616 666 681 759 788 804 818 833 892 901 928 936 959 983 986
Compactness: 4851.001490
Weights: 625.000000 10258.000000 2974.000000
Center Node: 404

District 7
Nodes: 27 38 80 96 105 116 119 140 217 239 248 260 263 300 342 396 403 413 421 429 461 469 481 542 545 554 622 623 665 687 692 694 718 726 747 772 777 779 812 814 827 841 870 896 902 914 920 960 969 974
Compactness: 4767.554063
Weights: 625.000000 10168.000000 2947.000000
Center Node: 481

District 8
Nodes: 2 9 26 44 99 123 214 237 272 277 282 304 334 335 339 350 369 376 419 438 439 440 505 563 565 607 649 654 660 688 691 693 707 713 720 722 730 764 767 769 803 813 820 821 840 842 876 927 961 967 970
Compactness: 4672.534122
Weights: 656.000000 10845.000000 2797.000000
Center Node: 563

District 9
Nodes: 121 135 158 183 192 216 242 296 313 318 332 368 382 395 398 401 402 409 464 506 511 517 537 540 544 570 588 591 633 677 684 710 719 739 774 809 823 839 854 866 877 895 900 925 935 947 963 965 975
Compactness: 5027.637764
Weights: 601.000000 10037.000000 2968.000000
Center Node: 242

District 10
Nodes: 62 64 92 100 101 104 152 160 173 174 182 187 278 292 293 297 349 365 390 393 416 433 434 447 477 482 495 529 550 592 602 610 612 674 701 708 721 729 762 794 805 811 828 860 862 882 884 933 949 979
Compactness: 5854.002782
Weights: 587.000000 10851.000000 2850.000000
Center Node: 550

District 11
Nodes: 18 28 31 48 50 66 71 94 113 125 150 170 199 204 269 285 362 374 379 407 411 455 519 535 539 552 564 566 604 621 632 636 641 673 683 686 689 738 745 771 773 802 819 831 880 952 956 962
Compactness: 4172.599983
Weights: 562.000000 10880.000000 2862.000000
Center Node: 535

District 12
Nodes: 4 22 30 54 102 151 186 188 225 230 234 257 266 270 271 307 315 328 338 380 383 445 448 454 458 494 496 512 513 515 522 536 594 652 702 775 781 789 801 837 865 881 883 891 903 916 939 940 944 950 958
Compactness: 5317.549910
Weights: 625.000000 10324.000000 2986.000000
Center Node: 515

District 13
Nodes: 1 15 35 68 74 84 109 110 166 177 184 190 213 226 238 241 254 268 370 417 418 452 470 501 580 599 619 635 639 642 644 682 725 727 753 754 757 766 808 844 845 853 857 898 907 966 972 985
Compactness: 4679.844059
Weights: 500.000000 10963.000000 2955.000000
Center Node: 452

District 14
Nodes: 34 39 46 117 162 163 168 195 223 246 259 267 279 283 347 352 356 358 361 372 373 375 394 415 476 480 507 508 531 533 556 558 559 590 598 609 613 659 664 670 672 678 755 834 847 905 980 984
Compactness: 4926.833018
Weights: 622.000000 10140.000000 3007.000000
Center Node: 984

District 15
Nodes: 13 32 56 60 65 103 171 200 206 232 233 261 294 317 319 323 325 345 355 385 392 432 449 453 462 473 486 516 523 551 553 555 557 629 645 648 656 723 731 740 756 765 790 816 826 886 893 938 942 951
Compactness: 5059.975136
Weights: 617.000000 9984.000000 2789.000000
Center Node: 345

District 16
Nodes: 6 17 37 42 45 79 126 128 131 132 161 181 207 209 222 235 252 256 262 289 326 333 351 388 399 410 412 414 521 534 549 593 595 608 611 626 661 669 752 770 776 785 810 846 849 850 917 922 934 946 990
Compactness: 4923.582397
Weights: 606.000000 10884.000000 3018.000000
Center Node: 289

District 17
Nodes: 0 19 23 51 53 57 81 90 91 127 136 139 144 153 185 201 301 305 312 314 321 359 363 391 423 431 456 463 471 483 485 583 603 628 658 695 696 724 735 795 798 817 838 872 918 943 945 968 973 987 995 996
Compactness: 4168.510915
Weights: 544.000000 10832.000000 3047.000000
Center Node: 153

District 18
Nodes: 21 43 52 134 148 202 210 281 302 316 324 330 343 366 386 405 460 465 497 503 520 546 562 573 585 605 615 620 634 647 655 663 668 700 733 787 796 830 843 852 867 885 906 911 971 993 997
Compactness: 4978.340488
Weights: 533.000000 10412.000000 3022.000000
Center Node: 497

District 19
Nodes: 25 85 89 120 147 156 229 231 258 290 306 320 322 348 389 400 425 430 443 450 467 487 488 514 524 527 569 589 596 631 679 703 711 737 778 799 851 856 869 875 878 879 889 894 913 926 948 976 998
Compactness: 4133.545437
Weights: 568.000000 10124.000000 3071.000000
Center Node: 948

District 20
Nodes: 3 24 55 107 114 118 122 129 138 145 245 247 255 264 311 329 336 367 384 420 428 437 493 518 575 578 581 587 606 627 638 662 714 728 761 763 806 815 824 836 864 890 912 921 931 991 992
Compactness: 4787.307956
Weights: 629.000000 10097.000000 2818.000000
Center Node: 606
