BalanceViolation 432.600000
AffinityLoss 0.000000
Compactness 50109.359904

District 1
Nodes: 1 28 35 88 106 136 154 206 212 216 218 221 238 253 289 317 323 357 366 433 445 452 471 497
Compactness: 1820.321057
Weights: 278.000000 5470.000000 1274.000000
Center Node: 497

District 2
Nodes: 5 14 42 50 96 99 146 164 190 201 242 247 251 265 268 271 296 330 337 343 350 358 371 372 480 495
Compactness: 3115.570125
Weights: 292.000000 5067.000000 1631.000000
Center Node: 371

District 3
Nodes: 19 20 26 33 65 73 79 102 112 116 126 177 179 197 209 231 240 241 246 249 285 288 352 396 424 473
Compactness: 3024.725715
Weights: 309.000000 5335.000000 1520.000000
Center Node: 116

District 4
Nodes: 32 37 58 75 94 122 135 140 171 194 272 281 287 294 299 382 392 393 431 441 447 466 468 475 487
Compactness: 2006.410568
Weights: 293.000000 5287.000000 1468.000000
Center Node: 32

District 5
Nodes: 54 62 71 77 93 95 103 174 191 213 255 263 332 375 394 399 401 414 415 418 448 463 476
Compactness: 2548.056686
Weights: 274.000000 5126.000000 1577.000000
Center Node: 93

District 6
Nodes: 0 12 16 25 43 68 80 90 91 97 109 117 150 173 224 228 239 353 386 398 419 432 454 470 492
Compactness: 2150.334887
Weights: 320.000000 5126.000000 1531.000000
Center Node: 239

District 7
Nodes: 6 8 10 22 44 66 70 115 165 168 169 186 188 193 236 264 280 291 313 314 334 384 397 443 477 493
Compactness: 2904.480524
Weights: 319.000000 5067.000000 1550.000000
Center Node: 384

District 8
Nodes: 7 21 89 92 104 163 199 226 230 258 284 304 312 336 339 342 351 365 369 402 406 411 444 446 460
Compactness: 2629.819529
Weights: 322.000000 5534.000000 1384.000000
Center Node: 342

District 9
Nodes: 9 15 23 31 38 61 86 187 203 215 219 260 261 275 310 311 315 328 360 403 420 467 479
Compactness: 1923.697135
Weights: 290.000000 5102.000000 1566.000000
Center Node: 187

District 10
Nodes: 13 36 72 74 134 170 181 208 256 283 290 297 318 348 349 361 385 416 417 437 462 486 490
Compactness: 2365.028120
Weights: 312.000000 5322.000000 1442.000000
Center Node: 72

District 11
Nodes: 39 131 147 148 151 172 196 205 222 225 227 234 257 278 292 320 326 368 391 395 421 453 455 474 499
Compactness: 2043.480823
Weights: 342.000000 5067.000000 1422.000000
Center Node: 147

District 12
Nodes: 17 18 48 63 81 107 110 137 139 160 214 217 266 286 325 327 344 359 370 400 436 482 491 496
Compactness: 1961.199417
Weights: 300.000000 5578.000000 1391.000000
Center Node: 482

District 13
Nodes: 2 4 46 47 52 53 57 85 156 167 178 189 204 207 333 335 362 367 377 379 381 383 408 409 410 440 465 478
Compactness: 3121.044230
Weights: 312.000000 5067.000000 1582.000000
Center Node: 178

District 14
Nodes: 3 11 24 34 49 82 120 127 133 143 210 232 244 267 269 270 273 277 295 298 302 324 356 387 412
Compactness: 2469.983926
Weights: 297.000000 5549.000000 1461.000000
Center Node: 49

District 15
Nodes: 27 45 78 84 87 101 105 118 138 142 176 184 202 229 248 250 300 305 316 331 364 376 405 449 457
Compactness: 1759.784870
Weights: 288.000000 5404.000000 1501.000000
Center Node: 142

District 16
Nodes: 69 108 121 128 130 132 149 262 276 282 329 341 345 355 373 380 389 390 413 427 430 434 456 464 489
Compactness: 2397.358631
Weights: 310.000000 5240.000000 1505.000000
Center Node: 413

District 17
Nodes: 30 98 113 141 157 161 185 211 233 243 259 301 308 321 322 338 340 347 354 407 422 425 450 451 469 481
Compactness: 3311.044652
Weights: 318.000000 5474.000000 1390.000000
Center Node: 141

District 18
Nodes: 29 51 56 67 76 83 111 119 144 155 158 192 235 237 252 319 363 404 429 458 483 485 494
Compactness: 2194.864466
Weights: 291.000000 5498.000000 1427.000000
Center Node: 158

District 19
Nodes: 55 60 64 100 114 123 124 125 129 145 162 175 182 200 254 279 293 306 346 374 388 426 428 438 472 484 498
Compactness: 2581.891808
Weights: 344.000000 5188.000000 1403.000000
Center Node: 346

District 20
Nodes: 40 41 59 152 153 159 166 180 183 195 198 220 223 245 274 303 307 309 378 423 435 439 442 459 461 488
Compactness: 3780.262735
Weights: 321.000000 5217.000000 1489.000000
Center Node: 159
