BalanceViolation 69.802500
AffinityLoss 0.000000
Compactness 50653.980763

District 1
Nodes: 7 29 31 39 96 110 113 159 162 163 180 193 247 297 344 353 400 415 421 432 434 467 487 494
Compactness: 3724.145004
Weights: 301.000000 5231.000000 1516.000000
Center Node: 7

District 2
Nodes: 61 82 116 177 220 235 243 259 260 264 280 282 293 305 308 317 345 352 379 390 394 436 477
Compactness: 2617.230850
Weights: 293.000000 5311.000000 1508.000000
Center Node: 260

District 3
Nodes: 41 54 62 65 101 115 150 188 246 263 268 289 309 315 319 332 338 349 369 389 403 433 469 482
Compactness: 2054.751389
Weights: 320.000000 5348.000000 1388.000000
Center Node: 338

District 4
Nodes: 11 52 70 78 100 111 131 152 156 174 192 194 201 239 274 284 295 307 341 361 388 401 425 427 495 497
Compactness: 2841.952308
Weights: 337.000000 5274.000000 1394.000000
Center Node: 174

District 5
Nodes: 9 20 47 63 75 129 142 145 181 198 229 240 244 250 267 275 298 320 334 358 424 439 444 453 476 496
Compactness: 2020.316472
Weights: 293.000000 5635.000000 1386.000000
Center Node: 453

District 6
Nodes: 1 6 16 38 43 50 87 98 105 127 135 148 154 210 215 233 262 277 347 357 385 393 408 416 462 483
Compactness: 2674.969833
Weights: 324.000000 5395.000000 1372.000000
Center Node: 148

District 7
Nodes: 44 45 60 81 86 91 128 151 161 165 238 329 340 354 368 377 378 409 411 443 449 464 478 490 499
Compactness: 2349.575508
Weights: 323.000000 5137.000000 1404.000000
Center Node: 91

District 8
Nodes: 56 77 79 93 114 118 146 149 176 184 213 241 245 296 302 342 363 366 423 428 465 485
Compactness: 2032.419385
Weights: 292.000000 5371.000000 1374.000000
Center Node: 176

District 9
Nodes: 19 59 112 153 164 166 171 196 199 211 214 226 230 236 237 251 265 286 299 335 337 442 450 451 489
Compactness: 2121.838672
Weights: 305.000000 5121.000000 1507.000000
Center Node: 226

District 10
Nodes: 34 69 88 95 140 155 157 170 179 190 203 216 234 351 359 362 406 413 419 420 426 446 458 475
Compactness: 2239.433192
Weights: 322.000000 5545.000000 1372.000000
Center Node: 95

District 11
Nodes: 26 49 51 66 83 99 123 136 143 158 206 217 242 272 301 316 321 350 360 386 405 417 441 448 468
Compactness: 2195.694028
Weights: 310.000000 5135.000000 1502.000000
Center Node: 272

District 12
Nodes: 33 35 36 40 73 76 89 97 109 125 139 169 200 205 218 227 311 314 326 336 384 391 430 435
Compactness: 2493.970637
Weights: 302.000000 5370.000000 1504.000000
Center Node: 109

District 13
Nodes: 3 71 120 130 132 147 178 204 224 231 232 248 257 279 287 292 312 331 346 371 395 397 414 457 466
Compactness: 2277.633959
Weights: 330.000000 5210.000000 1395.000000
Center Node: 287

District 14
Nodes: 27 53 57 104 173 183 185 189 197 249 254 261 291 304 306 318 322 328 355 370 372 375 383 392 399 410 480
Compactness: 3361.244065
Weights: 315.000000 5558.000000 1510.000000
Center Node: 375

District 15
Nodes: 0 4 8 13 21 37 46 85 106 121 124 126 175 219 221 225 255 269 278 310 327 367 407 431 438 461 472
Compactness: 2393.943484
Weights: 322.000000 5221.000000 1451.000000
Center Node: 255

District 16
Nodes: 14 18 32 72 74 90 133 160 168 182 228 270 271 273 276 330 339 343 356 398 402 445 447 459 481 486
Compactness: 2461.433854
Weights: 290.000000 5645.000000 1354.000000
Center Node: 339

District 17
Nodes: 22 24 28 64 84 117 137 141 144 191 202 222 258 294 303 324 333 364 376 452 454 455 473 484 493
Compactness: 2342.730617
Weights: 306.000000 5196.000000 1499.000000
Center Node: 452

District 18
Nodes: 5 10 17 30 42 48 55 58 67 94 122 138 172 252 256 283 288 313 348 365 380 396 422 471 488
Compactness: 2061.534962
Weights: 304.000000 5363.000000 1473.000000
Center Node: 172

District 19
Nodes: 2 15 25 80 102 103 119 134 186 208 209 212 253 290 300 323 325 373 382 412 418 429 470 474 479 491 498
Compactness: 3688.001844
Weights: 317.000000 5629.000000 1372.000000
Center Node: 80

District 20
Nodes: 12 23 68 92 107 108 167 187 195 207 223 266 281 285 374 381 387 404 437 440 456 460 463 492
Compactness: 2701.160699
Weights: 288.000000 5546.000000 1512.000000
Center Node: 440
