BalanceViolation 1175.801000
AffinityLoss 0.000000
Compactness 65639.836125

District 1
Nodes: 9 26 109 214 254 268 277 282 304 335 370 501 563 635 649 654 693 707
Compactness: 988.241804
Weights: 219.000000 4345.000000 1093.000000
Center Node: 304

District 2
Nodes: 13 115 197 295 325 442 453 462 472 498 530 643 648 704 705 784 859 919 964
Compactness: 1422.264627
Weights: 254.000000 4193.000000 1158.000000
Center Node: 13

District 3
Nodes: 7 58 61 63 133 141 191 274 284 327 560 586 614 618 650 651 657 709 715 792 871 924 988
Compactness: 1894.647124
Weights: 255.000000 3852.000000 1168.000000
Center Node: 650

District 4
Nodes: 0 19 33 127 139 144 153 185 261 301 321 451 555 696 838 892 918 943 959 973 986 995
Compactness: 1506.346103
Weights: 244.000000 4201.000000 1116.000000
Center Node: 19

District 5
Nodes: 102 188 271 302 315 338 343 362 460 512 634 655 668 700 801 852 867 881 883 950
Compactness: 1081.802746
Weights: 232.000000 4068.000000 1229.000000
Center Node: 343

District 6
Nodes: 183 192 296 313 354 506 514 540 588 591 633 739 752 809 810 823 866 877 900 947
Compactness: 1249.359967
Weights: 255.000000 4010.000000 1178.000000
Center Node: 823

District 7
Nodes: 70 159 178 237 278 297 406 424 444 447 489 500 526 572 582 698 811 832 862 933
Compactness: 1378.214803
Weights: 266.000000 4384.000000 866.000000
Center Node: 444

District 8
Nodes: 40 98 176 203 224 249 276 310 357 474 528 574 625 667 685 699 758 863 897 904
Compactness: 1089.091045
Weights: 239.000000 3685.000000 1042.000000
Center Node: 897

District 9
Nodes: 116 148 248 324 366 386 503 520 542 562 605 647 692 733 779 830 843 920 960 971
Compactness: 1573.394055
Weights: 244.000000 4381.000000 1152.000000
Center Node: 647

District 10
Nodes: 34 60 87 103 323 344 355 358 361 372 426 486 508 551 557 656 659 672 818 847 865 886
Compactness: 1399.989739
Weights: 258.000000 4102.000000 1229.000000
Center Node: 557

District 11
Nodes: 10 64 100 138 152 186 230 311 329 434 445 458 493 495 761 781 860 991 992
Compactness: 1011.724546
Weights: 223.000000 4409.000000 1134.000000
Center Node: 860

District 12
Nodes: 18 31 45 71 150 170 181 252 269 399 539 564 611 636 661 745 771 776 880 946
Compactness: 1126.384823
Weights: 240.000000 4354.000000 1170.000000
Center Node: 745

District 13
Nodes: 27 80 117 142 162 163 195 352 394 556 598 613 670 678 690 829 834 905 910 981
Compactness: 1016.055415
Weights: 251.000000 4020.000000 1174.000000
Center Node: 905

District 14
Nodes: 8 12 93 169 208 253 265 337 340 387 457 491 502 561 579 750 760 800 855 861 874 915
Compactness: 1169.740863
Weights: 249.000000 4391.000000 1225.000000
Center Node: 208

District 15
Nodes: 20 124 155 220 286 298 299 305 308 431 468 475 583 637 782 822 872 923 937
Compactness: 1447.574364
Weights: 231.000000 4046.000000 1303.000000
Center Node: 923

District 16
Nodes: 85 226 258 418 443 450 467 580 631 682 727 783 856 857 889 966 976 985 998
Compactness: 911.062330
Weights: 207.000000 4362.000000 1099.000000
Center Node: 889

District 17
Nodes: 14 41 82 88 97 165 218 228 234 250 266 288 331 380 404 478 504 567 576 681 789
Compactness: 1396.774027
Weights: 256.000000 4325.000000 1212.000000
Center Node: 165

District 18
Nodes: 99 104 160 334 350 369 376 416 439 518 529 565 578 722 763 764 794 813 840 876 970
Compactness: 1456.940840
Weights: 234.000000 4063.000000 1174.000000
Center Node: 876

District 19
Nodes: 36 37 126 128 132 222 256 262 346 377 484 521 549 595 626 669 746 770 846 934 982
Compactness: 1468.216119
Weights: 234.000000 4360.000000 1120.000000
Center Node: 132

District 20
Nodes: 39 96 140 210 217 239 342 421 429 461 665 694 726 747 772 777 812 827 902 969 974
Compactness: 1300.028808
Weights: 230.000000 4316.000000 1193.000000
Center Node: 974

District 21
Nodes: 57 91 92 101 173 187 292 293 390 483 550 603 612 674 762 817 828 835 968 979
Compactness: 1505.822486
Weights: 231.000000 4334.000000 1179.000000
Center Node: 92

District 22
Nodes: 168 223 246 267 279 283 347 356 480 507 531 558 559 590 755 914 980 984
Compactness: 1150.171888
Weights: 255.000000 4083.000000 1231.000000
Center Node: 531

District 23
Nodes: 1 5 15 35 49 74 78 190 193 459 548 619 630 639 743 754 808 844 845 853 873
Compactness: 1235.526789
Weights: 230.000000 4230.000000 1151.000000
Center Node: 35

District 24
Nodes: 43 50 52 95 281 316 330 353 465 497 573 585 615 686 738 787 796 885 993
Compactness: 1373.750185
Weights: 232.000000 4082.000000 1183.000000
Center Node: 43

District 25
Nodes: 59 72 206 221 233 275 314 432 553 584 616 629 666 731 759 765 833 901 928 942
Compactness: 1260.578975
Weights: 249.000000 4121.000000 1228.000000
Center Node: 432

District 26
Nodes: 21 134 154 167 175 196 202 403 405 422 469 510 538 622 624 671 717 786 807 888
Compactness: 2838.374608
Weights: 230.000000 3999.000000 1218.000000
Center Node: 510

District 27
Nodes: 113 122 130 270 285 379 411 593 594 604 652 689 749 773 775 802 940 952 962
Compactness: 1213.708411
Weights: 237.000000 4395.000000 1203.000000
Center Node: 604

District 28
Nodes: 46 56 112 143 171 243 259 294 319 375 436 449 476 499 600 609 645 664 723 951
Compactness: 1291.369794
Weights: 256.000000 4040.000000 1189.000000
Center Node: 609

District 29
Nodes: 55 84 211 213 245 255 438 505 587 688 714 716 728 757 767 821 890 894 941
Compactness: 1249.895407
Weights: 242.000000 4197.000000 1191.000000
Center Node: 587

District 30
Nodes: 3 11 24 129 157 383 384 428 448 454 525 680 768 837 916 921 939 944 958
Compactness: 1593.808001
Weights: 244.000000 4230.000000 1205.000000
Center Node: 3

District 31
Nodes: 16 89 158 320 322 348 487 570 571 596 677 679 711 741 751 774 875 935 953
Compactness: 1027.432312
Weights: 229.000000 4188.000000 1212.000000
Center Node: 89

District 32
Nodes: 28 79 94 131 318 332 382 395 410 511 519 534 566 608 632 710 925 963 990
Compactness: 918.137891
Weights: 222.000000 4399.000000 1128.000000
Center Node: 79

District 33
Nodes: 4 22 30 145 151 257 307 328 373 494 496 513 515 522 533 536 568 702 815 903
Compactness: 1108.896926
Weights: 244.000000 4184.000000 1235.000000
Center Node: 257

District 34
Nodes: 17 180 199 209 227 236 280 309 341 360 435 441 492 541 546 697 791 906 911 922 957
Compactness: 1308.460122
Weights: 214.000000 4262.000000 1224.000000
Center Node: 280

District 35
Nodes: 67 69 75 106 164 189 194 198 219 466 532 617 676 712 734 748 858 868 932 977 978 989
Compactness: 1215.441613
Weights: 265.000000 4004.000000 1183.000000
Center Node: 532

District 36
Nodes: 38 105 119 260 263 300 396 413 415 481 545 554 623 687 718 814 841 870 896 997
Compactness: 1378.532703
Weights: 273.000000 4389.000000 1178.000000
Center Node: 554

District 37
Nodes: 32 65 200 232 312 317 345 385 392 456 473 509 516 523 740 756 790 816 826 893 938
Compactness: 1815.960383
Weights: 265.000000 4002.000000 1146.000000
Center Node: 473

District 38
Nodes: 120 121 135 147 216 242 290 398 409 425 488 517 524 537 589 703 825 851 869 926 948
Compactness: 1385.359379
Weights: 245.000000 4254.000000 1133.000000
Center Node: 147

District 39
Nodes: 6 42 161 235 289 326 333 368 388 401 414 464 544 684 719 785 849 895 965 975
Compactness: 1117.223044
Weights: 243.000000 4049.000000 1226.000000
Center Node: 464

District 40
Nodes: 149 172 174 182 215 244 359 364 381 433 463 477 577 708 721 788 804 936 945 983
Compactness: 1178.265694
Weights: 250.000000 4265.000000 1191.000000
Center Node: 936

District 41
Nodes: 23 53 81 136 201 273 363 391 423 485 628 658 695 724 735 795 798 987 996
Compactness: 778.462817
Weights: 182.000000 3985.000000 1244.000000
Center Node: 23

District 42
Nodes: 2 44 123 238 272 339 419 440 607 642 660 691 713 720 730 753 803 820 842 927 961 967
Compactness: 1290.883886
Weights: 261.000000 4333.000000 1121.000000
Center Node: 272

District 43
Nodes: 48 54 66 125 204 225 374 407 455 535 552 620 621 641 663 673 683 819 831 956
Compactness: 1336.289295
Weights: 225.000000 4181.000000 1226.000000
Center Node: 956

District 44
Nodes: 47 73 76 212 251 291 303 349 408 490 543 547 601 653 706 732 736 797 887 930
Compactness: 1271.072130
Weights: 239.000000 4028.000000 1187.000000
Center Node: 706

District 45
Nodes: 29 77 146 156 179 231 306 371 389 527 569 742 744 780 799 913 954 955
Compactness: 823.649431
Weights: 191.000000 4024.000000 1115.000000
Center Node: 742

District 46
Nodes: 25 110 111 205 400 427 430 470 479 575 640 778 793 824 878 879 907 909 972 994
Compactness: 1526.023948
Weights: 242.000000 4293.000000 1222.000000
Center Node: 430

District 47
Nodes: 86 108 137 207 229 287 351 378 397 402 412 446 646 675 737 839 848 850 854 917
Compactness: 1528.731788
Weights: 239.000000 4321.000000 1145.000000
Center Node: 402

District 48
Nodes: 68 83 166 177 184 241 417 452 597 599 644 725 766 898 899 929 999
Compactness: 868.773762
Weights: 175.000000 4375.000000 1225.000000
Center Node: 599

District 49
Nodes: 107 114 118 240 247 264 336 367 420 437 581 606 638 662 769 836 864 891 908
Compactness: 1261.009387
Weights: 252.000000 4035.000000 1171.000000
Center Node: 836

District 50
Nodes: 51 62 90 365 393 471 482 592 602 610 627 701 729 805 806 882 884 912 931 949
Compactness: 1900.368918
Weights: 252.000000 4386.000000 1117.000000
Center Node: 482
