BalanceViolation 160.042500
AffinityLoss 0.000000
Compactness 94076.305433

District 1
Nodes: 57 63 66 68 74 113 137 140 161 164 178 205 225 242 258 262 320 331 372 443 490 507 544 565 566 583 605 650 653 655 666 686 696 721 730 751 755 764 766 779 806 811 831 873 880 884 910 916 926 938 947 948 949 957
Compactness: 4686.439545
Weights: 623.000000 10750.000000 3021.000000
Center Node: 779

District 2
Nodes: 42 53 54 75 101 123 186 206 228 233 244 260 263 302 368 423 439 470 486 517 520 526 538 570 601 636 642 647 654 693 729 738 774 777 797 803 808 819 825 851 855 856 866 869 872 877 915 959 980 982
Compactness: 5728.124567
Weights: 523.000000 11173.000000 2715.000000
Center Node: 877

District 3
Nodes: 19 20 50 64 83 104 112 135 156 188 216 227 235 247 251 255 279 292 313 378 395 396 505 516 521 530 537 555 581 606 617 659 663 664 667 683 684 691 720 736 748 750 758 763 770 801 892 920 923 972 983 993
Compactness: 4653.087101
Weights: 618.000000 10305.000000 3030.000000
Center Node: 530

District 4
Nodes: 28 29 32 145 196 212 224 236 285 303 309 317 354 357 387 412 416 417 421 449 468 487 506 523 540 568 574 582 608 613 689 728 743 756 775 787 790 802 809 818 828 870 871 876 902 928 935 937 944
Compactness: 5773.350910
Weights: 554.000000 10705.000000 2817.000000
Center Node: 309

District 5
Nodes: 47 73 98 133 153 154 155 168 187 220 229 256 259 272 281 296 323 347 360 400 402 418 425 431 469 483 539 549 607 620 662 726 746 826 864 865 887 897 904 911 914 924 929 965 968 995 997
Compactness: 4637.608555
Weights: 620.000000 10115.000000 2804.000000
Center Node: 259

District 6
Nodes: 13 17 26 34 44 48 76 80 130 182 193 197 202 211 231 269 291 315 334 382 393 454 455 550 586 588 593 603 628 632 634 637 657 674 676 741 744 752 754 757 761 832 836 837 895 913 930 941 989 991
Compactness: 5666.138707
Weights: 645.000000 10104.000000 2941.000000
Center Node: 930

District 7
Nodes: 52 62 70 77 88 93 117 144 208 213 278 294 301 330 339 341 361 384 408 414 432 457 473 480 514 571 578 591 604 615 651 668 688 715 796 805 810 843 852 857 883 922 951 961 966 977 984 985 992
Compactness: 4387.285937
Weights: 588.000000 10843.000000 3043.000000
Center Node: 810

District 8
Nodes: 45 87 90 171 183 191 192 203 240 248 249 254 332 336 403 407 410 411 436 477 479 492 493 509 522 542 596 609 623 675 679 697 701 703 717 725 734 759 771 773 783 789 817 824 853 868 882 899 909 960 962 963
Compactness: 4593.750524
Weights: 632.000000 10209.000000 2788.000000
Center Node: 868

District 9
Nodes: 12 99 105 114 124 162 167 169 174 177 238 243 273 284 337 383 401 404 428 445 484 499 503 531 532 533 535 553 557 560 573 592 670 673 677 681 702 742 753 786 820 835 846 848 850 860 886 933 940 945 946 967 998
Compactness: 5238.921254
Weights: 624.000000 10837.000000 2894.000000
Center Node: 967

District 10
Nodes: 14 121 129 143 157 179 201 241 253 270 282 306 335 340 351 370 373 380 413 426 478 481 489 496 525 541 552 567 602 614 616 625 627 645 719 731 768 833 844 894 900 903 943 958 970 971 978
Compactness: 4626.450009
Weights: 574.000000 11136.000000 2785.000000
Center Node: 943

District 11
Nodes: 10 24 31 39 41 59 60 103 131 142 226 239 246 250 271 286 297 307 324 333 346 355 356 375 389 441 458 474 515 556 561 577 594 622 629 644 685 692 722 732 733 735 765 769 830 862 867 881 908 919 986 999
Compactness: 4964.856940
Weights: 623.000000 10630.000000 2853.000000
Center Node: 59

District 12
Nodes: 2 3 11 15 21 33 35 71 78 89 97 108 158 172 173 189 195 198 245 319 322 325 326 328 329 348 349 359 394 430 433 437 444 462 467 495 545 547 558 564 569 589 590 652 705 709 724 875 890 939 988
Compactness: 4760.306024
Weights: 591.000000 10141.000000 3054.000000
Center Node: 875

District 13
Nodes: 6 23 37 43 69 82 106 116 122 126 138 152 160 232 276 277 311 318 327 342 352 362 371 386 452 461 491 497 510 575 580 595 598 599 610 612 665 695 711 714 772 785 788 795 804 812 834 849 888 921 953 981
Compactness: 5027.518701
Weights: 618.000000 10521.000000 2994.000000
Center Node: 152

District 14
Nodes: 38 55 58 65 67 91 110 128 149 150 219 222 261 289 300 314 365 376 388 397 424 435 453 475 511 536 543 548 554 562 579 635 640 641 648 649 661 669 671 740 776 784 791 839 845 885 896 954 973 974 975 987
Compactness: 4958.623096
Weights: 628.000000 10614.000000 2971.000000
Center Node: 791

District 15
Nodes: 8 9 27 30 51 61 84 94 96 119 125 136 166 170 175 176 199 217 252 283 293 312 363 367 385 398 405 406 409 442 446 456 465 488 559 600 619 631 694 698 704 723 727 767 814 821 838 847 861 889 906 931 932
Compactness: 4284.872055
Weights: 628.000000 11016.000000 3031.000000
Center Node: 96

District 16
Nodes: 4 56 81 102 115 120 132 148 184 223 230 266 275 298 345 350 369 374 381 390 427 429 438 448 450 451 466 494 527 572 611 618 626 643 682 690 712 737 747 762 780 807 840 863 905 907 917 936 950
Compactness: 4103.638006
Weights: 562.000000 10768.000000 2864.000000
Center Node: 780

District 17
Nodes: 18 46 72 86 100 109 118 134 141 146 151 185 265 268 287 295 321 392 419 420 422 459 463 471 485 502 504 551 587 672 716 739 794 815 827 842 854 859 879 898 925 927 942 955 956 964 979 996
Compactness: 3642.023099
Weights: 575.000000 11015.000000 2761.000000
Center Node: 18

District 18
Nodes: 5 22 85 92 107 163 204 214 218 221 234 257 274 338 353 364 366 391 399 440 472 498 500 512 519 528 546 563 584 585 621 624 656 678 699 700 710 782 793 798 813 816 874 878 891 893 912
Compactness: 3816.590123
Weights: 571.000000 10314.000000 3052.000000
Center Node: 204

District 19
Nodes: 7 16 25 40 49 95 111 139 159 165 180 190 200 209 215 267 280 288 305 308 344 358 379 415 447 464 476 482 501 508 534 597 633 639 646 660 706 708 718 745 749 781 800 822 934 969 976 994
Compactness: 4654.927347
Weights: 598.000000 11069.000000 2964.000000
Center Node: 482

District 20
Nodes: 0 1 36 79 127 147 181 194 207 210 237 264 290 299 304 310 316 343 377 434 460 513 518 524 529 576 630 638 658 680 687 707 713 760 778 792 799 823 829 841 858 901 918 952 990
Compactness: 3871.792931
Weights: 624.000000 10131.000000 2762.000000
Center Node: 264
