BalanceViolation 1585.305000
AffinityLoss 0.000000
Compactness 121953.996898

District 1
Nodes: 31 68 156 175 211 253 287 289 342 364 437 478 510 556 562 608 669 686 693 710 748 832 849 1093 1120 1132 1400 1509 1512 1514 1563 1666 1770 1809 1821 1894 1897 1935 1948 1981
Compactness: 2304.426981
Weights: 475.000000 8783.000000 2399.000000
Center Node: 832

District 2
Nodes: 172 182 256 319 368 398 408 661 691 758 811 952 997 1028 1131 1180 1228 1258 1366 1409 1411 1458 1466 1508 1612 1616 1675 1684 1730 1740 1838 1840 1853 1907 1984 1987
Compactness: 3081.166237
Weights: 463.000000 8030.000000 1915.000000
Center Node: 256

District 3
Nodes: 47 49 137 209 210 276 295 330 413 426 488 670 695 724 738 742 750 854 889 930 1005 1059 1065 1091 1125 1136 1178 1267 1302 1315 1387 1520 1602 1665 1727 1777 1835 1888 1976
Compactness: 3712.022273
Weights: 433.000000 8920.000000 2041.000000
Center Node: 1777

District 4
Nodes: 32 87 132 145 197 336 381 412 500 569 592 612 685 784 897 1081 1235 1271 1368 1399 1432 1434 1473 1554 1572 1629 1647 1669 1718 1741 1799 1814 1847 1885 1938 1972 1998
Compactness: 2044.748933
Weights: 422.000000 8986.000000 2049.000000
Center Node: 1629

District 5
Nodes: 161 181 214 285 350 414 422 427 514 536 600 610 633 688 790 792 937 948 980 981 1027 1134 1288 1310 1340 1425 1446 1464 1494 1562 1615 1626 1672 1737 1789 1824 1867 1896 1910
Compactness: 2029.888411
Weights: 497.000000 8176.000000 2184.000000
Center Node: 427

District 6
Nodes: 13 324 340 343 453 487 494 499 526 549 590 615 726 732 782 863 914 949 1079 1151 1188 1198 1254 1283 1304 1402 1415 1423 1534 1559 1561 1662 1760 1822 1930 1943 1949
Compactness: 2400.805508
Weights: 449.000000 8283.000000 2331.000000
Center Node: 949

District 7
Nodes: 2 67 86 160 187 270 302 315 483 516 522 575 753 872 934 1041 1099 1165 1203 1251 1269 1280 1414 1424 1457 1467 1542 1573 1594 1632 1700 1710 1765 1782 1857 1866 1899
Compactness: 2572.140096
Weights: 434.000000 8118.000000 2169.000000
Center Node: 67

District 8
Nodes: 43 71 113 124 165 201 203 244 329 348 433 581 667 818 839 969 983 1143 1246 1259 1297 1351 1370 1397 1427 1441 1448 1536 1634 1678 1768 1780 1788 1796 1813 1828 1912 1914 1993
Compactness: 2296.658654
Weights: 458.000000 8821.000000 2169.000000
Center Node: 1828

District 9
Nodes: 9 16 90 98 136 151 275 303 312 327 332 351 525 538 787 825 851 864 919 920 1144 1170 1190 1223 1313 1358 1363 1371 1395 1416 1451 1503 1690 1709 1758 1781 1791 1863 1917 1969
Compactness: 2277.453426
Weights: 477.000000 8134.000000 2405.000000
Center Node: 920

District 10
Nodes: 23 35 72 111 205 220 271 281 294 307 352 358 519 589 602 639 664 682 684 713 751 779 812 886 935 966 1053 1095 1176 1184 1303 1309 1377 1382 1456 1463 1500 1553 1639 1749 1816 1956
Compactness: 2829.113300
Weights: 480.000000 8914.000000 2402.000000
Center Node: 1463

District 11
Nodes: 36 74 188 207 252 345 386 448 465 521 580 655 698 721 801 829 841 888 1015 1021 1084 1193 1241 1323 1333 1350 1396 1428 1496 1513 1550 1567 1688 1706 1726 1762 1767 1820 1851 1852 1892 1905 1978 1988
Compactness: 2556.952604
Weights: 494.000000 8719.000000 2351.000000
Center Node: 1762

District 12
Nodes: 79 103 107 146 193 208 247 257 259 277 347 349 357 395 486 668 731 756 768 775 814 833 835 846 853 885 1013 1064 1107 1118 1175 1243 1375 1404 1412 1420 1480 1504 1649 1708 1764 1869 1882 1889
Compactness: 2465.514727
Weights: 497.000000 8826.000000 2357.000000
Center Node: 1708

District 13
Nodes: 19 120 157 163 216 250 266 432 449 452 532 550 558 567 617 628 630 666 680 783 867 894 933 1264 1318 1373 1477 1527 1587 1622 1643 1661 1667 1721 1826 1929
Compactness: 2357.282227
Weights: 460.000000 8140.000000 2038.000000
Center Node: 1721

District 14
Nodes: 14 58 73 83 97 189 199 221 261 268 292 344 379 419 481 588 677 687 733 827 900 902 908 955 988 995 1050 1101 1202 1209 1319 1325 1374 1421 1523 1565 1686 1790 1792 1941 1953
Compactness: 2261.185383
Weights: 463.000000 8197.000000 2325.000000
Center Node: 97

District 15
Nodes: 56 75 115 191 363 417 442 447 463 553 561 587 599 626 644 737 855 899 959 986 998 1055 1060 1102 1103 1133 1155 1214 1273 1282 1338 1379 1521 1595 1713 1739 1744 1807 1858 1895 1928
Compactness: 2200.938667
Weights: 498.000000 8685.000000 2401.000000
Center Node: 1521

District 16
Nodes: 12 39 45 53 170 192 383 393 467 540 565 598 620 717 819 820 887 911 913 942 972 1026 1030 1040 1097 1129 1161 1210 1343 1440 1449 1462 1519 1585 1638 1641 1673 1685 1692 1818 1871 1916 1942 1944 1959
Compactness: 3844.664625
Weights: 500.000000 8378.000000 2400.000000
Center Node: 565

District 17
Nodes: 7 21 121 127 238 286 346 375 388 470 475 531 643 697 746 771 778 950 960 1000 1007 1056 1068 1082 1092 1182 1278 1410 1439 1465 1470 1625 1659 1683 1736 1757 1785 1804 1841 1842 1848 1850 1876 1903
Compactness: 3144.865385
Weights: 536.000000 8310.000000 2181.000000
Center Node: 1470

District 18
Nodes: 27 141 162 174 282 284 326 377 378 439 482 493 563 696 800 837 904 974 989 1003 1012 1057 1078 1104 1266 1272 1312 1392 1407 1419 1493 1693 1732 1862 1925 1958 1992
Compactness: 1953.382456
Weights: 459.000000 8200.000000 2405.000000
Center Node: 1925

District 19
Nodes: 57 177 185 498 518 613 614 623 702 767 856 876 923 971 1008 1044 1090 1096 1139 1160 1174 1227 1255 1344 1381 1422 1459 1468 1571 1577 1578 1581 1618 1676 1755 1756 1856 1904 1980
Compactness: 1899.750698
Weights: 483.000000 8875.000000 2344.000000
Center Node: 971

District 20
Nodes: 139 153 241 254 300 305 384 464 513 530 539 571 714 716 718 727 734 754 806 824 831 884 912 956 991 1074 1121 1220 1221 1435 1444 1471 1488 1502 1574 1610 1613 1715 1873 1931 1945
Compactness: 2646.740213
Weights: 474.000000 8587.000000 2155.000000
Center Node: 754

District 21
Nodes: 44 85 119 130 154 227 228 317 334 428 454 456 466 471 579 658 711 740 794 809 822 865 903 1001 1006 1032 1159 1212 1230 1298 1306 1372 1385 1482 1607 1704 1714 1734 1787 1832 1836 1854 1868 1932 1977
Compactness: 3016.592613
Weights: 479.000000 8906.000000 2329.000000
Center Node: 1159

District 22
Nodes: 128 158 219 265 269 322 325 410 459 542 605 671 681 704 788 791 901 927 943 965 993 1113 1189 1294 1301 1324 1367 1389 1543 1544 1560 1617 1663 1671 1752 1846 1933 1967 1990 1999
Compactness: 2234.057568
Weights: 460.000000 7960.000000 2248.000000
Center Node: 1544

District 23
Nodes: 22 63 108 140 231 240 341 353 376 409 552 554 572 629 651 774 880 883 994 1017 1043 1072 1222 1231 1279 1352 1430 1453 1475 1535 1586 1589 1600 1694 1803 1810 1886 1920 1970
Compactness: 2267.824706
Weights: 487.000000 8212.000000 2426.000000
Center Node: 108

District 24
Nodes: 28 105 138 152 218 258 320 339 367 411 420 485 520 545 551 566 586 603 640 673 842 891 915 1034 1150 1177 1187 1252 1384 1533 1555 1558 1568 1575 1582 1588 1750 1754 1827 1915 1947 1973
Compactness: 2840.360735
Weights: 500.000000 8909.000000 2372.000000
Center Node: 1575

District 25
Nodes: 4 5 26 70 93 122 131 142 183 232 290 333 537 543 593 618 662 676 679 743 873 895 910 975 996 1022 1049 1123 1126 1127 1242 1311 1332 1355 1460 1474 1479 1631 1635 1652 1805 1994
Compactness: 2497.121260
Weights: 510.000000 8571.000000 2233.000000
Center Node: 5

District 26
Nodes: 6 15 33 81 129 149 223 245 356 407 445 469 474 511 609 672 719 728 739 810 840 870 881 944 958 978 1031 1110 1148 1168 1169 1194 1287 1295 1307 1329 1525 1654 1860 1879 1884 1891
Compactness: 2621.322549
Weights: 494.000000 8438.000000 2370.000000
Center Node: 881

District 27
Nodes: 100 101 117 143 299 387 389 429 446 501 503 528 597 616 648 845 931 941 947 953 1105 1117 1162 1173 1224 1326 1334 1390 1408 1436 1497 1515 1645 1716 1745 1763 1778 1861 1880 1883 1887
Compactness: 2675.421741
Weights: 516.000000 8893.000000 2082.000000
Center Node: 1880

District 28
Nodes: 64 110 309 331 337 391 505 568 624 729 747 764 765 766 770 772 793 795 797 922 987 1029 1047 1067 1077 1083 1130 1145 1200 1216 1217 1263 1398 1431 1484 1798 1839 1844 1908 1954
Compactness: 2271.221340
Weights: 448.000000 8275.000000 2396.000000
Center Node: 1484

District 29
Nodes: 41 61 167 297 298 313 418 421 450 502 573 591 604 638 642 647 675 701 703 749 757 821 1163 1225 1237 1276 1291 1401 1490 1495 1723 1725 1793 1875 1877 1918 1971 1986 1997
Compactness: 1729.554740
Weights: 493.000000 8796.000000 2178.000000
Center Node: 1490

District 30
Nodes: 48 66 99 233 234 235 242 262 263 396 435 699 761 780 807 882 917 1011 1014 1076 1119 1147 1149 1199 1296 1360 1405 1406 1433 1517 1528 1566 1624 1677 1722 1766 1834 1898 1902 1991
Compactness: 2249.705019
Weights: 496.000000 8895.000000 2385.000000
Center Node: 1433

District 31
Nodes: 76 94 116 159 230 264 279 425 473 489 508 517 527 546 650 705 709 725 730 875 1137 1244 1290 1320 1489 1492 1551 1599 1697 1702 1720 1724 1731 1738 1775 1829 1845 1926 1996
Compactness: 1846.796792
Weights: 482.000000 8528.000000 2389.000000
Center Node: 76

District 32
Nodes: 11 25 102 126 204 229 359 370 397 401 406 434 477 504 564 584 607 632 654 663 665 708 712 773 813 828 847 939 945 946 962 979 1002 1058 1087 1196 1253 1487 1507 1546 1831 1955
Compactness: 2820.943213
Weights: 501.000000 8650.000000 2265.000000
Center Node: 654

District 33
Nodes: 38 155 173 255 267 382 385 430 455 492 582 596 859 869 892 909 963 1004 1019 1045 1069 1108 1124 1138 1185 1234 1238 1262 1300 1328 1364 1452 1556 1584 1603 1627 1642 1772 1962
Compactness: 2534.974855
Weights: 427.000000 8050.000000 2422.000000
Center Node: 1262

District 34
Nodes: 42 54 84 213 280 436 457 541 576 631 745 781 805 816 862 871 906 932 968 1038 1152 1172 1181 1249 1345 1378 1501 1532 1633 1705 1735 1786 1795 1825 1864 1950
Compactness: 2235.695929
Weights: 411.000000 8732.000000 2202.000000
Center Node: 816

District 35
Nodes: 1 30 62 82 184 206 304 394 440 461 468 570 720 722 861 985 1010 1023 1025 1051 1111 1219 1232 1268 1275 1286 1316 1359 1516 1529 1590 1604 1605 1630 1664 1695 1742 1811 1985
Compactness: 2258.484924
Weights: 501.000000 8938.000000 2347.000000
Center Node: 206

District 36
Nodes: 8 59 91 104 195 248 316 355 372 574 622 808 830 852 890 1088 1158 1247 1260 1270 1314 1335 1356 1357 1418 1499 1541 1580 1583 1598 1628 1637 1712 1748 1878 1913 1951 1968
Compactness: 2159.578970
Weights: 494.000000 8239.000000 2315.000000
Center Node: 1628

District 37
Nodes: 17 169 198 212 272 328 360 380 451 480 559 577 594 606 611 627 656 715 741 755 877 936 961 1009 1063 1070 1109 1208 1305 1413 1426 1505 1592 1608 1674 1689 1759 1859 1965 1966
Compactness: 2195.998123
Weights: 499.000000 8943.000000 2335.000000
Center Node: 877

District 38
Nodes: 52 148 274 308 314 321 338 496 509 535 634 636 645 652 659 692 769 836 879 905 1071 1089 1142 1229 1236 1250 1331 1394 1429 1472 1552 1557 1564 1609 1640 1682 1761 1779 1784 1870 1872
Compactness: 3202.829904
Weights: 506.000000 8476.000000 2343.000000
Center Node: 769

District 39
Nodes: 10 24 51 69 112 171 236 237 249 365 416 441 458 555 735 762 789 815 929 1018 1100 1112 1166 1204 1239 1240 1265 1437 1447 1454 1485 1569 1679 1691 1703 1711 1728 1771 1802 1936 1963
Compactness: 2554.011573
Weights: 422.000000 8940.000000 2397.000000
Center Node: 69

District 40
Nodes: 123 144 194 260 311 323 335 366 403 460 484 512 601 689 706 707 752 799 848 860 924 925 1106 1128 1135 1293 1330 1339 1353 1369 1386 1445 1506 1522 1530 1668 1797 1806 1830 1865 1900
Compactness: 2029.062500
Weights: 495.000000 8734.000000 2272.000000
Center Node: 311

District 41
Nodes: 20 37 222 283 318 399 462 491 515 560 635 660 760 796 802 1066 1085 1114 1191 1206 1281 1289 1524 1531 1547 1579 1619 1657 1660 1699 1717 1819 1890 1893 1939 1957 1960
Compactness: 2017.334939
Weights: 496.000000 8488.000000 2294.000000
Center Node: 399

District 42
Nodes: 55 77 80 109 147 166 404 424 534 585 736 763 874 916 940 957 982 992 1052 1080 1164 1192 1213 1292 1346 1403 1461 1540 1596 1623 1773 1776 1800 1817 1909 1940 1946 1952 1961
Compactness: 1818.235045
Weights: 432.000000 8701.000000 2002.000000
Center Node: 1213

District 43
Nodes: 29 46 89 95 306 374 423 476 506 595 683 803 834 868 954 977 1048 1116 1122 1141 1285 1321 1327 1342 1347 1349 1376 1570 1621 1670 1687 1698 1774 1783 1855 1911 1924 1927 1964 1989 1995
Compactness: 2582.553418
Weights: 498.000000 8083.000000 2390.000000
Center Node: 1570

District 44
Nodes: 179 180 186 202 225 301 362 390 438 495 507 524 533 544 776 804 964 973 990 1036 1094 1226 1248 1274 1317 1341 1391 1442 1443 1486 1526 1593 1606 1611 1614 1651 1653 1656 1696 1746 1747 1901
Compactness: 3102.703735
Weights: 468.000000 8791.000000 2391.000000
Center Node: 507

District 45
Nodes: 92 134 164 190 200 400 637 777 785 838 844 857 893 898 907 970 976 984 1033 1098 1140 1179 1186 1197 1211 1277 1299 1308 1336 1337 1483 1576 1648 1681 1753 1808 1812 1833 1974 1979
Compactness: 2355.239479
Weights: 498.000000 8361.000000 2397.000000
Center Node: 1033

District 46
Nodes: 3 50 168 215 278 373 443 523 578 843 858 918 921 951 967 1016 1046 1086 1146 1167 1195 1201 1218 1233 1245 1256 1261 1361 1438 1510 1518 1539 1591 1597 1658 1719 1743 1751 1801 1815 1874 1937 1982
Compactness: 2597.938955
Weights: 459.000000 8487.000000 2367.000000
Center Node: 50

District 47
Nodes: 96 125 243 291 354 444 529 547 548 641 646 649 690 786 798 850 928 938 1024 1035 1054 1153 1154 1157 1171 1205 1365 1478 1498 1644 1646 1707 1733 1823 1849 1922 1975
Compactness: 1864.084946
Weights: 456.000000 8290.000000 2307.000000
Center Node: 548

District 48
Nodes: 0 65 133 178 217 224 239 251 273 288 296 361 402 405 472 817 826 866 926 1037 1042 1062 1322 1348 1354 1455 1476 1491 1537 1538 1545 1548 1620 1636 1650 1655 1843 1919 1921
Compactness: 2421.618430
Weights: 499.000000 8155.000000 2282.000000
Center Node: 1348

District 49
Nodes: 18 40 60 78 88 106 135 150 176 196 246 371 415 431 497 621 625 657 694 744 999 1020 1039 1061 1073 1075 1115 1156 1207 1380 1393 1469 1481 1511 1601 1729 1769 1794 1906 1923 1983
Compactness: 2289.136386
Weights: 502.000000 8377.000000 2418.000000
Center Node: 1983

District 50
Nodes: 34 114 118 226 293 310 369 392 479 490 557 583 619 653 674 678 700 723 759 823 878 896 1183 1215 1257 1284 1362 1383 1388 1417 1450 1549 1680 1701 1837 1881 1934
Compactness: 1783.891707
Weights: 505.000000 8165.000000 2370.000000
Center Node: 1701
