BalanceViolation 2154.607000
AffinityLoss 0.000000
Compactness 32174.406251

District 1
Nodes: 1 21 37 40 89 106 121 139 277 327
Compactness: 623.389951
Weights: 135.000000 2231.000000 646.000000
Center Node: 1

District 2
Nodes: 77 79 114 146 213 366 428 465 485
Compactness: 394.079465
Weights: 118.000000 2174.000000 594.000000
Center Node: 146

District 3
Nodes: 41 62 101 188 289 319 338 349 369 403
Compactness: 555.557231
Weights: 132.000000 2059.000000 574.000000
Center Node: 101

District 4
Nodes: 29 86 151 161 162 163 354 377 421 449
Compactness: 604.342812
Weights: 142.000000 1940.000000 608.000000
Center Node: 421

District 5
Nodes: 177 260 280 304 305 308 345 355 372 436
Compactness: 767.723476
Weights: 127.000000 2160.000000 572.000000
Center Node: 308

District 6
Nodes: 80 119 123 136 208 253 300 301 360 418
Compactness: 676.403999
Weights: 115.000000 2067.000000 599.000000
Center Node: 300

District 7
Nodes: 24 31 84 144 191 270 303 353 467 484 487
Compactness: 961.732579
Weights: 158.000000 2256.000000 591.000000
Center Node: 484

District 8
Nodes: 19 59 112 166 226 236 251 286 337 442
Compactness: 592.770078
Weights: 131.000000 2047.000000 624.000000
Center Node: 59

District 9
Nodes: 11 52 78 111 388 425 495
Compactness: 474.333730
Weights: 91.000000 1954.000000 315.000000
Center Node: 78

District 10
Nodes: 10 17 49 55 87 262 347 441 483
Compactness: 299.722219
Weights: 111.000000 2274.000000 555.000000
Center Node: 262

District 11
Nodes: 35 76 125 152 192 200 201 205 391 435
Compactness: 620.193695
Weights: 135.000000 2151.000000 601.000000
Center Node: 35

District 12
Nodes: 3 34 120 130 132 157 178 204 232 287
Compactness: 578.854449
Weights: 163.000000 2125.000000 596.000000
Center Node: 204

District 13
Nodes: 56 133 160 182 228 240 244 271 339 481
Compactness: 647.007421
Weights: 119.000000 2285.000000 491.000000
Center Node: 182

District 14
Nodes: 117 159 180 297 324 333 454 493
Compactness: 425.338498
Weights: 70.000000 1894.000000 605.000000
Center Node: 333

District 15
Nodes: 33 36 116 189 254 314 336 370 394 430
Compactness: 337.153231
Weights: 106.000000 2105.000000 652.000000
Center Node: 189

District 16
Nodes: 65 92 115 167 195 223 309 332 374 440
Compactness: 784.659723
Weights: 105.000000 2022.000000 603.000000
Center Node: 92

District 17
Nodes: 25 105 209 216 290 325 359 412 479
Compactness: 516.187332
Weights: 85.000000 2200.000000 612.000000
Center Node: 216

District 18
Nodes: 9 20 75 129 275 298 358 439 453 496
Compactness: 332.963271
Weights: 126.000000 2166.000000 560.000000
Center Node: 439

District 19
Nodes: 90 96 113 245 247 343 344 398 400 423
Compactness: 729.892137
Weights: 121.000000 2135.000000 637.000000
Center Node: 343

District 20
Nodes: 58 138 171 196 211 335 422 451 489
Compactness: 596.709170
Weights: 118.000000 2072.000000 609.000000
Center Node: 171

District 21
Nodes: 45 60 81 91 147 279 312 378 397 411 414
Compactness: 522.770410
Weights: 150.000000 2199.000000 562.000000
Center Node: 411

District 22
Nodes: 5 30 51 206 288 316 348 386 488
Compactness: 655.450674
Weights: 105.000000 2270.000000 548.000000
Center Node: 316

District 23
Nodes: 153 183 197 214 249 261 322 383 392 399
Compactness: 626.108088
Weights: 98.000000 2094.000000 616.000000
Center Node: 249

District 24
Nodes: 46 85 156 169 174 219 221 225 239 310 401 438 472
Compactness: 1012.338659
Weights: 170.000000 2098.000000 618.000000
Center Node: 472

District 25
Nodes: 64 134 155 212 323 351 413 420 446 470 475
Compactness: 1027.168857
Weights: 150.000000 2174.000000 541.000000
Center Node: 446

District 26
Nodes: 61 73 82 97 109 243 264 311 352
Compactness: 471.346609
Weights: 121.000000 2062.000000 603.000000
Center Node: 243

District 27
Nodes: 6 16 38 43 98 127 135 148 154 393 416
Compactness: 649.347321
Weights: 134.000000 2156.000000 593.000000
Center Node: 416

District 28
Nodes: 28 71 224 231 294 331 395 452 455 466 473
Compactness: 676.214137
Weights: 116.000000 2132.000000 567.000000
Center Node: 231

District 29
Nodes: 12 26 66 83 99 158 217 242 283 417 456 468
Compactness: 914.957483
Weights: 152.000000 2052.000000 627.000000
Center Node: 83

District 30
Nodes: 88 168 170 203 234 276 356 445 447 458
Compactness: 468.076151
Weights: 121.000000 2234.000000 515.000000
Center Node: 356

District 31
Nodes: 47 93 118 149 176 184 241 296 330 334 342
Compactness: 473.715016
Weights: 128.000000 2275.000000 520.000000
Center Node: 342

District 32
Nodes: 42 48 57 67 94 172 199 230 237 252 306 450
Compactness: 1019.275366
Weights: 150.000000 2193.000000 604.000000
Center Node: 252

District 33
Nodes: 124 126 210 215 278 357 373 382 385 491
Compactness: 601.609683
Weights: 139.000000 2104.000000 547.000000
Center Node: 357

District 34
Nodes: 27 104 164 185 227 291 318 328 375 384
Compactness: 1083.496563
Weights: 141.000000 2132.000000 629.000000
Center Node: 185

District 35
Nodes: 7 22 39 110 137 141 193 415 432 434 494
Compactness: 647.278232
Weights: 134.000000 2075.000000 678.000000
Center Node: 7

District 36
Nodes: 173 218 220 282 326 390 410 477 480
Compactness: 395.678587
Weights: 78.000000 2301.000000 649.000000
Center Node: 410

District 37
Nodes: 13 70 100 194 257 274 284 292 295 307 409
Compactness: 484.612327
Weights: 128.000000 2106.000000 591.000000
Center Node: 100

District 38
Nodes: 32 102 145 181 198 229 267 320 424 444
Compactness: 480.782108
Weights: 100.000000 2248.000000 596.000000
Center Node: 198

District 39
Nodes: 50 53 143 233 272 313 321 350 408 448 462
Compactness: 1094.292807
Weights: 145.000000 2113.000000 584.000000
Center Node: 233

District 40
Nodes: 63 68 108 142 207 250 266 281 381 476
Compactness: 727.882071
Weights: 118.000000 2178.000000 591.000000
Center Node: 68

District 41
Nodes: 23 107 187 387 404 405 460 463 492
Compactness: 645.869120
Weights: 116.000000 2241.000000 593.000000
Center Node: 23

District 42
Nodes: 69 74 95 140 179 190 362 419 426
Compactness: 580.580653
Weights: 117.000000 2217.000000 476.000000
Center Node: 69

District 43
Nodes: 0 131 235 259 293 317 341 361 379 431 497
Compactness: 1211.772095
Weights: 147.000000 2154.000000 550.000000
Center Node: 293

District 44
Nodes: 4 8 175 255 269 367 407 427 457 461
Compactness: 583.397937
Weights: 99.000000 2120.000000 549.000000
Center Node: 8

District 45
Nodes: 14 18 72 302 363 402 459 486
Compactness: 405.257880
Weights: 89.000000 2337.000000 504.000000
Center Node: 486

District 46
Nodes: 54 122 256 263 265 299 365 380 389 396 471
Compactness: 698.595092
Weights: 131.000000 2081.000000 586.000000
Center Node: 396

District 47
Nodes: 202 222 248 258 346 364 371 376 478 499
Compactness: 659.477937
Weights: 136.000000 2095.000000 608.000000
Center Node: 248

District 48
Nodes: 150 246 268 285 315 433 437 469 482
Compactness: 892.324902
Weights: 130.000000 2205.000000 520.000000
Center Node: 469

District 49
Nodes: 44 128 165 238 329 340 368 443 464 490
Compactness: 520.291565
Weights: 119.000000 2074.000000 612.000000
Center Node: 44

District 50
Nodes: 2 15 103 186 273 406 429 474 498
Compactness: 425.423454
Weights: 124.000000 2204.000000 372.000000
Center Node: 2
