BalanceViolation 1416.414000
AffinityLoss 0.000000
Compactness 123444.084676

District 1
Nodes: 20 91 93 161 252 315 396 406 452 457 490 500 506 517 594 621 652 705 873 874 890 925 966 1060 1073 1074 1087 1093 1143 1162 1214 1224 1388 1433 1441 1569 1615 1763 1984
Compactness: 2480.070615
Weights: 500.000000 7965.000000 2305.000000
Center Node: 490

District 2
Nodes: 107 136 227 251 331 335 365 400 436 454 522 557 592 654 717 720 787 855 860 908 912 923 940 942 947 1023 1106 1132 1191 1209 1220 1289 1323 1357 1419 1708 1712 1738 1771 1790 1802 1820 1923 1952 1982
Compactness: 3243.361725
Weights: 515.000000 8583.000000 2147.000000
Center Node: 1023

District 3
Nodes: 40 62 194 206 223 228 277 371 413 536 542 578 649 774 816 827 849 902 965 1099 1126 1128 1206 1259 1315 1339 1453 1552 1575 1610 1649 1669 1691 1713 1719 1754 1793 1796 1955 1965
Compactness: 2240.827323
Weights: 459.000000 8708.000000 2147.000000
Center Node: 194

District 4
Nodes: 14 117 118 141 177 186 438 459 474 531 617 640 657 683 698 719 761 828 858 992 1230 1283 1342 1369 1391 1398 1406 1508 1525 1526 1693 1724 1750 1757 1806 1847 1874 1901 1916 1949 1970 1985
Compactness: 2781.902690
Weights: 535.000000 7949.000000 2225.000000
Center Node: 438

District 5
Nodes: 16 106 145 313 320 379 418 530 662 710 723 847 887 900 968 1002 1042 1059 1103 1107 1154 1189 1197 1279 1293 1413 1538 1545 1665 1675 1678 1698 1812 1841 1844 1848 1850 1898 1924 1935 1981 1999
Compactness: 2486.480670
Weights: 493.000000 8695.000000 2214.000000
Center Node: 1197

District 6
Nodes: 27 67 157 271 291 339 395 560 636 682 704 706 762 810 842 854 857 898 915 929 936 956 1004 1100 1231 1281 1329 1334 1350 1352 1364 1480 1489 1516 1534 1653 1711 1726 1910 1926
Compactness: 2937.423747
Weights: 461.000000 8635.000000 2338.000000
Center Node: 898

District 7
Nodes: 80 149 231 236 280 367 449 471 477 569 589 596 625 630 715 735 743 744 764 777 779 971 986 1057 1062 1177 1199 1248 1300 1355 1546 1558 1562 1619 1633 1831 1862 1922 1936 1964
Compactness: 1974.741288
Weights: 462.000000 7920.000000 2351.000000
Center Node: 596

District 8
Nodes: 53 109 121 226 243 292 308 386 462 533 570 703 757 837 861 951 1009 1010 1064 1085 1091 1104 1123 1124 1130 1155 1156 1190 1270 1275 1372 1431 1449 1477 1559 1614 1701 1737 1859 1958 1962 1994
Compactness: 2358.487904
Weights: 480.000000 8032.000000 2359.000000
Center Node: 109

District 9
Nodes: 33 94 97 139 253 460 508 513 638 697 733 740 747 767 843 864 907 1025 1040 1137 1195 1215 1240 1243 1245 1288 1487 1502 1618 1651 1661 1670 1788 1840 1880 1889 1951 1966 1969
Compactness: 2427.371147
Weights: 496.000000 8088.000000 2271.000000
Center Node: 508

District 10
Nodes: 48 88 112 128 282 324 363 374 566 584 742 862 909 994 1038 1061 1065 1067 1320 1341 1349 1466 1473 1506 1511 1517 1535 1543 1547 1549 1613 1746 1791 1801 1894
Compactness: 4370.896299
Weights: 438.000000 7978.000000 2094.000000
Center Node: 363

District 11
Nodes: 7 10 12 29 238 242 257 476 511 512 599 632 644 680 753 782 783 794 859 869 952 981 1008 1026 1045 1088 1170 1221 1312 1314 1561 1628 1629 1690 1773 1877 1887 1990 1998
Compactness: 2357.862740
Weights: 480.000000 8036.000000 2293.000000
Center Node: 257

District 12
Nodes: 23 32 37 50 81 86 102 184 201 203 232 290 321 479 496 538 663 798 877 935 1066 1089 1196 1212 1235 1263 1330 1343 1458 1483 1504 1574 1637 1658 1709 1804 1892 1950 1987 1989
Compactness: 2729.710816
Weights: 458.000000 8663.000000 2346.000000
Center Node: 1212

District 13
Nodes: 51 156 215 300 318 416 422 423 526 583 634 676 696 707 731 781 848 880 969 977 1058 1071 1225 1358 1362 1417 1425 1426 1450 1478 1524 1553 1581 1631 1639 1643 1660 1687 1810 1856 1928 1956 1963 1976
Compactness: 2262.356735
Weights: 487.000000 8547.000000 2363.000000
Center Node: 977

District 14
Nodes: 54 83 338 341 402 404 572 600 643 716 820 850 882 906 926 948 953 1043 1051 1098 1173 1192 1213 1218 1297 1303 1340 1356 1429 1445 1488 1527 1642 1680 1731 1768 1842 1888 1903
Compactness: 2149.834981
Weights: 482.000000 8457.000000 2185.000000
Center Node: 1731

District 15
Nodes: 21 87 90 98 144 170 180 233 256 344 453 465 527 605 610 647 712 724 818 831 871 927 1001 1119 1160 1361 1392 1530 1617 1696 1729 1751 1778 1809 1828 1904 1960
Compactness: 2546.024236
Weights: 503.000000 7914.000000 2257.000000
Center Node: 647

District 16
Nodes: 71 209 229 265 285 304 361 473 486 491 597 693 711 729 751 769 799 985 1056 1090 1117 1228 1461 1536 1624 1636 1686 1740 1759 1767 1780 1819 1823 1838 1839 1875 1897 1942 1946 1972
Compactness: 2431.048771
Weights: 434.000000 7994.000000 2310.000000
Center Node: 71

District 17
Nodes: 36 49 244 316 445 451 518 545 808 834 838 839 845 1028 1037 1068 1080 1175 1210 1302 1319 1344 1379 1380 1400 1556 1641 1650 1666 1682 1805 1827 1852 1925 1943 1961 1979 1993 1996
Compactness: 2373.782072
Weights: 447.000000 7404.000000 2056.000000
Center Node: 1925

District 18
Nodes: 69 164 167 217 246 247 286 354 387 410 467 475 525 628 771 883 892 905 916 939 959 960 1027 1041 1129 1150 1285 1371 1375 1448 1580 1601 1630 1632 1765 1818 1866 1890 1932 1988
Compactness: 2157.485848
Weights: 500.000000 8197.000000 2285.000000
Center Node: 1375

District 19
Nodes: 22 45 140 178 216 276 310 336 368 429 466 521 571 574 611 660 670 689 797 804 832 840 881 974 1012 1047 1145 1271 1272 1404 1421 1577 1681 1702 1770 1813 1821 1876 1883 1909 1974
Compactness: 3066.680710
Weights: 474.000000 8663.000000 2276.000000
Center Node: 1770

District 20
Nodes: 4 9 24 26 35 235 266 269 284 355 364 405 455 587 614 752 876 911 920 961 973 1018 1019 1076 1110 1146 1216 1286 1324 1394 1409 1415 1442 1455 1493 1585 1586 1590 1756 1846 1882 1938
Compactness: 2794.332335
Weights: 463.000000 8687.000000 2372.000000
Center Node: 266

District 21
Nodes: 42 127 214 254 306 347 446 447 502 550 552 564 755 886 889 917 932 993 1148 1227 1239 1244 1277 1359 1459 1513 1544 1572 1602 1732 1747 1762 1789 1792 1829 1830 1896 1941
Compactness: 2434.020116
Weights: 470.000000 8014.000000 2222.000000
Center Node: 1227

District 22
Nodes: 39 181 182 220 261 288 309 326 362 373 377 409 456 510 688 814 815 946 967 1035 1036 1118 1152 1158 1169 1294 1348 1354 1385 1443 1485 1522 1570 1579 1592 1599 1609 1725 1727 1742 1826 1991
Compactness: 1969.334393
Weights: 492.000000 8635.000000 2251.000000
Center Node: 1725

District 23
Nodes: 44 59 78 89 137 298 458 485 499 575 598 620 651 738 749 868 914 933 963 1055 1204 1296 1308 1378 1396 1465 1492 1532 1699 1714 1749 1776 1783 1800 1837 1849 1867 1871 1920 1948
Compactness: 2333.385968
Weights: 490.000000 8402.000000 2371.000000
Center Node: 933

District 24
Nodes: 3 68 77 99 138 152 175 191 193 200 278 334 381 393 421 464 534 539 653 875 928 957 1069 1102 1318 1411 1444 1503 1514 1583 1605 1638 1667 1748 1885 1886 1906 1915 1921 1931 1937
Compactness: 2601.964463
Weights: 455.000000 8232.000000 2204.000000
Center Node: 1921

District 25
Nodes: 15 126 134 173 199 202 224 250 301 350 357 380 439 443 448 450 520 772 791 793 800 813 853 879 891 1084 1120 1147 1253 1311 1376 1414 1523 1654 1685 1689 1784 1834 1929 1947 1978
Compactness: 2343.585971
Weights: 498.000000 8701.000000 2181.000000
Center Node: 1685

District 26
Nodes: 0 38 56 63 142 162 168 210 314 323 383 412 501 558 577 601 750 773 801 825 826 972 982 1013 1114 1255 1269 1305 1476 1507 1509 1540 1582 1646 1662 1668 1716 1782 1786 1869
Compactness: 2540.970878
Weights: 463.000000 8619.000000 2369.000000
Center Node: 1716

District 27
Nodes: 105 113 195 322 329 352 385 434 478 484 537 553 664 687 776 803 852 888 918 991 1020 1022 1078 1101 1116 1133 1151 1186 1194 1276 1313 1366 1440 1499 1589 1705 1706 1794 1845
Compactness: 2098.767142
Weights: 482.000000 7968.000000 2159.000000
Center Node: 113

District 28
Nodes: 17 55 155 165 221 312 370 376 509 516 559 616 637 650 684 686 713 796 846 865 893 921 962 975 1003 1033 1157 1168 1179 1219 1222 1238 1333 1438 1816 1824 1825 1832 1864 1913 1953
Compactness: 2019.669453
Weights: 474.000000 8565.000000 2174.000000
Center Node: 975

District 29
Nodes: 82 169 260 294 345 390 394 403 480 494 604 635 639 674 694 701 725 728 765 786 924 949 958 1083 1094 1111 1207 1268 1290 1381 1395 1397 1567 1598 1652 1730 1774 1930 1975
Compactness: 2360.452198
Weights: 476.000000 8704.000000 2319.000000
Center Node: 1094

District 30
Nodes: 25 148 213 222 240 241 245 360 399 417 469 482 505 586 648 658 730 760 821 1109 1161 1217 1252 1301 1316 1327 1338 1423 1428 1505 1537 1550 1564 1622 1627 1634 1676 1694 1717 1814 1853
Compactness: 1877.990227
Weights: 498.000000 8325.000000 2304.000000
Center Node: 1301

District 31
Nodes: 52 57 95 114 151 187 302 407 425 461 468 488 554 561 602 608 612 692 790 931 978 979 1034 1039 1053 1054 1153 1236 1295 1386 1399 1424 1460 1518 1673 1722 1736 1744 1808 1878 1977
Compactness: 2837.943385
Weights: 450.000000 8562.000000 2308.000000
Center Node: 608

District 32
Nodes: 41 60 125 150 160 262 270 283 358 565 579 582 593 619 655 721 759 770 822 844 1017 1049 1075 1115 1140 1247 1292 1317 1335 1401 1469 1548 1566 1568 1734 1743 1822 1833 1857 1872 1873 1905
Compactness: 2416.994439
Weights: 484.000000 8658.000000 2170.000000
Center Node: 262

District 33
Nodes: 19 28 100 108 147 158 185 207 219 297 311 330 343 388 472 483 529 690 709 792 884 937 1077 1108 1138 1171 1322 1336 1377 1384 1430 1435 1471 1500 1529 1560 1571 1733 1785 1855 1868 1940
Compactness: 2413.209807
Weights: 491.000000 8505.000000 2321.000000
Center Node: 1138

District 34
Nodes: 2 18 104 122 153 154 239 327 328 340 348 398 426 427 541 624 669 678 732 1086 1097 1105 1135 1178 1193 1267 1284 1387 1403 1418 1427 1434 1456 1563 1594 1640 1760 1815 1854 1917 1919
Compactness: 2154.591504
Weights: 455.000000 8704.000000 2351.000000
Center Node: 678

District 35
Nodes: 70 75 85 115 212 218 248 293 333 337 497 514 528 548 591 595 622 641 675 727 745 806 811 863 872 878 895 1050 1092 1201 1278 1307 1326 1494 1836 1858 1899 1900 1907
Compactness: 2416.842309
Weights: 492.000000 8235.000000 2370.000000
Center Node: 1900

District 36
Nodes: 1 74 120 166 259 303 351 414 515 562 633 807 809 904 970 1015 1188 1299 1332 1408 1474 1490 1495 1501 1519 1520 1565 1584 1593 1600 1607 1621 1625 1647 1707 1758 1781 1817 1957 1967 1995
Compactness: 2769.203627
Weights: 463.000000 8688.000000 2369.000000
Center Node: 1707

District 37
Nodes: 6 30 101 123 129 130 208 237 255 267 432 437 470 645 659 681 695 699 766 768 987 1021 1024 1149 1165 1246 1328 1363 1436 1463 1472 1512 1591 1604 1612 1655 1769 1863 1902
Compactness: 2420.159566
Weights: 493.000000 8553.000000 2321.000000
Center Node: 30

District 38
Nodes: 111 176 183 189 281 382 397 411 441 544 563 585 631 671 934 1030 1079 1181 1182 1203 1237 1258 1331 1407 1410 1422 1475 1497 1578 1597 1663 1674 1697 1704 1752 1811 1835 1893 1918 1954
Compactness: 2282.911746
Weights: 462.000000 8013.000000 2352.000000
Center Node: 411

District 39
Nodes: 58 84 124 131 249 349 359 487 495 543 661 702 737 802 805 812 841 913 938 976 990 1063 1070 1142 1211 1321 1405 1437 1464 1486 1515 1606 1695 1718 1739 1755 1775 1779 1860 1983
Compactness: 2715.098848
Weights: 491.000000 8261.000000 2339.000000
Center Node: 812

District 40
Nodes: 13 61 188 230 279 289 319 342 535 609 668 685 691 746 817 856 945 980 998 1029 1032 1082 1096 1112 1113 1167 1183 1205 1223 1241 1264 1345 1382 1432 1452 1551 1554 1588 1620 1644 1777
Compactness: 2386.926337
Weights: 479.000000 8410.000000 2315.000000
Center Node: 1588

District 41
Nodes: 65 66 135 190 196 287 296 463 498 590 615 665 714 784 785 788 830 870 997 1007 1125 1229 1234 1260 1262 1266 1310 1325 1353 1367 1479 1616 1657 1728 1741 1772 1797 1884 1944 1980
Compactness: 2527.696551
Weights: 500.000000 8670.000000 2194.000000
Center Node: 1884

District 42
Nodes: 34 110 179 192 198 263 317 332 353 366 549 642 667 756 775 819 851 899 930 964 983 995 1014 1048 1172 1200 1257 1282 1309 1481 1576 1626 1798 1851 1891 1934 1939 1945
Compactness: 2372.531253
Weights: 472.000000 8042.000000 2284.000000
Center Node: 819

District 43
Nodes: 96 132 163 205 274 275 408 481 618 629 656 672 722 778 829 833 896 996 999 1031 1208 1280 1291 1390 1498 1595 1677 1688 1692 1700 1720 1721 1799 1843 1895 1927 1968 1986
Compactness: 1789.687147
Weights: 489.000000 7923.000000 2299.000000
Center Node: 833

District 44
Nodes: 72 92 116 171 197 264 325 415 420 493 523 606 607 718 748 780 894 897 1016 1072 1159 1163 1180 1185 1226 1250 1251 1274 1360 1368 1393 1454 1510 1557 1623 1659 1683 1715 1753 1803 1908
Compactness: 3864.447047
Weights: 492.000000 8206.000000 2158.000000
Center Node: 264

District 45
Nodes: 11 159 204 211 258 273 424 431 503 507 556 739 763 789 866 919 943 1011 1139 1166 1202 1249 1298 1304 1337 1346 1412 1420 1462 1467 1468 1521 1555 1603 1672 1684 1865 1881
Compactness: 1763.644436
Weights: 431.000000 7882.000000 2303.000000
Center Node: 1011

District 46
Nodes: 5 76 79 119 225 272 307 356 375 391 419 430 435 489 567 573 588 613 627 708 795 867 901 910 941 955 989 1044 1131 1144 1232 1470 1496 1587 1656 1671 1703 1745 1870 1912 1914
Compactness: 2660.505126
Weights: 477.000000 8541.000000 2315.000000
Center Node: 391

District 47
Nodes: 8 31 174 268 299 392 440 492 519 524 546 568 581 603 677 700 734 736 835 903 954 988 1000 1184 1306 1347 1373 1389 1402 1451 1635 1761 1766 1795 1911 1959 1973
Compactness: 2070.319650
Weights: 459.000000 8706.000000 2200.000000
Center Node: 1347

District 48
Nodes: 43 103 133 143 378 384 389 428 504 547 555 576 580 646 666 726 824 922 944 984 1005 1052 1127 1187 1242 1265 1287 1351 1370 1383 1447 1611 1679 1710 1764 1787 1861 1997
Compactness: 1932.338202
Weights: 506.000000 8659.000000 2053.000000
Center Node: 576

District 49
Nodes: 47 73 146 295 346 401 626 673 679 741 950 1006 1046 1095 1121 1122 1134 1136 1174 1176 1198 1233 1254 1365 1482 1484 1533 1542 1573 1596 1645 1735 1971 1992
Compactness: 2198.536661
Weights: 403.000000 7737.000000 1893.000000
Center Node: 1542

District 50
Nodes: 46 64 172 234 305 369 372 433 442 444 532 540 551 623 754 758 823 836 885 1081 1141 1164 1256 1261 1273 1374 1416 1439 1446 1457 1491 1528 1531 1539 1541 1608 1648 1664 1723 1807 1879 1933
Compactness: 2699.673574
Weights: 500.000000 8711.000000 2336.000000
Center Node: 444
