BalanceViolation 9108.478000
AffinityLoss 919.000000
Compactness 26339.534134

District 1
Nodes: 9 10 190 275 345 366 411 441 470
Compactness: 403.357774
Weights: 114.000000 2037.000000 563.000000
Center Node: 441

District 2
Nodes: 6 42 59 124 189 371 444 463
Compactness: 273.431649
Weights: 112.000000 2153.000000 541.000000
Center Node: 59

District 3
Nodes: 106 122 133 283 302 383 387 404 449 459
Compactness: 640.778727
Weights: 137.000000 2027.000000 529.000000
Center Node: 387

District 4
Nodes: 80 199 240 324 395
Compactness: 134.879581
Weights: 77.000000 960.000000 301.000000
Center Node: 240

District 5
Nodes: 15 134 137 177 200 208 217 298 347 494
Compactness: 534.771043
Weights: 100.000000 1934.000000 668.000000
Center Node: 217

District 6
Nodes: 31 48 107 112 141 152 316 329 334 416 443 446
Compactness: 462.306409
Weights: 124.000000 2029.000000 601.000000
Center Node: 141

District 7
Nodes: 95 104 131 180 242 262 267 274 358 392 495
Compactness: 677.589951
Weights: 167.000000 2336.000000 667.000000
Center Node: 180

District 8
Nodes: 105 158 167 207 273 304 353 426 455
Compactness: 697.769367
Weights: 107.000000 2149.000000 532.000000
Center Node: 273

District 9
Nodes: 69 76 116 143 149 156 343 352 367 488 491
Compactness: 672.182932
Weights: 130.000000 2031.000000 709.000000
Center Node: 76

District 10
Nodes: 82 87 153 187 225 255 281 282 359
Compactness: 516.157408
Weights: 142.000000 2240.000000 501.000000
Center Node: 359

District 11
Nodes: 28 44 111 126 144 223 348 381 384 397 409
Compactness: 657.585849
Weights: 133.000000 2137.000000 547.000000
Center Node: 28

District 12
Nodes: 78 102 176 234 251 310 362 415 440
Compactness: 298.865167
Weights: 124.000000 1656.000000 695.000000
Center Node: 251

District 13
Nodes: 14 41 50 89 161 162 163 239 380 497
Compactness: 527.935615
Weights: 133.000000 1969.000000 660.000000
Center Node: 89

District 14
Nodes: 56 94 117 160 237 291 312 364 373 461 487
Compactness: 570.361678
Weights: 134.000000 1876.000000 571.000000
Center Node: 364

District 15
Nodes: 4 32 37 74 377 425 460 464 467 471 477
Compactness: 666.357561
Weights: 98.000000 1890.000000 596.000000
Center Node: 377

District 16
Nodes: 36 61 92 98 204 222 233 314 382 406 422 480
Compactness: 708.049380
Weights: 148.000000 2105.000000 597.000000
Center Node: 233

District 17
Nodes: 86 110 151 320 410 412 423 472 479
Compactness: 506.999361
Weights: 126.000000 1961.000000 542.000000
Center Node: 423

District 18
Nodes: 5 40 114 155 195 220 265 311 331 339 417
Compactness: 473.125391
Weights: 116.000000 1957.000000 684.000000
Center Node: 195

District 19
Nodes: 16 25 51 52 100 130 132 259 287 402 428 457
Compactness: 402.566338
Weights: 131.000000 2437.000000 470.000000
Center Node: 25

District 20
Nodes: 29 62 229 231 272 278 305 361 401 405 481
Compactness: 688.859065
Weights: 129.000000 2266.000000 553.000000
Center Node: 405

District 21
Nodes: 55 121 173 181 188 226 257 292 424 445
Compactness: 652.530899
Weights: 112.000000 2244.000000 621.000000
Center Node: 121

District 22
Nodes: 7 11 38 45 118 145 159 295 378 452
Compactness: 496.011940
Weights: 132.000000 2158.000000 606.000000
Center Node: 295

District 23
Nodes: 171 213 221 253 294 340 394 403
Compactness: 547.781144
Weights: 87.000000 2039.000000 582.000000
Center Node: 221

District 24
Nodes: 70 168 169 219 238 247 256 279 313 456 482
Compactness: 580.986240
Weights: 126.000000 2011.000000 591.000000
Center Node: 456

District 25
Nodes: 72 91 120 157 178 201 306 338 388 458
Compactness: 416.832599
Weights: 140.000000 2255.000000 615.000000
Center Node: 388

District 26
Nodes: 185 191 197 230 322 386 429 450 451
Compactness: 326.024516
Weights: 103.000000 2073.000000 591.000000
Center Node: 451

District 27
Nodes: 68 81 192 193 246 307 342 355 398 465 490 499
Compactness: 535.864225
Weights: 142.000000 2378.000000 799.000000
Center Node: 193

District 28
Nodes: 58 97 148 175 277 300 326 328 489 493 498
Compactness: 810.572872
Weights: 156.000000 1976.000000 652.000000
Center Node: 277

District 29
Nodes: 30 47 83 85 101 196 202 260 308 418 474
Compactness: 657.024662
Weights: 137.000000 1916.000000 673.000000
Center Node: 101

District 30
Nodes: 26 54 79 129 321 419 484
Compactness: 224.818414
Weights: 79.000000 1350.000000 475.000000
Center Node: 484

District 31
Nodes: 13 174 206 241 243 286 288 290 363
Compactness: 518.543949
Weights: 114.000000 2142.000000 499.000000
Center Node: 243

District 32
Nodes: 0 165 271 315 330 379 485
Compactness: 280.299536
Weights: 86.000000 945.000000 275.000000
Center Node: 271

District 33
Nodes: 17 46 128 211 299 303 344 354 375 478
Compactness: 589.144931
Weights: 105.000000 2267.000000 617.000000
Center Node: 299

District 34
Nodes: 1 150 205 280 337 421 431 435
Compactness: 336.798672
Weights: 83.000000 1656.000000 463.000000
Center Node: 421

District 35
Nodes: 18 49 103 172 186 215 218 319 370 434 475
Compactness: 711.500880
Weights: 110.000000 2084.000000 573.000000
Center Node: 319

District 36
Nodes: 27 140 249 250 296 323 356 368 468
Compactness: 364.798621
Weights: 131.000000 2150.000000 442.000000
Center Node: 250

District 37
Nodes: 60 66 125 139 170 179 182 212 268 346 454
Compactness: 593.824681
Weights: 133.000000 2139.000000 497.000000
Center Node: 170

District 38
Nodes: 19 24 90 236 264 325 414 442 469
Compactness: 529.882063
Weights: 117.000000 2222.000000 494.000000
Center Node: 325

District 39
Nodes: 154 203 224 248 258 293 335 376 436 483
Compactness: 577.391423
Weights: 132.000000 2132.000000 523.000000
Center Node: 483

District 40
Nodes: 57 64 96 123 142 210 245 357 432 438
Compactness: 454.791587
Weights: 131.000000 2256.000000 513.000000
Center Node: 357

District 41
Nodes: 34 43 63 93 209 228 269 389 399 420
Compactness: 604.526791
Weights: 125.000000 1951.000000 586.000000
Center Node: 399

District 42
Nodes: 75 77 84 88 276 297 369 390 427 466
Compactness: 499.458695
Weights: 124.000000 2087.000000 526.000000
Center Node: 466

District 43
Nodes: 2 20 67 127 135 164 263 301 327 372 385 413 473
Compactness: 821.222319
Weights: 140.000000 2731.000000 654.000000
Center Node: 327

District 44
Nodes: 35 53 198 214 332 351 360 393 407 433 476 486
Compactness: 549.165312
Weights: 132.000000 1788.000000 696.000000
Center Node: 35

District 45
Nodes: 21 146 147 184 252 254 349 439 492
Compactness: 495.443103
Weights: 125.000000 1715.000000 638.000000
Center Node: 492

District 46
Nodes: 3 8 73 113 285 289 317 496
Compactness: 366.568401
Weights: 114.000000 2056.000000 536.000000
Center Node: 317

District 47
Nodes: 39 71 115 119 136 138 183 194 227 232 270 309 336 341 430 453
Compactness: 1197.150977
Weights: 191.000000 2320.000000 865.000000
Center Node: 453

District 48
Nodes: 33 108 166 244 284 333 400 408 448
Compactness: 322.750840
Weights: 83.000000 2109.000000 676.000000
Center Node: 244

District 49
Nodes: 12 23 65 216 261 266 318 350 396 447
Compactness: 391.552754
Weights: 124.000000 2127.000000 582.000000
Center Node: 396

District 50
Nodes: 22 99 109 235 365 374 391 437 462
Compactness: 372.340843
Weights: 77.000000 2154.000000 580.000000
Center Node: 365
