BalanceViolation 2937.282500
AffinityLoss 975.000000
Compactness 46523.554923

District 1
Nodes: 22 44 61 91 92 99 109 120 157 201 222 235 270 306 314 338 365 382 388 391 437 458 462
Compactness: 1720.029166
Weights: 274.000000 5378.000000 1454.000000
Center Node: 120

District 2
Nodes: 0 6 26 42 54 59 79 124 129 165 189 271 315 321 330 371 379 419 444 463 484 485 497
Compactness: 1943.453335
Weights: 287.000000 4609.000000 1378.000000
Center Node: 6

District 3
Nodes: 18 19 24 49 80 90 172 186 199 236 240 264 319 324 325 370 395 414 434 442 469 475
Compactness: 2142.789642
Weights: 274.000000 4807.000000 1240.000000
Center Node: 434

District 4
Nodes: 1 4 32 35 37 53 74 106 198 205 214 280 332 337 351 360 377 393 404 407 421 425 431 433 435 459 467 476 486
Compactness: 2617.384686
Weights: 312.000000 5378.000000 1657.000000
Center Node: 433

District 5
Nodes: 12 23 29 62 65 134 140 173 181 188 208 216 226 250 266 278 296 298 318 350 356 361 396 401 424 447
Compactness: 2186.258809
Weights: 303.000000 5311.000000 1458.000000
Center Node: 396

District 6
Nodes: 5 34 40 43 77 88 93 114 155 195 209 220 228 265 269 276 297 311 331 339 343 367 390 399 417 427 466 491
Compactness: 2833.903134
Weights: 316.000000 5097.000000 1669.000000
Center Node: 417

District 7
Nodes: 17 46 95 104 128 131 180 211 242 262 267 274 299 303 344 354 355 358 375 392 478 495
Compactness: 1836.329993
Weights: 276.000000 4875.000000 1336.000000
Center Node: 392

District 8
Nodes: 10 58 78 102 115 136 138 171 175 176 213 221 234 251 253 277 294 300 309 310 328 340 362 394 403 415 440 489
Compactness: 2632.372259
Weights: 368.000000 4989.000000 1790.000000
Center Node: 234

District 9
Nodes: 82 87 108 153 166 182 187 212 225 241 243 244 255 281 282 284 290 359 400 408 448 454
Compactness: 2026.115600
Weights: 257.000000 5258.000000 1327.000000
Center Node: 108

District 10
Nodes: 27 56 86 94 117 151 185 191 197 230 231 237 249 291 320 322 364 368 373 386 429 450 451 461 468
Compactness: 1801.567011
Weights: 313.000000 5165.000000 1440.000000
Center Node: 237

District 11
Nodes: 31 36 48 60 66 98 107 112 125 139 141 152 170 179 204 233 268 286 316 329 334 346 406 416 422 443 446 460 464 471 477 480
Compactness: 3094.042979
Weights: 363.000000 5309.000000 1510.000000
Center Node: 139

District 12
Nodes: 69 76 110 143 149 154 156 168 219 247 248 256 258 279 293 323 335 352 410 412 423 456 472 479 482 483 488
Compactness: 2478.970279
Weights: 351.000000 5235.000000 1583.000000
Center Node: 256

District 13
Nodes: 21 105 146 147 158 167 184 207 229 252 254 272 273 304 305 349 353 405 426 439 455 481 492
Compactness: 2290.128701
Weights: 286.000000 5056.000000 1453.000000
Center Node: 167

District 14
Nodes: 13 15 30 47 70 83 85 101 137 169 174 177 196 200 202 206 217 238 260 288 308 313 347 363 418 474 494
Compactness: 3046.438533
Weights: 303.000000 5334.000000 1553.000000
Center Node: 30

District 15
Nodes: 3 8 14 41 50 55 73 89 113 121 161 162 163 239 257 261 285 289 292 317 380 445 496
Compactness: 2196.388108
Weights: 317.000000 4982.000000 1452.000000
Center Node: 496

District 16
Nodes: 9 28 75 84 97 111 126 144 148 190 275 326 345 348 366 369 374 384 397 411 441 470 493 498
Compactness: 2123.050115
Weights: 300.000000 5284.000000 1422.000000
Center Node: 326

District 17
Nodes: 7 11 38 45 63 103 116 118 145 159 160 203 215 218 224 295 312 376 378 389 420 436 452 487
Compactness: 4237.074647
Weights: 305.000000 5333.000000 1342.000000
Center Node: 487

District 18
Nodes: 33 57 64 68 81 96 123 142 192 193 210 245 246 307 333 342 357 398 432 438 465 490 499
Compactness: 1859.100797
Weights: 298.000000 4927.000000 1439.000000
Center Node: 64

District 19
Nodes: 16 25 51 52 100 122 130 132 133 150 259 283 287 302 383 387 402 428 449 457
Compactness: 1039.805697
Weights: 241.000000 3892.000000 918.000000
Center Node: 132

District 20
Nodes: 2 20 39 67 71 72 119 127 135 164 178 183 194 223 227 232 263 301 327 336 341 372 381 385 409 413 430 453 473
Compactness: 2418.351431
Weights: 329.000000 5362.000000 1546.000000
Center Node: 67
