BalanceViolation 82.042500
AffinityLoss 1652.000000
Compactness 92973.566559

District 1
Nodes: 58 146 163 176 200 214 261 282 287 293 296 317 337 352 400 407 411 415 445 474 478 517 552 569 589 594 608 612 624 635 637 659 691 696 733 734 764 778 786 801 809 810 868 872 890 908 939 962 969 970 972 993
Compactness: 5163.500168
Weights: 619.000000 10903.000000 2998.000000
Center Node: 589

District 2
Nodes: 15 36 50 54 68 82 164 181 184 228 229 247 250 259 275 303 305 311 382 391 425 436 438 482 490 499 525 531 542 578 640 648 657 661 663 690 765 773 789 807 870 896 903 913 930 931 936 961 975 995
Compactness: 4739.117743
Weights: 605.000000 10247.000000 2999.000000
Center Node: 250

District 3
Nodes: 61 118 123 165 170 186 203 244 251 273 294 313 332 379 383 395 424 434 449 501 510 527 532 537 563 568 581 613 623 651 677 693 706 776 797 803 842 847 861 863 865 883 884 891 904 912 941 944 948 985
Compactness: 4931.504296
Weights: 615.000000 11033.000000 3002.000000
Center Node: 706

District 4
Nodes: 3 21 35 43 47 80 108 125 129 133 159 174 178 182 197 213 217 245 246 252 260 289 331 343 374 394 447 450 464 548 564 567 571 593 604 618 664 687 689 697 720 748 768 791 811 878 901 924 928
Compactness: 4129.274239
Weights: 573.000000 10579.000000 2912.000000
Center Node: 571

District 5
Nodes: 9 14 33 44 95 106 124 128 137 140 155 270 315 318 327 357 369 370 381 408 427 439 491 513 533 547 572 577 611 632 645 658 721 735 737 756 820 822 834 839 840 853 873 875 894 899 909 937
Compactness: 4708.528756
Weights: 575.000000 10169.000000 2716.000000
Center Node: 270

District 6
Nodes: 1 23 30 31 57 59 67 69 72 73 91 93 96 109 136 195 208 230 232 263 266 281 329 349 359 422 457 460 467 475 489 498 553 556 566 583 607 633 636 667 674 683 711 724 738 770 800 813 835 867 880 926 938 943 949 965
Compactness: 5263.160317
Weights: 626.000000 11085.000000 2880.000000
Center Node: 230

District 7
Nodes: 0 12 22 39 62 84 85 86 97 112 160 166 175 193 225 264 272 288 299 309 321 344 346 355 360 378 399 437 448 455 507 520 544 580 662 686 700 709 725 729 740 808 815 833 844 850 959 960 963 964 977 986 991
Compactness: 4735.958060
Weights: 585.000000 10915.000000 2985.000000
Center Node: 355

District 8
Nodes: 51 88 139 201 222 236 249 257 341 342 347 373 376 380 397 413 421 429 440 480 487 503 512 530 541 543 576 617 619 668 681 716 718 731 746 752 771 816 864 882 932 942 973 981 988 994
Compactness: 4222.925754
Weights: 570.000000 10930.000000 2722.000000
Center Node: 718

District 9
Nodes: 11 56 113 117 141 152 153 167 204 205 221 285 328 334 351 365 406 420 444 469 514 539 554 559 561 570 597 631 647 649 703 708 736 755 766 790 794 818 828 843 869 897 920 923 951 952 967 978 982 992
Compactness: 4372.439491
Weights: 571.000000 10176.000000 2966.000000
Center Node: 818

District 10
Nodes: 20 27 70 76 83 89 115 126 131 144 149 216 233 241 242 255 265 274 279 290 304 314 324 338 375 441 463 492 493 511 516 534 641 672 698 699 743 758 780 787 823 826 827 846 856 857 885 916 918 997
Compactness: 4839.828580
Weights: 609.000000 10151.000000 2733.000000
Center Node: 441

District 11
Nodes: 8 28 38 53 75 102 105 119 121 138 171 180 207 268 269 295 316 319 326 330 354 368 384 401 409 412 419 430 442 458 466 484 496 502 508 540 546 586 598 601 620 652 680 719 760 781 788 819 929 968 999
Compactness: 4381.925007
Weights: 621.000000 10625.000000 2855.000000
Center Node: 586

District 12
Nodes: 13 24 48 60 77 127 134 142 168 209 224 226 227 234 253 339 345 363 372 433 435 451 470 473 477 479 494 521 524 526 592 602 655 676 678 702 705 722 799 817 836 851 852 855 871 874 902 905 983 984
Compactness: 5523.013899
Weights: 611.000000 10619.000000 2753.000000
Center Node: 871

District 13
Nodes: 4 17 18 45 92 101 110 116 143 151 156 173 185 187 190 215 235 258 280 283 292 302 307 312 335 362 389 423 426 452 488 538 558 614 656 723 728 739 745 777 824 832 841 893 900 917 921 922 947 998
Compactness: 4403.480139
Weights: 624.000000 10179.000000 2935.000000
Center Node: 151

District 14
Nodes: 25 32 40 49 52 66 79 94 158 169 188 212 231 243 301 306 325 336 348 361 366 371 385 392 405 453 456 461 506 545 557 575 590 591 595 603 605 621 638 646 666 675 701 742 747 763 772 796 838 887 914 935
Compactness: 3754.475972
Weights: 629.000000 10335.000000 2931.000000
Center Node: 506

District 15
Nodes: 6 7 10 16 34 71 81 130 132 147 161 172 196 238 278 297 386 396 403 446 465 476 495 528 550 555 585 587 609 628 642 673 679 688 707 751 759 762 804 821 825 854 859 860 877 907 911 915 925 933 946
Compactness: 4745.961310
Weights: 623.000000 10236.000000 2932.000000
Center Node: 933

District 16
Nodes: 5 78 99 104 148 150 157 183 191 206 223 248 310 322 323 353 390 417 454 462 471 472 497 500 536 622 630 634 653 704 712 713 714 730 753 754 767 775 782 784 792 798 862 889 919 945 954 956 976 979 987 989
Compactness: 5354.756912
Weights: 625.000000 10837.000000 2777.000000
Center Node: 472

District 17
Nodes: 2 64 103 114 154 177 179 194 210 254 300 308 320 358 364 367 393 402 428 432 509 518 522 523 529 573 629 639 643 654 669 692 694 715 726 727 744 793 795 806 814 837 881 940 953 958 974
Compactness: 4667.775869
Weights: 538.000000 11081.000000 2723.000000
Center Node: 953

District 18
Nodes: 42 55 74 87 90 98 107 120 220 256 267 271 291 333 340 387 388 404 416 431 481 485 486 549 551 560 565 582 610 615 616 625 644 650 671 732 845 866 888 895 898 910 934 955 957 966 990
Compactness: 3859.019129
Weights: 617.000000 10084.000000 2941.000000
Center Node: 271

District 19
Nodes: 19 29 65 122 135 145 162 189 199 202 211 219 239 240 276 284 286 398 468 515 562 574 579 584 588 599 606 627 670 684 685 717 741 749 761 774 785 805 829 831 848 849 858 876 886 950
Compactness: 4682.028080
Weights: 615.000000 10795.000000 2768.000000
Center Node: 717

District 20
Nodes: 26 37 41 46 63 100 111 192 198 218 237 262 277 298 350 356 377 410 414 418 443 459 483 504 505 519 535 596 600 626 660 665 682 695 710 750 757 769 779 783 802 812 830 879 892 906 927 971 980 996
Compactness: 4494.892841
Weights: 554.000000 11125.000000 2686.000000
Center Node: 750
