BalanceViolation 1212.433000
AffinityLoss 1822.000000
Compactness 63732.496846

District 1
Nodes: 9 124 140 154 179 241 242 318 370 381 513 694 726 737 787 814 820 834 840 899
Compactness: 1105.630274
Weights: 215.000000 4358.000000 1140.000000
Center Node: 124

District 2
Nodes: 146 163 176 200 214 296 352 411 589 608 612 635 659 696 733 734 801 908 972
Compactness: 858.520204
Weights: 228.000000 3984.000000 1029.000000
Center Node: 146

District 3
Nodes: 43 174 178 246 252 260 289 343 394 447 450 564 571 604 687 748 811 901 924 928
Compactness: 1021.797905
Weights: 229.000000 4129.000000 1182.000000
Center Node: 564

District 4
Nodes: 61 100 118 153 203 205 251 313 444 501 527 613 651 883 891 948
Compactness: 1687.367724
Weights: 196.000000 4360.000000 979.000000
Center Node: 501

District 5
Nodes: 23 72 164 228 229 232 275 303 349 436 467 531 578 648 773 789 867 913 930 931 936 975
Compactness: 1860.013160
Weights: 244.000000 4450.000000 1137.000000
Center Node: 228

District 6
Nodes: 39 86 97 130 160 256 278 299 455 551 610 662 700 707 740 821 860 888 934 955 957 966
Compactness: 1308.524019
Weights: 242.000000 4389.000000 1158.000000
Center Node: 455

District 7
Nodes: 51 88 139 150 222 236 342 429 440 480 503 541 543 718 746 919 932 973 988
Compactness: 1175.924213
Weights: 256.000000 4334.000000 1039.000000
Center Node: 429

District 8
Nodes: 31 59 101 116 136 173 187 240 263 284 515 538 566 584 717 741 749 761 800 947
Compactness: 1737.980585
Weights: 260.000000 4237.000000 1126.000000
Center Node: 584

District 9
Nodes: 167 177 300 308 358 367 393 402 573 669 692 703 755 795 806 828 837 940 982
Compactness: 1504.166295
Weights: 209.000000 4198.000000 1198.000000
Center Node: 806

District 10
Nodes: 8 11 56 113 121 141 204 221 328 384 469 766 790 818 869 897 920 952 967 978 992
Compactness: 1327.852396
Weights: 224.000000 4298.000000 1207.000000
Center Node: 121

District 11
Nodes: 58 223 238 248 310 323 337 415 517 594 624 673 713 753 762 764 784 786 862 868 987
Compactness: 1244.194565
Weights: 242.000000 4400.000000 1184.000000
Center Node: 624

District 12
Nodes: 46 70 89 111 149 216 262 274 290 304 314 338 441 463 492 493 698 757 758 780 847 885 941
Compactness: 1351.291828
Weights: 262.000000 4082.000000 1122.000000
Center Node: 780

District 13
Nodes: 25 156 190 283 292 362 385 389 488 557 558 575 605 614 723 739 796 824 841 914 917
Compactness: 1306.641934
Weights: 246.000000 4029.000000 1192.000000
Center Node: 614

District 14
Nodes: 1 53 69 73 93 105 109 195 208 268 295 330 475 674 680 724 760 949 999
Compactness: 1173.178466
Weights: 228.000000 4346.000000 1115.000000
Center Node: 475

District 15
Nodes: 44 128 143 155 185 258 416 426 486 565 611 644 645 721 745 822 839 873 875
Compactness: 1102.134196
Weights: 237.000000 4046.000000 1175.000000
Center Node: 611

District 16
Nodes: 6 7 10 132 147 446 465 474 552 555 587 628 642 688 804 825 877 911 915 946
Compactness: 1227.329400
Weights: 280.000000 4103.000000 1111.000000
Center Node: 10

District 17
Nodes: 14 55 168 234 340 363 433 435 451 477 494 549 676 732 836 855 871 874 984
Compactness: 1259.739572
Weights: 247.000000 4054.000000 1159.000000
Center Node: 984

District 18
Nodes: 32 40 49 52 79 94 169 188 348 366 506 520 590 595 638 646 742 838 887 935
Compactness: 907.408293
Weights: 257.000000 4102.000000 1188.000000
Center Node: 838

District 19
Nodes: 26 37 41 186 192 350 410 443 519 535 563 600 660 682 695 716 750 802 830 971
Compactness: 1280.940610
Weights: 210.000000 4324.000000 1164.000000
Center Node: 535

District 20
Nodes: 35 108 122 135 189 219 239 331 468 567 574 588 618 670 685 689 720 791 849
Compactness: 1524.557856
Weights: 234.000000 4315.000000 1155.000000
Center Node: 135

District 21
Nodes: 78 99 183 191 206 322 353 390 454 472 497 536 622 630 712 730 754 775 945 976 989
Compactness: 2096.152028
Weights: 264.000000 4305.000000 1088.000000
Center Node: 976

District 22
Nodes: 30 67 230 281 329 359 422 498 553 556 583 633 636 667 711 813 926 938 943
Compactness: 1119.323290
Weights: 234.000000 4156.000000 1197.000000
Center Node: 281

District 23
Nodes: 22 84 112 193 225 264 288 344 360 378 448 544 580 585 751 850 960 963 986
Compactness: 1204.165641
Weights: 214.000000 4093.000000 1201.000000
Center Node: 360

District 24
Nodes: 42 74 87 90 98 134 271 333 339 481 560 582 615 616 650 678 845 895 990
Compactness: 947.769330
Weights: 252.000000 4196.000000 1139.000000
Center Node: 271

District 25
Nodes: 2 64 103 152 285 365 428 502 523 539 554 570 597 629 649 715 736 923 951 958
Compactness: 903.816976
Weights: 235.000000 4235.000000 1176.000000
Center Node: 570

District 26
Nodes: 15 36 68 82 117 259 305 382 420 438 514 525 542 640 647 661 690 870 896 903
Compactness: 1609.084134
Weights: 243.000000 3695.000000 1294.000000
Center Node: 870

District 27
Nodes: 123 324 383 395 414 418 568 623 626 693 706 743 769 776 779 783 797 879 904 912
Compactness: 1225.235282
Weights: 249.000000 4236.000000 1151.000000
Center Node: 693

District 28
Nodes: 48 127 227 249 372 373 376 397 462 471 479 487 512 521 524 530 592 619 882 981 994
Compactness: 1640.989217
Weights: 234.000000 4310.000000 1134.000000
Center Node: 376

District 29
Nodes: 5 157 261 293 317 445 478 691 767 782 809 810 872 907 939 969 970 993
Compactness: 1245.673697
Weights: 190.000000 4077.000000 1229.000000
Center Node: 810

District 30
Nodes: 4 17 19 45 92 151 215 235 280 302 307 312 335 452 656 728 832 900 921 922 998
Compactness: 1150.116674
Weights: 269.000000 4088.000000 1176.000000
Center Node: 280

District 31
Nodes: 20 76 194 210 254 320 509 510 516 518 522 532 534 643 654 672 744 881 918 953 997
Compactness: 1072.079677
Weights: 229.000000 4452.000000 1127.000000
Center Node: 643

District 32
Nodes: 16 34 161 172 196 297 386 396 403 476 495 528 550 609 679 759 854 859 889 925 933
Compactness: 1215.193770
Weights: 251.000000 4254.000000 1173.000000
Center Node: 550

District 33
Nodes: 38 138 171 181 316 319 334 351 368 406 458 508 540 559 561 631 708 719 781 794 843
Compactness: 1519.936466
Weights: 252.000000 4339.000000 1190.000000
Center Node: 508

District 34
Nodes: 13 60 71 77 81 107 209 220 224 267 291 345 485 526 602 634 655 671 898 905
Compactness: 1811.081785
Weights: 252.000000 4244.000000 1117.000000
Center Node: 71

District 35
Nodes: 24 27 33 83 126 131 226 255 265 279 375 511 699 823 826 857 902 916 983
Compactness: 859.828921
Weights: 256.000000 4316.000000 1085.000000
Center Node: 511

District 36
Nodes: 0 12 62 85 120 166 346 387 388 399 404 437 507 625 725 729 808 866 910 964 977
Compactness: 1067.857762
Weights: 264.000000 4129.000000 1167.000000
Center Node: 62

District 37
Nodes: 198 201 218 257 277 341 347 356 421 459 504 505 596 617 665 681 710 731 816 892 942
Compactness: 940.465060
Weights: 246.000000 4450.000000 1095.000000
Center Node: 277

District 38
Nodes: 50 54 184 247 250 269 311 391 425 482 490 499 657 663 765 788 807 961 995
Compactness: 1308.207857
Weights: 220.000000 4154.000000 1190.000000
Center Node: 250

District 39
Nodes: 29 57 91 145 266 398 457 599 606 627 684 738 785 829 831 835 880 950 965
Compactness: 865.485319
Weights: 241.000000 4460.000000 1026.000000
Center Node: 950

District 40
Nodes: 102 106 270 326 357 412 419 439 460 547 572 577 658 683 756 770 819 894 909 937 968
Compactness: 1804.319107
Weights: 229.000000 4413.000000 1106.000000
Center Node: 572

District 41
Nodes: 95 137 253 315 327 408 427 431 473 491 533 632 735 799 817 851 852 853
Compactness: 1208.169871
Weights: 201.000000 4267.000000 978.000000
Center Node: 253

District 42
Nodes: 47 133 158 197 212 217 231 243 301 306 325 336 361 371 392 405 456 461 621 664 666
Compactness: 1135.894974
Weights: 244.000000 4158.000000 1187.000000
Center Node: 621

District 43
Nodes: 104 148 282 287 400 407 417 500 569 637 653 704 714 778 792 798 890 954 956 962 979
Compactness: 1509.817647
Weights: 240.000000 4432.000000 1164.000000
Center Node: 792

District 44
Nodes: 114 170 244 364 379 432 434 529 537 581 639 727 793 803 861 863 865 944 974 985
Compactness: 841.491573
Weights: 255.000000 4172.000000 1138.000000
Center Node: 537

District 45
Nodes: 66 175 272 309 321 355 453 545 591 603 686 701 709 747 763 772 815 833 844 959 991
Compactness: 1216.077016
Weights: 253.000000 4409.000000 1189.000000
Center Node: 272

District 46
Nodes: 115 142 144 233 380 413 470 576 641 668 702 705 722 752 771 827 846 856 864
Compactness: 1268.484002
Weights: 223.000000 4392.000000 1114.000000
Center Node: 115

District 47
Nodes: 3 21 80 110 125 129 159 182 213 245 374 423 464 548 593 675 697 768 777 878
Compactness: 1239.250268
Weights: 238.000000 4271.000000 1174.000000
Center Node: 182

District 48
Nodes: 18 65 96 162 199 202 211 276 286 489 562 579 607 774 805 848 858 876 886 893
Compactness: 1578.659719
Weights: 254.000000 4138.000000 1160.000000
Center Node: 886

District 49
Nodes: 63 165 237 273 294 298 332 377 424 449 483 677 812 842 884 906 927 980 996
Compactness: 1237.981202
Weights: 246.000000 4443.000000 1155.000000
Center Node: 842

District 50
Nodes: 28 75 119 180 207 354 369 401 409 430 442 466 484 496 546 586 598 601 620 652 929
Compactness: 924.695085
Weights: 281.000000 4282.000000 1134.000000
Center Node: 401
