BalanceViolation 400.576000
AffinityLoss 1900.000000
Compactness 65664.294028

District 1
Nodes: 62 85 130 131 200 279 295 366 381 470 598 628 638 673 686 701 752 813 861 940
Compactness: 940.816812
Weights: 236.000000 4264.000000 1082.000000
Center Node: 686

District 2
Nodes: 28 47 115 118 128 150 183 217 277 311 376 395 519 646 797 826 905 926 960 997
Compactness: 994.896949
Weights: 223.000000 4216.000000 1173.000000
Center Node: 997

District 3
Nodes: 8 44 58 99 155 291 306 357 364 498 505 546 693 767 855 870 890 915 920
Compactness: 1058.651763
Weights: 234.000000 4087.000000 1129.000000
Center Node: 855

District 4
Nodes: 95 122 168 264 294 355 396 423 467 476 580 589 662 699 815 836 863 865 893
Compactness: 1189.920601
Weights: 213.000000 4077.000000 1191.000000
Center Node: 580

District 5
Nodes: 20 35 83 91 105 185 187 261 281 335 360 504 571 575 666 801 843 945 967 969 995
Compactness: 1370.850267
Weights: 245.000000 4127.000000 1160.000000
Center Node: 83

District 6
Nodes: 5 31 67 76 79 112 119 134 194 218 416 435 448 664 685 695 707 711 778 847 912
Compactness: 1195.715017
Weights: 238.000000 4158.000000 1126.000000
Center Node: 695

District 7
Nodes: 38 161 171 196 205 252 265 293 338 363 601 604 647 677 725 763 772 786 814 823 989
Compactness: 1329.845845
Weights: 243.000000 4367.000000 1128.000000
Center Node: 823

District 8
Nodes: 66 106 189 317 324 328 351 380 483 497 520 522 581 709 719 844 877 886 992
Compactness: 1342.360152
Weights: 245.000000 4093.000000 1111.000000
Center Node: 317

District 9
Nodes: 125 174 245 283 303 319 330 358 422 443 531 556 606 621 625 681 783 816 853 953 976
Compactness: 1508.089750
Weights: 242.000000 4147.000000 1140.000000
Center Node: 245

District 10
Nodes: 10 69 80 104 342 347 404 419 432 597 607 645 658 672 716 721 806 821 866 916 955 958 975
Compactness: 1692.635680
Weights: 221.000000 4394.000000 1178.000000
Center Node: 672

District 11
Nodes: 77 199 207 258 286 312 331 451 453 454 482 492 569 588 663 702 729 818 845 948 952
Compactness: 1145.413053
Weights: 248.000000 4383.000000 1140.000000
Center Node: 948

District 12
Nodes: 48 68 75 133 255 310 349 486 490 538 560 603 626 651 684 696 698 731 787 936 990
Compactness: 1752.881269
Weights: 246.000000 4370.000000 1097.000000
Center Node: 560

District 13
Nodes: 9 17 152 163 186 215 373 440 481 514 548 634 838 879 881 901 949 956 998
Compactness: 1793.008790
Weights: 245.000000 4059.000000 1137.000000
Center Node: 901

District 14
Nodes: 37 43 56 132 144 210 313 332 394 512 691 715 724 751 790 830 939 977 981 988
Compactness: 1054.992341
Weights: 252.000000 4371.000000 1070.000000
Center Node: 691

District 15
Nodes: 63 86 110 266 340 362 367 372 385 417 649 665 745 781 846 914 937 954 994
Compactness: 1269.977188
Weights: 290.000000 4149.000000 1067.000000
Center Node: 417

District 16
Nodes: 25 162 356 382 409 455 500 521 536 619 632 642 689 694 733 810 831 842 917 962
Compactness: 1050.363502
Weights: 237.000000 4400.000000 1151.000000
Center Node: 500

District 17
Nodes: 22 24 88 120 225 433 434 462 472 502 510 526 529 576 596 762 796 837 851 966
Compactness: 1170.550759
Weights: 254.000000 4436.000000 1081.000000
Center Node: 88

District 18
Nodes: 0 6 53 98 121 165 230 253 304 494 535 623 644 740 827 868 884 963 965
Compactness: 1856.473623
Weights: 228.000000 4221.000000 1180.000000
Center Node: 535

District 19
Nodes: 1 13 21 212 247 336 359 387 398 468 499 506 513 572 610 637 660 720 728 794 832
Compactness: 1808.805950
Weights: 260.000000 4099.000000 1055.000000
Center Node: 794

District 20
Nodes: 33 65 117 182 184 195 280 524 528 615 736 738 775 799 834 898 925 957 974
Compactness: 1427.001743
Weights: 255.000000 4216.000000 1072.000000
Center Node: 524

District 21
Nodes: 4 54 108 147 203 259 273 275 326 475 495 540 640 774 805 858 873 918 921
Compactness: 1862.250549
Weights: 239.000000 4030.000000 1102.000000
Center Node: 259

District 22
Nodes: 29 50 100 202 204 232 272 282 345 348 384 436 446 465 648 688 828 876 922
Compactness: 1124.601426
Weights: 253.000000 4210.000000 1084.000000
Center Node: 384

District 23
Nodes: 102 153 193 211 415 469 474 487 507 533 627 676 710 747 820 885 951
Compactness: 1139.446704
Weights: 176.000000 4409.000000 1068.000000
Center Node: 415

District 24
Nodes: 36 70 178 228 290 292 400 438 464 592 633 732 757 883 894 908 924 929 980 987
Compactness: 1193.612082
Weights: 274.000000 4388.000000 1058.000000
Center Node: 292

District 25
Nodes: 146 156 209 219 240 257 262 284 325 424 555 641 703 737 785 807 850 860 892 972
Compactness: 1486.820124
Weights: 237.000000 4020.000000 1223.000000
Center Node: 424

District 26
Nodes: 89 149 192 339 341 406 517 565 612 667 705 735 777 779 784 857 882 979 986 999
Compactness: 1001.491560
Weights: 258.000000 4362.000000 1142.000000
Center Node: 857

District 27
Nodes: 3 11 12 92 206 235 246 276 285 344 350 370 371 503 650 670 739 859 932
Compactness: 1148.822214
Weights: 251.000000 4217.000000 1086.000000
Center Node: 285

District 28
Nodes: 40 41 73 157 176 302 333 361 402 403 408 479 558 584 654 659 706 788 802 841 984
Compactness: 1500.200841
Weights: 240.000000 4296.000000 1140.000000
Center Node: 788

District 29
Nodes: 84 137 229 244 254 288 298 300 314 329 375 379 609 726 750 793 822 854 900 907 910
Compactness: 1000.427477
Weights: 255.000000 4244.000000 1169.000000
Center Node: 137

District 30
Nodes: 61 71 323 368 369 413 447 452 463 477 491 557 594 599 652 653 655 661 743 744
Compactness: 1409.577922
Weights: 253.000000 4369.000000 1070.000000
Center Node: 599

District 31
Nodes: 34 72 74 159 213 231 236 420 428 445 457 534 562 624 668 678 753 769 776 888 968
Compactness: 1289.514536
Weights: 245.000000 4087.000000 1095.000000
Center Node: 753

District 32
Nodes: 96 97 107 138 154 167 271 305 410 473 496 501 614 636 639 712 723 993 996
Compactness: 1095.202669
Weights: 258.000000 4016.000000 1166.000000
Center Node: 138

District 33
Nodes: 16 32 49 94 114 268 315 354 405 484 551 579 675 697 727 754 766 789 923
Compactness: 1075.288897
Weights: 255.000000 4015.000000 1112.000000
Center Node: 354

District 34
Nodes: 129 148 164 197 238 242 289 431 511 542 567 605 690 692 760 803 875 903 938
Compactness: 931.571231
Weights: 248.000000 4305.000000 1185.000000
Center Node: 692

District 35
Nodes: 124 141 142 177 390 393 418 430 559 563 611 618 643 687 748 749 791 839 869 872
Compactness: 1330.915787
Weights: 243.000000 4314.000000 1185.000000
Center Node: 177

District 36
Nodes: 27 45 87 103 116 135 143 170 299 547 629 682 704 717 819 852 891 928 935 942 991
Compactness: 2265.222821
Weights: 219.000000 4095.000000 1195.000000
Center Node: 704

District 37
Nodes: 180 188 278 307 320 421 442 449 539 552 613 657 722 746 759 761 771 773 811 944 961
Compactness: 1211.787541
Weights: 245.000000 4163.000000 1127.000000
Center Node: 307

District 38
Nodes: 42 52 216 222 239 318 346 427 493 516 585 595 631 671 730 824 934 959
Compactness: 1280.499768
Weights: 207.000000 4276.000000 1173.000000
Center Node: 216

District 39
Nodes: 7 26 126 173 226 260 269 426 441 444 543 578 679 741 768 780 800 849 880 899 983
Compactness: 1263.555528
Weights: 267.000000 4014.000000 1082.000000
Center Node: 126

District 40
Nodes: 15 78 93 179 221 321 414 485 523 541 544 566 574 616 718 856 904 933 941 973
Compactness: 983.776017
Weights: 260.000000 4414.000000 1036.000000
Center Node: 15

District 41
Nodes: 18 23 90 101 158 172 249 297 301 316 343 353 388 518 553 608 617 758 848 919 946
Compactness: 1162.380069
Weights: 235.000000 4194.000000 1097.000000
Center Node: 101

District 42
Nodes: 191 233 241 270 383 389 480 508 549 587 590 591 674 700 734 798 809 896 897 985
Compactness: 1155.629335
Weights: 245.000000 4151.000000 1182.000000
Center Node: 270

District 43
Nodes: 82 136 139 169 198 201 223 322 327 334 515 561 630 680 708 755 764 808 909 964 978
Compactness: 1534.375714
Weights: 232.000000 4283.000000 1143.000000
Center Node: 327

District 44
Nodes: 39 175 208 227 237 256 274 401 459 460 489 525 527 530 586 635 911 930 982
Compactness: 1601.813559
Weights: 232.000000 4063.000000 1062.000000
Center Node: 635

District 45
Nodes: 57 59 60 111 224 374 378 391 411 425 437 439 620 683 713 714 817 829 864 902
Compactness: 1043.681030
Weights: 259.000000 4045.000000 1141.000000
Center Node: 713

District 46
Nodes: 19 51 113 123 140 181 214 296 397 450 471 537 656 669 742 812 835 889 895
Compactness: 1025.544755
Weights: 228.000000 4434.000000 1070.000000
Center Node: 471

District 47
Nodes: 64 81 151 190 234 263 365 392 456 466 488 509 554 570 577 756 770 792 825 906 943 970
Compactness: 1423.434192
Weights: 255.000000 4323.000000 1160.000000
Center Node: 906

District 48
Nodes: 30 55 160 166 220 248 251 337 407 461 478 573 602 622 782 795 867 874 878 887 947
Compactness: 1042.798636
Weights: 292.000000 4047.000000 1079.000000
Center Node: 478

District 49
Nodes: 2 46 109 145 243 250 267 287 309 377 386 399 458 550 564 582 593 804 833 862 871 950
Compactness: 1986.622178
Weights: 256.000000 4315.000000 1162.000000
Center Node: 109

District 50
Nodes: 14 127 308 352 412 429 532 545 568 583 600 765 840 913 927 931 971
Compactness: 1140.177810
Weights: 226.000000 4391.000000 1159.000000
Center Node: 971
