BalanceViolation 157.600000
AffinityLoss 2632.000000
Compactness 241045.547577

District 1
Nodes: 11 19 35 47 51 52 69 98 102 103 126 127 141 170 174 203 255 262 263 308 400 418 427 470 481 495 511 526 532 585 614 732 744 748 778 780 803 822 824 826 829 841 858 861 888 896 900 925 931 998 1006 1016 1030 1087 1091 1112 1126 1131 1160 1163 1221 1243 1244 1273 1317 1318 1328 1354 1377 1388 1394 1400 1404 1434 1442 1456 1478 1483 1485 1488 1511 1609 1615 1620 1623 1659 1706 1709 1724 1785 1795 1799 1821 1828 1883 1913 1914 1935 1948 1954 1956 1957 1971
Compactness: 11052.552158
Weights: 1245.000000 21349.000000 6026.000000
Center Node: 69

District 2
Nodes: 16 44 53 73 86 89 149 151 180 187 192 196 247 264 275 284 299 301 338 359 362 390 396 432 466 490 503 507 552 560 627 628 656 659 697 701 726 735 753 762 776 840 848 859 882 943 965 977 986 1025 1043 1073 1094 1109 1158 1192 1217 1219 1230 1260 1277 1289 1295 1327 1341 1395 1399 1402 1414 1449 1460 1461 1467 1473 1496 1499 1505 1512 1528 1529 1548 1549 1552 1555 1574 1594 1654 1691 1696 1716 1723 1726 1786 1796 1797 1808 1814 1891 1899 1904 1912 1918 1938 1955 1983
Compactness: 28788.900825
Weights: 1247.000000 21110.000000 5817.000000
Center Node: 776

District 3
Nodes: 144 150 193 202 214 236 249 334 336 348 367 383 388 426 435 461 462 473 493 520 528 539 546 582 620 642 643 703 706 713 718 743 745 760 775 781 786 808 817 832 846 897 899 903 949 957 980 996 1054 1065 1077 1096 1102 1118 1120 1174 1196 1200 1218 1222 1254 1269 1298 1313 1334 1352 1371 1380 1392 1405 1409 1410 1429 1431 1451 1459 1476 1504 1561 1565 1577 1588 1591 1601 1611 1616 1629 1643 1694 1730 1744 1791 1802 1811 1848 1869 1877 1889 1910 1911 1976 1998
Compactness: 16811.866812
Weights: 1144.000000 21105.000000 5986.000000
Center Node: 1869

District 4
Nodes: 18 31 34 129 146 154 254 267 272 294 310 325 337 341 375 392 395 399 419 445 489 502 508 509 515 521 542 548 553 554 572 576 578 584 636 645 649 657 698 750 754 756 794 795 798 833 856 883 887 892 906 912 918 1011 1032 1037 1071 1082 1093 1125 1175 1258 1264 1284 1305 1307 1308 1376 1438 1455 1464 1516 1539 1572 1604 1619 1650 1687 1708 1710 1729 1748 1761 1769 1839 1866 1879 1881 1905 1929 1942 1958 1960 1978 1999
Compactness: 16060.810251
Weights: 1208.000000 19392.000000 5423.000000
Center Node: 548

District 5
Nodes: 10 17 29 104 153 155 167 171 172 186 195 201 266 273 285 343 344 345 363 408 442 455 477 483 547 550 571 632 635 669 686 688 704 731 768 774 797 806 828 843 844 876 878 901 926 1024 1026 1039 1045 1046 1051 1056 1083 1117 1150 1168 1223 1241 1268 1270 1281 1326 1338 1346 1386 1390 1396 1401 1423 1426 1538 1542 1551 1570 1586 1608 1612 1618 1624 1633 1645 1665 1725 1734 1754 1757 1764 1779 1781 1788 1826 1843 1850 1882 1890 1941 1953 1980 1991
Compactness: 8126.347544
Weights: 1174.000000 19349.000000 5716.000000
Center Node: 1764

District 6
Nodes: 41 45 48 67 88 100 107 114 132 136 145 148 182 238 328 339 382 394 464 505 514 545 557 559 567 581 606 621 665 716 719 729 763 770 779 783 785 791 807 836 869 886 913 915 928 1007 1013 1055 1059 1070 1085 1086 1090 1114 1139 1187 1216 1229 1234 1283 1296 1297 1324 1385 1416 1421 1430 1466 1519 1520 1536 1582 1589 1627 1637 1646 1649 1652 1658 1661 1707 1807 1818 1819 1847 1871 1888 1928 1937 1939 1959 1963 1969 1984 1990
Compactness: 9766.423342
Weights: 1135.000000 19346.000000 5759.000000
Center Node: 1652

District 7
Nodes: 1 2 3 7 13 32 33 54 81 108 115 158 176 213 215 233 248 280 302 305 391 413 439 456 474 478 513 533 537 600 602 612 615 626 639 672 681 696 705 727 728 734 755 757 759 773 811 821 830 872 879 893 941 958 988 1031 1064 1076 1080 1142 1149 1153 1185 1189 1231 1261 1310 1315 1325 1344 1347 1391 1411 1448 1493 1508 1522 1587 1621 1631 1666 1763 1771 1774 1778 1787 1793 1812 1830 1836 1840 1856 1897 1933 1966 1981 1985
Compactness: 9245.610744
Weights: 1205.000000 20166.000000 5459.000000
Center Node: 1310

District 8
Nodes: 14 26 49 55 61 72 93 94 133 162 178 210 226 259 261 316 322 353 415 417 424 451 482 527 530 531 549 591 597 609 667 682 694 708 712 723 739 758 777 819 827 835 838 852 853 863 909 919 930 935 987 1008 1015 1034 1121 1136 1140 1154 1170 1171 1190 1306 1316 1323 1333 1337 1342 1363 1375 1503 1509 1518 1523 1530 1531 1546 1567 1569 1584 1597 1644 1678 1688 1705 1717 1718 1737 1739 1776 1784 1801 1849 1862 1880 1919 1923
Compactness: 9335.039388
Weights: 1123.000000 19469.000000 5840.000000
Center Node: 1171

District 9
Nodes: 68 78 79 92 95 231 281 283 327 333 347 365 387 429 441 465 467 469 471 486 497 541 586 598 605 631 634 646 650 668 670 678 687 699 737 742 746 751 857 868 873 905 927 929 934 960 961 964 982 1014 1029 1062 1095 1113 1128 1143 1166 1169 1173 1178 1182 1195 1236 1251 1282 1287 1302 1319 1329 1330 1362 1368 1384 1387 1419 1433 1463 1596 1598 1602 1622 1638 1657 1673 1677 1695 1712 1735 1740 1750 1756 1773 1777 1810 1816 1817 1837 1858 1894 1925 1936 1944 1968 1974
Compactness: 19892.946834
Weights: 1257.000000 21005.000000 5514.000000
Center Node: 1433

District 10
Nodes: 9 20 87 106 111 116 135 157 159 166 212 218 227 228 239 290 306 313 346 358 369 402 411 430 487 516 540 551 558 568 651 654 661 663 702 767 814 820 847 880 951 953 954 983 984 993 1005 1009 1027 1040 1052 1069 1084 1100 1127 1152 1155 1156 1179 1194 1199 1228 1246 1247 1256 1257 1303 1309 1321 1345 1364 1365 1366 1373 1381 1462 1465 1489 1498 1506 1524 1599 1600 1647 1684 1685 1690 1703 1713 1733 1736 1759 1762 1809 1842 1851 1853 1855 1865 1874 1886 1926 1988 1994 1996
Compactness: 9398.012716
Weights: 1264.000000 20413.000000 5738.000000
Center Node: 540

District 11
Nodes: 5 59 62 105 147 163 184 200 207 209 235 269 279 287 314 354 355 356 380 389 423 431 433 448 450 457 485 522 534 555 564 607 622 623 637 638 711 790 823 834 850 874 890 910 940 945 946 956 970 978 995 1000 1020 1048 1075 1078 1103 1122 1134 1137 1159 1191 1201 1211 1212 1262 1276 1311 1332 1348 1359 1372 1378 1432 1444 1457 1470 1480 1482 1494 1513 1527 1583 1607 1610 1686 1701 1702 1768 1770 1783 1857 1860 1861 1868 1898 1909 1921 1964 1975 1982 1992
Compactness: 10306.268052
Weights: 1260.000000 20192.000000 5990.000000
Center Node: 1964

District 12
Nodes: 6 39 76 90 118 122 125 134 161 168 188 190 199 237 241 270 271 307 317 342 357 397 407 409 422 453 525 562 610 624 653 662 685 689 690 724 725 736 764 812 815 839 851 866 922 936 937 952 997 999 1022 1061 1098 1115 1138 1145 1151 1157 1164 1208 1238 1250 1263 1294 1320 1335 1415 1418 1428 1447 1453 1468 1469 1525 1595 1614 1641 1642 1667 1692 1738 1755 1760 1775 1789 1790 1798 1841 1885 1924 1930 1943 1946 1949 1967 1970 1979 1987
Compactness: 8857.628998
Weights: 1085.000000 20691.000000 5450.000000
Center Node: 168

District 13
Nodes: 12 25 42 46 58 99 123 130 138 152 177 183 240 242 244 265 286 292 296 309 332 361 373 421 440 443 449 499 517 574 660 664 666 683 693 733 741 766 787 793 802 809 864 889 891 894 898 916 932 938 1010 1021 1028 1060 1105 1107 1162 1177 1232 1233 1242 1265 1285 1291 1312 1358 1367 1403 1417 1424 1440 1446 1450 1474 1487 1507 1541 1543 1557 1560 1568 1579 1580 1590 1606 1628 1636 1653 1656 1662 1664 1679 1711 1743 1752 1772 1800 1820 1834 1854 1864 1896 1920 1922 1927 1965
Compactness: 9659.123858
Weights: 1254.000000 19841.000000 6000.000000
Center Node: 123

District 14
Nodes: 0 38 40 57 66 84 96 121 164 181 208 220 221 222 225 246 251 252 257 274 304 335 352 368 393 403 437 454 460 463 480 501 523 556 561 580 588 596 604 617 618 625 633 710 765 801 831 845 870 877 884 904 911 939 948 959 1033 1035 1057 1063 1067 1074 1092 1129 1132 1148 1167 1197 1210 1220 1240 1248 1266 1299 1336 1398 1427 1435 1445 1475 1501 1502 1532 1540 1573 1585 1635 1639 1663 1676 1681 1714 1782 1806 1824 1827 1846 1863 1875 1908 1950 1961
Compactness: 11879.038425
Weights: 1232.000000 21334.000000 5803.000000
Center Node: 1863

District 15
Nodes: 8 24 37 82 117 139 142 156 191 219 230 268 298 303 319 372 377 401 414 484 496 536 570 590 592 599 629 648 674 722 738 752 761 772 796 818 907 962 963 966 967 972 974 979 989 990 991 1019 1041 1072 1099 1101 1141 1180 1181 1186 1203 1204 1213 1226 1239 1255 1304 1339 1361 1393 1406 1407 1420 1454 1477 1490 1521 1526 1537 1554 1556 1581 1605 1626 1640 1671 1672 1699 1700 1715 1749 1766 1780 1804 1815 1829 1835 1876 1878 1907 1916 1940
Compactness: 11927.047380
Weights: 1192.000000 19950.000000 5503.000000
Center Node: 1019

District 16
Nodes: 21 27 60 77 109 113 131 137 160 216 224 253 256 291 293 315 320 323 331 349 360 371 386 404 420 425 436 475 476 479 510 529 538 573 579 583 587 589 608 616 641 655 692 805 950 1004 1049 1068 1081 1119 1123 1124 1144 1165 1184 1227 1278 1286 1290 1293 1301 1314 1322 1331 1353 1355 1356 1357 1369 1374 1382 1441 1458 1491 1495 1497 1500 1514 1515 1534 1545 1564 1575 1668 1689 1704 1722 1747 1765 1794 1831 1832 1833 1838 1867 1893 1906 1932 1945 1989
Compactness: 9700.500465
Weights: 1161.000000 20800.000000 6012.000000
Center Node: 1564

District 17
Nodes: 4 22 23 70 71 75 85 110 143 165 173 189 204 232 234 250 260 276 288 326 340 366 398 405 444 468 488 491 498 518 535 577 594 595 603 613 644 673 675 676 677 691 730 747 749 784 789 792 813 860 867 881 885 917 921 942 947 955 968 971 973 975 1042 1050 1053 1066 1089 1108 1110 1111 1130 1176 1202 1205 1245 1267 1275 1280 1343 1383 1389 1408 1422 1439 1443 1472 1510 1533 1544 1550 1563 1571 1697 1719 1732 1823 1884 1892 1903 1947 1962
Compactness: 10157.287514
Weights: 1260.000000 21155.000000 5980.000000
Center Node: 326

District 18
Nodes: 15 36 74 91 97 119 124 128 169 175 179 197 198 205 211 223 245 277 329 330 374 378 379 416 428 447 458 459 492 494 504 506 601 619 640 658 671 684 695 720 721 782 842 849 854 855 862 865 908 923 933 981 1002 1003 1012 1018 1116 1135 1146 1147 1161 1183 1193 1215 1225 1249 1271 1300 1350 1351 1425 1517 1553 1578 1617 1630 1648 1720 1741 1742 1753 1767 1805 1822 1825 1844 1845 1852 1895 1915 1931 1934 1951 1972 1977 1986 1993
Compactness: 8260.492381
Weights: 1241.000000 19660.000000 5449.000000
Center Node: 1271

District 19
Nodes: 28 30 43 64 65 80 112 140 206 258 278 289 295 297 311 350 351 376 384 385 412 434 446 512 519 524 544 563 566 630 647 652 700 707 709 717 740 771 799 804 816 871 875 895 902 920 924 944 969 994 1047 1058 1088 1097 1104 1133 1188 1207 1224 1237 1272 1274 1279 1292 1340 1370 1413 1436 1437 1452 1471 1486 1492 1535 1547 1558 1559 1592 1603 1613 1625 1632 1634 1651 1660 1669 1670 1675 1693 1721 1745 1758 1792 1803 1872 1887 1900 1901 1917 1997
Compactness: 10515.498824
Weights: 1229.000000 21018.000000 5432.000000
Center Node: 652

District 20
Nodes: 50 56 63 83 101 120 185 194 217 229 243 282 300 312 318 321 324 364 370 381 406 410 438 452 472 500 543 565 569 575 593 611 679 680 714 715 769 788 800 810 825 837 914 976 985 992 1001 1017 1023 1036 1038 1044 1079 1106 1172 1198 1206 1209 1214 1235 1252 1253 1259 1288 1349 1360 1379 1397 1412 1479 1481 1484 1562 1566 1576 1593 1655 1674 1680 1682 1683 1698 1727 1728 1731 1746 1751 1813 1859 1870 1873 1902 1952 1973 1995
Compactness: 11304.151067
Weights: 1191.000000 19362.000000 5936.000000
Center Node: 1481
