BalanceViolation 298.980000
AffinityLoss 849.000000
Compactness 53226.605973

District 1
Nodes: 8 14 46 85 103 108 128 132 149 164 195 201 242 247 332 333 341 343 345 355 367 373 389 390 413 427 434
Compactness: 3239.536306
Weights: 303.000000 5369.000000 1527.000000
Center Node: 427

District 2
Nodes: 35 78 101 131 136 148 151 172 196 202 205 222 229 238 292 331 364 368 395 405 421 449 471 499
Compactness: 2491.742209
Weights: 331.000000 5393.000000 1408.000000
Center Node: 421

District 3
Nodes: 19 26 64 65 73 79 102 112 114 116 125 175 177 179 197 231 240 241 246 249 285 306 361 428 462 473
Compactness: 3306.952631
Weights: 307.000000 5148.000000 1530.000000
Center Node: 102

District 4
Nodes: 32 37 58 75 94 140 167 171 261 281 284 287 294 299 382 392 393 410 431 441 447 466 468 475 487
Compactness: 2894.638996
Weights: 298.000000 5200.000000 1531.000000
Center Node: 32

District 5
Nodes: 24 29 49 56 67 68 76 82 120 150 155 210 237 252 269 277 319 324 363 385 387 412 458 483 485
Compactness: 2597.843730
Weights: 321.000000 5495.000000 1412.000000
Center Node: 485

District 6
Nodes: 10 20 22 33 36 44 66 126 165 169 183 186 209 236 256 264 288 314 334 352 384 396 416 424 493
Compactness: 2514.599542
Weights: 305.000000 5015.000000 1551.000000
Center Node: 314

District 7
Nodes: 30 34 48 98 113 141 226 230 304 308 321 322 340 347 354 356 369 400 407 425 446 451 460 469 481 496
Compactness: 2757.070810
Weights: 307.000000 5481.000000 1432.000000
Center Node: 369

District 8
Nodes: 3 62 63 93 139 160 174 213 232 255 263 315 325 370 375 399 401 414 415 418 448 491
Compactness: 2657.573458
Weights: 244.000000 5413.000000 1523.000000
Center Node: 315

District 9
Nodes: 16 27 45 51 83 84 111 117 119 138 142 158 176 184 235 300 316 353 376 404 432 492 494
Compactness: 1408.284588
Weights: 283.000000 5517.000000 1514.000000
Center Node: 353

District 10
Nodes: 6 59 71 95 134 153 159 198 208 223 282 309 318 348 378 394 423 430 437 439 461 476 486 488
Compactness: 2659.671272
Weights: 316.000000 5088.000000 1467.000000
Center Node: 423

District 11
Nodes: 13 72 74 129 145 162 170 181 182 200 279 290 293 297 346 349 374 386 398 417 419 454 470 490 498
Compactness: 2639.600558
Weights: 325.000000 5223.000000 1498.000000
Center Node: 129

District 12
Nodes: 69 70 96 115 121 130 168 188 190 193 262 265 268 276 280 291 329 371 380 397 443 456 464 477 489
Compactness: 2870.691658
Weights: 329.000000 5052.000000 1545.000000
Center Node: 371

District 13
Nodes: 1 28 87 88 105 106 118 144 154 212 216 218 221 248 250 253 270 289 302 305 323 357 433 445 452 497
Compactness: 2037.976532
Weights: 265.000000 5532.000000 1415.000000
Center Node: 445

District 14
Nodes: 15 17 61 81 86 110 122 135 187 194 203 214 215 217 275 286 311 360 420 436 467 479 482
Compactness: 2066.948425
Weights: 292.000000 5392.000000 1481.000000
Center Node: 360

District 15
Nodes: 0 12 25 43 55 60 80 90 91 97 100 109 123 124 173 224 228 239 254 388 426 438 457 472 484
Compactness: 2305.968089
Weights: 325.000000 5027.000000 1472.000000
Center Node: 12

District 16
Nodes: 11 40 41 127 133 143 152 166 180 192 220 244 245 267 273 274 283 295 298 303 307 429 435 442 459
Compactness: 2461.070112
Weights: 314.000000 5454.000000 1287.000000
Center Node: 442

District 17
Nodes: 7 18 21 89 92 104 107 137 199 266 272 301 312 327 336 338 339 342 344 351 359 365 402 406 444
Compactness: 2217.003792
Weights: 307.000000 5316.000000 1422.000000
Center Node: 342

District 18
Nodes: 2 4 5 50 53 57 146 178 189 271 296 313 330 337 350 358 362 372 377 381 383 408 465 478 480 495
Compactness: 2516.454381
Weights: 298.000000 5093.000000 1562.000000
Center Node: 478

District 19
Nodes: 9 23 31 38 42 47 52 54 77 99 156 191 204 207 219 251 260 310 328 335 379 403 409 440 463
Compactness: 2874.361663
Weights: 286.000000 5150.000000 1519.000000
Center Node: 31

District 20
Nodes: 39 147 157 161 163 185 206 211 225 227 233 234 243 257 258 259 278 317 320 326 366 391 411 422 450 453 455 474
Compactness: 4708.617221
Weights: 376.000000 5360.000000 1418.000000
Center Node: 317
