BalanceViolation 15168.552000
AffinityLoss 968.000000
Compactness 26131.883790

District 1
Nodes: 3 27 83 272 286 303 364 394 459
Compactness: 348.233841
Weights: 90.000000 2070.000000 484.000000
Center Node: 3

District 2
Nodes: 15 38 155 258 279 429 458
Compactness: 273.735650
Weights: 109.000000 1343.000000 469.000000
Center Node: 15

District 3
Nodes: 95 111 252 335 342 478
Compactness: 131.384964
Weights: 87.000000 994.000000 315.000000
Center Node: 342

District 4
Nodes: 24 28 61 80 174 192 220 230 337 357 417 421
Compactness: 523.767704
Weights: 149.000000 3101.000000 667.000000
Center Node: 417

District 5
Nodes: 13 139 194 212 247 306 333 400 405 412 469
Compactness: 773.562919
Weights: 131.000000 2036.000000 666.000000
Center Node: 212

District 6
Nodes: 105 130 319 329 340 379 381
Compactness: 261.810488
Weights: 75.000000 1231.000000 336.000000
Center Node: 319

District 7
Nodes: 8 22 48 51 185 198 219 237 446
Compactness: 472.330960
Weights: 119.000000 2057.000000 459.000000
Center Node: 48

District 8
Nodes: 79 107 159 193 197 311 349 482
Compactness: 276.184390
Weights: 86.000000 1393.000000 449.000000
Center Node: 159

District 9
Nodes: 23 59 173 249 358 360 440 450 495
Compactness: 391.140569
Weights: 109.000000 1553.000000 514.000000
Center Node: 360

District 10
Nodes: 25 47 90 179 270 338 368 387 425 464 471
Compactness: 500.669711
Weights: 101.000000 2632.000000 590.000000
Center Node: 25

District 11
Nodes: 52 125 126 127 169 239 246 318 326 411 448
Compactness: 549.218703
Weights: 116.000000 1928.000000 737.000000
Center Node: 246

District 12
Nodes: 175 178 200 262 294 302 351 375 434 445 488
Compactness: 571.609992
Weights: 142.000000 2133.000000 721.000000
Center Node: 262

District 13
Nodes: 55 141 160 186 217 233 243 280 420 439
Compactness: 855.910626
Weights: 118.000000 2442.000000 577.000000
Center Node: 217

District 14
Nodes: 14 34 140 157 235 299 300 363 422 441 472
Compactness: 454.157562
Weights: 145.000000 2098.000000 600.000000
Center Node: 14

District 15
Nodes: 39 58 62 244 245 296 343 398 476
Compactness: 416.790337
Weights: 101.000000 1762.000000 515.000000
Center Node: 398

District 16
Nodes: 29 50 68 128 166 238 275 297 330 369
Compactness: 438.061672
Weights: 96.000000 2112.000000 669.000000
Center Node: 50

District 17
Nodes: 40 67 81 184 209 223 276 278 314 372 452
Compactness: 638.871804
Weights: 102.000000 2288.000000 610.000000
Center Node: 67

District 18
Nodes: 7 46 70 71 76 110 129 133 148 205 213 346 480 487
Compactness: 974.383931
Weights: 153.000000 1993.000000 751.000000
Center Node: 70

District 19
Nodes: 6 18 31 142 164 285 332 444 477 497
Compactness: 476.484045
Weights: 125.000000 2027.000000 497.000000
Center Node: 477

District 20
Nodes: 53 65 119 151 154 161 177 313 334 384 407 474 492
Compactness: 728.851922
Weights: 155.000000 2137.000000 824.000000
Center Node: 177

District 21
Nodes: 42 182 240 320 373 436 491 494
Compactness: 381.897423
Weights: 83.000000 2193.000000 486.000000
Center Node: 182

District 22
Nodes: 12 118 143 146 224 341 353 383 442 456
Compactness: 504.019415
Weights: 109.000000 2060.000000 571.000000
Center Node: 224

District 23
Nodes: 16 97 163 221 227 250 322 325 344 345 362
Compactness: 636.583389
Weights: 117.000000 1931.000000 644.000000
Center Node: 325

District 24
Nodes: 21 84 88 99 115 150 183 260 263 432
Compactness: 488.814937
Weights: 81.000000 2050.000000 561.000000
Center Node: 150

District 25
Nodes: 26 64 108 156 256 356 374 402 493
Compactness: 469.768124
Weights: 123.000000 2005.000000 572.000000
Center Node: 374

District 26
Nodes: 2 9 122 208 309 315 321 336 339 377 419 435 453
Compactness: 817.968607
Weights: 175.000000 2114.000000 967.000000
Center Node: 339

District 27
Nodes: 32 87 106 132 162 191 274 291 415 451 463
Compactness: 546.235422
Weights: 128.000000 2793.000000 625.000000
Center Node: 106

District 28
Nodes: 49 57 73 145 218 390 392 408 418
Compactness: 492.896210
Weights: 108.000000 1243.000000 510.000000
Center Node: 145

District 29
Nodes: 86 92 96 134 215 222 232 289 328 352 380 443
Compactness: 766.059068
Weights: 132.000000 2835.000000 670.000000
Center Node: 352

District 30
Nodes: 69 100 298 304 307 317 354 389 397 433
Compactness: 848.909759
Weights: 117.000000 1888.000000 616.000000
Center Node: 298

District 31
Nodes: 63 104 168 206 207 241 254 266 273 327 416 460 481
Compactness: 959.331234
Weights: 128.000000 2294.000000 825.000000
Center Node: 168

District 32
Nodes: 17 77 102 267 271 281 310 331 359 361 409 465 466
Compactness: 704.729440
Weights: 174.000000 2127.000000 703.000000
Center Node: 359

District 33
Nodes: 30 43 114 136 226 365 455 475
Compactness: 355.726389
Weights: 89.000000 1923.000000 288.000000
Center Node: 226

District 34
Nodes: 19 75 228 236 347
Compactness: 219.516464
Weights: 48.000000 908.000000 276.000000
Center Node: 75

District 35
Nodes: 170 180 231 293 324 367 370 438
Compactness: 483.598145
Weights: 78.000000 1849.000000 437.000000
Center Node: 180

District 36
Nodes: 11 45 56 138 149 181 195 257 371 376 431 457 498
Compactness: 740.438810
Weights: 159.000000 2118.000000 799.000000
Center Node: 457

District 37
Nodes: 41 44 78 85 94 135 202 204 259 388
Compactness: 498.978874
Weights: 114.000000 2331.000000 592.000000
Center Node: 388

District 38
Nodes: 0 1 72 282 323 385 424 437 479 484 486 496
Compactness: 677.322470
Weights: 137.000000 2078.000000 614.000000
Center Node: 282

District 39
Nodes: 124 153 199 248 290 426 485 489
Compactness: 411.870176
Weights: 88.000000 2157.000000 406.000000
Center Node: 124

District 40
Nodes: 33 82 113 152 167 172 211 234 265 269 292 413 414
Compactness: 745.489516
Weights: 164.000000 2046.000000 629.000000
Center Node: 414

District 41
Nodes: 35 66 116 158 196 264 277 284 348 395 468
Compactness: 524.845686
Weights: 136.000000 1990.000000 573.000000
Center Node: 468

District 42
Nodes: 4 60 144 165 190 225 268 283 428 447
Compactness: 653.641945
Weights: 118.000000 1955.000000 522.000000
Center Node: 144

District 43
Nodes: 91 93 103 203 382 393 399 470 483
Compactness: 381.819234
Weights: 120.000000 2146.000000 467.000000
Center Node: 103

District 44
Nodes: 74 176 214 251 253 261 378 396 430 499
Compactness: 582.673722
Weights: 112.000000 2321.000000 552.000000
Center Node: 253

District 45
Nodes: 10 98 109 137 287 295 312 406 410 473
Compactness: 401.688004
Weights: 136.000000 2118.000000 577.000000
Center Node: 473

District 46
Nodes: 5 20 120 216 308 391 401 427 462
Compactness: 373.869788
Weights: 92.000000 2006.000000 638.000000
Center Node: 20

District 47
Nodes: 54 112 121 189 229 288 305 316 403 449
Compactness: 436.311163
Weights: 112.000000 2167.000000 631.000000
Center Node: 316

District 48
Nodes: 36 117 123 131 188 210 355 386 404 490
Compactness: 349.545797
Weights: 118.000000 2139.000000 572.000000
Center Node: 188

District 49
Nodes: 37 89 171 187 201 255 350 423 454 461
Compactness: 404.993338
Weights: 122.000000 2109.000000 437.000000
Center Node: 201

District 50
Nodes: 101 147 242 301 366 467
Compactness: 215.179450
Weights: 62.000000 1085.000000 281.000000
Center Node: 147
