BalanceViolation 0.000000
AffinityLoss 1573.000000
Compactness 108486.704696

District 1
Nodes: 1 4 5 6 24 40 84 111 121 150 191 195 227 234 235 245 247 249 318 338 352 354 402 406 407 437 480 490 502 530 538 600 645 654 684 710 722 760 771 779 804 815 881 928 962 963 980 987
Compactness: 5172.542239
Weights: 581.000000 10688.000000 2964.000000
Center Node: 710

District 2
Nodes: 26 71 127 142 153 157 168 177 185 215 233 246 255 275 282 315 334 344 369 392 440 460 494 506 513 529 551 596 625 696 697 708 732 767 768 783 788 795 845 867 925 940 956 957 959 983 985
Compactness: 6796.695114
Weights: 587.000000 10861.000000 2915.000000
Center Node: 127

District 3
Nodes: 9 16 43 58 60 99 102 103 114 143 175 187 229 262 267 276 294 297 311 314 337 345 349 371 436 482 483 505 531 537 573 613 614 635 673 688 704 705 719 738 745 750 812 834 840 877 918 932 935 971 975 999
Compactness: 7294.006012
Weights: 639.000000 10620.000000 3131.000000
Center Node: 60

District 4
Nodes: 41 70 98 101 124 216 218 230 291 296 329 366 374 381 388 400 426 428 469 491 496 543 545 562 581 638 642 648 687 706 709 713 729 739 742 754 763 770 776 784 790 823 831 863 886 931 945 952 992
Compactness: 3634.639125
Weights: 581.000000 10909.000000 2925.000000
Center Node: 562

District 5
Nodes: 7 15 31 45 64 79 87 122 129 137 197 222 231 240 263 321 333 335 351 367 396 416 457 470 489 517 523 524 557 566 579 584 621 633 655 669 751 772 809 839 889 908 912 933 934 948 953 969
Compactness: 5102.686857
Weights: 636.000000 10052.000000 2945.000000
Center Node: 470

District 6
Nodes: 52 75 130 148 154 161 183 184 192 225 257 270 278 295 305 355 359 360 409 422 435 454 463 466 468 510 532 564 575 583 608 610 649 665 721 730 737 769 774 780 796 802 844 862 872 899 903 939 942
Compactness: 4136.685106
Weights: 626.000000 11052.000000 2858.000000
Center Node: 583

District 7
Nodes: 29 53 68 113 131 135 182 190 202 226 251 254 269 277 285 289 303 323 341 346 393 427 439 442 443 459 497 515 528 554 576 593 604 628 637 640 644 647 718 725 727 731 752 761 781 801 814 833 841 842 852 891 907
Compactness: 6333.540184
Weights: 635.000000 10880.000000 3011.000000
Center Node: 725

District 8
Nodes: 3 14 28 36 39 42 61 89 107 126 201 242 250 304 320 339 356 404 412 418 429 432 434 453 481 511 536 569 572 586 662 663 682 693 695 698 700 748 753 775 778 810 824 835 850 897 902 923 930 950 955 960 990
Compactness: 4806.882018
Weights: 637.000000 11042.000000 3102.000000
Center Node: 42

District 9
Nodes: 51 57 66 73 108 118 151 162 163 176 265 292 332 336 382 383 423 425 472 477 486 487 492 493 520 546 548 549 558 560 565 626 651 667 676 689 712 717 803 821 829 851 869 879 888 893 909 915 941 989 995
Compactness: 5196.158146
Weights: 605.000000 10038.000000 2992.000000
Center Node: 162

District 10
Nodes: 10 12 25 34 48 77 90 92 119 223 224 260 293 313 361 370 372 376 411 433 455 476 479 508 525 539 540 577 601 617 634 641 646 659 672 726 740 799 805 807 811 830 837 838 856 865 887 910 961 973 977 997
Compactness: 6498.197442
Weights: 611.000000 11054.000000 3117.000000
Center Node: 433

District 11
Nodes: 35 72 91 105 106 133 196 212 220 237 256 258 268 281 283 309 343 391 462 485 504 507 512 516 547 570 580 589 602 606 643 678 702 703 741 746 826 858 876 895 913 914 926 937 972 981 998
Compactness: 4850.432618
Weights: 592.000000 10031.000000 3035.000000
Center Node: 212

District 12
Nodes: 38 62 63 65 76 78 86 110 132 149 166 204 279 288 299 317 324 326 327 353 378 394 395 397 401 408 410 413 415 424 431 444 467 518 533 556 585 594 629 670 681 692 724 847 870 873 882 885 890 924 951
Compactness: 5235.656756
Weights: 615.000000 10092.000000 2952.000000
Center Node: 533

District 13
Nodes: 69 80 140 178 189 203 207 259 264 266 286 287 290 358 365 417 420 441 451 456 464 527 544 553 567 588 605 622 630 631 653 714 715 720 728 785 819 825 843 854 861 921 938 958 974 978 982 996
Compactness: 5615.927582
Weights: 623.000000 10126.000000 2994.000000
Center Node: 544

District 14
Nodes: 0 11 22 32 44 56 82 93 97 109 128 138 139 146 160 228 244 253 261 301 302 306 308 310 330 375 389 398 403 421 446 475 484 501 598 620 627 711 734 744 758 766 789 792 813 832 849 883 892 905 988
Compactness: 4922.118737
Weights: 634.000000 10389.000000 2847.000000
Center Node: 32

District 15
Nodes: 13 27 47 59 67 95 115 144 164 167 172 181 199 200 210 221 236 252 273 322 328 342 347 348 368 399 419 495 499 522 582 603 616 639 657 671 685 686 691 756 757 759 808 822 836 906 964 968
Compactness: 4181.105919
Weights: 581.000000 10236.000000 3102.000000
Center Node: 67

District 16
Nodes: 17 18 55 96 116 123 134 147 156 193 243 280 284 316 319 340 414 438 449 461 498 514 521 561 592 595 607 615 618 619 623 652 668 674 680 690 733 743 782 786 797 828 855 864 874 875 884 894 901 904 917 936 947 994
Compactness: 5823.018545
Weights: 589.000000 11032.000000 2993.000000
Center Node: 280

District 17
Nodes: 8 33 100 120 155 159 174 186 188 208 214 219 232 238 241 350 363 373 385 390 452 471 473 488 509 526 541 568 591 597 632 650 656 660 664 675 699 707 723 747 794 818 846 853 871 880 896 919 943 976 979 984 986
Compactness: 5398.801228
Weights: 636.000000 10072.000000 2951.000000
Center Node: 632

District 18
Nodes: 2 20 21 23 54 83 94 104 112 125 141 165 170 205 211 217 272 300 307 331 380 445 450 474 478 535 552 574 590 599 609 611 636 666 677 679 701 755 777 793 806 848 857 868 927 965 966 991 993
Compactness: 6186.333312
Weights: 589.000000 10101.000000 2883.000000
Center Node: 991

District 19
Nodes: 19 30 37 46 49 50 88 145 158 171 173 179 180 239 248 271 274 325 357 379 384 386 387 405 465 503 519 534 550 555 563 571 578 587 612 658 716 736 749 762 764 765 791 816 817 820 929 946 949
Compactness: 4951.281574
Weights: 625.000000 11076.000000 2854.000000
Center Node: 762

District 20
Nodes: 74 81 85 117 136 152 169 194 198 206 209 213 298 312 362 364 377 430 447 448 458 500 542 559 624 661 683 694 735 773 787 798 800 827 859 860 866 878 898 900 911 916 920 922 944 954 967 970
Compactness: 6349.996183
Weights: 584.000000 10692.000000 3113.000000
Center Node: 735
