BalanceViolation 2536.177000
AffinityLoss 938.000000
Compactness 30611.200637

District 1
Nodes: 1 8 141 193 249 263 314 382 421 460 493
Compactness: 594.982963
Weights: 164.000000 1958.000000 613.000000
Center Node: 193

District 2
Nodes: 19 66 113 125 256 301 304 333 406 458
Compactness: 381.547363
Weights: 123.000000 1963.000000 603.000000
Center Node: 304

District 3
Nodes: 38 70 131 143 273 280 291 313
Compactness: 389.037142
Weights: 73.000000 1736.000000 375.000000
Center Node: 280

District 4
Nodes: 30 134 184 192 222 228 230 329 482 486
Compactness: 752.191399
Weights: 117.000000 2219.000000 515.000000
Center Node: 192

District 5
Nodes: 98 105 149 171 194 221 281 300 316 330
Compactness: 521.574645
Weights: 116.000000 2005.000000 570.000000
Center Node: 194

District 6
Nodes: 43 59 81 115 217 327 383 394
Compactness: 407.633164
Weights: 93.000000 1991.000000 587.000000
Center Node: 394

District 7
Nodes: 31 95 104 152 275 283 432 491
Compactness: 248.818705
Weights: 98.000000 2150.000000 415.000000
Center Node: 152

District 8
Nodes: 20 28 33 140 144 169 208 306 336 352 378 434 475
Compactness: 1080.888286
Weights: 154.000000 2038.000000 654.000000
Center Node: 378

District 9
Nodes: 12 71 120 148 310 311 338 363 454
Compactness: 389.520411
Weights: 94.000000 2105.000000 553.000000
Center Node: 338

District 10
Nodes: 50 91 110 178 202 328 366 453 459
Compactness: 482.675050
Weights: 112.000000 2014.000000 587.000000
Center Node: 459

District 11
Nodes: 13 72 108 128 262 266 298 375 466
Compactness: 668.958321
Weights: 103.000000 2022.000000 587.000000
Center Node: 108

District 12
Nodes: 78 155 164 207 226 264 285 289 343 369 496
Compactness: 497.705357
Weights: 164.000000 2076.000000 557.000000
Center Node: 264

District 13
Nodes: 4 47 116 126 224 225 236 277 346 371
Compactness: 488.601694
Weights: 108.000000 2061.000000 562.000000
Center Node: 225

District 14
Nodes: 9 14 46 53 170 176 183 233 358 387
Compactness: 648.597528
Weights: 104.000000 2061.000000 580.000000
Center Node: 9

District 15
Nodes: 41 60 68 165 276 325 341 391 405 419
Compactness: 429.059025
Weights: 124.000000 1960.000000 575.000000
Center Node: 325

District 16
Nodes: 0 24 100 239 318 362 365 368 393 441 476
Compactness: 382.938660
Weights: 130.000000 2229.000000 547.000000
Center Node: 441

District 17
Nodes: 3 51 87 136 137 150 166 168 212 257 312 364
Compactness: 990.885926
Weights: 142.000000 2055.000000 714.000000
Center Node: 364

District 18
Nodes: 67 77 122 213 370 372 376 415 455
Compactness: 1026.561023
Weights: 97.000000 1955.000000 583.000000
Center Node: 122

District 19
Nodes: 22 40 79 89 132 189 229 392 433 472 474 490
Compactness: 719.623497
Weights: 129.000000 1841.000000 713.000000
Center Node: 79

District 20
Nodes: 52 179 200 209 253 334 367 416 467
Compactness: 300.378484
Weights: 120.000000 2120.000000 585.000000
Center Node: 253

District 21
Nodes: 29 69 90 187 216 335 350 373 377 396 438
Compactness: 573.481844
Weights: 116.000000 2155.000000 506.000000
Center Node: 90

District 22
Nodes: 10 39 65 158 223 246 337 381
Compactness: 489.047714
Weights: 99.000000 2010.000000 422.000000
Center Node: 39

District 23
Nodes: 5 80 94 106 117 201 237 241 294 407 428 431
Compactness: 911.218919
Weights: 118.000000 1919.000000 682.000000
Center Node: 106

District 24
Nodes: 7 54 138 272 278 284 360 402 420 429
Compactness: 596.970204
Weights: 104.000000 2005.000000 691.000000
Center Node: 402

District 25
Nodes: 130 163 218 227 270 320 380 412 479
Compactness: 836.009096
Weights: 111.000000 2141.000000 548.000000
Center Node: 218

District 26
Nodes: 26 55 82 167 186 219 231 238 379 413 417
Compactness: 748.906281
Weights: 122.000000 2162.000000 581.000000
Center Node: 26

District 27
Nodes: 15 18 35 286 307 348 359 397 400 403 473
Compactness: 573.400773
Weights: 131.000000 1885.000000 530.000000
Center Node: 35

District 28
Nodes: 32 97 156 162 210 243 303 323 361 461
Compactness: 579.786183
Weights: 118.000000 2060.000000 573.000000
Center Node: 210

District 29
Nodes: 17 159 198 247 259 290 388 401 481 485 492
Compactness: 603.554103
Weights: 97.000000 2015.000000 577.000000
Center Node: 17

District 30
Nodes: 129 135 250 308 355 384 395 408 487
Compactness: 534.953575
Weights: 102.000000 2183.000000 585.000000
Center Node: 129

District 31
Nodes: 109 206 282 326 332 347 440 446 462 478 488 499
Compactness: 763.407955
Weights: 118.000000 2140.000000 587.000000
Center Node: 326

District 32
Nodes: 6 34 37 44 45 142 204 322 389 404 498
Compactness: 684.279773
Weights: 138.000000 2016.000000 610.000000
Center Node: 404

District 33
Nodes: 84 99 114 157 203 220 340 385 426 464 494
Compactness: 568.970250
Weights: 137.000000 2191.000000 554.000000
Center Node: 464

District 34
Nodes: 85 112 124 235 265 274 293 309 445
Compactness: 480.533480
Weights: 121.000000 2007.000000 548.000000
Center Node: 274

District 35
Nodes: 27 75 172 214 248 260 267 299 357 424 449 495
Compactness: 1294.977011
Weights: 128.000000 1887.000000 699.000000
Center Node: 424

District 36
Nodes: 11 42 74 111 188 205 279 317 331
Compactness: 660.604273
Weights: 126.000000 2105.000000 587.000000
Center Node: 111

District 37
Nodes: 175 185 251 295 390 399 411 484
Compactness: 426.145466
Weights: 94.000000 2104.000000 516.000000
Center Node: 175

District 38
Nodes: 83 127 211 234 339 437 465
Compactness: 354.763973
Weights: 107.000000 2111.000000 423.000000
Center Node: 339

District 39
Nodes: 86 146 151 199 232 271 302 321 349 427 457
Compactness: 812.506398
Weights: 101.000000 1892.000000 636.000000
Center Node: 349

District 40
Nodes: 63 93 123 242 292 315 319 430 451 480 483
Compactness: 652.714321
Weights: 113.000000 2081.000000 610.000000
Center Node: 63

District 41
Nodes: 16 21 49 197 269 297 374 444 452 463
Compactness: 611.666878
Weights: 117.000000 2101.000000 573.000000
Center Node: 21

District 42
Nodes: 23 36 76 118 153 180 240 268 422 423 489
Compactness: 630.166359
Weights: 116.000000 2120.000000 575.000000
Center Node: 180

District 43
Nodes: 73 88 92 160 245 254 345 435 447
Compactness: 574.189539
Weights: 111.000000 2144.000000 522.000000
Center Node: 73

District 44
Nodes: 103 139 174 177 196 215 244 261 398 448
Compactness: 824.609297
Weights: 117.000000 1886.000000 611.000000
Center Node: 103

District 45
Nodes: 2 107 145 173 258 351 442 456 469 477
Compactness: 611.045040
Weights: 129.000000 1958.000000 575.000000
Center Node: 173

District 46
Nodes: 25 96 102 182 190 296 353 409
Compactness: 298.433182
Weights: 116.000000 2144.000000 612.000000
Center Node: 25

District 47
Nodes: 56 57 62 64 121 181 342 410 450 470
Compactness: 567.550243
Weights: 120.000000 1950.000000 548.000000
Center Node: 62

District 48
Nodes: 101 255 288 324 356 425 436 471 497
Compactness: 378.922067
Weights: 102.000000 2014.000000 531.000000
Center Node: 324

District 49
Nodes: 48 61 154 191 287 354 386 418 439 443 468
Compactness: 946.517139
Weights: 125.000000 2008.000000 549.000000
Center Node: 354

District 50
Nodes: 58 119 133 147 161 195 252 305 344 414
Compactness: 619.690658
Weights: 117.000000 2114.000000 589.000000
Center Node: 161
