BalanceViolation 232.165000
AffinityLoss 3394.000000
Compactness 213795.931543

District 1
Nodes: 2 27 52 67 104 136 142 153 157 162 181 210 239 271 291 323 327 328 339 340 348 383 395 468 488 501 541 557 560 577 601 612 624 636 654 678 682 704 706 762 799 810 842 854 855 857 860 898 915 929 931 936 956 1004 1053 1086 1100 1118 1135 1178 1191 1231 1235 1281 1284 1295 1329 1334 1350 1352 1357 1364 1387 1434 1460 1480 1489 1507 1534 1582 1646 1653 1668 1711 1712 1726 1782 1786 1815 1826 1854 1910 1919 1926
Compactness: 11604.232094
Weights: 1060.000000 20101.000000 5541.000000
Center Node: 1329

District 2
Nodes: 11 36 47 48 49 73 88 112 113 128 146 195 204 322 324 329 363 374 385 401 431 434 451 478 503 507 553 556 566 626 664 673 687 712 739 742 763 776 789 803 834 852 862 866 888 909 918 919 927 991 994 1006 1011 1022 1038 1061 1067 1095 1101 1116 1122 1133 1136 1139 1151 1166 1198 1202 1249 1254 1341 1349 1380 1412 1420 1462 1467 1468 1473 1499 1517 1521 1535 1543 1547 1555 1596 1603 1645 1666 1684 1705 1706 1735 1794 1801 1845 1865 1881 1979 1992
Compactness: 9586.742981
Weights: 1206.000000 20489.000000 5788.000000
Center Node: 1801

District 3
Nodes: 3 20 40 58 77 84 152 159 191 193 206 215 315 318 319 349 359 381 393 413 464 487 495 526 583 584 620 649 659 702 705 707 781 805 812 816 817 838 839 873 913 914 969 976 990 1037 1058 1060 1065 1071 1073 1080 1102 1142 1162 1210 1211 1222 1223 1302 1318 1320 1321 1346 1358 1362 1379 1400 1405 1411 1425 1444 1466 1486 1503 1549 1581 1610 1615 1620 1638 1641 1649 1650 1667 1669 1695 1718 1719 1739 1748 1800 1827 1852 1860 1885 1886 1906 1915 1921 1925 1931 1961 1983 1996
Compactness: 18689.507278
Weights: 1183.000000 20990.000000 5848.000000
Center Node: 152

District 4
Nodes: 14 42 53 70 85 127 186 214 222 243 248 254 258 292 306 347 360 386 447 459 462 482 497 502 533 550 552 564 570 586 703 755 757 760 837 861 863 872 886 889 895 917 932 951 993 1009 1010 1064 1085 1091 1104 1123 1130 1148 1156 1161 1190 1217 1227 1239 1270 1275 1277 1278 1301 1316 1326 1337 1359 1369 1372 1423 1431 1449 1459 1477 1494 1525 1537 1544 1559 1572 1614 1622 1676 1694 1701 1717 1732 1747 1762 1789 1792 1814 1830 1853 1858 1859 1899 1941 1958 1962
Compactness: 11051.692024
Weights: 1250.000000 20715.000000 5867.000000
Center Node: 1372

District 5
Nodes: 51 64 108 131 156 169 249 260 268 300 305 345 369 394 403 416 422 423 433 442 480 521 524 530 551 623 634 635 674 676 677 696 731 737 738 786 841 848 880 938 958 977 980 1083 1094 1113 1141 1225 1241 1268 1290 1322 1395 1397 1416 1417 1426 1437 1446 1450 1457 1464 1478 1491 1514 1524 1528 1531 1532 1539 1541 1553 1598 1631 1639 1643 1652 1660 1664 1687 1699 1723 1730 1774 1779 1795 1807 1810 1837 1841 1856 1924 1928 1930 1933 1956 1963 1976
Compactness: 10584.468510
Weights: 1170.000000 20943.000000 5751.000000
Center Node: 1446

District 6
Nodes: 54 120 150 160 166 224 242 262 270 283 338 341 358 402 404 565 572 579 582 593 600 644 655 662 716 721 759 770 783 807 820 822 844 850 859 882 906 926 948 953 968 1008 1015 1017 1026 1043 1049 1051 1075 1098 1115 1140 1173 1188 1192 1213 1218 1221 1247 1292 1293 1297 1303 1317 1335 1340 1356 1413 1429 1445 1469 1474 1488 1490 1527 1548 1561 1566 1568 1584 1593 1600 1642 1665 1680 1731 1734 1768 1781 1822 1833 1842 1848 1857 1872 1873 1888 1903 1905 1957
Compactness: 8765.852266
Weights: 1247.000000 21493.000000 5478.000000
Center Node: 948

District 7
Nodes: 1 15 65 66 83 107 126 173 190 199 202 227 250 261 290 296 301 303 331 335 350 357 380 414 436 439 443 448 450 454 463 515 538 590 633 643 663 714 717 772 784 791 793 800 813 853 870 879 891 904 908 923 970 997 1007 1023 1084 1106 1120 1125 1132 1147 1220 1229 1234 1253 1260 1263 1266 1310 1311 1323 1330 1353 1376 1414 1419 1479 1495 1523 1565 1616 1637 1647 1654 1658 1685 1689 1708 1709 1728 1758 1771 1772 1790 1797 1804 1817 1820 1834 1892 1923 1929 1947 1952 1967 1978 1980 1995
Compactness: 10465.059269
Weights: 1246.000000 21793.000000 5585.000000
Center Node: 15

District 8
Nodes: 57 71 95 114 118 141 151 176 183 187 189 265 281 302 382 397 411 425 438 441 474 531 544 554 563 602 608 617 629 631 640 657 671 683 692 708 719 729 761 790 828 896 978 979 1034 1054 1090 1117 1153 1182 1203 1228 1230 1236 1237 1258 1331 1342 1386 1398 1399 1406 1407 1410 1424 1475 1497 1508 1526 1536 1578 1597 1624 1663 1673 1674 1686 1693 1697 1704 1722 1736 1744 1750 1752 1757 1767 1806 1808 1811 1823 1835 1847 1878 1893 1897 1901 1916 1918 1949 1954 1970 1972 1977 1985
Compactness: 13947.901039
Weights: 1184.000000 20651.000000 5863.000000
Center Node: 1954

District 9
Nodes: 13 17 61 68 80 99 149 158 175 188 200 217 230 231 236 278 280 289 342 367 421 449 471 472 477 535 559 569 589 596 609 625 630 653 668 684 685 691 709 715 735 743 744 746 764 779 796 856 875 893 945 957 971 998 1029 1032 1057 1062 1069 1082 1096 1112 1150 1167 1177 1179 1183 1199 1205 1248 1264 1300 1319 1345 1355 1382 1432 1511 1546 1551 1558 1562 1583 1588 1605 1613 1619 1633 1644 1746 1791 1825 1831 1832 1862 1894 1922 1936 1964
Compactness: 8533.994923
Weights: 1161.000000 19882.000000 5609.000000
Center Node: 630

District 10
Nodes: 0 5 33 63 76 94 148 168 213 225 235 240 253 272 304 307 355 356 391 419 429 430 435 460 466 489 508 513 558 567 571 574 588 613 627 658 670 697 733 740 750 752 767 773 795 797 801 821 825 843 864 881 901 907 911 955 972 974 1012 1025 1056 1110 1114 1137 1144 1195 1232 1252 1255 1269 1271 1288 1305 1421 1470 1487 1496 1509 1540 1550 1587 1618 1627 1636 1651 1661 1670 1671 1703 1716 1745 1821 1840 1867 1876 1880 1909 1914 1951
Compactness: 9832.149296
Weights: 1228.000000 21798.000000 5489.000000
Center Node: 1618

District 11
Nodes: 21 34 87 91 98 105 110 115 161 179 192 198 211 212 218 233 256 273 317 332 333 337 344 346 352 366 396 424 453 457 465 484 490 500 517 537 548 591 595 605 610 641 642 652 667 675 724 775 806 811 818 819 831 871 890 899 925 930 943 964 983 995 1014 1048 1078 1093 1143 1160 1172 1186 1201 1233 1276 1298 1304 1313 1361 1366 1392 1440 1441 1530 1576 1589 1617 1672 1696 1729 1751 1778 1828 1836 1900 1904 1907 1934 1945 1960 1984
Compactness: 9231.122512
Weights: 1243.000000 21113.000000 5915.000000
Center Node: 179

District 12
Nodes: 16 19 28 41 46 60 69 92 100 116 145 147 172 185 207 219 238 264 279 297 343 372 387 388 420 444 483 493 512 532 540 606 632 680 690 748 754 758 782 792 823 836 847 894 937 1002 1042 1072 1077 1081 1107 1138 1154 1159 1163 1170 1171 1185 1189 1226 1250 1256 1261 1336 1368 1374 1377 1384 1439 1454 1471 1500 1529 1538 1557 1571 1608 1623 1632 1683 1733 1743 1753 1765 1785 1803 1850 1868 1887 1898 1908 1935 1940 1981 1998
Compactness: 8375.474390
Weights: 1106.000000 20078.000000 5261.000000
Center Node: 1908

District 13
Nodes: 8 18 22 23 31 32 37 74 81 82 106 174 178 184 232 259 276 299 313 320 351 368 379 392 418 427 440 492 496 519 546 562 568 581 603 611 660 700 710 723 728 734 736 804 809 832 835 840 887 900 903 954 988 1000 1059 1103 1145 1184 1193 1197 1272 1279 1299 1332 1347 1373 1389 1402 1408 1451 1501 1504 1519 1520 1545 1574 1577 1594 1607 1625 1635 1675 1678 1698 1707 1760 1761 1766 1812 1844 1911 1959 1973 1999
Compactness: 7359.707990
Weights: 1113.000000 21109.000000 5365.000000
Center Node: 1911

District 14
Nodes: 43 93 103 133 138 143 244 252 282 295 316 334 378 384 389 428 445 452 504 506 518 534 539 543 545 547 555 576 580 594 646 661 666 679 726 741 802 808 824 845 922 928 944 950 984 1005 1020 1028 1046 1052 1063 1068 1070 1074 1121 1127 1134 1174 1175 1176 1187 1194 1214 1224 1242 1265 1282 1287 1309 1344 1351 1365 1370 1383 1388 1447 1482 1484 1506 1515 1533 1542 1556 1573 1606 1611 1679 1682 1710 1755 1764 1775 1787 1805 1851 1861 1937 1943 1971 1993 1997
Compactness: 9611.671921
Weights: 1249.000000 21590.000000 5570.000000
Center Node: 576

District 15
Nodes: 39 50 86 102 122 135 182 196 201 203 220 251 287 288 309 321 326 362 365 373 377 400 407 409 456 479 498 510 522 561 592 615 665 688 720 732 785 787 788 798 814 815 830 877 912 935 940 942 946 947 967 1035 1036 1066 1089 1097 1152 1158 1169 1196 1212 1262 1289 1294 1306 1325 1343 1348 1354 1367 1385 1418 1443 1456 1458 1483 1485 1516 1522 1570 1579 1592 1599 1609 1621 1657 1725 1727 1738 1741 1742 1802 1884 1917 1944 1950 1982 1987 1989 1991
Compactness: 8870.545359
Weights: 1150.000000 21826.000000 5416.000000
Center Node: 1354

District 16
Nodes: 25 79 96 111 117 119 132 163 177 205 209 229 274 275 285 361 375 408 417 446 461 473 481 486 491 573 585 597 618 656 672 693 698 711 722 751 769 778 829 833 858 867 910 934 941 985 989 992 996 999 1030 1031 1039 1044 1079 1131 1181 1208 1244 1280 1283 1291 1390 1391 1422 1428 1461 1498 1513 1518 1595 1602 1656 1662 1677 1688 1692 1700 1720 1721 1724 1740 1759 1780 1799 1819 1829 1838 1839 1843 1869 1870 1874 1875 1895 1896 1912 1927 1942 1946 1968 1986
Compactness: 9946.701543
Weights: 1205.000000 20379.000000 5905.000000
Center Node: 163

District 17
Nodes: 4 9 24 26 35 75 90 109 121 144 170 180 226 241 245 263 266 269 284 293 308 353 364 399 405 406 455 469 505 514 527 528 549 575 587 598 614 621 622 647 648 727 730 745 749 756 851 874 876 878 920 961 966 973 1001 1018 1019 1050 1076 1087 1092 1109 1119 1124 1146 1155 1200 1216 1257 1286 1307 1308 1324 1327 1338 1394 1409 1415 1433 1442 1455 1481 1493 1505 1564 1569 1585 1586 1590 1626 1634 1737 1749 1756 1763 1798 1809 1882 1891 1920 1938 1939 1994
Compactness: 9912.288988
Weights: 1232.000000 20304.000000 5904.000000
Center Node: 455

District 18
Nodes: 6 55 130 155 165 171 194 221 223 228 234 246 277 286 311 312 330 370 376 467 475 509 516 529 536 578 616 628 637 650 686 695 713 771 774 777 827 846 865 883 884 892 905 916 921 939 949 959 960 962 975 986 1003 1027 1033 1041 1099 1108 1126 1128 1129 1157 1164 1168 1206 1219 1238 1259 1273 1285 1315 1333 1339 1371 1375 1430 1435 1438 1448 1452 1463 1472 1552 1554 1560 1580 1612 1630 1648 1754 1777 1793 1796 1816 1818 1824 1855 1864 1890 1913 1932 1953 1965 1988
Compactness: 11558.815447
Weights: 1250.000000 21410.000000 5535.000000
Center Node: 286

District 19
Nodes: 7 10 12 29 30 62 72 101 123 125 129 134 164 167 197 208 237 247 255 257 267 325 354 371 410 415 432 437 470 476 511 520 523 525 542 599 607 619 645 681 699 718 753 766 768 780 794 849 869 897 902 952 965 981 987 1016 1021 1024 1045 1088 1149 1165 1180 1209 1246 1251 1274 1312 1314 1328 1360 1363 1393 1401 1436 1453 1510 1512 1575 1591 1601 1604 1628 1629 1655 1659 1690 1691 1713 1715 1769 1773 1784 1863 1866 1877 1902 1955 1990
Compactness: 11621.748683
Weights: 1241.000000 20209.000000 5585.000000
Center Node: 1360

District 20
Nodes: 38 44 45 56 59 78 89 97 124 137 139 140 154 216 294 298 310 314 336 390 398 412 426 458 485 494 499 604 638 639 651 669 689 694 701 725 747 765 826 868 885 924 933 963 982 1013 1040 1047 1055 1105 1111 1204 1207 1215 1240 1243 1245 1267 1296 1378 1381 1396 1403 1404 1427 1465 1476 1492 1502 1563 1567 1640 1681 1702 1714 1770 1776 1783 1788 1813 1846 1849 1871 1879 1883 1889 1948 1966 1969 1974 1975
Compactness: 14246.255031
Weights: 1130.000000 20073.000000 5724.000000
Center Node: 499
