BalanceViolation 375.355000
AffinityLoss 3710.000000
Compactness 136897.020891

District 1
Nodes: 112 333 353 365 435 534 597 672 681 683 738 740 821 823 931 950 1004 1098 1118 1175 1194 1196 1309 1373 1381 1480 1530 1588 1625 1630 1653 1688 1694 1751 1759 1818 1845 1874 1906 1925
Compactness: 2789.971253
Weights: 526.000000 8566.000000 2186.000000
Center Node: 1694

District 2
Nodes: 8 10 64 116 129 132 149 189 232 272 293 301 336 380 493 680 704 710 714 794 807 845 949 1009 1037 1152 1190 1295 1389 1408 1488 1496 1512 1541 1558 1640 1741 1761 1842 1887 1926
Compactness: 2060.599540
Weights: 452.000000 8645.000000 2318.000000
Center Node: 704

District 3
Nodes: 104 110 115 125 160 280 348 359 369 398 412 471 489 594 598 640 660 791 853 860 892 1016 1033 1061 1077 1085 1157 1191 1233 1291 1321 1482 1511 1523 1591 1613 1620 1675 1770 1802 1837 1980
Compactness: 3322.209902
Weights: 503.000000 8537.000000 2433.000000
Center Node: 280

District 4
Nodes: 28 75 198 203 205 242 311 339 387 407 411 432 508 522 561 770 779 803 868 880 952 986 1013 1090 1238 1240 1279 1333 1346 1363 1375 1449 1638 1699 1742 1843 1878 1899 1967
Compactness: 3043.977791
Weights: 429.000000 8363.000000 2214.000000
Center Node: 986

District 5
Nodes: 133 136 158 162 218 334 400 406 496 658 671 739 762 938 960 1091 1146 1219 1302 1326 1401 1424 1444 1470 1492 1556 1578 1626 1650 1719 1731 1735 1750 1763 1773 1790 1827 1917 1919 1928 1993
Compactness: 2357.018689
Weights: 502.000000 8644.000000 2338.000000
Center Node: 162

District 6
Nodes: 31 57 172 184 208 216 307 356 360 431 479 583 642 653 654 752 784 790 804 887 944 1003 1021 1075 1147 1207 1275 1318 1353 1366 1377 1391 1555 1573 1684 1757 1762 1809 1822 1844 1862
Compactness: 2777.587718
Weights: 492.000000 7929.000000 2344.000000
Center Node: 1862

District 7
Nodes: 27 87 143 151 192 219 270 350 361 367 403 464 548 573 626 674 723 788 894 900 940 956 1066 1200 1337 1502 1503 1508 1661 1689 1701 1704 1729 1734 1829 1851 1879 1922 1924 1952 1955
Compactness: 2921.136332
Weights: 483.000000 7941.000000 2433.000000
Center Node: 1952

District 8
Nodes: 4 51 134 141 154 212 454 678 698 733 759 787 793 797 822 824 852 877 878 898 970 974 1142 1148 1184 1189 1251 1332 1361 1374 1387 1390 1459 1483 1520 1649 1656 1680 1778 1921
Compactness: 3329.280632
Weights: 450.000000 8656.000000 2192.000000
Center Node: 1459

District 9
Nodes: 1 13 18 56 206 221 258 281 331 427 446 476 477 563 570 614 734 848 875 888 1022 1024 1089 1119 1126 1192 1234 1407 1414 1536 1552 1633 1659 1702 1806 1810 1869 1873 1914 1932 1979 1989
Compactness: 2245.526120
Weights: 497.000000 7944.000000 2429.000000
Center Node: 563

District 10
Nodes: 44 55 72 178 237 289 328 341 376 442 492 499 587 611 745 756 789 795 813 825 830 886 917 981 1221 1342 1402 1415 1423 1447 1589 1590 1622 1645 1786 1854 1861 1896 1897 1991 1999
Compactness: 3205.132984
Weights: 499.000000 7973.000000 2351.000000
Center Node: 1423

District 11
Nodes: 59 100 220 264 273 332 349 357 358 475 516 601 652 661 668 767 834 873 893 902 906 939 978 1027 1044 1116 1159 1162 1223 1304 1400 1472 1473 1489 1514 1708 1714 1849 1911
Compactness: 3661.693040
Weights: 500.000000 8219.000000 2330.000000
Center Node: 906

District 12
Nodes: 2 73 97 106 161 204 222 318 335 373 443 451 473 482 528 635 636 717 746 908 915 988 1002 1011 1083 1094 1099 1185 1228 1229 1306 1317 1403 1443 1448 1533 1747 1804 1907 1942 1974
Compactness: 2711.341659
Weights: 503.000000 8576.000000 2250.000000
Center Node: 335

District 13
Nodes: 50 71 135 170 171 200 266 278 329 395 488 500 524 532 540 609 712 766 935 948 1026 1111 1145 1172 1187 1264 1299 1344 1352 1416 1476 1535 1537 1538 1676 1707 1738 1740 1758 1908 1915 1951 1983
Compactness: 3784.489395
Weights: 502.000000 8725.000000 2429.000000
Center Node: 329

District 14
Nodes: 79 105 109 123 153 259 276 277 323 470 498 517 610 620 627 728 763 764 812 941 955 965 1036 1046 1051 1149 1180 1297 1357 1393 1420 1432 1433 1499 1554 1616 1648 1855 1964 1970
Compactness: 4319.946129
Weights: 502.000000 8509.000000 2440.000000
Center Node: 1046

District 15
Nodes: 11 20 147 159 225 379 544 560 568 588 711 966 979 980 1001 1029 1110 1168 1232 1256 1271 1280 1339 1382 1385 1440 1460 1522 1525 1527 1577 1639 1715 1816 1823 1892 1909 1958 1987
Compactness: 1713.574836
Weights: 456.000000 7894.000000 2389.000000
Center Node: 1823

District 16
Nodes: 17 85 113 146 150 251 254 444 487 507 556 580 608 702 751 809 895 942 951 1019 1025 1067 1073 1087 1360 1428 1478 1516 1609 1644 1660 1797 1817 1882 1913 1923 1937 1975
Compactness: 1936.402435
Weights: 478.000000 8284.000000 2384.000000
Center Node: 556

District 17
Nodes: 48 74 117 118 197 231 240 325 401 402 455 566 569 664 686 706 708 761 903 910 924 930 984 989 1018 1055 1144 1216 1231 1340 1410 1452 1493 1608 1722 1756 1805 1963 1997
Compactness: 3033.198498
Weights: 461.000000 8026.000000 2443.000000
Center Node: 1231

District 18
Nodes: 80 94 95 168 177 183 196 223 338 368 453 465 529 574 727 741 768 774 836 842 928 982 1038 1049 1177 1193 1267 1455 1565 1592 1595 1663 1769 1783 1833 1945 1978
Compactness: 2176.489851
Weights: 471.000000 8721.000000 2217.000000
Center Node: 741

District 19
Nodes: 15 92 107 186 217 226 230 284 302 308 315 370 381 515 536 554 593 603 624 713 833 850 855 911 914 954 1039 1150 1178 1203 1313 1325 1362 1454 1547 1561 1600 1674 1732 1743 1772 1776 1898 1929
Compactness: 2839.945132
Weights: 494.000000 7972.000000 2389.000000
Center Node: 603

District 20
Nodes: 96 263 314 322 340 345 374 418 440 505 523 531 535 551 648 725 726 760 815 881 1047 1065 1079 1114 1121 1124 1170 1171 1202 1211 1261 1273 1300 1356 1388 1497 1540 1545 1795 1930 1938 1947 1992 1996
Compactness: 2842.627138
Weights: 494.000000 8555.000000 2438.000000
Center Node: 535

District 21
Nodes: 86 211 256 260 297 362 447 600 612 650 701 816 969 1136 1195 1199 1380 1397 1421 1464 1494 1510 1562 1585 1604 1629 1678 1711 1814 1836 1838 1883 1894
Compactness: 2188.301333
Weights: 453.000000 8058.000000 2281.000000
Center Node: 86

District 22
Nodes: 12 137 188 191 243 397 458 575 619 716 755 777 792 829 858 869 916 925 961 999 1081 1086 1154 1263 1281 1378 1425 1436 1543 1612 1627 1655 1685 1725 1857 1893 1901 1941 1957 1968
Compactness: 2501.279949
Weights: 451.000000 8550.000000 2416.000000
Center Node: 1968

District 23
Nodes: 19 53 83 108 140 202 224 558 562 607 670 705 876 883 932 1005 1040 1056 1093 1103 1186 1218 1249 1274 1286 1311 1330 1351 1358 1439 1481 1485 1517 1718 1771 1793 1803 1850 1856 1985
Compactness: 2393.067724
Weights: 498.000000 8347.000000 2249.000000
Center Node: 1249

District 24
Nodes: 34 77 90 261 283 285 319 377 382 485 520 585 665 693 884 976 1031 1041 1068 1104 1112 1164 1188 1198 1241 1287 1322 1422 1509 1546 1564 1583 1594 1727 1785 1890 1895 1920 1933 1965
Compactness: 2386.144670
Weights: 504.000000 8537.000000 2210.000000
Center Node: 1895

District 25
Nodes: 23 70 121 164 215 250 255 324 539 621 719 781 840 846 904 905 975 1060 1109 1113 1134 1181 1254 1438 1475 1490 1500 1506 1507 1606 1632 1642 1698 1723 1739 1744 1858 1870 1877 1900 1934 1943
Compactness: 2513.633193
Weights: 495.000000 8629.000000 2438.000000
Center Node: 846

District 26
Nodes: 9 296 306 317 372 375 416 462 543 589 596 599 657 696 754 771 806 818 831 843 899 923 977 1063 1115 1197 1262 1458 1539 1584 1617 1621 1669 1671 1705 1736 1782 1821 1912 1931 1950
Compactness: 3299.989924
Weights: 491.000000 8615.000000 2392.000000
Center Node: 754

District 27
Nodes: 5 6 63 76 93 303 363 553 564 737 796 805 832 859 907 918 1088 1135 1217 1277 1296 1329 1437 1451 1557 1559 1598 1619 1628 1652 1667 1720 1721 1726 1764 1871 1889 1904 1984
Compactness: 2691.560727
Weights: 461.000000 8095.000000 2395.000000
Center Node: 1984

District 28
Nodes: 157 244 253 299 351 355 385 414 428 457 495 541 546 630 659 663 685 688 715 718 929 971 993 998 1042 1058 1107 1165 1236 1315 1320 1399 1574 1647 1683 1690 1717 1733 1847 1860
Compactness: 2763.204763
Weights: 460.000000 8618.000000 2372.000000
Center Node: 299

District 29
Nodes: 78 128 145 163 236 268 343 344 352 426 436 437 439 481 527 634 700 721 736 844 861 901 1125 1230 1257 1285 1350 1501 1526 1542 1566 1596 1643 1658 1664 1692 1800 1853 1939
Compactness: 2004.441591
Weights: 451.000000 7867.000000 2418.000000
Center Node: 901

District 30
Nodes: 0 33 45 175 227 378 405 410 469 480 503 552 666 676 778 802 856 920 957 990 996 1070 1072 1092 1176 1260 1289 1398 1409 1456 1467 1521 1572 1575 1587 1618 1706 1767 1768 1784 1830
Compactness: 2441.256997
Weights: 500.000000 8607.000000 2323.000000
Center Node: 410

District 31
Nodes: 7 62 130 144 190 210 239 290 321 456 530 592 646 675 691 695 750 801 995 1007 1062 1096 1123 1212 1265 1288 1298 1316 1418 1534 1599 1696 1753 1859 1864 1875 1876 1972
Compactness: 2547.534403
Weights: 506.000000 8017.000000 2251.000000
Center Node: 321

District 32
Nodes: 36 101 180 182 199 238 279 294 383 386 390 461 509 549 605 849 864 866 879 936 943 967 1008 1138 1140 1143 1158 1255 1301 1372 1491 1528 1651 1657 1697 1728 1779 1794 1936 1976 1982
Compactness: 5290.866529
Weights: 507.000000 7896.000000 2209.000000
Center Node: 1697

District 33
Nodes: 22 29 40 91 119 166 187 247 262 292 320 425 445 511 555 647 742 769 828 937 997 1010 1209 1305 1370 1431 1515 1529 1610 1666 1673 1677 1709 1789 1808 1841 1865 1946 1977
Compactness: 1972.627752
Weights: 448.000000 8592.000000 2235.000000
Center Node: 937

District 34
Nodes: 3 58 122 295 300 304 316 394 420 490 533 550 557 581 623 744 783 819 882 897 926 968 994 1160 1167 1222 1268 1345 1347 1369 1394 1419 1435 1486 1498 1581 1586 1601 1637 1766 1813 1826 1832 1881
Compactness: 2772.098449
Weights: 464.000000 8559.000000 2403.000000
Center Node: 1826

District 35
Nodes: 16 24 38 127 165 167 181 194 201 249 265 346 413 417 430 472 474 572 628 667 729 732 743 839 851 863 921 953 1108 1201 1205 1328 1386 1461 1654 1682 1686 1788 1880
Compactness: 2583.669910
Weights: 499.000000 8010.000000 2214.000000
Center Node: 1108

District 36
Nodes: 49 52 88 131 179 207 241 313 342 408 459 484 486 491 506 547 622 775 847 871 946 1012 1043 1128 1155 1174 1213 1215 1237 1250 1282 1292 1303 1426 1484 1519 1563 1679 1745 1774 1781 1819 1910
Compactness: 2685.291896
Weights: 503.000000 8628.000000 2410.000000
Center Node: 871

District 37
Nodes: 176 229 245 460 466 467 513 567 604 618 699 730 810 820 891 909 913 1120 1137 1319 1334 1371 1430 1466 1571 1582 1605 1611 1615 1710 1801 1812 1846 1888 1902 1969 1995
Compactness: 2160.225008
Weights: 507.000000 8141.000000 2226.000000
Center Node: 466

District 38
Nodes: 47 103 126 228 310 366 429 433 512 514 538 595 629 631 731 749 1050 1076 1101 1127 1132 1169 1220 1246 1290 1324 1368 1383 1405 1411 1412 1413 1453 1505 1569 1681 1787 1916 1981
Compactness: 1967.166447
Weights: 458.000000 8706.000000 2195.000000
Center Node: 1383

District 39
Nodes: 26 42 66 81 82 89 102 267 337 468 571 586 632 645 1057 1069 1095 1105 1130 1173 1182 1226 1243 1247 1283 1307 1341 1532 1544 1553 1560 1603 1634 1716 1749 1760 1839 1866 1891 1944 1971
Compactness: 3261.108692
Weights: 501.000000 8412.000000 2233.000000
Center Node: 102

District 40
Nodes: 46 67 114 193 257 275 448 545 559 579 584 606 637 662 772 827 865 922 959 962 963 1045 1161 1204 1210 1227 1244 1284 1404 1468 1477 1479 1548 1568 1580 1607 1798 1820 1884 1927 1962
Compactness: 2511.471415
Weights: 453.000000 7973.000000 2438.000000
Center Node: 637

District 41
Nodes: 21 84 120 148 209 274 419 602 615 679 687 835 838 862 896 927 933 934 1000 1048 1078 1080 1225 1239 1252 1253 1272 1278 1293 1308 1355 1406 1446 1614 1641 1998
Compactness: 1672.296841
Weights: 471.000000 7907.000000 2419.000000
Center Node: 419

District 42
Nodes: 41 152 287 305 326 330 415 438 483 519 684 692 817 872 889 945 1023 1035 1100 1117 1179 1183 1214 1310 1336 1349 1364 1450 1474 1513 1623 1665 1691 1695 1777 1835 1848 1905 1948
Compactness: 2304.680981
Weights: 497.000000 8108.000000 2214.000000
Center Node: 41

District 43
Nodes: 14 25 39 68 139 174 185 235 271 393 421 478 502 633 639 641 753 776 885 958 972 985 1097 1163 1166 1258 1276 1312 1327 1441 1469 1646 1796 1868 1940 1953 1994
Compactness: 2042.186966
Weights: 445.000000 8130.000000 2055.000000
Center Node: 972

District 44
Nodes: 30 37 155 248 269 384 409 463 518 582 591 651 656 703 748 765 785 837 867 890 964 1017 1122 1131 1141 1156 1208 1235 1266 1550 1624 1700 1754 1807 1834 1852 1949 1954 1959 1961
Compactness: 2181.513520
Weights: 452.000000 8098.000000 2290.000000
Center Node: 1550

District 45
Nodes: 98 169 195 214 246 309 364 452 497 526 565 576 577 578 644 649 735 747 857 919 991 992 1006 1034 1084 1248 1359 1395 1427 1442 1487 1602 1635 1636 1687 1713 1780 1828 1831 1840 1886 1986 1990
Compactness: 2699.370506
Weights: 503.000000 8619.000000 2399.000000
Center Node: 735

District 46
Nodes: 124 282 312 354 422 449 450 504 510 521 542 690 724 757 782 786 798 799 826 947 1054 1059 1071 1151 1224 1294 1392 1434 1463 1504 1551 1631 1693 1724 1737 1746 1811 1872 1903
Compactness: 2224.620261
Weights: 448.000000 8714.000000 2194.000000
Center Node: 1294

District 47
Nodes: 43 60 99 138 288 298 494 501 537 590 613 625 689 697 758 773 808 912 973 983 987 1074 1082 1139 1245 1259 1314 1338 1348 1354 1376 1457 1524 1579 1670 1730 1815 1867 1918 1973
Compactness: 4561.109091
Weights: 464.000000 8202.000000 2218.000000
Center Node: 1245

District 48
Nodes: 35 69 111 252 347 525 643 655 673 682 694 707 720 722 811 814 841 854 1028 1053 1064 1106 1153 1323 1331 1343 1365 1379 1396 1417 1495 1570 1576 1662 1712 1748 1775 1825 1960 1988
Compactness: 2341.652454
Weights: 449.000000 8112.000000 2431.000000
Center Node: 694

District 49
Nodes: 32 142 156 291 388 391 392 399 404 424 434 441 616 638 669 780 870 1032 1052 1102 1133 1270 1367 1384 1465 1471 1531 1549 1567 1593 1672 1752 1765 1791 1799 1863 1935 1956 1966
Compactness: 2500.596275
Weights: 486.000000 8147.000000 2352.000000
Center Node: 156

District 50
Nodes: 54 61 65 173 213 233 234 286 327 371 389 396 423 617 677 709 800 874 1014 1015 1020 1030 1129 1206 1242 1269 1335 1429 1445 1462 1518 1597 1668 1703 1755 1792 1824 1885
Compactness: 4361.903549
Weights: 460.000000 8027.000000 2439.000000
Center Node: 1014
