BalanceViolation 113.684000
AffinityLoss 3676.000000
Compactness 141055.807003

District 1
Nodes: 56 159 166 218 364 540 574 614 654 714 715 748 847 880 889 898 951 953 1009 1106 1156 1228 1288 1309 1364 1373 1446 1543 1600 1609 1636 1655 1659 1679 1690 1703 1809 1870 1994
Compactness: 2154.752587
Weights: 465.000000 7770.000000 2283.000000
Center Node: 1009

District 2
Nodes: 28 64 80 192 196 211 376 390 432 447 490 492 566 656 720 726 771 776 799 859 965 1073 1104 1109 1215 1217 1289 1292 1327 1499 1512 1528 1549 1552 1691 1716 1899 1901 1918 1938 1983
Compactness: 3553.726160
Weights: 505.000000 8261.000000 2327.000000
Center Node: 1512

District 3
Nodes: 109 180 187 224 253 264 293 299 301 349 360 436 692 701 836 915 950 980 1004 1025 1043 1119 1123 1165 1290 1341 1353 1369 1374 1402 1409 1431 1534 1555 1574 1704 1722 1723 1726 1838 1904
Compactness: 4232.714810
Weights: 483.000000 8512.000000 2383.000000
Center Node: 224

District 4
Nodes: 34 146 154 267 294 445 502 509 572 631 649 657 698 750 754 794 798 818 883 906 1037 1072 1082 1175 1258 1264 1305 1376 1438 1477 1526 1572 1619 1708 1749 1816 1942 1978
Compactness: 2322.482493
Weights: 497.000000 8069.000000 2326.000000
Center Node: 572

District 5
Nodes: 90 132 161 238 279 394 463 522 596 606 638 665 724 729 763 783 791 807 831 850 870 936 945 956 978 1000 1086 1212 1262 1283 1372 1418 1466 1480 1519 1582 1583 1614 1860 1868 1963
Compactness: 2916.255204
Weights: 470.000000 7821.000000 2291.000000
Center Node: 1868

District 6
Nodes: 7 33 81 115 176 213 233 280 302 342 413 537 602 681 696 757 759 811 821 872 958 988 1031 1064 1189 1231 1310 1315 1347 1391 1411 1508 1521 1522 1763 1771 1793 1830 1933 1966
Compactness: 3403.307343
Weights: 500.000000 8473.000000 2218.000000
Center Node: 81

District 7
Nodes: 150 193 249 367 482 546 642 643 703 706 760 775 808 817 832 903 957 992 1036 1096 1120 1196 1200 1209 1334 1356 1360 1380 1392 1429 1451 1476 1591 1601 1616 1730 1791 1848 1869 1877 1889 1998
Compactness: 3101.703334
Weights: 463.000000 8507.000000 2390.000000
Center Node: 1591

District 8
Nodes: 29 153 172 236 266 334 336 343 344 363 408 477 539 547 704 731 774 843 878 897 949 1026 1046 1051 1056 1168 1174 1268 1386 1538 1542 1551 1570 1588 1624 1633 1645 1725 1826 1941 1980
Compactness: 1878.212028
Weights: 492.000000 7705.000000 2396.000000
Center Node: 363

District 9
Nodes: 78 117 298 325 387 419 489 554 578 699 746 796 887 918 927 929 1093 1169 1178 1236 1308 1330 1339 1464 1598 1602 1604 1622 1677 1687 1695 1710 1712 1748 1773 1858 1879 1944 1960 1974
Compactness: 2703.977281
Weights: 515.000000 7792.000000 2188.000000
Center Node: 1858

District 10
Nodes: 0 38 52 96 143 189 220 403 460 501 511 523 556 588 594 617 675 710 765 801 877 885 959 973 1006 1130 1167 1176 1197 1243 1266 1336 1388 1398 1472 1573 1623 1824 1846 1903 1961
Compactness: 2400.435538
Weights: 484.000000 8478.000000 2258.000000
Center Node: 0

District 11
Nodes: 44 62 73 216 287 328 380 382 466 557 564 581 621 637 659 697 753 840 1020 1048 1187 1201 1234 1277 1378 1414 1421 1470 1594 1607 1627 1668 1696 1786 1796 1808 1814 1818 1847 1939 1982 1984
Compactness: 3929.747946
Weights: 459.000000 8503.000000 2407.000000
Center Node: 1982

District 12
Nodes: 15 36 48 76 91 97 100 179 198 223 330 374 503 559 684 735 762 782 812 849 855 866 886 908 913 943 1003 1012 1022 1183 1351 1395 1425 1461 1467 1536 1720 1775 1825 1871 1969 1977 1993
Compactness: 3018.901271
Weights: 505.000000 8516.000000 2236.000000
Center Node: 36

District 13
Nodes: 50 51 57 69 126 229 321 427 452 481 532 744 803 824 826 858 998 1030 1035 1087 1112 1163 1206 1244 1248 1377 1412 1434 1442 1615 1620 1674 1731 1795 1857 1883 1913 1948 1971
Compactness: 2491.778044
Weights: 492.000000 7842.000000 2332.000000
Center Node: 1883

District 14
Nodes: 70 71 85 303 340 414 444 488 491 498 577 644 673 674 677 691 761 784 907 947 955 991 1019 1066 1181 1202 1226 1343 1383 1408 1422 1490 1510 1556 1640 1697 1732 1884 1907 1947 1962
Compactness: 1888.216166
Weights: 505.000000 8475.000000 2265.000000
Center Node: 1884

District 15
Nodes: 30 66 190 199 205 237 289 295 307 385 409 562 653 685 690 707 717 736 764 871 922 937 952 1002 1097 1098 1115 1138 1294 1335 1415 1453 1595 1617 1692 1721 1755 1758 1789 1805 1885 1949 1967
Compactness: 3326.832295
Weights: 485.000000 8448.000000 2182.000000
Center Node: 1453

District 16
Nodes: 10 14 55 72 162 167 226 322 421 527 528 609 688 723 739 745 758 781 806 852 853 876 1008 1121 1316 1342 1390 1459 1503 1509 1523 1530 1580 1611 1644 1754 1781 1880 1919
Compactness: 2139.375303
Weights: 459.000000 7856.000000 2356.000000
Center Node: 1121

District 17
Nodes: 42 286 296 440 449 497 499 651 664 668 683 742 751 787 1014 1060 1084 1107 1143 1182 1232 1265 1291 1303 1312 1358 1368 1440 1463 1656 1664 1685 1750 1756 1777 1810 1865 1874 1920 1965
Compactness: 2295.060652
Weights: 459.000000 7744.000000 2349.000000
Center Node: 286

District 18
Nodes: 5 59 184 315 331 352 356 404 431 435 473 475 534 582 623 711 769 805 846 910 946 970 1322 1355 1357 1382 1432 1482 1504 1513 1545 1686 1768 1819 1832 1859 1898 1909 1989
Compactness: 2926.338980
Weights: 461.000000 7996.000000 2384.000000
Center Node: 315

District 19
Nodes: 43 65 140 278 297 305 434 446 512 524 563 647 700 709 740 804 920 969 1047 1088 1116 1153 1237 1261 1274 1340 1413 1436 1437 1452 1471 1558 1603 1634 1651 1660 1693 1745 1803 1872
Compactness: 3776.450433
Weights: 498.000000 8518.000000 2215.000000
Center Node: 1452

District 20
Nodes: 20 87 111 157 227 228 290 333 358 402 411 430 441 465 661 814 954 993 1027 1040 1052 1069 1100 1127 1128 1179 1194 1256 1365 1462 1489 1506 1673 1684 1713 1762 1851 1855 1926 1936 1988
Compactness: 2329.745896
Weights: 510.000000 7941.000000 2184.000000
Center Node: 1506

District 21
Nodes: 31 92 142 231 254 341 347 395 429 542 548 576 598 605 629 670 678 737 756 772 912 960 962 982 989 1062 1180 1255 1284 1302 1455 1516 1596 1626 1638 1761 1804 1866 1925 1999
Compactness: 2699.962307
Weights: 475.000000 8210.000000 2204.000000
Center Node: 912

District 22
Nodes: 41 88 147 163 355 433 457 505 555 608 790 823 874 911 928 1007 1013 1055 1078 1090 1122 1134 1137 1216 1227 1332 1348 1359 1385 1430 1444 1457 1495 1702 1770 1921 1937 1964
Compactness: 2102.273063
Weights: 473.000000 8399.000000 2406.000000
Center Node: 555

District 23
Nodes: 130 244 312 316 324 332 455 517 597 632 666 788 793 809 828 864 894 930 932 1017 1028 1140 1162 1172 1233 1367 1424 1474 1507 1560 1579 1597 1653 1711 1718 1727 1854 1922 1927 1952
Compactness: 2456.690720
Weights: 474.000000 7722.000000 2392.000000
Center Node: 597

District 24
Nodes: 84 98 164 203 208 222 246 251 274 437 495 561 618 625 841 904 931 1033 1126 1148 1210 1299 1354 1400 1427 1435 1445 1483 1494 1502 1511 1585 1635 1639 1663 1681 1714 1782
Compactness: 2434.084651
Weights: 447.000000 8545.000000 2413.000000
Center Node: 208

District 25
Nodes: 13 23 37 75 82 156 219 248 366 401 439 474 496 592 603 705 728 755 773 830 867 1050 1080 1149 1239 1344 1406 1443 1454 1537 1550 1778 1787 1812 1829 1840 1981 1985
Compactness: 2243.924700
Weights: 485.000000 8349.000000 2182.000000
Center Node: 728

District 26
Nodes: 35 47 102 127 170 255 263 300 308 318 370 472 543 593 732 780 800 829 837 861 914 1038 1044 1198 1214 1252 1253 1317 1318 1379 1394 1479 1481 1682 1698 1799 1813 1821 1828 1873 1956
Compactness: 2387.781360
Weights: 461.000000 7968.000000 2303.000000
Center Node: 47

District 27
Nodes: 21 60 105 202 291 323 371 383 461 479 510 529 573 579 589 620 713 718 1065 1102 1118 1218 1222 1269 1298 1301 1331 1371 1458 1497 1565 1577 1689 1694 1811 1833 1910 1976
Compactness: 2306.353924
Weights: 471.000000 7814.000000 2393.000000
Center Node: 573

District 28
Nodes: 45 67 86 107 114 136 145 148 247 275 339 362 464 514 545 567 719 770 779 869 1070 1085 1114 1139 1193 1229 1297 1449 1646 1649 1652 1658 1707 1797 1807 1888 1928 1951 1990
Compactness: 2220.221483
Weights: 502.000000 8165.000000 2383.000000
Center Node: 145

District 29
Nodes: 18 129 272 283 337 365 375 392 399 469 471 508 515 521 553 584 586 636 650 687 795 833 856 892 934 961 1011 1032 1071 1095 1105 1166 1195 1251 1307 1362 1419 1539 1729 1740 1769 1817 1839 1929
Compactness: 7185.625850
Weights: 497.000000 8479.000000 2287.000000
Center Node: 469

District 30
Nodes: 39 128 134 151 175 197 245 277 329 378 416 428 494 504 601 619 658 721 862 865 933 977 1018 1161 1188 1192 1219 1224 1249 1350 1517 1630 1654 1753 1767 1852 1895 1915 1931 1934 1979
Compactness: 2372.673801
Weights: 505.000000 8045.000000 2198.000000
Center Node: 504

District 31
Nodes: 32 108 206 215 241 252 311 350 393 456 533 544 600 615 626 727 749 875 893 917 921 939 1207 1245 1263 1267 1279 1320 1370 1447 1469 1587 1613 1632 1642 1666 1774 1790 1836 1897 1946
Compactness: 2657.639005
Weights: 461.000000 8477.000000 2187.000000
Center Node: 108

District 32
Nodes: 11 212 239 262 282 346 369 410 418 470 487 551 568 663 702 767 822 888 925 983 984 1131 1199 1257 1273 1349 1366 1381 1404 1488 1524 1599 1706 1733 1736 1785 1842 1940
Compactness: 2090.907471
Weights: 468.000000 8018.000000 2251.000000
Center Node: 487

District 33
Nodes: 16 53 77 131 137 149 359 396 420 425 476 560 583 627 848 882 986 1068 1158 1260 1293 1295 1314 1399 1460 1491 1496 1500 1505 1520 1575 1589 1891 1893 1906 1912 1932 1955 1959
Compactness: 2394.946536
Weights: 463.000000 8372.000000 2379.000000
Center Node: 1460

District 34
Nodes: 63 83 101 120 185 214 235 423 438 500 565 569 575 611 622 786 810 976 996 1001 1023 1054 1103 1235 1254 1410 1484 1561 1562 1567 1576 1593 1643 1680 1683 1751 1911 1973 1995
Compactness: 2655.018738
Weights: 489.000000 8277.000000 2387.000000
Center Node: 1023

District 35
Nodes: 3 4 54 110 173 204 234 250 276 391 405 468 478 513 535 595 612 613 734 879 941 968 975 1053 1067 1076 1110 1185 1275 1325 1389 1448 1493 1501 1571 1621 1892 1908
Compactness: 2035.159844
Weights: 501.000000 8250.000000 2185.000000
Center Node: 468

District 36
Nodes: 6 121 125 168 181 188 221 304 335 397 407 422 453 454 580 604 633 689 816 839 851 884 948 997 999 1061 1063 1074 1129 1151 1164 1525 1641 1760 1798 1806 1863 1887 1924 1970
Compactness: 3861.528436
Weights: 451.000000 8378.000000 2303.000000
Center Node: 1798

District 37
Nodes: 230 319 372 377 484 536 570 590 645 738 792 963 967 979 990 1041 1099 1101 1111 1125 1141 1142 1186 1213 1304 1361 1420 1533 1544 1554 1581 1605 1671 1699 1715 1815 1835 1878 1916
Compactness: 2261.328823
Weights: 503.000000 8089.000000 2220.000000
Center Node: 1141

District 38
Nodes: 40 194 200 207 209 225 269 314 354 368 381 389 406 448 450 480 485 825 834 890 940 985 995 1057 1075 1132 1159 1191 1211 1220 1240 1276 1532 1540 1701 1746 1783 1861 1902 1992
Compactness: 2856.078786
Weights: 499.000000 7848.000000 2401.000000
Center Node: 485

District 39
Nodes: 49 61 94 133 217 243 259 261 415 520 680 712 743 777 819 827 838 899 987 1136 1154 1171 1190 1259 1323 1328 1333 1363 1375 1518 1546 1566 1569 1584 1688 1705 1737 1739 1784 1801 1849 1862 1923
Compactness: 2755.413887
Weights: 490.000000 7779.000000 2406.000000
Center Node: 838

District 40
Nodes: 22 116 232 260 268 288 313 326 516 518 599 676 730 747 752 789 813 860 881 942 971 974 1005 1042 1089 1108 1205 1280 1393 1407 1439 1465 1485 1563 1700 1719 1724 1780 1823 1853
Compactness: 2581.362749
Weights: 468.000000 8184.000000 2387.000000
Center Node: 1089

District 41
Nodes: 118 124 182 270 271 317 357 525 610 624 662 716 725 785 815 1059 1092 1145 1157 1208 1238 1250 1296 1324 1416 1428 1468 1475 1637 1661 1667 1676 1738 1822 1827 1930 1943 1950 1986 1987
Compactness: 2650.732629
Weights: 477.000000 7741.000000 2339.000000
Center Node: 610

District 42
Nodes: 1 2 112 122 158 258 351 384 412 519 630 639 652 672 895 902 924 944 994 1058 1133 1272 1486 1492 1535 1547 1559 1592 1625 1631 1669 1670 1675 1792 1841 1856 1900 1917 1997
Compactness: 2574.427064
Weights: 501.000000 8260.000000 2183.000000
Center Node: 1535

District 43
Nodes: 26 93 178 210 348 353 388 417 424 451 530 531 549 591 667 679 682 694 708 835 863 909 919 935 1015 1034 1170 1306 1313 1337 1531 1678 1717 1728 1744 1776
Compactness: 2068.010224
Weights: 449.000000 8001.000000 2355.000000
Center Node: 1717

District 44
Nodes: 17 104 155 171 186 201 273 285 345 361 426 483 550 571 686 844 901 1024 1117 1270 1396 1401 1405 1423 1426 1608 1612 1665 1734 1757 1764 1779 1788 1843 1890 1991
Compactness: 1683.503086
Weights: 432.000000 7724.000000 2181.000000
Center Node: 1024

District 45
Nodes: 8 9 19 103 135 141 174 257 306 400 526 558 585 722 778 820 845 896 900 966 1016 1079 1091 1152 1160 1221 1321 1397 1456 1478 1498 1647 1672 1709 1759 1766 1875 1886 1914 1935 1954 1957
Compactness: 3275.350061
Weights: 497.000000 8233.000000 2338.000000
Center Node: 1957

District 46
Nodes: 24 68 79 95 106 139 165 191 281 327 398 467 541 634 646 648 857 868 873 905 964 972 1029 1113 1155 1173 1203 1204 1246 1287 1329 1345 1384 1387 1433 1657 1837 1876 1905 1968
Compactness: 5494.790562
Weights: 516.000000 7822.000000 2187.000000
Center Node: 327

District 47
Nodes: 12 25 46 99 123 152 177 183 240 242 309 373 443 660 693 733 802 916 938 1010 1021 1177 1242 1247 1403 1417 1450 1487 1541 1557 1568 1590 1743 1752 1772 1800 1820 1834 1864 1896 1996
Compactness: 2392.623637
Weights: 484.000000 7930.000000 2194.000000
Center Node: 183

District 48
Nodes: 27 113 144 160 256 320 386 462 493 538 587 607 616 641 655 1049 1077 1081 1124 1144 1184 1278 1286 1311 1352 1441 1514 1515 1527 1564 1610 1629 1747 1765 1794 1802 1831 1867 1945 1975
Compactness: 4670.497461
Weights: 460.000000 8407.000000 2412.000000
Center Node: 655

District 49
Nodes: 74 89 119 169 284 338 379 458 459 506 507 552 628 640 671 695 842 854 923 981 1094 1135 1146 1147 1225 1230 1271 1300 1473 1529 1548 1553 1578 1648 1741 1742 1844 1845 1972
Compactness: 2368.598269
Weights: 504.000000 8244.000000 2199.000000
Center Node: 89

District 50
Nodes: 58 138 195 265 292 310 442 486 635 669 741 766 768 797 891 926 1039 1045 1083 1150 1223 1241 1281 1282 1285 1319 1326 1338 1346 1586 1606 1618 1628 1650 1662 1735 1850 1881 1882 1894 1953 1958
Compactness: 2528.284113
Weights: 497.000000 7750.000000 2208.000000
Center Node: 669
