BalanceViolation 266.577500
AffinityLoss 3565.000000
Compactness 204522.483908

District 1
Nodes: 1 21 38 121 125 127 155 173 212 243 255 259 267 272 360 375 385 388 440 444 451 455 470 475 486 492 529 547 559 582 596 611 643 646 649 741 748 755 771 778 853 859 892 909 960 961 963 1000 1004 1007 1009 1019 1024 1035 1045 1054 1068 1069 1082 1092 1108 1109 1124 1138 1157 1182 1185 1205 1208 1232 1234 1238 1262 1278 1364 1365 1413 1426 1465 1498 1516 1584 1603 1605 1627 1642 1646 1659 1674 1733 1757 1772 1841 1848 1850 1876 1922 1965 1966
Compactness: 8692.777320
Weights: 1196.000000 21731.000000 5760.000000
Center Node: 1841

District 2
Nodes: 29 73 83 89 95 97 144 153 182 194 256 300 306 319 366 368 374 379 384 398 408 419 423 464 476 506 539 588 595 661 683 691 758 799 803 811 824 827 834 868 912 954 955 977 988 997 1028 1048 1050 1101 1110 1116 1121 1128 1131 1141 1209 1221 1228 1258 1285 1293 1321 1325 1327 1342 1347 1349 1353 1369 1374 1376 1411 1444 1458 1488 1502 1508 1523 1570 1610 1612 1613 1670 1687 1698 1730 1783 1790 1806 1838 1840 1853 1865 1873 1907 1911 1924 1927 1964 1984 1989 1995
Compactness: 10763.928564
Weights: 1253.000000 20729.000000 5690.000000
Center Node: 1698

District 3
Nodes: 20 32 37 87 132 141 145 174 197 284 293 310 326 336 369 378 381 392 399 412 439 462 490 491 500 515 560 569 583 592 612 619 653 685 700 759 784 796 823 837 896 897 989 1003 1012 1078 1081 1085 1104 1206 1235 1257 1271 1312 1368 1388 1392 1399 1407 1417 1432 1434 1473 1531 1554 1572 1579 1619 1629 1647 1657 1669 1680 1718 1732 1741 1799 1814 1847 1885 1893 1938 1939 1957 1958 1972 1998
Compactness: 7607.778648
Weights: 1091.000000 20211.000000 5401.000000
Center Node: 1473

District 4
Nodes: 19 47 120 128 147 158 163 209 219 265 269 276 295 322 325 330 331 337 410 413 424 426 459 532 542 605 617 630 670 680 681 695 704 724 729 742 747 764 772 788 791 793 854 867 874 889 894 901 927 930 943 993 1029 1047 1059 1067 1077 1091 1113 1125 1130 1164 1178 1189 1192 1200 1216 1264 1267 1292 1294 1301 1302 1315 1318 1324 1367 1387 1389 1431 1477 1520 1527 1544 1560 1587 1602 1643 1663 1665 1671 1727 1752 1777 1817 1835 1846 1888 1929 1933 1940 1954 1967 1976 1999
Compactness: 9967.065995
Weights: 1205.000000 22195.000000 5734.000000
Center Node: 269

District 5
Nodes: 48 56 65 75 112 115 134 164 191 239 273 274 321 361 363 400 417 442 447 463 509 535 549 553 587 599 626 634 636 637 644 707 735 737 777 807 817 826 855 863 866 879 882 898 899 905 959 986 998 1055 1060 1071 1102 1103 1151 1155 1197 1211 1214 1229 1250 1265 1273 1282 1336 1338 1348 1386 1405 1429 1472 1476 1491 1521 1566 1595 1609 1620 1636 1648 1655 1679 1681 1682 1703 1713 1744 1753 1761 1779 1784 1807 1833 1858 1895 1921 1928 1974
Compactness: 8971.892692
Weights: 1250.000000 21236.000000 5882.000000
Center Node: 644

District 6
Nodes: 18 22 40 60 61 63 72 78 88 106 108 135 136 150 196 210 220 231 240 246 285 341 350 353 376 409 414 415 422 427 431 488 497 502 519 552 554 572 621 625 629 633 638 651 657 744 749 757 773 774 790 792 880 883 994 999 1017 1020 1039 1043 1061 1065 1072 1073 1075 1156 1207 1222 1231 1279 1291 1352 1393 1430 1446 1453 1469 1475 1481 1511 1535 1546 1586 1589 1601 1626 1672 1694 1729 1737 1789 1793 1794 1803 1816 1824 1877 1886 1910 1923 1970 1971 1983 1986
Compactness: 9682.245252
Weights: 1251.000000 21820.000000 6004.000000
Center Node: 108

District 7
Nodes: 8 12 26 45 59 91 93 94 159 170 184 192 195 248 264 355 372 383 386 508 540 565 574 598 622 655 679 717 721 776 801 808 820 841 852 875 890 913 942 972 985 1026 1030 1040 1084 1088 1129 1137 1158 1210 1241 1244 1260 1270 1290 1323 1335 1343 1356 1396 1418 1440 1442 1449 1462 1489 1492 1499 1513 1519 1541 1550 1551 1580 1583 1593 1598 1628 1638 1641 1673 1685 1692 1696 1697 1720 1724 1726 1731 1738 1775 1818 1845 1851 1852 1871 1878 1916 1942 1968 1978
Compactness: 13541.284949
Weights: 1298.000000 20315.000000 5790.000000
Center Node: 45

District 8
Nodes: 41 117 143 157 161 181 213 214 216 218 266 288 297 299 339 367 387 389 418 420 429 432 446 449 452 501 503 514 528 558 566 567 600 610 616 628 640 647 648 666 688 701 703 745 783 805 816 821 862 891 931 937 947 948 953 968 980 981 1027 1105 1134 1162 1181 1187 1225 1249 1288 1334 1345 1354 1373 1390 1408 1425 1436 1464 1494 1497 1515 1548 1555 1562 1615 1622 1645 1667 1716 1721 1725 1735 1778 1786 1826 1861 1867 1880 1883 1887 1896 1997
Compactness: 9724.587686
Weights: 1211.000000 22314.000000 5665.000000
Center Node: 1436

District 9
Nodes: 4 7 30 36 62 74 82 183 188 206 207 232 238 252 286 304 345 346 394 448 465 468 521 531 537 548 570 580 662 690 697 698 720 722 746 786 829 850 861 888 928 950 975 996 1010 1015 1023 1025 1049 1051 1056 1126 1127 1171 1193 1219 1242 1268 1275 1286 1316 1333 1350 1359 1410 1428 1439 1460 1470 1474 1496 1529 1567 1590 1604 1625 1631 1644 1664 1683 1688 1695 1706 1707 1736 1742 1762 1767 1785 1804 1811 1820 1823 1842 1892 1903 1905 1985 1988
Compactness: 9759.321608
Weights: 1166.000000 20345.000000 5510.000000
Center Node: 82

District 10
Nodes: 2 42 54 55 67 77 80 84 86 96 109 160 166 250 270 280 291 302 315 354 404 457 483 516 522 534 550 576 585 641 671 736 753 763 781 798 871 872 916 932 933 934 938 940 957 965 982 992 1021 1041 1052 1080 1099 1152 1153 1154 1165 1203 1213 1251 1269 1280 1346 1378 1403 1414 1424 1457 1461 1467 1478 1532 1540 1542 1543 1573 1594 1596 1617 1623 1632 1633 1661 1700 1710 1765 1773 1776 1782 1800 1849 1857 1864 1866 1899 1909 1946 1952 1961 1975 1990
Compactness: 21937.338774
Weights: 1153.000000 22280.000000 5804.000000
Center Node: 354

District 11
Nodes: 13 50 123 139 168 200 241 254 260 278 305 311 324 335 340 343 403 453 484 487 494 499 513 523 526 530 571 590 601 615 689 714 716 718 726 727 732 734 752 754 782 806 831 843 848 860 884 914 924 925 949 951 956 967 970 984 991 1074 1079 1106 1135 1146 1167 1188 1198 1220 1233 1245 1254 1283 1304 1330 1339 1361 1402 1415 1423 1435 1445 1471 1506 1510 1522 1534 1559 1561 1574 1662 1668 1715 1760 1797 1801 1822 1830 1874 1900 1930 1931 1937 1943 1945 1949
Compactness: 12220.077867
Weights: 1157.000000 22041.000000 5808.000000
Center Node: 1415

District 12
Nodes: 3 27 66 92 99 162 190 215 222 234 235 242 262 263 282 373 377 435 443 482 493 563 578 635 696 699 785 800 838 844 857 858 893 904 907 918 921 974 976 1011 1014 1016 1033 1046 1057 1076 1086 1098 1140 1149 1179 1186 1195 1199 1201 1218 1256 1261 1266 1272 1277 1289 1296 1299 1308 1337 1360 1419 1433 1438 1483 1493 1518 1528 1539 1547 1576 1591 1597 1624 1658 1677 1693 1717 1719 1722 1743 1751 1808 1812 1815 1862 1898 1902 1925 1979 1982 1992
Compactness: 8752.966599
Weights: 1145.000000 20871.000000 5991.000000
Center Node: 1438

District 13
Nodes: 44 51 69 79 85 104 105 119 130 138 152 154 169 198 227 228 236 237 249 277 328 334 380 416 428 441 454 456 466 471 480 520 577 579 586 603 606 627 658 668 673 711 740 814 815 822 865 903 1001 1006 1018 1032 1070 1093 1150 1159 1175 1204 1212 1230 1247 1298 1305 1306 1314 1357 1372 1385 1437 1441 1447 1454 1482 1485 1505 1533 1568 1588 1592 1607 1608 1689 1691 1704 1711 1714 1728 1734 1748 1759 1787 1832 1836 1854 1859 1913 1932 1936 1947 1951
Compactness: 9548.406578
Weights: 1109.000000 21822.000000 5561.000000
Center Node: 1482

District 14
Nodes: 11 14 52 58 102 126 133 148 151 178 189 199 204 217 221 224 229 261 268 292 308 314 323 338 344 359 397 406 434 460 477 481 496 504 511 512 536 538 564 584 607 632 645 652 654 659 665 672 677 687 692 706 708 712 733 769 828 836 847 900 902 908 945 946 962 979 995 1002 1031 1037 1087 1142 1196 1202 1236 1253 1295 1310 1319 1331 1340 1394 1421 1455 1487 1507 1530 1552 1557 1564 1565 1621 1640 1686 1792 1843 1855 1870 1872 1919 1941 1953 1955
Compactness: 9712.798044
Weights: 1249.000000 21223.000000 5694.000000
Center Node: 1565

District 15
Nodes: 10 24 43 71 113 124 165 171 180 186 201 202 203 233 244 283 301 316 329 348 365 396 433 458 507 524 533 544 555 561 581 660 667 760 761 762 780 789 802 818 839 917 929 964 969 983 1094 1100 1112 1119 1133 1143 1147 1166 1191 1239 1240 1246 1248 1259 1297 1341 1351 1370 1379 1391 1397 1406 1427 1443 1448 1486 1517 1524 1536 1569 1606 1614 1634 1651 1653 1656 1660 1678 1739 1746 1766 1768 1771 1780 1788 1796 1802 1813 1819 1828 1834 1890 1912 1914 1963 1991 1993
Compactness: 9431.886239
Weights: 1235.000000 21783.000000 5763.000000
Center Node: 1828

District 16
Nodes: 5 17 31 68 70 76 116 122 131 142 156 175 211 230 253 279 287 289 290 317 333 342 364 393 425 437 461 467 473 478 489 510 517 527 543 546 556 562 593 594 608 618 650 656 669 676 686 693 705 709 710 715 725 730 743 809 830 832 849 873 877 895 910 936 1022 1063 1097 1111 1120 1123 1132 1311 1320 1332 1355 1400 1479 1509 1512 1514 1563 1599 1630 1635 1637 1652 1666 1702 1712 1770 1805 1809 1821 1829 1868 1894 1897 1926 1935 1948 1981 1994 1996
Compactness: 8891.719921
Weights: 1205.000000 21941.000000 5962.000000
Center Node: 1805

District 17
Nodes: 23 35 49 64 110 111 137 167 176 205 271 281 294 298 307 309 313 352 358 371 391 421 450 505 568 573 589 591 602 604 624 639 642 664 675 682 684 694 713 738 750 751 765 766 770 779 795 797 812 886 922 935 966 987 1005 1053 1083 1095 1115 1136 1145 1163 1176 1184 1217 1237 1263 1276 1303 1309 1377 1380 1382 1398 1401 1456 1463 1484 1490 1495 1500 1553 1639 1723 1749 1769 1798 1839 1844 1875 1906 1908 1918 1920 1956
Compactness: 8400.593168
Weights: 1163.000000 20454.000000 5436.000000
Center Node: 1639

District 18
Nodes: 34 39 53 57 114 118 177 179 185 225 226 318 362 390 438 479 495 498 518 557 613 614 620 623 674 678 702 723 767 804 819 856 876 878 887 911 923 971 973 990 1008 1036 1044 1066 1090 1096 1114 1139 1160 1161 1174 1183 1215 1226 1227 1255 1274 1281 1284 1317 1344 1362 1381 1383 1422 1450 1459 1468 1526 1549 1571 1577 1578 1581 1585 1611 1618 1676 1699 1701 1747 1755 1756 1837 1856 1881 1901 1904 1934 1944 1959 1960 1980
Compactness: 7479.303734
Weights: 1121.000000 20200.000000 5411.000000
Center Node: 971

District 19
Nodes: 0 28 100 101 103 107 146 187 193 208 247 251 257 258 296 320 347 349 357 382 395 402 405 411 430 436 472 485 541 545 551 575 597 631 731 756 768 775 794 833 835 842 845 846 869 885 906 915 926 941 1013 1034 1038 1042 1062 1064 1089 1107 1117 1118 1172 1173 1177 1224 1243 1252 1300 1322 1326 1328 1375 1384 1404 1412 1420 1452 1480 1501 1504 1537 1538 1545 1556 1558 1575 1582 1649 1650 1705 1708 1745 1750 1754 1763 1764 1795 1825 1827 1869 1882 1889 1915 1950 1962 1973 1977
Compactness: 10587.829327
Weights: 1252.000000 22124.000000 5901.000000
Center Node: 1013

District 20
Nodes: 6 9 15 16 25 33 46 81 90 98 129 140 149 172 223 245 275 303 312 327 332 351 356 370 401 407 445 469 474 525 609 663 719 728 739 787 810 813 825 840 851 864 870 881 919 920 939 944 952 958 978 1058 1122 1144 1148 1168 1169 1170 1180 1190 1194 1223 1287 1307 1313 1329 1358 1363 1366 1371 1395 1409 1416 1451 1466 1503 1525 1600 1616 1654 1675 1684 1690 1709 1740 1758 1774 1781 1791 1810 1831 1860 1863 1879 1884 1891 1917 1969 1987
Compactness: 8848.680945
Weights: 1176.000000 20430.000000 5778.000000
Center Node: 1169
