BalanceViolation 217.112500
AffinityLoss 3132.000000
Compactness 205194.478180

District 1
Nodes: 37 38 103 112 126 180 224 228 238 265 269 294 310 333 353 366 383 386 390 429 433 461 482 538 549 562 572 582 597 605 629 672 683 705 740 743 746 748 749 821 823 849 863 864 879 931 943 950 967 984 1008 1040 1050 1076 1118 1127 1131 1132 1140 1143 1175 1218 1220 1274 1286 1290 1301 1309 1351 1372 1373 1381 1412 1481 1485 1517 1528 1530 1533 1569 1608 1624 1625 1630 1651 1653 1657 1682 1688 1694 1697 1751 1771 1845 1874 1925 1961 1982
Compactness: 9780.469371
Weights: 1257.000000 20893.000000 5550.000000
Center Node: 228

District 2
Nodes: 10 12 44 116 132 137 149 178 191 234 253 266 272 293 301 336 355 380 428 458 488 493 495 532 540 575 587 619 658 680 688 704 714 767 777 792 805 829 845 858 859 916 948 961 971 1009 1037 1042 1081 1152 1154 1172 1190 1263 1295 1344 1378 1389 1399 1408 1425 1436 1437 1492 1496 1512 1535 1541 1543 1557 1619 1627 1640 1685 1707 1717 1725 1726 1733 1761 1763 1786 1842 1847 1860 1889 1901 1919 1957 1999
Compactness: 10753.785578
Weights: 975.000000 19946.000000 5531.000000
Center Node: 1860

District 3
Nodes: 98 104 110 115 125 160 169 176 192 195 229 246 280 309 348 350 357 359 364 367 369 412 467 471 505 513 523 526 551 565 573 576 577 578 598 601 618 626 640 649 660 699 725 730 735 791 810 853 860 891 892 909 913 919 940 991 992 1016 1033 1034 1044 1047 1061 1084 1085 1114 1120 1137 1191 1233 1248 1291 1319 1321 1334 1395 1442 1482 1511 1523 1571 1582 1591 1602 1605 1611 1613 1635 1636 1675 1687 1770 1774 1780 1801 1828 1831 1840 1846 1879 1886 1888 1986 1995
Compactness: 10564.867409
Weights: 1252.000000 20676.000000 5943.000000
Center Node: 1084

District 4
Nodes: 39 68 75 78 128 139 145 163 185 198 203 205 236 242 268 271 311 339 343 344 352 387 393 407 411 421 426 432 436 437 439 481 522 527 561 633 634 641 700 736 753 770 776 779 803 844 861 868 885 901 952 958 966 985 986 989 1013 1090 1125 1163 1230 1238 1240 1257 1279 1285 1312 1346 1350 1363 1375 1454 1460 1469 1501 1526 1542 1566 1596 1638 1643 1658 1664 1674 1692 1699 1715 1796 1800 1843 1853 1878 1899 1939 1940 1953 1967 1994
Compactness: 8430.396534
Weights: 1128.000000 20805.000000 5594.000000
Center Node: 1692

District 5
Nodes: 6 8 64 66 76 81 82 129 133 135 136 138 158 162 188 189 218 232 243 288 303 334 362 397 406 496 520 537 571 632 710 716 737 739 755 794 807 884 918 938 949 973 987 999 1069 1074 1082 1086 1091 1136 1146 1173 1199 1219 1243 1259 1281 1302 1326 1329 1341 1348 1401 1424 1470 1488 1553 1558 1562 1578 1585 1589 1594 1604 1612 1626 1634 1650 1655 1716 1719 1731 1735 1741 1749 1750 1773 1827 1836 1857 1883 1887 1893 1917 1918 1926 1928 1941 1968 1984 1993
Compactness: 16693.557619
Weights: 1148.000000 21648.000000 6002.000000
Center Node: 158

District 6
Nodes: 7 31 33 54 61 62 65 144 172 173 184 208 213 216 233 286 290 296 306 321 327 356 360 371 375 389 405 416 423 431 469 479 480 503 524 592 596 599 617 623 642 653 654 666 675 677 696 754 790 800 801 831 856 874 920 923 935 944 995 996 1003 1020 1062 1070 1075 1123 1129 1145 1147 1176 1197 1207 1212 1242 1260 1265 1289 1298 1335 1353 1377 1409 1462 1555 1573 1575 1597 1599 1618 1637 1696 1703 1706 1762 1767 1824 1844 1859 1864 1885 1910
Compactness: 10907.952735
Weights: 1248.000000 21717.000000 5636.000000
Center Node: 431

District 7
Nodes: 29 35 69 87 91 111 143 151 217 247 252 270 292 302 320 324 361 403 445 464 525 555 624 643 647 655 673 674 682 694 713 720 722 723 742 769 781 811 814 828 840 841 854 894 904 937 997 1028 1053 1064 1066 1106 1134 1153 1203 1209 1305 1313 1323 1331 1337 1343 1365 1379 1396 1417 1449 1475 1495 1503 1507 1508 1515 1529 1570 1576 1610 1661 1662 1672 1677 1704 1709 1712 1729 1734 1748 1775 1808 1825 1829 1841 1851 1865 1922 1924 1955 1960 1977 1988
Compactness: 8755.400187
Weights: 1136.000000 20231.000000 6101.000000
Center Node: 1576

District 8
Nodes: 4 43 60 86 99 124 134 154 177 211 212 256 282 298 305 312 330 422 447 450 494 501 504 510 521 542 600 613 625 650 689 690 697 698 701 724 733 757 758 759 773 793 798 799 808 822 826 877 878 912 947 970 974 983 1054 1071 1100 1139 1148 1151 1179 1195 1224 1245 1251 1294 1314 1332 1338 1349 1361 1374 1376 1380 1387 1390 1392 1421 1434 1457 1459 1463 1494 1504 1524 1592 1629 1631 1644 1649 1656 1680 1693 1724 1746 1778 1811 1815 1833 1838 1848 1867 1872 1903 1973
Compactness: 9538.228982
Weights: 1246.000000 21817.000000 6018.000000
Center Node: 1071

District 9
Nodes: 1 18 19 22 53 56 83 108 164 165 166 167 181 194 199 202 206 221 262 404 425 427 430 441 476 477 490 511 550 563 614 667 670 732 734 839 848 875 876 883 888 921 932 1005 1010 1022 1056 1089 1093 1103 1119 1138 1186 1192 1201 1205 1234 1249 1270 1311 1328 1358 1370 1386 1407 1414 1431 1435 1438 1465 1491 1536 1549 1552 1633 1654 1659 1666 1673 1686 1702 1718 1723 1728 1788 1793 1794 1803 1806 1810 1850 1863 1869 1873 1880 1914 1932 1936 1943 1946 1976 1979 1985 1989
Compactness: 9864.595525
Weights: 1247.000000 20352.000000 6025.000000
Center Node: 1914

District 10
Nodes: 0 5 55 63 72 77 93 227 244 261 283 289 328 351 363 377 378 382 442 485 492 499 546 552 553 564 611 671 676 685 691 695 718 745 756 796 813 832 869 886 907 917 925 929 976 981 990 993 998 1041 1057 1058 1072 1092 1096 1135 1188 1198 1217 1277 1296 1316 1322 1342 1402 1415 1444 1447 1451 1521 1534 1556 1559 1564 1572 1598 1622 1628 1645 1647 1652 1667 1720 1721 1764 1790 1804 1830 1854 1861 1871 1890 1896 1897 1904 1972 1991
Compactness: 10208.309444
Weights: 1233.000000 20137.000000 5545.000000
Center Node: 1622

District 11
Nodes: 9 49 52 59 100 109 131 179 207 220 241 245 264 273 277 332 349 358 398 460 466 475 486 489 491 506 516 517 567 589 594 604 620 652 657 668 771 775 818 834 843 847 871 873 902 906 939 946 978 1012 1014 1027 1043 1063 1077 1116 1128 1157 1159 1162 1174 1213 1237 1250 1262 1264 1292 1303 1304 1371 1400 1426 1430 1466 1472 1473 1484 1489 1514 1519 1539 1615 1617 1620 1621 1679 1708 1710 1714 1736 1745 1781 1802 1812 1819 1822 1837 1849 1902 1908 1911 1950 1969 1980
Compactness: 10619.082023
Weights: 1252.000000 21677.000000 6072.000000
Center Node: 1473

District 12
Nodes: 2 17 26 34 36 73 90 97 101 106 130 140 161 204 210 222 239 285 318 319 335 337 341 373 443 451 456 528 530 558 580 585 635 636 645 665 693 702 717 866 908 915 936 988 1002 1007 1011 1031 1068 1083 1088 1094 1099 1104 1112 1164 1169 1182 1185 1228 1229 1241 1246 1283 1287 1288 1306 1317 1330 1360 1368 1403 1411 1418 1422 1443 1448 1509 1546 1560 1583 1727 1747 1753 1785 1839 1856 1866 1875 1876 1895 1907 1913 1916 1920 1933 1942 1944 1965 1971 1974
Compactness: 9264.537169
Weights: 1284.000000 21397.000000 5528.000000
Center Node: 106

District 13
Nodes: 45 50 71 157 170 171 175 200 237 278 299 317 329 372 376 385 395 396 410 414 457 462 500 541 543 609 630 659 661 663 709 712 715 766 778 789 795 802 806 825 830 893 899 957 977 1015 1026 1030 1107 1111 1115 1165 1187 1206 1221 1223 1236 1269 1299 1315 1320 1352 1398 1416 1423 1429 1445 1456 1467 1476 1518 1537 1538 1574 1584 1587 1590 1668 1669 1671 1676 1683 1690 1705 1738 1740 1755 1758 1768 1782 1784 1792 1912 1915 1931 1951 1983
Compactness: 14195.828871
Weights: 1174.000000 19762.000000 5859.000000
Center Node: 1574

District 14
Nodes: 3 13 57 58 79 88 122 123 153 190 255 258 259 281 295 300 304 307 313 316 331 342 394 408 420 446 459 470 484 498 533 547 557 570 581 583 607 610 622 627 646 744 750 752 764 783 784 804 812 881 882 887 897 926 941 965 968 994 1021 1024 1046 1051 1126 1155 1160 1167 1180 1215 1222 1268 1275 1282 1318 1345 1347 1366 1369 1391 1393 1394 1419 1433 1439 1458 1486 1498 1499 1554 1563 1581 1586 1601 1616 1648 1684 1757 1766 1809 1813 1821 1826 1832 1855 1862 1870 1877 1881 1930 1964 1970
Compactness: 10647.468881
Weights: 1256.000000 21288.000000 6059.000000
Center Node: 627

District 15
Nodes: 11 16 20 21 24 84 118 120 127 148 182 201 209 225 274 279 346 379 399 417 419 472 474 509 544 602 615 628 664 679 687 721 729 780 835 838 851 862 896 910 924 927 933 934 953 979 1000 1032 1048 1078 1080 1108 1144 1158 1168 1216 1225 1232 1239 1252 1253 1255 1256 1271 1272 1278 1280 1293 1308 1339 1355 1367 1382 1385 1406 1440 1446 1461 1522 1525 1527 1577 1614 1639 1641 1722 1756 1759 1805 1816 1956 1958 1987 1997 1998
Compactness: 7444.186716
Weights: 1158.000000 20366.000000 6074.000000
Center Node: 274

District 16
Nodes: 42 47 85 89 102 113 146 150 251 254 260 267 287 297 400 415 444 463 468 473 487 507 512 514 556 586 590 595 608 612 631 703 731 751 762 809 816 895 942 951 960 969 1019 1025 1035 1067 1073 1087 1095 1101 1105 1130 1183 1226 1247 1307 1324 1364 1383 1397 1405 1413 1428 1453 1464 1478 1505 1510 1516 1532 1544 1603 1609 1660 1678 1681 1711 1730 1754 1760 1787 1797 1814 1817 1835 1882 1891 1894 1905 1923 1937 1975 1981
Compactness: 9179.052458
Weights: 1194.000000 19826.000000 5543.000000
Center Node: 444

District 17
Nodes: 30 46 48 67 74 114 117 193 197 223 231 240 257 275 325 365 384 401 402 435 448 455 534 545 559 566 569 579 584 591 606 637 651 662 681 686 706 708 738 761 765 772 785 827 837 865 867 890 903 922 930 959 962 963 964 1004 1018 1045 1055 1098 1141 1156 1161 1194 1196 1204 1208 1210 1227 1231 1244 1284 1340 1404 1410 1452 1468 1477 1479 1480 1493 1548 1550 1568 1580 1588 1607 1779 1798 1807 1818 1820 1834 1852 1884 1906 1927 1954 1959 1962 1963
Compactness: 8580.098736
Weights: 1125.000000 20118.000000 5920.000000
Center Node: 1798

District 18
Nodes: 41 51 80 94 95 141 152 155 168 183 196 248 326 338 354 368 409 438 449 453 454 465 483 518 519 529 574 656 678 684 692 727 741 768 774 782 786 787 797 817 824 836 842 852 872 889 898 928 945 982 1017 1023 1038 1049 1059 1117 1122 1142 1177 1184 1189 1193 1214 1235 1266 1267 1310 1336 1354 1450 1455 1474 1483 1513 1520 1551 1565 1579 1595 1623 1663 1665 1670 1691 1695 1700 1737 1769 1777 1783 1921 1945 1948 1949 1978
Compactness: 10477.841492
Weights: 1185.000000 21711.000000 5596.000000
Center Node: 1474

District 19
Nodes: 14 15 25 28 32 40 92 107 119 142 147 156 159 174 186 187 226 230 235 249 284 291 308 315 347 370 381 388 391 392 413 424 434 478 502 508 515 536 554 560 568 588 593 603 616 638 639 669 707 711 833 850 855 870 880 911 914 954 972 980 1001 1029 1039 1052 1097 1102 1110 1133 1150 1166 1178 1258 1276 1325 1327 1333 1362 1384 1441 1471 1531 1547 1561 1567 1593 1600 1646 1732 1742 1743 1752 1765 1772 1776 1789 1791 1799 1823 1868 1892 1898 1909 1929 1935 1966
Compactness: 9323.155314
Weights: 1255.000000 21376.000000 5680.000000
Center Node: 92

District 20
Nodes: 23 27 70 96 105 121 214 215 219 250 263 276 314 322 323 340 345 374 418 440 452 497 531 535 539 548 621 644 648 719 726 728 747 760 763 788 815 819 820 846 857 900 905 955 956 975 1006 1036 1060 1065 1079 1109 1113 1121 1124 1149 1170 1171 1181 1200 1202 1211 1254 1261 1273 1297 1300 1356 1357 1359 1388 1420 1427 1432 1487 1490 1497 1500 1502 1506 1540 1545 1606 1632 1642 1689 1698 1701 1713 1739 1744 1795 1858 1900 1934 1938 1947 1952 1990 1992 1996
Compactness: 9965.663135
Weights: 1226.000000 19857.000000 5990.000000
Center Node: 345
