BalanceViolation 122.946000
AffinityLoss 3822.000000
Compactness 117293.843273

District 1
Nodes: 20 84 91 131 137 161 252 315 406 490 517 575 587 620 621 651 652 705 873 913 914 925 938 1060 1073 1093 1143 1211 1296 1308 1437 1615 1699 1763 1800 1849 1948
Compactness: 1989.770074
Weights: 503.000000 7952.000000 2237.000000
Center Node: 315

District 2
Nodes: 107 136 202 227 296 335 339 400 436 439 454 522 592 612 654 720 814 855 860 912 942 946 947 1023 1106 1132 1191 1209 1220 1234 1289 1310 1357 1419 1708 1712 1738 1771 1784 1802 1923 1955
Compactness: 4618.638758
Weights: 498.000000 8553.000000 2159.000000
Center Node: 1023

District 3
Nodes: 6 62 130 194 206 228 237 277 371 413 536 542 649 659 681 695 774 816 849 965 1024 1099 1126 1128 1206 1222 1259 1315 1339 1363 1436 1453 1552 1610 1649 1669 1713 1719 1754 1793 1796 1965
Compactness: 2387.017116
Weights: 462.000000 8705.000000 2275.000000
Center Node: 194

District 4
Nodes: 14 96 117 141 177 347 408 438 459 474 497 531 617 640 683 719 755 761 828 858 896 1230 1283 1342 1369 1391 1398 1406 1508 1525 1526 1578 1693 1724 1750 1757 1806 1847 1901 1916 1949 1970 1985
Compactness: 3335.489892
Weights: 532.000000 7947.000000 2350.000000
Center Node: 438

District 5
Nodes: 16 106 313 320 369 372 379 524 530 540 635 662 723 758 847 900 949 1002 1042 1141 1159 1185 1188 1189 1197 1226 1261 1273 1279 1374 1389 1416 1439 1539 1665 1698 1841 1844 1850 1924 1957 1981 1999
Compactness: 2734.735975
Weights: 496.000000 8704.000000 2366.000000
Center Node: 313

District 6
Nodes: 2 153 157 162 181 239 271 291 362 383 395 560 577 636 682 706 762 810 842 898 915 929 956 1004 1329 1334 1352 1424 1434 1480 1489 1582 1653 1668 1711 1726 1815 1826 1910 1926
Compactness: 2833.213227
Weights: 466.000000 8731.000000 2334.000000
Center Node: 842

District 7
Nodes: 17 80 149 175 231 236 280 367 471 569 589 596 625 630 715 743 744 764 777 779 986 1057 1062 1177 1199 1248 1300 1355 1511 1546 1558 1562 1619 1633 1746 1791 1831 1862 1894 1922 1964
Compactness: 2121.766854
Weights: 462.000000 7994.000000 2198.000000
Center Node: 1558

District 8
Nodes: 53 109 243 292 308 386 462 533 570 703 757 837 861 863 889 917 951 1009 1050 1085 1091 1104 1123 1130 1155 1156 1190 1270 1275 1327 1372 1431 1449 1494 1614 1701 1737 1859 1899 1958 1962 1994
Compactness: 2370.206928
Weights: 494.000000 7937.000000 2294.000000
Center Node: 570

District 9
Nodes: 33 94 139 253 429 460 466 508 513 588 638 733 740 767 795 843 864 881 907 1012 1013 1025 1040 1144 1195 1240 1288 1305 1421 1487 1618 1661 1821 1840 1876 1889 1951
Compactness: 1814.098409
Weights: 490.000000 8336.000000 2203.000000
Center Node: 429

District 10
Nodes: 73 146 282 329 346 352 401 457 553 626 664 687 852 950 991 1020 1022 1046 1116 1136 1174 1176 1194 1198 1233 1254 1276 1349 1366 1441 1484 1533 1542 1589 1596 1705 1706 1735 1794
Compactness: 2753.426520
Weights: 484.000000 8032.000000 2161.000000
Center Node: 1194

District 11
Nodes: 7 10 12 29 238 242 255 257 325 476 511 512 599 606 632 644 753 782 783 794 859 869 952 981 1008 1026 1045 1088 1221 1312 1314 1393 1510 1561 1628 1629 1690 1743 1773 1877 1990
Compactness: 2540.524569
Weights: 499.000000 8602.000000 2251.000000
Center Node: 257

District 12
Nodes: 32 50 86 102 135 201 203 232 290 303 321 414 479 496 538 798 877 988 1066 1125 1196 1212 1263 1306 1325 1330 1495 1565 1574 1616 1621 1647 1657 1709 1728 1804 1892 1950 1987 1989
Compactness: 2406.003695
Weights: 433.000000 8643.000000 2232.000000
Center Node: 1066

District 13
Nodes: 44 64 156 215 300 318 416 422 487 526 583 634 676 696 707 731 738 781 841 885 969 977 1058 1071 1142 1358 1362 1405 1417 1425 1426 1450 1478 1524 1553 1581 1631 1639 1643 1660 1687 1856 1928 1956 1976
Compactness: 2261.333195
Weights: 478.000000 8627.000000 2361.000000
Center Node: 156

District 14
Nodes: 54 83 224 338 341 402 404 448 572 600 643 716 793 850 882 891 906 926 948 1015 1017 1043 1051 1173 1192 1213 1218 1297 1303 1340 1356 1488 1527 1642 1654 1680 1731 1768 1842 1888 1903
Compactness: 2338.036378
Weights: 490.000000 8731.000000 2145.000000
Center Node: 1731

District 15
Nodes: 75 85 98 179 180 218 233 256 344 431 453 465 605 610 647 667 712 831 871 927 995 1139 1201 1249 1278 1298 1392 1530 1576 1617 1696 1729 1828 1836 1904 1945
Compactness: 1725.176750
Weights: 489.000000 7933.000000 2208.000000
Center Node: 1696

District 16
Nodes: 71 111 119 209 229 265 285 361 473 491 597 693 729 751 769 799 941 1044 1079 1117 1131 1181 1422 1461 1498 1536 1624 1636 1686 1759 1767 1799 1819 1838 1839 1893 1897 1946 1972
Compactness: 2137.187920
Weights: 425.000000 8042.000000 2348.000000
Center Node: 1624

District 17
Nodes: 49 244 316 378 384 393 428 451 518 646 653 679 824 834 838 839 845 944 1028 1037 1065 1068 1069 1080 1175 1210 1302 1344 1379 1400 1549 1556 1613 1641 1682 1861 1925 1931 1943 1993 1996
Compactness: 2387.607179
Weights: 493.000000 7937.000000 2232.000000
Center Node: 845

District 18
Nodes: 167 171 246 247 286 330 354 387 410 467 475 525 628 771 883 892 905 916 939 959 960 1027 1041 1150 1285 1371 1375 1448 1463 1580 1601 1630 1632 1769 1855 1866 1890 1932 1988
Compactness: 2013.486378
Weights: 499.000000 8230.000000 2210.000000
Center Node: 1375

District 19
Nodes: 18 22 31 140 178 268 276 294 310 336 368 398 427 521 611 660 670 677 689 728 734 736 804 832 835 840 903 974 1047 1255 1271 1272 1403 1404 1577 1594 1652 1681 1766 1770 1795
Compactness: 2572.454899
Weights: 453.000000 8704.000000 2299.000000
Center Node: 804

District 20
Nodes: 24 35 170 235 266 284 355 405 455 598 614 749 752 821 876 911 920 961 973 1018 1019 1076 1119 1137 1216 1286 1324 1409 1415 1455 1493 1569 1585 1590 1670 1749 1756 1880 1920 1938
Compactness: 2562.447859
Weights: 458.000000 8273.000000 2321.000000
Center Node: 1938

District 21
Nodes: 25 42 127 214 254 306 447 502 550 552 564 657 886 932 993 1031 1148 1227 1239 1244 1277 1359 1423 1459 1513 1559 1572 1602 1732 1747 1762 1789 1792 1829 1830 1874 1896 1941
Compactness: 2357.893300
Weights: 492.000000 8091.000000 2238.000000
Center Node: 1227

District 22
Nodes: 39 182 196 220 261 288 326 407 409 456 561 688 787 815 857 940 967 1035 1036 1118 1158 1169 1260 1294 1348 1350 1385 1443 1485 1516 1570 1592 1599 1609 1725 1727 1742 1797 1944 1982 1991
Compactness: 2247.573481
Weights: 492.000000 8719.000000 2163.000000
Center Node: 688

District 23
Nodes: 9 59 78 89 97 124 298 458 485 499 747 868 933 963 1055 1110 1111 1204 1215 1243 1245 1378 1381 1396 1465 1492 1502 1532 1651 1714 1776 1783 1788 1837 1846 1867 1871 1966 1969
Compactness: 1968.092858
Weights: 485.000000 8679.000000 2327.000000
Center Node: 78

District 24
Nodes: 3 68 77 99 138 152 191 193 200 278 334 381 421 464 702 735 808 875 957 1082 1102 1318 1319 1411 1444 1503 1583 1605 1650 1667 1748 1805 1827 1852 1885 1886 1906 1915 1921 1937 1961
Compactness: 2252.625868
Weights: 458.000000 8531.000000 2211.000000
Center Node: 191

District 25
Nodes: 15 126 134 173 199 250 301 350 357 380 450 520 557 772 791 800 813 853 879 908 923 1084 1147 1253 1311 1376 1414 1523 1637 1658 1685 1689 1772 1790 1820 1834 1929 1947 1967 1978
Compactness: 2391.997228
Weights: 498.000000 8600.000000 2178.000000
Center Node: 813

District 26
Nodes: 0 38 45 56 63 142 168 314 323 412 501 558 567 571 574 613 750 773 797 801 825 955 972 982 1114 1269 1476 1507 1509 1540 1646 1662 1671 1716 1782 1786 1869 1909 1974
Compactness: 2264.808715
Weights: 454.000000 8162.000000 2348.000000
Center Node: 1114

District 27
Nodes: 21 34 105 113 273 317 385 434 478 484 506 537 741 776 803 818 888 918 1078 1101 1151 1160 1186 1224 1282 1304 1313 1365 1388 1440 1482 1573 1645 1672 1751 1801 1845 1851 1934
Compactness: 2643.963027
Weights: 479.000000 7948.000000 2214.000000
Center Node: 478

District 28
Nodes: 55 155 165 221 223 312 370 376 509 516 559 637 650 684 686 713 796 827 846 865 893 921 962 975 1003 1033 1157 1168 1179 1219 1238 1333 1438 1816 1818 1824 1825 1832 1864 1913 1953
Compactness: 1957.396683
Weights: 493.000000 8488.000000 2196.000000
Center Node: 975

District 29
Nodes: 216 260 345 390 394 403 480 494 604 639 674 694 701 710 725 765 786 924 958 1083 1094 1207 1268 1290 1395 1397 1457 1528 1531 1567 1598 1675 1730 1813 1879 1883 1930 1975
Compactness: 2065.617171
Weights: 481.000000 8151.000000 2267.000000
Center Node: 1094

District 30
Nodes: 148 213 222 240 241 245 269 360 364 399 417 469 482 505 586 648 658 730 760 1064 1109 1124 1146 1161 1217 1252 1301 1316 1338 1428 1442 1505 1537 1550 1564 1622 1627 1634 1676 1694 1717 1814 1853
Compactness: 2030.723246
Weights: 493.000000 8695.000000 2337.000000
Center Node: 1301

District 31
Nodes: 52 67 95 187 302 425 461 468 488 554 602 608 692 704 790 854 931 936 979 1034 1039 1053 1153 1231 1236 1281 1295 1364 1386 1399 1460 1518 1534 1673 1722 1744 1752 1808 1823 1878 1977
Compactness: 2169.377467
Weights: 454.000000 8676.000000 2244.000000
Center Node: 1744

District 32
Nodes: 60 125 150 160 262 270 283 358 579 582 593 619 655 721 759 822 844 968 1049 1075 1115 1140 1247 1292 1317 1335 1413 1429 1469 1490 1548 1566 1568 1734 1822 1833 1848 1857 1872 1873 1898 1905
Compactness: 2315.167000
Weights: 487.000000 8516.000000 2212.000000
Center Node: 262

District 33
Nodes: 19 28 69 108 158 185 219 279 472 483 529 691 709 848 880 884 937 980 1108 1113 1129 1138 1171 1205 1241 1322 1336 1377 1382 1384 1430 1452 1529 1571 1733 1765 1908 1940 1963
Compactness: 1919.477731
Weights: 470.000000 8353.000000 2246.000000
Center Node: 1384

District 34
Nodes: 27 104 122 154 210 327 328 340 348 426 541 624 669 678 732 826 935 1086 1089 1097 1100 1105 1135 1145 1178 1193 1235 1267 1284 1387 1418 1427 1456 1458 1563 1640 1702 1760 1854 1917 1919
Compactness: 2011.705552
Weights: 454.000000 8553.000000 2348.000000
Center Node: 1105

District 35
Nodes: 70 87 115 121 212 226 248 293 333 337 514 527 528 548 591 595 622 641 727 745 806 811 872 878 895 1001 1010 1092 1307 1326 1394 1477 1586 1809 1858 1900 1907 1960
Compactness: 2224.293251
Weights: 458.000000 8131.000000 2370.000000
Center Node: 514

District 36
Nodes: 1 23 37 74 120 166 184 443 515 519 565 603 633 770 807 809 820 904 953 970 1098 1120 1293 1299 1332 1408 1445 1474 1504 1584 1593 1600 1607 1625 1707 1758 1781 1817 1959 1995
Compactness: 2153.299080
Weights: 499.000000 8713.000000 2349.000000
Center Node: 1707

District 37
Nodes: 30 40 101 123 164 208 267 415 432 437 470 578 607 616 645 699 766 768 780 897 902 987 1016 1021 1149 1165 1246 1274 1328 1360 1472 1512 1575 1591 1604 1612 1655 1659 1691 1863 1902
Compactness: 2623.666440
Weights: 499.000000 8290.000000 2185.000000
Center Node: 1655

District 38
Nodes: 57 114 151 176 183 189 281 382 397 411 441 544 563 585 631 671 934 978 1030 1054 1182 1203 1228 1237 1258 1331 1407 1410 1475 1497 1597 1663 1674 1697 1704 1736 1740 1811 1835 1918 1954
Compactness: 2176.131330
Weights: 464.000000 8066.000000 2338.000000
Center Node: 1407

District 39
Nodes: 58 93 249 349 359 423 495 534 539 543 547 661 666 737 802 805 812 928 976 990 1063 1070 1162 1265 1321 1464 1486 1514 1515 1606 1611 1695 1718 1739 1755 1775 1779 1787 1860 1983
Compactness: 2317.549255
Weights: 486.000000 7948.000000 2296.000000
Center Node: 1755

District 40
Nodes: 13 61 188 217 230 289 319 342 449 477 535 609 668 685 746 817 856 945 971 998 1029 1032 1096 1112 1167 1183 1223 1264 1345 1432 1551 1554 1588 1620 1638 1644 1777 1936
Compactness: 2058.524595
Weights: 471.000000 8172.000000 2228.000000
Center Node: 998

District 41
Nodes: 65 66 190 251 287 309 331 365 373 377 463 498 510 590 615 663 665 714 717 784 785 788 830 870 997 1007 1152 1229 1262 1266 1323 1343 1353 1354 1367 1479 1483 1522 1579 1741 1884 1952 1980
Compactness: 2576.007579
Weights: 496.000000 8644.000000 2326.000000
Center Node: 190

District 42
Nodes: 4 26 90 110 144 192 198 263 353 366 549 642 675 756 775 819 851 874 899 930 964 966 983 1014 1048 1087 1172 1200 1257 1361 1433 1481 1626 1778 1798 1882 1891 1939
Compactness: 1807.225515
Weights: 457.000000 8747.000000 2270.000000
Center Node: 366

District 43
Nodes: 118 132 163 186 205 274 275 446 481 618 629 656 672 698 722 778 829 833 992 996 999 1208 1280 1291 1390 1544 1595 1677 1688 1692 1700 1720 1721 1843 1875 1895 1927 1968 1986
Compactness: 1950.935071
Weights: 498.000000 7937.000000 2334.000000
Center Node: 833

District 44
Nodes: 41 72 92 100 129 197 207 264 388 420 493 523 680 690 718 748 792 1072 1077 1107 1154 1170 1180 1250 1251 1368 1401 1454 1471 1500 1538 1557 1623 1715 1753 1803 1868 1887 1998
Compactness: 2673.796880
Weights: 456.000000 8507.000000 2263.000000
Center Node: 207

District 45
Nodes: 11 48 88 159 195 204 211 258 322 374 424 503 507 556 724 739 763 789 862 866 909 919 943 1011 1133 1166 1202 1337 1346 1412 1420 1462 1467 1468 1499 1521 1555 1603 1684 1865 1881
Compactness: 1964.240154
Weights: 455.000000 7896.000000 2332.000000
Center Node: 556

District 46
Nodes: 5 76 79 225 272 304 307 356 375 391 419 430 435 486 489 573 601 627 697 708 711 867 901 910 985 989 1056 1090 1232 1470 1496 1587 1656 1703 1745 1780 1870 1912 1914 1942
Compactness: 2328.797976
Weights: 468.000000 8002.000000 2159.000000
Center Node: 304

District 47
Nodes: 8 81 82 145 174 259 299 351 392 418 440 492 546 562 568 581 700 887 954 1000 1059 1103 1184 1347 1373 1402 1451 1501 1519 1520 1545 1635 1678 1761 1812 1911 1973
Compactness: 1843.716537
Weights: 454.000000 8724.000000 2321.000000
Center Node: 1911

District 48
Nodes: 43 103 133 143 332 389 396 452 500 504 555 576 580 594 726 890 922 984 1005 1052 1074 1127 1187 1214 1242 1287 1309 1351 1370 1383 1447 1679 1710 1764 1971 1984 1997
Compactness: 1871.060482
Weights: 498.000000 8125.000000 2158.000000
Center Node: 1287

District 49
Nodes: 36 47 112 128 295 324 363 445 545 566 584 673 742 994 1006 1038 1061 1067 1095 1121 1122 1134 1320 1341 1380 1466 1473 1506 1517 1535 1543 1547 1666 1979 1992
Compactness: 3525.761941
Weights: 442.000000 7921.000000 2146.000000
Center Node: 1506

District 50
Nodes: 46 51 116 147 169 172 234 297 305 311 343 433 442 444 532 551 623 754 823 836 894 1081 1163 1164 1225 1256 1435 1446 1491 1541 1560 1608 1648 1664 1683 1723 1774 1785 1807 1810 1933 1935
Compactness: 2699.795286
Weights: 459.000000 8348.000000 2211.000000
Center Node: 1164
