BalanceViolation 0.802500
AffinityLoss 1489.000000
Compactness 101654.242774

District 1
Nodes: 40 41 59 73 104 111 157 193 212 224 251 302 347 359 361 374 391 402 403 407 408 411 415 437 439 469 479 499 558 584 597 602 607 620 645 654 659 664 713 747 788 806 829 841 866 902 913 975 984
Compactness: 4835.756900
Weights: 604.000000 10146.000000 2750.000000
Center Node: 788

District 2
Nodes: 2 42 44 46 48 53 68 97 99 107 121 145 216 250 253 267 271 287 300 304 305 306 346 357 377 399 458 493 494 498 505 516 535 564 582 593 595 631 651 731 804 862 868 915 920 934 959 963 965
Compactness: 5583.634039
Weights: 586.000000 10461.000000 2919.000000
Center Node: 346

District 3
Nodes: 17 38 64 81 85 151 161 171 190 196 205 234 252 263 265 293 338 363 365 392 438 456 466 488 502 509 525 554 570 577 601 604 633 647 677 725 756 762 763 770 772 786 792 814 823 825 838 883 906 929 943 970 982 989
Compactness: 5220.608836
Weights: 640.000000 11047.000000 2898.000000
Center Node: 190

District 4
Nodes: 28 45 47 103 115 116 118 128 143 150 164 170 180 183 188 217 277 278 299 307 311 320 376 395 421 449 519 539 547 552 613 629 646 657 704 717 722 771 773 797 803 811 826 905 921 926 928 935 944 960 961 997
Compactness: 4103.406028
Weights: 584.000000 10284.000000 2952.000000
Center Node: 170

District 5
Nodes: 19 37 51 56 82 113 136 140 149 165 181 192 201 210 214 230 236 296 313 322 332 339 341 394 397 450 457 471 503 512 537 623 650 656 669 691 705 724 739 742 784 790 812 889 939 981 988 999
Compactness: 3689.102390
Weights: 592.000000 11008.000000 2720.000000
Center Node: 939

District 6
Nodes: 16 26 33 94 117 146 174 184 219 226 235 246 262 268 280 303 315 330 350 354 358 370 422 424 443 470 551 555 579 606 615 616 675 697 703 736 737 738 754 766 783 785 799 800 807 834 853 880 898 923 925 953
Compactness: 6472.831541
Weights: 640.000000 10662.000000 2809.000000
Center Node: 443

District 7
Nodes: 20 35 61 77 83 233 270 281 310 323 369 383 389 393 406 413 418 430 452 453 455 477 504 508 549 559 563 571 587 590 591 594 611 626 652 653 661 666 698 700 702 743 744 748 749 809 818 896 945 967 969 985 995
Compactness: 4434.558747
Weights: 627.000000 11038.000000 2908.000000
Center Node: 896

District 8
Nodes: 1 13 30 60 95 122 156 168 247 257 294 325 336 337 355 378 387 396 398 423 461 467 468 476 506 513 572 573 580 589 610 637 660 662 720 728 781 794 795 815 832 836 863 865 878 892 893 994
Compactness: 6146.523919
Weights: 579.000000 10065.000000 2693.000000
Center Node: 660

District 9
Nodes: 4 87 124 135 142 153 177 199 207 259 286 312 326 331 390 416 442 451 454 482 492 507 568 569 588 618 640 643 676 682 687 710 716 774 779 791 805 819 839 845 847 852 858 882 891 942 948 951 952 979 991
Compactness: 5516.516267
Weights: 606.000000 11062.000000 2947.000000
Center Node: 331

District 10
Nodes: 23 34 66 72 96 138 139 154 159 167 198 213 223 231 327 351 410 420 428 445 473 483 496 515 520 534 561 562 614 624 636 678 680 708 709 753 755 764 769 776 808 844 877 909 964 968 978 992 993 996
Compactness: 4033.834058
Weights: 615.000000 10233.000000 2904.000000
Center Node: 72

District 11
Nodes: 9 18 90 101 106 158 163 172 189 215 249 297 301 316 317 324 328 343 348 353 380 388 465 481 497 518 522 553 581 608 617 634 648 719 758 828 848 876 879 881 886 901 911 919 922 946 949 956 998
Compactness: 3947.037134
Weights: 616.000000 10139.000000 2698.000000
Center Node: 101

District 12
Nodes: 11 12 43 74 92 100 114 132 144 175 182 195 200 202 204 206 208 227 232 237 272 274 276 282 285 344 345 366 381 384 436 446 460 528 586 628 668 670 673 686 688 741 752 775 789 830 859 861 888 940 957 977
Compactness: 5835.767943
Weights: 638.000000 10662.000000 2676.000000
Center Node: 274

District 13
Nodes: 0 71 84 91 98 105 109 123 137 169 185 187 229 244 254 261 288 298 314 329 334 335 360 375 379 386 491 550 575 609 630 644 726 735 740 750 793 801 822 827 833 835 843 854 895 900 907 910 950
Compactness: 3697.090662
Weights: 600.000000 10084.000000 2795.000000
Center Node: 329

District 14
Nodes: 10 14 69 80 89 102 126 127 141 173 269 308 342 352 404 412 419 426 429 432 444 517 532 543 545 565 578 583 600 612 658 667 672 679 721 765 768 777 821 840 857 869 872 916 927 931 955 958 971 986
Compactness: 5443.778590
Weights: 622.000000 10505.000000 2951.000000
Center Node: 721

District 15
Nodes: 3 29 36 39 50 62 65 70 130 131 152 178 186 228 256 279 292 295 371 373 400 401 440 459 489 514 523 524 527 530 548 574 592 598 635 638 701 715 732 751 757 813 930 932 933 974 980
Compactness: 5036.613204
Weights: 602.000000 10761.000000 2677.000000
Center Node: 279

District 16
Nodes: 7 21 32 49 57 63 86 110 209 240 260 264 266 284 333 340 362 367 372 385 405 417 425 441 484 641 649 665 681 683 699 706 714 727 745 780 802 817 846 849 850 864 899 914 937 954 972 983
Compactness: 4834.881994
Weights: 640.000000 10073.000000 2729.000000
Center Node: 362

District 17
Nodes: 5 27 31 54 55 67 76 79 108 112 119 134 147 160 166 176 194 203 211 218 220 248 273 275 435 448 474 475 478 487 495 533 540 622 627 685 695 707 711 778 782 820 867 873 874 885 887 912 918 947
Compactness: 6005.675081
Weights: 582.000000 10050.000000 2751.000000
Center Node: 79

District 18
Nodes: 6 8 52 58 75 133 155 222 239 243 255 291 309 318 349 364 368 427 447 486 490 501 538 546 557 560 585 599 603 639 655 671 684 693 696 712 723 730 767 787 824 855 870 871 884 890 936 990
Compactness: 9080.147340
Weights: 581.000000 10857.000000 2806.000000
Center Node: 8

District 19
Nodes: 25 129 148 162 191 197 238 241 242 258 289 356 382 409 431 463 480 500 511 521 536 542 567 605 619 632 642 663 674 689 690 692 694 729 733 734 746 759 760 761 798 810 831 842 875 897 903 917 938 962
Compactness: 3808.692391
Weights: 623.000000 10910.000000 2945.000000
Center Node: 760

District 20
Nodes: 15 22 24 78 88 93 120 125 179 221 225 245 283 290 319 321 414 433 434 462 464 472 485 510 526 529 531 541 544 556 566 576 596 621 625 718 796 816 837 851 856 860 894 904 908 924 941 966 973 976 987
Compactness: 3927.785710
Weights: 621.000000 11077.000000 2693.000000
Center Node: 485
