BalanceViolation 1119.172000
AffinityLoss 1904.000000
Compactness 60482.902213

District 1
Nodes: 13 97 182 198 245 325 326 334 349 393 394 430 495 545 569 634 674 705 890 913 988 989
Compactness: 1038.338604
Weights: 273.000000 3959.000000 1224.000000
Center Node: 198

District 2
Nodes: 19 64 83 141 255 279 321 471 505 537 555 617 659 733 739 750 801 859 892 898 925 993
Compactness: 2158.719919
Weights: 244.000000 4358.000000 1120.000000
Center Node: 471

District 3
Nodes: 73 133 153 155 187 229 259 281 347 425 469 483 620 662 826 864 897 929 965 968
Compactness: 1269.249638
Weights: 244.000000 4160.000000 1199.000000
Center Node: 929

District 4
Nodes: 42 53 101 123 206 244 302 423 439 486 526 601 636 647 729 774 803 808 819 866
Compactness: 1673.724350
Weights: 229.000000 4479.000000 1129.000000
Center Node: 42

District 5
Nodes: 22 68 161 215 242 258 331 353 447 501 512 528 597 639 655 706 798 811 813 816 884
Compactness: 1230.467179
Weights: 250.000000 4434.000000 1186.000000
Center Node: 655

District 6
Nodes: 93 132 208 223 275 278 294 361 390 429 480 611 712 780 810 840 852 936 950 984
Compactness: 1326.400955
Weights: 252.000000 4425.000000 1151.000000
Center Node: 840

District 7
Nodes: 12 105 238 311 337 491 532 535 557 560 573 681 742 753 850 860 945 946 953 967 998
Compactness: 1282.896477
Weights: 276.000000 4048.000000 1116.000000
Center Node: 967

District 8
Nodes: 72 183 192 240 249 336 479 492 493 522 623 701 703 717 725 759 783 789 853 868 882
Compactness: 1159.761736
Weights: 232.000000 4288.000000 1203.000000
Center Node: 882

District 9
Nodes: 27 84 175 176 199 201 217 367 398 409 478 481 602 631 645 731 821 847 894
Compactness: 1306.194041
Weights: 231.000000 4411.000000 1105.000000
Center Node: 217

District 10
Nodes: 40 59 60 131 226 246 333 384 389 458 464 474 622 629 644 732 805 830 881 966
Compactness: 1282.493747
Weights: 227.000000 4019.000000 1262.000000
Center Node: 629

District 11
Nodes: 0 79 127 160 194 264 310 352 371 518 575 576 630 687 799 829 841 858 901
Compactness: 1127.746377
Weights: 246.000000 4162.000000 1141.000000
Center Node: 194

District 12
Nodes: 66 91 149 205 300 365 453 490 565 640 671 721 740 831 839 845 873 910 957 975 987
Compactness: 1003.991968
Weights: 279.000000 4139.000000 1181.000000
Center Node: 205

District 13
Nodes: 25 95 159 200 305 308 351 476 482 508 552 633 660 708 749 800 934 969 976
Compactness: 1073.514203
Weights: 252.000000 4411.000000 1178.000000
Center Node: 200

District 14
Nodes: 48 58 80 193 233 263 315 455 538 586 593 628 654 738 752 757 761 784 930 941
Compactness: 1272.190271
Weights: 230.000000 4184.000000 1226.000000
Center Node: 757

District 15
Nodes: 115 230 266 350 368 369 374 381 466 618 642 643 690 693 747 807 863 872 905
Compactness: 1082.025162
Weights: 258.000000 4233.000000 1105.000000
Center Node: 690

District 16
Nodes: 32 124 162 167 169 177 212 224 243 404 445 499 533 582 592 702 790 835 933
Compactness: 1075.794034
Weights: 190.000000 4419.000000 1057.000000
Center Node: 212

District 17
Nodes: 8 30 51 96 119 125 166 260 312 406 446 456 465 559 698 704 723 727 814 932
Compactness: 1307.675664
Weights: 229.000000 4013.000000 1153.000000
Center Node: 559

District 18
Nodes: 6 154 220 232 256 272 360 362 386 400 402 418 431 580 607 804 820 834 904 995
Compactness: 1037.071723
Weights: 265.000000 4157.000000 1223.000000
Center Node: 154

District 19
Nodes: 23 57 69 82 126 262 472 497 500 519 583 598 621 665 766 782 880 916
Compactness: 1102.999427
Weights: 231.000000 4045.000000 1201.000000
Center Node: 766

District 20
Nodes: 20 103 112 135 188 213 247 292 313 324 457 651 663 667 691 763 857 920 983
Compactness: 1554.947514
Weights: 240.000000 4085.000000 1202.000000
Center Node: 667

District 21
Nodes: 18 46 134 146 185 287 378 392 420 459 502 504 587 672 794 842 854 879 955 956 996
Compactness: 1144.479958
Weights: 257.000000 4384.000000 1057.000000
Center Node: 287

District 22
Nodes: 142 218 234 297 356 441 563 577 594 624 656 678 685 710 735 765 878 919 999
Compactness: 963.906971
Weights: 242.000000 4225.000000 1118.000000
Center Node: 142

District 23
Nodes: 49 129 143 164 178 320 413 496 507 534 605 627 646 696 719 751 903 947 978
Compactness: 1059.183388
Weights: 241.000000 4305.000000 1181.000000
Center Node: 49

District 24
Nodes: 28 196 236 285 303 357 387 412 416 421 468 523 574 608 728 756 802 871 937 944
Compactness: 1077.086819
Weights: 226.000000 4415.000000 1161.000000
Center Node: 937

District 25
Nodes: 87 191 203 254 299 377 407 410 411 436 675 679 680 697 734 773 817 909 962 963
Compactness: 1253.199705
Weights: 271.000000 4342.000000 1134.000000
Center Node: 909

District 26
Nodes: 4 14 179 253 270 282 370 405 426 450 489 567 570 572 768 855 889
Compactness: 850.081206
Weights: 185.000000 4447.000000 1179.000000
Center Node: 489

District 27
Nodes: 128 130 157 211 222 231 269 289 376 380 397 424 435 475 536 543 632 896 974
Compactness: 1240.900539
Weights: 251.000000 4435.000000 1132.000000
Center Node: 376

District 28
Nodes: 33 78 114 137 273 319 329 372 383 462 484 503 531 652 673 849 938 939 940 949
Compactness: 1465.133136
Weights: 220.000000 4036.000000 1175.000000
Center Node: 383

District 29
Nodes: 36 181 237 296 304 316 323 460 707 760 778 792 823 887 914 918 924 990
Compactness: 1252.466177
Weights: 248.000000 4431.000000 1208.000000
Center Node: 36

District 30
Nodes: 7 39 41 111 139 165 180 190 209 239 288 307 358 415 556 561 722 769 862 994
Compactness: 1150.230033
Weights: 242.000000 4159.000000 1102.000000
Center Node: 556

District 31
Nodes: 3 35 89 173 195 328 354 437 444 487 506 540 547 558 564 709 775 809 875 902
Compactness: 987.610125
Weights: 245.000000 4155.000000 1176.000000
Center Node: 709

District 32
Nodes: 55 63 74 113 140 225 443 544 566 649 650 653 666 686 730 755 764 779 806 893 926 948
Compactness: 1135.843467
Weights: 252.000000 4009.000000 1240.000000
Center Node: 74

District 33
Nodes: 56 81 102 148 184 345 438 448 451 494 525 527 737 762 900 907 917 985 992
Compactness: 1183.014631
Weights: 201.000000 4199.000000 1116.000000
Center Node: 56

District 34
Nodes: 5 92 107 163 204 257 274 338 364 366 391 498 546 585 700 874 891 912
Compactness: 1041.983498
Weights: 229.000000 4109.000000 1263.000000
Center Node: 257

District 35
Nodes: 9 26 61 94 170 283 293 363 382 385 488 588 600 619 694 767 838 861 906 991
Compactness: 814.126296
Weights: 206.000000 4397.000000 1027.000000
Center Node: 767

District 36
Nodes: 11 15 17 34 44 76 158 197 202 291 348 454 467 550 590 603 657 724 741 754 832 836 895
Compactness: 1305.464023
Weights: 300.000000 3812.000000 1199.000000
Center Node: 291

District 37
Nodes: 77 117 120 298 330 344 379 427 432 514 578 591 604 626 682 688 715 718 796 961
Compactness: 1032.144621
Weights: 228.000000 4405.000000 1169.000000
Center Node: 682

District 38
Nodes: 16 121 241 267 280 340 373 541 614 625 745 781 822 833 844 943 958 970 971
Compactness: 1377.134394
Weights: 245.000000 4247.000000 1111.000000
Center Node: 958

District 39
Nodes: 29 145 309 317 417 449 568 613 689 743 787 818 828 846 870 876 928 935
Compactness: 1010.772207
Weights: 196.000000 4264.000000 1120.000000
Center Node: 568

District 40
Nodes: 85 90 214 221 248 327 332 399 403 440 477 509 524 542 584 596 699 793 824 899 960
Compactness: 1417.527279
Weights: 241.000000 4250.000000 1128.000000
Center Node: 542

District 41
Nodes: 54 75 136 186 228 252 442 470 517 520 777 797 825 851 856 869 877 915 931 959 980 982
Compactness: 1922.496587
Weights: 227.000000 4423.000000 1094.000000
Center Node: 980

District 42
Nodes: 52 62 70 88 144 301 339 341 408 414 473 571 615 668 843 883 922 951 977
Compactness: 1339.480297
Weights: 229.000000 4059.000000 1240.000000
Center Node: 843

District 43
Nodes: 99 138 174 284 401 428 553 599 610 612 670 677 711 772 785 786 788 848 886 888 981
Compactness: 1281.084766
Weights: 249.000000 4140.000000 1174.000000
Center Node: 981

District 44
Nodes: 1 47 98 168 207 210 290 434 513 529 539 549 638 713 726 746 865 911 952 997
Compactness: 822.501833
Weights: 299.000000 4331.000000 1118.000000
Center Node: 98

District 45
Nodes: 2 21 71 108 110 172 189 314 322 359 433 548 589 637 648 661 669 676 744 837
Compactness: 1051.031249
Weights: 233.000000 4165.000000 1207.000000
Center Node: 322

District 46
Nodes: 50 104 156 216 227 235 395 396 516 521 530 581 606 664 683 684 720 736 770 923 972
Compactness: 1225.086690
Weights: 245.000000 4210.000000 1200.000000
Center Node: 684

District 47
Nodes: 45 86 100 109 151 171 265 268 295 419 422 463 551 609 716 771 827 942 964 979
Compactness: 803.376132
Weights: 252.000000 4419.000000 1159.000000
Center Node: 295

District 48
Nodes: 38 65 67 150 219 261 306 335 388 511 554 562 579 616 635 641 776 791 885 954 973
Compactness: 1215.706508
Weights: 236.000000 4456.000000 1193.000000
Center Node: 954

District 49
Nodes: 10 24 31 118 250 251 271 286 346 355 375 485 515 692 748 758 815 867 908 927 986
Compactness: 1306.794726
Weights: 209.000000 4450.000000 1166.000000
Center Node: 355

District 50
Nodes: 37 43 106 116 122 147 152 276 277 318 342 343 452 461 510 595 658 695 714 795 812 921
Compactness: 1386.851959
Weights: 236.000000 4288.000000 1235.000000
Center Node: 812
