BalanceViolation 685.967500
AffinityLoss 3422.000000
Compactness 212610.264006

District 1
Nodes: 63 79 86 100 127 145 146 170 187 194 225 308 309 320 353 371 397 469 471 530 538 547 552 634 646 654 658 670 701 762 764 765 766 769 777 787 788 803 806 873 878 880 888 898 908 956 986 1011 1014 1017 1040 1045 1051 1052 1080 1107 1114 1132 1160 1171 1184 1187 1188 1193 1209 1215 1218 1232 1271 1284 1322 1349 1362 1371 1457 1477 1478 1495 1516 1540 1577 1589 1643 1668 1704 1705 1709 1725 1765 1771 1776 1801 1838 1866 1943 1968 1989
Compactness: 7534.556187
Weights: 1140.000000 19776.000000 6063.000000
Center Node: 1643

District 2
Nodes: 3 17 74 99 106 124 128 129 130 147 159 175 179 241 286 288 313 358 363 392 437 444 454 465 477 488 493 517 536 588 637 639 650 655 672 686 704 740 780 811 819 829 843 847 874 885 893 929 942 959 965 975 983 1007 1016 1053 1086 1087 1091 1103 1120 1130 1242 1268 1294 1313 1330 1421 1431 1443 1444 1452 1489 1526 1533 1538 1544 1549 1572 1651 1663 1665 1687 1698 1711 1753 1755 1756 1786 1787 1794 1807 1808 1811 1833 1867 1901 1935 1970 1972 1983
Compactness: 10590.434233
Weights: 1234.000000 20855.000000 6060.000000
Center Node: 1087

District 3
Nodes: 19 55 62 80 153 190 208 218 247 250 251 252 284 294 297 331 338 356 381 386 401 480 481 507 511 534 573 580 613 628 660 703 710 716 719 729 742 750 818 830 839 900 913 949 950 968 1047 1056 1060 1077 1088 1090 1123 1129 1147 1169 1202 1277 1282 1302 1310 1319 1324 1358 1360 1387 1393 1416 1418 1442 1448 1523 1567 1584 1610 1616 1633 1634 1649 1655 1670 1681 1691 1693 1701 1714 1721 1767 1788 1809 1830 1835 1842 1893 1914 1918 1927 1939 1947 1956 1965 1985 1993
Compactness: 11614.740668
Weights: 1160.000000 20305.000000 6016.000000
Center Node: 250

District 4
Nodes: 29 37 40 53 64 75 96 172 183 202 211 213 224 232 273 323 348 429 494 518 522 537 563 584 589 595 597 614 625 668 696 699 721 763 786 857 859 876 881 882 895 899 926 928 930 943 992 1038 1050 1082 1092 1098 1106 1111 1113 1140 1141 1153 1196 1219 1226 1261 1267 1275 1303 1305 1340 1389 1396 1435 1483 1491 1517 1571 1580 1587 1592 1613 1636 1672 1673 1678 1689 1700 1702 1773 1802 1810 1813 1825 1877 1878 1881 1919 1941 1944 1953
Compactness: 9989.520749
Weights: 1245.000000 19930.000000 5700.000000
Center Node: 1111

District 5
Nodes: 66 78 82 91 94 114 117 123 126 136 191 205 206 223 259 364 398 408 461 492 535 575 592 620 629 669 700 708 734 738 755 758 784 814 836 848 852 855 856 864 902 960 966 969 984 1022 1084 1093 1102 1104 1109 1165 1166 1175 1191 1195 1207 1214 1236 1280 1304 1311 1312 1344 1352 1366 1382 1428 1438 1440 1465 1482 1509 1531 1564 1585 1596 1597 1600 1603 1612 1657 1660 1662 1675 1686 1688 1743 1761 1826 1828 1854 1856 1857 1864 1909 1915 1926 1932 1938 1949 1971 1986 1994 1997
Compactness: 11656.810269
Weights: 1254.000000 19837.000000 5993.000000
Center Node: 755

District 6
Nodes: 12 14 23 39 42 50 72 131 173 174 180 220 235 275 289 290 328 346 350 365 410 462 474 478 500 558 561 609 627 631 640 643 690 695 725 745 782 823 835 838 841 842 844 860 886 935 974 981 985 1006 1032 1042 1044 1066 1079 1085 1105 1124 1152 1246 1287 1327 1370 1377 1398 1406 1407 1420 1455 1470 1521 1530 1535 1547 1557 1560 1563 1578 1602 1611 1619 1623 1650 1653 1664 1744 1763 1779 1812 1819 1822 1859 1862 1863 1869 1899 1912 1945 1963 1966 1981
Compactness: 11743.921938
Weights: 1251.000000 21380.000000 5649.000000
Center Node: 1406

District 7
Nodes: 1 20 35 41 45 110 112 119 132 137 154 164 178 185 207 216 226 233 248 296 303 307 317 333 349 396 399 400 414 441 466 498 506 574 578 591 594 610 616 619 621 632 641 648 678 693 785 833 858 863 872 897 925 947 967 972 989 1000 1005 1033 1035 1036 1046 1070 1072 1128 1162 1163 1176 1194 1221 1231 1237 1264 1289 1290 1295 1318 1331 1373 1376 1415 1417 1445 1485 1499 1554 1562 1614 1617 1618 1637 1640 1658 1671 1796 1861 1883 1917 1923 1936 1948 1957 1962 1975
Compactness: 9989.514813
Weights: 1223.000000 21079.000000 6076.000000
Center Node: 1231

District 8
Nodes: 65 101 121 157 162 198 209 234 249 271 304 334 342 357 390 413 416 425 435 451 485 505 556 572 599 605 622 644 675 676 702 720 756 757 779 799 802 805 810 820 875 884 894 907 909 927 934 970 1002 1010 1027 1031 1048 1061 1067 1094 1138 1146 1204 1247 1258 1269 1298 1300 1325 1351 1391 1397 1401 1404 1429 1434 1461 1463 1468 1518 1520 1522 1536 1559 1566 1608 1647 1656 1666 1683 1697 1699 1706 1715 1737 1751 1758 1772 1783 1804 1892 1896 1952 1964
Compactness: 9047.052767
Weights: 1198.000000 20999.000000 4953.000000
Center Node: 1522

District 9
Nodes: 48 51 70 103 109 113 120 134 188 203 214 217 242 272 277 293 380 438 443 455 489 496 499 551 570 583 671 674 691 713 774 793 798 815 817 840 865 911 919 924 955 996 1003 1049 1058 1064 1065 1068 1110 1150 1151 1157 1158 1174 1212 1222 1241 1257 1265 1316 1336 1339 1363 1368 1378 1386 1403 1469 1473 1503 1506 1512 1553 1583 1615 1625 1627 1631 1632 1641 1720 1742 1746 1757 1768 1795 1839 1845 1849 1851 1865 1882 1911 1921 1928 1958 1990
Compactness: 9038.721053
Weights: 1176.000000 19981.000000 5520.000000
Center Node: 1882

District 10
Nodes: 0 27 28 30 49 92 93 97 116 138 155 181 197 212 227 243 246 257 270 280 283 298 310 332 407 409 424 434 449 452 468 479 497 528 532 545 581 587 604 663 707 715 722 730 739 778 789 790 808 813 851 932 948 958 961 980 1024 1089 1100 1127 1142 1156 1159 1170 1179 1224 1228 1274 1283 1296 1321 1342 1355 1375 1412 1419 1490 1532 1586 1591 1593 1594 1595 1635 1644 1676 1707 1717 1723 1728 1760 1831 1837 1840 1844 1870 1871 1898 1905 1925 1950 1959 1978
Compactness: 8933.575316
Weights: 1256.000000 21501.000000 5991.000000
Center Node: 789

District 11
Nodes: 13 16 18 68 143 165 167 186 229 258 279 291 295 326 335 339 384 394 402 404 406 418 420 428 448 470 490 491 502 508 521 550 577 615 633 642 657 667 680 759 797 807 853 868 890 904 910 918 933 937 951 971 991 1026 1076 1108 1115 1131 1134 1149 1181 1206 1223 1243 1244 1286 1328 1343 1365 1390 1414 1437 1439 1497 1498 1504 1527 1528 1558 1661 1696 1719 1724 1750 1797 1803 1873 1900 1906 1979 1988
Compactness: 9221.630818
Weights: 1115.000000 20086.000000 5575.000000
Center Node: 1979

District 12
Nodes: 36 84 88 102 107 135 169 196 239 262 263 267 276 278 373 377 388 395 417 430 482 483 512 514 544 548 562 564 571 596 606 624 630 638 647 653 659 685 698 705 712 741 743 760 768 775 804 824 826 845 850 871 883 946 963 973 998 1008 1029 1034 1041 1063 1096 1116 1161 1253 1279 1297 1323 1329 1334 1372 1380 1424 1425 1441 1467 1474 1475 1486 1494 1510 1541 1555 1565 1570 1607 1694 1713 1716 1730 1734 1735 1764 1777 1820 1847 1884 1890 1894 1904 1940 1951
Compactness: 11698.352079
Weights: 1251.000000 21831.000000 6020.000000
Center Node: 998

District 13
Nodes: 4 8 34 54 89 95 98 139 148 149 161 189 200 240 244 261 287 329 337 340 351 370 383 403 405 459 504 557 576 582 602 645 664 679 692 718 723 746 752 772 796 812 896 906 921 962 977 993 1019 1039 1043 1081 1083 1112 1125 1145 1164 1180 1185 1203 1239 1252 1262 1272 1288 1306 1347 1364 1392 1405 1408 1411 1427 1430 1460 1507 1546 1556 1609 1624 1654 1679 1685 1731 1732 1736 1738 1747 1774 1781 1789 1791 1815 1858 1889 1908 1910 1987 1991 1992 1996
Compactness: 12047.422292
Weights: 1217.000000 21454.000000 5658.000000
Center Node: 1164

District 14
Nodes: 43 47 69 76 87 141 144 150 171 192 230 236 245 266 300 336 360 367 368 442 446 460 467 519 523 525 554 617 661 735 744 749 783 792 827 832 837 866 892 901 903 905 944 952 976 994 1015 1018 1021 1025 1037 1097 1099 1117 1126 1135 1155 1167 1183 1199 1216 1217 1229 1230 1233 1256 1276 1308 1320 1332 1333 1341 1345 1346 1399 1423 1456 1458 1459 1462 1472 1488 1543 1545 1550 1568 1574 1579 1588 1601 1621 1718 1745 1748 1752 1759 1775 1792 1800 1814 1821 1841 1874 1876 1886 1980 1995 1998
Compactness: 10353.023518
Weights: 1253.000000 21724.000000 6087.000000
Center Node: 1458

District 15
Nodes: 15 22 38 90 105 115 151 166 182 228 231 237 254 255 260 265 274 311 312 314 327 343 347 369 427 432 433 440 447 463 487 541 542 543 579 611 626 636 682 684 688 724 728 737 751 816 854 862 869 920 939 940 945 953 978 990 1001 1004 1023 1057 1069 1078 1136 1168 1189 1200 1251 1266 1326 1357 1367 1374 1383 1394 1395 1410 1464 1471 1501 1525 1537 1542 1569 1620 1639 1703 1749 1754 1766 1769 1770 1778 1785 1793 1827 1834 1846 1853 1920 1922 1929 1930 1931 1984
Compactness: 10191.631778
Weights: 1253.000000 21758.000000 5740.000000
Center Node: 15

District 16
Nodes: 71 73 77 104 118 142 281 285 301 305 318 324 352 362 366 376 378 382 385 393 453 464 509 529 531 539 553 565 586 656 687 689 709 717 736 791 801 879 1030 1055 1071 1101 1137 1144 1154 1173 1182 1186 1201 1211 1213 1227 1234 1250 1259 1273 1314 1335 1338 1348 1361 1385 1388 1402 1426 1432 1436 1449 1476 1487 1492 1513 1515 1519 1552 1561 1599 1622 1629 1646 1648 1708 1726 1740 1823 1824 1852 1868 1880 1888 1973 1977 1999
Compactness: 10810.875838
Weights: 1068.000000 20001.000000 5598.000000
Center Node: 385

District 17
Nodes: 5 6 67 81 85 108 111 140 168 176 222 268 325 345 372 375 412 423 431 439 473 476 486 501 510 513 524 527 533 546 555 559 567 590 603 635 652 665 681 683 697 714 726 727 754 771 794 795 800 889 931 936 954 979 997 1012 1013 1073 1074 1095 1121 1133 1148 1177 1190 1198 1210 1220 1225 1260 1263 1307 1350 1369 1433 1447 1453 1479 1493 1500 1551 1575 1581 1606 1626 1674 1684 1695 1712 1722 1729 1733 1762 1816 1872 1885 1891 1903 1916 1960 1961 1969 1974
Compactness: 9866.629650
Weights: 1227.000000 21858.000000 6039.000000
Center Node: 889

District 18
Nodes: 26 44 46 83 122 125 158 160 163 221 253 256 269 299 302 306 315 319 321 361 379 389 391 436 450 456 457 472 484 520 540 549 600 601 677 706 731 733 748 761 821 822 828 831 846 849 861 870 877 891 914 915 917 957 987 999 1009 1020 1028 1075 1178 1197 1208 1245 1285 1292 1317 1359 1379 1400 1409 1446 1454 1502 1539 1573 1582 1630 1659 1692 1727 1739 1782 1784 1805 1817 1855 1879 1895 1913 1946 1955
Compactness: 14052.199390
Weights: 1109.000000 20138.000000 5617.000000
Center Node: 861

District 19
Nodes: 10 32 52 56 57 58 59 60 156 177 184 195 204 215 219 264 282 292 330 341 374 387 419 421 475 515 560 566 585 598 618 623 651 662 666 673 732 753 773 776 781 809 825 834 867 887 912 916 938 982 988 995 1059 1143 1172 1192 1235 1238 1240 1248 1254 1255 1270 1291 1293 1309 1353 1354 1356 1381 1450 1466 1480 1481 1511 1529 1548 1590 1598 1604 1605 1669 1677 1682 1780 1790 1798 1799 1829 1848 1860 1897 1902 1934 1954 1982
Compactness: 9777.696828
Weights: 1136.000000 20153.000000 6092.000000
Center Node: 1480

District 20
Nodes: 2 7 9 11 21 24 25 31 33 61 133 152 193 199 201 210 238 316 322 344 354 355 359 411 415 422 426 445 458 495 503 516 526 568 569 593 607 608 612 649 694 711 747 767 770 922 923 941 964 1054 1062 1118 1119 1122 1139 1205 1249 1278 1281 1299 1301 1315 1337 1384 1413 1422 1451 1484 1496 1505 1508 1514 1524 1534 1576 1628 1638 1642 1645 1652 1667 1680 1690 1710 1741 1806 1818 1832 1836 1843 1850 1875 1887 1907 1924 1933 1937 1942 1967 1976
Compactness: 14451.953822
Weights: 1158.000000 21864.000000 5620.000000
Center Node: 1524
