BalanceViolation 1711.525000
AffinityLoss 3993.000000
Compactness 118131.069266

District 1
Nodes: 0 104 130 142 310 352 362 382 529 565 656 687 709 715 717 736 740 801 1055 1071 1091 1186 1211 1213 1227 1259 1273 1338 1348 1385 1426 1436 1476 1492 1552 1561 1646 1740 1823 1852 1868
Compactness: 2493.556794
Weights: 496.000000 8705.000000 2413.000000
Center Node: 656

District 2
Nodes: 1 45 132 154 164 248 296 303 317 400 466 578 591 610 621 641 678 785 858 947 972 1000 1005 1033 1035 1072 1176 1231 1237 1295 1318 1417 1445 1485 1554 1614 1617 1658 1796 1936 1975
Compactness: 2457.169245
Weights: 482.000000 8163.000000 2268.000000
Center Node: 303

District 3
Nodes: 15 38 115 151 166 182 231 237 260 312 314 347 432 440 487 541 543 579 626 682 737 862 939 940 945 1004 1023 1168 1251 1266 1326 1383 1394 1395 1471 1525 1537 1703 1930
Compactness: 2324.514352
Weights: 504.000000 7923.000000 2142.000000
Center Node: 115

District 4
Nodes: 55 69 76 80 141 284 360 446 460 480 507 534 554 573 580 613 660 818 866 900 950 1018 1021 1037 1060 1147 1277 1310 1319 1387 1416 1456 1462 1579 1601 1814 1893 1939 1947 1998
Compactness: 2439.576873
Weights: 471.000000 8010.000000 2421.000000
Center Node: 1310

District 5
Nodes: 91 149 205 408 535 575 592 608 645 647 669 734 738 852 864 963 1022 1084 1096 1236 1304 1311 1344 1366 1392 1440 1564 1596 1597 1600 1603 1675 1743 1826 1854 1856 1915 1949 1951 1971 1986 1997
Compactness: 2497.387822
Weights: 503.000000 8387.000000 2330.000000
Center Node: 1603

District 6
Nodes: 63 86 100 145 170 194 225 320 469 471 538 634 654 670 803 873 880 898 986 1010 1014 1040 1051 1052 1114 1184 1188 1232 1349 1371 1477 1495 1516 1540 1577 1643 1705 1725 1801 1838 1866 1989
Compactness: 2440.567678
Weights: 491.000000 8132.000000 2370.000000
Center Node: 803

District 7
Nodes: 53 125 160 211 213 224 273 348 389 429 597 614 625 721 859 943 1038 1050 1082 1111 1196 1226 1261 1305 1389 1396 1483 1517 1539 1571 1580 1592 1613 1672 1673 1702 1773 1919
Compactness: 2015.820264
Weights: 479.000000 7883.000000 2314.000000
Center Node: 1672

District 8
Nodes: 10 47 59 171 204 214 217 230 242 300 368 387 442 489 523 566 617 691 952 1157 1183 1192 1217 1233 1255 1257 1270 1276 1309 1336 1346 1353 1399 1423 1503 1529 1621 1631 1669 1790 1821 1886 1958
Compactness: 2298.947697
Weights: 458.000000 8292.000000 2453.000000
Center Node: 566

District 9
Nodes: 39 174 263 290 417 462 558 631 690 695 725 860 886 973 974 985 1029 1063 1085 1372 1407 1455 1530 1535 1547 1578 1611 1623 1650 1713 1744 1763 1819 1822 1863 1966
Compactness: 1760.258980
Weights: 456.000000 8513.000000 2204.000000
Center Node: 1535

District 10
Nodes: 13 122 143 186 221 258 269 291 402 404 448 472 577 642 677 680 759 821 861 870 1292 1328 1351 1365 1414 1437 1446 1527 1573 1661 1696 1724 1797 1803 1805 1913 1955 1979 1988
Compactness: 2252.258669
Weights: 509.000000 8327.000000 2209.000000
Center Node: 221

District 11
Nodes: 19 102 251 267 278 294 338 386 401 511 512 564 628 710 716 729 741 742 750 913 946 998 1041 1077 1169 1253 1302 1324 1360 1393 1467 1475 1494 1616 1634 1649 1730 1764 1767 1842 1884 1918
Compactness: 2671.919639
Weights: 501.000000 8543.000000 2336.000000
Center Node: 512

District 12
Nodes: 2 21 61 94 114 117 118 133 152 199 201 238 318 359 374 415 422 426 629 767 770 834 848 966 1030 1059 1093 1144 1301 1315 1352 1382 1484 1576 1612 1642 1667 1708 1818 1828 1832 1875 1887 1967
Compactness: 3427.178471
Weights: 484.000000 8501.000000 2349.000000
Center Node: 629

District 13
Nodes: 67 189 287 325 351 405 423 473 510 524 567 602 652 679 754 795 889 931 936 993 1073 1081 1095 1121 1239 1252 1260 1350 1369 1405 1556 1581 1606 1695 1762 1791 1885 1891 1969 1991 1992 1996
Compactness: 2243.597682
Weights: 495.000000 8444.000000 2237.000000
Center Node: 473

District 14
Nodes: 101 157 209 249 271 304 334 435 451 505 599 605 644 756 757 802 805 810 875 894 907 909 1061 1094 1138 1146 1258 1300 1397 1463 1468 1522 1608 1647 1666 1699 1715 1751 1772 1804 1892 1896 1964
Compactness: 2430.179723
Weights: 542.000000 8745.000000 2185.000000
Center Node: 271

District 15
Nodes: 30 74 128 138 159 197 212 246 257 283 437 444 468 668 722 808 813 843 847 893 929 932 983 1127 1321 1636 1663 1698 1707 1753 1756 1840 1867 1870 1871 1898 1905 1983
Compactness: 1758.262258
Weights: 438.000000 8737.000000 2206.000000
Center Node: 128

District 16
Nodes: 25 49 155 181 299 321 409 456 457 532 540 581 731 822 846 948 957 987 999 1009 1075 1089 1178 1224 1245 1359 1375 1379 1400 1409 1412 1454 1630 1717 1727 1728 1782 1784 1831 1855
Compactness: 2280.932648
Weights: 492.000000 8522.000000 2348.000000
Center Node: 457

District 17
Nodes: 3 124 147 313 363 454 465 488 536 637 655 672 780 811 819 874 942 959 965 975 1053 1120 1242 1294 1313 1330 1431 1443 1452 1489 1533 1549 1572 1687 1711 1794 1808 1901 1935
Compactness: 2043.301942
Weights: 463.000000 8669.000000 2411.000000
Center Node: 1935

District 18
Nodes: 192 236 266 336 367 381 519 525 661 735 744 832 837 905 976 1025 1097 1126 1135 1167 1199 1229 1230 1256 1293 1308 1341 1345 1459 1472 1481 1543 1550 1574 1590 1745 1752 1759 1775 1830 1841 1874 1876 1995
Compactness: 2895.064389
Weights: 500.000000 8425.000000 2431.000000
Center Node: 336

District 19
Nodes: 37 64 90 183 254 274 369 427 542 636 688 696 728 816 857 876 926 953 978 1001 1057 1069 1078 1136 1141 1267 1303 1357 1367 1374 1464 1542 1678 1766 1769 1770 1785 1813 1853 1920 1929 1931
Compactness: 2046.997946
Weights: 502.000000 8543.000000 2277.000000
Center Node: 1929

District 20
Nodes: 113 120 188 203 272 277 438 443 455 583 774 817 919 924 955 996 1068 1150 1151 1174 1212 1316 1378 1386 1469 1473 1506 1553 1583 1615 1625 1627 1641 1720 1746 1768 1845 1882 1990
Compactness: 2434.019774
Weights: 491.000000 8689.000000 2425.000000
Center Node: 1882

District 21
Nodes: 8 34 148 261 326 384 504 508 664 764 769 777 787 812 890 933 962 977 1145 1149 1164 1181 1262 1284 1288 1411 1478 1497 1498 1546 1558 1589 1609 1679 1750 1765 1789 1815 1873 1908 1910
Compactness: 2134.659595
Weights: 522.000000 7912.000000 2428.000000
Center Node: 1873

District 22
Nodes: 52 60 77 126 195 219 264 282 292 341 651 776 784 809 855 856 867 912 982 1101 1235 1291 1354 1356 1361 1381 1449 1511 1598 1605 1657 1726 1761 1798 1799 1857 1860 1934
Compactness: 2131.817954
Weights: 441.000000 8483.000000 2441.000000
Center Node: 867

District 23
Nodes: 20 112 127 178 187 333 396 399 506 547 552 574 619 693 762 788 872 878 956 967 1045 1070 1128 1162 1163 1187 1193 1218 1221 1264 1289 1290 1376 1415 1668 1704 1776 1917 1957
Compactness: 2441.466690
Weights: 459.000000 7682.000000 2422.000000
Center Node: 1917

District 24
Nodes: 12 23 36 42 72 84 107 169 196 289 377 388 410 430 482 562 698 768 823 824 835 1008 1034 1044 1079 1116 1287 1323 1370 1424 1441 1470 1557 1653 1664 1820 1890 1940 1945 1985
Compactness: 1979.525632
Weights: 500.000000 8497.000000 2164.000000
Center Node: 169

District 25
Nodes: 5 41 50 111 185 216 233 307 350 365 441 478 498 501 527 603 616 632 681 697 833 863 925 979 989 1012 1013 1074 1190 1327 1479 1493 1500 1521 1551 1626 1637 1712 1812
Compactness: 2178.892026
Weights: 463.000000 7753.000000 2161.000000
Center Node: 1012

District 26
Nodes: 7 9 210 344 354 406 411 420 445 470 657 694 853 910 941 951 1062 1108 1131 1139 1205 1206 1214 1249 1278 1312 1337 1384 1390 1514 1528 1638 1680 1690 1710 1850 1900 1907 1926 1937 1938
Compactness: 2284.839740
Weights: 494.000000 8697.000000 2406.000000
Center Node: 445

District 27
Nodes: 26 46 75 83 158 163 202 256 306 315 391 436 522 537 584 595 600 601 733 761 786 828 849 915 917 992 1092 1098 1140 1208 1285 1435 1491 1502 1692 1739 1817 1879 1895
Compactness: 2019.733210
Weights: 435.000000 8008.000000 2424.000000
Center Node: 315

District 28
Nodes: 153 190 208 218 247 250 252 331 356 481 703 719 839 949 968 1047 1056 1088 1090 1123 1202 1282 1418 1442 1448 1567 1610 1633 1655 1670 1681 1693 1701 1714 1721 1788 1809 1914 1956 1965 1993
Compactness: 2503.906725
Weights: 451.000000 7909.000000 2492.000000
Center Node: 250

District 29
Nodes: 17 51 103 109 293 380 499 551 570 650 671 674 713 798 840 865 879 885 911 1003 1058 1064 1065 1110 1137 1241 1265 1368 1402 1403 1444 1512 1513 1526 1538 1599 1632 1742 1755 1757 1795 1824 1849 1911
Compactness: 3366.503644
Weights: 561.000000 8057.000000 2420.000000
Center Node: 1265

District 30
Nodes: 33 48 71 73 301 305 322 366 376 378 385 453 464 496 503 531 553 586 711 791 1049 1154 1173 1201 1234 1250 1314 1335 1339 1363 1515 1519 1622 1648 1652 1880 1942 1973 1977 1999
Compactness: 2145.082503
Weights: 484.000000 8235.000000 2434.000000
Center Node: 1234

District 31
Nodes: 4 131 168 173 180 235 259 337 459 461 474 500 620 635 723 745 746 752 800 896 981 1006 1032 1105 1125 1152 1220 1460 1507 1531 1585 1732 1736 1738 1779 1858 1859 1864 1912 1981
Compactness: 2548.107080
Weights: 467.000000 8693.000000 2114.000000
Center Node: 1858

District 32
Nodes: 99 106 129 175 179 227 241 286 288 298 358 392 477 493 517 588 639 663 686 704 829 1007 1016 1086 1087 1103 1130 1268 1421 1544 1651 1665 1786 1787 1807 1811 1833 1970 1972
Compactness: 2429.247315
Weights: 493.000000 8274.000000 2335.000000
Center Node: 1007

District 33
Nodes: 57 70 134 156 281 285 393 475 509 515 539 585 618 623 662 673 689 781 793 815 825 995 1143 1158 1182 1222 1238 1248 1388 1432 1487 1629 1677 1839 1848 1851 1865 1888 1921 1928 1982
Compactness: 2087.773506
Weights: 483.000000 8755.000000 2212.000000
Center Node: 673

District 34
Nodes: 14 62 220 276 328 346 596 609 627 640 643 653 782 830 838 841 842 844 1042 1066 1246 1279 1334 1358 1406 1420 1523 1541 1560 1563 1565 1584 1602 1619 1691 1835 1869 1899 1927 1963
Compactness: 3169.544550
Weights: 453.000000 8144.000000 2312.000000
Center Node: 844

District 35
Nodes: 18 68 198 229 279 295 339 394 418 428 490 491 502 550 615 633 667 797 807 868 918 937 971 991 1011 1076 1083 1115 1134 1185 1223 1243 1244 1286 1343 1439 1624 1685 1719 1906
Compactness: 2729.513754
Weights: 499.000000 8732.000000 2329.000000
Center Node: 490

District 36
Nodes: 32 56 82 88 177 262 330 395 419 421 560 571 598 630 659 666 705 712 775 826 850 883 902 1104 1124 1172 1240 1254 1450 1510 1548 1555 1604 1734 1735 1829 1847 1862 1897 1954
Compactness: 2306.085043
Weights: 515.000000 8129.000000 2361.000000
Center Node: 1548

District 37
Nodes: 16 22 105 167 228 232 253 255 302 342 379 433 463 521 549 563 611 684 748 799 854 869 882 895 1113 1189 1219 1275 1501 1582 1700 1778 1802 1827 1846 1922 1941
Compactness: 2248.008595
Weights: 495.000000 8437.000000 2212.000000
Center Node: 228

District 38
Nodes: 27 28 92 97 243 270 280 332 407 424 497 545 587 707 730 778 789 958 961 980 1100 1142 1156 1170 1179 1228 1274 1296 1419 1532 1586 1591 1593 1595 1644 1676 1925 1950 1959 1978
Compactness: 2229.118439
Weights: 520.000000 7958.000000 2414.000000
Center Node: 1950

District 39
Nodes: 79 81 95 146 200 308 309 371 476 530 533 559 590 658 701 727 766 806 888 954 1080 1132 1148 1171 1177 1215 1271 1322 1433 1457 1729 1733 1771 1943 1968
Compactness: 1711.611560
Weights: 396.000000 8066.000000 2395.000000
Center Node: 1968

District 40
Nodes: 121 162 353 357 390 397 413 425 622 646 675 676 702 720 765 779 820 908 927 934 970 1002 1017 1067 1107 1160 1209 1247 1325 1362 1391 1401 1434 1461 1518 1536 1559 1683 1697 1709 1737 1783
Compactness: 2696.606774
Weights: 471.000000 8655.000000 2051.000000
Center Node: 970

District 41
Nodes: 43 87 144 150 184 245 467 749 753 783 792 827 892 901 903 916 944 994 1015 1099 1117 1155 1216 1320 1332 1333 1458 1480 1488 1545 1568 1588 1718 1748 1780 1792 1800 1980
Compactness: 2635.098801
Weights: 462.000000 7915.000000 2475.000000
Center Node: 245

District 42
Nodes: 54 89 98 139 161 240 244 329 340 370 383 403 557 576 582 692 718 796 906 921 923 1019 1039 1043 1112 1203 1272 1306 1347 1364 1408 1427 1430 1654 1731 1747 1774 1781 1889 1987
Compactness: 2140.752752
Weights: 496.000000 8745.000000 2326.000000
Center Node: 1774

District 43
Nodes: 35 110 119 137 207 226 268 349 375 414 513 594 648 726 897 1036 1046 1194 1331 1373 1453 1499 1562 1575 1618 1640 1671 1722 1861 1872 1883 1916 1923 1948 1961 1962 1974
Compactness: 1964.372659
Weights: 416.000000 8521.000000 2328.000000
Center Node: 1499

District 44
Nodes: 65 234 265 311 327 343 416 447 485 556 572 724 751 884 920 990 1027 1031 1048 1200 1204 1269 1298 1404 1410 1429 1520 1566 1569 1620 1639 1656 1706 1749 1754 1758 1793 1834 1952 1984
Compactness: 2586.813578
Weights: 414.000000 8240.000000 2048.000000
Center Node: 556

District 45
Nodes: 24 44 165 319 335 355 361 450 484 495 520 526 569 612 649 706 747 877 891 904 914 1020 1026 1028 1118 1119 1197 1317 1496 1504 1505 1508 1524 1645 1659 1946 1976
Compactness: 1989.044909
Weights: 420.000000 8621.000000 2277.000000
Center Node: 1197

District 46
Nodes: 6 85 108 140 176 222 275 345 372 412 431 439 486 546 555 561 665 683 714 771 772 794 935 997 1133 1180 1198 1210 1225 1263 1307 1377 1398 1447 1674 1684 1816 1903 1960
Compactness: 2105.121973
Weights: 455.000000 8418.000000 2267.000000
Center Node: 997

District 47
Nodes: 29 40 96 116 172 323 434 452 479 494 518 589 604 699 739 763 790 831 881 899 928 930 1106 1153 1159 1340 1490 1587 1635 1689 1810 1825 1844 1877 1878 1881 1944 1953
Compactness: 3465.094426
Weights: 496.000000 8171.000000 2134.000000
Center Node: 899

District 48
Nodes: 58 135 215 239 297 373 483 514 544 548 606 624 638 685 732 743 760 773 804 845 871 887 938 988 1129 1161 1297 1329 1380 1425 1474 1486 1570 1607 1682 1694 1716 1777 1894 1902 1904
Compactness: 2234.919582
Weights: 447.000000 7937.000000 2513.000000
Center Node: 1894

District 49
Nodes: 66 78 123 136 191 206 223 364 398 492 700 708 755 758 814 836 960 969 984 1102 1109 1165 1166 1175 1191 1195 1207 1280 1428 1438 1465 1466 1482 1509 1660 1662 1686 1688 1909 1932 1994
Compactness: 2382.677689
Weights: 505.000000 7964.000000 2483.000000
Center Node: 398

District 50
Nodes: 11 31 93 193 316 324 449 458 516 528 568 593 607 851 922 964 1024 1054 1122 1281 1283 1299 1342 1355 1413 1422 1451 1534 1594 1628 1723 1741 1760 1806 1836 1837 1843 1924 1933
Compactness: 2073.615718
Weights: 454.000000 8749.000000 2360.000000
Center Node: 1933
