BalanceViolation 9144.251000
AffinityLoss 951.000000
Compactness 28790.190463

District 1
Nodes: 4 32 37 74 377 460 464 467 471 477
Compactness: 483.842064
Weights: 89.000000 1858.000000 508.000000
Center Node: 74

District 2
Nodes: 80 103 145 172 199 215 240 319 324 395
Compactness: 508.624166
Weights: 115.000000 2010.000000 564.000000
Center Node: 199

District 3
Nodes: 6 42 59 124 189 371 444 463
Compactness: 273.431649
Weights: 112.000000 2153.000000 541.000000
Center Node: 59

District 4
Nodes: 5 10 40 58 114 220 275 339 345 366 403 441
Compactness: 1114.897273
Weights: 144.000000 2108.000000 856.000000
Center Node: 441

District 5
Nodes: 12 23 65 173 216 266 318 350 396 447
Compactness: 365.642055
Weights: 119.000000 2132.000000 611.000000
Center Node: 396

District 6
Nodes: 242 267 358 495
Compactness: 141.260242
Weights: 67.000000 910.000000 206.000000
Center Node: 495

District 7
Nodes: 2 20 67 127 135 164 263 301 327 385 473
Compactness: 660.703966
Weights: 109.000000 2277.000000 560.000000
Center Node: 164

District 8
Nodes: 34 43 63 93 203 209 228 269 399 420
Compactness: 662.752713
Weights: 131.000000 1943.000000 590.000000
Center Node: 43

District 9
Nodes: 105 158 167 207 273 304 305 426 455 481
Compactness: 642.621402
Weights: 119.000000 2238.000000 538.000000
Center Node: 273

District 10
Nodes: 36 61 98 174 222 286 290 314 382
Compactness: 464.345137
Weights: 114.000000 2124.000000 453.000000
Center Node: 98

District 11
Nodes: 14 41 50 79 89 161 163 380 497
Compactness: 796.068668
Weights: 113.000000 2100.000000 607.000000
Center Node: 79

District 12
Nodes: 19 56 90 236 264 325 364 442 461 469
Compactness: 662.397723
Weights: 125.000000 2128.000000 532.000000
Center Node: 236

District 13
Nodes: 75 84 97 126 148 326 369 384 498
Compactness: 992.602032
Weights: 118.000000 2061.000000 568.000000
Center Node: 126

District 14
Nodes: 33 57 96 123 142 210 245 333 408 432 438
Compactness: 589.430763
Weights: 131.000000 2511.000000 646.000000
Center Node: 210

District 15
Nodes: 106 133 150 302 383 387 404 459
Compactness: 446.574522
Weights: 97.000000 1510.000000 419.000000
Center Node: 387

District 16
Nodes: 78 115 136 138 176 234 251 309 310 362 415 440
Compactness: 628.850341
Weights: 166.000000 1874.000000 760.000000
Center Node: 440

District 17
Nodes: 82 87 153 187 225 255 282 287 359 402
Compactness: 619.558420
Weights: 138.000000 2467.000000 473.000000
Center Node: 282

District 18
Nodes: 86 151 154 248 258 293 320 335 352 410 483
Compactness: 776.676423
Weights: 154.000000 2124.000000 608.000000
Center Node: 154

District 19
Nodes: 28 44 111 144 223 270 338 348 381 397 409
Compactness: 733.149682
Weights: 131.000000 2265.000000 590.000000
Center Node: 223

District 20
Nodes: 31 48 107 112 141 152 316 329 334 416 443 446
Compactness: 462.306409
Weights: 124.000000 2029.000000 601.000000
Center Node: 141

District 21
Nodes: 7 11 38 45 118 159 295 389 452
Compactness: 407.924119
Weights: 118.000000 2043.000000 555.000000
Center Node: 7

District 22
Nodes: 73 113 162 239 285 289 317 496
Compactness: 519.710755
Weights: 112.000000 1638.000000 524.000000
Center Node: 317

District 23
Nodes: 21 26 54 129 146 147 254 321 349 419 484
Compactness: 860.367237
Weights: 153.000000 2140.000000 831.000000
Center Node: 54

District 24
Nodes: 77 88 155 195 265 276 297 311 390 427 466
Compactness: 619.924470
Weights: 119.000000 2144.000000 558.000000
Center Node: 390

District 25
Nodes: 16 25 51 52 100 122 130 132 259 283 428 449 457
Compactness: 504.190304
Weights: 166.000000 2514.000000 536.000000
Center Node: 428

District 26
Nodes: 27 94 117 237 249 291 296 322 356 368 468
Compactness: 489.466004
Weights: 134.000000 2171.000000 534.000000
Center Node: 27

District 27
Nodes: 17 46 128 211 246 299 303 355 465 478
Compactness: 541.789265
Weights: 91.000000 2320.000000 594.000000
Center Node: 17

District 28
Nodes: 95 104 131 180 262 274 344 354 375 392
Compactness: 516.189110
Weights: 140.000000 2007.000000 587.000000
Center Node: 104

District 29
Nodes: 108 166 182 212 281 400 448 454
Compactness: 478.723398
Weights: 67.000000 2229.000000 571.000000
Center Node: 400

District 30
Nodes: 3 8 55 121 181 257 261 292 424 445
Compactness: 573.776839
Weights: 129.000000 2136.000000 588.000000
Center Node: 121

District 31
Nodes: 0 165 271 315 330 379 485
Compactness: 280.299536
Weights: 86.000000 945.000000 275.000000
Center Node: 271

District 32
Nodes: 72 91 92 120 157 178 201 306 388 458
Compactness: 381.781952
Weights: 148.000000 2189.000000 605.000000
Center Node: 458

District 33
Nodes: 18 24 49 186 370 414 434 475
Compactness: 269.087224
Weights: 99.000000 1916.000000 400.000000
Center Node: 434

District 34
Nodes: 30 47 83 85 101 169 196 202 238 260 418
Compactness: 645.336071
Weights: 129.000000 1992.000000 583.000000
Center Node: 83

District 35
Nodes: 70 143 168 219 247 256 279 313 456 482
Compactness: 691.278839
Weights: 116.000000 1890.000000 598.000000
Center Node: 70

District 36
Nodes: 39 71 119 183 194 227 232 336 341 372 413 430 453
Compactness: 812.291839
Weights: 149.000000 2150.000000 729.000000
Center Node: 453

District 37
Nodes: 1 53 205 280 337 393 421 431 435 486
Compactness: 616.406773
Weights: 107.000000 1813.000000 661.000000
Center Node: 393

District 38
Nodes: 60 66 125 139 170 179 204 233 268 346 406 422 480
Compactness: 887.016762
Weights: 173.000000 1920.000000 573.000000
Center Node: 125

District 39
Nodes: 64 68 81 192 193 307 342 357 398 490 499
Compactness: 575.650427
Weights: 151.000000 2134.000000 795.000000
Center Node: 193

District 40
Nodes: 185 191 197 230 231 353 386 429 450 451
Compactness: 389.150892
Weights: 122.000000 2061.000000 748.000000
Center Node: 451

District 41
Nodes: 22 99 109 235 365 374 391 437 462
Compactness: 372.340843
Weights: 77.000000 2154.000000 580.000000
Center Node: 365

District 42
Nodes: 110 140 250 308 323 412 423 472 474 479
Compactness: 649.042250
Weights: 144.000000 2114.000000 603.000000
Center Node: 423

District 43
Nodes: 15 134 137 177 188 208 217 226 298 494
Compactness: 596.053379
Weights: 91.000000 2181.000000 617.000000
Center Node: 208

District 44
Nodes: 69 76 116 149 156 331 343 367 417 488 491
Compactness: 764.247838
Weights: 134.000000 2046.000000 646.000000
Center Node: 69

District 45
Nodes: 35 198 214 332 351 360 407 425 433 476
Compactness: 430.375044
Weights: 110.000000 1511.000000 560.000000
Center Node: 35

District 46
Nodes: 9 175 190 277 300 328 411 470 489 493
Compactness: 586.231827
Weights: 137.000000 2083.000000 514.000000
Center Node: 411

District 47
Nodes: 160 218 224 312 373 376 378 436 487
Compactness: 608.477638
Weights: 114.000000 1877.000000 524.000000
Center Node: 224

District 48
Nodes: 29 62 184 229 252 272 278 361 401 405 439 492
Compactness: 727.747746
Weights: 137.000000 2380.000000 621.000000
Center Node: 29

District 49
Nodes: 13 200 206 241 243 244 284 288 347 363
Compactness: 538.218450
Weights: 118.000000 2231.000000 657.000000
Center Node: 363

District 50
Nodes: 102 171 213 221 253 294 340 394
Compactness: 431.357981
Weights: 86.000000 1830.000000 569.000000
Center Node: 253
