BalanceViolation 616.628000
AffinityLoss 0.000000
Compactness 120083.452328

District 1
Nodes: 36 101 180 199 224 294 318 383 443 461 482 549 558 562 605 705 717 743 746 849 866 879 936 943 1011 1218 1286 1317 1351 1491 1517 1528 1533 1686 1747 1793 1856 1880 1907 1982
Compactness: 2812.097370
Weights: 504.000000 7909.000000 2214.000000
Center Node: 849

District 2
Nodes: 104 110 115 125 176 195 214 280 309 348 359 369 412 489 577 598 640 649 660 747 791 853 860 892 909 1016 1033 1034 1061 1085 1191 1233 1321 1482 1511 1591 1675 1770 1828
Compactness: 2814.084724
Weights: 486.000000 8324.000000 2342.000000
Center Node: 860

District 3
Nodes: 14 75 107 198 203 205 242 271 311 407 411 432 478 502 522 633 753 770 779 803 868 885 952 985 986 1013 1090 1238 1240 1279 1346 1363 1375 1699 1732 1843 1878 1899 1953 1967
Compactness: 2508.986736
Weights: 465.000000 8718.000000 2360.000000
Center Node: 986

District 4
Nodes: 8 10 64 116 129 132 135 149 188 232 272 293 380 493 532 619 680 704 710 714 807 845 948 949 999 1009 1037 1152 1190 1295 1408 1488 1496 1512 1535 1558 1640 1741 1761 1887 1926
Compactness: 2185.248865
Weights: 454.000000 8658.000000 2373.000000
Center Node: 1152

District 5
Nodes: 51 99 141 298 354 449 494 542 678 689 773 782 786 787 797 808 824 826 852 912 1059 1139 1142 1224 1354 1483 1504 1524 1551 1579 1631 1649 1670 1693 1737 1872 1921
Compactness: 1882.845429
Weights: 395.000000 8699.000000 1840.000000
Center Node: 1142

District 6
Nodes: 35 252 361 464 643 655 694 713 722 723 814 854 894 1028 1053 1064 1066 1106 1313 1333 1337 1396 1417 1495 1503 1515 1570 1576 1661 1729 1734 1748 1825 1829 1922 1924 1960 1988
Compactness: 2261.855592
Weights: 452.000000 8073.000000 2442.000000
Center Node: 1495

District 7
Nodes: 9 184 286 296 317 327 371 372 375 396 416 543 599 657 696 754 806 843 874 923 977 1063 1129 1429 1519 1584 1668 1669 1671 1703 1705 1736 1782 1822 1910 1912 1931 1950
Compactness: 2491.833366
Weights: 486.000000 7925.000000 2220.000000
Center Node: 416

District 8
Nodes: 81 82 133 158 162 218 334 406 496 632 671 859 938 973 1057 1069 1146 1219 1259 1302 1326 1341 1401 1424 1444 1556 1594 1626 1634 1650 1719 1731 1735 1749 1750 1773 1790 1827 1917 1993
Compactness: 1959.321028
Weights: 499.000000 8212.000000 2298.000000
Center Node: 162

District 9
Nodes: 48 67 74 114 117 193 197 231 240 257 275 401 402 448 455 559 566 569 584 637 686 708 827 903 959 962 1018 1045 1055 1161 1231 1284 1340 1452 1468 1493 1568 1580 1962
Compactness: 2175.445644
Weights: 446.000000 8100.000000 2440.000000
Center Node: 401

District 10
Nodes: 58 123 215 281 295 304 331 420 459 470 498 539 570 623 627 744 764 783 882 926 965 975 994 1024 1155 1180 1268 1297 1345 1347 1369 1394 1499 1506 1563 1601 1606 1826 1832 1877 1881 1900 1964 1970
Compactness: 3192.664052
Weights: 485.000000 8371.000000 2377.000000
Center Node: 744

District 11
Nodes: 11 20 84 147 156 159 201 225 379 399 472 544 780 838 896 1032 1052 1168 1232 1271 1272 1339 1367 1382 1384 1385 1471 1525 1531 1577 1593 1639 1765 1816 1823 1935 1956 1958
Compactness: 1831.587845
Weights: 472.000000 8669.000000 2406.000000
Center Node: 1385

District 12
Nodes: 0 33 130 144 227 290 376 382 410 480 492 530 546 552 630 666 691 695 981 990 1002 1070 1072 1092 1094 1107 1221 1229 1402 1418 1521 1575 1599 1618 1767 1830 1972 1991
Compactness: 2696.284492
Weights: 507.000000 7952.000000 2263.000000
Center Node: 1072

District 13
Nodes: 41 146 152 155 287 326 415 463 483 518 684 692 703 748 809 872 942 945 951 1019 1023 1035 1100 1117 1177 1179 1183 1336 1364 1450 1513 1592 1623 1691 1777 1835 1838 1848 1948 1961
Compactness: 2292.384896
Weights: 506.000000 7945.000000 2296.000000
Center Node: 415

District 14
Nodes: 5 93 243 363 397 611 716 755 777 792 858 869 916 917 925 961 1081 1086 1217 1263 1281 1342 1378 1425 1436 1451 1557 1559 1598 1612 1619 1655 1685 1720 1725 1786 1889 1941 1968 1999
Compactness: 2002.233850
Weights: 458.000000 8529.000000 2298.000000
Center Node: 1425

District 15
Nodes: 43 60 86 256 288 297 362 447 450 612 613 625 650 697 701 757 758 816 983 1136 1199 1245 1314 1338 1376 1434 1457 1464 1562 1585 1604 1629 1711 1836 1867 1973
Compactness: 2026.201692
Weights: 471.000000 8169.000000 2222.000000
Center Node: 1245

District 16
Nodes: 27 98 105 192 246 263 322 367 418 497 505 535 551 644 857 940 992 1006 1065 1079 1114 1121 1124 1171 1211 1261 1273 1300 1357 1359 1388 1427 1497 1502 1540 1545 1687 1713 1795 1879 1938 1947 1992 1996
Compactness: 2608.952631
Weights: 499.000000 8229.000000 2373.000000
Center Node: 1947

District 17
Nodes: 170 171 234 266 329 395 428 462 488 516 524 540 541 609 661 663 688 766 767 935 1026 1111 1145 1172 1187 1236 1242 1264 1344 1416 1537 1538 1707 1714 1717 1738 1740 1908 1983
Compactness: 3067.364907
Weights: 483.000000 8660.000000 2204.000000
Center Node: 395

District 18
Nodes: 229 245 264 332 357 398 475 486 491 513 567 601 652 668 834 891 902 978 1027 1044 1157 1159 1162 1371 1473 1489 1514 1605 1615 1620 1802 1812 1837 1849 1902 1911 1980 1995
Compactness: 2395.176781
Weights: 501.000000 8724.000000 2171.000000
Center Node: 1489

District 19
Nodes: 78 145 163 236 268 343 344 352 426 436 437 439 481 527 634 721 736 844 861 901 930 1125 1230 1256 1257 1285 1350 1440 1460 1501 1522 1526 1542 1566 1643 1658 1692 1715 1853 1939 1963 1987
Compactness: 2530.386965
Weights: 476.000000 8499.000000 2429.000000
Center Node: 901

District 20
Nodes: 28 186 217 230 302 308 315 339 387 508 536 554 561 593 624 811 833 850 855 880 911 914 954 1153 1178 1203 1325 1327 1331 1362 1449 1547 1561 1600 1638 1662 1742 1743 1772 1776 1796 1898 1929 1994
Compactness: 2841.604341
Weights: 498.000000 8541.000000 2341.000000
Center Node: 308

District 21
Nodes: 63 73 77 90 222 283 285 319 451 473 528 585 645 665 976 1031 1068 1099 1104 1112 1164 1182 1241 1283 1287 1288 1296 1403 1422 1509 1583 1727 1785 1866 1895 1920 1933 1965 1974
Compactness: 2041.765825
Weights: 496.000000 8665.000000 2197.000000
Center Node: 1241

District 22
Nodes: 38 46 148 265 365 474 572 664 679 681 706 729 761 823 864 924 953 967 984 1004 1098 1158 1194 1216 1253 1255 1309 1480 1530 1588 1608 1694 1697 1722 1756 1759 1779 1906 1997 1998
Compactness: 1990.997324
Weights: 498.000000 8296.000000 2346.000000
Center Node: 1759

District 23
Nodes: 7 57 62 122 210 300 307 316 479 533 550 581 642 653 675 784 804 944 968 1021 1207 1212 1265 1275 1298 1318 1335 1366 1391 1419 1439 1486 1498 1573 1637 1684 1809 1824 1844 1862 1864
Compactness: 2948.114612
Weights: 503.000000 7970.000000 2401.000000
Center Node: 804

District 24
Nodes: 16 18 56 165 167 181 206 249 258 262 388 404 413 427 441 446 477 563 616 732 734 848 875 888 921 1022 1192 1386 1407 1414 1549 1552 1654 1659 1806 1810 1863 1869 1873 1932 1979
Compactness: 2867.333791
Weights: 496.000000 8535.000000 2404.000000
Center Node: 1022

District 25
Nodes: 80 95 168 183 196 223 248 338 368 438 453 545 574 656 727 741 774 785 842 922 1017 1049 1122 1156 1210 1235 1244 1266 1267 1455 1595 1663 1665 1695 1700 1783 1945 1978
Compactness: 2573.426520
Weights: 460.000000 8400.000000 2407.000000
Center Node: 1455

District 26
Nodes: 22 29 32 40 91 111 119 142 151 166 187 292 425 445 511 525 555 647 673 720 769 828 937 997 1010 1119 1134 1209 1270 1323 1370 1379 1431 1465 1610 1666 1673 1677 1712 1789 1841 1865 1946 1977
Compactness: 2538.474685
Weights: 502.000000 8675.000000 2439.000000
Center Node: 1841

District 27
Nodes: 79 153 208 241 306 313 342 356 360 394 408 484 506 557 583 622 752 887 1003 1014 1020 1046 1160 1174 1197 1222 1250 1282 1292 1353 1393 1458 1539 1762 1813 1821 1855
Compactness: 1847.029377
Weights: 457.000000 7906.000000 2379.000000
Center Node: 1458

District 28
Nodes: 12 137 157 189 191 253 301 336 355 385 442 458 495 575 587 685 794 829 971 1042 1154 1165 1389 1399 1541 1543 1627 1683 1690 1733 1842 1847 1857 1860 1893 1901 1957
Compactness: 1883.349080
Weights: 382.000000 8186.000000 2425.000000
Center Node: 191

District 29
Nodes: 31 54 61 65 173 200 213 216 233 389 405 431 469 503 596 654 677 778 790 800 831 856 920 996 1015 1147 1176 1206 1269 1352 1445 1462 1518 1555 1597 1706 1755 1757 1784 1885
Compactness: 2589.277203
Weights: 467.000000 8111.000000 2390.000000
Center Node: 1445

District 30
Nodes: 17 47 103 113 126 251 254 433 487 514 580 595 631 636 702 731 895 908 950 988 1083 1101 1118 1132 1169 1185 1246 1290 1360 1368 1411 1453 1505 1560 1660 1681 1882 1913 1916 1925 1937 1971 1981
Compactness: 2255.439996
Weights: 503.000000 8724.000000 2440.000000
Center Node: 631

District 31
Nodes: 6 34 76 261 289 303 553 564 658 737 739 756 796 805 832 907 918 1088 1091 1135 1277 1329 1437 1447 1492 1546 1564 1589 1628 1645 1652 1667 1721 1726 1763 1764 1871 1897 1904 1919 1984
Compactness: 2433.892835
Weights: 475.000000 8069.000000 2405.000000
Center Node: 1329

District 32
Nodes: 49 52 88 96 109 179 259 277 314 460 517 531 547 610 620 812 819 820 847 941 955 1012 1051 1137 1149 1215 1319 1426 1430 1432 1433 1466 1554 1571 1582 1616 1648 1774 1781 1801 1969
Compactness: 2361.746975
Weights: 493.000000 8636.000000 2215.000000
Center Node: 109

District 33
Nodes: 25 39 68 128 139 174 185 235 291 393 421 560 568 641 700 711 776 958 966 972 979 980 1001 1029 1097 1110 1163 1166 1280 1312 1454 1469 1527 1596 1646 1664 1674 1791 1800 1868 1892 1909 1940
Compactness: 2470.065981
Weights: 502.000000 8138.000000 2441.000000
Center Node: 1646

District 34
Nodes: 94 177 454 465 519 529 690 698 724 733 768 793 822 836 877 898 928 947 970 982 1038 1148 1184 1189 1193 1214 1310 1361 1387 1390 1474 1520 1565 1656 1769 1811 1833
Compactness: 1766.562033
Weights: 470.000000 8541.000000 2201.000000
Center Node: 1148

District 35
Nodes: 2 97 106 161 172 190 204 239 321 335 341 373 456 592 607 635 646 750 801 883 915 995 1007 1062 1075 1096 1123 1228 1306 1316 1330 1377 1443 1448 1481 1696 1753 1859 1875 1942
Compactness: 3005.369739
Weights: 502.000000 8110.000000 2229.000000
Center Node: 1859

District 36
Nodes: 26 42 66 89 102 136 138 267 400 468 520 537 571 586 590 693 762 884 960 987 1074 1082 1105 1130 1173 1243 1307 1348 1470 1532 1544 1553 1578 1603 1716 1730 1760 1839 1883 1918 1928 1944
Compactness: 2202.706210
Weights: 500.000000 8542.000000 2262.000000
Center Node: 1578

District 37
Nodes: 21 118 120 127 209 274 325 417 419 602 615 628 687 835 862 910 927 933 934 989 1000 1048 1078 1080 1144 1225 1239 1252 1278 1293 1308 1355 1406 1410 1446 1614 1641 1805
Compactness: 1950.183959
Weights: 472.000000 8141.000000 2387.000000
Center Node: 419

District 38
Nodes: 1 3 13 19 53 83 108 140 202 221 476 490 614 670 876 897 1005 1040 1056 1093 1103 1126 1167 1186 1234 1249 1274 1311 1358 1435 1485 1536 1586 1633 1702 1718 1766 1771 1803 1850 1914 1985
Compactness: 2882.000942
Weights: 502.000000 7968.000000 2401.000000
Center Node: 1311

District 39
Nodes: 23 70 121 164 250 255 276 323 324 621 719 726 728 763 815 840 846 881 1036 1060 1089 1113 1181 1254 1305 1356 1420 1438 1475 1490 1500 1581 1642 1723 1739 1858 1870 1930 1934 1943 1989
Compactness: 2466.154367
Weights: 491.000000 8258.000000 2422.000000
Center Node: 728

District 40
Nodes: 24 182 194 238 279 346 386 390 430 509 597 667 672 683 821 839 851 863 932 1008 1108 1138 1140 1143 1201 1205 1301 1328 1372 1461 1630 1651 1657 1682 1688 1728 1788 1794 1936 1976
Compactness: 2752.560098
Weights: 503.000000 8086.000000 2241.000000
Center Node: 863

District 41
Nodes: 30 37 269 384 435 534 579 591 606 651 662 738 765 772 837 865 867 890 963 964 1141 1175 1196 1204 1208 1227 1373 1404 1477 1479 1548 1550 1607 1798 1807 1818 1820 1834 1852 1884 1927 1954 1959
Compactness: 2069.702961
Weights: 479.000000 8661.000000 2373.000000
Center Node: 867

District 42
Nodes: 4 124 134 154 211 212 282 305 312 330 422 501 504 510 521 600 759 798 799 817 878 974 1054 1071 1151 1251 1294 1332 1349 1374 1392 1421 1459 1463 1680 1724 1746 1778 1815 1903
Compactness: 2151.523709
Weights: 468.000000 8145.000000 2216.000000
Center Node: 759

District 43
Nodes: 160 169 364 452 466 467 471 526 565 576 578 604 618 699 730 735 810 913 919 991 1084 1120 1248 1291 1334 1395 1442 1487 1523 1602 1611 1613 1635 1636 1710 1780 1831 1840 1846 1886 1888 1986 1990
Compactness: 2254.637133
Weights: 483.000000 8632.000000 2376.000000
Center Node: 1780

District 44
Nodes: 15 69 92 226 247 284 320 347 370 381 391 392 424 434 515 588 603 638 639 669 707 742 841 870 1039 1102 1133 1150 1258 1276 1343 1365 1441 1529 1567 1672 1709 1752 1775 1799 1808 1966
Compactness: 2560.014215
Weights: 502.000000 8590.000000 2405.000000
Center Node: 434

District 45
Nodes: 112 228 310 333 353 366 409 429 512 538 582 629 740 749 889 931 1050 1076 1127 1131 1220 1324 1381 1383 1405 1412 1413 1569 1624 1625 1653 1751 1754 1787 1845 1874 1905 1949
Compactness: 2068.120120
Weights: 498.000000 8490.000000 2238.000000
Center Node: 366

District 46
Nodes: 45 50 71 175 278 299 378 423 457 500 617 676 709 712 802 957 1030 1260 1289 1299 1315 1320 1398 1409 1415 1456 1467 1476 1574 1587 1590 1676 1758 1768 1792 1854 1915 1951
Compactness: 2234.494728
Weights: 439.000000 8032.000000 2297.000000
Center Node: 1587

District 47
Nodes: 85 150 260 337 444 507 556 608 751 969 1025 1067 1073 1087 1095 1195 1226 1247 1380 1397 1428 1478 1494 1510 1516 1609 1644 1678 1797 1814 1817 1891 1894 1923 1975
Compactness: 2073.468489
Weights: 467.000000 7938.000000 2286.000000
Center Node: 1975

District 48
Nodes: 44 55 72 178 237 244 328 351 377 414 485 499 659 715 718 745 789 795 813 825 830 886 929 993 998 1041 1058 1188 1198 1322 1423 1534 1572 1622 1647 1804 1861 1876 1890 1896
Compactness: 2847.446479
Weights: 499.000000 8022.000000 2259.000000
Center Node: 795

District 49
Nodes: 87 143 219 270 340 345 350 374 403 440 523 548 573 626 648 674 682 725 760 781 788 900 904 905 956 1047 1109 1170 1200 1202 1507 1508 1632 1689 1698 1701 1704 1744 1851 1952 1955
Compactness: 3053.097058
Weights: 447.000000 7950.000000 2445.000000
Center Node: 403

District 50
Nodes: 59 100 131 207 220 273 349 358 589 594 771 775 818 871 873 893 899 906 939 946 1043 1077 1115 1116 1128 1213 1223 1237 1262 1303 1304 1400 1472 1484 1617 1621 1679 1708 1745 1819
Compactness: 2367.934683
Weights: 480.000000 8277.000000 2430.000000
Center Node: 818
