BalanceViolation 77.150000
AffinityLoss 0.000000
Compactness 95116.670676

District 1
Nodes: 85 111 147 156 216 226 229 258 290 322 389 397 400 418 425 430 443 450 467 479 488 527 580 589 597 631 682 703 716 727 737 778 783 825 851 856 857 869 878 879 889 899 909 948 972 976 985 998
Compactness: 3423.420894
Weights: 560.000000 10642.000000 3059.000000
Center Node: 467

District 2
Nodes: 13 56 59 65 75 115 197 200 206 232 233 275 286 295 325 385 436 449 453 462 472 476 498 499 509 523 530 609 617 645 648 666 676 704 705 731 740 756 759 784 816 826 901 910 919 928 938 964 989
Compactness: 6921.584690
Weights: 605.000000 10047.000000 2847.000000
Center Node: 232

District 3
Nodes: 20 23 53 81 124 136 144 155 201 220 251 273 291 298 299 303 308 349 363 391 423 468 475 485 490 543 583 601 628 637 653 658 695 696 706 732 736 782 795 797 798 822 835 887 923 930 937 987 996
Compactness: 4464.723093
Weights: 573.000000 10012.000000 3025.000000
Center Node: 20

District 4
Nodes: 7 45 58 61 63 133 134 141 154 167 175 180 191 199 202 227 236 274 280 284 309 327 341 360 366 435 441 484 510 538 541 546 560 586 614 618 624 650 651 697 709 715 717 786 791 792 807 871 885 888 906 911 924 957 988
Compactness: 5642.393862
Weights: 589.000000 9963.000000 2972.000000
Center Node: 541

District 5
Nodes: 3 4 10 22 24 88 118 122 129 145 151 152 186 218 230 257 266 307 328 329 380 383 384 428 437 445 448 494 496 513 515 522 533 536 568 638 652 702 775 804 815 837 903 916 921 939 940 944 958
Compactness: 3894.091261
Weights: 623.000000 10999.000000 2977.000000
Center Node: 328

District 6
Nodes: 2 9 26 44 99 104 123 159 214 272 334 335 339 350 376 406 416 419 438 439 440 444 500 505 563 565 578 587 607 642 649 660 688 691 707 713 720 722 730 753 767 769 803 820 842 876 927 961 967 970
Compactness: 4914.181251
Weights: 620.000000 10919.000000 2786.000000
Center Node: 961

District 7
Nodes: 21 38 80 105 116 119 148 163 248 260 300 324 386 396 403 405 413 422 469 481 503 520 542 545 554 562 605 622 623 647 671 692 712 718 726 733 779 812 830 841 843 870 920 960 993 997
Compactness: 4537.130613
Weights: 570.000000 10490.000000 2844.000000
Center Node: 119

District 8
Nodes: 6 17 42 126 128 132 150 161 181 209 235 252 262 289 326 332 333 346 377 388 399 401 414 464 492 519 521 544 549 564 595 611 626 657 661 669 719 745 746 752 771 776 785 810 846 849 922 934 946 965 975 982 990
Compactness: 4557.989795
Weights: 620.000000 10861.000000 3076.000000
Center Node: 289

District 9
Nodes: 0 14 19 33 41 72 82 127 139 153 165 172 185 221 228 250 261 301 305 312 314 321 359 404 431 432 451 456 463 478 553 555 567 577 584 616 629 681 765 833 838 872 892 918 943 945 959 968 973 986 995
Compactness: 4724.579855
Weights: 620.000000 10009.000000 3011.000000
Center Node: 959

District 10
Nodes: 30 51 57 64 90 91 97 100 101 138 149 174 182 215 234 244 247 311 364 365 381 390 393 433 434 458 477 482 483 493 495 504 518 592 602 603 606 610 627 708 721 761 781 788 794 806 817 860 882 936 983 991
Compactness: 5120.726108
Weights: 594.000000 10961.000000 3061.000000
Center Node: 882

District 11
Nodes: 18 43 50 52 71 95 125 170 196 204 210 269 281 316 330 353 362 374 379 407 455 465 497 535 539 552 573 585 604 615 620 621 641 663 673 683 686 738 787 796 819 831 867 880 956 962 971
Compactness: 4335.467950
Weights: 561.000000 10440.000000 3057.000000
Center Node: 831

District 12
Nodes: 8 25 84 107 114 137 157 169 205 211 213 240 245 253 255 264 336 337 340 367 369 420 457 502 575 579 581 640 662 714 728 760 764 793 800 821 824 836 861 864 874 890 891 894 907 908 915 941 992 994
Compactness: 4377.184607
Weights: 623.000000 10605.000000 2900.000000
Center Node: 793

District 13
Nodes: 32 60 87 103 168 171 259 279 283 288 294 317 319 323 331 344 345 347 355 358 361 372 373 375 392 426 473 486 507 508 516 531 551 557 558 576 656 659 664 672 723 789 790 818 847 886 893 942 951
Compactness: 4373.352295
Weights: 627.000000 9992.000000 2822.000000
Center Node: 372

District 14
Nodes: 11 12 28 31 66 79 93 94 108 113 130 131 207 208 265 270 287 351 378 387 395 402 410 411 412 427 446 454 491 511 525 534 561 566 593 608 632 636 646 675 680 689 710 749 750 768 773 839 848 850 855 917 925 952
Compactness: 4407.591769
Weights: 623.000000 10972.000000 2977.000000
Center Node: 593

District 15
Nodes: 1 5 15 35 68 74 83 109 110 166 177 184 190 238 241 254 268 277 282 304 370 417 452 459 470 501 599 619 630 635 639 644 654 693 725 743 754 757 766 808 844 845 853 898 929 966 999
Compactness: 4214.171112
Weights: 503.000000 10862.000000 2859.000000
Center Node: 417

District 16
Nodes: 47 55 62 70 73 76 92 160 173 178 187 212 237 278 292 293 297 408 424 447 471 489 526 529 547 550 572 582 612 674 698 701 724 729 735 762 763 805 811 813 828 832 840 862 884 912 931 933 949 979
Compactness: 5955.807363
Weights: 601.000000 10402.000000 2792.000000
Center Node: 701

District 17
Nodes: 34 39 48 54 96 102 140 188 217 223 225 239 263 271 285 302 315 338 342 343 415 421 429 460 461 480 512 559 594 634 655 665 668 694 700 747 772 777 801 802 814 827 852 865 881 883 896 902 950 969 974 980
Compactness: 4838.961972
Weights: 611.000000 10514.000000 3075.000000
Center Node: 700

District 18
Nodes: 16 29 36 37 40 49 77 78 98 146 176 179 193 203 224 231 249 256 276 306 310 320 357 371 474 528 548 569 571 574 625 667 685 699 741 742 744 758 770 780 799 863 873 897 904 913 953 954 955
Compactness: 5736.190521
Weights: 572.000000 10645.000000 2824.000000
Center Node: 306

District 19
Nodes: 27 46 67 69 106 112 117 142 143 162 164 189 194 195 198 219 243 246 267 352 356 394 442 466 532 556 590 598 600 613 643 670 678 687 690 734 748 755 829 834 858 859 868 905 914 932 977 978 981 984
Compactness: 3876.798458
Weights: 623.000000 9967.000000 2820.000000
Center Node: 748

District 20
Nodes: 86 89 120 121 135 158 183 192 222 242 296 313 318 348 354 368 382 398 409 487 506 514 517 524 537 540 570 588 591 596 633 677 679 684 711 739 751 774 809 823 854 866 875 877 895 900 926 935 947 963
Compactness: 4800.323206
Weights: 617.000000 10233.000000 2858.000000
Center Node: 633
