BalanceViolation 1178.583000
AffinityLoss 1796.000000
Compactness 69605.654891

District 1
Nodes: 136 159 202 231 232 322 348 380 428 515 534 561 624 648 668 753 776 828 876 886 888
Compactness: 1189.449588
Weights: 253.000000 4318.000000 1154.000000
Center Node: 888

District 2
Nodes: 21 95 168 294 355 396 398 423 467 468 476 513 580 610 637 660 794 832 863 865
Compactness: 1133.947189
Weights: 243.000000 4332.000000 1068.000000
Center Node: 95

District 3
Nodes: 28 47 115 118 128 150 183 217 311 376 519 536 542 567 690 797 826 926 935 960 997
Compactness: 1243.511518
Weights: 238.000000 4248.000000 1127.000000
Center Node: 128

District 4
Nodes: 61 243 250 255 310 369 382 463 477 486 538 560 599 603 626 661 744 787 810 871 917 936
Compactness: 1796.585619
Weights: 235.000000 4322.000000 1091.000000
Center Node: 61

District 5
Nodes: 10 102 104 308 474 487 532 568 583 597 716 765 821 839 885 913 951 958 979
Compactness: 1029.530288
Weights: 192.000000 4400.000000 1104.000000
Center Node: 583

District 6
Nodes: 125 146 219 283 303 319 358 422 524 531 574 616 621 703 718 785 807 816 853 860 976
Compactness: 3167.789095
Weights: 236.000000 4248.000000 1142.000000
Center Node: 524

District 7
Nodes: 81 151 161 171 205 252 265 363 466 601 604 647 677 725 772 786 814 823 825 989
Compactness: 1206.067359
Weights: 241.000000 4042.000000 1097.000000
Center Node: 363

District 8
Nodes: 6 8 44 53 99 155 167 196 291 357 494 520 546 639 693 712 723 767 855
Compactness: 2018.267448
Weights: 260.000000 4242.000000 1090.000000
Center Node: 8

District 9
Nodes: 5 31 79 87 203 259 273 286 326 416 448 492 540 569 695 711 778 805 845 873 942
Compactness: 1994.300609
Weights: 243.000000 4068.000000 1177.000000
Center Node: 326

District 10
Nodes: 35 56 89 91 123 140 141 149 192 261 313 335 418 517 656 742 857 869 872 889 939 981
Compactness: 1495.665230
Weights: 271.000000 4426.000000 1063.000000
Center Node: 149

District 11
Nodes: 1 30 40 157 160 166 220 248 251 337 461 478 499 558 573 584 602 782 795 867 878
Compactness: 885.609094
Weights: 284.000000 4179.000000 1134.000000
Center Node: 602

District 12
Nodes: 33 62 92 131 200 227 235 237 246 274 285 344 350 366 370 381 528 752 775 861 957
Compactness: 1338.976713
Weights: 244.000000 4309.000000 1080.000000
Center Node: 131

District 13
Nodes: 191 241 270 383 389 480 508 549 559 563 587 590 611 694 734 759 798 818 842 897
Compactness: 1187.603288
Weights: 236.000000 4012.000000 1167.000000
Center Node: 508

District 14
Nodes: 16 49 94 110 114 260 340 354 362 385 405 441 484 665 727 745 817 849 899 914 954
Compactness: 1388.240610
Weights: 309.000000 4008.000000 1089.000000
Center Node: 745

District 15
Nodes: 84 109 137 181 288 300 309 314 377 397 399 582 593 750 793 822 833 854 900 910 950 963
Compactness: 1349.702167
Weights: 252.000000 4069.000000 1135.000000
Center Node: 793

District 16
Nodes: 18 39 90 152 163 186 373 388 401 459 465 514 530 548 608 634 881 901 911 922 930
Compactness: 1161.173225
Weights: 263.000000 4027.000000 1232.000000
Center Node: 186

District 17
Nodes: 22 24 88 120 179 225 290 414 434 462 472 502 526 529 556 596 796 837 894 966
Compactness: 1177.474768
Weights: 266.000000 4365.000000 1059.000000
Center Node: 88

District 18
Nodes: 23 34 66 154 317 328 343 351 410 473 483 522 562 709 769 844 877 992 993
Compactness: 1356.925766
Weights: 233.000000 4111.000000 1074.000000
Center Node: 66

District 19
Nodes: 2 46 48 75 133 145 267 287 447 458 557 651 671 696 731 804 862 959 990
Compactness: 1203.520700
Weights: 220.000000 4159.000000 1107.000000
Center Node: 145

District 20
Nodes: 170 180 188 278 307 320 395 421 442 449 539 552 646 682 722 771 773 803 811 944 961
Compactness: 1024.338374
Weights: 248.000000 4173.000000 1144.000000
Center Node: 307

District 21
Nodes: 7 11 26 173 182 226 269 276 342 426 444 543 578 679 768 780 800 880 931 983
Compactness: 1197.066555
Weights: 268.000000 4029.000000 1127.000000
Center Node: 426

District 22
Nodes: 3 12 14 113 144 206 296 332 371 503 650 669 670 705 724 739 859 927 977
Compactness: 940.836755
Weights: 252.000000 4393.000000 1134.000000
Center Node: 859

District 23
Nodes: 59 73 212 224 302 359 361 374 391 402 403 469 479 654 664 685 747 788 829 841 902 984
Compactness: 1613.602117
Weights: 254.000000 4330.000000 1164.000000
Center Node: 654

District 24
Nodes: 122 209 240 257 262 264 315 325 424 433 555 606 662 681 737 754 836 893
Compactness: 2372.834224
Weights: 228.000000 4263.000000 1179.000000
Center Node: 662

District 25
Nodes: 77 147 153 199 312 331 393 430 451 453 454 482 588 710 729 749 852 948 952 991
Compactness: 1384.774760
Weights: 232.000000 4211.000000 1161.000000
Center Node: 454

District 26
Nodes: 36 65 70 117 130 184 195 228 279 400 470 523 673 736 757 813 834 908 933 940 974
Compactness: 1198.569517
Weights: 251.000000 4343.000000 1026.000000
Center Node: 65

District 27
Nodes: 32 60 63 86 156 174 266 284 372 417 589 641 649 699 781 815 846 850 892 972
Compactness: 1665.458044
Weights: 260.000000 4082.000000 1177.000000
Center Node: 63

District 28
Nodes: 245 268 280 330 443 551 579 615 625 675 697 738 741 766 783 789 799 898 923 925 953
Compactness: 1459.731021
Weights: 251.000000 4263.000000 1162.000000
Center Node: 443

District 29
Nodes: 83 187 349 360 413 452 455 571 591 594 652 653 698 700 809 896 945 962 985
Compactness: 1141.302197
Weights: 226.000000 4384.000000 1015.000000
Center Node: 652

District 30
Nodes: 55 67 76 112 119 134 176 193 194 218 407 408 435 622 659 707 874 887 912 947
Compactness: 1396.233014
Weights: 264.000000 4020.000000 1084.000000
Center Node: 55

District 31
Nodes: 20 124 177 233 281 390 406 504 643 666 702 735 748 779 882 895 967 969 995
Compactness: 903.773647
Weights: 249.000000 4382.000000 1075.000000
Center Node: 666

District 32
Nodes: 13 111 247 336 367 378 387 411 437 506 572 620 683 713 714 720 728 864 937 994
Compactness: 1790.507874
Weights: 253.000000 4264.000000 1165.000000
Center Node: 437

District 33
Nodes: 129 148 164 197 238 242 258 289 511 605 663 692 746 760 761 875 903 938
Compactness: 963.641624
Weights: 240.000000 4283.000000 1120.000000
Center Node: 511

District 34
Nodes: 0 19 37 51 132 165 210 230 236 334 450 457 471 512 537 623 691 812 988
Compactness: 898.297151
Weights: 253.000000 4241.000000 1156.000000
Center Node: 19

District 35
Nodes: 71 105 185 214 229 329 368 375 379 386 491 575 655 684 743 801 835 843 907
Compactness: 1152.828561
Weights: 206.000000 4113.000000 1170.000000
Center Node: 801

District 36
Nodes: 25 103 143 162 277 323 356 409 431 500 521 547 619 632 642 674 689 733 831 905
Compactness: 2612.934162
Weights: 253.000000 4370.000000 1154.000000
Center Node: 632

District 37
Nodes: 29 43 50 74 100 204 272 282 345 384 394 436 446 586 688 715 751 790 830 932
Compactness: 1324.108963
Weights: 250.000000 4253.000000 1101.000000
Center Node: 43

District 38
Nodes: 27 45 54 108 116 135 275 299 475 495 613 629 657 704 717 819 891 918 921 928
Compactness: 1343.167958
Weights: 233.000000 3707.000000 1309.000000
Center Node: 657

District 39
Nodes: 15 78 93 221 292 321 485 510 541 544 566 576 851 856 904 924 941 973 980 987
Compactness: 942.858185
Weights: 245.000000 4423.000000 945.000000
Center Node: 78

District 40
Nodes: 101 106 158 172 189 249 297 301 316 324 353 497 518 553 581 617 719 758 848 919 946
Compactness: 1025.170647
Weights: 259.000000 4376.000000 1074.000000
Center Node: 172

District 41
Nodes: 42 58 98 222 244 346 364 516 535 550 564 595 740 827 868 884 934 965
Compactness: 1587.167792
Weights: 210.000000 4058.000000 1192.000000
Center Node: 965

District 42
Nodes: 52 68 216 239 306 318 427 490 493 498 505 585 631 730 824 870 890 915 920
Compactness: 1935.826469
Weights: 208.000000 4371.000000 1113.000000
Center Node: 730

District 43
Nodes: 9 17 64 190 215 365 392 481 488 525 554 792 838 879 906 949 956 970 982 998
Compactness: 1720.112974
Weights: 204.000000 4198.000000 1090.000000
Center Node: 838

District 44
Nodes: 127 339 341 352 412 419 429 545 565 600 612 667 777 784 840 971 986 999
Compactness: 1086.718777
Weights: 229.000000 4278.000000 1133.000000
Center Node: 999

District 45
Nodes: 85 175 178 208 256 295 438 440 460 489 527 598 628 633 635 638 686 701
Compactness: 1170.680446
Weights: 248.000000 4229.000000 1100.000000
Center Node: 635

District 46
Nodes: 82 139 169 201 213 254 298 327 420 445 609 630 644 678 726 808 909 964 968 978
Compactness: 1287.320143
Weights: 250.000000 4053.000000 1098.000000
Center Node: 964

District 47
Nodes: 72 96 97 107 121 138 198 223 253 271 304 305 496 501 614 636 680 708 755 764 996
Compactness: 1095.018427
Weights: 256.000000 4095.000000 1297.000000
Center Node: 636

District 48
Nodes: 4 142 207 211 415 507 533 618 627 640 676 687 774 791 820 847 858
Compactness: 1373.135975
Weights: 209.000000 4382.000000 1105.000000
Center Node: 211

District 49
Nodes: 38 234 263 293 338 456 464 509 570 577 592 732 756 762 763 770 883 929 943
Compactness: 1142.978032
Weights: 258.000000 4323.000000 1080.000000
Center Node: 570

District 50
Nodes: 41 57 69 80 126 333 347 404 425 432 439 607 645 658 672 706 721 802 806 866 916 955 975
Compactness: 1530.320233
Weights: 232.000000 4349.000000 1181.000000
Center Node: 432
