BalanceViolation 2549.342000
AffinityLoss 945.000000
Compactness 30757.977816

District 1
Nodes: 32 105 171 188 194 281 300 317 331 361
Compactness: 562.782422
Weights: 120.000000 2138.000000 583.000000
Center Node: 300

District 2
Nodes: 3 33 150 151 166 212 257 271 302 312 364 427
Compactness: 908.620722
Weights: 124.000000 1799.000000 668.000000
Center Node: 302

District 3
Nodes: 67 77 128 262 266 298 337 370 376 466
Compactness: 1074.257035
Weights: 114.000000 1968.000000 712.000000
Center Node: 298

District 4
Nodes: 6 66 113 256 301 304 322 389 406 458
Compactness: 463.631563
Weights: 114.000000 2157.000000 589.000000
Center Node: 113

District 5
Nodes: 7 54 57 62 93 138 342 360 430
Compactness: 534.573568
Weights: 104.000000 2091.000000 568.000000
Center Node: 93

District 6
Nodes: 52 179 200 209 253 334 367 416 467
Compactness: 300.378484
Weights: 120.000000 2120.000000 585.000000
Center Node: 253

District 7
Nodes: 23 36 59 81 118 180 217 240 394 489
Compactness: 581.566208
Weights: 111.000000 1955.000000 564.000000
Center Node: 23

District 8
Nodes: 38 70 131 143 273 280 291 313 419
Compactness: 474.702121
Weights: 91.000000 1909.000000 459.000000
Center Node: 280

District 9
Nodes: 50 91 178 203 220 308 340 366 426 464
Compactness: 683.120499
Weights: 123.000000 1938.000000 589.000000
Center Node: 340

District 10
Nodes: 29 69 90 120 187 231 335 350 373 377 396 438
Compactness: 595.294483
Weights: 137.000000 2057.000000 602.000000
Center Node: 90

District 11
Nodes: 39 122 213 246 284 372 415 429 455
Compactness: 742.248039
Weights: 104.000000 1983.000000 531.000000
Center Node: 415

District 12
Nodes: 20 28 40 144 169 208 336 378 434 451 480 483
Compactness: 778.195347
Weights: 138.000000 1773.000000 635.000000
Center Node: 378

District 13
Nodes: 101 255 288 324 356 425 436 471 497
Compactness: 378.922067
Weights: 102.000000 2014.000000 531.000000
Center Node: 324

District 14
Nodes: 155 185 226 251 295 399 411 496
Compactness: 328.349744
Weights: 101.000000 2175.000000 507.000000
Center Node: 185

District 15
Nodes: 51 64 87 136 137 168 282 332 347 440
Compactness: 531.015602
Weights: 104.000000 1930.000000 609.000000
Center Node: 332

District 16
Nodes: 19 125 163 218 239 320 412 418 439 468
Compactness: 760.668422
Weights: 107.000000 2051.000000 587.000000
Center Node: 412

District 17
Nodes: 80 117 174 215 237 267 398 428 448 495
Compactness: 561.732653
Weights: 100.000000 1823.000000 623.000000
Center Node: 174

District 18
Nodes: 25 82 167 182 190 219 238 296 417
Compactness: 458.143406
Weights: 107.000000 2073.000000 595.000000
Center Node: 417

District 19
Nodes: 83 92 211 234 339 437 447 465
Compactness: 349.827943
Weights: 128.000000 2223.000000 496.000000
Center Node: 234

District 20
Nodes: 16 21 49 176 269 374 387 444 452 463
Compactness: 518.872239
Weights: 109.000000 2064.000000 507.000000
Center Node: 21

District 21
Nodes: 0 34 37 44 45 142 204 333 368 404 498
Compactness: 803.050871
Weights: 161.000000 1943.000000 637.000000
Center Node: 404

District 22
Nodes: 86 132 134 146 199 222 228 321 349 457 486 490
Compactness: 1157.953405
Weights: 97.000000 1944.000000 601.000000
Center Node: 457

District 23
Nodes: 4 47 75 116 224 225 236 277 357 371 424
Compactness: 585.611798
Weights: 111.000000 1931.000000 678.000000
Center Node: 424

District 24
Nodes: 98 135 149 162 221 250 355 384 487
Compactness: 391.057414
Weights: 104.000000 2097.000000 538.000000
Center Node: 221

District 25
Nodes: 12 71 148 310 311 338 363 446 454 499
Compactness: 564.142330
Weights: 106.000000 2194.000000 547.000000
Center Node: 310

District 26
Nodes: 1 8 102 193 249 263 309 382 409 421 460
Compactness: 578.904502
Weights: 159.000000 2117.000000 524.000000
Center Node: 249

District 27
Nodes: 15 35 76 268 307 348 358 400 403 422
Compactness: 562.152460
Weights: 142.000000 1869.000000 545.000000
Center Node: 76

District 28
Nodes: 60 68 165 175 276 325 341 391 405 407
Compactness: 484.416284
Weights: 103.000000 2088.000000 542.000000
Center Node: 60

District 29
Nodes: 95 104 152 160 254 283 432 435 491
Compactness: 310.664113
Weights: 107.000000 2140.000000 402.000000
Center Node: 95

District 30
Nodes: 17 145 198 247 259 316 330 388 481 485
Compactness: 458.247224
Weights: 108.000000 2156.000000 590.000000
Center Node: 388

District 31
Nodes: 22 79 89 189 229 232 392 433 472 474
Compactness: 487.496394
Weights: 119.000000 1923.000000 556.000000
Center Node: 22

District 32
Nodes: 140 242 272 278 306 315 352 402 420 475
Compactness: 593.126034
Weights: 110.000000 2106.000000 598.000000
Center Node: 272

District 33
Nodes: 56 63 121 123 181 206 292 319 410 450 470
Compactness: 863.665986
Weights: 135.000000 2004.000000 589.000000
Center Node: 470

District 34
Nodes: 26 55 186 216 290 351 379 401 413 477
Compactness: 690.316907
Weights: 104.000000 2119.000000 529.000000
Center Node: 379

District 35
Nodes: 2 74 107 126 173 258 442 456 469 492
Compactness: 941.180810
Weights: 119.000000 1972.000000 576.000000
Center Node: 126

District 36
Nodes: 109 133 195 305 326 344 414 462 478 488
Compactness: 487.507221
Weights: 97.000000 2141.000000 528.000000
Center Node: 195

District 37
Nodes: 9 46 53 183 197 233 297 383 423
Compactness: 379.646865
Weights: 103.000000 2144.000000 575.000000
Center Node: 9

District 38
Nodes: 84 99 114 157 164 207 264 289 369 385 494
Compactness: 670.325903
Weights: 161.000000 2020.000000 513.000000
Center Node: 99

District 39
Nodes: 78 97 210 285 303 323 343 390 461 484
Compactness: 596.424267
Weights: 120.000000 2051.000000 604.000000
Center Node: 97

District 40
Nodes: 14 65 85 112 124 158 170 223 235 274 445
Compactness: 1424.370561
Weights: 109.000000 2124.000000 644.000000
Center Node: 14

District 41
Nodes: 30 184 192 230 252 329 386 443 482
Compactness: 839.704896
Weights: 122.000000 2250.000000 558.000000
Center Node: 30

District 42
Nodes: 18 96 141 314 353 359 397 473 493
Compactness: 262.081313
Weights: 118.000000 2107.000000 527.000000
Center Node: 353

District 43
Nodes: 24 100 227 270 318 362 365 393 441 476 479
Compactness: 366.219321
Weights: 128.000000 2159.000000 525.000000
Center Node: 441

District 44
Nodes: 27 43 153 172 214 244 248 260 286 299 449
Compactness: 450.739100
Weights: 140.000000 1822.000000 612.000000
Center Node: 248

District 45
Nodes: 5 41 94 103 115 139 177 196 241 261 327 431
Compactness: 1325.044046
Weights: 132.000000 1949.000000 756.000000
Center Node: 241

District 46
Nodes: 11 42 106 111 156 201 205 243 279 294 346
Compactness: 719.329139
Weights: 120.000000 2114.000000 597.000000
Center Node: 205

District 47
Nodes: 31 48 58 119 147 154 161 191 275 287 354
Compactness: 783.400034
Weights: 133.000000 2149.000000 610.000000
Center Node: 31

District 48
Nodes: 61 73 88 127 130 159 245 345 380
Compactness: 631.715460
Weights: 107.000000 2165.000000 542.000000
Center Node: 73

District 49
Nodes: 10 13 72 108 265 293 375 381
Compactness: 511.223631
Weights: 102.000000 2077.000000 484.000000
Center Node: 72

District 50
Nodes: 110 129 202 328 395 408 453 459
Compactness: 251.356962
Weights: 101.000000 1951.000000 558.000000
Center Node: 328
