BalanceViolation 88.762500
AffinityLoss 801.000000
Compactness 51007.754743

District 1
Nodes: 4 8 13 45 70 100 120 130 132 147 156 194 257 274 292 295 307 312 378 397 407 409 414 427 457
Compactness: 2336.870147
Weights: 330.000000 5299.000000 1361.000000
Center Node: 194

District 2
Nodes: 41 54 62 65 101 150 188 223 246 256 263 268 289 315 319 332 338 349 369 389 396 403 433 437 469
Compactness: 2223.315754
Weights: 322.000000 5441.000000 1432.000000
Center Node: 338

District 3
Nodes: 56 77 79 90 93 114 118 146 149 176 184 213 245 296 302 334 342 363 366 423 428 465 485
Compactness: 2256.911939
Weights: 295.000000 5630.000000 1383.000000
Center Node: 176

District 4
Nodes: 116 164 173 177 185 220 235 254 280 282 291 304 305 314 317 318 336 355 370 372 375 390 410 477 480
Compactness: 2431.954157
Weights: 299.000000 5196.000000 1509.000000
Center Node: 336

District 5
Nodes: 2 15 25 80 88 103 119 123 134 143 186 208 216 217 234 272 300 350 359 418 429 448 458 491 498
Compactness: 2543.763102
Weights: 305.000000 5561.000000 1334.000000
Center Node: 208

District 6
Nodes: 7 14 31 39 96 110 113 117 193 247 297 333 343 344 398 400 415 432 434 459 467 484 486 494
Compactness: 2517.546244
Weights: 290.000000 5564.000000 1454.000000
Center Node: 415

District 7
Nodes: 19 38 50 53 57 59 112 153 166 196 211 214 226 230 236 249 251 261 286 306 313 337 383 392 399 442 462
Compactness: 2391.154975
Weights: 309.000000 5269.000000 1496.000000
Center Node: 214

District 8
Nodes: 1 21 27 37 40 85 89 97 104 106 121 139 169 183 219 221 225 227 277 310 327 328 384
Compactness: 1784.319274
Weights: 296.000000 5179.000000 1507.000000
Center Node: 221

District 9
Nodes: 11 44 52 60 81 91 111 128 151 161 163 165 238 248 284 329 340 346 368 411 443 464 490 499
Compactness: 2401.883656
Weights: 321.000000 5470.000000 1438.000000
Center Node: 238

District 10
Nodes: 12 23 92 107 136 167 187 195 253 266 281 309 360 374 381 386 387 404 405 417 440 456 463 492
Compactness: 2539.213939
Weights: 305.000000 5245.000000 1512.000000
Center Node: 387

District 11
Nodes: 9 20 63 68 75 108 129 142 181 198 207 229 244 250 267 275 285 298 320 358 424 439 453 476 482 496
Compactness: 2531.944858
Weights: 273.000000 5609.000000 1495.000000
Center Node: 476

District 12
Nodes: 34 69 95 124 140 157 175 190 209 210 212 232 323 351 373 382 395 406 413 420 426 446 461 470 474 475
Compactness: 3236.190744
Weights: 343.000000 5105.000000 1385.000000
Center Node: 351

District 13
Nodes: 0 61 78 131 152 174 201 205 239 259 260 264 293 308 341 361 379 388 401 425 431 436 438 495 497
Compactness: 2804.808578
Weights: 325.000000 5280.000000 1396.000000
Center Node: 293

District 14
Nodes: 18 32 47 72 74 102 133 144 145 160 168 182 228 240 241 270 271 273 276 330 339 353 444 445 447 481
Compactness: 2097.817900
Weights: 314.000000 5628.000000 1393.000000
Center Node: 160

District 15
Nodes: 5 17 49 51 55 66 83 87 99 158 206 233 262 283 288 301 316 347 348 380 441 460 468 483
Compactness: 1951.414583
Weights: 308.000000 5441.000000 1380.000000
Center Node: 49

District 16
Nodes: 3 22 28 29 86 159 162 180 202 204 222 258 279 287 324 331 354 364 371 376 377 421 449 452 454 478 493
Compactness: 3381.118892
Weights: 310.000000 5382.000000 1484.000000
Center Node: 222

District 17
Nodes: 6 16 26 43 98 105 126 127 135 148 154 197 215 242 278 290 321 322 325 357 385 393 408 412 416 479
Compactness: 2557.437988
Weights: 308.000000 5233.000000 1428.000000
Center Node: 135

District 18
Nodes: 24 64 71 84 137 141 155 170 178 179 191 203 224 231 294 303 356 362 402 419 455 466 473 487
Compactness: 3233.567609
Weights: 314.000000 5100.000000 1436.000000
Center Node: 84

District 19
Nodes: 10 30 42 48 58 67 94 115 122 138 171 172 199 237 252 265 299 335 365 422 450 451 471 488 489
Compactness: 2356.067313
Weights: 310.000000 5169.000000 1477.000000
Center Node: 138

District 20
Nodes: 33 35 36 46 73 76 82 109 125 189 192 200 218 243 255 269 311 326 345 352 367 391 394 430 435 472
Compactness: 3430.453092
Weights: 317.000000 5440.000000 1493.000000
Center Node: 311
