BalanceViolation 27.002500
AffinityLoss 3157.000000
Compactness 245390.623090

District 1
Nodes: 30 37 38 46 67 112 117 118 155 197 228 240 248 269 310 326 333 353 365 384 402 429 435 448 463 534 559 579 582 584 606 628 637 651 656 662 681 684 703 729 738 765 772 785 823 827 837 864 865 867 890 903 953 959 962 963 964 967 984 1004 1017 1045 1098 1156 1175 1196 1204 1208 1227 1231 1284 1301 1309 1340 1373 1404 1410 1452 1468 1479 1480 1493 1548 1550 1580 1588 1607 1608 1625 1653 1700 1798 1807 1818 1820 1834 1852 1874 1884 1927 1954 1959 1962
Compactness: 15421.388194
Weights: 1158.000000 20688.000000 6092.000000
Center Node: 1340

District 2
Nodes: 8 10 12 44 55 64 72 93 116 129 137 178 188 189 191 243 253 272 301 328 355 363 385 397 428 442 457 458 493 495 540 575 587 619 663 680 685 688 704 714 716 755 777 792 794 807 813 829 858 916 917 949 971 999 1037 1042 1086 1111 1152 1154 1165 1236 1263 1281 1295 1378 1399 1408 1416 1423 1425 1436 1476 1488 1496 1541 1543 1557 1558 1598 1612 1619 1627 1655 1685 1725 1741 1786 1842 1857 1860 1887 1893 1896 1901 1926 1941 1957 1968 1999
Compactness: 9210.000069
Weights: 1112.000000 21764.000000 5817.000000
Center Node: 458

District 3
Nodes: 98 104 110 115 125 160 176 229 245 264 280 332 348 357 359 364 369 398 412 466 467 471 475 489 513 526 565 567 576 577 598 601 604 640 660 668 699 730 791 810 834 853 857 860 891 892 909 913 919 991 992 1016 1027 1033 1044 1061 1084 1085 1137 1159 1162 1191 1233 1248 1291 1319 1321 1334 1359 1371 1395 1426 1430 1442 1482 1489 1511 1523 1591 1602 1605 1611 1613 1615 1620 1635 1675 1710 1770 1774 1780 1802 1812 1837 1840 1846 1886 1888 1902 1969 1986 1995 1996
Compactness: 8903.643564
Weights: 1257.000000 21450.000000 5894.000000
Center Node: 1442

District 4
Nodes: 14 28 39 75 87 143 174 198 226 235 271 302 308 339 344 347 361 387 393 403 432 464 478 502 508 515 522 536 561 568 588 624 633 639 674 711 713 753 770 776 779 781 811 833 850 855 868 880 885 940 954 956 958 972 985 1029 1153 1166 1203 1258 1276 1279 1312 1313 1327 1331 1333 1337 1363 1441 1454 1508 1561 1566 1570 1600 1638 1662 1674 1689 1699 1704 1732 1734 1742 1743 1772 1775 1796 1851 1868 1878 1898 1924 1940 1952 1953 1955 1994
Compactness: 14677.917633
Weights: 1142.000000 19800.000000 5678.000000
Center Node: 855

District 5
Nodes: 6 26 66 76 81 82 89 102 133 136 138 158 162 218 267 288 297 334 362 400 406 468 496 520 537 571 585 590 632 658 665 671 693 739 762 796 805 859 884 918 938 960 973 987 1069 1074 1082 1088 1091 1104 1130 1136 1146 1173 1219 1243 1259 1287 1302 1326 1341 1348 1401 1424 1470 1492 1532 1544 1553 1562 1578 1583 1585 1594 1603 1626 1634 1650 1716 1719 1726 1730 1731 1735 1749 1750 1760 1763 1773 1790 1827 1839 1883 1889 1917 1918 1919 1928 1933 1944 1965 1993
Compactness: 8451.228646
Weights: 1212.000000 21812.000000 5696.000000
Center Node: 1243

District 6
Nodes: 7 9 31 54 57 61 62 65 144 172 173 184 190 207 210 213 233 286 290 300 307 316 321 327 360 375 389 431 479 480 503 524 533 583 617 653 657 666 675 677 696 750 752 784 800 801 804 831 887 920 923 944 981 1014 1020 1030 1062 1063 1075 1096 1123 1176 1206 1207 1212 1222 1265 1275 1316 1318 1335 1366 1377 1402 1429 1445 1462 1518 1519 1597 1599 1617 1621 1684 1703 1706 1757 1762 1809 1822 1824 1844 1862 1885 1910 1991
Compactness: 10631.611919
Weights: 1194.000000 19842.000000 5613.000000
Center Node: 233

District 7
Nodes: 18 22 29 70 91 111 121 151 164 166 215 250 252 262 270 276 292 320 324 425 427 445 446 477 511 525 539 563 621 643 647 673 682 719 720 722 769 788 815 819 828 840 846 848 894 904 905 937 997 1010 1028 1060 1064 1106 1109 1119 1134 1209 1254 1305 1323 1343 1370 1379 1420 1431 1438 1475 1495 1500 1503 1507 1576 1606 1610 1632 1642 1659 1661 1666 1673 1712 1723 1748 1829 1841 1865 1869 1870 1873 1877 1900 1922 1934 1988 1989
Compactness: 8776.778460
Weights: 1153.000000 19885.000000 5600.000000
Center Node: 1305

District 8
Nodes: 51 60 94 99 141 168 177 212 298 338 354 368 422 449 454 465 494 501 504 510 519 521 529 542 574 613 689 698 724 733 759 768 773 782 786 793 797 798 808 822 824 826 836 842 852 877 878 898 912 928 947 970 974 982 1038 1049 1059 1100 1139 1148 1183 1184 1189 1224 1251 1267 1294 1310 1338 1349 1354 1361 1387 1390 1457 1474 1483 1504 1513 1520 1524 1551 1565 1579 1592 1595 1631 1649 1656 1665 1693 1737 1769 1778 1833 1872 1921 1948 1978
Compactness: 9981.607747
Weights: 1150.000000 21738.000000 5714.000000
Center Node: 1520

District 9
Nodes: 1 13 19 53 56 58 83 108 167 181 199 202 206 221 238 258 281 295 331 386 390 404 420 430 441 461 476 490 509 549 550 570 581 607 614 667 683 734 821 839 863 875 876 882 883 888 921 932 994 1022 1024 1040 1056 1089 1093 1103 1126 1138 1143 1167 1186 1192 1201 1234 1270 1311 1328 1345 1358 1369 1407 1414 1419 1435 1491 1536 1552 1581 1586 1601 1633 1654 1657 1682 1686 1702 1728 1788 1793 1803 1806 1810 1826 1832 1880 1914 1932 1936 1943 1976 1979 1985
Compactness: 10193.246761
Weights: 1238.000000 20005.000000 5617.000000
Center Node: 1234

District 10
Nodes: 5 34 63 77 90 130 227 237 244 261 283 289 303 341 351 376 377 382 485 499 530 553 564 611 630 659 691 695 715 737 745 756 789 795 830 832 869 886 907 925 961 976 990 993 1031 1041 1057 1081 1092 1094 1099 1107 1135 1188 1198 1217 1221 1228 1229 1277 1288 1296 1322 1329 1342 1403 1418 1437 1444 1447 1451 1521 1534 1546 1556 1559 1564 1589 1622 1628 1645 1647 1652 1667 1720 1721 1753 1764 1804 1854 1861 1871 1876 1890 1895 1897 1904 1972 1984
Compactness: 9699.142900
Weights: 1251.000000 20662.000000 5830.000000
Center Node: 1645

District 11
Nodes: 59 100 131 132 135 149 179 220 232 266 273 293 296 306 313 317 336 349 358 371 380 416 462 488 491 516 532 543 589 594 599 609 652 710 754 767 771 775 806 818 843 845 871 873 893 899 902 906 939 946 948 978 1009 1043 1077 1115 1116 1128 1129 1157 1190 1213 1223 1237 1262 1303 1304 1344 1389 1400 1472 1473 1484 1512 1514 1535 1584 1640 1668 1671 1679 1705 1707 1708 1714 1717 1736 1745 1761 1782 1819 1821 1847 1849 1911 1950 1980
Compactness: 43222.716560
Weights: 1179.000000 19749.000000 5838.000000
Center Node: 135

District 12
Nodes: 2 17 36 47 73 101 103 161 180 204 222 224 239 251 254 285 294 318 319 337 373 383 433 443 451 456 473 482 487 528 558 562 580 597 605 635 636 645 670 672 702 705 717 743 746 849 866 879 915 936 943 988 995 1002 1008 1011 1068 1073 1083 1127 1132 1164 1182 1218 1241 1249 1274 1283 1286 1317 1351 1360 1372 1411 1412 1422 1448 1485 1516 1517 1528 1533 1560 1630 1651 1688 1727 1747 1771 1785 1794 1856 1859 1866 1875 1882 1907 1913 1916 1920 1923 1971 1974 1982
Compactness: 11442.212020
Weights: 1237.000000 21781.000000 5837.000000
Center Node: 936

District 13
Nodes: 0 33 45 50 71 157 170 171 175 200 216 234 278 299 329 372 378 395 396 405 410 414 423 469 492 500 541 546 552 592 596 654 661 676 709 712 718 766 778 790 802 825 856 874 929 935 957 977 996 998 1015 1026 1058 1070 1072 1145 1147 1172 1187 1242 1260 1264 1269 1289 1298 1299 1315 1320 1352 1391 1398 1409 1415 1456 1467 1537 1538 1555 1572 1573 1574 1575 1587 1590 1618 1669 1676 1683 1690 1696 1733 1738 1740 1755 1758 1767 1768 1784 1792 1830 1864 1908 1912 1915 1931 1951 1983
Compactness: 11276.354463
Weights: 1252.000000 21288.000000 6098.000000
Center Node: 1768

District 14
Nodes: 3 49 52 79 88 97 106 109 122 123 140 153 208 241 259 277 304 335 342 356 394 408 459 460 470 484 486 498 506 517 547 557 620 622 623 627 642 646 744 764 783 812 847 897 908 926 941 965 968 1003 1005 1007 1012 1021 1046 1051 1149 1155 1160 1174 1180 1197 1215 1250 1268 1282 1292 1306 1330 1347 1353 1393 1394 1432 1433 1439 1443 1458 1466 1481 1486 1498 1499 1539 1554 1563 1616 1637 1648 1718 1766 1781 1801 1813 1850 1855 1881 1942 1964 1970
Compactness: 11462.519681
Weights: 1152.000000 20736.000000 5709.000000
Center Node: 153

District 15
Nodes: 11 16 20 21 24 84 120 127 139 147 148 165 182 185 194 201 225 265 274 279 343 346 399 417 419 472 474 544 572 664 679 687 706 732 761 780 835 838 851 862 896 924 927 933 934 966 979 980 1001 1032 1048 1078 1108 1110 1125 1140 1158 1168 1194 1216 1232 1239 1252 1253 1255 1271 1272 1278 1280 1293 1308 1339 1355 1367 1382 1385 1386 1406 1446 1522 1530 1577 1593 1639 1641 1646 1697 1722 1756 1759 1779 1805 1816 1823 1892 1906 1958 1997 1998
Compactness: 8830.092263
Weights: 1240.000000 20820.000000 6060.000000
Center Node: 120

District 16
Nodes: 4 42 43 85 86 113 124 134 150 154 211 256 260 282 287 305 312 330 444 447 450 483 556 586 595 600 608 612 625 650 690 697 701 749 751 757 758 799 816 817 895 945 969 983 1023 1025 1054 1067 1071 1087 1095 1105 1112 1151 1195 1199 1214 1226 1245 1247 1307 1314 1332 1364 1374 1376 1380 1392 1397 1421 1434 1453 1459 1463 1464 1494 1509 1510 1604 1609 1629 1660 1678 1680 1711 1724 1746 1797 1811 1814 1815 1817 1836 1867 1891 1894 1903 1973 1975
Compactness: 10889.394927
Weights: 1250.000000 21416.000000 6030.000000
Center Node: 1421

District 17
Nodes: 25 48 68 74 78 114 128 145 163 193 203 205 209 231 236 242 257 268 275 311 325 352 401 407 411 421 426 436 437 439 455 481 527 566 569 602 615 634 641 686 700 708 721 736 803 844 861 901 910 930 952 986 989 1000 1013 1018 1055 1080 1090 1144 1161 1163 1210 1225 1230 1238 1240 1244 1256 1257 1285 1346 1350 1375 1440 1460 1469 1501 1525 1526 1527 1542 1568 1596 1614 1643 1658 1664 1692 1715 1800 1843 1853 1899 1939 1963 1967 1987
Compactness: 11614.324704
Weights: 1172.000000 20584.000000 5939.000000
Center Node: 901

District 18
Nodes: 41 80 95 126 146 152 183 196 223 366 409 415 438 453 507 512 514 518 538 545 591 629 631 678 692 727 731 740 741 748 774 787 809 872 889 922 931 942 950 951 1019 1035 1050 1076 1101 1117 1118 1122 1131 1141 1142 1169 1177 1179 1185 1193 1220 1235 1246 1266 1290 1324 1336 1368 1381 1383 1405 1413 1428 1450 1455 1477 1478 1505 1569 1623 1624 1644 1663 1670 1681 1691 1694 1695 1751 1754 1777 1783 1787 1835 1838 1845 1848 1905 1925 1937 1945 1949 1961 1981
Compactness: 11746.727675
Weights: 1256.000000 21522.000000 5544.000000
Center Node: 1754

District 19
Nodes: 15 32 35 40 69 92 107 119 142 156 159 186 187 217 230 247 249 284 291 315 370 379 381 388 391 392 413 424 434 554 555 560 593 603 616 638 655 669 694 707 723 742 814 841 854 870 911 914 1039 1052 1053 1066 1097 1102 1133 1150 1178 1205 1325 1362 1365 1384 1396 1417 1449 1461 1465 1471 1515 1529 1531 1547 1549 1567 1672 1677 1709 1729 1752 1765 1776 1789 1791 1799 1808 1825 1863 1909 1929 1935 1946 1956 1960 1966 1977
Compactness: 9075.542854
Weights: 1140.000000 20206.000000 5622.000000
Center Node: 424

District 20
Nodes: 23 27 96 105 169 192 195 214 219 246 255 263 309 314 322 323 340 345 350 367 374 418 440 452 497 505 523 531 535 548 551 573 578 610 618 626 644 648 649 725 726 728 735 747 760 763 820 881 900 955 975 1006 1034 1036 1047 1065 1079 1113 1114 1120 1121 1124 1170 1171 1181 1200 1202 1211 1261 1273 1297 1300 1356 1357 1388 1427 1487 1490 1497 1502 1506 1540 1545 1571 1582 1636 1687 1698 1701 1713 1739 1744 1795 1828 1831 1858 1879 1930 1938 1947 1990 1992
Compactness: 9884.172050
Weights: 1234.000000 19852.000000 6038.000000
Center Node: 1992
