BalanceViolation 97.962500
AffinityLoss 3186.000000
Compactness 206447.379132

District 1
Nodes: 0 2 11 21 27 31 49 61 92 93 193 199 238 270 301 305 310 316 318 322 324 332 382 409 415 424 426 449 458 497 503 516 528 531 545 565 568 581 593 607 715 730 736 767 770 789 801 851 922 961 964 966 1024 1054 1122 1139 1213 1227 1250 1273 1281 1283 1299 1301 1314 1315 1342 1348 1352 1355 1412 1413 1422 1451 1534 1576 1591 1594 1612 1622 1628 1644 1646 1648 1652 1667 1717 1723 1740 1741 1806 1823 1828 1831 1836 1837 1843 1868 1924 1933 1942 1967 1977
Compactness: 9603.933876
Weights: 1237.000000 20879.000000 6083.000000
Center Node: 193

District 2
Nodes: 1 5 41 45 50 111 112 119 127 132 137 154 164 185 207 216 233 248 296 303 307 317 349 365 396 400 414 441 466 478 498 527 574 578 591 594 603 616 621 632 641 678 681 697 762 766 785 833 858 863 925 947 967 972 979 989 1000 1005 1013 1033 1035 1072 1074 1128 1176 1193 1194 1218 1231 1237 1295 1327 1373 1376 1415 1417 1445 1479 1485 1493 1521 1551 1554 1562 1614 1618 1626 1637 1640 1658 1671 1712 1796 1812 1883 1923 1936 1948 1975
Compactness: 10616.808719
Weights: 1165.000000 20158.000000 5515.000000
Center Node: 1614

District 3
Nodes: 19 55 69 80 141 153 190 208 218 247 250 251 252 284 294 297 331 338 350 356 386 401 446 481 507 511 512 534 554 573 580 613 628 660 690 710 716 719 742 818 839 860 866 913 949 950 968 1021 1041 1047 1056 1060 1077 1088 1090 1123 1147 1202 1277 1282 1302 1319 1324 1393 1416 1418 1442 1448 1494 1523 1563 1567 1610 1633 1634 1649 1670 1691 1693 1701 1714 1721 1764 1767 1788 1809 1814 1835 1842 1863 1893 1914 1939 1947 1956 1965 1993 1998
Compactness: 12362.128864
Weights: 1155.000000 19994.000000 5849.000000
Center Node: 250

District 4
Nodes: 15 16 38 65 101 115 151 157 166 167 182 209 231 237 249 260 265 271 304 311 312 314 327 342 343 416 432 440 447 451 485 487 521 541 543 556 572 579 599 605 626 644 682 737 751 756 799 802 862 875 884 894 907 909 920 939 940 945 990 1004 1023 1031 1048 1061 1138 1146 1168 1251 1258 1269 1326 1351 1383 1395 1414 1429 1437 1463 1468 1471 1522 1525 1537 1566 1569 1608 1620 1647 1656 1661 1699 1703 1706 1751 1754 1758 1772 1834 1930 1952 1964 1984
Compactness: 13698.510773
Weights: 1206.000000 21148.000000 5420.000000
Center Node: 265

District 5
Nodes: 9 13 18 34 143 186 210 221 229 258 279 295 339 354 402 404 406 411 420 428 445 448 469 470 472 490 491 502 550 557 615 633 657 667 694 759 769 777 787 797 807 812 853 868 870 910 918 937 941 951 962 977 1051 1062 1076 1083 1108 1131 1164 1181 1185 1205 1206 1223 1244 1249 1278 1284 1286 1288 1292 1306 1328 1343 1364 1390 1411 1430 1439 1478 1528 1546 1564 1624 1638 1679 1685 1690 1710 1719 1731 1750 1765 1797 1850 1873 1900 1906 1910 1926 1937 1949 1979
Compactness: 10268.593861
Weights: 1230.000000 21810.000000 5968.000000
Center Node: 502

District 6
Nodes: 12 14 23 62 72 84 107 169 177 196 220 235 263 276 278 289 290 328 346 377 388 410 417 430 562 564 596 609 627 631 640 643 653 666 698 725 729 741 768 775 782 823 824 830 835 838 841 842 844 850 883 973 1008 1029 1034 1042 1044 1063 1066 1079 1116 1246 1253 1279 1323 1334 1358 1360 1370 1372 1406 1420 1424 1441 1467 1470 1530 1541 1548 1557 1560 1565 1584 1602 1616 1619 1653 1664 1713 1763 1820 1829 1847 1869 1890 1899 1918 1927 1940 1945 1963 1966 1985
Compactness: 8703.020563
Weights: 1227.000000 21625.000000 6006.000000
Center Node: 377

District 7
Nodes: 3 17 103 104 106 124 129 130 142 147 179 241 286 313 358 363 380 454 465 477 488 493 499 517 529 536 551 570 637 650 655 656 672 687 709 740 780 811 819 874 879 885 942 959 965 975 1003 1016 1053 1058 1071 1086 1087 1091 1120 1137 1186 1211 1242 1259 1265 1294 1313 1330 1402 1403 1421 1426 1431 1436 1443 1444 1452 1476 1489 1492 1513 1526 1533 1538 1549 1552 1572 1599 1651 1665 1687 1711 1755 1786 1787 1794 1795 1808 1824 1833 1852 1901 1911 1935 1970 1972
Compactness: 9007.251510
Weights: 1225.000000 20654.000000 6077.000000
Center Node: 1443

District 8
Nodes: 10 43 47 58 59 144 150 171 192 204 230 245 300 336 360 367 387 442 467 475 523 566 617 691 749 753 783 792 827 892 901 903 944 952 994 1018 1037 1099 1117 1126 1155 1157 1183 1192 1216 1233 1255 1257 1270 1276 1293 1309 1320 1332 1333 1336 1341 1345 1346 1353 1399 1423 1456 1462 1472 1481 1488 1529 1543 1553 1568 1574 1579 1588 1590 1601 1621 1627 1669 1677 1682 1718 1748 1775 1780 1790 1792 1800 1821 1841 1851 1874 1886 1921 1980 1982 1990 1995
Compactness: 8712.123747
Weights: 1136.000000 20093.000000 6020.000000
Center Node: 442

District 9
Nodes: 29 40 53 75 96 125 158 160 172 181 202 211 213 224 299 323 389 429 457 479 494 518 522 537 540 584 589 595 597 604 614 699 721 731 739 761 763 786 790 831 846 849 859 899 928 930 943 948 957 987 999 1075 1089 1092 1106 1140 1153 1178 1208 1224 1226 1245 1285 1340 1359 1379 1400 1409 1435 1454 1483 1490 1491 1502 1539 1571 1587 1592 1613 1630 1635 1673 1689 1692 1702 1728 1773 1782 1810 1825 1844 1877 1878 1881 1944 1953
Compactness: 8929.649743
Weights: 1221.000000 20719.000000 5566.000000
Center Node: 160

District 10
Nodes: 7 54 56 82 89 91 114 117 123 136 149 191 206 223 240 262 344 355 364 395 398 408 492 535 592 608 612 620 630 645 647 659 669 700 718 734 738 755 796 814 836 848 852 864 902 923 960 963 969 984 1022 1043 1096 1102 1104 1109 1166 1175 1195 1203 1207 1214 1236 1304 1311 1312 1337 1366 1384 1392 1427 1428 1465 1466 1482 1509 1514 1531 1597 1600 1604 1660 1662 1680 1686 1688 1743 1826 1856 1889 1907 1909 1915 1932 1938 1951 1971 1986 1994 1997
Compactness: 8914.634245
Weights: 1245.000000 19958.000000 5779.000000
Center Node: 1465

District 11
Nodes: 33 48 51 73 109 113 120 134 188 203 214 217 242 272 277 285 293 366 368 385 438 443 453 455 489 496 509 553 583 586 671 674 689 711 713 717 774 791 798 815 817 840 865 911 919 924 955 996 1049 1064 1065 1068 1110 1150 1151 1154 1158 1174 1182 1201 1212 1217 1222 1234 1241 1316 1339 1363 1368 1378 1386 1388 1432 1469 1473 1503 1506 1512 1515 1519 1561 1583 1615 1625 1629 1631 1632 1641 1720 1742 1746 1757 1768 1839 1845 1849 1880 1882 1888 1958 1973
Compactness: 10575.159515
Weights: 1214.000000 21112.000000 5891.000000
Center Node: 1222

District 12
Nodes: 6 35 67 85 110 140 176 189 226 268 275 287 325 340 345 372 375 405 412 423 431 439 459 473 476 486 510 513 524 533 546 555 559 567 602 635 648 652 665 679 683 723 726 754 771 772 794 795 889 897 931 936 993 997 1036 1046 1073 1081 1095 1121 1133 1180 1225 1239 1252 1260 1263 1307 1331 1350 1369 1398 1405 1408 1447 1453 1499 1507 1556 1575 1581 1606 1674 1684 1695 1722 1762 1816 1861 1872 1885 1891 1916 1960 1961 1962 1969 1974 1991 1992
Compactness: 8367.464732
Weights: 1132.000000 21837.000000 5617.000000
Center Node: 652

District 13
Nodes: 28 30 74 97 99 116 128 138 159 175 197 212 227 243 246 257 280 283 288 298 352 362 392 407 434 437 444 452 468 587 588 639 663 668 686 704 707 722 778 808 813 829 843 847 881 893 929 932 958 980 983 1007 1055 1100 1103 1127 1130 1142 1156 1159 1170 1179 1228 1268 1274 1296 1321 1338 1385 1419 1532 1544 1586 1593 1595 1636 1663 1676 1698 1707 1753 1756 1807 1811 1840 1867 1870 1871 1898 1905 1925 1950 1959 1978 1983
Compactness: 7354.752624
Weights: 1186.000000 20893.000000 5549.000000
Center Node: 1321

District 14
Nodes: 32 36 42 76 87 88 102 135 215 236 239 266 267 330 373 381 419 421 460 480 482 483 514 519 525 544 548 560 571 598 606 624 638 661 685 703 705 712 735 743 744 750 760 804 826 832 837 845 871 900 905 946 976 998 1015 1025 1097 1129 1135 1161 1167 1169 1172 1199 1229 1230 1240 1254 1256 1297 1308 1310 1329 1380 1387 1425 1450 1458 1459 1474 1475 1486 1510 1545 1550 1555 1570 1607 1655 1681 1694 1716 1730 1734 1735 1745 1752 1759 1777 1830 1876 1884 1894 1897 1904 1954
Compactness: 12283.601749
Weights: 1237.000000 20492.000000 6074.000000
Center Node: 1716

District 15
Nodes: 24 25 26 44 46 83 105 122 152 155 163 165 201 255 256 269 291 306 315 319 321 335 359 361 391 422 436 450 456 484 495 520 526 532 569 577 600 601 642 649 677 680 706 733 747 748 821 822 828 854 861 877 891 904 914 915 917 1009 1020 1026 1028 1118 1119 1197 1317 1365 1375 1446 1496 1504 1505 1508 1524 1527 1573 1642 1645 1659 1696 1724 1727 1739 1760 1784 1803 1805 1817 1818 1832 1855 1875 1879 1895 1913 1946 1955 1976 1988
Compactness: 9047.207538
Weights: 1153.000000 21669.000000 6006.000000
Center Node: 44

District 16
Nodes: 20 68 121 162 187 198 234 333 334 353 357 390 394 397 399 413 425 435 505 506 538 547 610 619 622 646 670 675 676 702 720 757 765 779 805 810 820 872 878 898 908 927 934 970 971 991 1002 1010 1011 1017 1027 1067 1094 1107 1115 1134 1160 1162 1163 1187 1188 1204 1209 1221 1232 1243 1247 1264 1289 1290 1298 1300 1318 1325 1349 1362 1391 1397 1401 1404 1434 1461 1518 1520 1536 1559 1617 1666 1668 1683 1697 1704 1709 1715 1725 1737 1776 1783 1804 1838 1892 1896 1917 1957 1989
Compactness: 15461.217419
Weights: 1216.000000 21297.000000 5721.000000
Center Node: 1391

District 17
Nodes: 8 63 79 81 86 95 98 100 145 146 148 161 170 178 194 200 225 308 309 320 326 371 384 418 471 504 508 530 552 590 634 654 658 664 692 693 701 727 764 788 803 806 873 880 888 890 921 933 954 956 986 1014 1040 1045 1052 1070 1080 1114 1132 1145 1148 1149 1171 1177 1184 1215 1262 1271 1322 1371 1433 1457 1477 1495 1497 1498 1516 1540 1558 1577 1589 1609 1643 1705 1729 1733 1771 1774 1801 1815 1866 1908 1943 1968 1996
Compactness: 9241.937976
Weights: 1163.000000 20080.000000 5995.000000
Center Node: 1132

District 18
Nodes: 52 57 60 66 70 71 77 78 94 118 126 133 156 184 195 219 264 281 282 292 341 374 376 378 393 464 515 539 585 618 623 629 651 662 673 708 732 758 773 776 781 784 793 809 825 834 855 856 867 887 912 916 938 982 988 995 1030 1059 1093 1101 1143 1144 1165 1173 1191 1235 1238 1248 1280 1291 1335 1354 1356 1361 1381 1382 1438 1449 1480 1484 1487 1511 1598 1605 1657 1708 1726 1761 1798 1799 1848 1857 1860 1865 1887 1902 1928 1934 1999
Compactness: 8987.980508
Weights: 1137.000000 20737.000000 5751.000000
Center Node: 1798

District 19
Nodes: 22 37 64 90 183 228 232 253 254 273 274 302 347 348 369 379 427 433 463 542 549 563 611 625 636 684 688 696 724 728 816 857 869 876 882 895 926 953 978 992 1001 1038 1050 1057 1069 1078 1082 1098 1111 1113 1136 1141 1189 1196 1200 1219 1261 1266 1267 1275 1303 1305 1357 1367 1374 1389 1394 1396 1410 1464 1501 1517 1542 1580 1582 1639 1672 1678 1700 1749 1766 1769 1770 1778 1785 1793 1802 1813 1827 1846 1853 1919 1920 1922 1929 1931 1941
Compactness: 9001.211856
Weights: 1219.000000 19865.000000 5571.000000
Center Node: 1069

District 20
Nodes: 4 39 108 131 139 168 173 174 180 205 222 244 259 261 329 337 351 370 383 403 461 462 474 500 501 558 561 575 576 582 695 714 745 746 752 800 886 896 906 935 974 981 985 1006 1012 1019 1032 1039 1084 1085 1105 1112 1124 1125 1152 1190 1198 1210 1220 1272 1287 1344 1347 1377 1407 1440 1455 1460 1500 1535 1547 1578 1585 1596 1603 1611 1623 1650 1654 1675 1732 1736 1738 1744 1747 1779 1781 1789 1791 1819 1822 1854 1858 1859 1862 1864 1903 1912 1981 1987
Compactness: 15310.189314
Weights: 1220.000000 21490.000000 5609.000000
Center Node: 1272
