BalanceViolation 33.082500
AffinityLoss 3057.000000
Compactness 257507.029440

District 1
Nodes: 30 64 74 80 89 128 151 175 197 211 329 338 376 378 379 416 428 432 434 447 458 492 504 506 507 552 563 566 601 619 628 656 658 671 707 720 721 771 842 854 862 920 923 933 965 1002 1003 1018 1047 1073 1094 1104 1116 1146 1147 1192 1215 1224 1225 1230 1249 1271 1292 1300 1327 1340 1350 1351 1436 1437 1471 1473 1517 1529 1548 1553 1558 1578 1617 1630 1648 1691 1720 1741 1742 1753 1767 1805 1844 1845 1852 1895 1899 1901 1915 1918 1931 1934 1938
Compactness: 8454.486401
Weights: 1258.000000 20426.000000 5765.000000
Center Node: 506

District 2
Nodes: 17 29 58 104 153 155 167 171 172 186 201 236 266 273 285 292 322 336 343 344 345 361 363 408 442 483 539 547 550 571 635 669 704 731 766 768 774 797 843 844 878 901 949 1024 1026 1039 1045 1046 1051 1056 1083 1117 1150 1168 1174 1223 1241 1268 1270 1326 1338 1346 1367 1386 1396 1401 1423 1426 1474 1538 1542 1551 1586 1608 1618 1624 1628 1633 1645 1650 1662 1665 1725 1734 1735 1757 1764 1779 1781 1826 1843 1850 1882 1890 1953 1958 1980 1991
Compactness: 7618.837133
Weights: 1154.000000 19481.000000 5606.000000
Center Node: 1764

District 3
Nodes: 60 109 131 178 187 224 249 253 293 301 334 348 349 360 417 424 425 426 436 451 462 477 482 528 531 643 679 686 692 703 713 760 775 817 832 863 897 903 935 950 980 986 1004 1015 1025 1034 1068 1081 1096 1102 1118 1120 1123 1144 1158 1165 1170 1196 1222 1260 1269 1290 1301 1306 1334 1337 1353 1356 1369 1374 1380 1405 1429 1431 1441 1451 1459 1476 1505 1531 1570 1574 1588 1611 1612 1616 1629 1694 1704 1722 1730 1747 1791 1831 1838 1869 1889 1912 1941 1998
Compactness: 24153.299334
Weights: 1190.000000 20403.000000 6025.000000
Center Node: 1222

District 4
Nodes: 34 37 92 156 219 230 231 267 319 341 347 372 375 377 395 401 429 445 484 509 521 548 570 576 590 592 605 631 636 645 649 678 698 737 738 750 754 755 792 794 798 818 856 906 912 960 962 967 979 990 1032 1037 1041 1062 1072 1082 1099 1101 1111 1125 1141 1175 1186 1213 1239 1264 1284 1302 1304 1305 1361 1376 1383 1406 1419 1420 1455 1477 1526 1533 1554 1572 1581 1605 1671 1699 1715 1729 1749 1815 1816 1829 1866 1878 1916 1925 1942 1978 1999
Compactness: 10245.087554
Weights: 1254.000000 19433.000000 5626.000000
Center Node: 798

District 5
Nodes: 9 11 19 51 56 102 116 135 159 174 212 239 255 262 263 268 290 308 313 346 369 370 402 410 418 470 487 532 551 558 568 663 702 732 744 748 752 767 803 820 822 824 826 888 925 953 983 984 998 1005 1030 1038 1079 1091 1106 1127 1131 1163 1199 1206 1221 1244 1257 1273 1318 1321 1349 1366 1373 1379 1381 1397 1404 1456 1465 1481 1488 1498 1524 1599 1609 1647 1655 1659 1674 1679 1706 1709 1733 1736 1762 1780 1785 1799 1809 1813 1842 1873 1883 1886 1940 1954 1956 1971 1988 1994
Compactness: 10539.108144
Weights: 1260.000000 21243.000000 5977.000000
Center Node: 1842

District 6
Nodes: 48 67 86 97 100 107 114 136 145 148 180 182 223 247 275 287 328 330 339 362 394 464 503 514 559 567 581 659 684 716 719 726 735 762 763 770 776 779 785 791 807 836 850 855 869 886 913 915 936 943 956 995 1012 1059 1070 1086 1114 1122 1139 1187 1193 1201 1229 1283 1296 1297 1324 1395 1428 1449 1461 1466 1467 1499 1519 1536 1582 1637 1646 1649 1652 1658 1661 1707 1726 1797 1807 1822 1847 1871 1888 1928 1930 1939 1951 1963 1969 1984 1987 1990
Compactness: 8661.510409
Weights: 1258.000000 20140.000000 5602.000000
Center Node: 1649

District 7
Nodes: 2 3 13 23 28 33 54 65 82 115 176 192 196 248 277 278 280 302 340 390 391 414 439 468 474 478 488 490 496 513 602 612 674 696 728 734 757 759 773 799 811 830 859 865 867 879 941 958 977 988 1031 1050 1064 1076 1080 1088 1109 1142 1149 1153 1185 1189 1217 1219 1231 1289 1310 1315 1325 1344 1347 1391 1413 1454 1508 1510 1512 1521 1522 1528 1537 1549 1603 1621 1634 1651 1654 1693 1697 1716 1763 1771 1778 1787 1793 1812 1840 1933 1966 1981 1983
Compactness: 42033.124623
Weights: 1264.000000 20835.000000 5458.000000
Center Node: 1289

District 8
Nodes: 18 31 68 78 79 87 95 106 117 142 157 227 228 272 281 325 327 333 387 392 411 430 441 465 467 471 489 497 508 540 541 578 634 646 650 661 699 751 814 868 873 887 905 918 929 954 964 993 1014 1029 1040 1052 1069 1084 1113 1128 1143 1155 1166 1169 1173 1178 1179 1194 1251 1256 1287 1308 1329 1345 1365 1368 1384 1387 1433 1464 1489 1506 1516 1598 1604 1622 1657 1673 1677 1684 1687 1695 1710 1713 1750 1756 1773 1777 1837 1853 1855 1858 1874 1879 1920 1936 1944 1968 1974
Compactness: 11128.921892
Weights: 1263.000000 20601.000000 5517.000000
Center Node: 281

District 9
Nodes: 10 14 26 35 49 55 61 72 93 94 133 162 210 217 226 243 259 261 318 353 388 415 421 520 527 530 543 549 593 609 667 680 682 688 694 708 712 723 739 743 745 758 777 780 781 806 819 827 835 838 852 853 876 899 909 919 987 1008 1044 1121 1136 1140 1154 1171 1190 1252 1316 1323 1328 1333 1342 1363 1375 1390 1424 1503 1509 1518 1523 1530 1546 1566 1569 1580 1584 1644 1678 1688 1717 1718 1737 1739 1754 1776 1784 1801 1849 1854 1862 1880 1919 1923
Compactness: 9138.431416
Weights: 1214.000000 20217.000000 5934.000000
Center Node: 1154

District 10
Nodes: 6 15 39 66 76 91 118 121 125 134 168 179 188 190 198 199 205 206 237 245 270 289 307 335 357 397 407 409 453 454 494 562 604 618 624 625 653 662 685 690 695 717 725 736 764 782 812 816 839 851 866 908 937 948 952 981 997 999 1022 1061 1063 1097 1098 1115 1135 1151 1157 1161 1164 1183 1188 1279 1294 1335 1415 1425 1453 1475 1525 1595 1641 1692 1755 1760 1775 1789 1790 1798 1825 1827 1872 1885 1924 1943 1949 1967 1977 1979 1986 1993
Compactness: 8680.395620
Weights: 1146.000000 20843.000000 5514.000000
Center Node: 188

District 11
Nodes: 12 25 99 111 123 130 166 177 183 218 240 242 244 282 309 312 316 324 332 358 364 373 443 455 517 574 597 614 632 660 666 693 714 715 788 802 809 828 847 864 880 889 894 898 916 930 932 938 951 1009 1010 1017 1021 1028 1107 1162 1172 1177 1228 1232 1233 1242 1247 1288 1309 1364 1403 1417 1446 1450 1462 1487 1507 1541 1543 1560 1568 1579 1590 1597 1600 1636 1653 1664 1690 1703 1705 1711 1743 1772 1788 1800 1820 1834 1870 1896 1922 1927 1996
Compactness: 8524.299537
Weights: 1177.000000 19336.000000 5780.000000
Center Node: 1450

District 12
Nodes: 57 59 77 83 88 113 147 163 184 225 229 269 314 315 320 321 331 352 356 381 382 389 404 420 431 435 463 475 480 485 500 534 538 575 583 587 607 608 622 623 641 655 711 790 805 874 911 940 970 1007 1054 1057 1075 1078 1124 1134 1137 1184 1211 1218 1220 1227 1240 1248 1311 1322 1332 1357 1378 1382 1444 1457 1482 1495 1497 1527 1564 1607 1610 1686 1751 1765 1768 1770 1783 1794 1832 1859 1860 1898 1909 1911 1921 1959 1964 1975 1989 1992
Compactness: 9407.022582
Weights: 1207.000000 19619.000000 6016.000000
Center Node: 1482

District 13
Nodes: 4 24 70 71 75 85 139 165 191 298 303 326 366 398 419 444 491 498 536 577 595 603 629 644 648 673 676 677 691 705 730 747 756 761 772 784 796 813 857 907 927 947 955 963 968 971 972 974 975 989 991 1019 1053 1066 1100 1110 1180 1181 1202 1203 1204 1226 1246 1255 1280 1330 1339 1343 1407 1408 1422 1443 1490 1544 1550 1556 1602 1626 1640 1700 1712 1732 1748 1761 1804 1835 1839 1876 1884 1892 1907 1947 1960 1962 1985
Compactness: 9417.619731
Weights: 1191.000000 19587.000000 5498.000000
Center Node: 70

District 14
Nodes: 5 21 27 63 101 105 120 144 150 185 193 202 214 235 256 291 323 367 371 383 386 423 461 473 479 493 510 529 546 565 573 579 582 589 591 611 616 620 642 706 718 769 786 808 810 846 946 957 992 996 1001 1023 1036 1065 1077 1103 1200 1209 1235 1254 1278 1298 1313 1331 1352 1355 1360 1371 1392 1409 1410 1458 1504 1513 1514 1515 1545 1561 1562 1565 1567 1577 1591 1593 1601 1643 1680 1683 1689 1728 1744 1802 1811 1833 1848 1867 1877 1910 1945 1973 1976 1995
Compactness: 10906.565685
Weights: 1195.000000 20548.000000 6017.000000
Center Node: 1254

District 15
Nodes: 36 40 84 90 98 119 124 132 161 164 169 181 200 203 208 209 221 222 238 246 251 271 274 279 284 304 317 354 368 374 450 459 525 561 580 585 596 606 610 633 638 640 665 724 729 783 815 823 831 834 841 849 870 884 890 900 904 931 978 1033 1074 1092 1126 1129 1132 1145 1148 1159 1208 1212 1238 1250 1262 1299 1354 1359 1416 1418 1427 1435 1445 1468 1480 1483 1511 1532 1540 1552 1585 1614 1635 1663 1667 1676 1681 1701 1714 1738 1782 1806 1861 1868 1950 1972
Compactness: 12748.028410
Weights: 1212.000000 20653.000000 5996.000000
Center Node: 1427

District 16
Nodes: 0 7 22 38 96 108 110 143 173 204 213 220 232 234 250 252 260 276 288 306 342 403 405 437 456 460 501 516 518 523 535 537 588 594 599 600 613 617 626 675 681 710 727 749 765 789 845 860 877 881 885 893 917 921 942 959 966 973 1006 1042 1067 1089 1108 1130 1167 1197 1205 1245 1266 1267 1275 1320 1388 1389 1398 1411 1439 1448 1469 1472 1485 1493 1501 1502 1571 1573 1587 1639 1666 1672 1719 1759 1823 1824 1846 1863 1903 1908 1961
Compactness: 8696.826698
Weights: 1157.000000 21033.000000 5461.000000
Center Node: 1501

District 17
Nodes: 16 41 44 45 53 62 73 137 149 160 207 216 264 299 355 359 380 396 433 457 466 476 505 522 545 555 557 560 564 621 627 637 697 701 753 840 848 882 910 928 945 1000 1013 1020 1043 1048 1049 1055 1085 1090 1119 1191 1216 1234 1277 1286 1293 1295 1314 1341 1348 1372 1385 1399 1402 1414 1421 1430 1460 1470 1491 1496 1500 1520 1534 1555 1575 1583 1589 1594 1627 1668 1696 1702 1723 1786 1796 1808 1814 1818 1819 1891 1893 1904 1906 1932 1937 1955 1982
Compactness: 9725.892586
Weights: 1112.000000 21072.000000 6026.000000
Center Node: 1589

District 18
Nodes: 8 47 50 52 69 103 126 127 141 170 189 194 257 300 400 406 427 438 448 452 472 481 495 511 526 569 722 778 793 800 825 829 837 858 861 896 914 976 985 1016 1035 1087 1112 1152 1160 1176 1198 1210 1214 1243 1253 1259 1276 1317 1377 1393 1394 1400 1412 1432 1434 1442 1478 1479 1484 1494 1563 1576 1615 1620 1623 1682 1698 1724 1727 1731 1746 1766 1795 1821 1828 1857 1875 1902 1913 1914 1935 1948 1952 1957
Compactness: 16249.466828
Weights: 1160.000000 19448.000000 5483.000000
Center Node: 1243

District 19
Nodes: 1 32 43 81 112 122 140 158 215 233 241 258 295 297 305 311 350 351 384 385 393 412 413 422 446 512 519 524 533 544 556 615 630 639 647 652 672 689 700 709 740 801 804 821 871 872 875 895 902 922 924 939 944 969 994 1058 1133 1138 1207 1237 1261 1263 1272 1274 1336 1370 1447 1452 1486 1492 1535 1547 1559 1592 1613 1625 1631 1632 1642 1660 1669 1670 1675 1721 1745 1758 1774 1792 1803 1830 1836 1841 1856 1887 1897 1900 1917 1946 1970 1997
Compactness: 10401.069752
Weights: 1171.000000 20932.000000 5511.000000
Center Node: 351

District 20
Nodes: 20 42 46 129 138 146 152 154 195 254 265 283 286 294 296 310 337 365 399 440 449 469 486 499 502 515 542 553 554 572 584 586 598 651 654 657 664 668 670 683 687 733 741 742 746 787 795 833 883 891 892 926 934 961 982 1011 1027 1060 1071 1093 1095 1105 1156 1182 1195 1236 1258 1265 1281 1282 1285 1291 1303 1307 1312 1319 1358 1362 1438 1440 1463 1539 1557 1596 1606 1619 1638 1656 1685 1708 1740 1752 1769 1810 1817 1851 1864 1865 1881 1894 1905 1926 1929 1965
Compactness: 20777.035106
Weights: 1264.000000 20857.000000 6021.000000
Center Node: 833
