BalanceViolation 12782.840000
AffinityLoss 918.000000
Compactness 45125.869779

District 1
Nodes: 24 28 36 61 80 117 123 131 174 188 192 210 220 230 337 355 357 386 404 417 421 490
Compactness: 1255.368647
Weights: 267.000000 5240.000000 1239.000000
Center Node: 220

District 2
Nodes: 21 33 82 84 88 95 99 111 113 150 152 167 172 183 211 234 252 260 265 269 292 335 342 413 414 432 478
Compactness: 2567.700733
Weights: 322.000000 4823.000000 1400.000000
Center Node: 265

District 3
Nodes: 10 15 19 38 49 57 73 75 98 109 145 155 218 228 236 258 279 287 295 312 347 390 392 406 408 410 418 429 458 473
Compactness: 3200.152372
Weights: 393.000000 5309.000000 1749.000000
Center Node: 145

District 4
Nodes: 25 32 41 44 47 78 85 87 90 94 135 179 202 204 259 270 291 338 368 387 388 425 463 464 471
Compactness: 2015.247145
Weights: 256.000000 5829.000000 1398.000000
Center Node: 179

District 5
Nodes: 6 17 18 31 77 102 142 153 164 248 267 271 281 285 310 315 331 332 359 361 409 444 465 466 477 485 497
Compactness: 2159.315085
Weights: 339.000000 5189.000000 1461.000000
Center Node: 409

District 6
Nodes: 42 52 125 126 127 169 182 239 240 246 247 318 320 326 333 373 405 411 436 448 469 491 494
Compactness: 2039.823239
Weights: 243.000000 4825.000000 1484.000000
Center Node: 373

District 7
Nodes: 8 22 48 51 54 112 185 189 198 219 229 237 288 305 316 403 446 449
Compactness: 1405.139908
Weights: 223.000000 4042.000000 1017.000000
Center Node: 189

District 8
Nodes: 0 1 4 60 72 105 115 130 144 165 190 225 263 268 276 278 282 283 319 323 329 340 372 379 381 385 424 428 437 447 479 484 486 496
Compactness: 4046.117255
Weights: 371.000000 5890.000000 1719.000000
Center Node: 379

District 9
Nodes: 11 12 35 45 56 66 79 107 116 138 149 158 159 181 193 195 196 197 257 264 277 284 311 348 349 371 376 395 431 457 468 482 498
Compactness: 2821.411212
Weights: 396.000000 5689.000000 1915.000000
Center Node: 348

District 10
Nodes: 2 9 55 122 141 160 170 186 208 217 233 243 280 293 309 321 324 336 339 377 419 420 435 438 439 453
Compactness: 2631.033243
Weights: 302.000000 5289.000000 1676.000000
Center Node: 141

District 11
Nodes: 39 40 58 62 67 81 101 147 184 209 223 242 244 245 296 298 301 314 343 366 397 398 452 467 476
Compactness: 2150.841299
Weights: 270.000000 5154.000000 1394.000000
Center Node: 398

District 12
Nodes: 3 26 27 64 83 108 156 222 232 256 272 286 303 352 356 364 374 394 402 459 493
Compactness: 1625.703677
Weights: 238.000000 4798.000000 1192.000000
Center Node: 83

District 13
Nodes: 63 104 168 206 207 241 251 254 266 273 327 416 460 481
Compactness: 1093.431274
Weights: 133.000000 2644.000000 910.000000
Center Node: 168

District 14
Nodes: 29 50 68 91 93 103 121 128 166 203 238 275 297 330 369 382 393 399 470 483
Compactness: 1210.972937
Weights: 224.000000 4440.000000 1209.000000
Center Node: 297

District 15
Nodes: 14 34 74 118 140 143 146 157 176 214 224 235 253 261 299 300 341 353 363 378 383 396 422 430 441 442 456 472 499
Compactness: 3402.899698
Weights: 346.000000 5941.000000 1544.000000
Center Node: 74

District 16
Nodes: 16 97 163 180 221 227 231 250 322 325 344 345 362 367 370
Compactness: 1120.394054
Weights: 169.000000 2988.000000 849.000000
Center Node: 345

District 17
Nodes: 23 30 43 53 59 65 114 119 136 151 154 161 173 177 226 249 313 334 358 360 365 384 407 440 450 455 474 475 492 495
Compactness: 2728.147445
Weights: 353.000000 5613.000000 1626.000000
Center Node: 65

District 18
Nodes: 13 37 69 89 100 137 139 171 187 194 201 212 255 304 306 307 317 350 354 389 400 412 423 433 454 461
Compactness: 2105.925600
Weights: 298.000000 5254.000000 1411.000000
Center Node: 201

District 19
Nodes: 5 20 92 96 120 124 175 178 199 200 216 262 289 290 294 302 308 328 351 375 391 401 426 427 434 445 462 488 489
Compactness: 3167.563096
Weights: 346.000000 6157.000000 1902.000000
Center Node: 199

District 20
Nodes: 7 46 70 71 76 86 106 110 129 132 133 134 148 162 191 205 213 215 274 346 380 415 443 451 480 487
Compactness: 2378.681860
Weights: 300.000000 5195.000000 1396.000000
Center Node: 129
