BalanceViolation 0.000000
AffinityLoss 1297.000000
Compactness 110081.500574

District 1
Nodes: 0 11 32 37 49 56 82 87 93 95 97 115 128 139 144 167 173 181 200 221 228 301 302 306 308 310 322 330 386 389 421 446 475 484 501 563 616 620 627 639 691 711 734 758 766 836 849 883 892 905 929 964 988
Compactness: 4533.035221
Weights: 637.000000 10719.000000 3077.000000
Center Node: 306

District 2
Nodes: 26 48 71 77 90 119 127 153 168 177 185 208 215 223 224 255 275 282 313 344 361 369 392 433 476 508 513 551 596 601 617 625 634 646 672 696 726 732 767 768 783 837 838 845 856 865 925 956 961 977 985 997
Compactness: 6143.666418
Weights: 617.000000 10763.000000 3029.000000
Center Node: 625

District 3
Nodes: 14 28 36 42 61 89 250 320 356 381 404 412 418 428 438 449 453 481 498 511 536 572 586 623 662 684 687 693 698 700 748 753 775 778 784 804 824 835 850 897 923 930 950 955 960 962 987 990
Compactness: 4586.082403
Weights: 608.000000 10454.000000 2899.000000
Center Node: 824

District 4
Nodes: 35 47 69 105 133 178 199 207 212 237 258 264 266 267 281 283 287 328 343 417 420 441 544 567 580 588 589 605 630 631 643 653 657 671 728 741 819 822 843 858 895 938 974 982 996 998
Compactness: 6325.889456
Weights: 600.000000 10079.000000 3110.000000
Center Node: 728

District 5
Nodes: 51 118 141 151 154 165 183 205 265 270 273 292 293 300 380 394 424 450 455 466 477 487 493 518 520 522 535 549 552 558 560 582 610 636 712 730 803 806 807 832 851 857 868 888 903 939 941 966 995
Compactness: 6666.240840
Weights: 608.000000 10140.000000 2839.000000
Center Node: 966

District 6
Nodes: 1 4 5 6 18 24 55 111 134 136 147 150 191 227 234 235 243 247 280 318 319 340 406 437 448 461 480 490 530 592 607 615 654 668 680 683 733 787 800 815 828 859 866 881 884 894 900 904 922 928 980
Compactness: 6171.348298
Weights: 632.000000 10957.000000 3078.000000
Center Node: 318

District 7
Nodes: 30 53 68 88 113 131 135 182 202 251 254 269 277 285 289 312 323 393 427 439 442 459 465 497 515 528 534 550 554 578 604 628 637 644 647 661 694 718 725 727 731 761 781 791 798 801 814 833 841 842 852 891
Compactness: 6455.346990
Weights: 637.000000 10816.000000 3014.000000
Center Node: 725

District 8
Nodes: 7 60 64 79 102 103 129 137 160 175 180 231 262 297 321 325 333 335 337 349 367 371 384 405 416 470 489 517 523 557 566 571 573 584 612 614 655 704 751 765 772 889 908 912 953 971 975 999
Compactness: 6315.268869
Weights: 589.000000 10165.000000 2844.000000
Center Node: 971

District 9
Nodes: 2 8 20 21 54 83 100 110 112 125 166 186 211 217 238 241 272 307 363 372 385 401 411 467 474 539 548 574 590 597 609 651 666 676 677 679 692 697 723 755 811 846 880 893 927 965 983 984 991
Compactness: 7346.331671
Weights: 604.000000 10793.000000 2873.000000
Center Node: 927

District 10
Nodes: 52 72 75 106 130 148 161 192 225 256 257 278 290 295 305 359 360 368 391 422 454 463 468 510 532 540 564 575 577 583 608 649 665 678 702 721 737 757 769 774 780 785 796 802 830 844 861 872 876 899 913 942
Compactness: 4049.990860
Weights: 622.000000 10603.000000 3003.000000
Center Node: 564

District 11
Nodes: 38 62 65 76 78 86 94 104 132 142 149 157 162 163 170 204 279 288 291 299 317 326 327 378 397 408 410 413 415 431 444 473 478 492 533 556 594 599 611 656 670 681 717 724 739 818 847 869 870 873 882 890 951 989
Compactness: 5876.618643
Weights: 602.000000 10376.000000 3096.000000
Center Node: 38

District 12
Nodes: 66 85 109 152 169 184 198 209 213 244 253 261 284 298 332 362 375 398 409 425 430 435 447 458 472 500 542 559 565 598 619 624 667 689 743 782 827 862 878 898 909 911 917 920 944 967 968 994
Compactness: 4236.774346
Weights: 595.000000 10334.000000 2840.000000
Center Node: 298

District 13
Nodes: 23 41 70 73 101 124 176 193 216 218 230 296 329 331 336 366 374 382 383 388 400 445 469 491 496 546 581 626 638 642 648 701 706 709 713 729 754 763 770 777 790 793 823 829 831 848 863 875 931 936 945 993
Compactness: 4771.999312
Weights: 587.000000 10963.000000 3056.000000
Center Node: 218

District 14
Nodes: 3 17 39 57 84 96 98 107 108 116 123 126 201 242 304 316 339 352 414 423 426 429 432 434 486 514 521 543 545 562 569 595 600 618 663 674 682 690 695 742 776 786 797 810 821 864 874 879 886 902 915 947 952 963 992
Compactness: 6174.728479
Weights: 615.000000 10774.000000 2978.000000
Center Node: 432

District 15
Nodes: 22 29 40 74 81 117 121 138 156 190 194 195 206 245 249 303 338 346 354 364 377 402 403 407 443 502 538 561 576 640 645 652 710 722 735 752 760 771 773 779 813 855 860 901 907 916 954 970
Compactness: 5417.387733
Weights: 582.000000 10419.000000 3110.000000
Center Node: 194

District 16
Nodes: 15 19 44 46 50 122 145 146 158 171 179 222 226 239 248 271 274 341 351 357 379 387 503 519 555 579 587 593 633 658 669 716 736 744 749 762 764 789 792 809 816 817 820 839 933 934 946 948 949
Compactness: 4605.225848
Weights: 632.000000 11055.000000 2860.000000
Center Node: 762

District 17
Nodes: 33 63 120 155 159 174 188 214 219 232 233 246 315 324 350 353 373 390 395 440 452 471 488 506 509 526 541 568 585 591 629 632 650 660 664 675 699 707 708 747 794 853 871 885 896 919 924 940 943 957 976 979 986
Compactness: 5336.556715
Weights: 640.000000 10943.000000 3105.000000
Center Node: 699

District 18
Nodes: 9 31 43 99 143 164 196 220 229 236 252 268 276 309 311 345 436 462 482 485 505 507 512 516 527 537 547 570 602 686 688 703 719 738 745 746 750 812 826 834 840 877 918 926 958 972
Compactness: 5493.179818
Weights: 583.000000 10489.000000 2877.000000
Center Node: 311

District 19
Nodes: 13 16 27 45 58 59 67 91 114 172 187 197 210 240 263 294 314 342 347 348 396 399 419 457 483 495 499 504 524 531 603 606 613 621 635 673 685 705 756 759 808 906 914 932 935 937 969 981
Compactness: 4583.132386
Weights: 616.000000 10160.000000 3073.000000
Center Node: 603

District 20
Nodes: 10 12 25 34 80 92 140 189 203 259 260 286 334 355 358 365 370 376 451 456 460 464 479 494 525 529 553 622 641 659 714 715 720 740 788 795 799 805 825 854 867 887 910 921 959 973 978
Compactness: 4992.696267
Weights: 600.000000 10041.000000 2923.000000
Center Node: 553
