BalanceViolation 776.144000
AffinityLoss 3810.000000
Compactness 132026.406411

District 1
Nodes: 16 22 101 105 167 209 228 255 274 304 342 379 433 463 521 549 605 611 684 748 854 869 1061 1138 1189 1200 1410 1463 1501 1749 1772 1778 1827 1846 1853 1913 1922 1955
Compactness: 2350.372905
Weights: 496.000000 8160.000000 2210.000000
Center Node: 22

District 2
Nodes: 55 69 76 87 141 284 360 446 460 507 554 573 580 613 660 818 866 950 1021 1037 1060 1147 1199 1277 1308 1310 1319 1416 1456 1462 1579 1601 1788 1800 1814 1893 1939 1947 1998
Compactness: 2698.785603
Weights: 480.000000 7931.000000 2367.000000
Center Node: 1310

District 3
Nodes: 1 41 45 132 137 233 248 296 303 307 400 466 578 591 610 621 632 641 678 785 858 863 925 947 972 1000 1005 1033 1035 1221 1231 1237 1318 1417 1485 1554 1614 1617 1658 1796 1957 1975
Compactness: 2688.785354
Weights: 501.000000 8005.000000 2307.000000
Center Node: 466

District 4
Nodes: 124 147 286 313 363 454 465 477 488 493 517 637 672 780 874 942 959 965 1086 1120 1242 1294 1421 1431 1452 1533 1549 1572 1651 1665 1711 1786 1787 1808 1935 1970
Compactness: 1782.768634
Weights: 448.000000 7957.000000 2380.000000
Center Node: 147

District 5
Nodes: 91 131 136 173 180 223 240 259 383 408 500 575 647 734 836 963 981 1084 1109 1152 1236 1311 1344 1427 1440 1465 1531 1596 1603 1675 1743 1779 1826 1854 1856 1864 1915 1932 1971 1986 1997
Compactness: 2074.027770
Weights: 503.000000 8618.000000 2233.000000
Center Node: 1311

District 6
Nodes: 10 57 59 70 134 156 217 277 455 475 515 585 618 673 691 781 825 1157 1158 1192 1222 1255 1257 1309 1336 1386 1432 1473 1553 1615 1627 1641 1790 1839 1848 1851 1865 1921 1928 1990
Compactness: 2649.093549
Weights: 478.000000 8590.000000 2280.000000
Center Node: 156

District 7
Nodes: 25 49 155 280 316 409 449 458 526 528 532 568 569 581 730 747 789 851 961 1024 1119 1122 1355 1375 1412 1413 1496 1508 1591 1594 1644 1645 1717 1760 1806 1831 1837 1843
Compactness: 2206.016718
Weights: 448.000000 8707.000000 2294.000000
Center Node: 1760

District 8
Nodes: 63 86 145 170 187 194 225 320 471 547 634 654 788 803 873 878 880 888 898 986 1011 1014 1040 1052 1114 1184 1187 1188 1232 1371 1477 1516 1540 1577 1643 1705 1776 1801 1866 1989
Compactness: 2063.253322
Weights: 485.000000 7891.000000 2399.000000
Center Node: 1114

District 9
Nodes: 39 50 263 276 290 346 350 365 462 558 653 690 695 860 886 985 1029 1042 1063 1085 1372 1455 1535 1541 1547 1578 1602 1611 1623 1626 1650 1713 1812 1819 1822 1863 1966
Compactness: 2129.985809
Weights: 466.000000 8527.000000 2348.000000
Center Node: 462

District 10
Nodes: 239 267 278 297 401 511 512 514 624 638 685 703 716 750 760 804 845 946 998 1041 1047 1077 1129 1161 1169 1297 1418 1425 1474 1475 1486 1494 1655 1681 1730 1764 1767 1777 1884 1904
Compactness: 2820.810715
Weights: 458.000000 7835.000000 2302.000000
Center Node: 750

District 11
Nodes: 8 168 189 200 287 325 351 405 423 473 510 524 567 602 679 726 754 795 800 936 993 1081 1095 1121 1220 1239 1252 1260 1405 1453 1556 1575 1762 1791 1885 1891 1908 1916 1969 1991 1992 1996
Compactness: 2193.365622
Weights: 457.000000 8660.000000 2202.000000
Center Node: 473

District 12
Nodes: 29 75 96 125 160 211 213 224 389 537 597 614 625 699 721 761 763 849 859 928 1038 1092 1153 1196 1261 1285 1305 1389 1396 1502 1539 1571 1580 1672 1702 1773 1877 1878 1919
Compactness: 2855.155698
Weights: 501.000000 8020.000000 2403.000000
Center Node: 1672

District 13
Nodes: 34 279 295 335 406 418 428 470 495 502 550 615 633 657 797 807 812 853 868 910 951 962 977 1026 1083 1108 1131 1185 1206 1286 1343 1390 1411 1439 1505 1528 1546 1624 1900
Compactness: 2699.181061
Weights: 479.000000 8605.000000 2407.000000
Center Node: 1343

District 14
Nodes: 0 142 301 305 310 322 324 352 362 382 385 531 545 565 586 709 715 717 736 791 801 1055 1154 1201 1213 1227 1234 1273 1314 1348 1385 1552 1622 1646 1652 1740 1823 1868 1942
Compactness: 2203.370015
Weights: 471.000000 8735.000000 2285.000000
Center Node: 1213

District 15
Nodes: 20 38 166 231 333 343 353 397 440 506 538 646 670 676 737 765 820 872 908 990 1002 1010 1017 1107 1160 1209 1264 1290 1349 1362 1391 1471 1569 1683 1703 1709 1725 1754 1758 1783 1838 1917
Compactness: 7948.783324
Weights: 493.000000 7957.000000 2213.000000
Center Node: 820

District 16
Nodes: 43 58 150 367 525 753 783 792 827 903 916 944 976 1018 1097 1099 1117 1256 1293 1320 1333 1341 1345 1346 1458 1481 1543 1545 1568 1574 1588 1590 1682 1775 1780 1841 1876
Compactness: 2386.620116
Weights: 412.000000 7959.000000 2415.000000
Center Node: 367

District 17
Nodes: 21 52 60 66 118 133 199 238 281 285 374 393 426 509 539 758 767 770 834 867 982 1030 1059 1093 1144 1165 1280 1301 1315 1352 1382 1388 1438 1484 1487 1629 1708 1798 1828 1887 1888 1967 1973
Compactness: 3348.771193
Weights: 435.000000 8735.000000 2431.000000
Center Node: 834

District 18
Nodes: 74 99 128 138 159 175 197 257 288 392 437 444 588 639 663 686 704 813 829 843 847 893 929 983 1007 1103 1130 1268 1544 1663 1698 1707 1753 1756 1807 1840 1867 1983
Compactness: 2057.015759
Weights: 474.000000 8420.000000 2295.000000
Center Node: 159

District 19
Nodes: 121 162 249 334 357 390 413 425 505 599 622 644 675 702 720 757 779 875 909 927 934 970 1067 1094 1146 1247 1300 1325 1401 1434 1461 1518 1536 1559 1647 1666 1697 1699 1751 1804 1892 1896
Compactness: 2756.518855
Weights: 448.000000 8742.000000 2013.000000
Center Node: 413

District 20
Nodes: 112 127 154 164 178 317 349 396 399 414 552 574 619 693 762 967 1045 1070 1072 1128 1162 1163 1176 1193 1194 1218 1289 1295 1376 1415 1445 1562 1618 1640 1668 1671 1704 1923 1936 1948
Compactness: 2607.509908
Weights: 435.000000 7920.000000 2402.000000
Center Node: 1289

District 21
Nodes: 26 44 46 83 163 256 269 306 315 319 361 391 436 450 484 600 601 677 706 733 786 828 877 891 914 917 1020 1028 1140 1208 1317 1365 1739 1817 1879 1895 1946 1988
Compactness: 1952.845773
Weights: 455.000000 7888.000000 2434.000000
Center Node: 83

District 22
Nodes: 7 24 114 117 152 165 201 210 344 355 359 411 422 445 520 608 612 649 669 755 904 966 1118 1139 1197 1278 1312 1384 1428 1504 1514 1524 1612 1642 1659 1667 1680 1818 1832 1850 1875 1907 1938 1976
Compactness: 3067.512064
Weights: 502.000000 8739.000000 2368.000000
Center Node: 1667

District 23
Nodes: 5 111 140 185 216 439 441 478 498 501 527 555 603 616 665 681 683 697 714 833 935 979 989 997 1012 1013 1074 1190 1198 1225 1263 1327 1447 1493 1500 1521 1551 1637 1674
Compactness: 1908.857000
Weights: 453.000000 8699.000000 2331.000000
Center Node: 1074

District 24
Nodes: 12 42 72 84 107 169 196 235 388 410 430 461 474 745 752 768 823 824 835 906 1006 1032 1034 1044 1079 1105 1287 1370 1424 1441 1460 1470 1557 1653 1732 1736 1738 1858 1859 1912 1940 1981
Compactness: 2846.308088
Weights: 503.000000 8512.000000 2202.000000
Center Node: 12

District 25
Nodes: 64 90 183 254 273 369 427 542 563 636 688 696 724 728 816 857 876 882 953 978 992 1057 1069 1078 1098 1136 1141 1303 1357 1374 1464 1542 1639 1678 1766 1770 1793 1802 1813 1920 1929
Compactness: 2258.636485
Weights: 505.000000 8420.000000 2201.000000
Center Node: 90

District 26
Nodes: 18 79 100 198 326 339 371 384 394 469 508 530 764 769 777 787 806 890 933 991 1051 1076 1149 1181 1223 1244 1262 1271 1284 1478 1495 1497 1498 1558 1589 1719 1737 1750 1765 1873
Compactness: 2065.183710
Weights: 507.000000 7964.000000 2361.000000
Center Node: 787

District 27
Nodes: 56 82 135 215 264 292 330 373 419 421 483 548 560 598 606 705 732 773 776 826 871 887 902 938 1096 1104 1235 1240 1254 1329 1380 1570 1598 1605 1607 1799 1894 1897 1902 1909 1951 1954
Compactness: 2946.772372
Weights: 494.000000 8685.000000 2385.000000
Center Node: 887

District 28
Nodes: 30 40 116 172 323 407 429 434 452 494 518 589 668 707 778 790 881 899 930 932 1106 1127 1142 1159 1226 1228 1340 1587 1592 1636 1673 1689 1810 1825 1881 1898 1925 1944 1953
Compactness: 2560.374728
Weights: 497.000000 8447.000000 2205.000000
Center Node: 40

District 29
Nodes: 98 139 148 161 244 261 329 337 340 370 403 504 557 576 582 664 692 921 1019 1039 1112 1145 1164 1272 1288 1306 1347 1364 1408 1430 1609 1654 1679 1731 1747 1774 1781 1789 1815 1910 1987
Compactness: 2023.622827
Weights: 484.000000 8705.000000 2327.000000
Center Node: 1781

District 30
Nodes: 13 68 143 186 221 229 258 402 404 448 451 472 490 491 667 759 799 802 821 861 870 918 937 971 1115 1134 1243 1292 1328 1351 1414 1437 1446 1573 1661 1685 1797 1805 1906 1979
Compactness: 3069.471877
Weights: 500.000000 8524.000000 2362.000000
Center Node: 229

District 31
Nodes: 153 190 218 250 252 294 331 338 356 481 710 839 1056 1088 1090 1123 1202 1282 1324 1393 1442 1448 1523 1563 1567 1610 1619 1633 1634 1649 1670 1691 1693 1701 1714 1721 1809 1835 1914 1965 1993
Compactness: 2872.101729
Weights: 459.000000 7751.000000 2440.000000
Center Node: 1693

District 32
Nodes: 77 171 184 195 204 219 230 282 341 387 623 651 662 749 793 809 988 995 1101 1143 1183 1233 1238 1248 1276 1291 1354 1361 1381 1449 1480 1511 1677 1726 1860 1886 1934 1982
Compactness: 2306.343271
Weights: 417.000000 7906.000000 2416.000000
Center Node: 1860

District 33
Nodes: 65 157 234 271 416 435 485 543 556 572 751 756 805 810 884 894 907 1023 1027 1031 1048 1204 1258 1269 1298 1397 1404 1429 1468 1520 1522 1566 1608 1620 1656 1706 1715 1834 1930 1952 1964 1984
Compactness: 2945.278993
Weights: 497.000000 8643.000000 2211.000000
Center Node: 485

District 34
Nodes: 14 19 23 62 251 289 377 386 417 596 609 627 628 640 729 742 782 830 838 841 842 844 913 1066 1246 1279 1302 1334 1358 1360 1420 1467 1565 1584 1616 1664 1842 1869 1899 1918 1927 1963 1985
Compactness: 3261.034596
Weights: 497.000000 8290.000000 2382.000000
Center Node: 844

District 35
Nodes: 2 11 31 33 61 73 93 193 318 376 378 415 464 503 516 553 593 607 711 922 964 1054 1173 1281 1299 1335 1422 1451 1534 1576 1628 1648 1723 1741 1836 1880 1924 1933 1977
Compactness: 2471.774029
Weights: 485.000000 8681.000000 2291.000000
Center Node: 11

District 36
Nodes: 48 71 120 188 203 293 366 438 443 453 496 689 798 815 840 865 911 919 924 996 1049 1151 1182 1212 1250 1316 1339 1363 1368 1378 1469 1515 1519 1561 1625 1632 1720 1746 1882 1999
Compactness: 2399.936375
Weights: 494.000000 8186.000000 2428.000000
Center Node: 1316

District 37
Nodes: 3 104 106 129 130 179 241 298 358 529 536 655 656 687 740 811 819 975 1016 1053 1087 1091 1137 1186 1211 1259 1313 1330 1402 1426 1436 1443 1444 1476 1489 1492 1687 1794 1811 1833 1901 1972
Compactness: 2350.011992
Weights: 460.000000 7986.000000 2321.000000
Center Node: 1211

District 38
Nodes: 37 53 122 158 202 232 253 291 302 348 522 577 584 595 642 680 895 915 926 943 1050 1082 1111 1113 1219 1267 1275 1435 1483 1491 1517 1527 1582 1613 1692 1696 1700 1724 1803 1941
Compactness: 4270.566827
Weights: 500.000000 8569.000000 2378.000000
Center Node: 1275

District 39
Nodes: 32 36 88 102 177 262 395 482 562 564 571 630 659 666 698 712 741 775 850 883 1008 1116 1124 1172 1253 1323 1450 1510 1548 1555 1734 1735 1820 1829 1847 1862 1890 1945
Compactness: 2564.956776
Weights: 506.000000 8585.000000 2211.000000
Center Node: 1735

District 40
Nodes: 81 95 146 268 308 309 375 476 513 533 559 590 658 701 727 766 931 954 956 1080 1132 1148 1171 1177 1215 1322 1433 1457 1729 1733 1771 1943 1961 1968
Compactness: 1686.750695
Weights: 391.000000 8158.000000 2375.000000
Center Node: 1177

District 41
Nodes: 80 192 208 236 247 266 336 381 480 519 534 544 661 719 735 743 744 832 837 900 905 949 968 1015 1025 1126 1135 1167 1229 1230 1387 1459 1472 1550 1694 1716 1745 1752 1759 1830 1874 1956 1995
Compactness: 2834.132583
Weights: 474.000000 7921.000000 2439.000000
Center Node: 1025

District 42
Nodes: 47 144 214 242 245 300 368 442 467 489 523 566 617 774 817 892 901 952 994 1155 1174 1216 1217 1270 1332 1353 1399 1423 1488 1503 1529 1621 1631 1669 1718 1748 1768 1792 1821 1958 1980
Compactness: 2337.966186
Weights: 495.000000 8238.000000 2399.000000
Center Node: 1980

District 43
Nodes: 27 28 92 97 212 227 243 246 270 283 332 424 468 497 587 722 808 958 1071 1100 1156 1170 1274 1283 1296 1321 1338 1342 1532 1586 1593 1595 1676 1852 1870 1871 1905 1950 1959 1978
Compactness: 3412.100712
Weights: 500.000000 8193.000000 2381.000000
Center Node: 1959

District 44
Nodes: 17 51 103 109 113 272 380 499 551 570 583 650 671 674 713 879 885 955 1003 1058 1064 1065 1068 1110 1150 1241 1265 1403 1506 1512 1513 1526 1538 1583 1599 1742 1755 1757 1795 1824 1845 1849 1911
Compactness: 2768.423571
Weights: 529.000000 7917.000000 2326.000000
Center Node: 1403

District 45
Nodes: 15 115 151 182 237 260 265 311 312 314 327 347 432 447 487 541 579 626 682 862 920 939 940 945 1001 1004 1168 1251 1266 1326 1367 1383 1394 1395 1525 1537 1769 1785 1931
Compactness: 2573.991131
Weights: 484.000000 8658.000000 2180.000000
Center Node: 626

District 46
Nodes: 181 299 321 456 457 479 540 604 731 739 822 831 846 948 957 980 987 999 1009 1075 1089 1178 1179 1224 1245 1359 1379 1400 1409 1419 1454 1490 1630 1635 1727 1728 1782 1784 1844 1855
Compactness: 1868.595799
Weights: 488.000000 8317.000000 2256.000000
Center Node: 999

District 47
Nodes: 78 94 123 126 191 206 364 398 492 629 700 708 784 814 848 855 856 912 960 969 984 1102 1166 1175 1191 1195 1207 1356 1466 1482 1509 1604 1657 1660 1662 1686 1688 1761 1857 1994
Compactness: 2222.785404
Weights: 499.000000 7959.000000 2392.000000
Center Node: 1207

District 48
Nodes: 6 35 67 85 110 119 176 207 226 412 431 594 648 652 771 794 889 897 1036 1046 1073 1331 1350 1369 1373 1479 1499 1581 1606 1684 1695 1712 1722 1816 1861 1872 1883 1962 1974
Compactness: 2406.126360
Weights: 482.000000 8750.000000 2208.000000
Center Node: 1369

District 49
Nodes: 4 108 174 220 222 275 328 345 372 459 486 546 561 631 635 643 723 725 746 772 896 973 974 1125 1133 1180 1210 1307 1377 1398 1406 1407 1507 1530 1560 1744 1763 1903 1960
Compactness: 2323.630616
Weights: 499.000000 8577.000000 2248.000000
Center Node: 345

District 50
Nodes: 9 54 89 149 205 354 420 535 592 620 645 694 718 738 796 852 864 923 941 1022 1043 1062 1203 1205 1214 1249 1304 1337 1366 1392 1564 1585 1597 1600 1638 1690 1710 1889 1926 1937 1949
Compactness: 2930.121911
Weights: 500.000000 8668.000000 2423.000000
Center Node: 1392
