BalanceViolation 1237.005000
AffinityLoss 0.000000
Compactness 60375.138700

District 1
Nodes: 1 67 69 72 93 195 208 232 281 329 359 498 553 633 711 724 813 943 949
Compactness: 1069.061791
Weights: 246.000000 4403.000000 1133.000000
Center Node: 633

District 2
Nodes: 146 163 176 200 214 282 287 296 400 411 608 635 659 696 733 734 801 962 972
Compactness: 927.659066
Weights: 218.000000 4292.000000 1050.000000
Center Node: 696

District 3
Nodes: 63 100 118 203 298 313 449 483 501 527 613 842 883 927 948 980 996
Compactness: 1142.332461
Weights: 230.000000 4444.000000 1082.000000
Center Node: 996

District 4
Nodes: 32 40 49 52 169 231 243 301 306 348 361 371 456 590 621 646 666 742 763 838 887 935
Compactness: 1151.372875
Weights: 245.000000 4163.000000 1135.000000
Center Node: 646

District 5
Nodes: 14 24 55 168 327 433 435 451 477 491 549 676 732 817 836 851 853 855 874
Compactness: 1288.181612
Weights: 261.000000 4093.000000 1191.000000
Center Node: 817

District 6
Nodes: 103 153 167 444 597 649 669 692 703 715 736 755 795 828 897 951 958 982
Compactness: 781.412900
Weights: 229.000000 4063.000000 1186.000000
Center Node: 755

District 7
Nodes: 6 7 16 34 161 172 297 396 465 476 550 552 585 679 751 804 859 915 925 933 946
Compactness: 1091.317624
Weights: 262.000000 4039.000000 1204.000000
Center Node: 925

District 8
Nodes: 18 122 135 199 219 239 240 276 468 562 574 588 670 685 774 824 848 849 858 886
Compactness: 1399.715114
Weights: 280.000000 4280.000000 1196.000000
Center Node: 239

District 9
Nodes: 51 88 139 150 222 236 342 380 429 440 530 543 718 746 752 919 932 973 988
Compactness: 1219.265933
Weights: 260.000000 4370.000000 1040.000000
Center Node: 429

District 10
Nodes: 4 17 87 92 120 235 335 387 388 389 416 486 565 625 728 832 845 910 998
Compactness: 1200.248290
Weights: 270.000000 4169.000000 1111.000000
Center Node: 17

District 11
Nodes: 15 36 68 82 121 259 305 382 384 420 438 482 514 525 542 640 661 690 869 870 896 903 978
Compactness: 1891.142336
Weights: 264.000000 3750.000000 1379.000000
Center Node: 382

District 12
Nodes: 20 76 123 126 274 290 314 383 509 510 516 532 534 643 672 758 776 857 912 918 941 997
Compactness: 1323.330861
Weights: 289.000000 4251.000000 1094.000000
Center Node: 516

District 13
Nodes: 9 75 106 207 270 318 357 369 427 513 547 572 577 658 737 756 834 840 899 909
Compactness: 1288.081151
Weights: 240.000000 4238.000000 1057.000000
Center Node: 737

District 14
Nodes: 26 41 165 186 218 294 356 377 410 443 519 535 563 660 682 695 731 802 830 971
Compactness: 1330.054511
Weights: 198.000000 4413.000000 1104.000000
Center Node: 535

District 15
Nodes: 48 78 127 183 223 227 249 310 323 372 521 524 526 592 634 713 753 862 868 871 945
Compactness: 1819.003604
Weights: 256.000000 4052.000000 1129.000000
Center Node: 634

District 16
Nodes: 43 174 178 246 252 260 394 447 450 564 571 604 687 689 748 791 811 901 924 928
Compactness: 969.846957
Weights: 209.000000 4023.000000 1162.000000
Center Node: 447

District 17
Nodes: 101 102 145 185 215 258 302 326 419 599 611 656 684 745 785 819 829 831 937 968
Compactness: 1671.188250
Weights: 248.000000 4032.000000 1123.000000
Center Node: 785

District 18
Nodes: 8 38 105 141 171 204 221 268 295 319 330 406 508 561 708 719 781 788 794
Compactness: 1462.817715
Weights: 226.000000 4329.000000 1190.000000
Center Node: 508

District 19
Nodes: 74 98 107 220 267 271 291 333 404 481 560 582 615 616 650 671 678 934 990
Compactness: 920.144106
Weights: 253.000000 4216.000000 1148.000000
Center Node: 74

District 20
Nodes: 25 110 190 283 292 362 385 461 464 557 558 575 605 614 675 723 739 777 796 917
Compactness: 1001.225851
Weights: 249.000000 4049.000000 1195.000000
Center Node: 605

District 21
Nodes: 198 201 257 277 341 347 421 480 504 505 541 596 617 665 681 710 716 816 892 942
Compactness: 923.625130
Weights: 242.000000 4447.000000 1129.000000
Center Node: 277

District 22
Nodes: 104 148 407 417 500 569 637 653 704 714 754 767 778 792 798 890 954 956 979
Compactness: 1185.852515
Weights: 222.000000 3996.000000 1034.000000
Center Node: 792

District 23
Nodes: 23 31 59 65 96 136 162 202 263 286 489 579 607 636 667 717 741 805 876 938
Compactness: 1315.187415
Weights: 227.000000 4426.000000 1166.000000
Center Node: 136

District 24
Nodes: 10 132 147 445 446 474 528 555 587 628 642 673 688 691 809 825 877 907 911 939
Compactness: 1025.338179
Weights: 271.000000 3992.000000 1182.000000
Center Node: 555

District 25
Nodes: 61 114 170 205 244 251 379 434 529 537 581 639 651 706 803 861 863 865 891 944 985
Compactness: 894.028358
Weights: 238.000000 4450.000000 1196.000000
Center Node: 944

District 26
Nodes: 44 95 128 143 155 173 315 426 431 632 644 645 721 822 839 873 875 894 895
Compactness: 941.092530
Weights: 231.000000 4412.000000 1200.000000
Center Node: 822

District 27
Nodes: 79 94 175 188 264 272 288 309 321 355 366 448 520 595 638 686 709 815 833 844 991
Compactness: 1274.790274
Weights: 238.000000 4327.000000 1189.000000
Center Node: 309

District 28
Nodes: 2 64 124 140 154 179 194 210 241 381 439 522 523 629 654 694 726 744 814 881
Compactness: 1132.459398
Weights: 217.000000 4461.000000 1128.000000
Center Node: 726

District 29
Nodes: 54 164 184 228 229 247 275 303 425 436 490 531 657 789 913 931 936 975 995
Compactness: 1041.844319
Weights: 229.000000 4219.000000 1207.000000
Center Node: 490

District 30
Nodes: 19 45 116 151 187 280 284 307 312 452 488 515 538 584 749 761 841 900 921 922 947
Compactness: 1031.526609
Weights: 248.000000 4238.000000 1194.000000
Center Node: 116

District 31
Nodes: 53 119 180 409 412 430 460 466 475 540 546 586 601 620 674 680 683 760 770 929
Compactness: 1195.334988
Weights: 252.000000 4288.000000 1094.000000
Center Node: 546

District 32
Nodes: 27 144 216 233 242 265 279 338 375 441 493 511 698 702 705 823 827 846 856 885 916 983
Compactness: 1476.669222
Weights: 254.000000 4368.000000 1180.000000
Center Node: 983

District 33
Nodes: 237 273 332 395 414 418 424 568 623 626 677 693 779 783 797 812 879 884 904 906
Compactness: 1009.487734
Weights: 241.000000 4445.000000 1134.000000
Center Node: 418

District 34
Nodes: 177 254 300 308 320 358 364 367 393 402 432 518 573 727 793 806 837 940 953 974
Compactness: 1411.636495
Weights: 218.000000 4420.000000 1157.000000
Center Node: 358

District 35
Nodes: 50 73 181 250 269 311 316 349 391 467 499 578 583 648 663 765 773 807 867 930 961 999
Compactness: 1264.678243
Weights: 249.000000 4450.000000 1126.000000
Center Node: 663

District 36
Nodes: 115 142 373 376 413 470 479 487 503 576 619 668 722 771 864 882 981 994
Compactness: 1208.263876
Weights: 195.000000 4337.000000 1128.000000
Center Node: 882

District 37
Nodes: 5 157 248 261 293 317 352 478 589 612 782 784 810 872 908 969 970 987 993
Compactness: 1150.668714
Weights: 200.000000 4071.000000 1158.000000
Center Node: 993

District 38
Nodes: 37 46 70 89 111 149 192 262 304 324 350 459 463 492 600 641 743 750 757 769 780 847
Compactness: 1146.659987
Weights: 255.000000 4383.000000 1108.000000
Center Node: 111

District 39
Nodes: 0 12 62 66 85 166 437 453 506 507 545 591 603 701 725 747 772 808 959
Compactness: 948.325076
Weights: 250.000000 4043.000000 1146.000000
Center Node: 507

District 40
Nodes: 3 21 35 108 129 159 182 189 211 331 374 423 548 567 593 618 697 720 878 893
Compactness: 1339.704250
Weights: 234.000000 3994.000000 1161.000000
Center Node: 3

District 41
Nodes: 33 83 131 137 226 253 255 408 473 533 699 735 787 799 820 826 852 902
Compactness: 995.167465
Weights: 203.000000 4489.000000 1040.000000
Center Node: 255

District 42
Nodes: 11 56 113 117 328 334 469 554 570 631 647 766 790 818 920 923 952 967 992
Compactness: 1001.633986
Weights: 221.000000 4026.000000 1226.000000
Center Node: 992

District 43
Nodes: 39 42 86 156 160 256 299 346 399 455 610 700 707 729 740 821 866 888 955 957 964 966 977
Compactness: 1490.521688
Weights: 225.000000 4205.000000 1184.000000
Center Node: 740

District 44
Nodes: 58 196 238 278 337 386 403 415 485 495 517 551 594 609 624 759 762 764 786 854 889
Compactness: 1622.142088
Weights: 250.000000 4221.000000 1154.000000
Center Node: 889

District 45
Nodes: 29 30 57 91 109 230 266 398 422 457 556 566 606 627 738 800 835 880 926 950 965
Compactness: 1089.663358
Weights: 246.000000 4332.000000 1074.000000
Center Node: 57

District 46
Nodes: 22 84 97 112 130 193 225 344 360 378 544 580 662 850 860 960 963 986
Compactness: 1271.919493
Weights: 215.000000 4436.000000 1092.000000
Center Node: 360

District 47
Nodes: 28 138 152 285 351 354 365 368 370 401 428 442 458 484 496 502 539 559 598 652 843
Compactness: 1079.416028
Weights: 253.000000 4217.000000 1128.000000
Center Node: 354

District 48
Nodes: 99 191 206 322 353 390 397 454 462 471 472 497 512 536 622 630 712 730 775 976 989
Compactness: 1198.826583
Weights: 250.000000 4137.000000 1083.000000
Center Node: 497

District 49
Nodes: 47 80 125 133 158 197 212 213 217 245 289 325 336 343 392 405 664 768 914
Compactness: 1164.165452
Weights: 247.000000 4343.000000 1193.000000
Center Node: 197

District 50
Nodes: 13 60 71 77 81 90 134 209 224 234 339 340 345 363 494 602 655 898 905 984
Compactness: 1597.106237
Weights: 251.000000 4262.000000 1114.000000
Center Node: 655
