BalanceViolation 618.248000
AffinityLoss 0.000000
Compactness 118772.369196

District 1
Nodes: 22 29 32 40 91 119 142 166 187 262 404 425 441 445 477 511 555 647 720 769 997 1010 1119 1133 1134 1270 1305 1370 1386 1414 1431 1529 1654 1666 1673 1677 1789 1841 1863 1865 1932 1946 1977
Compactness: 2503.146600
Weights: 472.000000 8526.000000 2427.000000
Center Node: 1370

District 2
Nodes: 8 10 64 116 129 132 135 149 232 272 293 380 493 532 680 704 710 714 716 807 845 949 999 1037 1152 1190 1295 1389 1408 1488 1496 1558 1640 1741 1761 1887 1926
Compactness: 1738.469114
Weights: 429.000000 8674.000000 2147.000000
Center Node: 1152

District 3
Nodes: 43 99 298 354 422 449 494 613 678 689 697 773 782 786 787 793 797 808 824 826 852 912 1059 1139 1142 1224 1259 1302 1354 1483 1504 1524 1551 1579 1649 1656 1693 1737 1872 1917 1921
Compactness: 3649.885150
Weights: 461.000000 8753.000000 2235.000000
Center Node: 782

District 4
Nodes: 9 100 207 229 245 264 273 332 349 358 398 589 594 601 652 668 771 834 873 899 902 906 913 978 1027 1044 1077 1116 1157 1162 1223 1262 1400 1472 1484 1489 1514 1621 1837 1902
Compactness: 2676.861861
Weights: 494.000000 8261.000000 2424.000000
Center Node: 906

District 5
Nodes: 73 89 90 106 222 283 285 319 337 451 520 528 585 645 665 693 1068 1099 1104 1105 1112 1130 1164 1182 1241 1287 1422 1509 1583 1603 1716 1727 1785 1839 1866 1894 1895 1928 1944 1965
Compactness: 2224.919108
Weights: 528.000000 8336.000000 2220.000000
Center Node: 1164

District 6
Nodes: 67 74 114 117 193 275 401 402 448 545 559 584 591 637 662 708 827 837 865 922 959 962 1018 1045 1161 1204 1210 1227 1244 1284 1404 1468 1477 1568 1580 1588 1607 1798 1820 1852 1927
Compactness: 2634.104080
Weights: 469.000000 8158.000000 2383.000000
Center Node: 959

District 7
Nodes: 14 75 198 203 242 271 311 339 387 407 432 502 522 561 633 641 753 770 779 803 868 885 985 986 1090 1238 1279 1327 1346 1363 1638 1699 1796 1843 1878 1899 1953 1994
Compactness: 2241.578750
Weights: 450.000000 8356.000000 2185.000000
Center Node: 779

District 8
Nodes: 192 214 246 263 322 367 418 452 497 505 551 644 649 726 747 820 857 1006 1047 1079 1114 1121 1171 1211 1261 1273 1300 1359 1388 1427 1487 1540 1545 1687 1713 1795 1828 1879 1938 1947 1992 1996
Compactness: 2234.063860
Weights: 503.000000 8424.000000 2262.000000
Center Node: 1171

District 9
Nodes: 45 65 71 175 200 405 410 423 469 503 524 617 676 778 802 856 920 957 996 1015 1145 1147 1176 1206 1260 1269 1289 1409 1445 1456 1462 1467 1518 1555 1575 1703 1706 1768 1784 1951
Compactness: 2446.273625
Weights: 480.000000 8469.000000 2402.000000
Center Node: 503

District 10
Nodes: 79 122 153 281 295 300 304 316 394 459 470 498 533 557 583 623 627 752 783 897 926 965 968 994 1021 1046 1126 1155 1160 1268 1345 1366 1393 1458 1486 1498 1499 1554 1563 1637 1826 1855 1881 1970
Compactness: 2457.135615
Weights: 494.000000 8070.000000 2460.000000
Center Node: 1160

District 11
Nodes: 38 228 294 310 333 353 429 461 509 512 549 572 672 683 729 821 823 864 953 967 984 1008 1050 1127 1140 1143 1220 1301 1381 1412 1608 1625 1630 1651 1653 1657 1787 1925
Compactness: 2700.595777
Weights: 513.000000 8594.000000 2287.000000
Center Node: 353

District 12
Nodes: 5 93 289 303 363 397 755 756 777 792 813 858 859 869 916 917 925 961 1081 1086 1217 1263 1277 1378 1425 1447 1451 1557 1559 1589 1598 1619 1652 1667 1685 1720 1725 1786 1889 1968 1999
Compactness: 2096.784623
Weights: 466.000000 8524.000000 2279.000000
Center Node: 869

District 13
Nodes: 86 138 256 267 288 297 362 447 537 590 612 625 650 758 816 987 1074 1136 1199 1245 1314 1348 1376 1380 1464 1562 1585 1604 1629 1711 1836 1883 1918 1973
Compactness: 1873.355272
Weights: 445.000000 8591.000000 2200.000000
Center Node: 1199

District 14
Nodes: 11 20 84 147 225 343 426 544 615 700 862 896 979 980 1001 1078 1110 1125 1168 1232 1256 1280 1339 1382 1440 1460 1522 1525 1527 1577 1639 1664 1715 1816 1823 1853 1892 1987
Compactness: 1559.097819
Weights: 472.000000 8148.000000 2441.000000
Center Node: 1527

District 15
Nodes: 28 35 217 226 230 302 308 347 508 515 536 593 624 655 713 814 833 850 855 880 914 954 1153 1178 1203 1313 1325 1331 1333 1362 1449 1547 1561 1570 1600 1662 1742 1743 1772 1898 1929 1960
Compactness: 2074.544800
Weights: 467.000000 7906.000000 2419.000000
Center Node: 1178

District 16
Nodes: 41 134 146 152 154 211 287 305 326 330 409 415 463 483 684 692 872 878 942 945 951 1019 1023 1100 1117 1151 1177 1179 1183 1336 1349 1364 1374 1513 1623 1691 1754 1778 1835 1903 1905 1948
Compactness: 2464.290038
Weights: 489.000000 8434.000000 2394.000000
Center Node: 1691

District 17
Nodes: 104 115 160 176 280 348 357 369 412 471 489 513 598 640 660 730 791 810 853 860 891 892 909 1085 1191 1233 1291 1321 1334 1482 1523 1605 1611 1620 1675 1802 1980 1995
Compactness: 2012.294026
Weights: 491.000000 8294.000000 2260.000000
Center Node: 348

District 18
Nodes: 27 87 143 219 270 361 403 464 548 673 674 722 723 781 788 900 940 956 1064 1066 1109 1200 1337 1507 1508 1661 1689 1698 1704 1729 1734 1748 1829 1851 1922 1924 1952 1955
Compactness: 2307.577515
Weights: 474.000000 7945.000000 2320.000000
Center Node: 1952

District 19
Nodes: 62 140 210 224 239 456 482 490 558 605 607 646 670 675 705 746 849 883 1005 1007 1011 1040 1103 1186 1218 1249 1274 1306 1317 1330 1351 1377 1435 1439 1481 1485 1517 1718 1771 1856 1985
Compactness: 2465.349422
Weights: 502.000000 8168.000000 2393.000000
Center Node: 1771

District 20
Nodes: 49 52 96 105 109 277 314 460 466 467 486 517 547 567 604 620 699 764 812 941 955 1051 1137 1149 1180 1215 1319 1357 1371 1426 1430 1432 1433 1466 1571 1648 1774 1801 1812 1846 1964 1969
Compactness: 2488.585361
Weights: 507.000000 8569.000000 2224.000000
Center Node: 460

District 21
Nodes: 82 133 136 158 162 218 334 468 496 571 632 671 762 796 973 1057 1082 1135 1146 1219 1243 1326 1341 1444 1470 1492 1626 1628 1634 1650 1719 1730 1731 1749 1750 1773 1827 1993
Compactness: 2126.087586
Weights: 458.000000 8591.000000 2230.000000
Center Node: 218

District 22
Nodes: 23 70 164 215 250 276 324 420 539 621 719 728 744 763 840 846 975 1036 1060 1089 1113 1254 1297 1347 1369 1420 1438 1475 1500 1506 1581 1606 1723 1739 1832 1858 1870 1873 1900 1943 1989
Compactness: 2426.073841
Weights: 486.000000 8258.000000 2428.000000
Center Node: 215

District 23
Nodes: 170 171 234 266 301 329 336 355 385 395 428 488 516 540 541 609 661 688 766 767 948 1009 1172 1264 1344 1352 1512 1535 1537 1538 1541 1676 1707 1714 1717 1740 1842 1847 1908
Compactness: 3236.727200
Weights: 447.000000 8106.000000 2225.000000
Center Node: 171

District 24
Nodes: 220 296 317 372 375 396 416 462 543 596 599 657 696 754 800 806 831 843 874 893 935 977 1014 1063 1242 1429 1584 1597 1668 1669 1671 1705 1708 1736 1755 1782 1912 1931 1950
Compactness: 2426.160565
Weights: 503.000000 8184.000000 2295.000000
Center Node: 1584

District 25
Nodes: 63 227 244 261 328 351 376 378 492 499 546 611 630 659 718 745 789 795 830 886 929 976 990 993 998 1041 1092 1107 1188 1198 1221 1296 1322 1342 1423 1521 1564 1572 1590 1622 1647 1861 1897
Compactness: 2754.413356
Weights: 499.000000 8417.000000 2420.000000
Center Node: 630

District 26
Nodes: 17 42 85 102 150 260 400 444 473 507 586 608 702 751 960 969 1025 1067 1073 1087 1095 1173 1226 1247 1307 1397 1478 1494 1510 1516 1532 1544 1560 1578 1644 1760 1797 1814 1817 1891 1975
Compactness: 2799.222940
Weights: 511.000000 8658.000000 2370.000000
Center Node: 1814

District 27
Nodes: 13 18 19 53 56 58 83 108 206 221 258 331 427 446 476 550 563 570 581 614 734 848 875 882 1022 1024 1056 1093 1192 1234 1311 1536 1552 1586 1601 1659 1806 1810 1869 1914 1979
Compactness: 2126.595753
Weights: 497.000000 7949.000000 2230.000000
Center Node: 1979

District 28
Nodes: 21 46 148 274 325 606 664 679 681 706 738 761 772 924 933 1004 1048 1080 1098 1194 1216 1239 1253 1355 1446 1479 1480 1548 1614 1641 1722 1756 1759 1805 1884 1906 1962 1997 1998
Compactness: 2015.123551
Weights: 490.000000 8037.000000 2406.000000
Center Node: 706

District 29
Nodes: 12 44 55 72 137 178 188 189 191 243 253 442 458 495 575 587 619 685 794 829 971 1042 1154 1281 1436 1543 1612 1627 1655 1690 1857 1860 1893 1896 1901 1941 1957
Compactness: 1876.442338
Weights: 394.000000 7830.000000 2443.000000
Center Node: 829

District 30
Nodes: 31 54 61 123 184 208 213 241 286 306 307 327 356 360 371 389 479 642 677 804 887 923 1003 1020 1129 1174 1197 1222 1275 1335 1353 1519 1539 1684 1762 1813 1822 1824 1844 1910
Compactness: 2609.723087
Weights: 498.000000 8090.000000 2405.000000
Center Node: 184

District 31
Nodes: 51 94 141 177 183 454 465 519 529 690 698 724 733 768 822 836 877 898 928 947 970 1038 1148 1184 1189 1193 1214 1251 1310 1361 1387 1390 1463 1520 1565 1769 1811 1833
Compactness: 1783.775185
Weights: 472.000000 8660.000000 2180.000000
Center Node: 1148

District 32
Nodes: 7 33 57 144 172 173 190 216 233 290 431 480 552 592 653 654 666 750 784 790 801 944 1070 1075 1096 1207 1212 1265 1298 1316 1318 1391 1573 1599 1618 1757 1767 1809 1830 1850 1862 1864 1885
Compactness: 2746.103751
Weights: 498.000000 8497.000000 2315.000000
Center Node: 1391

District 33
Nodes: 15 25 39 68 107 139 174 185 186 235 315 393 421 478 554 568 588 711 776 911 958 966 972 1029 1039 1097 1163 1166 1258 1276 1312 1441 1454 1469 1596 1646 1674 1732 1776 1868 1940
Compactness: 1933.051107
Weights: 507.000000 7944.000000 2247.000000
Center Node: 1454

District 34
Nodes: 4 60 124 212 282 312 450 501 504 510 521 542 600 701 757 759 798 799 817 974 983 1035 1054 1071 1195 1294 1332 1338 1392 1421 1434 1457 1459 1631 1678 1680 1724 1746 1815 1838 1867
Compactness: 2455.753987
Weights: 503.000000 8224.000000 2312.000000
Center Node: 124

District 35
Nodes: 36 97 101 103 161 318 335 373 433 443 631 636 717 866 908 915 936 943 988 1002 1083 1101 1132 1169 1185 1283 1324 1360 1411 1443 1448 1533 1681 1747 1907 1916 1942 1971 1981 1982
Compactness: 2587.228444
Weights: 490.000000 8695.000000 2221.000000
Center Node: 866

District 36
Nodes: 48 118 120 197 209 231 236 240 257 419 455 566 569 602 686 687 835 903 910 927 930 934 1000 1055 1144 1225 1231 1252 1278 1293 1308 1340 1406 1410 1452 1493 1963
Compactness: 2575.665141
Weights: 446.000000 7982.000000 2419.000000
Center Node: 118

District 37
Nodes: 16 24 127 165 182 194 201 249 265 279 346 399 413 417 472 474 628 667 732 780 838 851 921 1032 1108 1158 1205 1255 1271 1272 1328 1367 1407 1461 1465 1491 1549 1686 1788 1880
Compactness: 2581.361289
Weights: 501.000000 7982.000000 2330.000000
Center Node: 851

District 38
Nodes: 30 37 112 269 365 384 435 518 534 579 582 651 703 740 748 765 785 867 890 931 963 964 1017 1131 1141 1156 1175 1196 1208 1235 1309 1373 1530 1550 1569 1694 1697 1779 1807 1818 1834 1845 1874 1954 1959 1961
Compactness: 2756.747942
Weights: 495.000000 8546.000000 2365.000000
Center Node: 1834

District 39
Nodes: 78 128 145 163 205 268 344 352 411 436 437 439 481 527 634 721 736 844 861 901 952 989 1013 1230 1240 1257 1285 1350 1375 1501 1526 1542 1566 1643 1658 1692 1800 1939 1967
Compactness: 2028.607020
Weights: 422.000000 7871.000000 2396.000000
Center Node: 1658

District 40
Nodes: 92 156 159 284 291 370 379 381 388 391 392 424 434 560 603 616 638 639 669 870 1052 1102 1150 1384 1385 1471 1531 1567 1593 1672 1752 1765 1791 1799 1909 1935 1956 1958 1966
Compactness: 2071.284203
Weights: 473.000000 8709.000000 2241.000000
Center Node: 1531

District 41
Nodes: 80 95 155 168 196 223 248 338 368 438 453 574 656 727 741 774 842 982 1049 1122 1266 1267 1455 1474 1592 1595 1663 1665 1670 1695 1700 1783 1848 1945 1978
Compactness: 2265.426267
Weights: 439.000000 8510.000000 2173.000000
Center Node: 453

District 42
Nodes: 0 2 130 204 321 341 377 382 485 530 635 691 695 981 995 1062 1072 1094 1123 1228 1229 1288 1402 1403 1418 1534 1696 1753 1804 1859 1875 1876 1890 1920 1972 1974 1991
Compactness: 2207.347938
Weights: 524.000000 8270.000000 2208.000000
Center Node: 1804

District 43
Nodes: 69 111 151 247 252 292 320 525 643 682 694 707 742 811 828 841 854 894 904 937 1028 1053 1106 1209 1323 1343 1365 1379 1396 1417 1495 1503 1515 1576 1610 1709 1712 1775 1808 1825 1988
Compactness: 2271.346078
Weights: 429.000000 8184.000000 2431.000000
Center Node: 252

District 44
Nodes: 47 113 126 251 254 366 487 514 538 556 580 595 629 731 749 809 889 895 950 1076 1118 1246 1290 1368 1383 1405 1413 1428 1450 1453 1505 1609 1624 1660 1751 1777 1882 1913 1923 1937 1949
Compactness: 2250.253375
Weights: 502.000000 8710.000000 2385.000000
Center Node: 514

District 45
Nodes: 6 26 34 66 76 77 81 406 553 564 658 737 739 805 832 884 907 918 938 1031 1069 1088 1091 1329 1401 1424 1437 1546 1553 1556 1594 1645 1721 1726 1735 1763 1764 1790 1871 1904 1919 1933 1984
Compactness: 2618.015396
Weights: 503.000000 8394.000000 2375.000000
Center Node: 6

District 46
Nodes: 121 255 259 323 340 345 350 374 440 523 531 535 573 610 626 648 725 760 815 819 881 905 1065 1124 1170 1181 1202 1356 1490 1497 1502 1616 1632 1642 1701 1744 1877 1930 1934
Compactness: 2589.949213
Weights: 462.000000 8097.000000 2378.000000
Center Node: 760

District 47
Nodes: 59 88 131 179 313 342 408 475 484 491 506 622 775 818 847 871 939 946 1012 1043 1115 1128 1159 1213 1237 1250 1282 1292 1303 1304 1473 1615 1617 1679 1745 1781 1819 1821 1849 1911
Compactness: 2127.332544
Weights: 472.000000 8710.000000 2392.000000
Center Node: 946

District 48
Nodes: 50 157 237 278 299 414 457 500 663 709 712 715 825 1026 1030 1058 1111 1165 1187 1236 1299 1315 1320 1398 1399 1415 1416 1476 1574 1587 1683 1733 1738 1758 1792 1854 1915 1983
Compactness: 2179.783438
Weights: 459.000000 7852.000000 2427.000000
Center Node: 1315

District 49
Nodes: 1 3 167 180 181 199 202 238 383 386 390 430 562 597 743 839 863 876 879 888 932 1138 1167 1201 1286 1358 1372 1394 1419 1528 1633 1682 1688 1702 1728 1766 1793 1794 1803 1936 1976
Compactness: 3107.336582
Weights: 511.000000 7981.000000 2278.000000
Center Node: 1372

District 50
Nodes: 98 110 125 169 195 309 359 364 526 565 576 577 578 618 735 919 991 992 1016 1033 1034 1061 1084 1120 1248 1395 1442 1511 1582 1591 1602 1613 1635 1636 1710 1770 1780 1831 1840 1886 1888 1986 1990
Compactness: 2390.517666
Weights: 482.000000 8462.000000 2379.000000
Center Node: 565
