BalanceViolation 120.195000
AffinityLoss 0.000000
Compactness 93421.773331

District 1
Nodes: 26 34 48 58 80 128 130 172 193 211 222 231 233 261 269 289 315 376 382 397 424 435 454 455 467 475 538 548 550 554 579 586 588 593 603 628 632 637 654 669 676 744 752 757 784 837 885 896 930 941 974 991
Compactness: 4962.316260
Weights: 630.000000 10208.000000 2977.000000
Center Node: 424

District 2
Nodes: 19 50 64 83 104 141 146 156 188 216 227 235 247 255 279 292 321 378 395 396 504 505 516 521 530 537 555 581 606 617 659 664 672 683 684 691 720 733 736 739 750 770 794 801 854 892 898 923 972 983 993 996
Compactness: 4503.854256
Weights: 609.000000 10616.000000 2957.000000
Center Node: 505

District 3
Nodes: 6 47 73 99 133 154 155 187 220 229 232 256 259 272 281 296 347 360 362 386 400 402 418 425 431 539 607 612 620 662 711 746 785 804 820 826 864 865 897 904 914 929 952 965 968 995 997
Compactness: 4958.974052
Weights: 629.000000 10500.000000 2840.000000
Center Node: 272

District 4
Nodes: 77 81 88 93 102 132 148 208 223 266 275 278 294 330 345 361 369 381 390 408 429 432 480 514 611 626 643 688 712 715 747 780 796 807 810 840 852 863 883 917 936 950 951 961 984 985 992
Compactness: 4012.775935
Weights: 588.000000 10726.000000 2980.000000
Center Node: 715

District 5
Nodes: 12 32 33 78 105 114 124 145 162 167 169 177 212 224 238 243 309 317 319 354 383 404 417 445 462 487 499 531 533 535 557 568 582 592 613 673 702 742 743 775 787 790 818 835 846 850 876 928 933 935 940 946
Compactness: 5241.959430
Weights: 586.000000 11135.000000 3003.000000
Center Node: 582

District 6
Nodes: 5 22 63 68 113 140 142 161 163 204 215 218 225 242 258 338 353 356 399 443 501 512 528 544 546 561 563 577 594 597 624 655 656 666 678 685 686 700 706 710 722 730 735 816 874 878 880 884 912 919 999
Compactness: 4534.764757
Weights: 626.000000 11041.000000 3040.000000
Center Node: 215

District 7
Nodes: 8 42 53 54 75 101 115 123 136 186 206 228 244 252 260 263 302 368 423 442 456 470 486 517 520 526 601 618 636 647 738 774 777 797 803 808 819 825 851 856 866 869 877 915 931 959 980 982
Compactness: 4806.727082
Weights: 553.000000 10602.000000 2744.000000
Center Node: 517

District 8
Nodes: 72 87 90 127 183 191 192 240 249 254 299 332 336 403 407 410 411 477 479 492 493 509 522 524 576 596 623 675 679 697 701 703 717 725 734 759 773 783 789 817 824 829 853 858 868 882 899 909 960 962 963
Compactness: 4396.738222
Weights: 627.000000 10150.000000 2887.000000
Center Node: 868

District 9
Nodes: 38 55 66 67 74 149 178 205 219 262 306 320 335 365 372 388 453 484 490 511 562 565 566 616 635 640 641 648 649 650 653 661 696 721 740 755 764 776 779 791 806 831 839 873 910 916 926 948 954 973 975 987
Compactness: 5097.510906
Weights: 625.000000 10137.000000 2893.000000
Center Node: 640

District 10
Nodes: 23 69 106 116 122 126 137 138 147 152 174 273 276 277 284 311 318 337 342 343 401 428 452 461 491 503 510 532 553 560 573 580 595 599 610 670 677 681 714 753 772 786 788 812 834 848 849 860 886 888 945 949 953 967 981 998
Compactness: 5192.808222
Weights: 623.000000 10544.000000 3028.000000
Center Node: 532

District 11
Nodes: 10 20 24 31 52 59 62 70 103 112 131 135 144 213 226 246 251 301 313 324 333 339 341 346 389 414 457 458 473 474 571 615 622 629 644 651 663 667 668 732 748 758 763 843 857 881 920 922 966 977 986
Compactness: 4968.684051
Weights: 563.000000 11133.000000 3034.000000
Center Node: 881

District 12
Nodes: 2 11 13 15 17 21 44 71 76 91 97 108 110 158 182 189 197 198 202 245 291 300 314 322 325 334 348 359 393 430 433 495 545 569 589 634 657 671 674 705 724 741 754 832 836 845 890 895 913 957 989
Compactness: 5383.529127
Weights: 630.000000 10133.000000 2817.000000
Center Node: 895

District 13
Nodes: 14 16 49 65 95 121 129 143 150 157 159 201 267 280 340 373 380 413 476 494 496 507 525 534 536 543 552 602 614 627 645 646 719 731 745 749 751 781 822 844 894 903 943 947 958 978
Compactness: 3816.341026
Weights: 563.000000 10777.000000 2893.000000
Center Node: 121

District 14
Nodes: 18 45 46 86 100 109 118 134 151 171 185 234 250 265 268 271 286 287 295 355 375 392 419 420 422 441 459 463 471 485 502 515 551 587 609 692 716 771 815 827 842 859 867 879 908 925 927 942 955 956 964 979
Compactness: 3967.421009
Weights: 630.000000 11138.000000 2910.000000
Center Node: 100

District 15
Nodes: 9 27 30 51 61 84 94 96 119 125 166 170 175 176 199 217 283 293 312 363 367 385 398 405 406 426 446 465 481 488 559 600 619 631 694 698 704 723 727 761 767 814 821 838 847 861 906 932
Compactness: 3625.232249
Weights: 544.000000 10294.000000 2765.000000
Center Node: 446

District 16
Nodes: 37 43 57 79 82 85 92 107 160 214 221 248 257 274 327 352 364 366 371 391 440 472 497 498 500 519 542 575 583 584 585 598 621 658 665 695 699 766 782 793 795 798 799 813 891 893 921 938
Compactness: 4459.341545
Weights: 574.000000 10129.000000 3047.000000
Center Node: 327

District 17
Nodes: 3 28 29 35 89 173 195 196 236 285 303 326 328 329 349 357 387 394 412 416 421 437 444 449 468 506 523 540 547 558 564 574 590 608 652 689 709 728 756 802 809 828 870 871 875 902 937 939 944 988
Compactness: 5934.422175
Weights: 593.000000 10711.000000 3023.000000
Center Node: 809

District 18
Nodes: 7 25 39 40 41 60 111 117 139 164 165 180 190 200 209 239 288 297 305 307 308 331 351 358 384 415 447 464 482 508 556 578 604 605 633 639 660 708 718 765 769 800 805 811 830 862 934 969 976 994
Compactness: 4800.600410
Weights: 619.000000 11068.000000 2806.000000
Center Node: 7

District 19
Nodes: 0 1 36 98 153 168 181 194 203 207 210 237 264 290 304 310 316 323 377 434 436 460 469 483 513 518 529 549 630 638 680 687 707 713 726 760 778 792 823 841 887 901 911 918 924 990
Compactness: 4131.944880
Weights: 638.000000 10314.000000 2771.000000
Center Node: 237

District 20
Nodes: 4 56 120 179 184 230 241 253 270 282 298 344 350 370 374 379 409 427 438 439 448 450 451 466 478 489 527 541 567 570 572 591 625 642 682 690 693 729 737 762 768 833 855 872 889 900 905 907 970 971
Compactness: 4625.827737
Weights: 569.000000 11040.000000 2729.000000
Center Node: 762
