BalanceViolation 1136.369000
AffinityLoss 0.000000
Compactness 68327.175801

District 1
Nodes: 9 26 109 238 254 268 277 304 335 370 501 635 649 654 693 707 753 967
Compactness: 987.761039
Weights: 203.000000 4393.000000 968.000000
Center Node: 304

District 2
Nodes: 13 115 171 197 200 295 462 472 498 499 530 704 859 919 951 964 977 989
Compactness: 1201.721990
Weights: 250.000000 4009.000000 1130.000000
Center Node: 13

District 3
Nodes: 7 21 61 63 106 191 274 284 341 405 560 586 614 618 643 650 657 709 746 792 978 988
Compactness: 4233.422827
Weights: 212.000000 4215.000000 1235.000000
Center Node: 650

District 4
Nodes: 0 19 33 41 72 127 139 185 250 301 312 331 431 451 892 918 928 959 973 986 995
Compactness: 1717.122734
Weights: 236.000000 4031.000000 1243.000000
Center Node: 892

District 5
Nodes: 48 54 102 122 188 302 315 338 343 373 460 512 522 655 700 801 827 852 883 950
Compactness: 1252.378779
Weights: 249.000000 4199.000000 1226.000000
Center Node: 343

District 6
Nodes: 121 183 192 242 296 313 506 517 537 540 570 588 633 739 809 823 866 877 900 947
Compactness: 1178.430686
Weights: 247.000000 3991.000000 1125.000000
Center Node: 537

District 7
Nodes: 15 70 73 159 178 237 278 297 406 408 424 444 500 526 572 582 642 732 844 845 862
Compactness: 2829.548942
Weights: 249.000000 4408.000000 1042.000000
Center Node: 444

District 8
Nodes: 40 98 176 224 249 276 310 354 357 401 474 528 574 625 667 699 751 758 863 897 904 953
Compactness: 2064.457162
Weights: 267.000000 3899.000000 1211.000000
Center Node: 667

District 9
Nodes: 38 105 116 134 148 324 503 510 520 542 562 605 624 647 779 830 841 843 993 997
Compactness: 1471.371298
Weights: 229.000000 4354.000000 1219.000000
Center Node: 647

District 10
Nodes: 60 87 103 168 283 319 323 355 358 372 486 551 557 656 659 672 847 865 886 893 901
Compactness: 1290.335911
Weights: 259.000000 4008.000000 1190.000000
Center Node: 557

District 11
Nodes: 10 64 100 138 149 151 230 381 434 458 495 602 627 761 781 788 806 860 882
Compactness: 1070.434896
Weights: 222.000000 4375.000000 1204.000000
Center Node: 602

District 12
Nodes: 18 31 71 94 150 170 207 252 269 399 410 566 611 632 710 745 776 850 880 917
Compactness: 1243.525639
Weights: 242.000000 4208.000000 1108.000000
Center Node: 150

District 13
Nodes: 27 117 142 162 163 195 263 352 394 422 466 556 598 613 670 671 687 712 748 905 981
Compactness: 1137.699071
Weights: 252.000000 4141.000000 1193.000000
Center Node: 905

District 14
Nodes: 11 12 157 169 253 265 337 387 427 454 457 502 525 680 760 800 855 861 874 891 958
Compactness: 1082.770110
Weights: 249.000000 4352.000000 1194.000000
Center Node: 457

District 15
Nodes: 65 124 155 251 286 291 298 299 305 308 468 475 637 756 782 822 872 923 937
Compactness: 2234.371406
Weights: 237.000000 4320.000000 1222.000000
Center Node: 299

District 16
Nodes: 83 226 418 425 443 450 580 631 682 727 783 851 857 889 899 966 976 998
Compactness: 725.349406
Weights: 191.000000 4359.000000 1123.000000
Center Node: 889

District 17
Nodes: 30 82 97 165 172 186 215 218 234 288 380 404 445 478 504 567 568 576 681 789 804
Compactness: 1288.368418
Weights: 250.000000 4340.000000 1206.000000
Center Node: 504

District 18
Nodes: 99 104 160 282 334 339 350 369 376 416 439 529 578 688 722 763 794 813 840 876 970
Compactness: 1519.907805
Weights: 247.000000 3963.000000 1187.000000
Center Node: 876

District 19
Nodes: 36 37 126 128 132 222 256 289 333 346 377 414 484 626 669 770 846 934 982
Compactness: 1275.754631
Weights: 215.000000 4174.000000 995.000000
Center Node: 132

District 20
Nodes: 39 96 140 210 217 239 300 342 421 429 634 665 694 747 772 777 796 812 814 896 969 974
Compactness: 1341.015774
Weights: 251.000000 4283.000000 1231.000000
Center Node: 974

District 21
Nodes: 51 90 91 92 101 187 220 293 390 471 477 583 592 603 610 612 721 735 835 979
Compactness: 1476.711010
Weights: 232.000000 4268.000000 1092.000000
Center Node: 92

District 22
Nodes: 46 223 246 267 279 347 356 415 461 476 480 507 508 531 559 590 755 914 980 984
Compactness: 1261.684132
Weights: 271.000000 4019.000000 1230.000000
Center Node: 531

District 23
Nodes: 1 5 35 49 74 78 190 193 203 459 548 597 619 630 685 743 754 808 853 873 929 999
Compactness: 1027.754898
Weights: 234.000000 4052.000000 1176.000000
Center Node: 35

District 24
Nodes: 43 50 52 125 281 330 353 366 386 465 497 585 615 641 686 733 738 787 902 971
Compactness: 1531.484459
Weights: 243.000000 4028.000000 1209.000000
Center Node: 497

District 25
Nodes: 14 59 221 233 261 275 314 432 456 509 553 555 584 616 666 759 826 833 838
Compactness: 1084.298927
Weights: 235.000000 4019.000000 1223.000000
Center Node: 553

District 26
Nodes: 58 95 133 141 154 167 175 196 202 327 538 541 546 651 715 717 786 807 871 885 888 906 911 924
Compactness: 1659.490404
Weights: 290.000000 3921.000000 1256.000000
Center Node: 538

District 27
Nodes: 28 66 131 271 285 379 535 539 593 594 604 636 646 652 689 775 837 952 962
Compactness: 1480.656909
Weights: 215.000000 4366.000000 1198.000000
Center Node: 604

District 28
Nodes: 56 143 243 259 294 345 375 436 442 449 558 600 609 645 648 664 678 723 834 910
Compactness: 1341.147383
Weights: 264.000000 4102.000000 1131.000000
Center Node: 609

District 29
Nodes: 25 55 84 107 114 213 245 420 438 505 575 587 728 757 764 767 769 821 824
Compactness: 1088.295478
Weights: 246.000000 4364.000000 1094.000000
Center Node: 245

District 30
Nodes: 3 22 24 118 129 145 311 336 367 384 428 437 579 836 903 915 916 944
Compactness: 1296.904909
Weights: 251.000000 4114.000000 1142.000000
Center Node: 437

District 31
Nodes: 89 158 258 320 322 348 389 487 488 596 677 679 711 774 799 856 869 875 935
Compactness: 1045.452273
Weights: 243.000000 4226.000000 1149.000000
Center Node: 348

District 32
Nodes: 6 79 318 332 382 395 412 511 519 534 564 608 684 719 839 925 963 990
Compactness: 950.198733
Weights: 225.000000 4310.000000 1227.000000
Center Node: 382

District 33
Nodes: 4 34 88 257 266 307 328 361 383 448 494 496 513 515 533 536 702 815 881 921 939
Compactness: 1145.626876
Weights: 273.000000 4286.000000 1174.000000
Center Node: 257

District 34
Nodes: 17 45 180 199 209 227 236 280 309 360 435 441 492 549 697 771 791 922 946 957
Compactness: 1177.303566
Weights: 208.000000 4396.000000 1121.000000
Center Node: 435

District 35
Nodes: 67 69 75 112 164 189 194 198 219 532 617 676 690 705 734 784 829 858 868 932
Compactness: 1152.459575
Weights: 249.000000 4014.000000 1129.000000
Center Node: 532

District 36
Nodes: 80 119 248 260 396 403 413 469 481 545 554 622 623 692 718 726 870 920 960
Compactness: 1102.368626
Weights: 249.000000 4269.000000 1174.000000
Center Node: 692

District 37
Nodes: 32 206 232 317 325 344 385 392 426 453 473 516 523 629 731 740 765 790 816 818 938 942
Compactness: 1478.607366
Weights: 259.000000 4381.000000 1083.000000
Center Node: 523

District 38
Nodes: 85 86 120 135 147 216 290 400 409 467 514 524 561 589 591 675 703 825 854 878 926 948
Compactness: 1464.236330
Weights: 229.000000 4380.000000 1200.000000
Center Node: 216

District 39
Nodes: 42 161 181 235 262 326 368 388 464 521 544 595 661 752 785 810 849 895 965 975
Compactness: 1066.295110
Weights: 243.000000 3947.000000 1226.000000
Center Node: 464

District 40
Nodes: 57 153 174 182 228 244 321 359 364 433 463 483 577 696 708 817 936 943 945 968 983
Compactness: 1185.581917
Weights: 249.000000 4222.000000 1226.000000
Center Node: 182

District 41
Nodes: 20 23 53 81 136 144 201 273 363 391 423 485 628 658 695 724 795 798 987 996
Compactness: 825.254132
Weights: 194.000000 3999.000000 1265.000000
Center Node: 23

District 42
Nodes: 2 44 123 214 272 419 440 563 565 607 660 691 713 720 730 803 820 842 927 961
Compactness: 985.735622
Weights: 250.000000 4048.000000 1099.000000
Center Node: 272

District 43
Nodes: 204 225 316 362 374 407 455 552 573 620 621 663 668 673 683 802 819 831 867 956
Compactness: 1303.805913
Weights: 234.000000 4270.000000 1227.000000
Center Node: 620

District 44
Nodes: 47 76 173 212 292 303 349 490 543 547 601 653 706 736 797 828 887 930
Compactness: 1091.597501
Weights: 214.000000 4000.000000 1189.000000
Center Node: 303

District 45
Nodes: 16 29 77 146 156 179 231 306 371 527 569 571 741 742 744 780 913 954 955
Compactness: 908.224696
Weights: 203.000000 4152.000000 1213.000000
Center Node: 742

District 46
Nodes: 111 137 229 255 264 340 397 430 479 640 714 778 879 894 907 909 972 994
Compactness: 1265.340513
Weights: 226.000000 4243.000000 1220.000000
Center Node: 479

District 47
Nodes: 93 108 113 130 205 208 270 287 351 378 398 402 411 446 491 749 750 768 773 848 940
Compactness: 1611.881484
Weights: 248.000000 4360.000000 1225.000000
Center Node: 446

District 48
Nodes: 68 110 166 177 184 241 417 452 470 599 639 644 725 737 766 898 985
Compactness: 957.694870
Weights: 181.000000 4134.000000 1200.000000
Center Node: 452

District 49
Nodes: 8 152 211 240 247 329 493 581 606 638 662 716 793 864 890 908 912 941 991 992
Compactness: 1593.053529
Weights: 264.000000 4214.000000 1209.000000
Center Node: 581

District 50
Nodes: 62 365 393 447 482 489 518 550 674 698 701 729 762 805 811 832 884 931 933 949
Compactness: 1622.280134
Weights: 256.000000 4409.000000 1083.000000
Center Node: 729
