BalanceViolation 57.830000
AffinityLoss 0.000000
Compactness 91733.190804

District 1
Nodes: 77 87 89 124 142 153 177 199 207 211 258 286 312 331 390 393 430 451 453 454 482 507 508 549 559 563 587 588 590 611 618 643 663 687 702 710 729 734 749 761 779 791 818 845 882 897 948 952 979
Compactness: 3946.885277
Weights: 604.000000 10438.000000 2766.000000
Center Node: 952

District 2
Nodes: 17 38 64 81 151 161 171 190 196 205 215 252 263 265 293 338 363 365 392 456 466 488 502 525 526 529 554 570 601 604 647 677 725 756 762 763 772 786 792 814 823 825 838 879 881 906 943 956 970 982 989 998
Compactness: 5207.847600
Weights: 583.000000 10132.000000 2882.000000
Center Node: 786

District 3
Nodes: 13 21 60 63 86 95 122 156 168 240 247 264 266 294 336 355 367 387 396 398 417 423 467 468 476 506 513 572 580 589 610 637 641 649 660 699 720 728 781 794 815 832 836 846 850 863 865 892 937 994
Compactness: 5310.894598
Weights: 617.000000 10805.000000 2864.000000
Center Node: 699

District 4
Nodes: 6 8 44 52 53 58 68 99 121 154 155 167 216 222 239 291 306 318 346 357 364 410 427 473 490 493 494 498 501 505 546 595 631 639 671 693 712 723 730 767 824 855 870 890 915 920 993
Compactness: 4334.199404
Weights: 569.000000 10665.000000 2876.000000
Center Node: 239

District 5
Nodes: 11 26 33 49 62 65 114 117 126 131 173 182 184 195 226 246 269 276 280 295 342 350 366 381 429 470 523 524 528 579 615 628 679 736 738 741 752 775 789 799 800 834 849 861 880 898 925 974
Compactness: 4854.929041
Weights: 640.000000 10268.000000 2681.000000
Center Node: 898

District 6
Nodes: 9 18 23 90 101 106 158 172 189 202 249 297 301 316 317 324 328 343 353 380 388 420 428 445 465 481 497 518 520 522 534 553 561 562 581 608 617 719 753 758 828 844 848 876 886 919 946 949 968 992
Compactness: 3920.521177
Weights: 602.000000 10998.000000 2820.000000
Center Node: 553

District 7
Nodes: 1 30 40 55 67 73 79 111 119 134 157 160 166 176 193 212 218 220 251 337 361 391 403 408 416 435 461 478 499 533 558 573 584 602 654 659 664 685 695 707 747 778 795 820 841 847 867 874 878 887 947
Compactness: 4990.558465
Weights: 640.000000 10048.000000 2742.000000
Center Node: 584

District 8
Nodes: 2 42 46 48 61 71 75 109 133 145 229 243 250 255 267 287 309 310 314 368 377 386 447 458 486 491 516 538 557 560 564 585 599 603 626 651 661 684 696 731 744 750 787 804 822 833 862 871 934 936 950 959 990
Compactness: 5129.569727
Weights: 637.000000 10922.000000 2884.000000
Center Node: 603

District 9
Nodes: 28 47 54 103 115 116 118 128 143 150 164 170 183 217 242 277 278 299 307 311 320 376 395 519 539 547 567 629 646 657 704 717 722 746 771 773 797 803 826 875 905 921 926 928 935 938 944 960 961 997
Compactness: 3910.822697
Weights: 574.000000 10040.000000 2743.000000
Center Node: 935

District 10
Nodes: 0 19 37 51 56 82 113 136 137 140 165 181 201 210 214 230 236 244 254 288 296 298 322 334 339 397 399 450 471 515 550 593 609 623 630 656 669 691 724 726 740 742 776 784 812 889 910 939 981 988
Compactness: 4532.158861
Weights: 610.000000 10970.000000 2787.000000
Center Node: 165

District 11
Nodes: 16 32 94 146 174 209 219 245 257 260 262 268 283 284 315 325 330 340 354 405 424 443 484 531 541 551 555 606 662 665 675 681 697 703 727 737 745 754 766 783 785 807 856 860 893 914 923 953 954 972
Compactness: 4847.539384
Weights: 635.000000 10186.000000 2811.000000
Center Node: 754

District 12
Nodes: 36 39 85 100 130 152 163 175 178 186 221 228 234 256 279 292 373 400 401 438 440 459 509 514 530 548 566 577 598 633 634 635 638 673 686 688 701 732 770 813 883 901 908 911 922 929 930 940
Compactness: 4252.131007
Weights: 645.000000 10399.000000 2685.000000
Center Node: 152

District 13
Nodes: 15 22 24 70 78 88 93 120 125 179 225 290 303 319 321 358 414 422 433 434 462 464 472 485 510 544 556 574 576 592 596 616 621 625 718 757 796 816 837 851 853 894 904 924 933 941 966 973 976 980 987
Compactness: 4483.345349
Weights: 619.000000 11031.000000 2724.000000
Center Node: 485

District 14
Nodes: 7 41 57 59 69 80 110 224 302 333 347 359 362 372 374 378 385 402 404 411 425 426 432 437 439 441 444 479 543 578 607 620 645 672 683 706 713 714 780 788 802 806 817 829 864 866 899 902 916 955 975 983 984
Compactness: 4710.404014
Weights: 639.000000 10446.000000 2756.000000
Center Node: 333

District 15
Nodes: 4 5 27 31 45 76 108 112 135 147 180 188 194 203 248 259 273 275 326 407 421 442 448 449 475 492 495 540 552 569 613 622 640 682 711 774 782 805 811 819 852 858 873 891 912 918 942 991
Compactness: 5270.136217
Weights: 569.000000 10094.000000 2931.000000
Center Node: 259

District 16
Nodes: 34 66 72 96 97 98 107 138 139 159 169 198 213 223 231 253 271 300 304 305 327 351 483 496 535 582 614 624 636 644 678 680 708 709 755 764 769 793 808 827 854 868 877 884 909 963 964 965 978 996
Compactness: 4314.044472
Weights: 586.000000 10241.000000 2947.000000
Center Node: 708

District 17
Nodes: 10 14 102 104 127 192 308 341 352 412 415 419 469 474 487 532 545 565 568 583 597 600 612 627 650 658 667 670 676 705 716 721 765 768 777 821 839 840 857 872 885 913 927 931 951 958 971 986 999
Compactness: 4354.810533
Weights: 564.000000 11053.000000 2908.000000
Center Node: 532

District 18
Nodes: 25 129 148 162 191 197 238 241 289 323 356 369 382 389 409 431 455 463 477 480 500 511 521 536 542 605 619 632 642 652 653 674 689 690 692 694 700 733 759 760 798 810 831 842 903 917 962 985
Compactness: 3717.189809
Weights: 580.000000 10525.000000 2810.000000
Center Node: 162

District 19
Nodes: 3 12 29 43 50 74 92 132 144 200 204 206 208 227 232 235 237 272 274 282 285 313 332 344 345 348 370 371 384 394 436 446 457 460 489 503 512 527 537 586 648 668 715 739 751 790 830 859 888 932 957 977
Compactness: 5140.302489
Weights: 652.000000 10814.000000 2691.000000
Center Node: 50

District 20
Nodes: 20 35 83 84 91 105 123 141 149 185 187 233 261 270 281 329 335 349 360 375 379 383 406 413 418 452 504 517 571 575 591 594 655 666 698 735 743 748 801 809 835 843 869 895 896 900 907 945 967 969 995
Compactness: 4504.900684
Weights: 633.000000 11049.000000 2913.000000
Center Node: 83
