BalanceViolation 40.615000
AffinityLoss 0.000000
Compactness 93836.014447

District 1
Nodes: 24 27 51 70 89 115 131 144 168 198 201 216 233 279 290 304 338 347 375 441 459 463 470 492 493 511 541 576 641 668 681 698 702 705 722 752 771 780 823 826 827 836 846 847 856 864 885 892 916 942 983
Compactness: 4860.505621
Weights: 626.000000 10958.000000 2725.000000
Center Node: 233

District 2
Nodes: 3 21 35 43 47 80 108 125 129 133 159 174 178 182 197 213 217 245 246 252 260 289 331 343 374 394 447 450 464 548 564 571 593 604 618 664 687 689 697 748 768 791 811 878 901 924 928
Compactness: 3787.609030
Weights: 549.000000 10100.000000 2769.000000
Center Node: 571

District 3
Nodes: 8 15 36 50 54 68 82 117 121 141 164 181 184 204 221 228 229 247 250 259 275 305 382 384 391 425 436 438 482 490 514 525 561 640 657 661 690 708 765 789 807 869 870 896 903 931 936 961 975 978 995
Compactness: 6000.480786
Weights: 584.000000 10138.000000 2991.000000
Center Node: 903

District 4
Nodes: 104 146 148 157 163 176 200 214 282 287 293 296 317 352 400 407 411 417 500 569 589 608 612 622 635 637 653 659 696 704 714 733 734 767 775 782 792 798 801 810 890 908 954 956 962 969 972 979 993
Compactness: 4139.314823
Weights: 577.000000 10844.000000 2738.000000
Center Node: 801

District 5
Nodes: 44 87 95 101 102 116 128 143 145 151 155 173 185 187 215 258 284 302 307 326 398 412 419 426 452 566 572 611 644 645 656 684 721 745 749 761 785 800 819 822 831 839 873 875 880 895 922 937 950 968
Compactness: 5291.232910
Weights: 623.000000 10155.000000 2891.000000
Center Node: 101

District 6
Nodes: 6 16 22 39 62 84 86 97 112 160 172 175 193 220 225 256 264 288 299 321 344 355 360 378 399 448 455 544 552 580 585 610 662 679 700 707 729 740 751 815 844 850 888 946 955 957 960 963 966 986 991
Compactness: 4822.147604
Weights: 596.000000 10599.000000 2938.000000
Center Node: 662

District 7
Nodes: 11 56 103 113 152 153 167 285 328 334 351 365 420 428 444 469 502 539 542 554 559 570 597 631 647 649 669 692 694 703 736 755 766 790 795 806 818 828 843 897 920 923 951 952 958 967 982 992
Compactness: 4233.907864
Weights: 568.000000 10242.000000 2992.000000
Center Node: 897

District 8
Nodes: 61 100 118 170 203 205 251 273 298 313 332 379 395 414 418 424 449 483 501 527 537 568 581 613 623 651 677 693 706 776 779 783 797 842 861 863 865 883 884 891 904 912 927 944 948 985 996
Compactness: 3860.916021
Weights: 578.000000 11036.000000 2803.000000
Center Node: 677

District 9
Nodes: 48 58 71 77 78 81 127 183 196 209 223 224 238 248 249 310 322 323 337 345 372 373 376 472 479 495 512 517 521 526 592 594 602 609 624 634 713 753 754 764 784 786 854 862 868 889 905 945 987 989
Compactness: 4867.314170
Weights: 623.000000 10189.000000 2733.000000
Center Node: 713

District 10
Nodes: 18 19 45 59 65 96 122 135 162 189 190 199 202 211 219 239 240 276 286 362 468 488 489 515 538 562 567 574 579 584 588 599 606 607 670 685 717 720 774 805 824 829 841 848 849 858 886 893 947
Compactness: 4548.258583
Weights: 619.000000 10282.000000 2762.000000
Center Node: 774

District 11
Nodes: 2 9 33 83 106 124 126 137 140 154 179 207 241 242 255 265 270 318 354 357 369 370 381 408 427 430 439 513 547 577 598 629 632 658 699 726 735 737 756 787 814 820 834 840 894 899 902 909
Compactness: 4103.906332
Weights: 567.000000 11111.000000 2717.000000
Center Node: 140

District 12
Nodes: 23 29 30 31 57 67 69 72 73 91 93 109 136 195 230 232 263 266 281 303 329 349 359 422 457 460 467 498 531 553 556 583 627 633 636 667 674 711 724 738 741 770 813 835 876 913 926 930 938 943 949 965
Compactness: 4837.422134
Weights: 603.000000 11088.000000 2847.000000
Center Node: 813

District 13
Nodes: 88 99 139 142 150 191 206 222 226 227 236 342 353 380 390 397 413 429 433 440 451 454 462 471 473 480 487 497 503 530 536 543 619 630 712 718 730 746 778 799 851 852 855 882 919 932 973 976 981 988 994
Compactness: 6561.847735
Weights: 627.000000 11132.000000 2764.000000
Center Node: 973

District 14
Nodes: 0 4 12 17 25 66 85 92 110 120 156 166 280 283 292 312 335 346 387 388 389 404 423 437 507 558 575 591 603 605 614 625 675 723 725 728 739 777 808 832 845 866 900 910 917 921 964 977 990
Compactness: 4429.012987
Weights: 628.000000 10287.000000 2973.000000
Center Node: 389

District 15
Nodes: 1 28 38 53 75 105 119 138 171 180 208 268 269 295 311 316 319 330 368 401 406 409 442 458 466 475 484 496 499 508 540 546 578 586 601 620 648 652 663 680 683 719 760 773 781 788 794 867 929 999
Compactness: 4466.798608
Weights: 628.000000 10953.000000 2962.000000
Center Node: 540

District 16
Nodes: 13 14 42 55 60 74 90 98 107 134 234 235 253 267 271 291 315 327 333 339 340 363 416 431 435 477 481 486 491 494 524 533 549 560 565 582 615 616 650 655 676 678 732 817 853 871 874 898 934 984 998
Compactness: 5075.117692
Weights: 623.000000 10767.000000 2935.000000
Center Node: 339

District 17
Nodes: 20 64 76 114 123 177 194 210 244 254 274 300 308 314 320 358 364 367 383 393 402 432 434 509 510 516 518 522 523 529 532 534 573 639 643 654 672 715 727 744 758 793 803 837 857 881 918 940 941 953 974 997
Compactness: 4997.464155
Weights: 607.000000 10866.000000 2816.000000
Center Node: 254

District 18
Nodes: 26 37 41 46 63 111 149 165 186 192 218 237 257 262 277 294 324 341 350 356 377 410 421 443 504 505 519 535 563 596 600 617 626 660 665 682 695 710 716 731 743 750 757 769 802 812 816 830 879 906 971 980
Compactness: 4376.425514
Weights: 557.000000 10953.000000 2993.000000
Center Node: 682

District 19
Nodes: 5 7 10 34 130 132 147 161 261 278 297 386 396 403 415 445 446 465 474 476 478 485 528 550 551 555 587 628 642 671 673 688 691 759 762 804 809 821 825 859 860 872 877 907 911 915 925 933 939 970
Compactness: 5012.141842
Weights: 594.000000 10154.000000 2943.000000
Center Node: 528

District 20
Nodes: 32 40 49 52 79 94 158 169 188 212 231 243 272 301 306 309 325 336 348 361 366 371 385 392 405 453 456 461 506 520 545 557 590 595 621 638 646 666 686 701 709 742 747 763 772 796 833 838 887 914 935 959
Compactness: 3564.190035
Weights: 628.000000 10250.000000 2922.000000
Center Node: 32
