BalanceViolation 445.920000
AffinityLoss 0.000000
Compactness 49825.007257

District 1
Nodes: 59 71 93 95 127 133 143 152 220 244 245 267 273 277 295 298 303 375 389 394 401 418 435 442
Compactness: 2128.613419
Weights: 295.000000 5437.000000 1456.000000
Center Node: 152

District 2
Nodes: 78 101 131 147 148 151 172 196 202 225 227 229 234 278 292 300 320 326 364 366 395 405 421 457 499
Compactness: 2492.103282
Weights: 332.000000 5165.000000 1416.000000
Center Node: 421

District 3
Nodes: 32 37 58 75 94 122 140 171 194 272 281 284 287 294 299 382 392 393 431 441 447 466 468 475 487
Compactness: 1871.887957
Weights: 301.000000 5399.000000 1453.000000
Center Node: 32

District 4
Nodes: 19 26 64 65 73 79 102 112 114 116 125 175 177 179 197 231 240 241 246 249 285 293 306 428 473
Compactness: 3007.999414
Weights: 289.000000 5282.000000 1429.000000
Center Node: 112

District 5
Nodes: 2 4 5 46 50 53 57 85 146 189 291 296 330 333 337 350 358 362 372 377 381 383 408 465 478 480 495
Compactness: 2596.635036
Weights: 302.000000 5046.000000 1590.000000
Center Node: 478

District 6
Nodes: 6 20 22 33 36 66 126 165 169 183 186 193 209 236 256 288 314 334 352 361 378 396 416 424 462 477
Compactness: 2358.298690
Weights: 303.000000 5079.000000 1548.000000
Center Node: 424

District 7
Nodes: 7 18 89 98 141 157 185 206 226 230 259 266 304 321 322 327 347 351 354 357 369 407 422 446 460
Compactness: 2332.001854
Weights: 313.000000 5546.000000 1232.000000
Center Node: 354

District 8
Nodes: 0 16 27 43 45 80 84 91 97 117 138 142 173 176 224 239 252 316 353 376 386 404 432 492 494
Compactness: 2172.249350
Weights: 292.000000 5282.000000 1524.000000
Center Node: 117

District 9
Nodes: 9 15 23 47 52 86 135 156 167 187 203 207 215 217 219 261 286 310 311 360 379 403 420 440 467 479
Compactness: 2564.054045
Weights: 296.000000 5253.000000 1533.000000
Center Node: 310

District 10
Nodes: 14 42 99 103 128 130 149 178 191 201 247 251 255 268 329 335 343 355 373 390 409 410 415 427 434
Compactness: 2059.673746
Weights: 274.000000 5057.000000 1580.000000
Center Node: 343

District 11
Nodes: 17 21 48 81 104 107 110 137 139 214 308 312 325 339 342 344 359 402 406 425 444 482 491 496
Compactness: 1774.592740
Weights: 297.000000 5544.000000 1450.000000
Center Node: 107

District 12
Nodes: 13 40 41 72 74 129 134 145 162 170 181 182 200 208 290 318 346 348 349 374 417 437 459 486 490 498
Compactness: 2739.009378
Weights: 335.000000 5435.000000 1413.000000
Center Node: 349

District 13
Nodes: 1 28 35 87 88 105 106 118 136 154 216 218 238 248 250 253 289 305 323 331 433 445 449 452 471 497
Compactness: 1938.830094
Weights: 282.000000 5481.000000 1412.000000
Center Node: 253

District 14
Nodes: 10 44 70 96 115 121 164 168 188 190 242 262 264 265 271 276 313 367 371 380 384 397 443 456 489
Compactness: 2165.332143
Weights: 357.000000 5025.000000 1571.000000
Center Node: 443

District 15
Nodes: 29 51 56 67 68 82 83 111 119 144 150 155 158 184 192 235 237 269 319 363 458 483 485
Compactness: 2245.487981
Weights: 313.000000 5540.000000 1505.000000
Center Node: 363

District 16
Nodes: 8 69 108 132 153 159 195 198 223 280 282 283 309 341 345 413 423 430 439 461 464 476 488 493
Compactness: 2435.719980
Weights: 307.000000 5032.000000 1576.000000
Center Node: 430

District 17
Nodes: 3 11 24 30 34 49 63 113 120 160 210 232 270 302 324 340 356 370 387 400 412 429 451 469 481
Compactness: 2720.302040
Weights: 285.000000 5468.000000 1403.000000
Center Node: 34

District 18
Nodes: 31 38 54 61 62 77 166 174 180 204 213 260 263 274 275 307 315 328 332 399 414 436 448 463
Compactness: 2552.336261
Weights: 295.000000 5037.000000 1593.000000
Center Node: 260

District 19
Nodes: 12 25 55 60 76 90 100 109 123 124 228 254 279 297 385 388 398 419 426 438 454 470 472 484
Compactness: 2298.970167
Weights: 330.000000 5108.000000 1425.000000
Center Node: 123

District 20
Nodes: 39 92 161 163 199 205 211 212 221 222 233 243 257 258 301 317 336 338 365 368 391 411 450 453 455 474
Compactness: 5370.909681
Weights: 334.000000 5502.000000 1405.000000
Center Node: 161
