BalanceViolation 8.207500
AffinityLoss 1465.000000
Compactness 110149.978203

District 1
Nodes: 0 10 19 33 59 97 138 139 149 172 186 215 221 228 230 244 261 275 314 364 381 404 432 434 445 456 458 478 495 553 555 567 577 584 602 616 629 666 681 765 788 833 838 860 882 973 986 995
Compactness: 5401.609126
Weights: 568.000000 10226.000000 2907.000000
Center Node: 567

District 2
Nodes: 7 17 36 58 61 63 126 132 133 141 154 175 180 191 209 227 236 256 274 280 284 309 327 341 346 360 435 441 484 492 538 541 560 586 614 618 650 651 657 697 709 715 717 746 770 786 791 792 871 888 911 922 924 934 957 988
Compactness: 5802.785699
Weights: 615.000000 10762.000000 2992.000000
Center Node: 791

District 3
Nodes: 1 5 29 40 74 98 176 192 203 222 224 249 276 306 310 357 368 377 401 417 459 474 528 548 569 570 574 599 619 625 630 667 677 685 699 739 741 742 744 751 758 844 863 897 898 900 904 953 965 982 999
Compactness: 9448.617245
Weights: 574.000000 10984.000000 3062.000000
Center Node: 528

District 4
Nodes: 52 80 96 140 163 210 217 239 285 300 316 403 405 407 421 469 481 497 573 605 615 620 621 622 623 663 665 671 683 686 694 700 726 747 772 777 787 796 802 812 819 827 831 867 896 902 956 962 969 974
Compactness: 6063.538774
Weights: 567.000000 10947.000000 3065.000000
Center Node: 210

District 5
Nodes: 8 11 12 93 108 130 157 169 208 211 240 253 264 265 340 367 387 411 438 446 454 457 491 525 561 579 581 587 646 662 680 714 760 767 768 769 793 836 848 861 864 874 890 891 908 912 915 931 941 958 994
Compactness: 4662.188823
Weights: 583.000000 10710.000000 2925.000000
Center Node: 253

District 6
Nodes: 9 26 99 104 123 160 237 238 245 268 272 282 297 334 335 339 350 369 376 406 416 419 439 440 482 505 526 529 563 565 578 607 642 660 688 691 707 713 722 730 753 764 803 805 813 820 821 840 842 876 933 961 970
Compactness: 5418.241861
Weights: 614.000000 10970.000000 2809.000000
Center Node: 803

District 7
Nodes: 13 32 56 65 75 115 164 171 185 194 197 200 232 294 295 301 312 319 325 375 385 392 436 442 449 453 462 472 476 498 499 530 609 617 645 648 676 704 705 723 756 784 859 910 919 938 951 964 977 989
Compactness: 5631.090901
Weights: 611.000000 10129.000000 2902.000000
Center Node: 56

District 8
Nodes: 2 44 47 70 73 76 124 155 173 212 251 273 286 292 298 299 303 305 308 349 391 424 468 475 490 543 547 572 582 601 637 653 658 706 720 732 736 782 797 822 828 832 923 930 937
Compactness: 4940.960554
Weights: 568.000000 10303.000000 2846.000000
Center Node: 601

District 9
Nodes: 16 86 89 120 121 135 146 156 158 179 183 216 287 296 320 322 348 354 371 409 425 487 514 517 524 527 537 540 571 588 591 596 631 633 675 679 711 727 774 799 809 823 854 857 866 875 877 913 935 947 955 998
Compactness: 5286.296431
Weights: 620.000000 10976.000000 2879.000000
Center Node: 322

District 10
Nodes: 4 22 24 34 39 46 102 168 223 257 259 279 283 288 302 307 315 323 328 342 343 347 356 358 361 428 429 448 461 507 508 512 513 533 536 551 557 558 559 576 656 659 664 672 702 789 814 847 865 881 980 984
Compactness: 5775.141268
Weights: 625.000000 10102.000000 3020.000000
Center Node: 283

District 11
Nodes: 21 38 43 95 105 116 119 134 148 167 196 202 248 260 281 324 330 366 386 396 413 465 503 510 520 542 546 554 562 585 624 647 692 718 733 738 779 807 830 841 843 870 885 906 920 960 971 993 997
Compactness: 4933.315446
Weights: 585.000000 10364.000000 2945.000000
Center Node: 647

District 12
Nodes: 15 25 84 109 137 166 205 213 214 229 254 255 277 304 337 370 378 397 427 430 452 479 501 502 575 589 635 639 640 644 649 654 693 716 725 737 757 778 800 824 825 845 855 894 907 909 927 967 972
Compactness: 5829.633232
Weights: 621.000000 10931.000000 3029.000000
Center Node: 907

District 13
Nodes: 55 62 64 90 100 101 107 114 152 159 174 178 247 278 329 336 365 390 393 408 420 444 447 477 489 500 518 550 592 606 612 627 674 698 701 708 728 729 761 762 763 794 806 811 862 884 949 991
Compactness: 6381.485910
Weights: 615.000000 10525.000000 2818.000000
Center Node: 62

District 14
Nodes: 6 18 28 37 42 50 79 131 161 170 181 207 235 242 252 262 269 289 313 318 326 333 395 398 399 402 410 412 414 506 511 521 534 544 595 611 626 636 641 661 684 719 745 750 752 776 810 839 880 895 946 963
Compactness: 6601.060390
Weights: 615.000000 10235.000000 3063.000000
Center Node: 745

District 15
Nodes: 14 30 41 60 72 82 87 88 103 145 151 165 206 218 233 234 250 266 317 331 344 345 355 372 380 426 473 486 496 504 509 516 523 568 731 740 759 781 790 804 816 818 826 886 893 901 928 942
Compactness: 5442.151964
Weights: 605.000000 10085.000000 2810.000000
Center Node: 901

District 16
Nodes: 35 49 68 77 78 83 85 110 111 147 177 184 190 193 226 231 241 258 290 389 400 418 443 450 467 470 488 580 597 682 703 743 754 766 780 783 808 851 853 856 869 873 878 879 889 899 926 929 948 954 966 976 985
Compactness: 4859.688971
Weights: 562.000000 10868.000000 3082.000000
Center Node: 783

District 17
Nodes: 27 67 69 106 112 117 142 143 162 189 195 198 219 243 246 263 267 352 394 415 422 466 480 531 532 545 556 590 598 600 613 643 670 678 687 690 712 734 748 755 829 834 858 868 905 914 932 978 981
Compactness: 3816.419456
Weights: 622.000000 10156.000000 2831.000000
Center Node: 466

District 18
Nodes: 20 23 51 53 57 81 91 92 127 136 144 153 182 187 201 220 291 293 321 359 363 423 431 433 451 463 471 483 485 583 603 610 628 695 696 721 724 735 795 798 817 835 872 887 892 918 936 943 945 959 968 979 983 987 996
Compactness: 4673.626938
Weights: 590.000000 10191.000000 3006.000000
Center Node: 53

District 19
Nodes: 31 45 66 71 94 113 125 128 150 199 332 351 353 374 382 388 455 464 519 535 539 549 552 564 566 593 608 632 669 673 689 710 749 771 773 785 846 849 850 917 925 952 975 990
Compactness: 4581.645357
Weights: 576.000000 9971.000000 2803.000000
Center Node: 564

District 20
Nodes: 3 48 54 118 122 129 188 204 225 270 271 311 338 362 373 379 383 384 437 460 493 494 515 522 594 604 634 638 652 655 668 775 801 815 837 852 883 903 916 921 939 940 944 950 992
Compactness: 4600.479857
Weights: 599.000000 10100.000000 2848.000000
Center Node: 594
