BalanceViolation 610.987500
AffinityLoss 3432.000000
Compactness 225336.236005

District 1
Nodes: 16 22 65 101 115 151 157 167 209 234 237 254 255 260 265 274 312 314 327 342 343 347 427 432 433 435 447 485 521 541 542 556 572 579 611 626 636 682 688 724 728 756 805 810 854 862 884 894 939 940 945 953 978 990 1001 1027 1031 1048 1078 1138 1168 1200 1204 1251 1266 1298 1357 1374 1394 1395 1404 1410 1429 1464 1520 1537 1542 1566 1569 1608 1620 1639 1656 1699 1706 1715 1749 1754 1758 1766 1770 1772 1785 1793 1827 1834 1853 1920 1922 1929 1930 1931 1964 1984
Compactness: 11125.454489
Weights: 1255.000000 20604.000000 5509.000000
Center Node: 1834

District 2
Nodes: 43 69 76 80 87 141 144 150 192 236 245 266 336 360 367 381 446 460 480 483 525 534 554 580 606 613 735 744 783 792 827 837 866 871 900 901 903 944 976 994 1015 1018 1021 1025 1037 1097 1099 1117 1126 1135 1155 1167 1199 1216 1229 1230 1256 1308 1310 1320 1333 1341 1345 1387 1399 1416 1456 1458 1459 1462 1472 1488 1543 1545 1568 1574 1579 1588 1590 1601 1745 1759 1775 1780 1792 1800 1814 1841 1874 1876 1939 1995 1998
Compactness: 11556.951456
Weights: 1084.000000 19866.000000 5689.000000
Center Node: 245

District 3
Nodes: 3 17 99 103 106 124 129 147 159 175 179 241 286 288 313 358 363 392 454 465 477 488 493 517 529 536 570 588 637 639 650 655 663 672 686 687 704 740 780 811 819 829 874 879 885 929 942 959 965 975 1007 1053 1058 1064 1065 1086 1087 1103 1120 1130 1137 1211 1242 1259 1265 1268 1294 1313 1330 1403 1421 1431 1443 1452 1476 1489 1492 1513 1526 1533 1538 1544 1549 1572 1599 1651 1665 1687 1711 1753 1755 1786 1787 1794 1795 1807 1808 1811 1824 1901 1935 1970 1972
Compactness: 10033.113831
Weights: 1246.000000 21231.000000 5960.000000
Center Node: 655

District 4
Nodes: 1 20 35 41 45 110 112 119 132 137 154 164 187 207 216 226 233 248 296 303 307 317 333 349 400 414 441 466 498 506 527 547 578 591 594 610 616 619 621 632 641 648 678 785 833 858 863 872 878 897 925 947 967 972 989 1000 1005 1033 1035 1046 1072 1128 1162 1163 1176 1187 1194 1221 1231 1237 1264 1289 1290 1295 1318 1373 1376 1415 1417 1445 1479 1485 1493 1499 1521 1554 1562 1614 1617 1618 1637 1640 1658 1671 1712 1796 1883 1917 1923 1936 1948 1957 1975
Compactness: 12414.008204
Weights: 1255.000000 20902.000000 5906.000000
Center Node: 1163

District 5
Nodes: 7 9 21 66 78 94 114 117 123 133 136 191 199 205 206 223 238 354 364 398 406 420 426 445 492 608 629 657 669 694 708 755 758 767 770 814 836 848 853 855 856 923 941 960 966 969 984 1062 1084 1093 1102 1109 1165 1166 1191 1195 1205 1207 1214 1249 1280 1301 1311 1315 1337 1352 1384 1428 1465 1482 1484 1509 1514 1528 1564 1603 1612 1638 1657 1662 1675 1686 1688 1690 1710 1761 1828 1850 1854 1857 1887 1900 1915 1926 1937 1938 1949 1967 1971 1997
Compactness: 10309.939143
Weights: 1177.000000 20731.000000 5604.000000
Center Node: 755

District 6
Nodes: 14 23 39 84 107 169 196 220 222 235 263 276 289 290 328 345 346 377 388 417 430 462 558 562 596 609 627 631 640 643 653 690 695 698 725 768 782 823 824 835 838 841 842 844 860 886 973 974 985 1008 1029 1034 1042 1063 1066 1085 1116 1246 1279 1323 1334 1372 1406 1407 1420 1424 1441 1455 1530 1535 1541 1547 1557 1560 1563 1565 1578 1584 1602 1611 1619 1623 1650 1664 1713 1744 1763 1819 1820 1822 1863 1869 1890 1899 1940 1963 1966
Compactness: 7961.780278
Weights: 1172.000000 21411.000000 5779.000000
Center Node: 1565

District 7
Nodes: 30 40 74 116 125 128 160 172 211 212 213 224 243 323 389 407 429 434 437 444 452 479 494 518 589 597 604 614 625 668 707 721 739 761 763 778 790 831 843 847 859 881 893 899 930 932 957 958 980 983 987 999 1038 1075 1106 1111 1127 1142 1159 1179 1196 1226 1228 1245 1305 1340 1389 1400 1419 1454 1490 1502 1539 1571 1587 1592 1635 1636 1663 1672 1673 1689 1698 1702 1707 1756 1773 1810 1825 1867 1870 1871 1881 1898 1905 1919 1925 1944 1953 1978 1983
Compactness: 10045.153398
Weights: 1252.000000 20595.000000 5755.000000
Center Node: 40

District 8
Nodes: 8 34 79 81 95 98 168 200 279 287 295 325 326 337 340 351 371 384 405 418 423 502 508 510 530 533 557 582 590 602 633 664 727 764 769 777 787 795 800 806 812 890 906 933 954 962 977 993 1019 1083 1095 1132 1145 1148 1149 1164 1181 1185 1215 1252 1262 1271 1272 1284 1306 1343 1347 1364 1405 1408 1411 1430 1433 1439 1457 1478 1497 1498 1546 1556 1558 1589 1609 1624 1654 1679 1685 1729 1731 1750 1762 1765 1774 1873 1908 1910 1968 1969 1991 1992 1996
Compactness: 9028.901704
Weights: 1226.000000 20658.000000 6012.000000
Center Node: 1609

District 9
Nodes: 48 51 71 109 113 120 188 203 214 217 242 272 277 293 366 376 380 393 438 443 453 455 475 489 496 499 551 583 586 618 671 674 691 713 774 798 817 825 840 865 911 919 924 955 996 1003 1049 1068 1110 1150 1151 1154 1157 1174 1212 1217 1241 1257 1316 1335 1336 1339 1363 1368 1378 1386 1388 1469 1473 1487 1503 1506 1512 1519 1553 1583 1615 1625 1627 1631 1632 1641 1677 1720 1742 1746 1757 1768 1845 1849 1851 1865 1882 1886 1911 1921 1928 1958 1973 1990 1999
Compactness: 19769.583536
Weights: 1223.000000 21444.000000 6028.000000
Center Node: 1217

District 10
Nodes: 32 56 60 82 88 126 135 177 215 239 264 267 292 297 330 373 419 421 482 514 519 544 548 560 564 571 598 624 638 661 666 685 700 705 712 732 743 750 760 773 775 776 784 804 826 832 845 887 902 905 912 938 1096 1104 1129 1161 1169 1172 1175 1240 1254 1293 1297 1329 1356 1380 1425 1450 1466 1474 1475 1481 1486 1510 1548 1550 1555 1570 1598 1604 1605 1607 1660 1682 1694 1716 1734 1735 1752 1777 1799 1829 1884 1894 1897 1902 1904 1909 1932 1934 1951 1954 1994
Compactness: 10060.737116
Weights: 1244.000000 19721.000000 6118.000000
Center Node: 560

District 11
Nodes: 13 26 44 46 75 83 163 165 256 269 291 299 306 315 319 321 335 361 391 428 436 450 456 470 484 520 522 537 540 550 563 577 595 600 601 615 642 649 677 680 706 733 747 786 797 807 822 828 846 849 868 877 891 904 910 914 917 951 1009 1020 1026 1028 1092 1108 1131 1140 1178 1197 1206 1208 1285 1286 1317 1328 1359 1365 1379 1390 1409 1435 1491 1504 1527 1630 1659 1696 1724 1727 1739 1782 1803 1817 1879 1895 1946 1976 1988
Compactness: 8704.563199
Weights: 1124.000000 20870.000000 5971.000000
Center Node: 1895

District 12
Nodes: 0 27 28 33 73 92 97 104 130 138 142 197 227 246 257 283 298 301 305 310 322 324 332 352 362 382 385 424 468 497 503 531 545 553 565 587 656 709 711 715 717 722 730 736 789 791 801 808 813 851 961 1016 1055 1071 1091 1100 1156 1170 1186 1201 1213 1227 1234 1250 1273 1274 1283 1296 1314 1321 1338 1348 1355 1385 1402 1426 1436 1444 1532 1552 1561 1586 1591 1593 1595 1622 1644 1646 1648 1652 1676 1740 1741 1823 1833 1840 1852 1868 1880 1942 1950 1959 1977
Compactness: 9613.003832
Weights: 1251.000000 21797.000000 6042.000000
Center Node: 0

District 13
Nodes: 4 12 54 72 89 91 131 139 148 149 161 173 180 240 244 259 261 262 329 370 383 395 403 408 461 474 500 504 535 575 576 592 620 630 645 647 659 692 718 734 738 745 746 752 796 850 852 864 883 896 921 963 981 1006 1022 1032 1039 1043 1044 1105 1112 1124 1152 1203 1236 1287 1288 1304 1344 1366 1392 1427 1440 1460 1531 1585 1596 1597 1600 1653 1732 1736 1738 1743 1747 1779 1781 1789 1791 1815 1826 1847 1856 1858 1859 1862 1864 1889 1912 1981 1986 1987
Compactness: 9522.108852
Weights: 1240.000000 21144.000000 5810.000000
Center Node: 259

District 14
Nodes: 18 68 100 121 162 170 186 198 229 249 271 304 334 339 357 390 394 413 425 448 451 469 490 491 505 599 605 622 644 654 675 676 702 720 757 779 799 802 820 875 907 909 918 927 934 937 970 971 991 1002 1010 1011 1051 1061 1067 1076 1094 1115 1134 1146 1160 1209 1223 1243 1244 1247 1258 1300 1325 1391 1397 1401 1434 1461 1463 1468 1518 1522 1536 1559 1647 1666 1683 1697 1719 1725 1737 1751 1783 1804 1892 1896 1906 1979 1989
Compactness: 9308.010047
Weights: 1105.000000 19855.000000 5210.000000
Center Node: 505

District 15
Nodes: 38 63 86 127 145 146 166 178 194 225 231 308 309 311 320 353 396 397 399 416 440 471 476 538 543 552 574 634 646 658 670 693 701 737 751 762 765 766 788 803 873 880 888 898 908 920 956 986 1004 1014 1017 1023 1040 1045 1052 1070 1080 1107 1114 1171 1177 1184 1188 1193 1218 1232 1269 1322 1326 1349 1362 1371 1471 1477 1495 1516 1525 1540 1577 1643 1668 1703 1704 1705 1709 1733 1771 1776 1801 1838 1866 1943 1952
Compactness: 14805.075692
Weights: 1055.000000 20070.000000 5495.000000
Center Node: 1540

District 16
Nodes: 5 6 50 67 85 108 111 140 174 176 185 189 268 275 350 365 372 375 412 431 439 459 473 478 486 501 513 524 546 555 559 561 567 603 635 652 665 679 681 683 697 714 723 726 754 771 772 794 889 931 935 936 979 997 1012 1013 1036 1073 1074 1081 1121 1125 1133 1180 1190 1198 1210 1220 1225 1239 1260 1263 1307 1327 1331 1350 1369 1377 1398 1447 1453 1500 1507 1551 1575 1581 1606 1626 1674 1684 1695 1722 1812 1816 1861 1872 1885 1891 1903 1916 1960 1961 1962 1974
Compactness: 9306.687454
Weights: 1216.000000 21824.000000 5908.000000
Center Node: 176

District 17
Nodes: 10 47 52 57 58 59 70 77 118 134 156 171 184 195 204 219 230 281 282 285 300 341 368 374 387 442 464 467 509 515 523 539 566 585 617 623 651 662 673 689 749 753 781 793 809 815 834 867 892 916 952 982 988 995 1030 1059 1101 1143 1144 1158 1182 1183 1192 1222 1233 1235 1238 1248 1255 1270 1276 1291 1309 1332 1346 1353 1354 1361 1381 1382 1423 1432 1438 1449 1480 1511 1515 1529 1621 1629 1669 1708 1718 1726 1748 1790 1798 1821 1839 1848 1860 1888 1980 1982
Compactness: 10364.267919
Weights: 1188.000000 20910.000000 6069.000000
Center Node: 1248

District 18
Nodes: 15 29 37 53 64 90 96 105 122 143 158 182 183 202 221 228 232 253 258 273 302 348 369 379 402 404 463 472 487 549 584 667 684 696 699 748 759 816 821 857 861 869 870 876 882 895 915 926 928 943 992 1050 1057 1069 1082 1098 1113 1136 1141 1153 1189 1219 1261 1267 1275 1292 1303 1351 1367 1383 1396 1414 1437 1446 1483 1501 1517 1573 1580 1582 1613 1661 1678 1692 1700 1769 1778 1797 1802 1805 1813 1846 1877 1878 1913 1941 1955
Compactness: 13744.042913
Weights: 1261.000000 21469.000000 5498.000000
Center Node: 1189

District 19
Nodes: 19 36 42 55 62 102 153 190 208 218 247 250 251 252 278 284 294 331 338 356 386 401 410 481 507 511 512 573 628 660 703 710 716 719 729 741 742 818 830 839 913 946 949 950 968 998 1041 1047 1056 1060 1077 1079 1088 1090 1123 1147 1202 1253 1277 1282 1302 1319 1324 1358 1360 1370 1393 1418 1442 1448 1467 1470 1494 1523 1567 1610 1616 1633 1634 1649 1655 1670 1681 1691 1693 1701 1714 1721 1730 1764 1767 1788 1809 1830 1835 1842 1893 1914 1918 1927 1945 1947 1956 1965 1985 1993
Compactness: 12438.064392
Weights: 1210.000000 20889.000000 6080.000000
Center Node: 1649

District 20
Nodes: 2 11 24 25 31 49 61 93 152 155 181 193 201 210 270 280 316 318 344 355 359 378 409 411 415 422 449 457 458 495 516 526 528 532 568 569 581 593 607 612 731 922 948 964 1024 1054 1089 1118 1119 1122 1139 1173 1224 1278 1281 1299 1312 1342 1375 1412 1413 1422 1451 1496 1505 1508 1524 1534 1576 1594 1628 1642 1645 1667 1680 1717 1723 1728 1760 1784 1806 1818 1831 1832 1836 1837 1843 1844 1855 1875 1907 1924 1933
Compactness: 15224.788549
Weights: 1140.000000 20519.000000 5624.000000
Center Node: 1524
