BalanceViolation 141.712500
AffinityLoss 828.000000
Compactness 47506.878083

District 1
Nodes: 3 51 64 87 136 137 150 151 166 206 212 232 252 257 271 282 302 305 332 347 349 364 427 440 457 462 488
Compactness: 2913.959668
Weights: 286.000000 5212.000000 1488.000000
Center Node: 136

District 2
Nodes: 5 38 41 60 68 70 94 103 131 139 143 196 237 241 261 273 276 280 291 313 325 391 405 419 428 431 448
Compactness: 2369.935050
Weights: 285.000000 5276.000000 1424.000000
Center Node: 41

District 3
Nodes: 6 19 34 37 44 45 66 113 125 204 218 227 239 256 301 304 322 333 389 406 412 458 468 479
Compactness: 1879.249285
Weights: 293.000000 5152.000000 1414.000000
Center Node: 256

District 4
Nodes: 13 16 21 67 72 77 108 128 176 183 246 262 265 266 269 298 337 370 375 381 444 463 466
Compactness: 2537.767859
Weights: 261.000000 5269.000000 1409.000000
Center Node: 262

District 5
Nodes: 17 26 54 55 107 126 167 173 216 236 238 258 259 277 290 351 371 379 401 413 442 456 469 477 481 492
Compactness: 2942.866040
Weights: 247.000000 5012.000000 1484.000000
Center Node: 258

District 6
Nodes: 50 78 84 99 114 157 162 203 207 220 289 308 340 343 355 366 369 384 385 395 426 453 461 464 487 494
Compactness: 2265.431118
Weights: 330.000000 5049.000000 1359.000000
Center Node: 84

District 7
Nodes: 31 48 58 61 73 88 95 104 130 152 154 160 163 191 245 270 275 287 320 354 380 386 418 432 491
Compactness: 2481.837228
Weights: 293.000000 5235.000000 1355.000000
Center Node: 432

District 8
Nodes: 23 27 36 43 59 81 115 118 153 172 177 214 215 217 244 248 267 268 286 299 327 394 398 495
Compactness: 1758.897098
Weights: 285.000000 4865.000000 1496.000000
Center Node: 172

District 9
Nodes: 1 28 102 132 138 140 190 242 272 278 284 306 315 352 360 372 376 378 402 409 415 420 429 451 455 475
Compactness: 2875.656863
Weights: 295.000000 4953.000000 1490.000000
Center Node: 272

District 10
Nodes: 2 8 18 25 82 96 141 182 193 219 263 296 314 353 382 397 400 417 421 460 473 493
Compactness: 1609.578608
Weights: 312.000000 5051.000000 1364.000000
Center Node: 96

District 11
Nodes: 7 12 56 57 62 71 93 121 148 168 181 186 231 310 311 338 342 363 410 430 446 450 454 470
Compactness: 2188.998356
Weights: 266.000000 4920.000000 1368.000000
Center Node: 57

District 12
Nodes: 4 11 42 47 74 75 80 106 111 116 117 165 174 201 205 224 225 260 279 294 317 346 357 407 424 449
Compactness: 2465.860618
Weights: 292.000000 5051.000000 1493.000000
Center Node: 279

District 13
Nodes: 0 24 83 91 100 142 178 202 211 234 318 328 339 345 362 365 368 393 404 408 441 447 459 476 498
Compactness: 1811.646006
Weights: 303.000000 5257.000000 1457.000000
Center Node: 476

District 14
Nodes: 30 52 134 147 179 184 192 199 200 209 222 228 230 253 329 334 367 416 439 443 467 482 486
Compactness: 2403.412798
Weights: 275.000000 4951.000000 1380.000000
Center Node: 179

District 15
Nodes: 10 39 49 65 85 112 122 124 158 170 213 223 235 249 255 274 288 293 309 324 356 374 425 436 445
Compactness: 2329.501848
Weights: 294.000000 5166.000000 1457.000000
Center Node: 356

District 16
Nodes: 9 14 15 35 46 53 76 101 180 197 233 240 297 307 348 358 359 383 387 403 422 423 452 471 489 497
Compactness: 2349.933466
Weights: 302.000000 4955.000000 1484.000000
Center Node: 240

District 17
Nodes: 29 69 90 105 109 119 120 127 133 159 161 187 195 254 283 326 335 344 350 373 377 396 414 435 438 478 499
Compactness: 2528.319784
Weights: 310.000000 5327.000000 1359.000000
Center Node: 373

District 18
Nodes: 20 22 33 40 63 79 86 89 123 144 146 169 189 208 229 292 312 319 321 336 392 433 434 472 474 480 483 490
Compactness: 3450.580322
Weights: 308.000000 4816.000000 1512.000000
Center Node: 208

District 19
Nodes: 32 97 155 156 164 175 185 210 226 243 251 264 285 295 303 323 341 361 390 399 411 484 496
Compactness: 2290.266586
Weights: 294.000000 5247.000000 1415.000000
Center Node: 484

District 20
Nodes: 92 98 110 129 135 145 149 171 188 194 198 221 247 250 281 300 316 330 331 388 437 465 485
Compactness: 2053.179482
Weights: 305.000000 5303.000000 1417.000000
Center Node: 194
