BalanceViolation 1017.506000
AffinityLoss 1894.000000
Compactness 63830.699239

District 1
Nodes: 77 233 270 281 383 389 508 571 590 591 652 694 734 748 809 842 896 897 985
Compactness: 1040.330523
Weights: 227.000000 4055.000000 1174.000000
Center Node: 809

District 2
Nodes: 81 151 161 171 196 205 252 265 338 392 464 502 601 604 647 677 725 763 792 814 823 989
Compactness: 1764.494469
Weights: 250.000000 4333.000000 1175.000000
Center Node: 823

District 3
Nodes: 13 95 122 168 294 336 355 396 398 423 468 513 580 610 637 660 699 794 832 863 865
Compactness: 1170.307991
Weights: 266.000000 4250.000000 1064.000000
Center Node: 95

District 4
Nodes: 23 34 66 72 158 351 380 420 428 445 483 562 709 753 769 876 877 886 946 968
Compactness: 1229.242030
Weights: 230.000000 4045.000000 1184.000000
Center Node: 968

District 5
Nodes: 11 33 117 173 182 226 235 246 285 344 350 426 528 679 736 741 775 789 799 800 898
Compactness: 1290.351482
Weights: 257.000000 4372.000000 1066.000000
Center Node: 775

District 6
Nodes: 55 67 112 119 176 218 407 416 435 533 584 622 640 659 685 778 820 847 874 887 947
Compactness: 1493.325198
Weights: 266.000000 4101.000000 1077.000000
Center Node: 947

District 7
Nodes: 28 47 103 115 118 128 143 150 183 217 277 311 376 519 536 797 826 926 935 960 997
Compactness: 1187.187055
Weights: 237.000000 4061.000000 1106.000000
Center Node: 997

District 8
Nodes: 68 75 133 145 243 250 447 458 490 557 585 651 671 696 731 804 824 871 990
Compactness: 1369.938467
Weights: 222.000000 4354.000000 1121.000000
Center Node: 145

District 9
Nodes: 29 39 100 152 163 186 208 256 272 279 440 459 489 514 527 530 548 635 930
Compactness: 1008.947333
Weights: 258.000000 4143.000000 1126.000000
Center Node: 440

District 10
Nodes: 37 56 113 132 140 296 313 339 471 650 669 691 705 724 742 812 889 939 981 988
Compactness: 894.347567
Weights: 252.000000 4426.000000 1069.000000
Center Node: 296

District 11
Nodes: 146 156 174 209 219 257 262 284 315 325 422 424 606 681 697 737 754 807 892 972
Compactness: 1024.750126
Weights: 268.000000 4176.000000 1176.000000
Center Node: 606

District 12
Nodes: 10 104 127 308 352 532 583 600 612 716 765 821 913 951 958 971 986 999
Compactness: 934.031791
Weights: 206.000000 4435.000000 1074.000000
Center Node: 532

District 13
Nodes: 24 88 120 179 225 290 414 433 434 462 485 526 576 596 762 837 851 856 893 894 904 973
Compactness: 1475.998596
Weights: 254.000000 4392.000000 1164.000000
Center Node: 434

District 14
Nodes: 7 57 60 110 266 302 333 374 385 411 425 706 713 780 802 817 866 899 902 984
Compactness: 1190.788468
Weights: 271.000000 4103.000000 1024.000000
Center Node: 333

District 15
Nodes: 45 87 135 258 259 286 312 442 482 492 569 682 805 845 852 891 942 948 991
Compactness: 1281.071646
Weights: 219.000000 4310.000000 1141.000000
Center Node: 942

District 16
Nodes: 42 109 244 288 300 309 314 329 377 379 550 582 593 750 793 822 833 835 854 907 950 963
Compactness: 1262.986662
Weights: 248.000000 4230.000000 1126.000000
Center Node: 793

District 17
Nodes: 6 44 53 121 167 239 253 291 317 357 496 501 520 639 693 712 723 949 992
Compactness: 1912.184198
Weights: 255.000000 4339.000000 1168.000000
Center Node: 639

District 18
Nodes: 61 310 323 369 413 452 455 463 477 486 560 594 599 626 653 661 700 744 787 936 962
Compactness: 1318.163262
Weights: 241.000000 4441.000000 1025.000000
Center Node: 599

District 19
Nodes: 129 148 162 238 356 431 511 542 567 605 690 692 733 759 760 798 803 938
Compactness: 872.463936
Weights: 220.000000 4068.000000 1069.000000
Center Node: 605

District 20
Nodes: 50 74 136 165 175 202 210 232 236 384 394 436 512 537 668 688 715 790 828 830
Compactness: 1484.084984
Weights: 264.000000 4368.000000 1104.000000
Center Node: 790

District 21
Nodes: 3 43 62 92 131 204 227 237 274 282 345 366 370 381 446 460 586 638 752 932
Compactness: 1173.605953
Weights: 245.000000 4050.000000 1179.000000
Center Node: 274

District 22
Nodes: 36 65 70 85 130 200 228 295 400 470 598 628 673 686 701 757 813 861 908 940 957
Compactness: 1102.160880
Weights: 253.000000 4381.000000 1014.000000
Center Node: 813

District 23
Nodes: 9 64 106 189 297 328 363 365 466 481 581 617 719 772 786 825 838 906 956 970 998
Compactness: 2770.036020
Weights: 264.000000 4158.000000 1119.000000
Center Node: 956

District 24
Nodes: 26 32 86 94 114 260 340 362 367 372 405 417 441 484 579 727 745 880 914 937
Compactness: 1631.462483
Weights: 278.000000 4103.000000 1108.000000
Center Node: 340

District 25
Nodes: 35 89 192 341 390 406 418 565 666 667 777 779 784 839 857 869 872 882 979 995
Compactness: 1060.382090
Weights: 259.000000 4063.000000 1076.000000
Center Node: 89

District 26
Nodes: 12 14 144 206 276 332 371 412 429 503 545 670 739 751 840 859 927 977
Compactness: 1055.591097
Weights: 228.000000 4374.000000 1104.000000
Center Node: 859

District 27
Nodes: 38 178 190 263 292 293 438 456 509 529 570 592 633 732 770 883 929 943
Compactness: 1059.770434
Weights: 265.000000 4257.000000 1080.000000
Center Node: 929

District 28
Nodes: 98 159 169 213 231 322 327 515 561 624 644 678 726 740 776 808 827 888 909 964 978
Compactness: 1062.285954
Weights: 245.000000 4398.000000 1176.000000
Center Node: 964

District 29
Nodes: 1 30 40 160 166 212 220 248 251 337 461 478 499 572 573 602 720 782 795 867 878
Compactness: 923.284040
Weights: 279.000000 4084.000000 1099.000000
Center Node: 602

District 30
Nodes: 16 49 125 268 280 330 354 358 443 551 555 615 675 738 766 783 816 853 923 925 953 976
Compactness: 1311.626224
Weights: 269.000000 4042.000000 1170.000000
Center Node: 330

District 31
Nodes: 69 80 126 269 342 404 419 432 444 543 578 607 645 658 721 768 806 849 916 931 955 983
Compactness: 1426.823709
Weights: 255.000000 4029.000000 1161.000000
Center Node: 80

District 32
Nodes: 124 177 199 393 430 451 453 454 549 559 563 587 611 643 663 702 729 749 818 952
Compactness: 939.219641
Weights: 254.000000 4265.000000 1081.000000
Center Node: 453

District 33
Nodes: 21 63 240 264 467 476 589 641 649 662 665 781 815 836 846 850 954 994
Compactness: 1380.459860
Weights: 208.000000 4021.000000 1169.000000
Center Node: 649

District 34
Nodes: 27 54 108 116 180 188 299 421 449 475 495 552 613 629 657 717 811 819 918 921 928
Compactness: 1386.179023
Weights: 237.000000 4018.000000 1281.000000
Center Node: 657

District 35
Nodes: 18 101 172 249 301 316 324 343 348 353 465 497 522 534 553 648 758 844 848 919 922
Compactness: 1379.766903
Weights: 270.000000 4391.000000 1136.000000
Center Node: 353

District 36
Nodes: 59 73 111 157 224 247 359 361 378 387 391 437 439 506 620 654 683 714 728 829 864
Compactness: 1238.446787
Weights: 234.000000 3989.000000 1241.000000
Center Node: 829

District 37
Nodes: 102 142 147 207 211 331 474 507 568 588 618 627 676 687 710 791 858 885
Compactness: 1163.046098
Weights: 190.000000 4427.000000 1037.000000
Center Node: 676

District 38
Nodes: 2 46 58 222 267 287 346 364 399 494 516 535 564 595 730 868 884 934 959 965
Compactness: 1286.373592
Weights: 226.000000 4324.000000 1175.000000
Center Node: 346

District 39
Nodes: 25 191 197 241 289 382 409 480 500 521 619 632 642 674 689 810 831 903 917
Compactness: 1443.971472
Weights: 228.000000 4247.000000 1056.000000
Center Node: 632

District 40
Nodes: 4 5 31 76 79 134 153 194 203 273 275 326 448 540 695 707 711 774 873 912
Compactness: 1411.839310
Weights: 229.000000 3984.000000 1260.000000
Center Node: 912

District 41
Nodes: 20 83 91 123 141 149 185 261 335 504 517 656 735 743 843 895 945 967 969
Compactness: 1189.517566
Weights: 239.000000 4400.000000 1079.000000
Center Node: 735

District 42
Nodes: 41 193 347 402 403 408 415 469 479 487 558 597 664 672 747 788 841 975
Compactness: 1399.817475
Weights: 210.000000 4213.000000 1061.000000
Center Node: 403

District 43
Nodes: 48 71 105 187 229 255 349 360 368 375 386 491 538 575 603 655 684 698 801 862
Compactness: 1435.392399
Weights: 248.000000 4180.000000 1148.000000
Center Node: 368

District 44
Nodes: 8 52 99 155 216 306 318 427 493 498 505 546 631 767 855 870 890 915 920
Compactness: 1075.728251
Weights: 235.000000 4334.000000 1151.000000
Center Node: 870

District 45
Nodes: 15 78 93 184 195 221 303 523 524 566 574 616 718 834 924 933 941 974 980 987
Compactness: 1354.669935
Weights: 259.000000 4396.000000 1069.000000
Center Node: 221

District 46
Nodes: 164 170 242 278 307 320 395 539 547 646 704 722 746 761 771 773 875 905 944 961
Compactness: 1083.739528
Weights: 255.000000 4013.000000 1172.000000
Center Node: 771

District 47
Nodes: 96 97 107 138 139 154 198 223 271 304 305 410 473 614 636 680 708 755 764 993 996
Compactness: 1061.274879
Weights: 232.000000 4005.000000 1268.000000
Center Node: 636

District 48
Nodes: 17 90 215 234 373 388 401 488 518 525 554 577 608 634 756 879 881 901 911 982
Compactness: 1403.017429
Weights: 226.000000 4407.000000 1165.000000
Center Node: 911

District 49
Nodes: 0 19 51 82 84 137 181 201 214 230 254 298 334 397 450 457 609 623 630 900 910
Compactness: 1324.619296
Weights: 247.000000 4199.000000 1170.000000
Center Node: 397

District 50
Nodes: 22 245 283 319 321 472 510 531 541 544 556 621 625 703 785 796 860 966
Compactness: 1091.595129
Weights: 220.000000 4370.000000 983.000000
Center Node: 283
