BalanceViolation 1978.810000
AffinityLoss 920.000000
Compactness 29631.647756

District 1
Nodes: 14 21 49 101 170 297 374 387 445 452
Compactness: 606.738089
Weights: 110.000000 1975.000000 611.000000
Center Node: 452

District 2
Nodes: 34 66 113 256 301 304 322 333 406 458
Compactness: 396.514195
Weights: 137.000000 2102.000000 540.000000
Center Node: 113

District 3
Nodes: 3 146 151 232 257 271 302 349 364 427 457
Compactness: 890.400789
Weights: 119.000000 1934.000000 635.000000
Center Node: 427

District 4
Nodes: 155 185 226 251 343 399 411 484
Compactness: 411.188503
Weights: 111.000000 2136.000000 514.000000
Center Node: 411

District 5
Nodes: 29 90 120 187 231 335 350 363 373 377 396 438
Compactness: 569.720327
Weights: 136.000000 2073.000000 600.000000
Center Node: 90

District 6
Nodes: 20 28 132 140 144 272 306 352 372 378 415 475
Compactness: 1215.884942
Weights: 135.000000 2030.000000 642.000000
Center Node: 140

District 7
Nodes: 80 103 117 174 196 215 237 241 428 448
Compactness: 622.637293
Weights: 111.000000 1899.000000 662.000000
Center Node: 237

District 8
Nodes: 110 129 135 202 211 250 328 408 453
Compactness: 414.625500
Weights: 118.000000 2158.000000 539.000000
Center Node: 110

District 9
Nodes: 52 179 184 209 253 334 367 416 467
Compactness: 294.941374
Weights: 113.000000 2088.000000 586.000000
Center Node: 253

District 10
Nodes: 2 74 107 116 126 225 236 277 357 442 456
Compactness: 816.159044
Weights: 124.000000 2007.000000 601.000000
Center Node: 277

District 11
Nodes: 56 62 93 123 138 166 319 410 430 470
Compactness: 595.030508
Weights: 117.000000 1979.000000 615.000000
Center Node: 410

District 12
Nodes: 10 13 77 128 262 266 298 381 466
Compactness: 501.213170
Weights: 91.000000 2125.000000 586.000000
Center Node: 13

District 13
Nodes: 25 182 190 219 238 296 409 417
Compactness: 297.386284
Weights: 112.000000 1966.000000 545.000000
Center Node: 417

District 14
Nodes: 48 61 163 191 200 287 329 354 386 439 443
Compactness: 1177.009651
Weights: 131.000000 2085.000000 539.000000
Center Node: 443

District 15
Nodes: 38 70 131 143 280 291 313 419
Compactness: 388.169302
Weights: 72.000000 1803.000000 435.000000
Center Node: 313

District 16
Nodes: 23 27 36 59 118 153 172 248 268 286 307
Compactness: 652.873836
Weights: 144.000000 2097.000000 631.000000
Center Node: 118

District 17
Nodes: 32 78 97 207 210 285 303 323 361 461
Compactness: 639.225452
Weights: 126.000000 1918.000000 540.000000
Center Node: 210

District 18
Nodes: 33 40 63 169 208 292 312 336 434 451 480 483
Compactness: 855.672835
Weights: 116.000000 1960.000000 677.000000
Center Node: 33

District 19
Nodes: 4 11 42 47 106 201 205 224 279 346
Compactness: 544.370909
Weights: 120.000000 2002.000000 603.000000
Center Node: 42

District 20
Nodes: 133 206 282 326 332 347 440 446 450 462 488 499
Compactness: 691.529092
Weights: 125.000000 2165.000000 583.000000
Center Node: 326

District 21
Nodes: 17 105 159 171 194 198 316 330 388 485
Compactness: 432.390108
Weights: 119.000000 2123.000000 555.000000
Center Node: 330

District 22
Nodes: 0 6 37 44 45 91 142 204 389 404 498
Compactness: 533.268007
Weights: 137.000000 1957.000000 666.000000
Center Node: 498

District 23
Nodes: 30 134 192 199 222 228 230 482 486
Compactness: 716.743877
Weights: 97.000000 1904.000000 492.000000
Center Node: 222

District 24
Nodes: 7 12 57 71 121 310 311 338 454
Compactness: 422.374313
Weights: 86.000000 2158.000000 553.000000
Center Node: 311

District 25
Nodes: 1 8 65 102 193 249 263 309 382 421 455 460
Compactness: 668.426831
Weights: 163.000000 2225.000000 554.000000
Center Node: 249

District 26
Nodes: 16 72 108 235 265 269 293 375 444
Compactness: 504.118554
Weights: 109.000000 2124.000000 468.000000
Center Node: 265

District 27
Nodes: 15 18 35 76 180 348 359 403 422 471 497
Compactness: 507.028740
Weights: 132.000000 2045.000000 551.000000
Center Node: 403

District 28
Nodes: 84 99 114 164 264 369 385 464 494 496
Compactness: 634.623455
Weights: 137.000000 2041.000000 526.000000
Center Node: 494

District 29
Nodes: 95 109 152 195 283 344 414 432 435 478
Compactness: 733.811013
Weights: 113.000000 2119.000000 533.000000
Center Node: 109

District 30
Nodes: 26 55 82 148 167 186 351 379 413 477
Compactness: 668.408455
Weights: 109.000000 2091.000000 554.000000
Center Node: 379

District 31
Nodes: 54 242 278 284 315 342 360 402 420 429
Compactness: 557.334317
Weights: 100.000000 2053.000000 614.000000
Center Node: 402

District 32
Nodes: 43 75 214 244 260 267 299 371 398 424 449 495
Compactness: 723.666968
Weights: 115.000000 1950.000000 730.000000
Center Node: 260

District 33
Nodes: 5 41 60 68 94 139 261 273 276 325 391 431
Compactness: 712.189002
Weights: 133.000000 2037.000000 526.000000
Center Node: 276

District 34
Nodes: 83 127 234 270 339 437 447 465
Compactness: 371.631297
Weights: 121.000000 2244.000000 570.000000
Center Node: 447

District 35
Nodes: 85 112 124 158 255 274 288 324 356 425 436
Compactness: 551.326012
Weights: 120.000000 2010.000000 638.000000
Center Node: 255

District 36
Nodes: 31 58 104 119 147 161 275 305 491
Compactness: 567.163098
Weights: 110.000000 2153.000000 494.000000
Center Node: 58

District 37
Nodes: 81 115 176 177 217 327 383 394 423
Compactness: 782.301280
Weights: 104.000000 2004.000000 589.000000
Center Node: 217

District 38
Nodes: 50 157 178 203 220 289 340 366 426 459
Compactness: 694.919831
Weights: 118.000000 2062.000000 570.000000
Center Node: 340

District 39
Nodes: 22 79 86 89 189 229 321 392 433 472 474 490
Compactness: 647.017110
Weights: 131.000000 1928.000000 638.000000
Center Node: 433

District 40
Nodes: 111 145 188 281 300 317 331 469
Compactness: 453.283350
Weights: 100.000000 2039.000000 431.000000
Center Node: 188

District 41
Nodes: 156 165 175 243 294 295 341 390 405 407
Compactness: 621.111334
Weights: 103.000000 1950.000000 589.000000
Center Node: 407

District 42
Nodes: 96 141 314 353 397 400 473 493
Compactness: 281.746213
Weights: 114.000000 1978.000000 579.000000
Center Node: 353

District 43
Nodes: 51 64 87 136 137 150 168 181 212 252
Compactness: 731.698661
Weights: 135.000000 1939.000000 559.000000
Center Node: 137

District 44
Nodes: 39 67 122 213 223 246 337 370 376
Compactness: 745.401906
Weights: 113.000000 2130.000000 595.000000
Center Node: 122

District 45
Nodes: 9 46 53 183 197 233 240 358 463 489
Compactness: 424.615905
Weights: 120.000000 1996.000000 625.000000
Center Node: 9

District 46
Nodes: 19 125 154 218 227 412 418 468 479
Compactness: 650.929316
Weights: 101.000000 2151.000000 566.000000
Center Node: 412

District 47
Nodes: 73 88 92 130 160 245 254 345 380
Compactness: 386.594230
Weights: 109.000000 2113.000000 548.000000
Center Node: 73

District 48
Nodes: 98 149 162 221 308 355 384 395 487
Compactness: 404.544530
Weights: 108.000000 1980.000000 570.000000
Center Node: 355

District 49
Nodes: 69 173 216 247 258 259 290 401 481 492
Compactness: 544.021586
Weights: 79.000000 1979.000000 545.000000
Center Node: 290

District 50
Nodes: 24 100 239 318 320 362 365 368 393 441 476
Compactness: 377.667362
Weights: 132.000000 2082.000000 513.000000
Center Node: 441
