BalanceViolation 14.247500
AffinityLoss 3006.000000
Compactness 287631.737921

District 1
Nodes: 11 19 50 56 111 159 218 255 262 263 282 332 346 364 370 410 540 543 551 568 614 651 666 693 702 714 715 732 744 748 780 793 800 802 829 847 861 864 880 888 889 914 953 954 983 1009 1027 1030 1106 1172 1179 1199 1228 1253 1257 1259 1288 1303 1317 1318 1328 1349 1364 1373 1377 1381 1404 1462 1481 1487 1488 1489 1541 1543 1599 1609 1615 1655 1659 1674 1679 1690 1698 1703 1706 1727 1785 1800 1809 1828 1851 1870 1886 1913 1948 1994
Compactness: 13599.179245
Weights: 1168.000000 19558.000000 5701.000000
Center Node: 1674

District 2
Nodes: 28 64 80 89 119 151 169 180 192 196 197 205 223 245 277 278 284 338 376 379 390 416 428 432 447 459 466 490 492 504 507 566 581 627 628 640 656 720 721 726 771 776 799 842 849 854 859 865 933 943 965 977 981 1012 1018 1043 1047 1073 1088 1094 1109 1116 1146 1147 1192 1215 1216 1217 1219 1224 1225 1230 1277 1289 1292 1295 1300 1327 1340 1402 1473 1512 1528 1529 1549 1555 1589 1594 1654 1691 1693 1716 1741 1767 1786 1808 1814 1844 1845 1852 1895 1899 1901 1915 1918 1972 1983
Compactness: 22665.528101
Weights: 1264.000000 20771.000000 5853.000000
Center Node: 965

District 3
Nodes: 16 21 53 109 137 144 149 187 202 216 224 249 253 256 264 293 299 301 349 360 425 436 461 462 493 510 529 573 589 642 692 701 703 713 775 817 840 848 882 950 980 986 996 1004 1025 1081 1102 1119 1123 1144 1158 1165 1196 1222 1260 1269 1290 1298 1301 1314 1341 1352 1353 1369 1374 1429 1431 1441 1460 1496 1505 1565 1574 1577 1616 1629 1694 1704 1722 1747 1802 1831 1833 1838 1848 1867 1869 1891 1904 1910 1912 1932 1976
Compactness: 14183.322029
Weights: 1144.000000 19486.000000 5651.000000
Center Node: 1301

District 4
Nodes: 31 34 37 82 92 129 146 154 219 230 254 267 294 303 319 372 377 395 401 445 484 486 502 508 515 521 542 548 553 631 636 649 657 670 698 737 750 754 755 792 794 818 883 906 955 963 967 979 982 991 1019 1032 1037 1062 1066 1071 1099 1125 1141 1175 1186 1258 1264 1282 1284 1305 1307 1343 1361 1376 1383 1438 1455 1490 1510 1526 1544 1554 1556 1572 1596 1619 1671 1699 1708 1715 1729 1829 1866 1894 1907 1929 1942 1978
Compactness: 13955.177817
Weights: 1228.000000 19765.000000 5458.000000
Center Node: 698

District 5
Nodes: 66 90 100 114 118 132 147 161 182 209 238 251 270 271 279 287 357 368 409 525 596 606 610 624 638 662 665 716 724 725 729 736 763 783 785 791 807 815 850 870 886 904 922 936 956 978 995 1022 1059 1086 1098 1132 1145 1157 1201 1208 1212 1229 1238 1250 1262 1283 1294 1296 1324 1359 1372 1415 1416 1418 1428 1445 1466 1468 1475 1480 1536 1540 1582 1583 1637 1652 1658 1661 1667 1676 1701 1775 1798 1827 1860 1861 1868 1930 1939 1943 1970 1987
Compactness: 9927.152162
Weights: 1151.000000 19844.000000 5496.000000
Center Node: 1250

District 6
Nodes: 1 3 4 13 33 43 65 115 156 158 176 233 248 258 280 302 305 384 405 474 496 509 519 524 572 592 602 603 612 639 672 696 705 727 728 738 740 759 773 811 830 872 944 958 990 1031 1050 1064 1080 1082 1142 1149 1153 1185 1231 1239 1261 1272 1304 1315 1325 1344 1391 1406 1411 1413 1443 1448 1454 1471 1477 1486 1521 1522 1535 1537 1550 1558 1603 1605 1631 1634 1660 1669 1670 1763 1769 1774 1778 1787 1793 1812 1830 1836 1840 1856 1878 1916 1933 1966 1981 1985
Compactness: 17082.932524
Weights: 1241.000000 20866.000000 5651.000000
Center Node: 1142

District 7
Nodes: 14 26 35 93 94 133 150 162 193 210 214 217 226 243 259 261 318 353 367 383 451 473 520 527 530 591 593 667 679 680 694 712 723 739 743 745 758 781 786 808 810 819 827 838 853 863 899 909 919 935 957 987 992 1001 1008 1015 1034 1036 1044 1120 1121 1136 1154 1170 1171 1200 1209 1252 1254 1306 1313 1333 1392 1410 1451 1476 1503 1509 1530 1546 1561 1562 1567 1569 1584 1591 1593 1643 1688 1728 1739 1744 1776 1784 1801 1811 1849 1877 1923 1973 1998
Compactness: 12537.433117
Weights: 1146.000000 20235.000000 5963.000000
Center Node: 667

District 8
Nodes: 17 58 104 123 153 155 171 172 186 201 236 266 273 285 292 312 324 343 344 361 363 408 415 421 477 483 547 550 571 597 609 632 635 669 731 768 774 777 788 809 828 843 844 878 894 897 901 1017 1024 1045 1046 1051 1056 1083 1140 1150 1162 1168 1233 1241 1268 1281 1326 1338 1346 1367 1396 1403 1507 1538 1542 1551 1560 1566 1570 1579 1580 1586 1588 1618 1624 1633 1645 1665 1725 1734 1757 1764 1788 1826 1843 1850 1854 1882 1927 1941 1952 1953 1980 1991
Compactness: 10533.308771
Weights: 1243.000000 19546.000000 5886.000000
Center Node: 1734

District 9
Nodes: 18 24 70 71 85 117 142 191 231 281 298 326 341 347 375 429 441 444 465 471 489 497 498 570 576 584 590 598 605 629 644 645 646 648 650 673 678 691 742 746 751 756 761 772 796 798 856 857 868 873 912 927 929 947 960 962 968 972 989 1041 1053 1072 1084 1100 1101 1110 1143 1180 1195 1203 1204 1213 1226 1236 1255 1287 1302 1330 1339 1407 1419 1422 1433 1516 1581 1598 1602 1626 1638 1710 1732 1749 1756 1761 1804 1815 1816 1837 1876 1905 1920 1925 1947 1968 1999
Compactness: 13950.527539
Weights: 1248.000000 20931.000000 5863.000000
Center Node: 772

District 10
Nodes: 7 9 51 87 103 108 116 141 143 174 239 252 268 306 313 369 400 403 418 470 481 501 511 516 526 532 558 594 599 617 661 663 722 747 749 767 778 789 820 822 860 893 921 925 966 971 1005 1006 1016 1040 1067 1079 1089 1091 1128 1131 1152 1163 1167 1176 1197 1205 1243 1245 1267 1321 1365 1366 1388 1393 1400 1442 1456 1465 1478 1498 1501 1524 1573 1620 1672 1709 1759 1762 1766 1780 1795 1824 1853 1903 1908 1914 1940 1954 1957 1961
Compactness: 13247.632006
Weights: 1146.000000 20670.000000 5522.000000
Center Node: 1940

District 11
Nodes: 41 44 48 62 73 86 88 131 145 148 163 200 207 247 328 339 354 355 380 382 389 394 396 420 457 476 505 514 522 557 564 621 623 637 659 697 719 753 779 790 823 834 836 874 910 913 915 928 945 1000 1013 1020 1048 1055 1068 1075 1078 1090 1114 1122 1137 1139 1187 1191 1193 1234 1240 1348 1378 1385 1395 1399 1414 1421 1430 1470 1491 1519 1520 1607 1627 1646 1649 1668 1696 1702 1723 1726 1765 1783 1796 1797 1807 1818 1819 1847 1921 1928 1937 1963 1964 1982 1984
Compactness: 10884.004287
Weights: 1232.000000 21272.000000 5965.000000
Center Node: 1421

District 12
Nodes: 15 36 45 67 74 76 91 97 107 124 125 136 168 175 179 188 190 198 199 211 237 275 307 329 330 362 374 397 407 458 464 494 503 506 545 552 559 567 601 653 658 671 684 690 695 735 762 764 770 782 812 855 862 866 869 908 923 952 1003 1070 1085 1115 1135 1161 1183 1188 1271 1297 1351 1425 1449 1453 1461 1467 1499 1548 1552 1553 1578 1595 1641 1648 1692 1707 1720 1742 1755 1789 1822 1825 1871 1888 1924 1931 1934 1938 1951 1967 1969 1977 1986 1990 1993
Compactness: 11673.323604
Weights: 1259.000000 19978.000000 6007.000000
Center Node: 1993

District 13
Nodes: 40 47 57 63 69 83 101 102 120 126 127 164 170 185 194 229 235 269 300 308 321 352 381 406 427 431 438 448 452 472 480 485 495 565 569 575 611 803 824 825 826 837 858 976 985 998 1023 1035 1038 1057 1087 1103 1112 1198 1206 1210 1214 1220 1235 1244 1248 1276 1360 1379 1394 1397 1412 1432 1434 1479 1484 1494 1576 1680 1682 1683 1731 1746 1751 1799 1813 1821 1857 1873 1883 1902 1935 1956 1971 1992 1995
Compactness: 8623.340242
Weights: 1151.000000 19332.000000 5662.000000
Center Node: 321

District 14
Nodes: 0 8 22 23 52 54 75 81 110 139 165 173 189 204 213 220 232 234 250 260 276 288 340 366 391 413 414 439 460 468 478 488 491 513 518 523 535 536 577 595 613 674 675 677 730 734 757 765 784 813 867 879 881 885 907 917 941 942 959 973 975 988 1042 1076 1108 1111 1130 1181 1189 1202 1266 1275 1280 1310 1347 1389 1398 1408 1420 1439 1472 1485 1493 1508 1533 1563 1571 1621 1640 1697 1719 1724 1823 1835 1846 1884 1892 1962
Compactness: 11287.754614
Weights: 1265.000000 19356.000000 5579.000000
Center Node: 675

District 15
Nodes: 6 39 84 98 112 121 122 134 181 203 208 221 222 241 246 257 274 304 317 335 342 412 422 450 453 454 463 512 561 562 580 585 604 618 625 633 685 689 709 717 831 841 845 871 884 890 896 900 931 937 939 948 997 999 1033 1061 1063 1074 1092 1126 1129 1151 1159 1160 1164 1263 1299 1320 1335 1354 1427 1435 1447 1483 1492 1502 1511 1525 1532 1585 1614 1623 1635 1663 1681 1714 1738 1758 1760 1782 1806 1872 1875 1885 1887 1917 1946 1950 1979
Compactness: 13671.565086
Weights: 1178.000000 21184.000000 5598.000000
Center Node: 1635

District 16
Nodes: 10 29 49 55 60 61 72 130 167 178 291 316 322 334 336 345 348 388 417 424 426 455 482 528 531 539 546 549 579 620 643 682 686 688 704 706 708 760 806 832 835 852 876 903 930 949 1026 1077 1096 1117 1118 1174 1190 1270 1278 1316 1323 1331 1334 1337 1342 1356 1363 1375 1380 1390 1401 1405 1409 1423 1424 1426 1458 1459 1474 1514 1518 1523 1531 1597 1601 1608 1611 1612 1644 1653 1678 1705 1711 1717 1718 1730 1737 1754 1779 1781 1791 1862 1880 1889 1890 1919
Compactness: 30687.001350
Weights: 1142.000000 20452.000000 6002.000000
Center Node: 1334

District 17
Nodes: 12 25 42 46 99 138 152 166 177 183 195 240 242 244 265 286 296 309 310 373 399 440 442 443 449 499 517 574 586 660 664 668 683 687 733 741 766 787 797 833 891 892 898 916 926 932 938 951 961 1010 1014 1021 1028 1039 1060 1095 1105 1107 1177 1182 1223 1232 1242 1247 1265 1285 1291 1309 1312 1319 1358 1368 1386 1417 1440 1446 1450 1463 1557 1568 1590 1600 1606 1628 1636 1650 1656 1662 1664 1685 1735 1743 1750 1752 1772 1777 1810 1817 1820 1834 1864 1881 1896 1922 1958 1965 1996
Compactness: 10183.536703
Weights: 1253.000000 20398.000000 6012.000000
Center Node: 1752

District 18
Nodes: 5 27 59 77 105 113 160 184 225 314 315 320 323 331 356 359 371 386 404 423 433 435 475 479 500 534 538 555 560 582 583 587 607 608 616 622 641 655 711 718 769 805 846 911 940 946 970 1007 1049 1054 1065 1124 1134 1184 1211 1218 1227 1286 1293 1311 1322 1332 1355 1357 1371 1382 1444 1457 1482 1495 1497 1500 1504 1513 1515 1527 1534 1545 1564 1575 1610 1686 1689 1768 1770 1794 1832 1859 1893 1898 1906 1909 1911 1945 1955 1959 1975 1989
Compactness: 8665.959006
Weights: 1135.000000 20917.000000 6025.000000
Center Node: 184

District 19
Nodes: 2 30 32 38 96 128 140 206 215 289 295 297 311 350 351 378 385 393 434 437 446 456 533 537 544 556 563 588 600 615 619 626 630 647 652 681 700 707 710 801 804 816 821 839 851 875 877 895 902 920 924 969 994 1002 1058 1097 1104 1133 1138 1148 1207 1237 1249 1274 1279 1336 1350 1370 1436 1437 1452 1469 1517 1547 1559 1587 1592 1613 1617 1625 1630 1632 1639 1642 1651 1666 1675 1721 1745 1753 1771 1790 1792 1803 1805 1841 1863 1897 1900 1949 1997
Compactness: 26340.070101
Weights: 1248.000000 21300.000000 5475.000000
Center Node: 1639

District 20
Nodes: 20 68 78 79 95 106 135 157 212 227 228 272 283 290 325 327 333 337 358 365 387 392 398 402 411 419 430 467 469 487 541 554 578 634 654 676 699 752 795 814 887 905 918 934 964 974 984 993 1011 1029 1052 1069 1093 1113 1127 1155 1156 1166 1169 1173 1178 1194 1221 1246 1251 1256 1273 1308 1329 1345 1362 1384 1387 1464 1506 1539 1604 1622 1647 1657 1673 1677 1684 1687 1695 1700 1712 1713 1733 1736 1740 1748 1773 1839 1842 1855 1858 1865 1874 1879 1926 1936 1944 1960 1974 1988
Compactness: 13932.989616
Weights: 1265.000000 20846.000000 5464.000000
Center Node: 1677
