BalanceViolation 1165.894000
AffinityLoss 1906.000000
Compactness 62122.473417

District 1
Nodes: 6 37 43 47 79 106 116 147 152 160 343 352 580 595 610 658 795 834 865 888 997
Compactness: 1438.276647
Weights: 251.000000 4328.000000 1195.000000
Center Node: 37

District 2
Nodes: 75 101 115 228 244 260 302 423 470 486 517 601 618 647 774 797 803 851
Compactness: 1401.626991
Weights: 211.000000 4237.000000 917.000000
Center Node: 601

District 3
Nodes: 64 104 141 156 235 255 279 378 516 521 555 606 659 672 683 739 750 794 801 854 892 898
Compactness: 1364.921544
Weights: 239.000000 4275.000000 1230.000000
Center Node: 801

District 4
Nodes: 28 196 236 285 303 357 387 412 416 421 468 523 574 608 728 756 802 871 937 944
Compactness: 1077.086819
Weights: 226.000000 4415.000000 1161.000000
Center Node: 937

District 5
Nodes: 7 111 139 159 180 190 200 209 308 351 358 415 447 482 552 556 833 934 994
Compactness: 1349.214837
Weights: 229.000000 4406.000000 1192.000000
Center Node: 111

District 6
Nodes: 26 48 80 222 233 263 382 424 455 488 538 588 593 628 654 738 752 757 761 896 991
Compactness: 1225.221800
Weights: 239.000000 4258.000000 1121.000000
Center Node: 455

District 7
Nodes: 45 87 171 183 191 192 240 410 411 479 493 509 522 596 675 679 701 703 717 882 899
Compactness: 1575.010293
Weights: 260.000000 4375.000000 1104.000000
Center Node: 882

District 8
Nodes: 33 78 89 167 195 319 328 329 383 444 462 484 547 564 652 709 831 902 939
Compactness: 1274.373025
Weights: 217.000000 4013.000000 1234.000000
Center Node: 652

District 9
Nodes: 52 62 88 135 144 208 278 294 301 341 408 414 473 480 615 843 922 951 977
Compactness: 1487.462974
Weights: 236.000000 4076.000000 1213.000000
Center Node: 977

District 10
Nodes: 4 132 223 266 369 381 438 448 450 466 527 611 737 747 762 863 905 907 936
Compactness: 1331.502055
Weights: 213.000000 4430.000000 1088.000000
Center Node: 266

District 11
Nodes: 133 153 155 181 210 229 296 323 347 425 483 662 778 887 897 914 924 929 968
Compactness: 967.802185
Weights: 216.000000 4101.000000 1205.000000
Center Node: 229

District 12
Nodes: 5 163 204 215 218 234 338 353 501 528 546 563 656 678 710 816 874 878 912
Compactness: 986.966071
Weights: 248.000000 4440.000000 1192.000000
Center Node: 353

District 13
Nodes: 10 24 31 59 103 226 286 313 324 333 346 355 375 420 422 474 551 622 692 733 859 927
Compactness: 1398.504214
Weights: 235.000000 4186.000000 1208.000000
Center Node: 10

District 14
Nodes: 12 105 124 177 238 311 337 535 557 560 573 670 702 742 835 850 945 946 953 967 998
Compactness: 1339.506447
Weights: 268.000000 4073.000000 1105.000000
Center Node: 557

District 15
Nodes: 30 51 119 175 312 367 405 406 426 456 526 570 727 768 814 855 869 889
Compactness: 1052.470949
Weights: 203.000000 4123.000000 1181.000000
Center Node: 814

District 16
Nodes: 36 127 203 237 299 304 310 316 377 436 460 680 707 760 773 792 823 918 990
Compactness: 980.985556
Weights: 297.000000 4524.000000 1110.000000
Center Node: 760

District 17
Nodes: 38 58 65 157 231 289 306 335 376 380 397 435 475 536 543 554 616 731 784 885 973 974
Compactness: 1235.292984
Weights: 240.000000 4451.000000 1178.000000
Center Node: 885

District 18
Nodes: 13 97 182 198 245 325 334 393 430 454 495 545 550 569 634 674 705 890 913 989
Compactness: 885.339491
Weights: 238.000000 4026.000000 1107.000000
Center Node: 182

District 19
Nodes: 29 145 309 317 417 449 506 568 613 689 743 809 818 828 846 876 928 933 935
Compactness: 1171.832039
Weights: 205.000000 4416.000000 1091.000000
Center Node: 568

District 20
Nodes: 74 205 453 472 490 519 544 565 583 640 653 666 755 764 839 845 873 893 916 957
Compactness: 1359.534575
Weights: 243.000000 4220.000000 1189.000000
Center Node: 653

District 21
Nodes: 18 46 72 109 118 185 249 265 287 336 392 419 459 502 623 842 879 942 955 956
Compactness: 1133.577369
Weights: 253.000000 4339.000000 1149.000000
Center Node: 955

District 22
Nodes: 63 67 113 140 178 225 320 443 566 649 650 686 696 730 751 779 880 926 948
Compactness: 1186.373599
Weights: 232.000000 4042.000000 1225.000000
Center Node: 779

District 23
Nodes: 0 92 214 221 248 364 399 403 440 498 518 524 542 576 630 687 700 793 829 858
Compactness: 1062.289636
Weights: 253.000000 4127.000000 1203.000000
Center Node: 214

District 24
Nodes: 25 70 117 339 432 508 514 571 578 604 633 660 668 708 718 800 883
Compactness: 1074.727378
Weights: 227.000000 4422.000000 1051.000000
Center Node: 604

District 25
Nodes: 14 179 241 253 270 282 340 370 489 541 567 572 614 625 900 943 958 970 971
Compactness: 911.141410
Weights: 228.000000 4429.000000 1107.000000
Center Node: 179

District 26
Nodes: 50 112 188 216 227 247 292 396 530 581 664 667 684 691 720 736 763 770 972 983
Compactness: 1313.334559
Weights: 257.000000 4329.000000 1221.000000
Center Node: 720

District 27
Nodes: 39 41 142 239 271 288 297 307 356 561 577 594 624 685 722 735 765 769 862 919 999
Compactness: 1237.716561
Weights: 260.000000 4380.000000 1120.000000
Center Node: 685

District 28
Nodes: 2 110 128 130 172 211 261 314 322 359 433 548 579 589 632 669 676 744 837
Compactness: 1036.339550
Weights: 227.000000 4036.000000 1232.000000
Center Node: 172

District 29
Nodes: 57 66 69 114 137 169 262 372 497 503 533 598 665 673 721 766 849 910 938 940 949 975
Compactness: 1728.661108
Weights: 244.000000 4260.000000 1189.000000
Center Node: 137

District 30
Nodes: 1 98 168 194 207 264 290 371 434 513 529 549 575 638 713 799 841 901 911 952
Compactness: 1228.424960
Weights: 290.000000 4324.000000 1191.000000
Center Node: 290

District 31
Nodes: 77 93 275 361 390 429 688 712 715 780 796 810 840 852 950 961 984 985
Compactness: 1018.254911
Weights: 240.000000 4347.000000 1167.000000
Center Node: 715

District 32
Nodes: 3 11 15 17 21 35 71 108 173 189 326 348 349 394 437 558 590 875 895 988
Compactness: 1071.631289
Weights: 250.000000 4025.000000 1155.000000
Center Node: 875

District 33
Nodes: 99 174 220 232 256 362 386 400 402 418 599 612 677 681 785 786 788 804 820 886 981
Compactness: 1215.212574
Weights: 264.000000 4269.000000 1144.000000
Center Node: 599

District 34
Nodes: 86 100 151 250 268 295 441 463 485 515 609 716 771 815 827 867 908 964 979
Compactness: 939.320181
Weights: 214.000000 4310.000000 1163.000000
Center Node: 485

District 35
Nodes: 42 53 123 206 230 350 368 374 439 636 642 643 690 693 729 807 808 819 866 872
Compactness: 1280.769746
Weights: 232.000000 4368.000000 1084.000000
Center Node: 693

District 36
Nodes: 22 68 95 161 164 165 242 258 331 512 597 605 639 655 706 798 806 811 813 884 947 976
Compactness: 1184.910444
Weights: 282.000000 4324.000000 1160.000000
Center Node: 242

District 37
Nodes: 9 61 94 96 125 170 283 293 363 385 398 446 559 600 694 767 838 861 906 932
Compactness: 885.705919
Weights: 225.000000 4166.000000 1133.000000
Center Node: 861

District 38
Nodes: 90 254 332 407 477 492 697 725 734 759 783 789 817 824 853 868 909 960 962 963
Compactness: 993.096824
Weights: 224.000000 4122.000000 1200.000000
Center Node: 853

District 39
Nodes: 40 60 131 213 246 384 389 457 458 464 629 644 651 663 732 805 830 857 881 966
Compactness: 1256.383579
Weights: 226.000000 4202.000000 1204.000000
Center Node: 732

District 40
Nodes: 19 20 83 134 146 251 321 395 471 504 505 537 587 617 748 758 920 923 925 986 993 996
Compactness: 1886.917499
Weights: 255.000000 4426.000000 1157.000000
Center Node: 758

District 41
Nodes: 8 54 136 166 186 252 442 465 520 619 698 704 723 777 825 856 877 915 931 959 980 982
Compactness: 2183.809083
Weights: 249.000000 4130.000000 1136.000000
Center Node: 442

District 42
Nodes: 16 49 129 143 267 373 413 476 496 507 534 627 646 719 745 749 822 903 978
Compactness: 1042.890438
Weights: 236.000000 4212.000000 1211.000000
Center Node: 373

District 43
Nodes: 32 162 212 224 243 273 354 404 445 487 499 531 540 582 592 775 787 790 870
Compactness: 1331.464814
Weights: 200.000000 4026.000000 1098.000000
Center Node: 582

District 44
Nodes: 23 122 126 138 276 284 318 342 401 428 452 461 491 510 532 553 711 753 772 848 860
Compactness: 1080.974975
Weights: 258.000000 4075.000000 1125.000000
Center Node: 532

District 45
Nodes: 27 84 121 176 199 201 217 280 409 478 481 602 631 645 781 821 844 847 894
Compactness: 1652.702151
Weights: 198.000000 4466.000000 1140.000000
Center Node: 176

District 46
Nodes: 82 85 107 257 274 277 327 366 391 500 584 585 621 695 699 714 782 812 891 921
Compactness: 1234.524737
Weights: 235.000000 4017.000000 1285.000000
Center Node: 584

District 47
Nodes: 73 154 187 259 272 281 360 431 469 539 607 620 726 746 826 864 904 965 995
Compactness: 1224.620597
Weights: 242.000000 4030.000000 1235.000000
Center Node: 272

District 48
Nodes: 56 81 102 120 148 184 298 305 330 344 345 379 427 451 494 525 591 626 682 917 969 992
Compactness: 1045.539782
Weights: 235.000000 4464.000000 1217.000000
Center Node: 427

District 49
Nodes: 55 91 149 150 219 300 365 388 511 562 635 641 648 661 671 740 776 791 954 987
Compactness: 1402.588709
Weights: 254.000000 4430.000000 1134.000000
Center Node: 648

District 50
Nodes: 34 44 76 158 193 197 202 269 291 315 467 586 603 637 657 724 741 754 832 836 930 941
Compactness: 1375.637541
Weights: 315.000000 3926.000000 1287.000000
Center Node: 657
