BalanceViolation 1511.905000
AffinityLoss 3782.000000
Compactness 130366.391597

District 1
Nodes: 52 56 60 82 88 126 264 282 292 330 374 419 560 598 666 700 776 784 867 902 912 982 1104 1175 1195 1240 1254 1291 1356 1466 1598 1604 1660 1735 1799 1897 1909 1934 1954 1994
Compactness: 2452.785687
Weights: 482.000000 7978.000000 2405.000000
Center Node: 56

District 2
Nodes: 38 115 151 166 231 237 260 312 314 347 432 440 541 543 579 626 682 737 862 939 940 945 1001 1004 1023 1168 1251 1266 1326 1394 1395 1471 1525 1537 1769 1785 1931
Compactness: 2286.274923
Weights: 475.000000 7541.000000 2060.000000
Center Node: 115

District 3
Nodes: 1 41 45 132 233 248 296 303 307 400 466 578 591 610 616 621 632 641 678 785 833 858 863 925 947 972 989 1000 1005 1033 1035 1231 1237 1318 1417 1485 1554 1614 1617 1658 1796 1975
Compactness: 2589.641732
Weights: 483.000000 7901.000000 2309.000000
Center Node: 641

District 4
Nodes: 124 147 313 363 454 465 477 488 493 517 536 637 672 780 874 942 959 965 1007 1086 1120 1242 1294 1421 1431 1452 1533 1549 1572 1651 1665 1711 1786 1787 1808 1935 1970
Compactness: 1853.871740
Weights: 467.000000 8374.000000 2425.000000
Center Node: 147

District 5
Nodes: 18 63 79 100 326 339 371 384 394 469 490 491 530 764 769 777 787 806 890 933 991 1051 1076 1115 1149 1223 1243 1244 1271 1284 1478 1495 1497 1498 1558 1589 1719 1750 1765
Compactness: 2087.917472
Weights: 497.000000 8056.000000 2392.000000
Center Node: 1765

District 6
Nodes: 49 181 299 409 449 457 479 532 540 604 731 739 822 831 846 948 957 987 999 1024 1075 1089 1178 1224 1245 1359 1379 1400 1409 1454 1490 1630 1717 1727 1728 1760 1782 1806 1837 1844
Compactness: 2206.181111
Weights: 489.000000 8636.000000 2376.000000
Center Node: 999

District 7
Nodes: 55 69 76 80 141 266 284 381 446 460 480 507 534 554 573 580 613 660 818 866 900 950 1021 1060 1147 1167 1199 1277 1308 1310 1319 1387 1416 1456 1601 1745 1814 1893 1939 1998
Compactness: 2239.794487
Weights: 482.000000 7943.000000 2281.000000
Center Node: 1387

District 8
Nodes: 23 84 107 196 263 276 289 290 346 377 417 558 596 627 653 824 838 844 973 1029 1042 1063 1246 1279 1334 1372 1420 1424 1441 1455 1541 1565 1602 1664 1713 1822 1869 1899 1940 1966
Compactness: 2248.622337
Weights: 456.000000 8390.000000 2435.000000
Center Node: 276

District 9
Nodes: 51 103 109 113 188 203 272 293 380 438 443 551 583 671 674 713 840 865 924 955 996 1064 1065 1068 1110 1150 1151 1241 1265 1378 1403 1506 1512 1583 1625 1720 1742 1757 1845 1849 1882
Compactness: 2504.045840
Weights: 505.000000 7960.000000 2392.000000
Center Node: 293

District 10
Nodes: 43 144 150 171 230 245 368 467 523 525 617 783 792 827 892 901 903 944 994 1099 1117 1155 1216 1320 1332 1333 1341 1346 1399 1423 1488 1545 1568 1574 1588 1621 1718 1748 1775 1792 1821 1876 1980
Compactness: 2567.830318
Weights: 467.000000 8211.000000 2403.000000
Center Node: 245

District 11
Nodes: 6 67 85 168 176 287 351 372 412 431 439 459 486 524 555 567 652 665 679 771 772 794 800 889 935 936 997 1073 1121 1260 1307 1350 1369 1507 1556 1581 1606 1674 1684 1695 1816 1891
Compactness: 2597.996807
Weights: 505.000000 8737.000000 2206.000000
Center Node: 67

District 12
Nodes: 11 21 31 61 193 305 316 318 322 324 332 378 424 503 568 607 767 922 964 1054 1122 1281 1314 1315 1342 1422 1451 1534 1576 1594 1622 1628 1652 1723 1741 1836 1843 1924 1933 1967
Compactness: 2252.705091
Weights: 487.000000 8563.000000 2437.000000
Center Node: 1451

District 13
Nodes: 9 165 210 335 406 411 420 445 470 495 520 649 657 694 853 904 910 941 951 1026 1062 1108 1118 1131 1197 1205 1206 1278 1390 1504 1528 1564 1659 1690 1710 1850 1900 1926 1937 1976
Compactness: 2228.685982
Weights: 457.000000 8662.000000 2375.000000
Center Node: 941

District 14
Nodes: 22 105 122 158 228 232 253 255 302 379 433 463 521 549 611 642 684 724 748 854 869 895 915 1189 1200 1219 1410 1501 1582 1692 1749 1778 1805 1827 1846 1922 1941
Compactness: 2126.738133
Weights: 472.000000 8455.000000 2148.000000
Center Node: 228

District 15
Nodes: 239 267 294 297 331 338 401 511 638 685 703 710 750 760 845 946 998 1047 1056 1077 1088 1129 1169 1297 1393 1418 1425 1442 1474 1475 1486 1634 1649 1655 1670 1681 1691 1693 1701 1721 1730 1777 1884 1993
Compactness: 4845.076018
Weights: 500.000000 8204.000000 2387.000000
Center Node: 1691

District 16
Nodes: 334 343 390 435 506 538 622 646 670 757 779 805 810 878 884 907 908 927 990 1010 1017 1160 1204 1221 1264 1290 1298 1349 1362 1397 1429 1522 1536 1666 1697 1703 1709 1715 1725 1754 1783 1838 1892
Compactness: 7381.624861
Weights: 531.000000 8080.000000 2197.000000
Center Node: 1010

District 17
Nodes: 139 149 173 240 244 259 329 337 383 461 500 575 592 620 645 745 752 864 981 1019 1022 1032 1039 1043 1152 1220 1236 1311 1344 1427 1460 1531 1585 1596 1597 1732 1738 1747 1779 1854 1858 1864 1981 1987
Compactness: 2415.078766
Weights: 494.000000 8715.000000 2371.000000
Center Node: 173

District 18
Nodes: 20 112 127 154 164 178 317 333 349 396 399 414 574 619 693 762 766 872 967 1045 1070 1072 1128 1162 1163 1171 1176 1193 1218 1289 1295 1376 1415 1445 1562 1618 1671 1917 1936 1957
Compactness: 2492.940355
Weights: 424.000000 8116.000000 2413.000000
Center Node: 619

District 19
Nodes: 74 99 138 159 175 212 227 246 257 283 286 298 392 468 588 639 663 686 704 722 808 829 929 1071 1103 1130 1268 1321 1338 1544 1663 1707 1756 1807 1840 1852 1867 1870 1871 1905
Compactness: 2219.702852
Weights: 490.000000 8700.000000 2216.000000
Center Node: 639

District 20
Nodes: 29 37 53 75 96 202 273 348 427 522 563 584 595 696 699 876 882 926 928 1050 1082 1092 1113 1141 1153 1261 1267 1303 1374 1396 1435 1491 1517 1580 1678 1877 1878
Compactness: 2449.832741
Weights: 486.000000 8042.000000 2241.000000
Center Node: 1517

District 21
Nodes: 0 27 104 142 310 352 362 382 529 531 545 565 656 687 709 715 717 736 801 879 1055 1137 1186 1211 1213 1227 1259 1273 1348 1385 1426 1436 1476 1492 1552 1599 1646 1740 1823 1824 1868
Compactness: 2540.831448
Weights: 490.000000 8727.000000 2384.000000
Center Node: 142

District 22
Nodes: 5 39 50 140 174 275 350 462 501 546 561 603 681 683 695 714 886 985 1012 1013 1085 1133 1190 1198 1225 1263 1377 1398 1447 1500 1535 1547 1578 1611 1623 1626 1650 1819 1960
Compactness: 2579.542052
Weights: 478.000000 8716.000000 2331.000000
Center Node: 1377

District 23
Nodes: 77 118 134 156 195 281 393 453 509 515 539 585 618 689 825 834 1030 1059 1093 1101 1144 1154 1158 1182 1222 1280 1382 1388 1432 1438 1449 1484 1487 1629 1708 1726 1839 1848 1865 1887 1888 1973 1999
Compactness: 2837.160113
Weights: 429.000000 8659.000000 2395.000000
Center Node: 1487

District 24
Nodes: 12 32 36 42 72 131 177 180 410 421 482 564 571 705 712 741 775 826 850 883 1044 1124 1172 1253 1287 1370 1450 1470 1510 1548 1555 1653 1734 1829 1847 1859 1862 1912
Compactness: 2422.943471
Weights: 500.000000 8430.000000 2215.000000
Center Node: 1847

District 25
Nodes: 86 145 170 187 194 225 320 353 471 547 552 634 654 788 803 873 880 888 898 986 1014 1040 1052 1114 1184 1187 1188 1371 1477 1516 1540 1577 1643 1668 1704 1705 1776 1801 1866
Compactness: 1967.995331
Weights: 481.000000 7951.000000 2377.000000
Center Node: 1114

District 26
Nodes: 8 95 189 200 261 325 340 370 403 405 423 473 504 510 602 664 727 795 921 954 993 1081 1145 1148 1239 1252 1405 1408 1433 1609 1654 1729 1762 1789 1815 1908 1969 1991 1992 1996
Compactness: 2093.783345
Weights: 484.000000 8719.000000 2430.000000
Center Node: 405

District 27
Nodes: 58 135 215 219 341 373 483 544 548 606 624 732 743 753 773 809 871 887 916 938 988 1161 1235 1293 1329 1354 1380 1481 1570 1605 1607 1682 1798 1894 1902 1904
Compactness: 1988.712155
Weights: 393.000000 8205.000000 2380.000000
Center Node: 938

District 28
Nodes: 7 66 78 94 114 117 123 355 364 492 608 612 629 669 708 755 758 848 855 856 960 1102 1165 1191 1207 1214 1312 1337 1384 1428 1505 1514 1524 1657 1662 1680 1686 1761 1857 1907 1938 1949
Compactness: 2643.038567
Weights: 513.000000 8618.000000 2216.000000
Center Node: 123

District 29
Nodes: 87 192 236 336 360 367 514 519 735 744 804 832 837 905 976 1015 1018 1025 1037 1097 1126 1135 1229 1230 1256 1345 1458 1459 1462 1472 1543 1550 1579 1694 1716 1752 1759 1800 1841 1874 1995
Compactness: 2741.121926
Weights: 480.000000 7916.000000 2447.000000
Center Node: 1759

District 30
Nodes: 2 24 25 152 155 199 201 319 344 359 415 422 450 458 484 516 526 569 593 706 747 891 966 1020 1119 1139 1299 1352 1375 1413 1496 1508 1612 1642 1645 1667 1818 1828 1832 1875 1946
Compactness: 2595.702297
Weights: 460.000000 8648.000000 2382.000000
Center Node: 1875

District 31
Nodes: 13 186 258 279 291 295 418 428 448 502 508 550 577 615 633 680 797 807 812 868 918 962 977 1083 1185 1262 1286 1328 1343 1411 1439 1527 1546 1624 1685 1696 1724 1803 1979
Compactness: 4120.833141
Weights: 470.000000 8734.000000 2435.000000
Center Node: 633

District 32
Nodes: 26 44 46 83 163 256 269 306 315 321 361 391 436 456 537 600 601 677 733 786 828 849 877 914 917 1009 1028 1140 1208 1317 1365 1739 1784 1817 1855 1879 1895 1988
Compactness: 1851.217589
Weights: 433.000000 8054.000000 2428.000000
Center Node: 256

District 33
Nodes: 4 108 220 222 235 328 345 388 474 631 635 640 643 723 725 746 782 823 835 841 896 974 1006 1066 1079 1105 1125 1180 1210 1406 1407 1530 1557 1560 1736 1744 1763 1903 1945 1963
Compactness: 2651.657763
Weights: 492.000000 8724.000000 2319.000000
Center Node: 1560

District 34
Nodes: 153 190 208 218 247 250 252 356 365 481 661 690 719 839 860 949 968 1090 1123 1202 1282 1448 1523 1563 1567 1610 1633 1714 1788 1809 1812 1830 1835 1863 1914 1947 1956 1965
Compactness: 4730.975553
Weights: 454.000000 8035.000000 2402.000000
Center Node: 1965

District 35
Nodes: 65 101 157 209 234 265 271 311 327 416 447 485 556 572 644 751 756 894 920 1027 1031 1048 1138 1146 1258 1269 1404 1463 1468 1520 1566 1569 1608 1620 1656 1699 1706 1758 1952 1964
Compactness: 2269.409480
Weights: 487.000000 8383.000000 1941.000000
Center Node: 1656

District 36
Nodes: 28 92 93 97 243 270 280 407 497 528 581 587 707 730 789 851 958 961 980 1100 1156 1170 1179 1228 1274 1283 1296 1355 1412 1419 1532 1586 1591 1593 1595 1635 1644 1676 1831 1950 1959 1978
Compactness: 2284.674296
Weights: 564.000000 7985.000000 2444.000000
Center Node: 789

District 37
Nodes: 14 19 62 102 169 251 278 386 430 512 562 609 628 698 716 729 742 768 830 842 913 1008 1034 1041 1116 1302 1323 1324 1358 1360 1467 1494 1584 1616 1619 1764 1767 1820 1842 1890 1918 1927 1985
Compactness: 2689.023312
Weights: 501.000000 8650.000000 2340.000000
Center Node: 628

District 38
Nodes: 15 64 90 182 183 254 274 369 487 542 636 688 728 816 857 953 978 992 1057 1069 1078 1098 1136 1275 1357 1367 1383 1464 1542 1639 1700 1766 1770 1793 1802 1813 1834 1853 1920 1929 1930 1984
Compactness: 2353.629225
Weights: 485.000000 7939.000000 2236.000000
Center Node: 636

District 39
Nodes: 10 47 59 214 217 242 277 300 489 691 774 798 817 911 1157 1174 1217 1255 1257 1309 1336 1368 1386 1469 1473 1503 1553 1615 1627 1631 1632 1641 1768 1790 1851 1921 1928 1958 1990
Compactness: 2284.733399
Weights: 451.000000 8659.000000 2393.000000
Center Node: 217

District 40
Nodes: 30 40 116 128 197 323 434 437 444 452 494 589 668 763 778 790 813 843 847 881 893 932 983 1127 1142 1159 1587 1636 1689 1698 1753 1881 1898 1925 1944 1953 1983
Compactness: 2268.862181
Weights: 467.000000 8088.000000 2255.000000
Center Node: 30

District 41
Nodes: 34 54 89 98 148 161 354 535 557 576 582 692 718 738 796 852 906 923 1112 1164 1181 1203 1249 1272 1288 1304 1306 1347 1364 1366 1392 1430 1600 1638 1679 1731 1774 1781 1791 1873 1889 1910
Compactness: 2600.748316
Weights: 490.000000 8688.000000 2379.000000
Center Node: 1306

District 42
Nodes: 35 111 119 137 185 207 216 226 441 478 498 527 594 648 697 897 979 1046 1074 1194 1327 1331 1373 1479 1493 1499 1521 1551 1637 1640 1712 1722 1861 1872 1923 1948
Compactness: 2589.290280
Weights: 490.000000 8580.000000 2159.000000
Center Node: 1712

District 43
Nodes: 16 167 221 249 304 342 402 404 451 472 505 599 605 759 799 802 821 861 870 875 909 1061 1094 1292 1351 1414 1437 1446 1573 1647 1661 1751 1772 1797 1804 1896 1913 1955
Compactness: 2327.991386
Weights: 459.000000 8536.000000 2037.000000
Center Node: 1437

District 44
Nodes: 81 110 146 268 308 309 375 476 513 533 559 590 658 701 726 754 931 956 1036 1080 1095 1132 1177 1215 1322 1453 1457 1575 1733 1771 1883 1885 1916 1943 1961 1962 1968 1974
Compactness: 2170.644831
Weights: 402.000000 8473.000000 2417.000000
Center Node: 559

District 45
Nodes: 68 121 143 162 198 229 357 397 413 425 667 675 676 702 720 765 820 934 937 970 971 1002 1011 1067 1107 1134 1209 1232 1247 1300 1325 1391 1401 1434 1461 1518 1559 1683 1737 1906 1989
Compactness: 2613.832274
Weights: 441.000000 8173.000000 2100.000000
Center Node: 1067

District 46
Nodes: 125 160 172 211 213 224 389 429 518 597 614 625 721 761 859 899 930 943 1038 1106 1111 1196 1226 1285 1305 1340 1389 1483 1502 1539 1571 1592 1613 1672 1673 1702 1773 1810 1825 1919
Compactness: 2223.205379
Weights: 487.000000 8316.000000 2385.000000
Center Node: 1773

District 47
Nodes: 33 48 71 73 120 133 238 301 366 376 385 426 455 464 496 553 586 711 770 791 815 919 1049 1173 1201 1212 1234 1250 1301 1316 1335 1339 1363 1515 1519 1561 1648 1746 1880 1942 1977
Compactness: 2676.081373
Weights: 497.000000 8718.000000 2409.000000
Center Node: 586

District 48
Nodes: 91 136 191 205 206 223 262 395 398 408 630 647 659 734 814 836 963 969 984 1084 1096 1109 1166 1440 1465 1482 1509 1603 1675 1688 1743 1826 1856 1915 1932 1951 1971 1986 1997
Compactness: 1832.378725
Weights: 502.000000 7959.000000 2286.000000
Center Node: 1440

District 49
Nodes: 57 70 184 204 285 387 442 475 566 623 651 662 673 749 781 793 952 995 1143 1183 1192 1233 1238 1248 1270 1276 1353 1361 1381 1480 1511 1529 1590 1669 1677 1780 1860 1886 1982
Compactness: 2380.908951
Weights: 499.000000 8001.000000 2426.000000
Center Node: 475

District 50
Nodes: 3 17 106 129 130 179 241 288 358 499 570 650 655 740 811 819 885 975 1003 1016 1053 1058 1087 1091 1313 1330 1402 1443 1444 1489 1513 1526 1538 1687 1755 1794 1795 1811 1833 1901 1911 1972
Compactness: 2988.116186
Weights: 496.000000 7962.000000 2250.000000
Center Node: 1489
