BalanceViolation 3719.606000
AffinityLoss 978.000000
Compactness 28477.872126

District 1
Nodes: 18 107 110 137 217 266 327 351 359 496
Compactness: 622.374433
Weights: 109.000000 2062.000000 544.000000
Center Node: 266

District 2
Nodes: 19 65 79 102 112 175 177 197 241 249
Compactness: 541.577690
Weights: 105.000000 2189.000000 550.000000
Center Node: 112

District 3
Nodes: 4 50 57 146 296 362 381 383 408 465 478 495
Compactness: 742.982266
Weights: 133.000000 1888.000000 795.000000
Center Node: 4

District 4
Nodes: 78 101 105 176 202 229 248 300 331 405 457
Compactness: 808.620945
Weights: 144.000000 2024.000000 608.000000
Center Node: 78

District 5
Nodes: 40 41 133 153 159 208 223 283 423 459
Compactness: 607.483303
Weights: 108.000000 2176.000000 559.000000
Center Node: 41

District 6
Nodes: 9 23 31 47 77 156 204 219 403 463
Compactness: 631.153627
Weights: 113.000000 1978.000000 600.000000
Center Node: 9

District 7
Nodes: 39 147 148 196 205 222 257 292 320 395 453
Compactness: 576.757108
Weights: 158.000000 2161.000000 599.000000
Center Node: 147

District 8
Nodes: 20 33 44 165 209 288 334 352 361 396 424
Compactness: 651.597535
Weights: 143.000000 1741.000000 629.000000
Center Node: 209

District 9
Nodes: 37 94 171 281 294 382 466 468 475
Compactness: 436.697852
Weights: 108.000000 2133.000000 557.000000
Center Node: 382

District 10
Nodes: 12 25 60 109 228 254 388 438 472 484
Compactness: 447.245610
Weights: 139.000000 2028.000000 554.000000
Center Node: 228

District 11
Nodes: 99 128 149 343 345 355 413 427 434
Compactness: 366.785158
Weights: 86.000000 2077.000000 604.000000
Center Node: 434

District 12
Nodes: 24 29 49 56 82 210 269 270 302 387 429
Compactness: 460.031235
Weights: 150.000000 2169.000000 582.000000
Center Node: 56

District 13
Nodes: 3 166 174 245 263 274 295 303 307 435
Compactness: 478.146127
Weights: 106.000000 2356.000000 482.000000
Center Node: 307

District 14
Nodes: 5 10 70 115 121 168 188 291 443 480
Compactness: 473.053818
Weights: 142.000000 2053.000000 621.000000
Center Node: 70

District 15
Nodes: 36 126 170 181 290 349 416 417 462 490
Compactness: 618.119054
Weights: 123.000000 1968.000000 754.000000
Center Node: 416

District 16
Nodes: 16 51 67 68 83 119 252 404 494
Compactness: 295.022745
Weights: 100.000000 2255.000000 660.000000
Center Node: 51

District 17
Nodes: 17 139 214 325 448 482 491
Compactness: 331.399590
Weights: 95.000000 2123.000000 365.000000
Center Node: 325

District 18
Nodes: 2 46 53 85 167 178 189 261 333 377 410
Compactness: 816.735066
Weights: 131.000000 2017.000000 655.000000
Center Node: 85

District 19
Nodes: 35 136 234 238 278 326 366 471
Compactness: 202.635675
Weights: 108.000000 2169.000000 388.000000
Center Node: 366

District 20
Nodes: 92 163 199 258 336 365 411 444
Compactness: 277.025336
Weights: 104.000000 2141.000000 426.000000
Center Node: 365

District 21
Nodes: 98 120 206 324 347 357 412 422
Compactness: 592.544983
Weights: 93.000000 2250.000000 309.000000
Center Node: 357

District 22
Nodes: 8 69 108 198 280 341 394 430 476 477 488
Compactness: 730.116229
Weights: 130.000000 2073.000000 671.000000
Center Node: 430

District 23
Nodes: 131 151 172 225 227 364 421 449 499
Compactness: 551.068134
Weights: 130.000000 2004.000000 595.000000
Center Node: 421

District 24
Nodes: 38 54 61 62 191 260 315 399 401 418
Compactness: 976.250613
Weights: 122.000000 2160.000000 789.000000
Center Node: 399

District 25
Nodes: 59 127 143 152 220 244 273 298 442
Compactness: 502.870596
Weights: 108.000000 2259.000000 544.000000
Center Node: 442

District 26
Nodes: 74 76 134 150 279 297 385 398 458 470
Compactness: 738.810792
Weights: 145.000000 2004.000000 600.000000
Center Node: 398

District 27
Nodes: 55 64 114 124 125 145 306 346 426 428 498
Compactness: 718.670740
Weights: 165.000000 1990.000000 580.000000
Center Node: 426

District 28
Nodes: 86 122 135 187 194 203 215 310 311 420 467
Compactness: 626.398946
Weights: 130.000000 2165.000000 639.000000
Center Node: 215

District 29
Nodes: 71 93 95 103 132 282 332 373 375 389 390
Compactness: 604.655386
Weights: 135.000000 2219.000000 547.000000
Center Node: 389

District 30
Nodes: 26 73 116 179 231 240 246 285 473
Compactness: 527.382330
Weights: 109.000000 2040.000000 592.000000
Center Node: 231

District 31
Nodes: 14 130 164 190 201 242 247 268 329 367 371 380 489
Compactness: 960.794012
Weights: 148.000000 1833.000000 766.000000
Center Node: 268

District 32
Nodes: 11 30 34 113 180 232 267 400
Compactness: 391.570708
Weights: 102.000000 2230.000000 557.000000
Center Node: 34

District 33
Nodes: 0 43 80 91 97 117 173 224 239 492
Compactness: 538.949486
Weights: 122.000000 2103.000000 573.000000
Center Node: 173

District 34
Nodes: 90 100 123 129 162 182 200 293 374 386 419 454
Compactness: 735.714873
Weights: 131.000000 2018.000000 578.000000
Center Node: 100

District 35
Nodes: 96 265 271 313 330 337 350 358 372 397
Compactness: 561.331122
Weights: 129.000000 2158.000000 602.000000
Center Node: 271

District 36
Nodes: 155 158 192 235 237 277 363 483 485
Compactness: 627.717558
Weights: 131.000000 2141.000000 531.000000
Center Node: 363

District 37
Nodes: 27 45 84 138 142 316 353 376 432
Compactness: 314.268641
Weights: 105.000000 2180.000000 602.000000
Center Node: 45

District 38
Nodes: 7 89 141 157 185 259 301 321 338 446 450
Compactness: 544.276870
Weights: 128.000000 2234.000000 535.000000
Center Node: 446

District 39
Nodes: 6 66 169 183 186 195 256 314 461 493
Compactness: 572.798340
Weights: 124.000000 2109.000000 627.000000
Center Node: 186

District 40
Nodes: 21 75 104 272 284 312 339 342 402 406 447
Compactness: 450.967448
Weights: 147.000000 2112.000000 683.000000
Center Node: 104

District 41
Nodes: 15 81 275 286 328 360 414 436 479
Compactness: 515.915923
Weights: 117.000000 2189.000000 751.000000
Center Node: 275

District 42
Nodes: 48 63 160 308 344 370 425 451 469
Compactness: 636.363530
Weights: 122.000000 2262.000000 569.000000
Center Node: 425

District 43
Nodes: 22 193 236 262 264 276 384 456 464
Compactness: 437.807538
Weights: 123.000000 2248.000000 568.000000
Center Node: 384

District 44
Nodes: 226 230 304 322 340 354 356 369 407 460 481
Compactness: 701.857723
Weights: 120.000000 2242.000000 564.000000
Center Node: 460

District 45
Nodes: 42 52 207 213 251 255 335 379 409 415 440
Compactness: 642.169377
Weights: 119.000000 2000.000000 728.000000
Center Node: 409

District 46
Nodes: 1 28 106 154 216 218 253 289 323 445 452 497
Compactness: 559.117976
Weights: 120.000000 2238.000000 577.000000
Center Node: 154

District 47
Nodes: 13 72 309 318 348 378 437 439 486
Compactness: 399.163255
Weights: 140.000000 2208.000000 550.000000
Center Node: 348

District 48
Nodes: 32 58 140 287 299 392 393 431 441 487
Compactness: 612.891106
Weights: 110.000000 2102.000000 533.000000
Center Node: 441

District 49
Nodes: 161 211 212 221 233 243 317 368 391 433 455 474
Compactness: 993.199136
Weights: 151.000000 1993.000000 655.000000
Center Node: 474

District 50
Nodes: 87 88 111 118 144 184 250 305 319
Compactness: 326.784584
Weights: 71.000000 2246.000000 567.000000
Center Node: 87
