BalanceViolation 1818.585000
AffinityLoss 3735.000000
Compactness 122936.942192

District 1
Nodes: 101 107 146 173 247 257 259 347 349 357 436 486 501 541 648 768 835 846 853 859 906 941 1064 1107 1118 1172 1173 1243 1300 1328 1375 1412 1501 1504 1705 1708 1745 1763 1764 1889 1950
Compactness: 2529.913569
Weights: 439.000000 8392.000000 2394.000000
Center Node: 1950

District 2
Nodes: 87 310 412 583 592 612 614 619 685 700 759 784 896 897 1081 1183 1257 1271 1368 1399 1432 1434 1450 1473 1572 1629 1647 1718 1755 1799 1814 1847 1885 1938 1972
Compactness: 1899.702515
Weights: 409.000000 7891.000000 1861.000000
Center Node: 1434

District 3
Nodes: 33 182 256 306 319 368 374 398 408 474 595 661 683 691 803 811 834 952 997 1028 1110 1116 1131 1141 1228 1258 1342 1349 1366 1411 1458 1508 1612 1730 1838 1840 1853 1907 1964 1984 1995
Compactness: 2855.740747
Weights: 529.000000 8138.000000 2175.000000
Center Node: 691

District 4
Nodes: 36 74 82 184 188 252 345 386 521 537 580 655 721 801 829 841 985 996 1015 1021 1084 1193 1219 1241 1323 1396 1428 1457 1496 1513 1550 1688 1706 1726 1742 1762 1767 1820 1851 1852 1905 1978 1988
Compactness: 2249.881373
Weights: 497.000000 8789.000000 2398.000000
Center Node: 386

District 5
Nodes: 47 219 269 295 330 410 413 426 605 681 695 704 724 742 788 889 927 1059 1091 1178 1189 1294 1301 1315 1367 1387 1389 1663 1665 1671 1727 1777 1835 1846 1888 1967 1976 1999
Compactness: 2250.019175
Weights: 407.000000 8875.000000 2218.000000
Center Node: 1888

District 6
Nodes: 115 134 164 400 460 487 494 549 599 637 706 707 752 777 863 898 899 959 1055 1103 1151 1155 1197 1198 1211 1308 1336 1386 1506 1530 1648 1681 1753 1761 1833 1928 1974
Compactness: 2287.922290
Weights: 499.000000 8361.000000 2225.000000
Center Node: 1681

District 7
Nodes: 18 40 60 78 108 135 140 150 246 376 497 552 621 625 657 744 880 994 999 1020 1043 1061 1073 1075 1156 1222 1279 1352 1416 1430 1469 1481 1535 1589 1600 1810 1831 1923 1983
Compactness: 2064.598810
Weights: 487.000000 8589.000000 2382.000000
Center Node: 18

District 8
Nodes: 45 59 76 94 264 355 372 489 508 540 565 598 622 717 730 820 852 913 1026 1030 1088 1129 1137 1244 1270 1335 1449 1489 1492 1499 1519 1541 1551 1583 1641 1673 1685 1692 1775 1818 1845 1916
Compactness: 2320.312622
Weights: 500.000000 8198.000000 2372.000000
Center Node: 820

District 9
Nodes: 55 77 80 109 160 166 250 404 452 483 516 534 550 585 736 763 916 933 934 940 957 982 992 1052 1080 1099 1213 1280 1346 1403 1414 1461 1540 1623 1776 1800 1857 1909 1940 1961
Compactness: 2200.109908
Weights: 455.000000 8928.000000 2059.000000
Center Node: 957

District 10
Nodes: 51 69 105 112 138 154 236 237 249 365 416 441 520 551 586 603 673 735 740 789 1018 1150 1204 1239 1265 1298 1385 1447 1454 1485 1582 1588 1679 1691 1703 1711 1728 1771 1936 1947 1963
Compactness: 2746.518626
Weights: 436.000000 8817.000000 2350.000000
Center Node: 249

District 11
Nodes: 65 178 181 218 224 285 288 321 350 361 414 422 427 566 600 610 790 792 826 866 891 937 981 1027 1037 1348 1354 1425 1446 1455 1476 1491 1494 1562 1655 1779 1784 1824 1867 1896 1921
Compactness: 2516.021843
Weights: 501.000000 8342.000000 2370.000000
Center Node: 1494

District 12
Nodes: 96 125 127 155 243 444 548 582 646 649 690 850 892 928 963 1019 1024 1035 1045 1054 1069 1154 1157 1171 1185 1205 1234 1262 1365 1498 1627 1644 1646 1733 1823 1849 1922 1975
Compactness: 1928.583355
Weights: 468.000000 8135.000000 2380.000000
Center Node: 1024

District 13
Nodes: 1 175 211 333 342 364 388 437 440 475 478 556 686 693 710 722 748 755 771 832 1022 1063 1109 1120 1132 1232 1275 1413 1479 1512 1516 1605 1635 1683 1736 1809 1821 1850 1897 1935
Compactness: 2792.279697
Weights: 466.000000 8909.000000 2291.000000
Center Node: 722

District 14
Nodes: 20 37 66 203 283 329 396 399 491 560 635 660 760 780 796 802 804 1085 1147 1199 1226 1289 1370 1397 1406 1427 1517 1524 1579 1657 1660 1717 1766 1890 1893 1912 1991
Compactness: 2280.231600
Weights: 490.000000 8407.000000 2301.000000
Center Node: 1890

District 15
Nodes: 6 46 58 89 199 229 245 292 406 423 434 511 538 564 588 607 663 672 687 840 847 870 900 945 954 1031 1122 1285 1295 1319 1395 1466 1621 1670 1774 1783 1790 1855 1911 1924 1953
Compactness: 2064.622065
Weights: 468.000000 8695.000000 2309.000000
Center Node: 1621

District 16
Nodes: 23 41 111 163 167 281 294 297 313 418 446 450 505 532 558 703 765 766 867 886 922 987 1145 1276 1382 1398 1401 1495 1497 1500 1553 1587 1622 1643 1798 1826 1839 1861 1875 1929
Compactness: 2696.424573
Weights: 454.000000 8879.000000 2333.000000
Center Node: 886

District 17
Nodes: 13 123 139 241 254 305 343 464 484 499 513 526 530 571 590 714 718 727 734 754 758 806 831 848 860 884 956 1074 1135 1188 1220 1423 1435 1534 1561 1574 1662 1668 1760 1930 1931 1945
Compactness: 2397.680298
Weights: 451.000000 8884.000000 2325.000000
Center Node: 254

District 18
Nodes: 27 50 168 278 282 443 523 800 843 858 914 921 951 967 1016 1046 1057 1086 1146 1167 1195 1201 1233 1245 1256 1261 1266 1361 1493 1510 1518 1597 1719 1751 1801 1815 1822 1874 1982 1992
Compactness: 2353.271841
Weights: 443.000000 8223.000000 2215.000000
Center Node: 1510

District 19
Nodes: 5 116 122 131 142 159 230 279 290 383 473 517 546 593 618 650 676 705 709 725 743 873 895 910 972 1123 1290 1320 1332 1355 1652 1697 1720 1724 1731 1738 1829 1926 1996
Compactness: 2495.191978
Weights: 501.000000 8624.000000 2202.000000
Center Node: 1996

District 20
Nodes: 57 177 185 498 518 544 623 702 876 923 971 973 1008 1044 1090 1139 1160 1174 1227 1248 1284 1317 1344 1459 1468 1526 1577 1578 1611 1618 1676 1747 1756 1856 1881 1904 1980
Compactness: 1959.089009
Weights: 446.000000 8251.000000 2216.000000
Center Node: 971

District 21
Nodes: 44 79 103 152 169 193 208 277 380 395 454 466 480 559 627 658 668 794 814 833 961 1009 1032 1175 1208 1212 1306 1372 1404 1480 1533 1558 1592 1608 1674 1714 1787 1836 1854 1869 1932 1965 1977
Compactness: 2461.263196
Weights: 499.000000 8755.000000 2403.000000
Center Node: 794

District 22
Nodes: 35 49 137 205 271 307 352 358 391 488 568 624 639 664 682 713 738 770 779 795 812 1053 1065 1095 1136 1176 1184 1303 1309 1377 1380 1456 1463 1639 1749 1769 1844 1908 1956
Compactness: 2245.909768
Weights: 444.000000 8340.000000 2380.000000
Center Node: 1956

District 23
Nodes: 16 25 129 136 151 275 303 312 327 332 341 370 431 469 609 739 787 813 851 864 919 920 1144 1169 1170 1190 1223 1358 1363 1371 1451 1503 1690 1709 1758 1781 1791 1863 1879 1917
Compactness: 2062.868403
Weights: 490.000000 8322.000000 2383.000000
Center Node: 275

District 24
Nodes: 7 30 207 238 286 346 354 375 448 465 529 531 697 698 720 746 786 888 950 960 1000 1023 1051 1056 1153 1268 1333 1350 1410 1439 1470 1567 1604 1625 1707 1785 1804 1811 1842 1892 1903 1985
Compactness: 2836.322616
Weights: 496.000000 8097.000000 2314.000000
Center Node: 1410

District 25
Nodes: 32 132 141 145 162 174 197 284 293 336 378 381 462 500 515 569 974 989 1003 1012 1078 1104 1206 1235 1312 1392 1407 1419 1554 1619 1669 1693 1732 1741 1998
Compactness: 2118.000546
Weights: 448.000000 8297.000000 2365.000000
Center Node: 462

District 26
Nodes: 100 117 143 213 214 299 339 387 389 429 503 597 616 628 640 745 845 915 931 947 948 953 1105 1134 1162 1187 1224 1326 1334 1345 1390 1408 1436 1464 1515 1645 1716 1778 1880 1883
Compactness: 2726.140239
Weights: 496.000000 8932.000000 2130.000000
Center Node: 1880

District 27
Nodes: 11 63 102 126 133 189 217 240 359 397 401 477 496 504 536 584 632 665 773 828 939 1058 1087 1142 1196 1236 1253 1310 1340 1394 1487 1507 1546 1565 1626 1672 1789 1843 1919 1955
Compactness: 2381.670031
Weights: 543.000000 8103.000000 2301.000000
Center Node: 828

District 28
Nodes: 52 148 204 221 261 268 308 314 323 338 481 509 512 636 645 652 654 659 677 692 708 712 733 769 836 946 962 979 1002 1250 1331 1421 1472 1552 1557 1564 1609 1640 1686 1870 1872 1941
Compactness: 4985.951173
Weights: 488.000000 8805.000000 2350.000000
Center Node: 962

District 29
Nodes: 42 54 84 157 216 266 280 432 449 457 528 567 576 631 666 781 783 805 816 862 871 932 968 1038 1152 1181 1249 1373 1378 1532 1633 1661 1667 1721 1735 1786 1795 1825 1864 1887
Compactness: 2261.620320
Weights: 458.000000 8840.000000 2279.000000
Center Node: 1735

District 30
Nodes: 0 28 251 258 273 296 320 367 411 420 472 485 545 731 756 775 842 885 926 1013 1034 1071 1117 1177 1252 1384 1420 1537 1538 1548 1555 1568 1575 1649 1750 1754 1827 1882 1915 1973
Compactness: 2636.723228
Weights: 524.000000 8833.000000 2198.000000
Center Node: 1034

District 31
Nodes: 56 75 239 274 363 402 405 447 463 535 553 561 587 634 817 879 905 986 998 1042 1060 1062 1089 1102 1133 1214 1229 1322 1338 1429 1521 1545 1595 1620 1636 1650 1682 1744 1895
Compactness: 2384.750085
Weights: 501.000000 8325.000000 2373.000000
Center Node: 1429

District 32
Nodes: 2 67 86 187 270 291 302 315 382 430 522 575 641 753 798 869 872 938 1041 1165 1203 1251 1269 1424 1452 1467 1478 1542 1556 1573 1594 1632 1700 1710 1765 1782 1866 1899 1946 1962
Compactness: 2523.328331
Weights: 458.000000 8178.000000 2366.000000
Center Node: 1203

District 33
Nodes: 29 73 83 95 300 384 476 506 539 716 799 824 868 912 955 977 988 991 1048 1121 1209 1221 1321 1327 1347 1376 1444 1471 1488 1502 1523 1570 1610 1613 1687 1698 1715 1873 1927 1989
Compactness: 2706.963131
Weights: 475.000000 8137.000000 2251.000000
Center Node: 977

District 34
Nodes: 24 48 99 171 191 233 263 417 435 442 458 555 626 644 737 761 785 807 855 882 917 969 1098 1119 1149 1166 1240 1273 1282 1296 1379 1405 1433 1528 1566 1677 1713 1739 1807 1834 1858 1914
Compactness: 2959.057637
Weights: 492.000000 8571.000000 2385.000000
Center Node: 1807

District 35
Nodes: 8 104 180 186 192 195 202 248 301 507 524 533 574 667 964 1094 1191 1260 1341 1356 1442 1443 1486 1580 1593 1606 1614 1628 1651 1653 1656 1696 1746 1748 1878 1913 1951 1968
Compactness: 2226.090505
Weights: 478.000000 8382.000000 2204.000000
Center Node: 301

District 36
Nodes: 85 91 119 130 198 227 287 316 317 328 428 471 577 711 808 809 815 822 830 865 890 903 1001 1006 1070 1158 1159 1230 1247 1314 1357 1418 1482 1598 1607 1637 1704 1712 1734 1832 1868
Compactness: 2474.256442
Weights: 492.000000 8887.000000 2264.000000
Center Node: 1868

District 37
Nodes: 21 38 121 212 255 267 272 360 385 455 470 492 547 596 611 643 778 909 1004 1007 1068 1082 1092 1108 1124 1138 1182 1238 1278 1364 1426 1465 1584 1603 1642 1659 1757 1772 1841 1848 1876 1966
Compactness: 2528.315239
Weights: 497.000000 8946.000000 2356.000000
Center Node: 1092

District 38
Nodes: 19 120 147 158 265 322 325 424 459 542 617 630 671 680 791 874 894 901 943 965 993 1113 1164 1192 1264 1292 1318 1324 1477 1527 1543 1544 1596 1617 1752 1773 1817 1933 1952 1990
Compactness: 2432.017311
Weights: 473.000000 8268.000000 2153.000000
Center Node: 1752

District 39
Nodes: 22 161 231 298 502 514 554 572 629 633 638 647 675 688 701 749 821 883 980 1017 1072 1225 1231 1288 1291 1453 1490 1586 1615 1694 1723 1725 1737 1793 1803 1877 1886 1910 1918 1970 1971 1986 1997
Compactness: 2655.975136
Weights: 490.000000 8921.000000 2377.000000
Center Node: 1971

District 40
Nodes: 4 26 62 70 93 183 206 232 304 393 394 461 467 468 570 662 679 861 975 1010 1025 1049 1097 1111 1126 1127 1242 1286 1316 1359 1460 1474 1529 1590 1630 1631 1664 1695 1942 1994
Compactness: 2206.359905
Weights: 501.000000 8698.000000 2366.000000
Center Node: 62

District 41
Nodes: 3 215 222 242 262 326 373 377 439 482 493 563 578 696 699 837 893 904 918 1011 1014 1076 1140 1218 1272 1360 1438 1531 1539 1547 1591 1624 1658 1722 1743 1862 1898 1902 1925 1958
Compactness: 2564.293174
Weights: 458.000000 8944.000000 2386.000000
Center Node: 1722

District 42
Nodes: 64 110 128 209 210 276 309 331 337 519 670 729 747 750 764 772 793 797 854 930 1005 1029 1047 1067 1077 1083 1125 1130 1200 1216 1217 1263 1267 1302 1431 1484 1520 1560 1602 1954
Compactness: 2151.078204
Weights: 503.000000 7957.000000 2021.000000
Center Node: 772

District 43
Nodes: 14 97 144 153 194 260 311 335 344 366 379 403 419 453 601 689 827 902 908 924 925 995 1050 1101 1106 1128 1202 1293 1325 1330 1339 1353 1369 1374 1445 1522 1792 1797 1806 1830 1865 1900 1943
Compactness: 2479.515208
Weights: 498.000000 8913.000000 2338.000000
Center Node: 1865

District 44
Nodes: 92 190 200 234 235 324 340 615 726 732 782 838 844 857 907 949 970 976 984 1033 1079 1179 1186 1254 1277 1283 1299 1304 1337 1402 1415 1483 1559 1576 1808 1812 1937 1949 1979
Compactness: 2380.653056
Weights: 474.000000 8459.000000 2381.000000
Center Node: 1576

District 45
Nodes: 34 114 118 226 318 362 369 392 479 490 557 613 653 674 678 723 823 878 1066 1114 1215 1281 1362 1381 1383 1388 1417 1549 1680 1699 1701 1837 1934 1939 1957 1960
Compactness: 1759.288013
Weights: 499.000000 7557.000000 2288.000000
Center Node: 1383

District 46
Nodes: 17 31 68 156 253 289 334 425 451 456 510 527 562 594 606 608 656 669 715 741 849 875 877 936 1093 1305 1311 1400 1505 1509 1514 1563 1666 1689 1702 1759 1770 1805 1859 1894 1948 1981
Compactness: 3372.635021
Weights: 499.000000 8844.000000 2312.000000
Center Node: 156

District 47
Nodes: 9 15 81 90 98 149 172 223 351 356 407 445 525 719 728 810 825 881 944 958 978 1148 1168 1180 1194 1287 1307 1313 1329 1409 1525 1616 1654 1675 1684 1740 1860 1884 1891 1969 1987
Compactness: 2114.158326
Weights: 483.000000 8545.000000 2401.000000
Center Node: 1684

District 48
Nodes: 12 39 53 170 179 225 390 438 495 543 620 767 776 819 856 887 911 942 990 1036 1040 1096 1161 1210 1255 1274 1343 1422 1440 1462 1571 1581 1585 1599 1638 1871 1901 1944 1959
Compactness: 2990.018703
Weights: 434.000000 8251.000000 2215.000000
Center Node: 53

District 49
Nodes: 10 43 71 113 124 165 201 228 244 348 433 579 581 762 818 839 929 983 1100 1112 1143 1246 1259 1297 1351 1391 1437 1441 1448 1536 1569 1634 1678 1768 1780 1788 1796 1802 1813 1819 1828 1993
Compactness: 2217.080698
Weights: 449.000000 8834.000000 2325.000000
Center Node: 1297

District 50
Nodes: 61 72 88 106 176 196 220 353 371 409 415 421 573 589 591 602 604 642 651 684 694 751 757 774 935 966 1039 1115 1163 1207 1237 1393 1475 1511 1601 1729 1794 1816 1906 1920
Compactness: 2206.522654
Weights: 500.000000 8797.000000 2304.000000
Center Node: 1511
