BalanceViolation 263.047500
AffinityLoss 1398.000000
Compactness 108560.560493

District 1
Nodes: 19 23 53 57 81 91 127 136 144 153 155 182 185 201 286 299 301 305 321 359 363 391 423 431 463 483 485 577 583 603 628 658 695 696 724 735 795 798 835 872 892 918 923 937 943 945 959 968 987 996
Compactness: 4029.342682
Weights: 556.000000 10247.000000 3056.000000
Center Node: 795

District 2
Nodes: 17 58 61 63 95 133 154 167 175 180 196 202 209 227 236 274 280 284 309 341 353 366 377 435 441 465 492 510 538 541 546 560 585 586 614 618 624 650 651 657 697 709 717 786 791 807 843 871 885 888 911 922 924 957 971
Compactness: 5912.693069
Weights: 607.000000 10275.000000 3043.000000
Center Node: 541

District 3
Nodes: 1 5 9 15 35 49 74 98 179 184 190 193 203 214 224 249 276 306 310 357 370 459 474 528 548 569 574 619 630 642 649 667 685 693 699 707 742 753 754 758 844 845 853 863 873 898 904 913 967 999
Compactness: 10204.463481
Weights: 564.000000 10907.000000 2785.000000
Center Node: 528

District 4
Nodes: 13 32 56 67 75 106 112 115 143 164 171 189 194 197 198 200 219 232 243 295 325 392 436 442 449 462 472 498 499 530 600 609 617 643 648 676 704 705 723 784 858 859 868 919 932 938 951 964 977 978 989
Compactness: 4622.617752
Weights: 626.000000 10097.000000 2950.000000
Center Node: 784

District 5
Nodes: 11 28 108 113 118 130 138 152 208 230 253 270 285 329 336 351 367 379 387 411 437 446 502 525 579 593 621 638 646 652 680 749 760 768 773 775 802 837 855 861 908 916 940 944 950 958
Compactness: 4605.619728
Weights: 580.000000 10722.000000 2632.000000
Center Node: 525

District 6
Nodes: 2 44 99 109 123 160 238 272 277 278 297 304 334 335 339 350 369 376 406 416 419 438 439 440 447 529 563 565 587 607 654 660 688 691 713 720 722 730 757 767 803 811 813 820 840 842 876 927 933 961 970
Compactness: 5097.959853
Weights: 632.000000 10617.000000 2797.000000
Center Node: 803

District 7
Nodes: 6 85 86 89 120 121 135 147 183 192 216 242 258 287 290 296 313 322 332 348 382 395 398 402 409 487 514 517 524 540 561 589 591 596 633 675 677 684 711 719 739 809 810 823 825 854 866 869 926 935 947 963
Compactness: 5093.558690
Weights: 609.000000 10327.000000 3047.000000
Center Node: 540

District 8
Nodes: 7 21 38 43 52 105 116 119 134 141 148 248 260 281 300 324 327 386 396 405 413 421 497 503 520 542 554 562 605 615 623 647 692 694 715 718 726 733 779 792 812 830 841 870 896 906 920 960 988 993 997
Compactness: 6209.280418
Weights: 615.000000 10854.000000 3007.000000
Center Node: 830

District 9
Nodes: 0 14 59 65 72 82 103 139 165 206 215 221 233 275 288 312 314 317 323 331 355 358 372 426 432 453 456 473 508 509 516 523 553 584 629 666 731 740 756 759 765 790 816 818 826 833 838 901 928 973 995
Compactness: 5568.394387
Weights: 626.000000 10049.000000 2901.000000
Center Node: 233

District 10
Nodes: 4 34 60 87 168 217 223 257 259 267 279 283 294 307 315 319 344 345 347 356 361 375 385 429 448 461 486 507 512 513 531 533 551 557 558 590 645 656 659 664 665 672 702 777 865 881 886 893 914 942 984
Compactness: 5812.840773
Weights: 651.000000 9957.000000 3054.000000
Center Node: 507

District 11
Nodes: 25 26 83 84 110 166 177 205 211 213 241 245 254 255 264 268 282 397 417 430 452 470 501 575 580 581 597 599 635 639 644 682 714 725 727 737 764 766 821 824 857 878 907 966 972 985
Compactness: 4750.183462
Weights: 503.000000 10993.000000 2860.000000
Center Node: 470

District 12
Nodes: 10 51 55 62 64 90 92 100 101 104 173 187 244 247 292 311 364 365 393 434 445 471 477 482 493 495 505 518 578 592 602 606 610 627 701 708 729 761 763 794 805 806 860 862 882 884 949 979 991 992
Compactness: 5766.513450
Weights: 601.000000 10430.000000 2815.000000
Center Node: 365

District 13
Nodes: 20 47 70 73 76 124 159 178 212 220 237 251 273 291 293 298 303 308 349 390 408 424 444 468 475 489 490 500 526 543 547 550 572 582 601 612 637 653 674 698 706 732 736 762 782 797 822 828 832 887 930
Compactness: 5506.142751
Weights: 621.000000 10989.000000 2944.000000
Center Node: 736

District 14
Nodes: 18 31 45 50 66 71 94 125 131 150 161 170 181 199 204 252 269 326 330 333 360 374 399 407 410 455 519 535 539 552 564 566 604 608 611 632 636 641 683 689 738 745 771 776 819 831 880 946 952 962
Compactness: 4324.519377
Weights: 588.000000 10660.000000 2898.000000
Center Node: 269

District 15
Nodes: 22 30 33 41 88 97 145 149 151 172 174 186 218 228 234 250 261 266 328 380 381 384 404 428 433 451 458 478 496 504 536 555 567 568 576 616 681 721 781 788 789 804 815 817 847 936 983 986
Compactness: 4786.886884
Weights: 586.000000 10464.000000 2852.000000
Center Node: 218

District 16
Nodes: 16 29 68 77 78 111 156 158 176 226 229 231 320 371 389 400 418 425 443 450 467 488 527 570 571 625 631 679 703 741 743 744 774 780 783 799 808 851 856 875 879 889 897 899 929 948 954 955 976 998
Compactness: 4541.749141
Weights: 568.000000 10831.000000 3064.000000
Center Node: 443

District 17
Nodes: 27 39 46 69 80 117 142 162 163 195 239 246 263 342 352 394 403 415 422 466 469 476 480 481 532 545 556 559 598 613 622 670 671 678 687 690 712 734 747 748 755 814 829 834 905 910 974 980 981
Compactness: 4640.596677
Weights: 622.000000 10038.000000 2784.000000
Center Node: 117

District 18
Nodes: 3 24 48 54 96 102 122 129 140 188 210 225 271 302 316 338 343 362 373 383 460 494 515 522 573 594 620 634 655 663 668 673 686 700 772 787 796 801 827 852 867 883 902 903 921 939 956 969
Compactness: 4717.904616
Weights: 575.000000 10588.000000 3050.000000
Center Node: 48

District 19
Nodes: 8 12 93 107 114 137 157 169 207 240 265 318 337 340 378 412 420 427 454 457 479 491 511 640 662 710 716 728 750 769 778 793 800 836 839 848 850 864 874 890 891 894 909 912 915 917 931 941 994
Compactness: 6039.623606
Weights: 584.000000 9966.000000 3042.000000
Center Node: 793

District 20
Nodes: 36 37 40 42 79 126 128 132 146 191 222 235 256 262 289 346 354 368 388 401 414 464 484 506 521 534 537 544 549 588 595 626 661 669 746 751 752 770 785 846 849 877 895 900 925 934 953 965 975 982 990
Compactness: 6329.669695
Weights: 621.000000 10524.000000 3061.000000
Center Node: 595
