BalanceViolation 2712.082500
AffinityLoss 846.000000
Compactness 45610.493896

District 1
Nodes: 12 29 62 65 134 173 181 188 200 206 216 226 229 266 278 298 318 347 350 356 361 396 401 424 447
Compactness: 2481.708090
Weights: 294.000000 5333.000000 1469.000000
Center Node: 396

District 2
Nodes: 10 58 78 102 115 136 138 171 175 176 213 221 234 251 253 277 294 300 309 310 328 340 345 362 394 415 440 489
Compactness: 2576.959442
Weights: 367.000000 4677.000000 1793.000000
Center Node: 234

District 3
Nodes: 1 4 32 35 37 53 106 198 205 214 280 332 337 351 360 393 404 407 421 425 431 433 435 459 476 486
Compactness: 2184.846365
Weights: 280.000000 4859.000000 1482.000000
Center Node: 53

District 4
Nodes: 11 18 24 45 49 80 103 145 159 172 186 199 215 218 240 295 319 324 370 395 414 434 436 475
Compactness: 2442.116060
Weights: 272.000000 5072.000000 1403.000000
Center Node: 172

District 5
Nodes: 22 61 72 92 99 109 120 126 178 194 204 222 232 233 235 306 314 365 374 382 391 406 422 437 458 462 480
Compactness: 2554.979245
Weights: 313.000000 5490.000000 1520.000000
Center Node: 314

District 6
Nodes: 17 46 95 104 128 131 180 211 242 262 267 274 299 303 344 354 355 358 375 392 478 495
Compactness: 1836.329993
Weights: 276.000000 4875.000000 1336.000000
Center Node: 392

District 7
Nodes: 0 6 26 42 54 59 79 124 129 165 189 271 315 321 330 371 379 419 444 463 484 485 497
Compactness: 1943.453335
Weights: 287.000000 4609.000000 1378.000000
Center Node: 6

District 8
Nodes: 5 40 70 77 88 114 155 168 169 195 220 238 247 265 276 297 311 313 331 339 390 403 417 427 466 491
Compactness: 2868.241852
Weights: 301.000000 4677.000000 1459.000000
Center Node: 390

District 9
Nodes: 19 27 56 90 94 117 191 197 230 236 237 249 264 291 322 325 364 368 386 429 442 451 461 468 469
Compactness: 2054.592865
Weights: 300.000000 5331.000000 1415.000000
Center Node: 461

District 10
Nodes: 31 48 60 66 74 107 112 125 139 141 152 170 179 182 212 268 316 329 334 346 377 416 443 446 454 460 464 467 471 477
Compactness: 2471.969646
Weights: 317.000000 5215.000000 1452.000000
Center Node: 443

District 11
Nodes: 15 30 47 83 85 101 110 137 140 177 196 202 208 217 250 260 296 308 323 412 418 423 472 474 479 494
Compactness: 2859.267293
Weights: 320.000000 5126.000000 1516.000000
Center Node: 196

District 12
Nodes: 2 20 39 67 71 91 119 127 135 157 164 183 201 227 263 270 301 327 336 338 341 372 385 388 413 430 453 473
Compactness: 2159.099722
Weights: 313.000000 5329.000000 1585.000000
Center Node: 183

District 13
Nodes: 33 57 64 68 81 96 123 142 192 193 210 245 246 307 333 342 357 398 408 432 438 465 490 499
Compactness: 1994.311675
Weights: 304.000000 5007.000000 1492.000000
Center Node: 64

District 14
Nodes: 9 28 44 75 84 97 111 144 148 190 223 275 326 348 366 369 381 384 397 409 411 441 470 493 498
Compactness: 2334.036599
Weights: 319.000000 5625.000000 1469.000000
Center Node: 326

District 15
Nodes: 3 8 14 23 41 50 55 73 89 113 121 161 162 163 239 257 261 285 289 292 317 380 445 496
Compactness: 2362.151308
Weights: 329.000000 5294.000000 1494.000000
Center Node: 496

District 16
Nodes: 86 143 151 154 160 219 224 248 256 258 279 293 312 320 335 352 373 410 456 482 483 487
Compactness: 2152.888550
Weights: 291.000000 4815.000000 1322.000000
Center Node: 258

District 17
Nodes: 16 25 51 52 87 100 122 130 132 133 150 187 225 259 282 283 287 302 383 387 402 428 449 457
Compactness: 1583.931100
Weights: 298.000000 4467.000000 1172.000000
Center Node: 51

District 18
Nodes: 21 105 146 147 158 167 184 185 207 231 252 254 272 273 304 305 349 353 405 426 439 450 455 481 492
Compactness: 2670.406370
Weights: 311.000000 5267.000000 1616.000000
Center Node: 184

District 19
Nodes: 7 34 38 43 63 69 76 93 116 118 149 156 203 209 228 269 343 367 376 378 389 399 420 452 488
Compactness: 2215.071446
Weights: 329.000000 4842.000000 1388.000000
Center Node: 420

District 20
Nodes: 13 36 82 98 108 153 166 174 241 243 244 255 281 284 286 288 290 359 363 400 448
Compactness: 1864.132941
Weights: 252.000000 5671.000000 1206.000000
Center Node: 166
