BalanceViolation 1123.182000
AffinityLoss 1779.000000
Compactness 69206.515361

District 1
Nodes: 9 26 109 254 268 282 304 335 370 501 635 649 654 688 693 707 730 753
Compactness: 1000.177513
Weights: 206.000000 4399.000000 984.000000
Center Node: 304

District 2
Nodes: 13 65 69 115 295 312 325 453 462 472 498 530 676 704 756 826 919 977
Compactness: 3485.992889
Weights: 257.000000 4349.000000 1162.000000
Center Node: 756

District 3
Nodes: 7 58 61 63 133 141 191 227 274 284 327 341 538 541 560 614 618 650 651 709 717 792 807 871 924 988
Compactness: 1917.780907
Weights: 273.000000 3973.000000 1313.000000
Center Node: 651

District 4
Nodes: 0 19 59 127 139 185 221 261 301 314 456 485 553 616 628 833 838 892 943 973 995
Compactness: 1378.277168
Weights: 200.000000 4116.000000 1271.000000
Center Node: 19

District 5
Nodes: 48 54 102 122 271 302 315 338 343 362 373 460 522 533 655 668 700 801 852 883 950
Compactness: 1385.693543
Weights: 251.000000 4299.000000 1194.000000
Center Node: 102

District 6
Nodes: 121 183 192 222 242 296 313 318 506 537 540 588 633 739 751 809 823 877 947 963
Compactness: 1318.604462
Weights: 249.000000 3985.000000 1174.000000
Center Node: 537

District 7
Nodes: 70 159 237 238 277 278 297 406 424 444 447 489 500 526 572 642 698 701 862 967
Compactness: 2255.876538
Weights: 252.000000 4373.000000 877.000000
Center Node: 500

District 8
Nodes: 49 98 176 193 224 249 276 306 357 459 474 548 625 667 685 699 758 863 873 897 904
Compactness: 1263.235782
Weights: 253.000000 4049.000000 1189.000000
Center Node: 897

District 9
Nodes: 21 38 105 116 148 248 324 386 403 405 469 503 520 562 605 647 779 843 960
Compactness: 1674.602420
Weights: 236.000000 4337.000000 1228.000000
Center Node: 116

District 10
Nodes: 34 60 87 103 259 323 344 355 358 361 372 426 486 551 557 656 659 672 847 865 886
Compactness: 1309.111178
Weights: 255.000000 4049.000000 1207.000000
Center Node: 557

District 11
Nodes: 10 64 100 138 152 230 329 393 434 458 482 493 602 627 761 781 806 860 991
Compactness: 1032.790202
Weights: 234.000000 4288.000000 1223.000000
Center Node: 64

District 12
Nodes: 18 31 66 94 131 150 252 269 399 410 511 535 539 566 632 636 710 745 776 880 952
Compactness: 1143.237896
Weights: 254.000000 4125.000000 1127.000000
Center Node: 94

District 13
Nodes: 27 106 117 162 163 195 352 394 422 466 556 598 613 670 671 687 712 829 834 905 981
Compactness: 1157.808790
Weights: 251.000000 4157.000000 1186.000000
Center Node: 905

District 14
Nodes: 8 12 108 113 130 208 337 387 411 491 502 680 716 760 768 773 793 800 855 861
Compactness: 1914.612910
Weights: 227.000000 4367.000000 1173.000000
Center Node: 411

District 15
Nodes: 20 136 155 201 220 273 286 298 299 305 308 423 431 475 583 637 782 822 872 923
Compactness: 1536.106503
Weights: 226.000000 3994.000000 1212.000000
Center Node: 155

District 16
Nodes: 29 156 226 231 389 425 443 450 527 580 631 727 783 851 889 899 913 948 955 998
Compactness: 1009.700029
Weights: 226.000000 4366.000000 1225.000000
Center Node: 631

District 17
Nodes: 30 82 97 151 165 186 215 218 234 266 288 404 445 478 504 568 576 681 789 804 928
Compactness: 1274.744051
Weights: 252.000000 4175.000000 1230.000000
Center Node: 504

District 18
Nodes: 62 99 104 160 334 350 376 416 439 518 722 729 763 794 805 811 813 840 876 933 970
Compactness: 1454.019651
Weights: 245.000000 4015.000000 1163.000000
Center Node: 416

District 19
Nodes: 36 126 128 132 256 262 346 377 388 414 484 521 586 657 669 746 770 846 934
Compactness: 1314.190605
Weights: 206.000000 4358.000000 1090.000000
Center Node: 132

District 20
Nodes: 39 96 140 210 217 239 300 421 429 512 634 665 694 747 772 812 827 881 969 974
Compactness: 1236.413031
Weights: 244.000000 4094.000000 1234.000000
Center Node: 974

District 21
Nodes: 73 76 90 92 101 173 178 187 292 293 349 612 762 797 828 832 930
Compactness: 1003.934399
Weights: 227.000000 4167.000000 1080.000000
Center Node: 173

District 22
Nodes: 168 223 246 267 279 283 342 347 356 461 480 507 531 559 590 755 777 914 980 984
Compactness: 1290.871665
Weights: 270.000000 4034.000000 1241.000000
Center Node: 531

District 23
Nodes: 1 5 35 74 77 78 184 190 203 597 619 630 743 754 780 808 844 853 929 954 999
Compactness: 1074.501624
Weights: 202.000000 4124.000000 1182.000000
Center Node: 190

District 24
Nodes: 43 52 260 281 330 465 497 573 585 615 733 787 796 830 841 902 971 993 997
Compactness: 1119.395461
Weights: 226.000000 4138.000000 1224.000000
Center Node: 497

District 25
Nodes: 14 33 41 72 233 250 275 331 432 555 567 584 629 666 731 759 765 790 901 942
Compactness: 1405.784574
Weights: 278.000000 4030.000000 1231.000000
Center Node: 555

District 26
Nodes: 71 95 134 167 170 175 196 199 202 353 366 510 546 611 624 715 771 885 906 911 946
Compactness: 2245.545837
Weights: 238.000000 4222.000000 1141.000000
Center Node: 546

District 27
Nodes: 129 188 204 270 285 379 454 594 604 652 775 802 837 891 916 940 944 958 962
Compactness: 1164.140449
Weights: 221.000000 4303.000000 1211.000000
Center Node: 775

District 28
Nodes: 46 56 112 143 243 294 319 436 442 449 476 499 508 558 600 609 648 664 678 723 910 951
Compactness: 1485.896503
Weights: 288.000000 4180.000000 1217.000000
Center Node: 609

District 29
Nodes: 55 84 107 213 245 264 369 438 505 575 578 587 728 757 764 767 769 821 824 949
Compactness: 1312.350892
Weights: 249.000000 4280.000000 1169.000000
Center Node: 821

District 30
Nodes: 3 11 118 157 169 240 253 265 328 336 367 384 437 457 525 579 638 815 874 915
Compactness: 1599.772656
Weights: 250.000000 4112.000000 1210.000000
Center Node: 579

District 31
Nodes: 85 120 135 158 320 322 348 487 514 517 524 571 679 711 774 799 856 875 926 935
Compactness: 1090.320773
Weights: 256.000000 4259.000000 1112.000000
Center Node: 322

District 32
Nodes: 6 79 326 332 382 395 412 519 534 564 608 684 719 810 839 917 925 990
Compactness: 989.343832
Weights: 217.000000 4294.000000 1177.000000
Center Node: 990

District 33
Nodes: 4 22 24 88 145 257 307 380 383 428 448 494 496 513 515 536 702 903 921 939
Compactness: 948.528798
Weights: 249.000000 4383.000000 1215.000000
Center Node: 448

District 34
Nodes: 17 45 154 180 209 236 280 309 360 435 441 492 549 697 786 791 888 922 957
Compactness: 1193.924203
Weights: 227.000000 4100.000000 1181.000000
Center Node: 280

District 35
Nodes: 67 75 142 164 189 194 198 219 532 617 643 690 705 734 748 784 858 859 868 932 978 989
Compactness: 1281.912404
Weights: 252.000000 4384.000000 1202.000000
Center Node: 532

District 36
Nodes: 80 119 263 396 413 415 481 542 545 554 622 623 692 718 726 814 870 896 920
Compactness: 1175.458376
Weights: 251.000000 4098.000000 1139.000000
Center Node: 554

District 37
Nodes: 32 171 197 200 206 232 317 345 375 385 392 473 509 516 523 645 740 816 818 893 938 964
Compactness: 1525.697548
Weights: 259.000000 4314.000000 1188.000000
Center Node: 392

District 38
Nodes: 86 111 147 216 229 258 290 409 467 488 561 589 591 675 703 825 854 869 879
Compactness: 1006.493241
Weights: 235.000000 3988.000000 1165.000000
Center Node: 589

District 39
Nodes: 42 161 181 235 289 333 354 368 401 464 544 595 661 752 785 849 866 895 900 965 975
Compactness: 1421.409366
Weights: 261.000000 3986.000000 1196.000000
Center Node: 752

District 40
Nodes: 149 172 182 228 244 364 381 433 451 463 495 577 721 788 882 918 936 959 968 983 986
Compactness: 1359.113418
Weights: 232.000000 4326.000000 1105.000000
Center Node: 936

District 41
Nodes: 23 53 81 144 153 321 363 391 603 658 695 696 724 735 795 798 835 979 987 996
Compactness: 1306.828932
Weights: 223.000000 4011.000000 1308.000000
Center Node: 979

District 42
Nodes: 2 44 123 214 272 339 419 440 563 565 607 660 691 713 720 803 820 842 927 961
Compactness: 953.809354
Weights: 263.000000 4033.000000 1074.000000
Center Node: 713

District 43
Nodes: 50 125 225 316 374 407 455 552 620 621 641 663 673 683 686 738 819 831 867 956
Compactness: 1155.320031
Weights: 229.000000 4270.000000 1187.000000
Center Node: 673

District 44
Nodes: 47 124 212 251 291 303 408 468 490 543 547 582 601 653 706 732 736 887 937
Compactness: 1144.858950
Weights: 217.000000 4296.000000 1192.000000
Center Node: 601

District 45
Nodes: 16 37 40 89 146 179 310 371 528 569 570 574 596 626 677 741 742 744 953 982
Compactness: 2511.104865
Weights: 228.000000 4192.000000 1112.000000
Center Node: 741

District 46
Nodes: 25 110 137 205 255 400 418 430 470 479 640 778 857 878 894 907 972 976 985
Compactness: 1318.487830
Weights: 187.000000 4331.000000 1159.000000
Center Node: 430

District 47
Nodes: 28 93 207 287 340 351 378 397 398 402 427 446 593 646 689 737 749 750 848 850
Compactness: 1519.758057
Weights: 250.000000 4278.000000 1155.000000
Center Node: 93

District 48
Nodes: 15 68 83 166 177 241 417 452 599 639 644 682 725 766 845 898 966
Compactness: 906.068702
Weights: 177.000000 4391.000000 1177.000000
Center Node: 452

District 49
Nodes: 114 211 247 311 420 581 606 662 714 836 864 890 908 909 912 931 941 992 994
Compactness: 1311.043486
Weights: 263.000000 4024.000000 1137.000000
Center Node: 890

District 50
Nodes: 51 57 91 174 359 365 390 471 477 483 529 550 592 610 674 708 817 884 945
Compactness: 1321.863068
Weights: 213.000000 4119.000000 1093.000000
Center Node: 51
