BalanceViolation 144.687500
AffinityLoss 781.000000
Compactness 57318.942410

District 1
Nodes: 0 6 34 37 44 45 66 113 142 204 256 301 304 318 322 333 365 368 389 404 406 458 468 476 498
Compactness: 2271.400388
Weights: 316.000000 4862.000000 1485.000000
Center Node: 389

District 2
Nodes: 10 13 16 65 72 77 108 112 124 128 158 223 235 262 265 266 269 293 298 370 374 375 466
Compactness: 1908.855650
Weights: 270.000000 5059.000000 1439.000000
Center Node: 72

District 3
Nodes: 28 67 86 89 122 132 134 140 144 146 151 199 228 246 271 306 321 337 349 376 378 381 433 457 474 475 486 490
Compactness: 8397.674169
Weights: 291.000000 4889.000000 1504.000000
Center Node: 140

District 4
Nodes: 5 38 41 68 70 80 94 103 131 139 143 174 196 215 237 241 261 273 276 280 291 313 398 419 428 431 448 495
Compactness: 3352.940366
Weights: 296.000000 5252.000000 1501.000000
Center Node: 68

District 5
Nodes: 2 17 47 69 74 90 107 126 145 173 186 216 236 258 259 277 290 346 351 379 401 442 456 469 477 481 492
Compactness: 2892.884075
Weights: 283.000000 5248.000000 1458.000000
Center Node: 492

District 6
Nodes: 30 52 119 147 161 179 184 192 200 209 222 230 252 253 305 329 334 367 416 443 467 482
Compactness: 1460.696577
Weights: 288.000000 5245.000000 1403.000000
Center Node: 253

District 7
Nodes: 23 27 36 43 46 59 81 115 118 153 172 177 180 214 217 233 240 286 299 327 383 394 423 449 489
Compactness: 1983.396918
Weights: 279.000000 4922.000000 1506.000000
Center Node: 59

District 8
Nodes: 1 39 93 102 138 213 242 249 272 278 284 309 315 352 360 372 402 415 420 429 430 451 455 480 483
Compactness: 2730.030596
Weights: 296.000000 5053.000000 1415.000000
Center Node: 402

District 9
Nodes: 84 97 99 110 114 129 157 164 203 220 264 289 308 339 369 384 385 395 408 426 461 494 496
Compactness: 5190.018195
Weights: 320.000000 5282.000000 1349.000000
Center Node: 339

District 10
Nodes: 3 12 51 57 64 87 121 136 137 148 168 206 231 257 282 302 310 332 338 347 363 364 440 450 462
Compactness: 2702.704115
Weights: 306.000000 5117.000000 1458.000000
Center Node: 440

District 11
Nodes: 8 15 18 35 141 193 263 268 288 307 314 348 353 359 382 397 400 421 460 471 473 493 497
Compactness: 1793.036935
Weights: 310.000000 4861.000000 1369.000000
Center Node: 314

District 12
Nodes: 24 50 83 91 92 100 127 178 202 211 227 234 239 270 328 340 345 366 393 441 447 453 459 464
Compactness: 2384.819854
Weights: 295.000000 5293.000000 1407.000000
Center Node: 83

District 13
Nodes: 4 11 42 75 106 111 116 117 201 205 224 225 244 248 260 267 279 281 294 317 331 357 371 424
Compactness: 2558.415019
Weights: 278.000000 4881.000000 1493.000000
Center Node: 279

District 14
Nodes: 19 31 48 61 73 95 125 130 152 154 160 163 191 218 275 287 320 354 362 380 386 412 418 432 439 479
Compactness: 3172.986853
Weights: 286.000000 5319.000000 1400.000000
Center Node: 163

District 15
Nodes: 9 14 21 49 53 76 85 101 170 176 183 197 255 274 297 324 356 358 387 403 422 425 436 444 445 452 463
Compactness: 2451.210618
Weights: 297.000000 5155.000000 1458.000000
Center Node: 14

District 16
Nodes: 7 25 26 54 55 62 71 82 96 167 182 190 219 238 296 311 342 409 413 417 454
Compactness: 2179.035540
Weights: 237.000000 5022.000000 1316.000000
Center Node: 167

District 17
Nodes: 20 22 33 40 56 63 79 123 150 166 169 181 189 208 212 229 232 292 312 319 336 392 410 427 434 470 472
Compactness: 2993.828111
Weights: 289.000000 4965.000000 1502.000000
Center Node: 312

District 18
Nodes: 29 58 88 104 109 120 133 187 195 245 254 283 326 335 344 350 373 377 396 414 435 438 446 478 488 491 499
Compactness: 2359.744968
Weights: 301.000000 5080.000000 1364.000000
Center Node: 109

District 19
Nodes: 60 78 155 156 165 175 185 207 210 226 243 251 285 295 323 325 341 343 390 391 399 405 407 411 484
Compactness: 2317.182770
Weights: 292.000000 5334.000000 1348.000000
Center Node: 484

District 20
Nodes: 32 98 105 135 149 159 162 171 188 194 198 221 247 250 300 303 316 330 355 361 388 437 465 485 487
Compactness: 2218.080691
Weights: 306.000000 5228.000000 1450.000000
Center Node: 194
