BalanceViolation 332.740000
AffinityLoss 843.000000
Compactness 53662.094819

District 1
Nodes: 59 71 93 95 127 132 143 152 220 263 273 282 295 303 307 345 373 375 389 394 401 418 427 435 488
Compactness: 2526.191987
Weights: 291.000000 5320.000000 1543.000000
Center Node: 375

District 2
Nodes: 39 78 84 101 131 148 151 172 202 205 222 225 227 234 278 292 326 331 364 366 368 405 421 449 499
Compactness: 2445.326847
Weights: 329.000000 5393.000000 1405.000000
Center Node: 421

District 3
Nodes: 32 37 58 75 94 122 135 140 171 194 272 281 284 287 294 382 392 402 431 441 447 466 467 468 475 487
Compactness: 2224.698797
Weights: 317.000000 5266.000000 1495.000000
Center Node: 392

District 4
Nodes: 19 26 65 73 79 102 112 114 125 126 145 162 170 175 177 197 200 240 241 246 249 293 306 346 374 428 473 498
Compactness: 3146.724294
Weights: 314.000000 5505.000000 1519.000000
Center Node: 112

District 5
Nodes: 2 4 5 46 50 53 57 85 146 168 189 296 313 330 337 350 358 362 367 372 381 383 408 465 478 480 495
Compactness: 2581.347029
Weights: 302.000000 5012.000000 1537.000000
Center Node: 478

District 6
Nodes: 10 20 22 33 44 66 96 115 116 165 169 179 186 209 231 236 285 288 314 334 352 361 396 424 462
Compactness: 2782.210357
Weights: 323.000000 5046.000000 1550.000000
Center Node: 424

District 7
Nodes: 7 30 113 141 157 185 206 226 230 259 304 321 322 338 340 347 354 357 407 422 446 451 460 481
Compactness: 3575.918910
Weights: 286.000000 5554.000000 1257.000000
Center Node: 113

District 8
Nodes: 0 16 25 27 45 51 80 83 91 97 117 119 142 144 158 173 176 184 235 316 353 404 432 492 494
Compactness: 1935.495037
Weights: 304.000000 5222.000000 1524.000000
Center Node: 432

District 9
Nodes: 15 17 38 47 52 61 86 156 187 203 215 217 219 261 275 286 310 311 360 379 403 420 479 482
Compactness: 2360.980909
Weights: 277.000000 5009.000000 1525.000000
Center Node: 187

District 10
Nodes: 14 42 99 128 149 164 167 178 201 207 242 251 255 299 333 335 343 355 377 393 409 410 413 434 440
Compactness: 3171.118717
Weights: 293.000000 5082.000000 1555.000000
Center Node: 251

District 11
Nodes: 18 21 48 81 92 104 107 110 137 139 214 266 312 325 327 339 342 344 359 369 406 425 444 496
Compactness: 1871.522540
Weights: 311.000000 5520.000000 1428.000000
Center Node: 359

District 12
Nodes: 13 36 40 72 74 100 129 134 181 182 183 256 279 290 297 318 348 349 385 416 417 437 486 490
Compactness: 2315.542817
Weights: 313.000000 5315.000000 1526.000000
Center Node: 349

District 13
Nodes: 1 28 35 87 88 105 106 118 136 138 154 216 218 238 248 250 253 289 305 376 433 445 452 471 497
Compactness: 1739.031697
Weights: 271.000000 5570.000000 1367.000000
Center Node: 253

District 14
Nodes: 70 121 130 188 190 193 247 262 264 265 268 271 276 291 329 371 380 384 397 443 456 464 477 489 493
Compactness: 2212.632697
Weights: 328.000000 5306.000000 1548.000000
Center Node: 121

District 15
Nodes: 29 56 67 68 76 82 111 150 155 192 210 237 244 252 269 277 319 363 387 429 458 470 483 485
Compactness: 2369.971868
Weights: 321.000000 5491.000000 1425.000000
Center Node: 363

District 16
Nodes: 6 8 41 69 108 133 153 159 195 198 208 223 245 280 283 309 341 378 423 430 439 442 459 461 476
Compactness: 3269.007055
Weights: 319.000000 5043.000000 1551.000000
Center Node: 153

District 17
Nodes: 3 11 24 34 49 63 98 120 160 166 180 232 267 270 274 298 302 308 323 324 356 370 400 412 469
Compactness: 2709.913532
Weights: 299.000000 5541.000000 1388.000000
Center Node: 34

District 18
Nodes: 9 23 31 54 62 77 103 174 191 204 213 260 315 328 332 390 399 414 415 436 448 463 491
Compactness: 2578.943568
Weights: 277.000000 5076.000000 1535.000000
Center Node: 77

District 19
Nodes: 12 43 55 60 64 90 109 123 124 224 228 229 239 254 300 386 388 398 419 426 438 454 457 472 484
Compactness: 2586.784750
Weights: 339.000000 5291.000000 1414.000000
Center Node: 12

District 20
Nodes: 89 147 161 163 196 199 211 212 221 233 243 257 258 301 317 320 336 351 365 391 395 411 450 453 455 474
Compactness: 5258.731413
Weights: 318.000000 5156.000000 1422.000000
Center Node: 161
