BalanceViolation 71.497500
AffinityLoss 3060.000000
Compactness 283284.077274

District 1
Nodes: 20 50 56 69 87 99 102 111 126 159 166 170 194 228 255 262 263 282 308 312 321 332 333 346 358 381 402 418 472 481 487 532 540 543 551 574 614 693 732 744 748 788 800 829 847 858 864 889 898 925 938 951 1009 1010 1027 1030 1069 1106 1112 1127 1128 1172 1194 1199 1228 1244 1288 1317 1349 1364 1366 1373 1394 1442 1446 1450 1462 1488 1506 1524 1609 1615 1636 1647 1655 1659 1679 1706 1743 1785 1795 1799 1809 1813 1821 1828 1842 1851 1873 1913 1926 1956 1971 1994
Compactness: 15943.530750
Weights: 1248.000000 20285.000000 5962.000000
Center Node: 50

District 2
Nodes: 16 44 73 89 107 131 137 149 151 180 187 192 196 211 245 284 362 376 390 396 416 432 434 447 458 466 490 492 494 506 552 563 628 656 659 671 695 697 720 721 726 735 753 771 776 779 836 840 848 859 865 882 915 933 965 977 986 1025 1043 1068 1094 1104 1109 1116 1135 1146 1158 1192 1215 1217 1219 1289 1300 1327 1340 1395 1399 1402 1413 1414 1473 1512 1517 1552 1555 1574 1617 1651 1707 1723 1726 1767 1786 1808 1814 1852 1895 1899 1901 1918 1931 1983
Compactness: 29820.028445
Weights: 1264.000000 21300.000000 5672.000000
Center Node: 180

District 3
Nodes: 21 53 109 144 202 224 249 253 256 264 291 293 299 301 323 349 359 360 371 383 436 461 462 479 493 510 529 560 573 579 582 589 642 692 701 703 706 713 760 775 903 950 980 996 1004 1081 1102 1118 1119 1123 1124 1144 1165 1196 1269 1278 1290 1298 1301 1331 1341 1352 1353 1369 1374 1409 1410 1429 1431 1441 1496 1500 1505 1514 1534 1565 1577 1616 1629 1704 1722 1730 1747 1811 1831 1833 1838 1848 1867 1869 1891 1904 1910 1912 1955 1976 1989
Compactness: 12702.182372
Weights: 1153.000000 20592.000000 6005.000000
Center Node: 1118

District 4
Nodes: 13 31 34 37 82 115 146 154 156 219 231 248 254 267 294 302 303 319 395 401 445 484 496 502 508 509 515 521 542 553 570 572 657 670 677 705 738 750 754 755 792 794 798 830 883 906 979 982 991 1072 1099 1101 1125 1149 1175 1202 1239 1258 1264 1284 1304 1315 1344 1361 1383 1391 1406 1420 1438 1477 1510 1522 1526 1533 1556 1572 1596 1605 1619 1640 1671 1699 1708 1715 1749 1778 1787 1829 1866 1878 1907 1916 1925 1929 1933 1942 1981
Compactness: 12736.299374
Weights: 1287.000000 20260.000000 5451.000000
Center Node: 1715

District 5
Nodes: 36 66 90 100 114 118 124 132 147 161 182 200 207 209 238 270 271 287 317 354 368 389 503 525 559 596 604 606 610 624 638 662 665 716 724 725 736 783 785 791 815 823 831 850 870 874 886 890 904 922 936 952 978 995 1059 1145 1157 1159 1208 1212 1220 1229 1238 1250 1262 1263 1296 1324 1348 1354 1372 1416 1418 1428 1466 1468 1475 1480 1483 1494 1532 1536 1582 1614 1637 1658 1661 1667 1676 1738 1822 1827 1861 1930 1939 1987
Compactness: 10068.429773
Weights: 1150.000000 19663.000000 5475.000000
Center Node: 1250

District 6
Nodes: 2 4 23 33 65 71 176 204 230 233 305 340 372 377 413 439 444 474 478 491 513 519 524 590 592 595 602 603 630 639 649 672 696 728 740 759 773 784 811 818 821 867 872 941 944 958 967 990 1031 1032 1037 1050 1064 1080 1082 1141 1142 1153 1186 1189 1213 1231 1237 1261 1305 1347 1376 1389 1443 1454 1493 1508 1521 1537 1550 1554 1603 1625 1631 1660 1669 1729 1763 1769 1774 1792 1793 1812 1830 1840 1856 1947 1966 1978 1985 1997
Compactness: 17838.926589
Weights: 1192.000000 19888.000000 5832.000000
Center Node: 1142

District 7
Nodes: 26 49 55 61 72 93 94 133 150 185 193 210 214 217 226 259 261 318 353 367 421 435 451 520 591 593 643 667 679 694 708 712 777 781 786 808 827 838 853 863 899 935 957 987 992 1001 1008 1015 1034 1036 1038 1044 1096 1120 1136 1154 1190 1200 1214 1222 1252 1313 1316 1323 1333 1342 1360 1363 1375 1392 1451 1476 1503 1523 1530 1546 1562 1566 1567 1569 1576 1584 1591 1593 1601 1611 1643 1644 1678 1680 1694 1705 1728 1737 1739 1744 1784 1791 1801 1877 1880 1889 1923
Compactness: 12807.080411
Weights: 1105.000000 20093.000000 6022.000000
Center Node: 667

District 8
Nodes: 58 104 130 153 171 172 186 195 201 236 266 273 285 292 316 324 343 344 361 363 364 408 442 455 477 483 547 550 571 597 666 688 715 731 768 793 797 828 843 844 878 894 901 926 930 949 1024 1039 1045 1046 1051 1056 1083 1150 1168 1223 1241 1253 1268 1270 1326 1338 1367 1386 1390 1396 1474 1507 1538 1542 1551 1570 1580 1586 1597 1608 1618 1624 1628 1633 1645 1650 1665 1711 1725 1727 1734 1735 1757 1764 1788 1826 1843 1850 1854 1870 1881 1882 1927 1941 1953 1980
Compactness: 10813.984606
Weights: 1220.000000 20210.000000 5916.000000
Center Node: 844

District 9
Nodes: 68 79 92 95 117 142 298 341 347 375 429 467 469 471 489 497 536 541 548 576 584 598 605 629 631 634 636 645 646 668 678 691 698 699 737 742 746 751 756 761 772 796 856 857 868 892 905 907 912 927 929 947 960 962 963 972 989 1019 1041 1062 1095 1111 1178 1180 1195 1204 1236 1255 1302 1330 1339 1362 1384 1419 1455 1464 1516 1544 1581 1598 1602 1626 1638 1656 1695 1710 1712 1740 1761 1773 1777 1804 1815 1816 1817 1835 1858 1879 1968 1999
Compactness: 15942.764375
Weights: 1212.000000 20087.000000 5462.000000
Center Node: 1815

District 10
Nodes: 0 8 9 11 96 103 116 121 135 141 143 189 212 234 246 252 290 313 369 410 460 470 511 516 523 526 558 568 585 594 599 617 663 681 702 710 714 722 765 767 789 801 820 822 860 884 900 948 966 983 984 1005 1006 1016 1067 1074 1089 1091 1129 1130 1148 1197 1221 1243 1257 1273 1321 1381 1388 1393 1397 1398 1465 1469 1478 1485 1502 1573 1599 1613 1642 1672 1681 1709 1714 1731 1736 1759 1766 1846 1886 1903 1908 1914 1954 1957 1961
Compactness: 13697.817464
Weights: 1152.000000 21166.000000 5626.000000
Center Node: 135

District 11
Nodes: 41 45 62 67 88 136 145 216 275 279 328 339 355 380 394 420 425 457 485 505 514 522 545 557 564 567 581 607 621 627 637 729 763 770 790 807 834 928 945 956 1000 1007 1020 1048 1078 1085 1086 1090 1114 1122 1137 1187 1191 1201 1211 1216 1234 1260 1277 1283 1295 1297 1332 1359 1378 1385 1421 1430 1444 1449 1460 1470 1495 1519 1520 1583 1589 1594 1607 1627 1652 1668 1696 1701 1702 1796 1797 1807 1818 1819 1847 1868 1888 1893 1921 1932 1959 1963 1964 1982 1984
Compactness: 9629.234083
Weights: 1176.000000 20413.000000 5976.000000
Center Node: 62

District 12
Nodes: 6 15 48 76 86 97 119 125 148 168 169 175 179 188 190 198 199 223 247 307 329 330 338 357 374 379 407 409 453 459 464 507 601 640 653 658 684 689 690 719 762 782 812 842 849 854 855 862 866 869 908 913 923 943 981 1003 1012 1022 1070 1139 1147 1161 1183 1193 1225 1230 1271 1351 1415 1425 1461 1467 1499 1525 1529 1548 1553 1578 1646 1648 1649 1692 1720 1741 1742 1775 1789 1798 1825 1844 1845 1871 1924 1928 1938 1951 1969 1972 1977 1986 1990 1993
Compactness: 10537.115854
Weights: 1233.000000 20894.000000 5487.000000
Center Node: 198

District 13
Nodes: 19 35 40 47 51 57 63 83 98 101 120 127 164 174 222 229 251 269 300 314 352 370 406 427 431 438 448 450 452 463 480 495 565 569 611 680 778 780 803 810 824 825 826 837 861 888 976 985 998 1023 1035 1057 1075 1079 1087 1126 1131 1132 1163 1198 1206 1209 1210 1235 1248 1276 1318 1377 1379 1400 1404 1412 1432 1434 1445 1456 1479 1481 1484 1540 1561 1620 1674 1682 1698 1746 1857 1860 1883 1902 1935 1948 1973 1992 1995
Compactness: 10174.243659
Weights: 1160.000000 19350.000000 5878.000000
Center Node: 1434

District 14
Nodes: 3 22 24 32 54 70 75 81 85 110 139 173 191 213 220 232 250 260 276 280 288 326 366 391 405 414 456 468 488 498 518 533 535 537 577 600 612 613 626 644 648 673 674 675 727 734 749 757 813 879 881 885 893 917 955 959 968 971 973 974 975 988 1042 1053 1066 1076 1100 1108 1110 1181 1185 1226 1245 1266 1267 1275 1280 1310 1325 1343 1407 1408 1411 1422 1439 1448 1472 1490 1501 1571 1587 1621 1697 1719 1732 1823 1836 1876 1884 1892 1897 1962
Compactness: 10690.139105
Weights: 1259.000000 20133.000000 5670.000000
Center Node: 675

District 15
Nodes: 38 52 84 91 181 203 206 208 221 237 241 257 274 304 335 342 350 385 393 397 400 403 422 437 454 501 512 544 556 561 580 588 618 625 633 685 717 816 839 841 845 851 871 875 877 896 931 939 942 997 999 1033 1061 1063 1092 1098 1138 1151 1160 1164 1167 1176 1188 1207 1294 1299 1320 1336 1370 1427 1435 1447 1453 1492 1511 1563 1585 1595 1623 1635 1639 1641 1663 1724 1755 1758 1760 1782 1806 1824 1841 1863 1872 1875 1885 1887 1943 1946 1950 1967 1970 1979
Compactness: 15554.051638
Weights: 1232.000000 21289.000000 5534.000000
Center Node: 1635

District 16
Nodes: 10 14 17 29 60 155 162 167 178 243 322 334 336 345 348 388 415 417 424 426 482 527 528 530 531 539 546 549 609 620 682 686 704 723 739 743 745 758 774 806 817 819 832 835 852 876 897 909 914 919 1017 1026 1077 1117 1121 1140 1170 1171 1174 1259 1306 1328 1334 1337 1356 1380 1401 1405 1423 1424 1426 1458 1459 1509 1518 1531 1588 1612 1653 1688 1717 1718 1754 1776 1779 1781 1802 1849 1862 1890 1919 1952 1991 1998
Compactness: 29399.498824
Weights: 1148.000000 19347.000000 5624.000000
Center Node: 1334

District 17
Nodes: 12 25 42 46 123 129 138 152 177 183 240 242 244 265 286 296 309 310 373 399 440 443 449 486 499 517 586 632 635 660 664 669 683 687 733 741 766 787 802 809 833 891 916 932 954 961 1014 1021 1028 1060 1071 1105 1107 1162 1177 1182 1232 1233 1242 1247 1265 1281 1282 1285 1291 1303 1307 1309 1312 1319 1346 1368 1403 1417 1440 1463 1487 1541 1543 1557 1560 1568 1579 1590 1600 1606 1662 1664 1685 1703 1752 1756 1772 1800 1810 1820 1834 1864 1865 1894 1896 1905 1922 1958 1965 1996
Compactness: 9690.429799
Weights: 1236.000000 20037.000000 6015.000000
Center Node: 1752

District 18
Nodes: 5 27 59 77 105 113 160 163 184 225 235 315 320 331 356 382 386 404 423 433 473 475 476 500 534 538 555 575 583 587 608 616 622 623 641 655 711 718 769 805 846 910 911 940 946 970 1013 1049 1054 1055 1065 1103 1134 1184 1218 1227 1240 1254 1286 1293 1311 1314 1322 1355 1357 1371 1382 1457 1482 1491 1497 1504 1513 1515 1527 1545 1564 1575 1610 1683 1686 1689 1751 1765 1768 1770 1783 1794 1832 1859 1898 1906 1909 1911 1937 1945 1975
Compactness: 8671.594368
Weights: 1144.000000 19656.000000 5995.000000
Center Node: 184

District 19
Nodes: 1 7 28 30 39 43 64 74 80 108 112 122 128 134 140 158 197 205 215 258 277 278 289 295 297 311 351 378 384 412 428 446 504 562 566 615 619 647 652 700 707 709 764 799 804 895 902 920 921 924 937 969 994 1002 1018 1047 1058 1073 1088 1097 1115 1133 1224 1249 1272 1274 1279 1292 1335 1350 1436 1437 1452 1471 1486 1528 1535 1547 1549 1558 1559 1592 1630 1632 1634 1654 1666 1670 1675 1691 1693 1716 1721 1745 1753 1771 1790 1803 1805 1900 1915 1917 1934 1949
Compactness: 12418.919678
Weights: 1265.000000 20767.000000 5770.000000
Center Node: 112

District 20
Nodes: 18 78 106 157 165 218 227 239 268 272 281 283 306 325 327 337 365 387 392 398 411 419 430 441 465 554 578 650 651 654 661 676 730 747 752 795 814 873 880 887 918 934 953 964 993 1011 1029 1040 1052 1084 1093 1113 1143 1152 1155 1156 1166 1169 1173 1179 1203 1205 1246 1251 1256 1287 1308 1329 1345 1358 1365 1387 1433 1489 1498 1539 1604 1622 1657 1673 1677 1684 1687 1690 1700 1713 1733 1748 1750 1762 1780 1837 1839 1853 1855 1874 1920 1936 1940 1944 1960 1974 1988
Compactness: 14147.806104
Weights: 1271.000000 21277.000000 5461.000000
Center Node: 1677
