BalanceViolation 24254.050000
AffinityLoss 0.000000
Compactness 116123.453971

District 1
Nodes: 14 52 221 260 261 311 323 335 344 366 460 509 512 636 677 706 707 752 827 908 925 995 1050 1106 1135 1202 1293 1325 1331 1339 1353 1369 1386 1421 1506 1522 1530 1668 1686 1792 1806 1830 1865
Compactness: 2402.821843
Weights: 558.000000 8520.000000 2401.000000
Center Node: 1369

District 2
Nodes: 36 188 232 252 345 386 521 537 580 801 829 841 996 1015 1021 1193 1241 1428 1457 1550 1688 1706 1726 1762 1767 1820 1851 1905 1978 1988
Compactness: 1510.492560
Weights: 327.000000 5448.000000 1777.000000
Center Node: 345

District 3
Nodes: 47 276 295 330 413 426 670 695 724 742 764 854 889 1047 1059 1091 1125 1178 1301 1302 1315 1387 1663 1665 1727 1777 1835 1888 1954 1976 1999
Compactness: 1391.690384
Weights: 340.000000 7305.000000 1666.000000
Center Node: 1315

District 4
Nodes: 87 310 369 392 412 583 592 612 619 653 685 700 759 896 897 1081 1257 1271 1368 1432 1434 1572 1629 1647 1680 1718 1799 1814 1847 1885 1938 1972
Compactness: 1396.765798
Weights: 406.000000 6991.000000 1783.000000
Center Node: 1434

District 5
Nodes: 101 107 146 173 247 277 347 349 395 430 436 541 668 731 768 775 814 833 835 846 859 869 906 1064 1107 1108 1118 1172 1238 1243 1300 1328 1375 1412 1420 1501 1504 1642 1705 1708 1869 1889 1950
Compactness: 2816.076792
Weights: 470.000000 9149.000000 2540.000000
Center Node: 846

District 6
Nodes: 12 45 59 170 192 195 248 355 372 383 540 565 574 598 622 717 820 852 890 913 942 972 1026 1030 1040 1088 1129 1270 1335 1343 1449 1492 1499 1519 1551 1583 1641 1673 1685 1692 1696 1697 1738 1818 1845 1916
Compactness: 2586.366762
Weights: 572.000000 8717.000000 2552.000000
Center Node: 1685

District 7
Nodes: 18 40 60 78 106 150 196 246 307 371 376 488 497 552 589 621 639 744 999 1043 1061 1065 1073 1075 1115 1222 1279 1352 1380 1393 1430 1469 1481 1729 1769 1794 1906 1923 1983
Compactness: 1905.455294
Weights: 466.000000 9354.000000 2410.000000
Center Node: 1983

District 8
Nodes: 123 182 256 300 368 398 403 408 464 484 530 661 689 718 727 734 754 758 806 811 831 848 860 956 997 1028 1074 1131 1228 1258 1366 1411 1445 1458 1508 1574 1612 1730 1838 1853 1907 1984
Compactness: 6627.609214
Weights: 496.000000 9069.000000 2214.000000
Center Node: 1984

District 9
Nodes: 27 50 141 162 168 278 523 800 843 858 921 951 967 974 1016 1046 1057 1086 1146 1167 1201 1233 1245 1256 1261 1266 1304 1361 1493 1510 1518 1597 1719 1751 1801 1874 1937 1982 1992
Compactness: 2372.297216
Weights: 411.000000 7521.000000 2262.000000
Center Node: 1510

District 10
Nodes: 10 69 105 112 171 237 249 365 416 447 458 555 561 735 762 789 818 929 1018 1100 1112 1166 1204 1239 1240 1265 1273 1379 1437 1447 1454 1485 1569 1678 1679 1691 1703 1711 1739 1771 1802 1963
Compactness: 2434.972911
Weights: 433.000000 9682.000000 2476.000000
Center Node: 1239

District 11
Nodes: 55 80 109 160 166 404 483 516 534 736 763 874 916 934 940 957 982 992 1052 1080 1099 1213 1280 1346 1403 1414 1461 1540 1542 1623 1632 1776 1800 1817 1857 1940 1946 1952 1961
Compactness: 1975.539825
Weights: 434.000000 9318.000000 2065.000000
Center Node: 80

District 12
Nodes: 96 125 354 444 529 548 582 649 690 746 786 850 892 928 938 960 1000 1019 1024 1045 1054 1069 1153 1154 1157 1171 1205 1365 1478 1498 1627 1644 1707 1823 1849 1922 1975
Compactness: 1933.363680
Weights: 462.000000 7866.000000 2415.000000
Center Node: 548

District 13
Nodes: 1 68 211 342 364 388 440 461 478 556 594 656 686 693 710 715 722 748 755 771 861 1063 1070 1093 1109 1111 1120 1232 1275 1311 1400 1413 1479 1509 1512 1516 1605 1630 1635 1809 1821 1850 1897 1981
Compactness: 2324.291727
Weights: 500.000000 10327.000000 2673.000000
Center Node: 1821

District 14
Nodes: 161 181 214 285 288 350 361 387 414 422 427 429 514 600 610 633 688 790 826 891 937 948 980 981 1027 1134 1187 1288 1354 1425 1446 1464 1494 1548 1562 1615 1626 1672 1824 1867 1896 1910
Compactness: 2261.192203
Weights: 523.000000 8426.000000 2340.000000
Center Node: 1562

District 15
Nodes: 23 111 167 205 281 294 298 313 391 421 450 505 591 602 638 675 684 751 765 766 795 886 922 935 966 987 1145 1237 1276 1291 1382 1398 1490 1495 1500 1553 1793 1798 1839
Compactness: 2233.696577
Weights: 459.000000 8698.000000 2189.000000
Center Node: 684

District 16
Nodes: 9 16 81 90 98 129 149 151 172 245 351 407 511 525 538 564 739 813 870 881 944 958 978 1031 1169 1223 1313 1329 1363 1371 1395 1409 1466 1503 1684 1709 1740 1860 1884 1969
Compactness: 1951.163283
Weights: 490.000000 7611.000000 2126.000000
Center Node: 407

District 17
Nodes: 20 37 185 201 222 283 318 329 362 399 491 560 613 635 660 760 796 802 804 876 1008 1066 1085 1114 1281 1381 1459 1524 1531 1547 1579 1657 1660 1699 1717 1747 1890 1893 1939 1957
Compactness: 2197.897195
Weights: 555.000000 8358.000000 2440.000000
Center Node: 399

District 18
Nodes: 29 95 144 153 194 241 306 384 476 506 539 571 716 799 824 868 912 924 977 988 991 1116 1121 1128 1221 1330 1347 1376 1435 1444 1471 1488 1502 1610 1613 1687 1715 1873 1900 1931
Compactness: 2816.049673
Weights: 468.000000 8175.000000 2195.000000
Center Node: 991

District 19
Nodes: 48 92 134 164 190 200 234 235 263 400 487 549 785 807 838 844 857 863 898 907 970 976 984 1011 1033 1098 1151 1179 1186 1197 1277 1299 1308 1405 1483 1528 1576 1677 1808 1812 1974 1979
Compactness: 2197.302171
Weights: 525.000000 9247.000000 2636.000000
Center Node: 1033

District 20
Nodes: 5 26 70 116 122 131 159 183 279 290 393 467 473 517 543 546 593 618 676 679 705 709 725 743 895 910 1097 1123 1290 1320 1332 1355 1599 1652 1720 1724 1731 1926 1942 1994 1996
Compactness: 2802.026903
Weights: 521.000000 9697.000000 2251.000000
Center Node: 1652

District 21
Nodes: 44 51 119 130 198 227 236 317 428 454 466 471 577 606 658 711 809 815 822 865 903 1001 1006 1032 1159 1212 1230 1305 1306 1372 1385 1418 1482 1607 1608 1704 1714 1728 1734 1787 1832 1836 1859 1868 1932
Compactness: 2577.136763
Weights: 502.000000 9337.000000 2292.000000
Center Node: 1704

District 22
Nodes: 13 139 254 305 324 340 343 453 494 499 513 526 590 601 615 714 726 732 782 884 914 949 1079 1188 1198 1220 1254 1283 1402 1415 1423 1534 1559 1561 1662 1760 1797 1822 1930 1943 1945 1949
Compactness: 2785.275027
Weights: 505.000000 9456.000000 2584.000000
Center Node: 732

District 23
Nodes: 39 53 179 390 438 495 498 620 767 776 819 856 887 911 923 990 1036 1044 1090 1096 1139 1161 1174 1210 1255 1274 1344 1422 1440 1462 1468 1571 1577 1581 1585 1638 1756 1856 1871 1944
Compactness: 2465.785776
Weights: 450.000000 8119.000000 2350.000000
Center Node: 179

District 24
Nodes: 0 28 103 138 152 193 258 296 320 420 472 485 520 545 551 586 603 673 756 842 885 926 1034 1150 1177 1252 1322 1384 1404 1533 1537 1538 1558 1568 1575 1582 1588 1649 1750 1754 1827 1915 1947 1973
Compactness: 2656.945600
Weights: 545.000000 8892.000000 2331.000000
Center Node: 1582

District 25
Nodes: 19 42 54 77 84 213 216 250 266 280 432 449 452 528 550 576 585 631 781 805 816 862 871 894 932 933 968 1038 1152 1164 1181 1249 1318 1532 1596 1661 1667 1721 1735 1786 1795 1825 1864 1887
Compactness: 2449.703908
Weights: 495.000000 9333.000000 2421.000000
Center Node: 280

District 26
Nodes: 7 30 74 82 121 207 238 286 346 375 448 465 531 697 698 720 888 950 1023 1051 1056 1219 1268 1333 1350 1410 1439 1470 1567 1604 1625 1683 1736 1785 1804 1811 1842 1892 1903 1985
Compactness: 2106.131276
Weights: 466.000000 7749.000000 1971.000000
Center Node: 346

District 27
Nodes: 11 25 63 126 140 204 229 240 332 370 397 401 477 504 536 554 584 632 654 663 665 708 773 828 939 962 1002 1058 1072 1087 1196 1231 1253 1310 1453 1487 1507 1546 1600 1831 1872 1886
Compactness: 2193.665467
Weights: 545.000000 8254.000000 2392.000000
Center Node: 1196

District 28
Nodes: 64 110 128 209 219 309 331 337 624 681 704 729 747 750 770 772 793 797 930 1005 1029 1067 1077 1083 1130 1200 1216 1217 1263 1267 1389 1431 1484 1520 1602 1844 1908
Compactness: 1980.795803
Weights: 433.000000 7390.000000 2168.000000
Center Node: 1077

District 29
Nodes: 32 132 145 174 197 293 326 336 378 381 439 462 500 515 569 784 823 989 1003 1078 1104 1206 1235 1312 1392 1399 1407 1417 1473 1554 1619 1669 1732 1741 1958 1998
Compactness: 2027.184406
Weights: 442.000000 9036.000000 2384.000000
Center Node: 132

District 30
Nodes: 56 65 75 178 224 239 251 273 274 321 402 405 535 817 866 879 986 1037 1042 1060 1062 1071 1089 1102 1229 1250 1338 1348 1429 1472 1476 1491 1545 1609 1620 1636 1650 1655 1682 1744 1779 1921
Compactness: 2363.946223
Weights: 537.000000 8295.000000 2558.000000
Center Node: 274

District 31
Nodes: 2 67 86 187 270 291 302 315 382 457 522 575 641 753 798 872 1041 1165 1203 1251 1269 1378 1424 1452 1467 1556 1573 1594 1633 1700 1710 1765 1782 1866 1899 1909 1962
Compactness: 2217.353469
Weights: 408.000000 7346.000000 2078.000000
Center Node: 1710

District 32
Nodes: 43 113 180 186 202 225 301 507 524 544 667 839 964 973 1094 1191 1226 1248 1260 1317 1442 1443 1448 1526 1580 1593 1611 1614 1651 1653 1656 1746 1768 1796 1819 1878 1901 1959 1993
Compactness: 2299.443563
Weights: 454.000000 8756.000000 2151.000000
Center Node: 1653

District 33
Nodes: 22 61 88 108 231 353 409 415 502 572 573 604 629 642 647 651 694 701 749 757 774 880 883 1017 1163 1207 1475 1511 1586 1601 1694 1723 1737 1803 1877 1918 1920 1970 1971 1986
Compactness: 2135.254378
Weights: 469.000000 8309.000000 2235.000000
Center Node: 231

District 34
Nodes: 15 33 46 319 356 374 423 474 595 683 691 728 803 810 834 952 1048 1110 1122 1141 1148 1180 1194 1287 1307 1321 1327 1342 1349 1525 1570 1616 1654 1675 1698 1774 1840 1891 1927 1964 1987 1995
Compactness: 2461.491269
Weights: 486.000000 8331.000000 2331.000000
Center Node: 33

District 35
Nodes: 147 158 265 269 322 325 410 424 459 542 605 617 671 788 791 901 927 943 965 993 1113 1189 1192 1264 1292 1294 1324 1367 1543 1544 1560 1617 1643 1671 1752 1773 1846 1929 1933 1967 1990
Compactness: 2343.041024
Weights: 472.000000 8008.000000 2219.000000
Center Node: 322

District 36
Nodes: 21 38 127 155 243 255 360 385 455 470 475 492 547 596 643 646 778 909 963 1007 1035 1068 1082 1092 1182 1185 1234 1262 1278 1426 1465 1646 1659 1733 1757 1772 1841 1848 1876
Compactness: 2329.674245
Weights: 455.000000 8626.000000 2283.000000
Center Node: 909

District 37
Nodes: 4 62 93 142 184 206 304 333 394 468 570 655 662 721 975 985 1010 1022 1025 1049 1084 1126 1127 1242 1286 1316 1323 1359 1396 1460 1474 1496 1513 1529 1590 1631 1664 1695 1742 1852 1935
Compactness: 2009.156741
Weights: 536.000000 9668.000000 2388.000000
Center Node: 394

District 38
Nodes: 41 120 157 163 297 299 389 418 446 503 532 558 567 616 628 630 680 703 783 821 867 953 1105 1162 1225 1373 1401 1436 1477 1497 1527 1587 1622 1645 1716 1725 1826 1861 1875 1997
Compactness: 2555.860873
Weights: 488.000000 9309.000000 2281.000000
Center Node: 41

District 39
Nodes: 34 57 114 118 177 226 479 490 518 557 614 623 674 678 702 723 878 971 1160 1183 1215 1227 1284 1362 1383 1388 1450 1549 1578 1618 1676 1701 1755 1837 1881 1904 1934 1960 1980
Compactness: 1671.079493
Weights: 474.000000 8736.000000 2320.000000
Center Node: 678

District 40
Nodes: 31 76 85 94 156 175 230 253 264 287 289 425 437 489 508 510 527 562 608 650 669 730 830 832 849 873 875 1132 1137 1244 1489 1514 1563 1637 1666 1702 1712 1770 1775 1805 1829 1894 1948
Compactness: 2457.450631
Weights: 536.000000 7571.000000 2528.000000
Center Node: 1563

District 41
Nodes: 24 66 99 203 233 242 244 262 348 396 435 699 761 780 917 969 1076 1119 1143 1147 1149 1199 1289 1296 1360 1370 1397 1406 1427 1433 1517 1624 1766 1788 1828 1834 1898 1912 1914 1991
Compactness: 2067.621754
Weights: 465.000000 9163.000000 2391.000000
Center Node: 1119

District 42
Nodes: 35 49 72 137 176 210 220 271 352 358 519 568 664 682 713 738 779 812 1039 1053 1095 1136 1176 1184 1303 1309 1377 1456 1463 1639 1749 1816 1956
Compactness: 1545.703975
Weights: 397.000000 6622.000000 1934.000000
Center Node: 1956

District 43
Nodes: 135 136 223 275 303 312 327 341 431 445 469 609 625 657 719 787 825 851 864 919 920 994 1020 1144 1156 1168 1170 1190 1358 1416 1451 1535 1589 1690 1758 1781 1791 1810 1863 1879 1917
Compactness: 2564.836423
Weights: 502.000000 8519.000000 2511.000000
Center Node: 327

District 44
Nodes: 6 58 73 83 89 97 199 292 379 406 419 434 588 607 672 687 840 847 900 902 945 954 955 1101 1209 1285 1295 1319 1374 1523 1621 1670 1783 1790 1855 1911 1924 1953 1989
Compactness: 1945.528818
Weights: 441.000000 8369.000000 2179.000000
Center Node: 588

District 45
Nodes: 102 133 148 189 217 268 308 314 338 359 481 496 645 652 659 692 712 733 769 792 836 946 979 1142 1236 1340 1394 1455 1552 1557 1564 1565 1640 1784 1789 1843 1870 1919 1941 1955
Compactness: 2216.795104
Weights: 453.000000 8945.000000 2235.000000
Center Node: 1142

District 46
Nodes: 8 71 91 104 124 154 165 228 316 433 441 533 579 581 740 808 983 1158 1246 1247 1259 1297 1298 1314 1341 1351 1356 1357 1391 1441 1486 1536 1541 1598 1606 1628 1634 1748 1780 1813 1913 1936 1951 1968
Compactness: 2780.337347
Weights: 501.000000 9887.000000 2537.000000
Center Node: 1391

District 47
Nodes: 3 215 282 284 373 377 443 482 493 563 578 696 837 893 904 918 1012 1014 1140 1195 1218 1272 1337 1419 1438 1539 1591 1658 1693 1722 1743 1815 1862 1902 1925
Compactness: 1892.882710
Weights: 435.000000 7180.000000 2044.000000
Center Node: 493

District 48
Nodes: 115 191 363 417 442 463 553 587 599 626 634 637 644 737 777 855 882 899 905 959 998 1055 1103 1133 1155 1211 1214 1282 1336 1521 1566 1595 1648 1681 1713 1753 1761 1807 1833 1858 1895 1928
Compactness: 2274.638931
Weights: 544.000000 9071.000000 2576.000000
Center Node: 191

District 49
Nodes: 17 79 169 208 212 259 267 272 328 334 380 451 456 480 486 559 611 627 741 794 853 877 936 961 1004 1009 1124 1138 1175 1208 1364 1480 1505 1584 1592 1603 1674 1689 1759 1854 1965 1966 1977
Compactness: 2304.862531
Weights: 544.000000 9517.000000 2322.000000
Center Node: 1208

District 50
Nodes: 100 117 143 218 257 339 357 367 411 501 566 597 640 648 666 745 845 915 931 941 947 1013 1117 1173 1224 1326 1334 1345 1390 1408 1515 1555 1745 1763 1764 1778 1880 1882 1883
Compactness: 2306.798432
Weights: 490.000000 8792.000000 2140.000000
Center Node: 1390
