BalanceViolation 5684.240000
AffinityLoss 0.000000
Compactness 91495.251845

District 1
Nodes: 99 104 148 150 157 191 248 282 287 293 352 390 400 407 417 462 472 497 500 569 608 612 622 630 635 637 653 696 704 712 714 730 733 734 754 767 775 778 782 792 798 801 890 908 919 954 956 962 972 979 987 989
Compactness: 5598.356517
Weights: 635.000000 11469.000000 2949.000000
Center Node: 979

District 2
Nodes: 8 15 36 50 54 68 82 164 181 184 228 229 247 250 259 275 303 305 319 349 382 384 391 406 425 436 438 482 490 499 514 525 542 583 640 657 661 690 765 773 789 807 869 870 896 903 913 931 936 961 975 978 995
Compactness: 5639.899740
Weights: 619.000000 9859.000000 3219.000000
Center Node: 250

District 3
Nodes: 32 40 43 47 49 125 133 158 169 174 178 188 197 213 217 243 245 246 252 260 289 306 343 348 361 371 392 394 447 450 456 564 571 590 595 604 621 638 646 664 666 687 689 742 748 791 811 838 887 901 928 935
Compactness: 5367.673688
Weights: 604.000000 10615.000000 2949.000000
Center Node: 213

District 4
Nodes: 61 114 118 170 177 203 205 244 251 300 308 313 332 358 364 379 393 395 402 432 434 449 501 527 529 537 568 573 581 623 639 651 677 693 706 727 783 793 803 806 837 861 863 865 891 940 944 948 974 985
Compactness: 4504.494503
Weights: 604.000000 11656.000000 2811.000000
Center Node: 537

District 5
Nodes: 14 44 55 87 95 106 128 143 155 173 234 253 270 315 327 340 357 363 416 419 426 431 486 491 533 547 549 565 572 611 632 644 645 650 658 676 721 732 756 822 839 845 852 853 873 875 894 895 937 990
Compactness: 4539.394668
Weights: 600.000000 10608.000000 3069.000000
Center Node: 95

District 6
Nodes: 6 7 16 22 34 84 86 97 112 161 172 175 193 225 264 288 309 321 344 355 360 378 396 403 437 448 465 544 552 580 585 662 679 686 751 804 815 844 850 860 915 925 933 960 963 986 991
Compactness: 4165.078983
Weights: 528.000000 10837.000000 2682.000000
Center Node: 84

District 7
Nodes: 23 29 30 31 57 59 65 67 69 72 91 96 136 162 202 230 232 263 266 281 286 329 359 422 489 498 531 553 556 566 579 607 627 633 636 667 711 724 741 805 813 876 880 886 926 938 943 950 965
Compactness: 5297.756609
Weights: 592.000000 10699.000000 2860.000000
Center Node: 67

District 8
Nodes: 51 70 88 89 139 198 201 218 222 236 257 277 341 342 347 356 380 421 429 440 443 459 480 493 503 504 505 530 541 543 596 617 641 665 668 681 682 695 710 716 718 731 746 752 816 892 932 942 973 976 988
Compactness: 4301.559706
Weights: 642.000000 11367.000000 2711.000000
Center Node: 942

District 9
Nodes: 11 56 103 113 117 121 141 153 167 204 221 285 328 334 351 420 444 469 523 539 554 559 561 570 597 631 647 649 669 692 703 708 715 736 755 766 790 794 795 818 828 843 897 920 923 951 952 958 967 982 992
Compactness: 4384.154396
Weights: 592.000000 11110.000000 3125.000000
Center Node: 897

District 10
Nodes: 0 12 25 52 62 66 79 94 156 212 231 272 283 292 301 336 346 366 385 389 405 453 461 506 507 520 545 557 558 575 591 603 605 614 625 675 701 709 723 739 747 763 768 772 777 796 808 833 914 917 959 964 977
Compactness: 4210.155088
Weights: 646.000000 10183.000000 2899.000000
Center Node: 557

District 11
Nodes: 1 38 53 73 93 102 105 109 119 171 180 195 208 268 269 295 311 316 326 330 412 457 460 467 475 508 540 546 578 586 601 620 648 663 674 680 683 719 738 760 770 781 788 819 835 867 929 930 949 968 999
Compactness: 4391.633412
Weights: 596.000000 11396.000000 2620.000000
Center Node: 295

District 12
Nodes: 13 48 58 60 71 77 78 81 183 196 206 209 223 224 238 249 310 322 323 337 345 353 373 376 386 397 454 471 495 512 524 526 536 592 594 602 609 624 634 655 713 753 759 784 786 854 862 868 889 898 905 945
Compactness: 5147.131968
Weights: 613.000000 11078.000000 2834.000000
Center Node: 526

District 13
Nodes: 20 27 33 64 76 123 126 154 194 210 216 241 242 254 265 274 279 290 304 314 320 338 367 375 383 441 463 509 510 511 516 518 522 532 534 643 654 672 698 744 758 780 823 847 857 881 912 916 918 941 953 983 997
Compactness: 4830.250466
Weights: 660.000000 10928.000000 2960.000000
Center Node: 20

District 14
Nodes: 5 10 132 146 147 163 176 200 214 261 296 297 317 411 415 445 446 474 476 478 517 528 550 555 587 589 628 642 659 673 688 691 762 764 809 810 825 859 872 877 907 911 939 946 969 970 993
Compactness: 4318.507339
Weights: 559.000000 8684.000000 2759.000000
Center Node: 478

District 15
Nodes: 3 18 21 35 80 108 110 122 129 135 159 182 189 190 199 211 219 239 325 331 362 374 423 464 468 548 567 574 588 593 618 670 685 697 720 774 849 878 893 924
Compactness: 3704.829664
Weights: 504.000000 8643.000000 2377.000000
Center Node: 548

District 16
Nodes: 26 37 41 46 63 100 111 149 165 186 192 237 262 273 294 298 324 350 377 410 414 418 424 483 492 519 535 563 600 613 626 660 743 750 757 769 776 779 797 802 812 830 842 879 883 884 904 906 927 971 980 996
Compactness: 4702.991281
Weights: 576.000000 11031.000000 3070.000000
Center Node: 237

District 17
Nodes: 17 39 42 74 85 90 98 107 120 130 134 160 166 220 256 267 271 278 291 299 333 339 387 388 399 404 455 481 485 551 560 582 610 615 616 671 678 700 707 725 729 740 821 866 888 910 934 955 957 966
Compactness: 4024.009659
Weights: 625.000000 10327.000000 2939.000000
Center Node: 42

District 18
Nodes: 4 19 45 92 101 116 145 151 185 187 215 235 240 258 276 280 284 302 307 312 335 398 452 488 515 538 562 584 599 606 656 684 717 728 745 749 761 785 800 824 829 831 832 841 848 858 900 921 922 947 998
Compactness: 4106.219315
Weights: 679.000000 10654.000000 2856.000000
Center Node: 947

District 19
Nodes: 24 83 115 127 131 142 144 168 226 227 233 255 372 413 433 435 451 470 473 477 479 487 494 521 576 619 699 702 705 722 771 799 817 826 827 836 846 851 855 856 864 871 874 882 885 902 981 984 994
Compactness: 4789.943702
Weights: 561.000000 10654.000000 2918.000000
Center Node: 142

District 20
Nodes: 2 9 28 75 124 137 138 140 152 179 207 318 354 365 368 369 370 381 401 408 409 427 428 430 439 442 458 466 484 496 502 513 577 598 629 652 694 726 735 737 787 814 820 834 840 899 909
Compactness: 3471.211143
Weights: 570.000000 10306.000000 2607.000000
Center Node: 840
