BalanceViolation 16394.123000
AffinityLoss 1906.000000
Compactness 57522.303505

District 1
Nodes: 1 69 72 73 93 228 232 329 349 467 498 531 553 578 583 633 773 867 913 930 943
Compactness: 1125.796049
Weights: 246.000000 4029.000000 1090.000000
Center Node: 349

District 2
Nodes: 146 163 176 200 214 282 287 296 400 411 608 635 659 696 733 734 962 972
Compactness: 866.965106
Weights: 213.000000 3977.000000 973.000000
Center Node: 696

District 3
Nodes: 61 100 118 203 313 379 449 501 527 613 651 677 883 891 948 996
Compactness: 930.248582
Weights: 199.000000 4506.000000 920.000000
Center Node: 527

District 4
Nodes: 32 40 49 158 169 243 301 336 348 361 371 392 456 590 595 621 646 666 742 838 887
Compactness: 1049.516213
Weights: 226.000000 4774.000000 1139.000000
Center Node: 646

District 5
Nodes: 14 83 142 168 226 227 433 435 451 470 473 477 491 494 702 817 826 851 855 856 874 902 984
Compactness: 1401.058442
Weights: 289.000000 4675.000000 1509.000000
Center Node: 451

District 6
Nodes: 103 153 167 205 444 597 692 703 736 755 795 828 897 951 952 967 982
Compactness: 975.415468
Weights: 203.000000 3855.000000 1150.000000
Center Node: 755

District 7
Nodes: 35 65 122 135 159 189 199 211 219 239 468 567 574 588 618 670 685 720 774 849 886
Compactness: 1363.080470
Weights: 292.000000 4583.000000 1179.000000
Center Node: 588

District 8
Nodes: 6 7 16 172 396 465 552 585 587 679 751 804 825 915 925 933 939 946
Compactness: 827.077539
Weights: 248.000000 3533.000000 1035.000000
Center Node: 16

District 9
Nodes: 88 99 139 150 191 222 236 390 429 440 543 712 730 919 932 976 988
Compactness: 924.700502
Weights: 234.000000 3415.000000 842.000000
Center Node: 88

District 10
Nodes: 4 17 92 120 156 387 388 389 404 625 723 725 728 729 832 866 910 977
Compactness: 972.568989
Weights: 248.000000 4002.000000 1025.000000
Center Node: 388

District 11
Nodes: 37 41 46 111 165 186 192 198 262 350 459 492 596 600 682 710 750 757 812 892
Compactness: 981.884799
Weights: 203.000000 4285.000000 938.000000
Center Node: 600

District 12
Nodes: 8 117 121 259 305 382 384 420 438 469 514 525 542 647 661 766 869 870 896 978
Compactness: 1257.830761
Weights: 223.000000 3146.000000 1175.000000
Center Node: 869

District 13
Nodes: 28 38 75 119 180 207 368 369 401 409 430 442 466 484 496 546 586 601 620 652 834 840 929
Compactness: 1040.533002
Weights: 286.000000 4750.000000 1329.000000
Center Node: 401

District 14
Nodes: 77 78 183 223 224 310 322 323 345 526 602 634 713 753 754 767 784 862 905 945 987
Compactness: 1449.150711
Weights: 266.000000 4419.000000 1075.000000
Center Node: 862

District 15
Nodes: 29 57 91 145 240 266 398 566 584 599 606 627 684 749 800 829 858 880 950
Compactness: 807.877511
Weights: 255.000000 4727.000000 971.000000
Center Node: 800

District 16
Nodes: 43 108 129 174 246 252 260 331 374 394 447 450 564 604 689 697 748 791 901 924 928
Compactness: 1273.512674
Weights: 220.000000 4194.000000 1196.000000
Center Node: 174

District 17
Nodes: 20 76 123 194 210 254 274 314 320 509 510 516 518 532 534 643 654 672 758 918 941 997
Compactness: 1126.159101
Weights: 268.000000 4637.000000 1120.000000
Center Node: 534

District 18
Nodes: 98 107 196 220 267 278 291 363 481 485 495 551 560 610 615 616 671 678 854 934 957
Compactness: 1028.576908
Weights: 254.000000 4901.000000 1024.000000
Center Node: 671

District 19
Nodes: 25 80 110 212 292 325 385 423 461 464 558 575 605 614 675 739 768 777 796 893 914 917
Compactness: 936.921057
Weights: 278.000000 4202.000000 1404.000000
Center Node: 605

District 20
Nodes: 114 170 244 251 364 434 529 537 581 639 727 793 803 861 863 865 944 974 985
Compactness: 746.148014
Weights: 242.000000 3973.000000 1071.000000
Center Node: 537

District 21
Nodes: 44 95 128 143 173 253 315 327 426 431 533 632 645 721 799 822 839 852 853 873 875
Compactness: 1236.726227
Weights: 230.000000 4874.000000 1132.000000
Center Node: 95

District 22
Nodes: 15 23 68 82 164 184 229 275 303 436 640 690 789 931 936 975
Compactness: 1281.293372
Weights: 178.000000 3217.000000 1102.000000
Center Node: 164

District 23
Nodes: 104 148 407 417 569 637 653 704 714 775 778 792 798 890 954 956 979
Compactness: 1293.329306
Weights: 210.000000 3731.000000 890.000000
Center Node: 714

District 24
Nodes: 10 132 147 261 415 445 446 474 478 555 628 642 688 691 809 872 877 911
Compactness: 990.742385
Weights: 216.000000 3201.000000 1149.000000
Center Node: 628

District 25
Nodes: 27 33 124 126 131 137 140 241 242 255 265 279 381 408 427 439 511 513 577 699 735 787 820 823 857
Compactness: 1462.365649
Weights: 316.000000 5837.000000 1345.000000
Center Node: 33

District 26
Nodes: 51 115 201 342 347 380 421 480 530 541 576 668 681 718 746 752 771 864
Compactness: 952.123375
Weights: 223.000000 4941.000000 1190.000000
Center Node: 380

District 27
Nodes: 22 79 94 188 264 288 309 321 355 366 437 448 520 638 686 709 763 815 833 844 935 991
Compactness: 1552.297344
Weights: 238.000000 4206.000000 1339.000000
Center Node: 366

District 28
Nodes: 31 59 67 136 162 202 263 281 286 359 489 556 579 636 667 711 741 805 813 876 938
Compactness: 1784.837123
Weights: 253.000000 5739.000000 1246.000000
Center Node: 59

District 29
Nodes: 105 171 181 268 269 295 311 316 319 330 499 508 540 648 663 719 781 788 961 999
Compactness: 1197.717929
Weights: 231.000000 4274.000000 1003.000000
Center Node: 999

District 30
Nodes: 26 63 237 273 294 298 377 410 483 563 779 797 802 842 906 927 971 980
Compactness: 1026.506679
Weights: 204.000000 4118.000000 1192.000000
Center Node: 294

District 31
Nodes: 11 56 113 138 141 204 221 328 334 351 406 458 559 561 631 708 790 794 818 920 992
Compactness: 971.609809
Weights: 270.000000 4250.000000 1320.000000
Center Node: 561

District 32
Nodes: 24 70 89 144 149 216 233 290 304 338 375 441 463 493 641 698 705 780 827 836 846 885 916 983
Compactness: 1482.024757
Weights: 293.000000 4004.000000 1063.000000
Center Node: 698

District 33
Nodes: 18 19 45 96 116 151 187 190 276 283 312 335 362 488 538 607 717 824 841 848 900 921 922
Compactness: 1206.176033
Weights: 267.000000 3833.000000 1316.000000
Center Node: 488

District 34
Nodes: 324 332 383 395 414 418 424 568 623 626 693 706 743 769 776 783 847 879 884 904 912
Compactness: 1230.330200
Weights: 265.000000 4443.000000 1162.000000
Center Node: 693

District 35
Nodes: 218 257 277 341 356 443 504 505 519 535 617 660 665 695 716 731 816 830 942
Compactness: 793.438053
Weights: 216.000000 4138.000000 1031.000000
Center Node: 695

District 36
Nodes: 30 53 109 195 208 230 422 457 460 475 674 680 683 724 738 760 770 835 926 949 965
Compactness: 966.115683
Weights: 228.000000 4562.000000 1044.000000
Center Node: 109

District 37
Nodes: 64 177 300 308 358 367 393 402 432 522 523 573 669 715 744 806 837 881 940 953 958
Compactness: 1561.420237
Weights: 230.000000 4396.000000 1313.000000
Center Node: 940

District 38
Nodes: 2 152 154 179 285 318 354 365 370 428 502 539 554 570 598 629 649 694 726 814 843 923
Compactness: 1099.293928
Weights: 256.000000 4506.000000 1221.000000
Center Node: 2

District 39
Nodes: 13 48 60 127 249 372 376 413 479 487 521 524 592 619 655 722 871 882 898
Compactness: 1419.347519
Weights: 207.000000 4087.000000 1106.000000
Center Node: 521

District 40
Nodes: 5 157 248 293 317 352 500 589 612 782 801 810 908 969 970 993
Compactness: 792.675975
Weights: 174.000000 3605.000000 1020.000000
Center Node: 969

District 41
Nodes: 0 12 52 62 66 85 231 272 346 405 453 506 507 545 557 591 603 701 747 772 808 959 964
Compactness: 1205.604208
Weights: 295.000000 4483.000000 1171.000000
Center Node: 453

District 42
Nodes: 39 42 86 97 160 166 175 256 299 399 455 662 700 707 740 821 888 955 960 966
Compactness: 1013.465863
Weights: 207.000000 4269.000000 1136.000000
Center Node: 39

District 43
Nodes: 3 21 47 125 133 178 182 197 213 217 245 289 306 343 548 571 593 664 687 811 878
Compactness: 1255.014867
Weights: 273.000000 4238.000000 1240.000000
Center Node: 245

District 44
Nodes: 58 71 81 209 238 297 337 476 517 528 594 609 624 673 762 764 786 859 868 889 907
Compactness: 1233.773457
Weights: 251.000000 3988.000000 1324.000000
Center Node: 238

District 45
Nodes: 55 74 87 90 134 155 234 271 333 339 340 549 565 582 644 650 676 732 845 895 990
Compactness: 1152.469278
Weights: 291.000000 4468.000000 1472.000000
Center Node: 340

District 46
Nodes: 206 353 373 397 454 462 471 472 497 503 512 536 622 630 973 981 989 994
Compactness: 896.744997
Weights: 199.000000 3848.000000 977.000000
Center Node: 206

District 47
Nodes: 34 84 112 130 161 193 225 344 360 378 386 403 544 550 580 759 850 860 963 986
Compactness: 1871.855449
Weights: 236.000000 4674.000000 1138.000000
Center Node: 850

District 48
Nodes: 101 185 215 235 258 280 284 302 307 416 452 486 515 562 611 656 745 761 947 998
Compactness: 1131.334869
Weights: 272.000000 3866.000000 1237.000000
Center Node: 302

District 49
Nodes: 9 102 106 270 326 357 412 419 547 572 658 737 756 785 819 831 894 899 909 937 968
Compactness: 1659.545471
Weights: 224.000000 4452.000000 1234.000000
Center Node: 572

District 50
Nodes: 36 50 54 247 250 391 425 482 490 657 765 807 903 995
Compactness: 717.101563
Weights: 159.000000 3273.000000 936.000000
Center Node: 657
