BalanceViolation 18039.032000
AffinityLoss 1918.000000
Compactness 59856.913886

District 1
Nodes: 60 91 220 281 309 311 314 345 482 504 547 602 603 703 746 840 906 972 981 998
Compactness: 1193.074632
Weights: 241.000000 4497.000000 1370.000000
Center Node: 309

District 2
Nodes: 14 89 250 356 381 404 412 418 428 687 693 698 778 784 897 930 950 960 990
Compactness: 1033.594502
Weights: 242.000000 3962.000000 1075.000000
Center Node: 698

District 3
Nodes: 33 155 168 188 214 215 350 452 488 509 568 650 660 708 747 919
Compactness: 853.138651
Weights: 196.000000 3307.000000 748.000000
Center Node: 214

District 4
Nodes: 30 53 68 269 277 323 379 427 439 550 554 604 644 718 791 817 820 841
Compactness: 987.290657
Weights: 252.000000 3785.000000 1043.000000
Center Node: 791

District 5
Nodes: 136 152 169 198 209 213 298 425 430 458 472 542 559 615 624 827 878 911 917 920 967
Compactness: 989.110096
Weights: 221.000000 4501.000000 1278.000000
Center Node: 624

District 6
Nodes: 62 76 78 204 279 288 299 326 397 413 431 863 870 873 882 951
Compactness: 699.416194
Weights: 169.000000 2834.000000 1016.000000
Center Node: 78

District 7
Nodes: 12 26 34 92 127 177 185 282 334 361 376 460 529 672 788 795 845 856 887
Compactness: 1068.136256
Weights: 231.000000 4327.000000 1284.000000
Center Node: 12

District 8
Nodes: 15 64 122 160 321 325 335 351 416 489 517 557 571 579 633 655 765 809 839 889 912 934
Compactness: 1181.451491
Weights: 302.000000 4292.000000 1244.000000
Center Node: 351

District 9
Nodes: 1 6 111 121 150 195 227 234 235 247 338 354 402 406 407 480 654 760 771 779 815 980
Compactness: 1186.708812
Weights: 258.000000 4800.000000 1276.000000
Center Node: 338

District 10
Nodes: 2 20 21 54 83 112 125 141 211 272 307 474 535 539 560 574 590 609 666 755 927 965
Compactness: 1201.293879
Weights: 281.000000 4613.000000 1290.000000
Center Node: 965

District 11
Nodes: 17 96 108 116 316 319 339 434 514 595 607 618 682 786 797 810 821 864 874 902 947
Compactness: 1213.544848
Weights: 212.000000 4022.000000 1044.000000
Center Node: 874

District 12
Nodes: 52 75 130 278 295 305 359 360 422 468 510 532 564 583 608 721 774 780 802 844 872
Compactness: 965.626738
Weights: 269.000000 5262.000000 1180.000000
Center Node: 359

District 13
Nodes: 44 46 50 145 146 182 190 303 403 587 725 731 744 761 789 813 842 907
Compactness: 901.995934
Weights: 222.000000 4043.000000 1028.000000
Center Node: 789

District 14
Nodes: 10 80 189 259 370 456 464 588 715 799 854 921 974
Compactness: 477.101265
Weights: 169.000000 2159.000000 658.000000
Center Node: 189

District 15
Nodes: 9 31 153 264 267 505 567 631 659 719 783 834 877 918 956 982 996
Compactness: 3152.411933
Weights: 248.000000 3352.000000 920.000000
Center Node: 982

District 16
Nodes: 142 232 233 241 315 324 395 467 473 506 591 629 656 794 818 871 924 940 957
Compactness: 991.634934
Weights: 222.000000 3783.000000 1194.000000
Center Node: 924

District 17
Nodes: 73 94 162 163 170 331 336 382 383 487 492 546 549 626 717 793 829 848 869 989
Compactness: 1058.107842
Weights: 220.000000 3514.000000 1161.000000
Center Node: 492

District 18
Nodes: 11 32 56 82 95 97 115 128 144 221 306 310 330 446 501 639 711 751 836 849 905 964
Compactness: 1296.098017
Weights: 278.000000 3990.000000 1312.000000
Center Node: 330

District 19
Nodes: 70 124 296 366 374 400 426 469 562 581 662 700 709 713 729 742 763 770 831 835
Compactness: 809.747472
Weights: 230.000000 4231.000000 1292.000000
Center Node: 709

District 20
Nodes: 8 71 208 246 275 392 440 526 551 597 664 696 697 768 853 880 984 985
Compactness: 913.636891
Weights: 222.000000 3862.000000 1107.000000
Center Node: 246

District 21
Nodes: 16 114 129 137 187 231 262 457 483 531 573 606 613 614 704 772 914 975
Compactness: 677.800911
Weights: 219.000000 4403.000000 1082.000000
Center Node: 262

District 22
Nodes: 5 24 40 156 243 249 318 340 490 502 530 561 592 652 722 773 855 859 860 901 922 928
Compactness: 1318.900816
Weights: 273.000000 4545.000000 1392.000000
Center Node: 156

District 23
Nodes: 100 186 223 224 255 344 363 369 385 401 411 508 513 596 601 625 723 732 767 811 925 983
Compactness: 1796.037319
Weights: 249.000000 4279.000000 1299.000000
Center Node: 723

District 24
Nodes: 19 171 222 226 239 271 274 357 384 387 405 555 593 658 669 716 736 749 762 801 933 946 948
Compactness: 1128.031684
Weights: 281.000000 5094.000000 1329.000000
Center Node: 274

District 25
Nodes: 29 131 206 251 254 442 448 515 576 628 640 661 683 727 781 787 814 833 852 900
Compactness: 1300.346552
Weights: 240.000000 4195.000000 1143.000000
Center Node: 628

District 26
Nodes: 28 304 438 453 481 511 572 586 623 674 684 695 804 824 923 962 987
Compactness: 1182.186200
Weights: 198.000000 3334.000000 963.000000
Center Node: 684

District 27
Nodes: 27 45 59 164 167 172 181 210 236 252 347 348 495 499 516 685 686 756 759 808 858 937
Compactness: 1104.921620
Weights: 251.000000 4549.000000 1501.000000
Center Node: 27

District 28
Nodes: 148 161 183 184 192 225 257 270 435 455 466 575 577 610 730 737 769 796 862 899 903 939 942
Compactness: 1436.282928
Weights: 310.000000 4267.000000 1348.000000
Center Node: 192

District 29
Nodes: 4 18 55 84 134 147 280 352 437 449 498 600 668 690 733 828 881 884 894 904 963
Compactness: 1193.967133
Weights: 217.000000 4268.000000 1202.000000
Center Node: 828

District 30
Nodes: 35 105 178 237 266 286 287 343 355 451 454 544 643 653 741 825 843 910
Compactness: 993.461652
Weights: 237.000000 3615.000000 1264.000000
Center Node: 237

District 31
Nodes: 69 143 196 207 420 441 462 512 527 570 630 728 738 745 750 812 819 826 938 958
Compactness: 1431.615449
Weights: 270.000000 4458.000000 1282.000000
Center Node: 441

District 32
Nodes: 48 77 90 119 293 313 372 433 476 540 617 634 646 677 726 807 830 837 838 865 961 977 997
Compactness: 1521.729837
Weights: 253.000000 5659.000000 1353.000000
Center Node: 476

District 33
Nodes: 3 36 39 42 61 98 126 201 242 320 429 432 536 545 569 663 748 753 775 850 955
Compactness: 1042.277660
Weights: 288.000000 4796.000000 1437.000000
Center Node: 569

District 34
Nodes: 65 165 205 217 292 378 394 410 424 450 478 518 548 552 594 599 670 712 724 857 991
Compactness: 1233.999929
Weights: 227.000000 3989.000000 1025.000000
Center Node: 552

District 35
Nodes: 0 22 138 228 244 253 261 302 346 389 398 421 443 475 680 735 752 800 866 883
Compactness: 1630.084305
Weights: 244.000000 4249.000000 1369.000000
Center Node: 138

District 36
Nodes: 57 123 284 332 362 414 423 461 477 486 521 565 619 667 689 743 782 879 909 915 941 994
Compactness: 1233.354389
Weights: 264.000000 4528.000000 1341.000000
Center Node: 782

District 37
Nodes: 120 159 174 219 238 373 390 471 541 632 675 699 707 846 896 943 976 979 986
Compactness: 1789.315529
Weights: 240.000000 4225.000000 1060.000000
Center Node: 238

District 38
Nodes: 51 66 118 151 265 300 380 493 520 558 636 651 676 679 803 806 851 868 888 893 966 995
Compactness: 1387.614443
Weights: 291.000000 4731.000000 1329.000000
Center Node: 851

District 39
Nodes: 79 87 103 139 197 240 263 322 337 367 396 470 523 524 584 621 635 673 932 935 953 969 971
Compactness: 1032.680579
Weights: 316.000000 4111.000000 1390.000000
Center Node: 935

District 40
Nodes: 37 49 93 173 180 301 308 333 386 484 503 519 563 612 620 734 758 792 892 929 949 988
Compactness: 1030.605946
Weights: 259.000000 4735.000000 1392.000000
Center Node: 620

District 41
Nodes: 38 63 86 110 132 149 157 166 317 353 408 444 533 556 585 681 692 885 890
Compactness: 1733.183977
Weights: 253.000000 3568.000000 1165.000000
Center Node: 132

District 42
Nodes: 74 81 113 117 191 194 245 285 312 364 377 538 637 645 694 710 798 916 954 970
Compactness: 1396.326119
Weights: 250.000000 4614.000000 1306.000000
Center Node: 377

District 43
Nodes: 85 109 200 273 375 409 447 500 522 582 598 616 627 691 766 832 898 944 968
Compactness: 875.106173
Weights: 258.000000 4602.000000 1006.000000
Center Node: 627

District 44
Nodes: 23 41 101 104 216 291 327 329 415 611 642 648 701 706 739 754 790 847 945
Compactness: 979.149276
Weights: 216.000000 4262.000000 1114.000000
Center Node: 648

District 45
Nodes: 25 140 203 260 358 365 479 494 525 553 622 641 714 720 740 805 867 959 973 978
Compactness: 1019.229769
Weights: 248.000000 4318.000000 1228.000000
Center Node: 973

District 46
Nodes: 13 47 67 154 199 283 328 342 368 399 419 463 589 649 657 665 671 678 757 822 876
Compactness: 959.080549
Weights: 242.000000 4880.000000 1306.000000
Center Node: 328

District 47
Nodes: 7 43 58 99 102 175 229 276 294 297 349 371 436 537 566 688 705 816 908 999
Compactness: 2409.512999
Weights: 235.000000 4427.000000 1192.000000
Center Node: 688

District 48
Nodes: 107 176 193 218 230 388 445 491 496 543 638 776 777 823 875 886 931 936 952 992 993
Compactness: 1022.468639
Weights: 216.000000 4873.000000 1160.000000
Center Node: 823

District 49
Nodes: 88 135 158 179 202 248 289 341 393 459 465 497 528 534 578 647 764 891
Compactness: 899.590969
Weights: 237.000000 4294.000000 898.000000
Center Node: 158

District 50
Nodes: 72 106 133 212 256 258 268 290 391 417 485 507 580 605 702 785 861 895 913 926
Compactness: 924.929491
Weights: 239.000000 4039.000000 1288.000000
Center Node: 133
