BalanceViolation 12690.432000
AffinityLoss 959.000000
Compactness 26669.250613

District 1
Nodes: 18 107 110 214 266 327 344 351 425 496
Compactness: 509.681353
Weights: 131.000000 2562.000000 554.000000
Center Node: 266

District 2
Nodes: 19 65 114 177 306 428
Compactness: 299.184832
Weights: 63.000000 1249.000000 323.000000
Center Node: 428

District 3
Nodes: 4 50 57 146 296 330 337 358 362 372 465 495
Compactness: 675.338766
Weights: 134.000000 1844.000000 809.000000
Center Node: 362

District 4
Nodes: 131 151 172 202 225 364 405 421 499
Compactness: 610.852277
Weights: 123.000000 2000.000000 514.000000
Center Node: 172

District 5
Nodes: 40 41 153 208 223 283 423 459
Compactness: 313.360951
Weights: 86.000000 1998.000000 436.000000
Center Node: 41

District 6
Nodes: 9 31 47 52 204 207 261 379 440 463
Compactness: 660.476289
Weights: 103.000000 1386.000000 608.000000
Center Node: 47

District 7
Nodes: 20 33 44 165 193 209 236 288 314 334 352 361 424
Compactness: 865.185596
Weights: 156.000000 1994.000000 815.000000
Center Node: 209

District 8
Nodes: 161 185 211 233 243 317 391 455 474
Compactness: 455.055490
Weights: 120.000000 943.000000 496.000000
Center Node: 474

District 9
Nodes: 0 12 25 60 80 109 173 224 228 254
Compactness: 506.592864
Weights: 133.000000 1848.000000 564.000000
Center Node: 109

District 10
Nodes: 24 29 49 56 111 120 269 319 387 412
Compactness: 488.622949
Weights: 123.000000 2241.000000 598.000000
Center Node: 56

District 11
Nodes: 58 140 281 287 299 393 431 441
Compactness: 389.088407
Weights: 87.000000 1690.000000 525.000000
Center Node: 58

District 12
Nodes: 69 130 132 149 329 345 355 413 427 434
Compactness: 441.235579
Weights: 96.000000 2128.000000 692.000000
Center Node: 149

District 13
Nodes: 79 100 123 129 162 175 182 290 293 374 498
Compactness: 611.851042
Weights: 125.000000 2106.000000 531.000000
Center Node: 162

District 14
Nodes: 174 263 273 274 295 303 307 375 401 435
Compactness: 563.325251
Weights: 108.000000 2489.000000 501.000000
Center Node: 303

District 15
Nodes: 2 14 46 53 85 178 189 377 381 383 408
Compactness: 384.503832
Weights: 140.000000 2191.000000 459.000000
Center Node: 2

District 16
Nodes: 45 83 87 119 138 144 184 353 432 494
Compactness: 387.271268
Weights: 95.000000 2675.000000 626.000000
Center Node: 83

District 17
Nodes: 7 89 141 226 258 301 321 338 354 446 450
Compactness: 497.575932
Weights: 108.000000 2327.000000 523.000000
Center Node: 446

District 18
Nodes: 122 135 187 194 203 215 311 360 467 479
Compactness: 497.751715
Weights: 118.000000 2288.000000 696.000000
Center Node: 135

District 19
Nodes: 26 116 126 179 231 246 285 396 462 473
Compactness: 483.638683
Weights: 111.000000 2123.000000 637.000000
Center Node: 179

District 20
Nodes: 10 70 96 115 168 188 265 271 276 397
Compactness: 439.936326
Weights: 143.000000 2516.000000 560.000000
Center Node: 188

District 21
Nodes: 147 148 196 205 222 227 320 368 453
Compactness: 413.343056
Weights: 129.000000 1984.000000 451.000000
Center Node: 320

District 22
Nodes: 92 163 199 312 336 339 342 365 411 444
Compactness: 375.065022
Weights: 128.000000 2639.000000 562.000000
Center Node: 336

District 23
Nodes: 28 212 218 221 270 289 302 433 452 497
Compactness: 581.729197
Weights: 113.000000 2402.000000 516.000000
Center Node: 28

District 24
Nodes: 51 67 68 76 150 158 235 297 385 458 470
Compactness: 689.892108
Weights: 151.000000 1893.000000 738.000000
Center Node: 68

District 25
Nodes: 113 230 304 322 340 356 369 407 460 481
Compactness: 657.911765
Weights: 121.000000 2197.000000 504.000000
Center Node: 460

District 26
Nodes: 71 95 103 282 373 389 390 394 476 488
Compactness: 349.657866
Weights: 119.000000 1973.000000 475.000000
Center Node: 373

District 27
Nodes: 13 36 66 72 183 256 309 348 378 439 461
Compactness: 538.312533
Weights: 145.000000 2229.000000 830.000000
Center Node: 378

District 28
Nodes: 59 127 133 143 152 159 220 244 245 442
Compactness: 469.890769
Weights: 118.000000 2143.000000 607.000000
Center Node: 133

District 29
Nodes: 6 8 22 108 169 186 195 198 341 430 493
Compactness: 767.189903
Weights: 155.000000 2318.000000 560.000000
Center Node: 493

District 30
Nodes: 55 64 124 125 145 200 346 388 426 438 472 484
Compactness: 637.827352
Weights: 164.000000 2410.000000 573.000000
Center Node: 472

District 31
Nodes: 27 78 84 91 101 142 176 229 300 316 457 492
Compactness: 801.075205
Weights: 157.000000 2129.000000 724.000000
Center Node: 78

District 32
Nodes: 21 32 75 104 137 272 284 359 392 402 406 447 487
Compactness: 511.589880
Weights: 161.000000 1982.000000 752.000000
Center Node: 284

District 33
Nodes: 54 62 77 93 191 213 332 415 418
Compactness: 571.554210
Weights: 122.000000 1391.000000 682.000000
Center Node: 62

District 34
Nodes: 5 190 268 291 313 350 367 371 380 478 480
Compactness: 533.948928
Weights: 124.000000 2108.000000 647.000000
Center Node: 5

District 35
Nodes: 17 63 81 139 217 286 325 448 482 491
Compactness: 544.068206
Weights: 113.000000 2784.000000 605.000000
Center Node: 325

District 36
Nodes: 39 136 234 257 278 292 326 366 395
Compactness: 311.178284
Weights: 131.000000 2138.000000 470.000000
Center Node: 326

District 37
Nodes: 42 99 128 164 201 242 247 251 255 335 343 409
Compactness: 654.591319
Weights: 128.000000 2268.000000 808.000000
Center Node: 42

District 38
Nodes: 98 157 206 259 323 324 347 357 422
Compactness: 592.030309
Weights: 109.000000 2245.000000 389.000000
Center Node: 347

District 39
Nodes: 3 11 34 166 180 267 298
Compactness: 261.676782
Weights: 86.000000 1727.000000 405.000000
Center Node: 267

District 40
Nodes: 82 155 192 210 237 277 363 429 483 485
Compactness: 554.318730
Weights: 146.000000 2695.000000 490.000000
Center Node: 485

District 41
Nodes: 73 102 112 170 197 240 241 249 416 417 490
Compactness: 1038.312008
Weights: 120.000000 2043.000000 739.000000
Center Node: 102

District 42
Nodes: 74 134 181 279 318 349 398 437 454 486
Compactness: 603.475286
Weights: 143.000000 2582.000000 575.000000
Center Node: 134

District 43
Nodes: 16 43 90 97 117 239 252 386 404 419
Compactness: 623.272026
Weights: 124.000000 2050.000000 669.000000
Center Node: 239

District 44
Nodes: 121 262 264 280 384 443 456 464 477 489
Compactness: 421.297470
Weights: 152.000000 2245.000000 742.000000
Center Node: 456

District 45
Nodes: 37 94 171 294 382 466 468 475
Compactness: 365.284386
Weights: 95.000000 2114.000000 465.000000
Center Node: 171

District 46
Nodes: 35 88 105 118 238 248 331 449 471
Compactness: 489.465919
Weights: 119.000000 1934.000000 564.000000
Center Node: 248

District 47
Nodes: 1 106 154 216 250 253 305 376 445
Compactness: 424.364239
Weights: 82.000000 1883.000000 505.000000
Center Node: 106

District 48
Nodes: 23 86 156 167 219 310 333 403 410 420
Compactness: 993.639944
Weights: 117.000000 2014.000000 612.000000
Center Node: 219

District 49
Nodes: 15 38 61 260 275 315 328 399 414 436
Compactness: 448.484340
Weights: 133.000000 2367.000000 816.000000
Center Node: 328

District 50
Nodes: 30 48 160 232 308 370 400 451 469
Compactness: 364.274165
Weights: 124.000000 2233.000000 572.000000
Center Node: 400
