BalanceViolation 5709.255000
AffinityLoss 822.000000
Compactness 53040.456338

District 1
Nodes: 3 11 30 34 98 113 120 230 232 267 270 289 298 302 322 323 324 340 356 357 387 407 451 481
Compactness: 2432.333215
Weights: 282.000000 5971.000000 1265.000000
Center Node: 356

District 2
Nodes: 4 5 50 53 57 146 190 271 291 296 313 330 337 350 358 362 367 371 372 381 383 408 465 478 480 495
Compactness: 2268.470145
Weights: 303.000000 4878.000000 1642.000000
Center Node: 57

District 3
Nodes: 19 26 65 73 102 112 114 116 126 170 177 197 231 240 241 246 249 306 416 428 473
Compactness: 2372.579446
Weights: 215.000000 4259.000000 1293.000000
Center Node: 241

District 4
Nodes: 9 23 31 38 47 52 54 61 77 81 86 156 167 204 207 213 219 260 261 275 310 315 328 379 399 403 436 440 463
Compactness: 2952.798760
Weights: 341.000000 5156.000000 1940.000000
Center Node: 31

District 5
Nodes: 0 16 25 43 51 80 83 84 91 97 101 117 119 173 176 224 229 235 239 252 300 353 404 432 457 492 494
Compactness: 2288.729487
Weights: 326.000000 5512.000000 1715.000000
Center Node: 117

District 6
Nodes: 39 131 136 147 148 151 172 196 202 205 222 225 227 234 278 292 320 326 364 366 368 395 405 421 449 499
Compactness: 2076.397113
Weights: 370.000000 5758.000000 1397.000000
Center Node: 292

District 7
Nodes: 6 8 13 40 41 132 153 195 198 223 282 309 341 348 373 378 389 394 423 430 439 459 461 476 486 488
Compactness: 2533.870850
Weights: 319.000000 5100.000000 1553.000000
Center Node: 198

District 8
Nodes: 2 32 37 46 58 75 85 94 140 171 281 287 294 299 333 377 382 392 393 410 431 441 447 466 468 475 487
Compactness: 5875.234462
Weights: 317.000000 5549.000000 1531.000000
Center Node: 393

District 9
Nodes: 72 74 79 100 129 134 162 175 181 182 208 279 283 290 293 318 349 374 398 417 437 454 490 498
Compactness: 5871.837741
Weights: 314.000000 5820.000000 1326.000000
Center Node: 283

District 10
Nodes: 7 18 89 92 141 163 199 226 258 301 304 321 336 338 351 354 365 369 411 444 446 450 460
Compactness: 2130.710209
Weights: 259.000000 5434.000000 1145.000000
Center Node: 89

District 11
Nodes: 14 42 99 103 128 130 149 164 178 189 191 201 242 247 251 255 268 329 335 343 355 390 409 415 427 434
Compactness: 2032.192071
Weights: 277.000000 5215.000000 1609.000000
Center Node: 343

District 12
Nodes: 17 48 63 107 110 137 139 160 214 266 308 325 327 344 359 370 400 406 414 425 448 469 482 491 496
Compactness: 1826.313249
Weights: 317.000000 6281.000000 1555.000000
Center Node: 214

District 13
Nodes: 20 22 33 36 66 165 169 179 183 186 209 256 280 285 288 314 334 352 361 396 424 462 477 493
Compactness: 2268.505472
Weights: 306.000000 4716.000000 1462.000000
Center Node: 424

District 14
Nodes: 28 154 157 161 185 206 211 212 216 221 233 243 257 259 317 347 391 422 433 452 453 455 474 497
Compactness: 2899.458321
Weights: 309.000000 4688.000000 1293.000000
Center Node: 317

District 15
Nodes: 24 29 49 56 67 76 82 111 127 155 158 192 210 237 244 269 277 297 319 363 412 429 483 485
Compactness: 2055.351128
Weights: 312.000000 5631.000000 1426.000000
Center Node: 485

District 16
Nodes: 59 62 71 93 95 133 143 152 159 166 174 180 220 245 263 273 274 295 303 307 332 375 401 418 435 442
Compactness: 2333.718565
Weights: 304.000000 5591.000000 1421.000000
Center Node: 435

District 17
Nodes: 1 27 35 45 78 87 88 105 106 118 138 142 144 184 218 238 248 250 253 305 316 331 376 445 471
Compactness: 1800.489589
Weights: 250.000000 5292.000000 1477.000000
Center Node: 248

District 18
Nodes: 10 44 69 70 96 108 115 121 168 188 193 236 262 264 265 276 345 380 384 397 413 443 456 464 489
Compactness: 2128.444640
Weights: 348.000000 5447.000000 1612.000000
Center Node: 121

District 19
Nodes: 15 21 104 122 135 187 194 203 215 217 272 284 286 311 312 339 342 360 402 420 467 479
Compactness: 2493.194732
Weights: 294.000000 4642.000000 1425.000000
Center Node: 194

District 20
Nodes: 12 55 60 64 68 90 109 123 124 125 145 150 200 228 254 346 385 386 388 419 426 438 458 470 472 484
Compactness: 2399.827142
Weights: 369.000000 4778.000000 1427.000000
Center Node: 228
