BalanceViolation 21966.356000
AffinityLoss 930.000000
Compactness 24772.103690

District 1
Nodes: 31 124 153 164 248 281 444 485
Compactness: 306.150737
Weights: 83.000000 2098.000000 352.000000
Center Node: 153

District 2
Nodes: 95 111 113 234 252 265 292 335 342 413 478
Compactness: 298.506479
Weights: 144.000000 2080.000000 678.000000
Center Node: 95

District 3
Nodes: 25 47 78 90 259 270 338 368 425 464 471
Compactness: 553.994485
Weights: 119.000000 2386.000000 607.000000
Center Node: 47

District 4
Nodes: 15 19 38 155 258 279 392 418 429 458
Compactness: 465.603894
Weights: 145.000000 1907.000000 622.000000
Center Node: 15

District 5
Nodes: 24 28 61 80 174 192 220 230 337 357 417 421
Compactness: 523.767704
Weights: 149.000000 3101.000000 667.000000
Center Node: 417

District 6
Nodes: 54 112 121 166 189 229 238 275 288 305 316 403 449
Compactness: 822.086135
Weights: 146.000000 2668.000000 822.000000
Center Node: 316

District 7
Nodes: 79 107 159 193 197 311 349 482
Compactness: 276.184390
Weights: 86.000000 1393.000000 449.000000
Center Node: 159

District 8
Nodes: 105 130 319 329 340 379 381
Compactness: 261.810488
Weights: 75.000000 1231.000000 336.000000
Center Node: 319

District 9
Nodes: 52 125 126 127 169 239 246 326 448
Compactness: 396.805292
Weights: 98.000000 1572.000000 619.000000
Center Node: 52

District 10
Nodes: 26 64 83 108 156 222 232 256 352 356 374 402 493
Compactness: 849.057715
Weights: 157.000000 2791.000000 766.000000
Center Node: 356

District 11
Nodes: 63 104 168 176 251 254 273 327 396 416 460 481
Compactness: 737.779293
Weights: 120.000000 2165.000000 804.000000
Center Node: 416

District 12
Nodes: 39 58 62 242 244 245 296 298 343 397 398 467 476
Compactness: 667.056020
Weights: 165.000000 2537.000000 710.000000
Center Node: 398

District 13
Nodes: 55 122 141 160 186 233 243 280 420 439
Compactness: 439.060951
Weights: 119.000000 2266.000000 555.000000
Center Node: 280

District 14
Nodes: 16 97 163 227 322 325 344
Compactness: 285.298725
Weights: 58.000000 1330.000000 418.000000
Center Node: 344

District 15
Nodes: 21 84 88 99 115 150 167 183 260 263 269 432
Compactness: 700.552963
Weights: 109.000000 2208.000000 602.000000
Center Node: 21

District 16
Nodes: 41 44 85 94 135 202 204 388 463
Compactness: 397.955141
Weights: 88.000000 2496.000000 465.000000
Center Node: 85

District 17
Nodes: 23 59 173 249 358 360 440 450 495
Compactness: 391.140569
Weights: 109.000000 1553.000000 514.000000
Center Node: 360

District 18
Nodes: 70 71 191 205 213 274 291 346 451 487
Compactness: 525.617397
Weights: 107.000000 2263.000000 527.000000
Center Node: 451

District 19
Nodes: 2 101 147 208 301 309 321 339 366 377 419 435 453
Compactness: 814.716507
Weights: 169.000000 2260.000000 890.000000
Center Node: 435

District 20
Nodes: 42 212 247 318 320 333 405 412 469
Compactness: 420.598140
Weights: 102.000000 1700.000000 496.000000
Center Node: 469

District 21
Nodes: 92 96 175 178 200 206 207 241 266 289 294 302 328 375
Compactness: 835.881754
Weights: 146.000000 2673.000000 930.000000
Center Node: 200

District 22
Nodes: 40 67 81 184 209 223 276 278 314 372 452
Compactness: 638.871804
Weights: 102.000000 2288.000000 610.000000
Center Node: 67

District 23
Nodes: 49 57 73 98 145 218 390 406 408 410
Compactness: 558.998010
Weights: 129.000000 1599.000000 576.000000
Center Node: 218

District 24
Nodes: 12 118 143 146 224 341 353 376 442 456
Compactness: 474.026901
Weights: 107.000000 2047.000000 577.000000
Center Node: 224

District 25
Nodes: 14 34 140 157 235 299 300 363 422 441 472
Compactness: 454.157562
Weights: 145.000000 2098.000000 600.000000
Center Node: 14

District 26
Nodes: 33 82 152 172 211 414
Compactness: 199.516374
Weights: 79.000000 802.000000 225.000000
Center Node: 211

District 27
Nodes: 89 100 171 201 304 307 317 389 423 433 461
Compactness: 651.346219
Weights: 128.000000 2057.000000 555.000000
Center Node: 461

District 28
Nodes: 29 50 68 91 93 103 128 203 297 330 369 382 393 399 470 483
Compactness: 895.113090
Weights: 182.000000 3757.000000 945.000000
Center Node: 297

District 29
Nodes: 74 131 214 253 261 355 378 383 430 499
Compactness: 503.343371
Weights: 111.000000 2215.000000 453.000000
Center Node: 378

District 30
Nodes: 5 20 120 216 308 391 401 427 462 489
Compactness: 468.061707
Weights: 99.000000 2296.000000 737.000000
Center Node: 20

District 31
Nodes: 53 65 119 151 154 161 177 313 334 384 407 474 492
Compactness: 728.851922
Weights: 155.000000 2137.000000 824.000000
Center Node: 177

District 32
Nodes: 75 228 236 347
Compactness: 142.916260
Weights: 38.000000 658.000000 200.000000
Center Node: 236

District 33
Nodes: 4 60 144 165 190 225 268 283 428 447
Compactness: 653.641945
Weights: 118.000000 1955.000000 522.000000
Center Node: 144

District 34
Nodes: 0 1 72 282 323 385 424 437 479 484 486 496
Compactness: 677.322470
Weights: 137.000000 2078.000000 614.000000
Center Node: 282

District 35
Nodes: 36 117 123 188 210 386 404 490
Compactness: 197.719803
Weights: 102.000000 1730.000000 520.000000
Center Node: 188

District 36
Nodes: 30 43 114 136 217 226 365 455 475
Compactness: 422.434541
Weights: 93.000000 2161.000000 333.000000
Center Node: 226

District 37
Nodes: 35 66 116 158 195 196 257 264 277 284 348 395 468
Compactness: 692.452957
Weights: 171.000000 2333.000000 707.000000
Center Node: 116

District 38
Nodes: 199 262 290 351 426 434 445 488
Compactness: 334.987117
Weights: 122.000000 1827.000000 410.000000
Center Node: 290

District 39
Nodes: 7 46 76 86 110 129 133 134 148 215 380 443 480
Compactness: 834.866155
Weights: 156.000000 1899.000000 700.000000
Center Node: 46

District 40
Nodes: 8 22 48 51 185 198 219 237 446
Compactness: 472.330960
Weights: 119.000000 2057.000000 459.000000
Center Node: 48

District 41
Nodes: 9 17 77 102 267 271 310 315 331 336 359 361 409 465 466
Compactness: 946.531738
Weights: 195.000000 2375.000000 939.000000
Center Node: 359

District 42
Nodes: 6 18 142 285 332 477 497
Compactness: 224.297975
Weights: 91.000000 1381.000000 395.000000
Center Node: 142

District 43
Nodes: 32 87 106 132 162 179 387 415
Compactness: 283.129523
Weights: 86.000000 1980.000000 495.000000
Center Node: 32

District 44
Nodes: 221 231 250 345 362 367
Compactness: 167.542743
Weights: 77.000000 1013.000000 309.000000
Center Node: 250

District 45
Nodes: 182 240 373 411 436 491 494
Compactness: 272.417002
Weights: 65.000000 1904.000000 462.000000
Center Node: 182

District 46
Nodes: 10 69 109 137 287 295 312 354 473
Compactness: 362.528038
Weights: 114.000000 1800.000000 563.000000
Center Node: 287

District 47
Nodes: 170 180 293 324 370 438
Compactness: 263.991540
Weights: 60.000000 1437.000000 354.000000
Center Node: 170

District 48
Nodes: 11 45 56 138 149 181 371 431 457 498
Compactness: 566.834050
Weights: 118.000000 1549.000000 601.000000
Center Node: 457

District 49
Nodes: 3 27 272 286 303 364 394 459
Compactness: 279.610859
Weights: 81.000000 2007.000000 426.000000
Center Node: 3

District 50
Nodes: 13 37 139 187 194 255 306 350 400 454
Compactness: 434.636278
Weights: 115.000000 2191.000000 551.000000
Center Node: 350
