BalanceViolation 20723.694000
AffinityLoss 1944.000000
Compactness 56641.472818

District 1
Nodes: 32 63 240 264 325 417 641 649 662 665 836 846 850 892 893 972
Compactness: 959.566047
Weights: 178.000000 2808.000000 1210.000000
Center Node: 641

District 2
Nodes: 44 96 99 154 305 306 357 410 427 498 501 505 631 639 870 890 915 920 993
Compactness: 1974.934222
Weights: 229.000000 4080.000000 1045.000000
Center Node: 890

District 3
Nodes: 28 103 115 116 128 143 183 217 277 311 547 629 632 826 921 926 960 997
Compactness: 1184.702725
Weights: 193.000000 3819.000000 1057.000000
Center Node: 28

District 4
Nodes: 81 151 190 196 263 265 363 365 392 456 466 604 772 786 825 906 943 970
Compactness: 853.097992
Weights: 207.000000 3373.000000 909.000000
Center Node: 466

District 5
Nodes: 35 89 123 140 141 149 192 214 261 335 339 406 418 504 517 656 667 735 742 779 857 889 895 967
Compactness: 1351.929778
Weights: 298.000000 4916.000000 1295.000000
Center Node: 149

District 6
Nodes: 31 55 67 79 112 119 176 218 407 435 448 622 695 707 711 778 874 887 947
Compactness: 1087.990577
Weights: 233.000000 3569.000000 969.000000
Center Node: 778

District 7
Nodes: 23 34 66 317 328 343 351 428 483 520 522 534 553 562 581 769 844 949 968 992
Compactness: 1098.333855
Weights: 268.000000 4504.000000 1076.000000
Center Node: 23

District 8
Nodes: 117 184 195 200 470 523 524 574 615 628 718 736 738 799 834 898 925 933 957 974
Compactness: 978.998196
Weights: 250.000000 4499.000000 1071.000000
Center Node: 184

District 9
Nodes: 25 310 323 349 369 382 452 463 477 557 594 599 626 653 689 744 810 917 962
Compactness: 1033.979463
Weights: 221.000000 4406.000000 1004.000000
Center Node: 477

District 10
Nodes: 7 41 57 69 333 347 403 404 425 432 439 597 607 645 672 706 780 802 806 866 916 975 983
Compactness: 1321.871532
Weights: 234.000000 4738.000000 1228.000000
Center Node: 432

District 11
Nodes: 77 164 258 286 312 451 453 482 492 539 663 729 734 746 761 773 803 845 897 944 948
Compactness: 1297.012755
Weights: 257.000000 4357.000000 1075.000000
Center Node: 258

District 12
Nodes: 2 42 46 109 243 250 287 300 309 346 377 516 564 750 833 854 871 934 950 959
Compactness: 1047.605269
Weights: 245.000000 4281.000000 1084.000000
Center Node: 564

District 13
Nodes: 24 88 120 225 290 433 434 462 464 472 502 526 529 592 596 762 763 837 894 966
Compactness: 1124.364661
Weights: 267.000000 4336.000000 1144.000000
Center Node: 526

District 14
Nodes: 13 21 168 247 336 387 398 437 468 506 572 610 637 660 720 728 794 832
Compactness: 1310.316203
Weights: 217.000000 3489.000000 988.000000
Center Node: 794

District 15
Nodes: 22 125 146 245 268 283 303 358 422 556 621 625 703 783 785 816 853 860 953 976
Compactness: 1364.461570
Weights: 223.000000 4360.000000 1181.000000
Center Node: 976

District 16
Nodes: 29 39 100 130 152 163 175 186 256 373 401 440 459 460 514 548 634 688 770 901 922 930
Compactness: 1164.992060
Weights: 311.000000 4014.000000 1213.000000
Center Node: 459

District 17
Nodes: 5 27 54 76 108 203 259 273 275 299 475 495 540 657 717 819 918 928
Compactness: 1158.046047
Weights: 219.000000 2624.000000 1142.000000
Center Node: 108

District 18
Nodes: 19 50 74 82 136 165 181 201 204 210 236 322 394 450 457 512 515 537 623 715 790 830
Compactness: 1129.192820
Weights: 287.000000 4446.000000 1228.000000
Center Node: 236

District 19
Nodes: 47 129 148 238 242 278 376 511 519 536 542 567 605 690 692 759 798 875 903 938
Compactness: 1070.787184
Weights: 249.000000 4576.000000 1159.000000
Center Node: 692

District 20
Nodes: 11 14 104 127 182 276 350 419 429 545 600 650 658 670 679 721 840 913 927 931 971
Compactness: 1323.145046
Weights: 295.000000 4521.000000 1361.000000
Center Node: 545

District 21
Nodes: 6 53 97 107 121 138 198 253 271 473 494 496 614 636 680 709 868 877 884 965 996
Compactness: 1087.198282
Weights: 241.000000 4163.000000 1307.000000
Center Node: 107

District 22
Nodes: 20 233 270 281 383 393 413 455 508 549 559 571 587 590 591 611 700 749 809 896 969 985
Compactness: 1017.642423
Weights: 248.000000 4670.000000 1512.000000
Center Node: 587

District 23
Nodes: 95 122 294 355 396 423 467 476 513 580 589 699 781 815 863 865 994
Compactness: 903.740818
Weights: 204.000000 4220.000000 834.000000
Center Node: 396

District 24
Nodes: 10 87 147 153 211 415 469 474 487 507 533 627 640 664 685 710 747 774 820 847 858 885
Compactness: 1552.981001
Weights: 231.000000 5810.000000 1251.000000
Center Node: 627

District 25
Nodes: 16 49 94 260 280 330 340 354 405 443 484 551 579 675 697 727 745 766 914 923 954
Compactness: 1245.099154
Weights: 279.000000 3495.000000 1149.000000
Center Node: 354

District 26
Nodes: 1 73 111 157 193 212 224 302 359 361 391 402 408 479 499 558 584 620 654 659 788 829 841
Compactness: 1352.269314
Weights: 301.000000 4291.000000 1319.000000
Center Node: 361

District 27
Nodes: 52 68 75 216 267 318 490 493 585 651 671 696 804 824
Compactness: 656.903962
Weights: 148.000000 3661.000000 920.000000
Center Node: 68

District 28
Nodes: 38 70 178 228 234 292 438 509 530 570 633 732 757 851 883 924 929 980 987
Compactness: 1122.784701
Weights: 268.000000 4545.000000 943.000000
Center Node: 883

District 29
Nodes: 59 60 86 110 266 362 367 372 374 378 385 411 441 683 713 714 817 864 899 902 937 984
Compactness: 1524.633242
Weights: 313.000000 4705.000000 1118.000000
Center Node: 817

District 30
Nodes: 161 171 205 252 293 338 601 647 677 725 814 823 989
Compactness: 706.093742
Weights: 147.000000 2809.000000 807.000000
Center Node: 161

District 31
Nodes: 0 98 137 230 244 254 288 298 314 334 397 399 550 609 630 644 726 740 793 812 822 827 910
Compactness: 1053.674234
Weights: 293.000000 4368.000000 1199.000000
Center Node: 726

District 32
Nodes: 18 90 101 106 172 189 249 297 301 316 324 388 481 497 518 617 719 758 848 919
Compactness: 939.367587
Weights: 255.000000 4204.000000 1059.000000
Center Node: 617

District 33
Nodes: 48 61 133 145 255 447 458 486 538 560 603 652 661 684 698 731 743 787 862 936 990
Compactness: 1429.900797
Weights: 260.000000 4453.000000 906.000000
Center Node: 560

District 34
Nodes: 102 308 341 352 532 565 568 583 612 618 716 765 777 784 821 839 872 951 958 979 986 999
Compactness: 1126.595790
Weights: 246.000000 5413.000000 1285.000000
Center Node: 352

District 35
Nodes: 3 62 92 131 206 208 227 237 246 274 285 344 370 371 446 586 751 752 932 977
Compactness: 1030.529453
Weights: 250.000000 4521.000000 1005.000000
Center Node: 227

District 36
Nodes: 71 83 84 91 105 185 187 229 329 360 368 375 379 386 491 575 655 801 835 843 900 907 945
Compactness: 1266.266400
Weights: 278.000000 4659.000000 1410.000000
Center Node: 801

District 37
Nodes: 4 45 134 135 194 326 416 442 569 613 682 805 811 852 873 891 912 942 991
Compactness: 1359.026365
Weights: 219.000000 4653.000000 1108.000000
Center Node: 805

District 38
Nodes: 118 150 170 180 188 307 320 395 421 449 552 646 704 722 771 797 905 935 961
Compactness: 835.195521
Weights: 226.000000 3479.000000 1154.000000
Center Node: 395

District 39
Nodes: 15 78 93 179 221 319 321 414 485 510 531 541 544 576 616 796 856 904 941 973
Compactness: 801.961403
Weights: 243.000000 4292.000000 878.000000
Center Node: 544

District 40
Nodes: 9 17 64 167 215 488 525 554 577 756 792 838 879 881 911 956 982 998
Compactness: 1479.091361
Weights: 196.000000 3606.000000 1089.000000
Center Node: 64

District 41
Nodes: 26 33 80 114 126 173 226 235 269 342 426 444 528 543 578 741 768 775 789 800 849 880 955
Compactness: 1260.065306
Weights: 286.000000 4035.000000 1320.000000
Center Node: 800

District 42
Nodes: 156 174 209 219 257 262 284 315 424 555 606 681 737 754 807
Compactness: 612.087239
Weights: 203.000000 3674.000000 898.000000
Center Node: 606

District 43
Nodes: 30 40 160 166 220 248 251 337 461 478 573 602 782 795 867 878
Compactness: 520.512267
Weights: 213.000000 3208.000000 807.000000
Center Node: 166

District 44
Nodes: 43 158 202 232 272 282 345 348 353 380 384 436 465 561 608 648 668 828 876 886 888 946
Compactness: 1254.194257
Weights: 229.000000 4900.000000 1166.000000
Center Node: 348

District 45
Nodes: 124 142 177 199 207 331 390 430 454 563 588 643 666 676 687 702 748 791 818 869 882 952 995
Compactness: 1379.256884
Weights: 294.000000 4545.000000 1176.000000
Center Node: 702

District 46
Nodes: 8 58 155 222 239 291 304 364 535 546 582 593 595 693 712 723 730 767 855 963
Compactness: 1333.553235
Weights: 234.000000 4232.000000 1315.000000
Center Node: 364

District 47
Nodes: 162 191 197 241 289 356 389 409 431 480 500 521 619 642 674 694 733 760 831 842
Compactness: 827.967255
Weights: 250.000000 4544.000000 1201.000000
Center Node: 733

District 48
Nodes: 72 139 159 169 213 223 231 327 420 445 624 678 708 753 755 764 776 808 909 964 978
Compactness: 1055.996069
Weights: 249.000000 3732.000000 1268.000000
Center Node: 231

District 49
Nodes: 12 37 51 56 113 132 144 296 313 332 412 471 503 669 691 705 724 739 859 939 981 988
Compactness: 952.406608
Weights: 278.000000 5433.000000 1191.000000
Center Node: 313

District 50
Nodes: 36 65 85 279 295 366 381 400 489 527 566 598 635 638 673 686 701 813 861 908 940
Compactness: 1119.150150
Weights: 235.000000 5088.000000 1187.000000
Center Node: 673
