BalanceViolation 7491.462500
AffinityLoss 897.000000
Compactness 46767.528810

District 1
Nodes: 16 25 51 52 82 87 100 108 122 130 132 153 187 225 255 259 281 282 287 359 400 402 428 454 457
Compactness: 2310.611596
Weights: 309.000000 5356.000000 1261.000000
Center Node: 16

District 2
Nodes: 11 18 80 86 103 145 154 160 172 186 199 215 218 224 240 258 312 319 324 370 373 395 410 436 487
Compactness: 3675.154983
Weights: 288.000000 5309.000000 1465.000000
Center Node: 218

District 3
Nodes: 5 9 10 58 102 136 138 171 175 190 213 221 253 275 294 309 328 340 345 366 394 403 411 441 489
Compactness: 2399.554945
Weights: 326.000000 4644.000000 1537.000000
Center Node: 366

District 4
Nodes: 0 6 26 42 59 124 129 165 189 271 315 321 330 371 379 419 444 463 484 485
Compactness: 1643.253405
Weights: 264.000000 3838.000000 1192.000000
Center Node: 6

District 5
Nodes: 30 47 70 83 85 101 143 168 169 196 219 238 247 256 260 279 308 313 352 412 418 423 456 472 474 479 482
Compactness: 2267.178449
Weights: 333.000000 4828.000000 1586.000000
Center Node: 85

District 6
Nodes: 105 158 167 184 185 191 197 207 229 230 231 272 273 304 305 353 386 405 426 429 450 451 455 481
Compactness: 2172.985571
Weights: 280.000000 5396.000000 1553.000000
Center Node: 305

District 7
Nodes: 44 61 72 91 92 120 157 178 183 194 201 222 232 270 306 314 341 388 430 458
Compactness: 1358.389237
Weights: 255.000000 3809.000000 1211.000000
Center Node: 458

District 8
Nodes: 17 46 95 104 128 131 180 242 262 267 274 299 303 344 354 358 375 392 495
Compactness: 1525.288388
Weights: 255.000000 4310.000000 1143.000000
Center Node: 392

District 9
Nodes: 40 69 75 76 77 88 114 149 155 156 195 220 265 276 297 311 331 339 343 367 369 390 417 427 466 488 491
Compactness: 2523.715033
Weights: 297.000000 5010.000000 1559.000000
Center Node: 390

District 10
Nodes: 3 15 55 121 134 137 177 181 188 200 202 206 208 217 226 257 288 292 298 347 363 424 445 494
Compactness: 2215.621583
Weights: 259.000000 5083.000000 1564.000000
Center Node: 208

District 11
Nodes: 4 31 32 35 37 48 60 66 74 107 112 139 141 152 170 182 198 212 268 316 329 332 334 360 377 416 433 443 446 460 464 467 471 477
Compactness: 3363.655490
Weights: 353.000000 5608.000000 1692.000000
Center Node: 66

District 12
Nodes: 1 53 106 133 150 205 214 280 283 302 337 351 383 387 393 404 407 421 425 431 435 449 459 476 486
Compactness: 2090.325547
Weights: 289.000000 4728.000000 1521.000000
Center Node: 431

District 13
Nodes: 7 34 38 43 45 63 93 116 118 159 203 209 228 248 269 293 295 335 376 378 389 399 420 452 483
Compactness: 2125.361567
Weights: 344.000000 5034.000000 1385.000000
Center Node: 63

District 14
Nodes: 14 21 41 50 54 73 79 89 113 146 147 161 162 163 239 252 254 285 289 317 349 380 439 492 496 497
Compactness: 2576.654078
Weights: 352.000000 5540.000000 1756.000000
Center Node: 41

District 15
Nodes: 13 22 36 98 99 109 125 166 174 179 204 233 235 241 243 244 284 286 290 346 365 382 391 406 408 422 437 448 462 480
Compactness: 3856.881525
Weights: 334.000000 7103.000000 1568.000000
Center Node: 448

District 16
Nodes: 28 39 84 97 111 119 126 144 148 223 227 277 300 326 338 348 374 381 384 397 409 470 493 498
Compactness: 2168.764706
Weights: 293.000000 5125.000000 1376.000000
Center Node: 348

District 17
Nodes: 19 24 27 49 56 90 94 117 151 236 237 249 264 291 320 322 325 364 414 434 442 461 468 469 475
Compactness: 2837.308153
Weights: 312.000000 5370.000000 1260.000000
Center Node: 237

District 18
Nodes: 8 12 23 29 62 65 110 140 173 216 250 261 266 278 296 318 323 350 356 361 368 396 401 447
Compactness: 1814.660464
Weights: 311.000000 5347.000000 1235.000000
Center Node: 350

District 19
Nodes: 2 20 67 71 78 115 127 135 164 176 234 251 263 301 310 327 336 362 372 385 413 415 440 453 473
Compactness: 1783.455808
Weights: 300.000000 4651.000000 1471.000000
Center Node: 20

District 20
Nodes: 33 57 64 68 81 96 123 142 192 193 210 211 245 246 307 333 342 355 357 398 432 438 465 478 490 499
Compactness: 2058.708282
Weights: 319.000000 5492.000000 1632.000000
Center Node: 81
