BalanceViolation 9721.395000
AffinityLoss 942.000000
Compactness 27694.300677

District 1
Nodes: 3 120 130 132 204 257 287 427
Compactness: 414.027208
Weights: 116.000000 2031.000000 452.000000
Center Node: 130

District 2
Nodes: 41 62 101 150 188 289 319 338 349 369
Compactness: 501.874621
Weights: 132.000000 2149.000000 604.000000
Center Node: 101

District 3
Nodes: 79 114 146 213 285 366 428 465 485
Compactness: 709.790268
Weights: 110.000000 2087.000000 618.000000
Center Node: 146

District 4
Nodes: 177 220 235 260 280 305 308 317 345 372
Compactness: 489.412238
Weights: 121.000000 2060.000000 584.000000
Center Node: 317

District 5
Nodes: 2 15 103 119 186 300 474 498
Compactness: 253.339998
Weights: 106.000000 2038.000000 352.000000
Center Node: 186

District 6
Nodes: 53 57 153 214 230 249 306 383 392 399
Compactness: 305.945455
Weights: 108.000000 2135.000000 485.000000
Center Node: 57

District 7
Nodes: 29 86 151 162 163 165 354 377 421 449 478
Compactness: 675.208191
Weights: 140.000000 1955.000000 637.000000
Center Node: 421

District 8
Nodes: 7 31 39 96 110 247 344 415 434 494
Compactness: 431.759061
Weights: 135.000000 2311.000000 577.000000
Center Node: 434

District 9
Nodes: 131 152 192 259 293 341 361 379 425
Compactness: 424.593644
Weights: 118.000000 1536.000000 555.000000
Center Node: 293

District 10
Nodes: 167 195 223 268 309 440 463 482 492
Compactness: 654.494759
Weights: 112.000000 2169.000000 556.000000
Center Node: 440

District 11
Nodes: 105 127 135 154 209 210 215 357 373 385 412 479
Compactness: 588.560627
Weights: 147.000000 2102.000000 582.000000
Center Node: 209

District 12
Nodes: 113 117 137 159 180 193 297 324 333 454 493
Compactness: 855.892526
Weights: 102.000000 2327.000000 867.000000
Center Node: 159

District 13
Nodes: 26 49 66 99 283 288 316 386 441 488
Compactness: 415.397248
Weights: 121.000000 1882.000000 559.000000
Center Node: 441

District 14
Nodes: 11 44 52 128 329 340 368 443 490
Compactness: 424.875769
Weights: 113.000000 2174.000000 463.000000
Center Node: 128

District 15
Nodes: 73 97 109 139 185 227 311 314 328 384
Compactness: 509.568669
Weights: 128.000000 2010.000000 621.000000
Center Node: 97

District 16
Nodes: 9 63 68 129 142 267 358 439 453 476 496
Compactness: 621.067672
Weights: 105.000000 2070.000000 573.000000
Center Node: 9

District 17
Nodes: 69 95 140 155 362 419 420 446 475
Compactness: 368.380337
Weights: 121.000000 2238.000000 528.000000
Center Node: 140

District 18
Nodes: 282 304 326 355 390 410 477 480
Compactness: 309.021053
Weights: 80.000000 2014.000000 450.000000
Center Node: 410

District 19
Nodes: 171 263 265 299 335 403 422 451 489
Compactness: 720.948429
Weights: 120.000000 2022.000000 576.000000
Center Node: 299

District 20
Nodes: 18 47 56 133 182 184 228 241 271 296 330 334
Compactness: 621.311850
Weights: 136.000000 2355.000000 584.000000
Center Node: 184

District 21
Nodes: 4 8 46 156 174 269 367 407 438 457
Compactness: 609.837880
Weights: 109.000000 2117.000000 412.000000
Center Node: 367

District 22
Nodes: 45 60 81 91 161 238 312 364 397 411 499
Compactness: 561.477498
Weights: 148.000000 2381.000000 572.000000
Center Node: 60

District 23
Nodes: 61 76 82 125 243 264 352 435 436
Compactness: 454.866473
Weights: 143.000000 2150.000000 571.000000
Center Node: 125

District 24
Nodes: 22 24 141 191 303 376 432 452 467 473 484
Compactness: 548.538899
Weights: 137.000000 1476.000000 633.000000
Center Node: 191

District 25
Nodes: 51 65 115 206 246 315 332 374 433 469
Compactness: 482.081606
Weights: 149.000000 2348.000000 591.000000
Center Node: 374

District 26
Nodes: 23 107 108 187 207 253 266 281 381
Compactness: 498.457861
Weights: 117.000000 2072.000000 650.000000
Center Node: 266

District 27
Nodes: 6 123 143 208 242 272 321 325 350 448
Compactness: 605.784171
Weights: 133.000000 2189.000000 561.000000
Center Node: 123

District 28
Nodes: 32 102 145 181 198 229 244 250 320 424 444 481
Compactness: 491.484717
Weights: 141.000000 2554.000000 719.000000
Center Node: 198

District 29
Nodes: 19 59 196 199 211 226 236 286 442
Compactness: 345.456437
Weights: 113.000000 2369.000000 532.000000
Center Node: 236

District 30
Nodes: 1 21 37 106 121 126 219 255 278 310 327
Compactness: 561.468381
Weights: 156.000000 2184.000000 698.000000
Center Node: 106

District 31
Nodes: 5 42 48 67 94 138 172 237 252 450
Compactness: 606.939853
Weights: 127.000000 1834.000000 535.000000
Center Node: 42

District 32
Nodes: 33 36 116 173 189 254 336 370 394 430
Compactness: 286.100027
Weights: 103.000000 2199.000000 671.000000
Center Node: 189

District 33
Nodes: 0 13 70 78 111 388 431 464 495
Compactness: 656.467057
Weights: 118.000000 2247.000000 475.000000
Center Node: 388

District 34
Nodes: 14 72 90 245 302 343 363 398 400 423 459
Compactness: 1013.182961
Weights: 121.000000 2998.000000 723.000000
Center Node: 400

District 35
Nodes: 16 27 40 85 89 104 183 221 261 277 322
Compactness: 737.210354
Weights: 137.000000 1899.000000 858.000000
Center Node: 89

District 36
Nodes: 124 134 157 175 212 232 323 351 382 413 461 470
Compactness: 902.520595
Weights: 163.000000 2063.000000 666.000000
Center Node: 470

District 37
Nodes: 83 136 158 217 301 360 417 418
Compactness: 214.521515
Weights: 96.000000 1691.000000 449.000000
Center Node: 301

District 38
Nodes: 30 54 58 122 256 365 380 389 396 471
Compactness: 458.769064
Weights: 115.000000 1909.000000 471.000000
Center Node: 365

District 39
Nodes: 100 147 194 274 279 284 292 295 307 378 409 414
Compactness: 631.331216
Weights: 164.000000 2316.000000 598.000000
Center Node: 307

District 40
Nodes: 38 43 50 98 148 197 313 393 416 462
Compactness: 433.373061
Weights: 107.000000 1949.000000 550.000000
Center Node: 393

District 41
Nodes: 35 169 200 201 205 225 239 391 401 472 497
Compactness: 797.764066
Weights: 127.000000 2113.000000 628.000000
Center Node: 201

District 42
Nodes: 20 75 77 93 118 149 176 275 298 342
Compactness: 616.233208
Weights: 137.000000 2391.000000 526.000000
Center Node: 75

District 43
Nodes: 88 170 203 234 273 276 356 429 445 458
Compactness: 669.357540
Weights: 118.000000 2286.000000 538.000000
Center Node: 429

District 44
Nodes: 28 202 222 248 258 331 346 371 455
Compactness: 359.573794
Weights: 117.000000 2420.000000 544.000000
Center Node: 331

District 45
Nodes: 25 80 190 216 290 359 406 426 491
Compactness: 458.048276
Weights: 105.000000 2663.000000 549.000000
Center Node: 25

District 46
Nodes: 34 64 71 84 178 224 231 294 395 466 487
Compactness: 764.889497
Weights: 141.000000 1926.000000 612.000000
Center Node: 71

District 47
Nodes: 10 17 55 87 233 262 347 348 408 483
Compactness: 346.708791
Weights: 118.000000 2604.000000 657.000000
Center Node: 17

District 48
Nodes: 74 144 160 168 179 240 270 339 353 402 447 486
Compactness: 1170.795453
Weights: 150.000000 3110.000000 545.000000
Center Node: 240

District 49
Nodes: 12 92 387 404 405 437 456 460 468
Compactness: 499.721547
Weights: 94.000000 1935.000000 467.000000
Center Node: 460

District 50
Nodes: 112 164 166 218 251 291 318 337 375
Compactness: 615.869254
Weights: 119.000000 1183.000000 569.000000
Center Node: 112
