BalanceViolation 4488.467500
AffinityLoss 1842.000000
Compactness 98995.016099

District 1
Nodes: 27 46 67 69 106 112 117 142 143 162 164 189 195 198 219 243 246 352 356 422 436 466 476 532 556 590 598 600 613 617 643 670 678 690 712 734 748 829 834 858 868 905 910 914 932 977 978 981 984
Compactness: 3552.898878
Weights: 638.000000 8853.000000 2634.000000
Center Node: 748

District 2
Nodes: 16 29 40 49 77 98 146 156 176 179 203 224 231 249 276 306 310 320 357 371 389 443 474 527 528 548 569 571 574 596 625 667 677 679 685 699 741 742 744 758 799 863 875 897 904 913 953 954 955 998
Compactness: 4024.996337
Weights: 569.000000 10246.000000 3031.000000
Center Node: 306

District 3
Nodes: 20 23 47 76 124 136 155 201 212 220 251 273 286 291 298 299 303 305 308 349 391 423 431 468 475 485 490 543 572 583 601 628 637 653 658 695 706 732 736 782 797 822 835 887 923 930 937 987 996
Compactness: 4799.771234
Weights: 575.000000 10199.000000 3082.000000
Center Node: 887

District 4
Nodes: 17 36 37 126 128 132 180 191 199 209 222 227 236 256 262 274 280 289 346 377 388 414 435 441 464 484 492 521 544 549 560 586 595 618 626 657 669 697 746 752 770 846 849 922 934 982
Compactness: 4111.098983
Weights: 510.000000 9849.000000 2491.000000
Center Node: 126

District 5
Nodes: 3 8 24 55 100 107 114 118 138 152 157 211 230 240 247 253 264 311 329 336 367 384 420 428 437 493 579 581 606 638 662 716 728 769 793 815 836 861 864 890 891 908 912 915 921 931 941 944 949 958 991 992
Compactness: 4698.637397
Weights: 717.000000 10780.000000 3145.000000
Center Node: 336

District 6
Nodes: 0 14 19 33 59 65 127 139 185 206 221 233 261 275 301 312 314 317 323 344 426 432 451 456 486 508 509 516 523 551 553 555 557 584 616 629 666 731 740 759 765 790 818 826 833 838 892 901 942 959 973 995
Compactness: 5379.952544
Weights: 634.000000 10348.000000 2786.000000
Center Node: 553

District 7
Nodes: 9 15 26 109 123 214 238 268 272 277 282 304 334 335 339 369 376 438 439 505 563 565 587 607 642 649 654 660 688 691 693 707 713 720 722 730 753 764 767 803 820 821 842 845 927 961 967 970
Compactness: 4087.499267
Weights: 610.000000 10745.000000 2678.000000
Center Node: 691

District 8
Nodes: 21 38 43 48 52 54 105 116 134 148 167 188 202 210 225 281 324 362 366 386 465 497 503 510 520 542 562 573 585 605 615 624 647 652 663 668 733 772 779 787 796 807 830 843 867 885 920 950 971 993
Compactness: 6670.591560
Weights: 568.000000 10974.000000 2965.000000
Center Node: 830

District 9
Nodes: 6 85 89 120 121 135 158 183 192 242 296 313 318 322 332 348 354 368 382 395 401 409 487 506 514 517 524 537 540 570 588 591 633 684 711 719 739 751 774 809 810 823 866 877 895 900 925 935 947 963 965
Compactness: 4786.011567
Weights: 641.000000 9328.000000 3004.000000
Center Node: 537

District 10
Nodes: 18 31 50 66 71 94 125 131 150 204 252 269 285 316 326 330 374 379 399 407 455 519 535 539 552 564 566 604 620 621 632 636 641 673 683 686 689 738 745 775 802 819 831 837 880 916 940 946 952 956 962
Compactness: 4643.558594
Weights: 608.000000 11352.000000 3114.000000
Center Node: 535

District 11
Nodes: 51 53 57 81 90 91 92 101 144 153 174 182 187 293 321 359 363 364 365 390 433 463 471 477 483 495 577 592 603 610 627 696 708 721 724 735 761 795 798 806 817 828 872 882 918 936 943 945 968 979 983
Compactness: 4482.972353
Weights: 589.000000 10794.000000 3052.000000
Center Node: 817

District 12
Nodes: 4 34 102 122 129 168 217 223 239 257 271 279 283 302 307 315 338 342 343 347 361 373 429 448 461 494 507 512 513 515 522 531 533 558 559 594 656 659 665 672 700 702 747 777 801 852 865 881 883 903 939 980
Compactness: 5104.568247
Weights: 636.000000 9729.000000 3289.000000
Center Node: 881

District 13
Nodes: 86 110 111 137 147 177 205 216 226 229 258 290 397 400 418 425 430 450 467 470 479 488 580 589 631 640 682 703 727 737 766 778 783 825 851 856 857 869 878 879 889 899 926 948 966 972 976 985
Compactness: 3246.625881
Weights: 527.000000 10691.000000 3067.000000
Center Node: 400

District 14
Nodes: 13 32 56 75 87 103 115 171 194 197 200 232 259 294 295 319 325 345 355 358 372 375 385 392 442 449 453 462 472 473 498 499 530 609 645 648 664 676 704 705 723 756 784 816 859 893 919 938 951 964 989
Compactness: 4771.436331
Weights: 641.000000 10654.000000 3017.000000
Center Node: 56

District 15
Nodes: 2 44 62 70 73 99 104 159 160 173 178 237 278 292 297 350 393 406 408 416 419 424 440 444 447 482 489 500 518 526 529 547 550 578 582 612 674 698 701 729 762 763 794 805 811 813 832 840 862 876 884 933
Compactness: 5311.406735
Weights: 612.000000 10916.000000 2578.000000
Center Node: 862

District 16
Nodes: 10 22 30 41 60 64 72 82 88 97 145 149 151 165 172 186 215 218 228 234 244 250 266 288 328 331 380 381 383 404 434 445 458 478 496 504 536 567 568 576 602 681 781 788 789 804 847 860 886 928 986
Compactness: 4259.962957
Weights: 582.000000 11155.000000 3179.000000
Center Node: 504

District 17
Nodes: 7 42 45 58 61 63 79 95 133 141 154 161 170 175 181 196 235 284 309 327 333 341 353 360 534 538 541 546 608 611 614 650 651 661 709 715 717 771 776 785 786 791 792 871 888 906 911 924 957 975 988 990
Compactness: 7559.382736
Weights: 586.000000 9906.000000 2958.000000
Center Node: 888

District 18
Nodes: 39 80 96 119 140 163 248 260 263 267 300 394 396 403 405 413 415 421 460 469 480 481 545 554 622 623 634 655 671 687 692 694 718 726 755 812 814 827 841 870 896 902 960 969 974 997
Compactness: 4141.959317
Weights: 578.000000 10837.000000 2822.000000
Center Node: 481

District 19
Nodes: 1 5 25 35 68 74 78 83 84 166 184 190 193 213 241 245 254 255 370 417 452 459 501 575 597 599 619 630 635 639 644 714 725 743 754 757 780 808 824 844 853 873 894 898 907 909 929 999
Compactness: 9263.323522
Weights: 523.000000 11419.000000 2863.000000
Center Node: 575

District 20
Nodes: 11 12 28 93 108 113 130 169 207 208 265 270 287 337 340 351 378 387 398 402 410 411 412 427 446 454 457 491 502 511 525 561 593 646 675 680 710 749 750 760 768 773 800 839 848 850 854 855 874 917 994
Compactness: 4098.361660
Weights: 591.000000 10760.000000 2887.000000
Center Node: 848
