BalanceViolation 13071.056000
AffinityLoss 959.000000
Compactness 28944.311077

District 1
Nodes: 18 107 110 214 266 327 344 359 369 425 496
Compactness: 558.184873
Weights: 144.000000 2507.000000 619.000000
Center Node: 496

District 2
Nodes: 19 65 114 177 306 428
Compactness: 299.184832
Weights: 63.000000 1249.000000 323.000000
Center Node: 428

District 3
Nodes: 4 50 57 146 271 296 330 337 358 362 372 495
Compactness: 692.657442
Weights: 141.000000 1953.000000 809.000000
Center Node: 50

District 4
Nodes: 151 172 202 225 364 405 421 499
Compactness: 473.440645
Weights: 109.000000 1608.000000 448.000000
Center Node: 364

District 5
Nodes: 40 41 153 159 208 223 283 423 459
Compactness: 442.134405
Weights: 96.000000 2156.000000 461.000000
Center Node: 41

District 6
Nodes: 9 31 47 52 204 207 261 379 440 463
Compactness: 660.476289
Weights: 103.000000 1386.000000 608.000000
Center Node: 47

District 7
Nodes: 20 44 66 165 186 209 288 314 334 352 361 424
Compactness: 693.477795
Weights: 148.000000 1915.000000 721.000000
Center Node: 209

District 8
Nodes: 161 211 233 243 317 391 453 455 474
Compactness: 446.946558
Weights: 112.000000 1224.000000 433.000000
Center Node: 474

District 9
Nodes: 0 12 25 60 80 109 173 224 228 254
Compactness: 506.592864
Weights: 133.000000 1848.000000 564.000000
Center Node: 109

District 10
Nodes: 24 29 49 56 120 269 302 319 387 412
Compactness: 383.465751
Weights: 129.000000 2135.000000 609.000000
Center Node: 56

District 11
Nodes: 14 58 140 164 178 242 281 287 299 393 410 441
Compactness: 3241.726191
Weights: 156.000000 2003.000000 739.000000
Center Node: 393

District 12
Nodes: 130 132 149 329 345 355 413 427 434
Compactness: 341.405203
Weights: 90.000000 2068.000000 603.000000
Center Node: 149

District 13
Nodes: 79 100 123 129 162 175 182 200 290 293 374 498
Compactness: 699.742721
Weights: 136.000000 2250.000000 584.000000
Center Node: 162

District 14
Nodes: 174 263 273 274 295 303 307 401 435
Compactness: 476.113925
Weights: 95.000000 2165.000000 467.000000
Center Node: 303

District 15
Nodes: 2 46 53 85 189 333 377 381 383 408
Compactness: 337.792140
Weights: 113.000000 2233.000000 505.000000
Center Node: 46

District 16
Nodes: 45 83 87 119 138 144 184 353 376 432 494
Compactness: 436.139546
Weights: 111.000000 3003.000000 688.000000
Center Node: 83

District 17
Nodes: 7 89 141 163 258 301 321 338 351 354 446 450
Compactness: 737.357129
Weights: 124.000000 2998.000000 559.000000
Center Node: 7

District 18
Nodes: 122 135 187 194 203 215 311 360 467 479
Compactness: 497.751715
Weights: 118.000000 2288.000000 696.000000
Center Node: 135

District 19
Nodes: 26 33 116 126 179 231 285 396 462 473
Compactness: 530.465047
Weights: 112.000000 2262.000000 652.000000
Center Node: 179

District 20
Nodes: 10 70 96 115 168 188 193 236 265 276 397
Compactness: 583.429594
Weights: 144.000000 2613.000000 601.000000
Center Node: 188

District 21
Nodes: 131 147 148 196 205 222 227 320 368
Compactness: 396.480314
Weights: 134.000000 2070.000000 490.000000
Center Node: 320

District 22
Nodes: 92 199 312 336 339 342 365 411 444
Compactness: 332.751032
Weights: 119.000000 2265.000000 480.000000
Center Node: 444

District 23
Nodes: 28 212 218 221 270 289 433 452 497
Compactness: 433.447380
Weights: 96.000000 2204.000000 425.000000
Center Node: 28

District 24
Nodes: 51 67 68 76 150 158 235 297 385 458 470
Compactness: 689.892108
Weights: 151.000000 1893.000000 738.000000
Center Node: 68

District 25
Nodes: 113 226 230 304 322 324 340 356 407 460 481
Compactness: 753.759535
Weights: 113.000000 2356.000000 561.000000
Center Node: 230

District 26
Nodes: 71 95 282 373 375 389 390 394 476 488
Compactness: 376.821993
Weights: 126.000000 1932.000000 427.000000
Center Node: 394

District 27
Nodes: 13 36 72 183 256 309 348 378 439 461
Compactness: 455.719104
Weights: 141.000000 1954.000000 775.000000
Center Node: 378

District 28
Nodes: 59 127 133 143 152 220 244 245 429 442
Compactness: 475.364263
Weights: 122.000000 2118.000000 600.000000
Center Node: 133

District 29
Nodes: 6 8 69 108 169 195 198 280 341 430 493
Compactness: 711.640893
Weights: 145.000000 2119.000000 663.000000
Center Node: 8

District 30
Nodes: 55 64 124 125 145 346 388 426 438 472 484
Compactness: 551.112872
Weights: 153.000000 2266.000000 520.000000
Center Node: 472

District 31
Nodes: 27 78 84 91 101 142 176 229 300 316 457 492
Compactness: 801.075205
Weights: 157.000000 2129.000000 724.000000
Center Node: 78

District 32
Nodes: 21 75 104 137 272 284 392 402 406 431 447 487
Compactness: 433.581363
Weights: 145.000000 2050.000000 724.000000
Center Node: 284

District 33
Nodes: 54 62 77 93 103 191 213 332 415 418
Compactness: 686.302325
Weights: 128.000000 1756.000000 764.000000
Center Node: 62

District 34
Nodes: 5 190 268 291 313 350 367 371 380 465 478 480
Compactness: 672.423466
Weights: 133.000000 2294.000000 725.000000
Center Node: 5

District 35
Nodes: 17 81 139 217 325 436 448 482 491
Compactness: 432.962982
Weights: 105.000000 2573.000000 495.000000
Center Node: 325

District 36
Nodes: 39 136 234 257 278 292 326 366 395
Compactness: 311.178284
Weights: 131.000000 2138.000000 470.000000
Center Node: 326

District 37
Nodes: 42 99 128 201 247 251 255 335 343 409
Compactness: 465.519034
Weights: 105.000000 2202.000000 688.000000
Center Node: 42

District 38
Nodes: 98 157 185 206 259 323 347 357 422
Compactness: 596.847184
Weights: 121.000000 1905.000000 457.000000
Center Node: 347

District 39
Nodes: 3 11 34 166 180 232 267 298
Compactness: 321.724577
Weights: 92.000000 2057.000000 474.000000
Center Node: 267

District 40
Nodes: 82 111 155 192 210 237 277 363 483 485
Compactness: 578.923252
Weights: 143.000000 2866.000000 552.000000
Center Node: 485

District 41
Nodes: 73 102 112 170 197 240 241 246 249 416 417 490
Compactness: 1184.152195
Weights: 130.000000 2104.000000 793.000000
Center Node: 102

District 42
Nodes: 74 134 181 279 318 349 398 437 454 486
Compactness: 603.475286
Weights: 143.000000 2582.000000 575.000000
Center Node: 134

District 43
Nodes: 16 43 90 97 117 239 252 386 404 419
Compactness: 623.272026
Weights: 124.000000 2050.000000 669.000000
Center Node: 239

District 44
Nodes: 22 121 262 264 384 443 456 464 477 489
Compactness: 472.170663
Weights: 152.000000 2266.000000 689.000000
Center Node: 456

District 45
Nodes: 32 37 94 171 294 382 466 468 475
Compactness: 431.268298
Weights: 110.000000 2200.000000 491.000000
Center Node: 171

District 46
Nodes: 35 88 105 118 238 248 331 449 471
Compactness: 489.465919
Weights: 119.000000 1934.000000 564.000000
Center Node: 248

District 47
Nodes: 1 106 154 216 250 253 305 445
Compactness: 320.753357
Weights: 66.000000 1555.000000 443.000000
Center Node: 1

District 48
Nodes: 23 86 156 167 219 310 403 420
Compactness: 420.035391
Weights: 92.000000 1535.000000 420.000000
Center Node: 219

District 49
Nodes: 15 38 61 260 275 286 315 328 399 414
Compactness: 508.324250
Weights: 134.000000 2257.000000 861.000000
Center Node: 328

District 50
Nodes: 30 48 63 160 308 370 400 451 469
Compactness: 375.381859
Weights: 125.000000 2224.000000 568.000000
Center Node: 400
