BalanceViolation 7374.802500
AffinityLoss 3336.000000
Compactness 203998.355624

District 1
Nodes: 45 57 71 76 111 114 151 168 176 183 209 216 265 281 285 302 310 361 375 382 394 411 412 461 486 544 554 563 567 601 608 639 670 671 693 694 708 711 729 750 790 799 867 910 931 934 955 978 985 1030 1039 1053 1054 1079 1090 1117 1153 1181 1182 1203 1228 1237 1258 1295 1386 1399 1407 1470 1476 1497 1509 1518 1536 1540 1597 1624 1646 1656 1662 1663 1671 1686 1722 1736 1740 1744 1752 1767 1813 1819 1823 1835 1869 1878 1883 1897 1909 1912 1914 1918 1942 1946 1954 1972 1977
Compactness: 12108.229603
Weights: 1113.000000 20838.000000 5827.000000
Center Node: 209

District 2
Nodes: 6 30 40 62 101 123 129 130 155 164 194 206 208 221 223 228 237 247 255 267 277 371 413 415 432 437 470 536 542 578 616 645 649 659 681 695 699 713 766 768 774 816 827 846 849 902 959 960 965 987 1003 1016 1021 1024 1033 1099 1126 1128 1149 1165 1206 1222 1246 1259 1315 1328 1339 1360 1363 1371 1436 1438 1453 1463 1472 1512 1552 1575 1591 1601 1604 1610 1612 1649 1655 1669 1691 1713 1719 1754 1769 1793 1796 1818 1824 1863 1902 1913 1955 1965
Compactness: 8976.654219
Weights: 1210.000000 21486.000000 5501.000000
Center Node: 849

District 3
Nodes: 48 58 73 88 112 113 128 146 159 195 282 322 324 329 349 363 374 385 401 434 543 547 553 556 566 584 626 661 664 666 673 687 741 742 763 789 803 805 852 862 866 888 909 918 950 991 994 1022 1038 1052 1061 1067 1101 1116 1133 1136 1151 1162 1174 1176 1187 1194 1198 1202 1265 1287 1320 1341 1346 1349 1351 1383 1462 1466 1468 1473 1482 1499 1506 1515 1517 1535 1543 1547 1573 1603 1606 1645 1679 1684 1705 1706 1710 1735 1755 1787 1794 1801 1860 1865 1983
Compactness: 12364.162152
Weights: 1251.000000 21185.000000 5544.000000
Center Node: 553

District 4
Nodes: 1 15 65 66 83 107 126 134 173 199 202 224 227 250 290 301 331 350 357 380 404 414 436 439 448 450 454 463 520 538 557 643 654 717 772 791 793 800 813 853 855 860 879 882 891 908 923 926 942 1017 1023 1051 1084 1106 1120 1132 1147 1191 1192 1209 1213 1220 1234 1253 1263 1303 1310 1311 1330 1357 1376 1414 1419 1479 1488 1523 1616 1621 1637 1647 1654 1658 1685 1689 1712 1768 1771 1772 1784 1790 1804 1820 1834 1888 1923 1929 1947 1967 1978 1995
Compactness: 9742.471619
Weights: 1161.000000 21361.000000 4954.000000
Center Node: 813

District 5
Nodes: 44 64 124 156 169 215 300 305 311 318 390 403 416 422 423 433 442 480 485 487 495 499 526 551 583 604 634 651 674 676 696 702 707 731 737 738 781 802 812 841 848 868 885 933 958 963 969 976 977 990 1055 1058 1063 1071 1073 1111 1142 1207 1211 1225 1290 1358 1362 1378 1381 1396 1405 1417 1425 1426 1435 1437 1446 1450 1464 1478 1491 1492 1524 1532 1553 1567 1581 1598 1631 1639 1643 1660 1687 1695 1723 1739 1774 1779 1807 1810 1837 1856 1871 1879 1886 1928 1948 1956 1975 1976
Compactness: 11367.021258
Weights: 1167.000000 22377.000000 6103.000000
Center Node: 1446

District 6
Nodes: 53 70 85 87 109 115 121 144 212 218 226 241 248 292 293 308 333 337 347 360 386 399 462 497 514 528 533 548 570 591 595 622 641 703 727 745 806 811 837 861 863 872 878 889 895 951 1001 1009 1010 1018 1050 1064 1085 1091 1092 1104 1119 1123 1124 1130 1146 1155 1156 1161 1190 1270 1275 1278 1307 1326 1327 1372 1394 1431 1442 1449 1477 1494 1559 1586 1701 1737 1858 1859 1899 1900 1907 1958 1960 1962 1994
Compactness: 8870.743606
Weights: 1125.000000 17532.000000 5431.000000
Center Node: 570

District 7
Nodes: 7 10 12 29 41 72 92 100 125 160 207 238 242 257 262 264 325 358 388 420 476 493 511 512 523 579 593 599 600 606 607 619 632 644 655 680 690 748 753 782 783 794 859 869 897 952 981 1008 1026 1045 1049 1072 1075 1077 1088 1115 1140 1154 1170 1180 1221 1250 1251 1274 1292 1312 1314 1317 1335 1368 1393 1401 1454 1471 1510 1538 1548 1557 1561 1566 1623 1628 1629 1659 1690 1715 1734 1743 1753 1773 1803 1822 1842 1857 1868 1877 1887 1905 1908 1990 1998
Compactness: 9741.089862
Weights: 1186.000000 21081.000000 5537.000000
Center Node: 511

District 8
Nodes: 0 2 8 18 22 32 38 50 63 81 104 140 154 174 178 210 232 276 336 340 348 368 398 426 427 440 479 492 496 501 546 568 571 574 611 624 660 669 678 689 728 732 734 736 798 804 825 826 832 835 840 877 903 935 974 988 1000 1047 1089 1105 1135 1145 1178 1184 1193 1196 1212 1255 1267 1269 1271 1272 1284 1306 1347 1373 1402 1403 1404 1418 1427 1458 1504 1563 1574 1577 1594 1635 1640 1681 1702 1760 1766 1770 1795 1854 1911 1974 1987
Compactness: 8250.349148
Weights: 1146.000000 21127.000000 5900.000000
Center Node: 1594

District 9
Nodes: 3 13 17 55 61 68 80 99 149 165 175 191 193 200 230 231 236 278 280 312 367 370 376 421 449 471 477 509 559 569 589 596 609 625 630 637 650 684 715 735 743 744 746 764 777 779 796 817 856 865 875 893 921 945 957 962 971 975 986 1029 1032 1057 1062 1082 1096 1102 1112 1157 1177 1179 1199 1219 1223 1238 1248 1300 1318 1319 1333 1345 1355 1511 1546 1551 1558 1562 1605 1619 1633 1644 1746 1748 1791 1816 1825 1831 1832 1862 1864 1894 1922 1936 1953 1964
Compactness: 9620.872405
Weights: 1212.000000 21068.000000 5604.000000
Center Node: 596

District 10
Nodes: 36 43 47 49 77 138 143 244 249 295 316 334 359 378 384 389 393 428 445 451 464 504 518 534 539 545 555 576 646 653 679 726 808 824 834 838 839 845 922 928 944 984 1005 1006 1028 1037 1065 1068 1069 1070 1080 1095 1121 1122 1127 1134 1175 1210 1242 1254 1302 1321 1344 1365 1370 1379 1380 1400 1411 1444 1447 1484 1486 1503 1542 1549 1556 1583 1596 1611 1613 1641 1650 1666 1667 1682 1775 1805 1827 1852 1861 1906 1915 1921 1925 1931 1937 1943 1961 1971 1979 1992 1993 1996
Compactness: 12113.999673
Weights: 1256.000000 22190.000000 5676.000000
Center Node: 679

District 11
Nodes: 5 24 33 59 78 79 89 94 97 139 213 225 235 240 253 269 272 304 307 355 364 391 419 429 430 435 458 460 466 482 489 508 513 573 588 613 627 638 648 658 697 733 740 747 767 795 797 821 843 864 881 901 907 911 961 972 1012 1013 1025 1040 1056 1109 1110 1137 1144 1195 1215 1232 1240 1243 1245 1286 1288 1305 1324 1409 1421 1487 1493 1496 1502 1505 1585 1587 1590 1618 1627 1634 1651 1661 1670 1714 1745 1783 1788 1821 1840 1846 1870 1876 1880 1889 1951 1966 1969
Compactness: 9971.852752
Weights: 1314.000000 21779.000000 5913.000000
Center Node: 513

District 12
Nodes: 39 102 135 182 190 196 201 203 220 251 261 287 288 296 309 326 335 362 365 373 377 400 407 409 456 498 510 561 590 592 615 663 665 688 714 720 784 785 787 788 814 815 830 870 912 940 946 947 967 997 1007 1035 1036 1066 1125 1152 1158 1169 1229 1260 1262 1266 1289 1294 1323 1343 1348 1353 1354 1367 1385 1443 1483 1485 1522 1570 1579 1592 1599 1609 1657 1708 1725 1727 1728 1741 1742 1797 1802 1826 1884 1944 1950 1952 1980 1982 1989 1991
Compactness: 7208.985034
Weights: 1175.000000 20723.000000 5300.000000
Center Node: 409

District 13
Nodes: 42 117 118 127 186 205 214 222 243 254 274 275 306 408 446 447 459 469 481 502 531 550 552 564 586 656 657 698 722 730 755 757 760 778 829 833 886 917 932 993 996 1031 1148 1208 1217 1227 1230 1239 1244 1277 1291 1316 1338 1359 1369 1423 1428 1459 1513 1537 1544 1564 1572 1602 1614 1622 1676 1692 1693 1694 1717 1720 1721 1732 1747 1762 1789 1792 1806 1814 1829 1830 1843 1853 1874 1895 1896 1927 1941 1968 1985
Compactness: 15710.524549
Weights: 1137.000000 18535.000000 4983.000000
Center Node: 1316

District 14
Nodes: 4 9 20 34 35 84 91 93 103 105 131 133 137 161 198 252 284 315 332 346 353 366 396 405 406 452 457 484 490 500 506 517 549 575 580 587 594 620 621 642 652 705 756 775 819 873 874 876 890 899 913 914 925 930 938 966 983 1014 1019 1020 1046 1048 1060 1074 1087 1093 1143 1172 1200 1214 1216 1224 1233 1276 1282 1308 1309 1313 1366 1388 1433 1441 1481 1533 1569 1589 1615 1718 1749 1763 1764 1798 1800 1851 1882 1891 1920 1939 1984 1997
Compactness: 8352.258439
Weights: 1304.000000 20433.000000 5931.000000
Center Node: 1763

District 15
Nodes: 19 28 51 69 108 152 158 167 171 185 188 197 217 219 246 279 286 289 297 319 330 342 354 381 387 410 467 472 475 483 516 525 529 535 628 668 685 686 691 709 718 754 771 780 792 880 883 884 892 905 916 937 939 980 998 1027 1041 1108 1113 1129 1138 1150 1167 1168 1171 1183 1205 1241 1264 1285 1322 1336 1375 1377 1382 1384 1430 1432 1448 1452 1500 1514 1529 1554 1560 1571 1580 1588 1608 1620 1630 1632 1638 1733 1765 1777 1855 1866 1885 1890 1932 1940 1963 1988
Compactness: 9680.984650
Weights: 1247.000000 22019.000000 6016.000000
Center Node: 1129

District 16
Nodes: 23 37 54 60 74 86 120 150 166 184 259 270 283 303 321 338 341 351 392 402 418 443 515 519 562 565 572 581 582 603 633 662 716 721 759 770 807 809 820 822 844 850 904 906 948 953 968 970 1015 1043 1098 1103 1173 1188 1218 1247 1293 1297 1299 1332 1340 1356 1408 1413 1429 1445 1451 1469 1474 1490 1495 1520 1527 1565 1568 1584 1593 1600 1607 1625 1642 1665 1680 1707 1709 1731 1758 1781 1812 1817 1833 1848 1872 1873 1892 1903 1957 1959 1973
Compactness: 8604.474637
Weights: 1213.000000 19650.000000 5912.000000
Center Node: 1593

District 17
Nodes: 11 21 26 75 90 98 110 170 179 180 192 204 211 233 256 258 263 266 273 298 317 344 352 424 431 453 455 465 478 503 507 527 537 598 605 610 614 647 667 675 712 724 739 749 752 776 818 831 851 871 919 920 927 943 964 973 995 1011 1076 1078 1139 1160 1166 1186 1201 1204 1249 1257 1296 1298 1304 1337 1361 1392 1412 1415 1420 1440 1455 1465 1467 1521 1530 1555 1576 1617 1626 1672 1696 1699 1729 1751 1756 1776 1778 1809 1828 1836 1845 1849 1867 1881 1904 1934 1938 1945
Compactness: 12330.977434
Weights: 1252.000000 21592.000000 6433.000000
Center Node: 1576

District 18
Nodes: 27 52 56 67 95 122 136 142 153 157 162 181 187 239 271 291 314 323 327 328 339 383 395 425 468 488 522 541 558 560 577 602 612 636 682 692 704 706 762 773 801 810 842 854 857 898 915 929 936 956 979 982 1004 1034 1086 1097 1100 1114 1118 1231 1235 1236 1281 1325 1329 1334 1350 1352 1364 1387 1424 1434 1456 1460 1480 1489 1507 1516 1534 1582 1653 1668 1673 1711 1716 1726 1738 1782 1786 1808 1815 1910 1917 1919 1926
Compactness: 9813.674767
Weights: 1103.000000 20760.000000 5532.000000
Center Node: 1926

District 19
Nodes: 16 31 46 82 106 116 145 147 172 234 260 268 294 299 313 320 343 345 369 372 379 444 494 521 524 530 532 540 623 635 677 700 701 710 723 725 758 765 786 823 836 847 887 894 900 924 949 954 1002 1042 1059 1081 1083 1094 1107 1141 1159 1163 1164 1185 1189 1197 1226 1256 1261 1268 1273 1279 1374 1389 1395 1397 1416 1439 1457 1501 1519 1528 1531 1539 1541 1545 1648 1652 1664 1675 1678 1683 1698 1730 1761 1785 1841 1844 1850 1898 1924 1930 1933 1935 1981 1999
Compactness: 8797.180464
Weights: 1195.000000 22031.000000 5686.000000
Center Node: 1002

District 20
Nodes: 14 25 96 119 132 141 148 163 177 189 229 245 356 397 417 438 441 473 474 491 505 585 597 617 618 629 631 640 672 683 719 751 761 769 828 858 896 941 989 992 999 1044 1131 1252 1280 1283 1301 1331 1342 1390 1391 1398 1406 1410 1422 1461 1475 1498 1508 1525 1526 1550 1578 1595 1636 1674 1677 1688 1697 1700 1703 1704 1724 1750 1757 1759 1780 1799 1811 1838 1839 1847 1875 1893 1901 1916 1949 1970 1986
Compactness: 10371.849352
Weights: 1087.000000 19179.000000 5216.000000
Center Node: 132
