BalanceViolation 20892.289000
AffinityLoss 3841.000000
Compactness 118149.600959

District 1
Nodes: 31 106 145 259 299 351 379 392 418 519 530 562 603 700 723 809 835 847 887 954 1059 1103 1188 1197 1279 1293 1332 1373 1451 1501 1519 1520 1545 1607 1625 1678 1812 1844 1911 1924 1957 1973 1999
Compactness: 2085.724540
Weights: 468.000000 9675.000000 2392.000000
Center Node: 1103

District 2
Nodes: 113 128 195 317 322 324 363 374 434 566 584 742 763 776 789 909 1038 1061 1067 1078 1151 1160 1186 1202 1304 1320 1346 1466 1473 1499 1506 1517 1535 1543 1547 1684 1845
Compactness: 3206.217202
Weights: 496.000000 8362.000000 2210.000000
Center Node: 374

District 3
Nodes: 14 96 132 141 438 474 618 629 640 683 719 761 828 858 896 992 1230 1283 1342 1390 1391 1406 1422 1508 1525 1526 1595 1677 1688 1693 1724 1750 1757 1847 1895 1901 1916 1970 1985
Compactness: 2465.452959
Weights: 484.000000 8022.000000 2137.000000
Center Node: 1724

District 4
Nodes: 6 40 62 130 194 206 228 277 371 413 536 542 649 659 774 816 849 965 1099 1126 1128 1165 1206 1222 1259 1315 1339 1552 1610 1649 1669 1691 1713 1719 1754 1793 1796 1955 1965
Compactness: 1928.306243
Weights: 400.000000 8558.000000 2052.000000
Center Node: 194

District 5
Nodes: 26 35 90 144 170 226 241 266 284 293 353 355 364 405 455 614 876 878 920 1018 1019 1076 1119 1124 1146 1200 1216 1286 1338 1394 1415 1442 1455 1477 1481 1585 1586 1626 1756 1882 1938
Compactness: 2527.897221
Weights: 486.000000 9068.000000 2294.000000
Center Node: 170

District 6
Nodes: 3 68 77 99 138 152 191 200 249 278 334 359 421 464 534 808 875 957 976 1037 1063 1319 1411 1444 1486 1503 1514 1583 1605 1641 1650 1667 1695 1746 1748 1805 1827 1852 1906 1915 1921 1931 1937 1961
Compactness: 2718.601746
Weights: 491.000000 8294.000000 2248.000000
Center Node: 1503

District 7
Nodes: 134 136 202 208 227 400 436 437 520 522 557 561 592 654 717 720 787 855 860 902 940 942 1021 1023 1106 1132 1158 1191 1209 1220 1289 1357 1479 1609 1712 1738 1784 1802 1982
Compactness: 6214.438765
Weights: 494.000000 8487.000000 2012.000000
Center Node: 1023

District 8
Nodes: 52 67 95 157 187 271 339 425 468 560 602 612 692 704 706 762 842 854 898 929 936 1034 1231 1236 1281 1329 1334 1364 1399 1424 1534 1582 1653 1668 1711 1744 1808 1910 1926
Compactness: 2062.203129
Weights: 449.000000 8446.000000 2361.000000
Center Node: 692

District 9
Nodes: 10 242 255 257 358 470 593 599 644 655 766 783 794 859 869 952 981 1008 1026 1045 1088 1140 1221 1312 1314 1335 1393 1548 1561 1628 1629 1690 1842 1863 1877 1990
Compactness: 2619.190927
Weights: 440.000000 7834.000000 1987.000000
Center Node: 1312

District 10
Nodes: 71 111 119 163 229 361 473 481 491 597 672 751 769 941 989 996 999 1044 1079 1131 1181 1280 1461 1498 1536 1624 1636 1703 1759 1780 1799 1819 1838 1839 1875 1893 1897 1986
Compactness: 1825.522480
Weights: 441.000000 8398.000000 2287.000000
Center Node: 1838

District 11
Nodes: 19 28 69 108 158 185 219 279 297 311 330 472 483 529 691 709 754 792 880 884 937 1108 1129 1138 1171 1322 1336 1377 1384 1430 1435 1478 1500 1529 1560 1571 1608 1632 1733 1765 1777 1855 1940
Compactness: 2307.925507
Weights: 507.000000 9262.000000 2362.000000
Center Node: 1940

District 12
Nodes: 54 120 199 224 250 301 380 404 448 450 643 793 807 820 853 879 882 891 926 1051 1098 1173 1192 1213 1218 1253 1297 1303 1340 1414 1445 1488 1523 1593 1600 1654 1680 1731 1768 1834 1888 1947 1978
Compactness: 2928.991322
Weights: 520.000000 9466.000000 2387.000000
Center Node: 1213

District 13
Nodes: 47 146 332 346 352 396 457 478 484 500 506 537 580 741 852 888 918 991 1020 1046 1136 1176 1224 1233 1276 1282 1309 1366 1383 1388 1440 1441 1482 1533 1573 1645 1706 1851 1971 1984
Compactness: 2153.572293
Weights: 506.000000 7426.000000 2446.000000
Center Node: 1046

District 14
Nodes: 33 45 94 216 225 429 460 466 508 638 670 697 733 740 765 767 795 797 843 881 907 972 1012 1013 1040 1240 1288 1305 1421 1487 1509 1618 1661 1840 1876 1909 1951
Compactness: 1837.450687
Weights: 474.000000 9240.000000 2028.000000
Center Node: 1421

District 15
Nodes: 102 122 135 201 203 309 326 373 377 409 479 510 590 663 665 714 785 788 830 1066 1097 1125 1152 1169 1325 1348 1353 1354 1485 1522 1579 1599 1657 1725 1728 1741 1950 1989
Compactness: 1656.976956
Weights: 430.000000 8683.000000 2182.000000
Center Node: 1741

District 16
Nodes: 42 127 243 254 306 347 386 462 497 502 552 564 755 757 886 889 917 932 1091 1123 1156 1190 1227 1275 1277 1372 1513 1559 1572 1614 1701 1789 1792 1859 1896 1899 1962 1994
Compactness: 2199.687578
Weights: 468.000000 7954.000000 2163.000000
Center Node: 757

District 17
Nodes: 44 124 156 215 300 349 416 485 487 495 526 583 676 696 738 781 802 812 841 868 885 963 990 1055 1058 1142 1211 1362 1378 1396 1405 1425 1437 1450 1464 1553 1581 1631 1639 1660 1687 1739 1837 1948 1956
Compactness: 2594.368848
Weights: 464.000000 8947.000000 2405.000000
Center Node: 1142

District 18
Nodes: 17 55 155 165 223 312 376 509 559 625 637 650 684 713 777 796 827 846 865 893 921 962 975 1003 1033 1157 1179 1199 1219 1238 1355 1438 1816 1825 1831 1832 1864 1953
Compactness: 1906.575449
Weights: 422.000000 7640.000000 2045.000000
Center Node: 921

District 19
Nodes: 70 75 85 180 212 218 233 256 337 344 453 465 528 548 610 647 712 727 806 811 871 927 1001 1201 1249 1278 1298 1392 1530 1576 1617 1696 1729 1828 1836 1904 1907 1960
Compactness: 2049.520026
Weights: 520.000000 8575.000000 2352.000000
Center Node: 75

District 20
Nodes: 36 49 244 316 378 384 428 445 451 518 545 646 679 824 834 839 845 944 1006 1028 1068 1080 1095 1121 1122 1134 1175 1210 1302 1344 1379 1380 1556 1596 1682 1861 1925 1943 1979 1992 1993 1996
Compactness: 2391.759263
Weights: 499.000000 8059.000000 2160.000000
Center Node: 1556

District 21
Nodes: 176 177 183 189 281 382 397 411 441 563 585 617 631 671 934 1030 1182 1203 1237 1258 1331 1398 1407 1410 1475 1497 1578 1597 1663 1674 1697 1704 1740 1811 1835 1918 1949 1954
Compactness: 2077.301010
Weights: 440.000000 7338.000000 2208.000000
Center Node: 411

District 22
Nodes: 30 101 123 129 164 167 237 267 410 415 432 525 578 607 645 681 699 897 987 1016 1024 1149 1246 1274 1328 1360 1363 1436 1453 1472 1512 1575 1591 1601 1604 1655 1769 1866 1902
Compactness: 1948.201073
Weights: 505.000000 7937.000000 2218.000000
Center Node: 267

District 23
Nodes: 0 2 27 38 56 63 104 142 153 162 210 314 327 328 336 340 348 383 398 501 541 571 577 678 801 825 826 915 1086 1100 1178 1255 1269 1284 1507 1563 1716 1782 1815 1854 1974
Compactness: 2340.231866
Weights: 499.000000 8295.000000 2640.000000
Center Node: 501

District 24
Nodes: 16 41 60 92 125 238 313 512 540 579 619 748 753 900 1042 1072 1107 1115 1154 1170 1185 1226 1368 1401 1413 1454 1469 1471 1557 1566 1568 1683 1743 1753 1803 1833 1848 1850 1887 1898 1935 1981 1998
Compactness: 2646.389732
Weights: 496.000000 9512.000000 2193.000000
Center Node: 1887

District 25
Nodes: 11 21 98 159 204 211 258 273 424 431 503 507 556 605 724 739 818 866 919 943 1011 1139 1166 1337 1412 1420 1462 1467 1468 1521 1555 1603 1672 1751 1865 1881
Compactness: 1472.639322
Weights: 406.000000 6844.000000 2157.000000
Center Node: 1521

District 26
Nodes: 46 169 172 234 305 320 343 369 372 442 444 480 532 623 634 710 758 823 836 949 1002 1081 1141 1164 1189 1256 1261 1268 1273 1374 1416 1426 1439 1446 1491 1528 1531 1539 1541 1648 1664 1675 1723 1807 1933
Compactness: 2611.944663
Weights: 527.000000 8321.000000 2469.000000
Center Node: 444

District 27
Nodes: 4 20 84 131 137 161 252 315 406 452 490 517 575 587 594 620 621 652 705 737 873 874 890 914 925 938 966 973 1060 1073 1074 1093 1143 1308 1569 1615 1699 1718 1749 1763 1798 1800 1920
Compactness: 2327.250462
Weights: 578.000000 8565.000000 2635.000000
Center Node: 315

District 28
Nodes: 117 118 186 205 274 275 408 446 459 531 550 656 657 698 722 778 829 833 1031 1148 1208 1239 1291 1369 1544 1602 1692 1700 1720 1732 1762 1806 1830 1843 1874 1927 1968
Compactness: 1916.788030
Weights: 495.000000 6354.000000 2094.000000
Center Node: 698

District 29
Nodes: 15 66 107 126 173 290 331 350 357 439 454 463 772 791 800 813 908 923 1084 1147 1234 1263 1310 1311 1376 1419 1616 1658 1685 1771 1772 1790 1804 1820 1923
Compactness: 1833.200993
Weights: 446.000000 7138.000000 1759.000000
Center Node: 1771

District 30
Nodes: 83 150 160 262 270 283 338 402 565 572 582 600 662 716 721 759 770 822 844 850 906 948 968 1015 1017 1043 1049 1075 1247 1292 1317 1356 1429 1474 1490 1527 1642 1665 1734 1822 1857 1872 1873 1903 1905
Compactness: 2710.833258
Weights: 548.000000 7940.000000 2336.000000
Center Node: 582

District 31
Nodes: 43 58 93 103 133 143 389 504 539 543 547 555 576 661 666 726 805 913 928 1005 1052 1070 1127 1162 1187 1214 1242 1265 1287 1321 1351 1370 1515 1606 1611 1679 1710 1755 1764 1775 1787 1860 1983 1997
Compactness: 2280.836956
Weights: 570.000000 9583.000000 2472.000000
Center Node: 1052

District 32
Nodes: 5 79 213 235 240 253 269 272 391 430 435 482 489 505 513 573 588 627 648 658 821 864 901 911 1025 1056 1109 1137 1144 1232 1252 1409 1496 1505 1550 1587 1627 1634 1870 1880
Compactness: 2743.147112
Weights: 465.000000 7549.000000 2079.000000
Center Node: 272

District 33
Nodes: 1 23 37 74 86 166 184 303 321 341 414 443 496 515 538 633 798 904 953 970 1120 1212 1299 1330 1408 1495 1565 1584 1621 1637 1647 1689 1707 1709 1758 1781 1817 1892 1929 1959 1967 1995
Compactness: 1907.391594
Weights: 480.000000 9478.000000 2455.000000
Center Node: 1565

District 34
Nodes: 51 61 193 230 318 319 381 422 423 535 685 702 707 731 817 848 969 977 980 1071 1096 1102 1113 1223 1225 1241 1264 1318 1358 1382 1417 1432 1524 1620 1638 1643 1779 1810 1856 1885 1886 1928 1963 1976
Compactness: 2465.671971
Weights: 509.000000 9673.000000 2679.000000
Center Node: 969

District 35
Nodes: 53 109 115 121 248 292 308 333 514 533 570 591 595 622 641 703 745 837 861 863 872 895 951 1009 1010 1050 1085 1092 1104 1155 1270 1307 1326 1431 1449 1494 1737 1858 1900
Compactness: 2185.310102
Weights: 421.000000 6881.000000 2404.000000
Center Node: 248

District 36
Nodes: 57 114 151 209 265 302 461 488 544 554 601 608 693 729 790 799 931 978 979 1039 1053 1054 1117 1153 1228 1295 1386 1460 1518 1673 1686 1722 1736 1752 1786 1823 1869 1878 1946 1977
Compactness: 2099.778223
Weights: 431.000000 7997.000000 2088.000000
Center Node: 1823

District 37
Nodes: 39 181 220 239 288 291 362 395 407 456 636 682 688 810 815 857 956 967 1004 1035 1036 1118 1294 1350 1352 1385 1387 1434 1443 1456 1480 1489 1516 1570 1726 1727 1826 1917 1919
Compactness: 1941.213953
Weights: 410.000000 8462.000000 2068.000000
Center Node: 1516

District 38
Nodes: 48 73 88 112 282 295 329 385 401 553 626 664 673 687 803 862 922 950 984 994 1022 1101 1116 1133 1174 1194 1198 1254 1341 1349 1365 1447 1484 1542 1705 1735 1794 1801
Compactness: 2468.685438
Weights: 435.000000 8278.000000 2086.000000
Center Node: 626

District 39
Nodes: 8 22 82 140 178 268 276 294 310 368 440 521 524 546 568 574 611 635 660 677 689 728 736 804 832 840 974 1083 1271 1272 1347 1389 1402 1404 1577 1652 1681 1698 1761 1766 1770 1795 1841
Compactness: 2616.628094
Weights: 474.000000 8975.000000 2406.000000
Center Node: 1577

District 40
Nodes: 9 24 59 78 89 97 298 458 598 651 747 749 752 933 961 1110 1195 1204 1215 1243 1245 1296 1324 1465 1493 1502 1590 1651 1670 1714 1776 1783 1788 1821 1846 1849 1867 1871 1889 1966 1969
Compactness: 2007.975572
Weights: 509.000000 8347.000000 2521.000000
Center Node: 1846

District 41
Nodes: 217 221 246 247 286 370 387 467 475 516 616 628 686 695 771 883 892 905 916 939 959 960 1027 1041 1150 1168 1285 1333 1371 1375 1448 1463 1580 1612 1630 1818 1824 1890 1913 1932 1988
Compactness: 2239.540724
Weights: 538.000000 8787.000000 2194.000000
Center Node: 905

District 42
Nodes: 65 182 190 196 251 261 287 296 335 365 498 615 784 814 870 912 946 947 997 1007 1229 1260 1262 1266 1323 1343 1367 1483 1592 1708 1742 1797 1884 1944 1952 1980 1991
Compactness: 2481.601224
Weights: 467.000000 7334.000000 1934.000000
Center Node: 1797

District 43
Nodes: 34 87 91 105 110 179 192 198 263 366 527 549 642 667 675 756 775 819 831 851 899 930 964 983 995 1014 1048 1087 1172 1257 1313 1361 1433 1589 1778 1809 1891 1934 1939 1945
Compactness: 2146.493208
Weights: 502.000000 8756.000000 2293.000000
Center Node: 642

District 44
Nodes: 76 168 285 304 307 323 356 375 412 419 486 558 567 613 708 711 750 773 867 910 955 982 985 1090 1114 1470 1476 1540 1646 1656 1662 1671 1745 1767 1912 1914 1942 1972
Compactness: 2008.558374
Weights: 419.000000 8054.000000 2242.000000
Center Node: 910

District 45
Nodes: 25 148 214 222 245 360 399 417 447 469 586 730 760 993 1064 1130 1161 1217 1244 1301 1316 1327 1359 1423 1428 1459 1537 1564 1622 1676 1694 1717 1721 1747 1814 1829 1853 1941 1958
Compactness: 1996.700364
Weights: 473.000000 8442.000000 2292.000000
Center Node: 1853

District 46
Nodes: 80 175 231 367 393 471 569 589 653 715 735 764 779 838 986 1057 1062 1065 1069 1177 1248 1300 1400 1511 1546 1549 1558 1562 1613 1666 1791 1862 1894 1922 1964
Compactness: 2224.234299
Weights: 426.000000 7589.000000 2027.000000
Center Node: 1057

District 47
Nodes: 7 12 29 72 100 116 147 171 197 207 264 325 354 388 420 476 493 511 523 606 632 680 690 718 768 780 782 894 1077 1159 1163 1180 1250 1251 1510 1538 1623 1659 1715 1773 1785 1868 1908
Compactness: 3721.745188
Weights: 523.000000 7947.000000 2565.000000
Center Node: 264

District 48
Nodes: 64 139 260 345 390 394 403 433 494 499 551 604 639 674 694 701 725 786 924 958 1094 1111 1207 1290 1381 1395 1397 1457 1492 1532 1567 1598 1730 1774 1813 1879 1883 1930 1975
Compactness: 2899.858811
Weights: 489.000000 9547.000000 2377.000000
Center Node: 1813

District 49
Nodes: 18 32 50 81 154 174 232 426 427 492 581 624 669 732 734 877 903 935 988 1000 1047 1089 1105 1135 1145 1184 1193 1196 1235 1267 1306 1403 1418 1427 1458 1504 1574 1594 1635 1640 1702 1760 1987
Compactness: 2342.647868
Weights: 497.000000 9713.000000 2531.000000
Center Node: 1458

District 50
Nodes: 13 149 188 236 280 289 342 449 477 596 609 630 668 743 744 746 856 945 971 998 1029 1032 1082 1112 1167 1183 1205 1345 1452 1551 1554 1588 1619 1633 1644 1936
Compactness: 1806.418332
Weights: 417.000000 6914.000000 2067.000000
Center Node: 1032
