BalanceViolation 189.380000
AffinityLoss 0.000000
Compactness 96795.085972

District 1
Nodes: 16 29 40 49 77 98 146 156 176 179 193 224 231 249 276 306 310 320 357 371 389 425 443 450 467 474 527 528 548 569 574 625 631 667 685 699 741 742 744 758 863 873 889 897 904 913 948 953 954 955 998
Compactness: 4268.544761
Weights: 588.000000 10195.000000 3071.000000
Center Node: 306

District 2
Nodes: 13 27 67 69 75 80 106 112 115 143 164 189 194 197 200 219 243 295 352 436 442 466 472 498 499 530 532 598 600 617 643 676 690 704 705 734 748 784 829 858 859 868 905 919 932 938 977 978 981 989
Compactness: 4691.853327
Weights: 622.000000 10523.000000 2800.000000
Center Node: 617

District 3
Nodes: 20 23 47 73 76 124 136 155 201 220 251 273 286 291 298 299 303 305 308 391 423 468 475 485 490 543 547 583 601 628 637 653 658 695 706 732 735 736 782 795 797 798 822 835 887 923 930 937 987 996
Compactness: 4811.916981
Weights: 589.000000 10468.000000 3064.000000
Center Node: 20

District 4
Nodes: 7 21 38 43 58 61 63 133 134 141 148 154 167 175 196 202 280 284 309 324 327 341 360 366 386 465 503 510 538 541 542 546 562 585 614 618 624 647 709 715 717 779 786 791 792 807 843 871 885 888 911 924 988
Compactness: 6133.817201
Weights: 640.000000 10082.000000 2918.000000
Center Node: 786

District 5
Nodes: 3 10 22 24 30 64 100 122 129 138 145 151 152 230 234 257 328 329 338 373 380 383 384 428 437 445 448 458 493 494 496 513 515 522 533 536 652 702 781 815 860 891 903 916 921 939 944 958
Compactness: 3615.544694
Weights: 618.000000 10565.000000 2899.000000
Center Node: 328

District 6
Nodes: 2 9 26 44 99 104 123 160 214 254 268 272 282 297 304 334 335 339 350 376 416 501 563 565 607 635 642 649 654 660 688 691 693 707 713 720 730 753 757 764 803 813 820 840 842 876 927 961 967 970
Compactness: 4336.571904
Weights: 623.000000 10934.000000 2784.000000
Center Node: 691

District 7
Nodes: 6 28 31 42 79 94 113 131 150 161 181 235 252 262 289 313 318 326 332 333 382 395 399 401 412 414 464 519 534 544 564 593 595 608 684 710 719 745 749 752 785 810 849 880 895 925 946 963 965 975 990
Compactness: 4324.151199
Weights: 566.000000 10973.000000 3079.000000
Center Node: 785

District 8
Nodes: 105 116 117 119 140 163 195 217 239 248 263 300 342 394 396 403 405 413 421 422 429 461 469 481 545 554 605 622 623 634 665 671 687 692 694 700 712 718 726 747 777 812 814 827 830 841 870 896 920 960 969 974
Compactness: 5347.140729
Weights: 618.000000 10752.000000 3064.000000
Center Node: 481

District 9
Nodes: 0 14 19 33 41 59 72 139 165 185 206 221 233 250 261 275 312 314 344 404 426 432 456 478 509 516 523 553 555 567 584 616 629 666 681 731 740 759 765 790 826 833 838 892 901 928 942 973 986 995
Compactness: 4560.220480
Weights: 634.000000 10090.000000 2956.000000
Center Node: 553

District 10
Nodes: 48 52 71 96 125 188 210 225 260 281 302 316 330 343 362 374 455 460 497 520 539 552 573 615 621 641 655 663 668 673 683 686 733 738 772 787 796 819 831 852 867 883 902 950 956 971 993 997
Compactness: 4296.901848
Weights: 569.000000 10499.000000 3083.000000
Center Node: 796

District 11
Nodes: 8 25 93 110 111 137 205 211 213 216 240 255 287 290 337 340 378 400 418 427 430 479 502 561 587 589 640 675 703 716 725 727 737 760 778 793 800 825 851 857 861 869 878 907 972 976 994
Compactness: 4483.808693
Weights: 529.000000 10245.000000 2872.000000
Center Node: 205

District 12
Nodes: 51 53 57 81 90 91 92 101 127 144 153 172 174 182 187 228 244 301 321 349 359 363 364 365 381 390 431 433 451 463 477 483 577 592 603 610 696 708 721 724 817 828 872 882 918 936 943 945 959 968 979 983
Compactness: 4519.345366
Weights: 575.000000 10645.000000 2998.000000
Center Node: 359

District 13
Nodes: 4 34 39 46 54 102 142 162 168 198 223 246 267 271 279 283 307 315 347 358 361 415 480 507 508 512 531 556 557 558 559 576 590 594 613 656 659 670 672 678 755 801 834 865 881 914 980
Compactness: 5411.239298
Weights: 596.000000 10002.000000 2940.000000
Center Node: 347

District 14
Nodes: 1 5 15 35 68 74 78 83 109 166 177 184 190 203 226 238 241 277 370 417 452 459 470 580 597 599 619 630 639 644 682 743 754 766 780 783 808 844 845 853 898 899 929 966 985 999
Compactness: 3574.141461
Weights: 483.000000 10717.000000 2771.000000
Center Node: 184

District 15
Nodes: 55 84 107 114 118 169 245 247 253 264 311 336 367 369 393 420 438 439 505 529 575 578 581 606 638 662 714 722 728 761 763 767 769 794 821 824 836 864 890 894 908 909 912 931 941 949 991 992
Compactness: 4224.604960
Weights: 628.000000 10129.000000 2813.000000
Center Node: 114

District 16
Nodes: 17 36 37 45 50 95 126 128 132 170 180 191 199 209 222 227 236 256 269 274 346 353 354 377 388 435 441 484 492 521 549 560 586 611 626 650 651 657 661 669 697 739 746 751 770 771 776 846 877 906 922 934 957 982
Compactness: 6192.601596
Weights: 602.000000 10886.000000 3009.000000
Center Node: 17

District 17
Nodes: 62 70 97 149 159 173 178 186 212 215 218 237 278 292 293 406 408 419 424 434 440 444 447 471 482 489 495 500 504 518 526 550 572 582 602 612 627 674 698 701 729 762 788 804 805 806 811 832 862 884 933
Compactness: 7433.267491
Weights: 598.000000 10983.000000 2788.000000
Center Node: 762

District 18
Nodes: 11 12 18 66 108 130 157 204 207 208 265 270 285 351 379 387 402 407 410 411 446 454 457 491 511 525 535 566 579 604 620 632 636 646 680 689 750 768 773 775 802 837 839 848 850 855 874 915 917 940 952 962
Compactness: 4587.393501
Weights: 580.000000 10726.000000 3077.000000
Center Node: 773

District 19
Nodes: 85 86 89 120 121 135 147 158 183 192 229 242 258 296 322 348 368 397 398 409 487 488 506 514 517 524 537 540 570 571 588 591 596 633 677 679 711 774 799 809 823 854 856 866 875 879 900 926 935 947
Compactness: 4614.662569
Weights: 641.000000 10123.000000 2861.000000
Center Node: 514

District 20
Nodes: 32 56 60 65 82 87 88 103 171 232 259 266 288 294 317 319 323 325 331 345 355 356 372 375 385 392 449 453 462 473 476 486 551 568 609 645 648 664 723 756 789 816 818 847 886 893 910 951 964 984
Compactness: 5367.357913
Weights: 636.000000 9998.000000 2795.000000
Center Node: 355
