BalanceViolation 998.915000
AffinityLoss 0.000000
Compactness 48880.252904

District 1
Nodes: 6 13 40 41 72 74 134 153 159 181 195 208 223 283 290 309 348 349 423 437 439 459 461 486
Compactness: 2067.201991
Weights: 321.000000 5357.000000 1448.000000
Center Node: 486

District 2
Nodes: 32 37 58 75 94 140 167 171 281 284 287 294 299 382 392 393 410 431 441 447 466 468 475 487
Compactness: 2500.713286
Weights: 293.000000 5134.000000 1435.000000
Center Node: 32

District 3
Nodes: 39 78 84 101 131 136 148 151 172 202 222 225 229 234 278 292 326 353 364 366 368 395 405 421 499
Compactness: 2548.921004
Weights: 328.000000 5497.000000 1366.000000
Center Node: 225

District 4
Nodes: 4 5 50 57 146 164 190 242 271 291 296 313 330 337 350 358 362 367 372 380 381 383 465 478 480 489 495
Compactness: 2459.736924
Weights: 322.000000 4865.000000 1661.000000
Center Node: 57

District 5
Nodes: 3 11 24 30 34 49 98 113 120 160 166 180 232 267 274 298 302 303 307 324 347 356 412 481
Compactness: 2345.522645
Weights: 275.000000 5553.000000 1343.000000
Center Node: 34

District 6
Nodes: 9 15 23 31 38 47 61 77 204 213 219 260 275 310 315 328 399 403 409 414 436 463 491
Compactness: 2070.987316
Weights: 280.000000 5163.000000 1581.000000
Center Node: 38

District 7
Nodes: 19 55 65 73 79 112 114 124 126 145 162 170 175 177 240 241 246 249 293 306 346 374 426 428 473 498
Compactness: 2870.216759
Weights: 323.000000 5145.000000 1433.000000
Center Node: 65

District 8
Nodes: 0 16 27 43 45 51 83 97 117 119 142 144 158 173 176 184 235 300 316 404 432 457 492 494
Compactness: 1810.093668
Weights: 287.000000 5434.000000 1573.000000
Center Node: 432

District 9
Nodes: 10 22 44 70 96 115 121 168 169 188 193 236 262 264 265 276 288 314 334 352 384 397 424 443 456
Compactness: 2488.584152
Weights: 347.000000 5023.000000 1526.000000
Center Node: 276

District 10
Nodes: 7 18 89 163 199 226 230 258 301 304 321 322 327 336 338 340 351 365 369 407 411 446 450 460
Compactness: 2261.208109
Weights: 284.000000 5487.000000 1177.000000
Center Node: 89

District 11
Nodes: 20 26 33 36 66 102 116 165 179 183 186 197 209 231 256 285 361 378 396 416 417 462 490
Compactness: 2236.835894
Weights: 266.000000 5276.000000 1523.000000
Center Node: 462

District 12
Nodes: 59 71 93 95 127 133 143 152 192 198 220 245 263 273 295 373 375 389 394 401 418 429 435 442 476
Compactness: 2374.992687
Weights: 304.000000 5260.000000 1511.000000
Center Node: 220

District 13
Nodes: 141 147 157 161 185 196 205 206 211 212 221 227 233 243 257 259 270 317 320 323 354 357 391 422 453 455 474
Compactness: 3576.014583
Weights: 347.000000 5536.000000 1409.000000
Center Node: 317

District 14
Nodes: 29 56 67 68 82 87 111 150 155 210 237 244 252 269 277 319 363 387 398 419 458 470 483 485
Compactness: 2592.476421
Weights: 308.000000 5150.000000 1540.000000
Center Node: 363

District 15
Nodes: 17 48 63 81 107 137 139 174 214 266 308 325 344 359 370 400 406 425 448 451 469 482 496
Compactness: 1715.108754
Weights: 290.000000 5467.000000 1421.000000
Center Node: 214

District 16
Nodes: 8 54 62 69 103 108 130 132 149 268 280 282 329 332 341 345 355 371 390 413 430 434 464 477 488 493
Compactness: 2523.707106
Weights: 291.000000 5385.000000 1559.000000
Center Node: 345

District 17
Nodes: 1 28 35 88 105 106 118 138 154 216 218 238 248 250 253 289 305 331 376 433 445 449 452 471 497
Compactness: 1787.800242
Weights: 270.000000 5475.000000 1409.000000
Center Node: 253

District 18
Nodes: 12 25 60 64 76 80 90 91 100 109 123 125 129 182 200 224 228 239 254 279 297 318 385 386 388 438 454 472 484
Compactness: 2864.351256
Weights: 381.000000 5448.000000 1417.000000
Center Node: 60

District 19
Nodes: 21 86 92 104 110 122 135 187 194 203 215 217 272 286 311 312 339 342 360 402 420 444 467 479
Compactness: 3018.373320
Weights: 312.000000 5047.000000 1498.000000
Center Node: 194

District 20
Nodes: 2 14 42 46 52 53 85 99 128 156 178 189 191 201 207 247 251 255 261 333 335 343 377 379 408 415 427 440
Compactness: 2767.406787
Weights: 303.000000 5016.000000 1684.000000
Center Node: 251
