BalanceViolation 3330.479000
AffinityLoss 0.000000
Compactness 117503.639818

District 1
Nodes: 161 214 288 299 387 389 429 502 503 514 616 633 638 647 688 701 749 757 821 948 953 980 1105 1134 1162 1225 1288 1436 1464 1615 1716 1723 1725 1737 1861 1867 1877 1910 1971 1986 1997
Compactness: 2455.789567
Weights: 498.000000 8846.000000 2222.000000
Center Node: 1225

District 2
Nodes: 87 310 369 392 412 490 583 592 612 619 653 685 700 759 784 823 878 896 897 1081 1183 1257 1271 1368 1383 1388 1399 1432 1434 1450 1572 1629 1647 1680 1718 1799 1814 1847 1885 1938 1972
Compactness: 2327.764745
Weights: 513.000000 8908.000000 2303.000000
Center Node: 1434

District 3
Nodes: 36 184 188 232 252 345 386 521 537 580 655 801 829 841 888 975 985 996 1015 1021 1084 1126 1193 1241 1323 1428 1457 1496 1513 1550 1567 1688 1706 1726 1762 1767 1820 1851 1852 1905 1978 1988
Compactness: 2211.352875
Weights: 502.000000 8110.000000 2447.000000
Center Node: 386

District 4
Nodes: 33 182 256 306 319 356 368 374 398 408 474 661 683 691 803 811 834 997 1028 1048 1116 1131 1141 1180 1228 1258 1327 1349 1366 1411 1458 1508 1612 1687 1730 1838 1840 1853 1907 1927 1964 1984
Compactness: 2800.589582
Weights: 537.000000 8347.000000 2194.000000
Center Node: 691

District 5
Nodes: 8 104 301 316 355 372 533 574 622 808 890 983 1088 1158 1247 1260 1270 1314 1335 1341 1356 1357 1391 1442 1486 1580 1583 1593 1606 1614 1628 1651 1696 1746 1748 1780 1878 1913 1951 1968
Compactness: 2222.280482
Weights: 498.000000 8450.000000 2377.000000
Center Node: 1968

District 6
Nodes: 13 324 340 400 453 487 494 499 523 526 615 726 732 782 863 898 914 949 1079 1167 1188 1198 1254 1283 1304 1361 1402 1415 1534 1559 1561 1648 1662 1681 1760 1822 1930 1937 1943 1949
Compactness: 2800.253967
Weights: 502.000000 8450.000000 2322.000000
Center Node: 1559

District 7
Nodes: 47 209 276 295 330 413 426 670 695 724 742 854 889 930 1059 1091 1125 1178 1267 1302 1315 1387 1520 1663 1665 1727 1777 1835 1888 1954 1976 1999
Compactness: 1485.305670
Weights: 334.000000 7557.000000 1671.000000
Center Node: 1315

District 8
Nodes: 86 96 291 302 354 522 548 641 649 690 753 798 850 892 928 938 1019 1041 1069 1153 1154 1157 1171 1203 1205 1251 1269 1467 1478 1498 1573 1644 1700 1707 1765 1823 1849 1866 1975
Compactness: 2003.713540
Weights: 447.000000 8122.000000 2426.000000
Center Node: 641

District 9
Nodes: 25 63 98 140 240 275 303 312 327 332 341 351 370 431 554 609 665 787 813 851 864 919 920 1072 1144 1170 1190 1313 1358 1451 1690 1758 1781 1791 1831 1863 1879 1917 1969
Compactness: 2323.948035
Weights: 481.000000 8125.000000 2346.000000
Center Node: 851

District 10
Nodes: 1 211 272 342 360 364 388 437 440 475 478 556 594 611 656 693 710 715 722 748 755 861 936 1063 1093 1109 1120 1232 1275 1413 1426 1512 1516 1605 1809 1821 1850 1897
Compactness: 1742.504905
Weights: 475.000000 8926.000000 2281.000000
Center Node: 1809

District 11
Nodes: 23 35 72 137 176 205 220 271 281 307 371 391 568 589 624 639 664 682 713 738 770 779 1053 1095 1136 1176 1184 1303 1309 1382 1456 1463 1639 1749 1769 1798 1816 1844 1908 1956
Compactness: 2651.521591
Weights: 447.000000 8439.000000 2274.000000
Center Node: 1176

District 12
Nodes: 56 75 112 191 363 417 447 463 553 561 587 626 644 735 855 879 998 1060 1102 1133 1211 1214 1265 1282 1338 1447 1472 1521 1595 1609 1620 1679 1703 1713 1744 1858 1895
Compactness: 2186.670822
Weights: 428.000000 8105.000000 2445.000000
Center Node: 1595

District 13
Nodes: 20 37 203 215 222 242 262 396 399 491 560 635 660 760 796 917 1085 1119 1147 1289 1360 1370 1517 1524 1531 1539 1547 1579 1591 1624 1657 1717 1722 1834 1893 1902 1912 1939 1957 1991
Compactness: 2303.983459
Weights: 487.000000 8883.000000 2332.000000
Center Node: 1717

District 14
Nodes: 14 58 73 83 89 97 153 292 344 379 406 419 423 588 687 827 900 902 908 954 955 988 995 1050 1101 1202 1209 1221 1285 1319 1325 1374 1523 1621 1670 1783 1790 1806 1855 1911 1924 1953 1989
Compactness: 2142.361165
Weights: 460.000000 8805.000000 2395.000000
Center Node: 902

District 15
Nodes: 19 42 77 120 147 250 280 424 432 449 452 532 550 585 617 630 680 781 791 867 874 894 932 933 1152 1164 1192 1264 1292 1318 1461 1477 1527 1596 1643 1661 1800 1817 1929 1940
Compactness: 2134.270638
Weights: 469.000000 8470.000000 2143.000000
Center Node: 1318

District 16
Nodes: 39 53 177 179 185 390 438 495 498 620 767 776 819 856 876 887 911 923 990 1008 1036 1044 1090 1096 1139 1161 1174 1274 1344 1422 1440 1462 1468 1571 1577 1581 1585 1756 1856 1871 1901 1944
Compactness: 2682.880607
Weights: 487.000000 8768.000000 2385.000000
Center Node: 1571

District 17
Nodes: 5 12 26 70 122 131 230 279 289 290 393 467 473 517 543 546 593 618 650 679 705 709 725 743 895 1040 1097 1123 1290 1320 1332 1599 1652 1724 1738 1829 1926 1942 1994 1996
Compactness: 2605.622541
Weights: 502.000000 8785.000000 2278.000000
Center Node: 1996

District 18
Nodes: 44 103 152 193 258 277 320 395 520 545 551 668 673 731 756 794 814 833 842 885 1042 1089 1150 1175 1212 1252 1372 1404 1480 1533 1558 1568 1649 1714 1787 1827 1836 1869 1915 1932 1947 1977
Compactness: 2447.292148
Weights: 497.000000 8932.000000 2201.000000
Center Node: 1558

District 19
Nodes: 11 102 133 204 217 268 359 397 401 477 504 536 584 632 645 652 654 708 773 828 962 1058 1196 1236 1253 1310 1340 1394 1487 1507 1546 1557 1564 1626 1640 1672 1789 1824 1843 1872 1919 1955
Compactness: 2161.865615
Weights: 562.000000 8103.000000 2434.000000
Center Node: 828

District 20
Nodes: 7 30 74 82 121 207 238 286 346 375 448 465 529 531 697 698 720 746 771 786 950 1023 1051 1056 1219 1268 1333 1350 1396 1410 1439 1470 1604 1625 1683 1736 1785 1804 1811 1842 1892 1903 1985
Compactness: 2499.967351
Weights: 484.000000 8378.000000 2200.000000
Center Node: 346

District 21
Nodes: 27 50 141 162 168 278 282 439 443 696 800 837 843 904 921 951 967 974 1046 1057 1086 1146 1195 1201 1233 1245 1256 1261 1266 1272 1419 1493 1510 1518 1693 1719 1751 1801 1815 1874 1982 1992
Compactness: 2666.482875
Weights: 480.000000 8529.000000 2404.000000
Center Node: 1719

District 22
Nodes: 2 54 84 101 146 187 247 270 315 382 430 436 575 576 631 768 846 859 869 871 1038 1107 1108 1300 1328 1375 1412 1424 1452 1501 1532 1556 1594 1642 1705 1710 1795 1825 1864 1899 1962
Compactness: 2752.857158
Weights: 450.000000 7723.000000 2524.000000
Center Node: 575

District 23
Nodes: 22 61 88 106 108 196 231 353 376 409 415 572 573 604 629 642 651 694 774 880 883 1017 1039 1043 1163 1207 1222 1352 1380 1393 1475 1511 1586 1601 1694 1729 1794 1803 1906 1920 1970
Compactness: 2146.373360
Weights: 494.000000 8561.000000 2320.000000
Center Node: 409

District 24
Nodes: 123 139 241 254 305 311 343 403 484 513 530 571 590 689 714 716 727 734 754 758 806 848 860 884 956 991 1074 1106 1135 1220 1293 1423 1435 1444 1445 1471 1522 1668 1715 1830 1931 1945
Compactness: 2730.855163
Weights: 490.000000 8917.000000 2360.000000
Center Node: 305

District 25
Nodes: 10 24 71 165 233 244 348 365 433 442 458 737 761 762 818 839 882 929 969 1100 1112 1143 1166 1240 1246 1273 1297 1379 1437 1448 1536 1566 1569 1634 1678 1739 1788 1796 1802 1807 1813 1828 1914 1963
Compactness: 2854.783868
Weights: 474.000000 8729.000000 2400.000000
Center Node: 1100

District 26
Nodes: 15 46 81 149 172 223 407 445 469 525 719 728 810 825 840 881 944 952 958 978 1110 1122 1148 1168 1194 1287 1307 1329 1409 1525 1616 1654 1675 1684 1740 1774 1860 1884 1891 1987
Compactness: 1985.133418
Weights: 463.000000 8547.000000 2368.000000
Center Node: 1684

District 27
Nodes: 52 148 221 260 261 308 314 323 335 338 460 509 512 549 601 634 636 637 659 677 692 706 707 752 769 905 1151 1250 1331 1336 1386 1421 1506 1530 1686 1753 1761 1797
Compactness: 2239.764185
Weights: 502.000000 8288.000000 2248.000000
Center Node: 1331

District 28
Nodes: 45 59 159 170 192 195 248 383 540 565 598 717 820 852 913 942 972 1026 1030 1129 1137 1210 1343 1449 1492 1499 1519 1541 1551 1598 1638 1641 1673 1685 1692 1697 1720 1731 1818 1845 1916
Compactness: 2323.609292
Weights: 498.000000 8506.000000 2277.000000
Center Node: 717

District 29
Nodes: 111 167 294 298 313 418 421 450 505 591 602 675 684 703 751 765 766 795 886 922 935 966 987 1145 1237 1276 1291 1398 1401 1490 1495 1500 1553 1622 1793 1826 1839 1875 1918
Compactness: 2475.986827
Weights: 473.000000 8903.000000 2270.000000
Center Node: 313

District 30
Nodes: 4 62 93 142 183 206 304 333 394 461 468 570 662 676 686 721 910 1010 1022 1025 1049 1111 1127 1242 1286 1316 1355 1359 1460 1474 1479 1529 1590 1630 1631 1635 1664 1695 1742 1935
Compactness: 1832.512987
Weights: 492.000000 8823.000000 2213.000000
Center Node: 4

District 31
Nodes: 43 113 180 186 201 202 225 283 329 362 507 524 544 667 802 804 964 973 1094 1191 1226 1248 1255 1259 1317 1397 1427 1443 1459 1526 1611 1653 1656 1660 1747 1768 1819 1890 1959 1993
Compactness: 2501.543442
Weights: 506.000000 8831.000000 2184.000000
Center Node: 1191

District 32
Nodes: 48 99 115 134 164 234 235 263 435 599 777 785 807 838 844 899 959 1033 1055 1098 1103 1149 1155 1186 1197 1277 1296 1308 1405 1406 1433 1483 1528 1677 1766 1812 1833 1928 1974 1979
Compactness: 2239.500506
Weights: 497.000000 8883.000000 2366.000000
Center Node: 785

District 33
Nodes: 34 57 114 118 226 318 479 518 557 613 614 623 674 678 702 723 971 1066 1114 1160 1215 1227 1281 1284 1362 1381 1549 1578 1618 1676 1699 1701 1755 1837 1881 1904 1934 1960 1980
Compactness: 1769.746690
Weights: 491.000000 8825.000000 2386.000000
Center Node: 1881

District 34
Nodes: 31 68 76 94 116 156 175 253 264 287 425 489 508 510 527 562 608 669 730 832 849 873 875 1070 1132 1244 1311 1400 1489 1509 1514 1563 1666 1702 1712 1770 1775 1805 1894 1948 1981
Compactness: 2375.385272
Weights: 478.000000 8504.000000 2387.000000
Center Node: 608

District 35
Nodes: 49 64 110 128 210 219 309 331 337 352 358 519 681 704 729 747 750 764 772 793 797 812 1005 1029 1047 1067 1077 1083 1130 1200 1216 1217 1263 1377 1389 1431 1484 1560 1602
Compactness: 2633.150777
Weights: 501.000000 8124.000000 2288.000000
Center Node: 1077

District 36
Nodes: 21 38 125 127 155 173 243 385 444 470 492 547 582 643 646 909 960 963 1000 1024 1035 1045 1054 1182 1185 1234 1238 1262 1365 1465 1627 1646 1659 1733 1757 1772 1841 1876 1922
Compactness: 2286.377789
Weights: 453.000000 8570.000000 2234.000000
Center Node: 547

District 37
Nodes: 32 132 145 174 197 284 293 326 336 378 381 462 482 500 515 569 989 1003 1012 1078 1104 1206 1235 1312 1392 1407 1417 1473 1554 1619 1669 1732 1741 1925 1958 1998
Compactness: 2067.363206
Weights: 467.000000 8669.000000 2406.000000
Center Node: 462

District 38
Nodes: 0 181 218 239 251 273 296 367 402 405 420 472 566 600 891 926 937 986 1034 1062 1071 1177 1187 1322 1354 1384 1537 1538 1545 1548 1555 1562 1575 1582 1636 1650 1750 1754 1973
Compactness: 2708.942881
Weights: 514.000000 8106.000000 2245.000000
Center Node: 0

District 39
Nodes: 67 80 109 160 166 404 457 483 516 534 736 763 872 916 934 957 992 1052 1080 1099 1165 1213 1280 1378 1403 1414 1540 1542 1623 1632 1633 1776 1782 1857 1909 1946 1961
Compactness: 2065.932956
Weights: 425.000000 8782.000000 1980.000000
Center Node: 1414

District 40
Nodes: 29 95 144 194 300 366 384 464 476 506 539 595 718 799 824 831 868 912 924 925 977 1121 1128 1321 1330 1339 1342 1347 1353 1369 1376 1488 1502 1570 1574 1610 1613 1698 1792 1865 1873 1900 1995
Compactness: 3317.245313
Weights: 502.000000 8359.000000 2294.000000
Center Node: 1121

District 41
Nodes: 51 69 105 119 124 138 154 171 228 236 237 249 416 441 555 579 581 586 603 740 789 815 822 1018 1204 1239 1298 1351 1385 1441 1454 1485 1588 1691 1711 1728 1771 1936
Compactness: 2279.573323
Weights: 407.000000 8770.000000 2255.000000
Center Node: 1485

District 42
Nodes: 6 9 16 90 126 129 151 189 199 229 245 434 481 511 538 564 607 663 672 712 733 739 847 870 939 945 946 979 1002 1031 1087 1169 1223 1295 1363 1371 1395 1466 1503 1565 1709 1941
Compactness: 2887.609436
Weights: 498.000000 8899.000000 2328.000000
Center Node: 945

District 43
Nodes: 41 143 157 163 213 216 266 297 446 501 528 558 567 628 648 666 745 783 805 816 862 931 968 1181 1249 1345 1373 1408 1497 1515 1587 1645 1667 1721 1735 1778 1786 1887
Compactness: 2059.061268
Weights: 446.000000 8889.000000 2166.000000
Center Node: 528

District 44
Nodes: 55 158 265 269 322 325 410 459 542 605 671 788 901 927 940 943 965 982 993 1113 1189 1294 1301 1324 1346 1367 1543 1544 1617 1671 1752 1773 1846 1933 1952 1967 1990
Compactness: 1877.346294
Weights: 430.000000 7299.000000 2009.000000
Center Node: 671

District 45
Nodes: 79 169 212 255 259 267 334 380 455 456 480 486 559 596 627 778 835 853 961 1004 1007 1009 1068 1082 1092 1124 1138 1208 1243 1278 1364 1584 1592 1603 1674 1759 1848 1854 1889 1965 1966
Compactness: 2172.436382
Weights: 496.000000 8666.000000 2282.000000
Center Node: 559

District 46
Nodes: 28 100 107 117 208 257 339 347 349 357 411 485 541 597 640 775 845 906 915 941 947 1013 1064 1117 1118 1172 1173 1224 1326 1334 1390 1420 1504 1708 1745 1763 1764 1880 1882 1883 1950
Compactness: 2372.700351
Weights: 496.000000 8887.000000 2253.000000
Center Node: 1745

District 47
Nodes: 17 85 91 130 198 227 317 328 428 451 454 466 471 577 606 658 711 741 809 830 865 877 903 1001 1006 1032 1159 1230 1305 1306 1418 1482 1505 1607 1608 1637 1689 1704 1734 1832 1859 1868
Compactness: 2517.318165
Weights: 488.000000 8809.000000 2251.000000
Center Node: 198

District 48
Nodes: 18 40 60 78 135 136 150 246 488 497 552 621 625 657 744 994 999 1020 1061 1065 1073 1075 1115 1156 1231 1279 1416 1430 1453 1469 1481 1535 1589 1600 1810 1886 1923 1983
Compactness: 2176.665968
Weights: 455.000000 8199.000000 2386.000000
Center Node: 621

District 49
Nodes: 65 178 224 274 285 321 350 361 414 422 427 496 535 610 790 792 817 826 836 866 981 1027 1037 1142 1229 1348 1425 1429 1446 1455 1476 1491 1494 1552 1655 1682 1779 1784 1870 1896 1921
Compactness: 2684.398277
Weights: 501.000000 8808.000000 2360.000000
Center Node: 178

District 50
Nodes: 3 66 92 190 200 373 377 493 563 578 699 780 857 858 893 907 918 970 976 984 1011 1014 1016 1076 1140 1179 1199 1218 1299 1337 1438 1576 1597 1658 1743 1808 1862 1898
Compactness: 2313.043082
Weights: 409.000000 8151.000000 2425.000000
Center Node: 1140
