BalanceViolation 3108.877000
AffinityLoss 0.000000
Compactness 59644.447435

District 1
Nodes: 42 53 123 206 368 405 439 450 526 570 636 729 808 819 855 866 869 872 889
Compactness: 1191.614114
Weights: 202.000000 4458.000000 1213.000000
Center Node: 636

District 2
Nodes: 133 153 155 181 210 229 296 323 347 425 483 662 778 887 897 914 924 929 968
Compactness: 967.802185
Weights: 216.000000 4101.000000 1205.000000
Center Node: 229

District 3
Nodes: 28 236 285 357 387 416 421 468 523 574 608 802 871 937 944
Compactness: 705.516167
Weights: 172.000000 3455.000000 896.000000
Center Node: 387

District 4
Nodes: 134 141 146 185 378 420 422 459 504 587 659 672 739 794 854 879 898 925 996
Compactness: 1056.808106
Weights: 240.000000 4410.000000 890.000000
Center Node: 146

District 5
Nodes: 57 63 74 113 164 262 443 544 566 653 686 755 764 766 779 806 893 910 916 926 938 948 949
Compactness: 1420.018404
Weights: 256.000000 4349.000000 1187.000000
Center Node: 74

District 6
Nodes: 26 34 44 48 76 128 222 233 263 269 315 376 435 455 654 738 752 757 784 896 941
Compactness: 1487.932996
Weights: 248.000000 4044.000000 1330.000000
Center Node: 48

District 7
Nodes: 52 62 70 88 135 144 208 278 294 301 341 414 473 571 615 668 810 843 922 977
Compactness: 1613.289088
Weights: 231.000000 4003.000000 1158.000000
Center Node: 52

District 8
Nodes: 87 191 254 407 410 411 492 675 679 701 734 759 783 789 817 853 868 882 963
Compactness: 984.728810
Weights: 221.000000 4143.000000 1251.000000
Center Node: 789

District 9
Nodes: 99 105 174 284 401 428 532 535 553 560 599 670 677 681 753 785 786 788 848 886 981
Compactness: 1185.646101
Weights: 244.000000 4185.000000 1004.000000
Center Node: 401

District 10
Nodes: 31 39 41 59 60 239 286 288 297 307 333 356 358 375 556 561 622 685 722 735 765 769 830 862
Compactness: 1626.537692
Weights: 320.000000 4111.000000 1180.000000
Center Node: 765

District 11
Nodes: 32 243 328 354 404 487 540 568 592 613 709 743 775 787 818 846 870 876 902 933 935
Compactness: 1329.380264
Weights: 210.000000 4270.000000 1170.000000
Center Node: 935

District 12
Nodes: 16 121 143 159 280 351 476 482 496 525 552 625 645 745 749 781 833 844 900 978
Compactness: 1237.086356
Weights: 239.000000 4297.000000 1232.000000
Center Node: 844

District 13
Nodes: 37 43 106 116 147 152 160 277 327 343 371 391 575 595 658 695 714 795 812 888 921
Compactness: 1298.081023
Weights: 233.000000 4131.000000 1204.000000
Center Node: 116

District 14
Nodes: 38 110 172 261 314 322 359 388 433 548 562 579 589 635 641 648 661 669 776 791 837 954
Compactness: 1078.044873
Weights: 234.000000 4338.000000 1219.000000
Center Node: 548

District 15
Nodes: 13 80 97 182 198 245 334 393 454 495 538 545 550 586 593 603 634 674 836 890 913 989
Compactness: 1761.534345
Weights: 278.000000 4352.000000 1188.000000
Center Node: 13

District 16
Nodes: 27 58 84 96 125 175 199 363 367 398 446 481 488 559 600 628 631 761 821 847
Compactness: 1085.302168
Weights: 235.000000 4354.000000 1144.000000
Center Node: 84

District 17
Nodes: 81 102 132 148 223 275 345 361 390 429 480 611 626 712 780 796 863 936 950 985
Compactness: 1157.658914
Weights: 242.000000 4190.000000 1140.000000
Center Node: 223

District 18
Nodes: 22 161 163 204 215 338 353 501 512 528 546 597 700 798 813 816 874 884 912
Compactness: 962.081533
Weights: 263.000000 4187.000000 1206.000000
Center Node: 816

District 19
Nodes: 54 186 244 302 470 486 520 647 774 777 797 803 825 851 856 877 915 959 982
Compactness: 1190.223823
Weights: 198.000000 4287.000000 1026.000000
Center Node: 959

District 20
Nodes: 18 46 86 100 109 118 151 265 268 287 295 419 463 485 815 827 867 942 979
Compactness: 812.399489
Weights: 229.000000 4297.000000 1228.000000
Center Node: 100

District 21
Nodes: 36 203 237 304 316 377 436 460 680 697 707 760 792 823 901 918 990
Compactness: 762.285269
Weights: 253.000000 4474.000000 1017.000000
Center Node: 760

District 22
Nodes: 10 19 20 24 216 226 227 251 313 395 474 581 617 733 736 748 758 763 920 923 986 993
Compactness: 1181.713543
Weights: 234.000000 4423.000000 1211.000000
Center Node: 923

District 23
Nodes: 25 40 117 200 308 464 508 578 604 633 660 682 708 718 800 822 934 969
Compactness: 808.109748
Weights: 223.000000 4443.000000 1199.000000
Center Node: 800

District 24
Nodes: 23 69 114 122 137 311 318 337 342 372 461 491 503 510 557 673 849 860 940 945 953 967 998
Compactness: 1488.633832
Weights: 261.000000 4233.000000 1179.000000
Center Node: 311

District 25
Nodes: 73 187 259 272 281 431 469 539 607 620 746 820 826 864 865 904 952 965 995 997
Compactness: 1299.069694
Weights: 274.000000 4131.000000 1155.000000
Center Node: 272

District 26
Nodes: 7 68 95 111 139 165 180 190 209 242 258 331 415 447 605 639 655 706 811 976 994
Compactness: 1349.540487
Weights: 236.000000 4452.000000 1125.000000
Center Node: 165

District 27
Nodes: 8 30 51 75 101 119 136 228 252 260 312 406 423 442 456 517 601 704 727 814 931 980
Compactness: 1346.147291
Weights: 245.000000 4483.000000 1099.000000
Center Node: 8

District 28
Nodes: 50 64 104 156 188 235 247 255 279 516 521 537 555 606 683 691 750 801 892 972 983
Compactness: 1265.589612
Weights: 255.000000 3666.000000 1327.000000
Center Node: 156

District 29
Nodes: 12 124 162 177 212 224 238 273 499 531 573 582 702 742 790 835 850 946
Compactness: 1003.554082
Weights: 235.000000 4461.000000 999.000000
Center Node: 850

District 30
Nodes: 14 56 120 179 184 241 253 282 298 305 340 344 379 427 448 451 494 591 762 907
Compactness: 1290.181788
Weights: 224.000000 4252.000000 1087.000000
Center Node: 494

District 31
Nodes: 65 150 157 201 231 289 335 380 397 475 536 543 554 616 731 885 894 973 974
Compactness: 1077.367250
Weights: 208.000000 4390.000000 1186.000000
Center Node: 554

District 32
Nodes: 29 89 145 196 303 309 317 412 417 449 506 547 564 689 728 756 809 828 928
Compactness: 1445.211363
Weights: 211.000000 4003.000000 1129.000000
Center Node: 29

District 33
Nodes: 49 129 178 267 306 320 373 413 507 534 627 646 649 650 696 719 751 903 947
Compactness: 1013.783209
Weights: 238.000000 4437.000000 1243.000000
Center Node: 49

District 34
Nodes: 33 66 78 167 169 195 319 329 383 437 444 445 462 484 533 652 721 831 939 975
Compactness: 1462.932767
Weights: 224.000000 4158.000000 1332.000000
Center Node: 78

District 35
Nodes: 4 176 217 270 370 409 426 478 489 541 567 572 602 614 768 943 958 970 971
Compactness: 987.203262
Weights: 214.000000 4472.000000 1097.000000
Center Node: 970

District 36
Nodes: 2 3 15 21 35 71 108 158 173 189 325 326 348 349 394 430 558 569 590 705 875 988
Compactness: 1357.101624
Weights: 276.000000 4354.000000 1205.000000
Center Node: 590

District 37
Nodes: 0 85 127 214 221 299 310 332 518 524 576 584 630 687 699 773 793 829 858 909 962
Compactness: 1268.903982
Weights: 282.000000 4406.000000 1186.000000
Center Node: 576

District 38
Nodes: 45 72 171 183 192 240 249 336 392 493 502 522 609 623 703 716 717 725 771 842 955 956 964
Compactness: 1629.211392
Weights: 276.000000 4411.000000 1113.000000
Center Node: 522

District 39
Nodes: 5 142 218 234 250 271 441 515 563 577 594 624 656 678 710 878 908 919 999
Compactness: 951.794944
Weights: 206.000000 4349.000000 1144.000000
Center Node: 919

District 40
Nodes: 83 292 321 346 355 396 471 505 530 551 664 667 684 692 720 770 859 927
Compactness: 1618.955167
Weights: 213.000000 4178.000000 1164.000000
Center Node: 396

District 41
Nodes: 9 61 94 166 170 283 293 382 385 465 588 619 694 698 723 767 838 861 906 932 991
Compactness: 770.002458
Weights: 250.000000 4275.000000 1125.000000
Center Node: 694

District 42
Nodes: 11 17 130 193 197 202 211 291 424 467 632 637 657 676 724 741 744 754 832 895 930
Compactness: 1293.687888
Weights: 286.000000 4193.000000 1185.000000
Center Node: 467

District 43
Nodes: 82 126 140 225 276 452 472 497 500 519 583 585 598 621 665 666 730 782 880
Compactness: 1257.010866
Weights: 235.000000 4021.000000 1361.000000
Center Node: 472

District 44
Nodes: 1 47 79 98 168 194 207 264 290 352 434 513 529 549 638 713 726 799 841 911
Compactness: 1148.437795
Weights: 298.000000 4038.000000 1214.000000
Center Node: 1

District 45
Nodes: 103 112 131 213 246 324 384 389 457 458 629 644 651 663 732 805 857 881 966
Compactness: 1028.442063
Weights: 200.000000 4446.000000 1066.000000
Center Node: 246

District 46
Nodes: 115 230 266 350 369 374 381 438 466 527 618 642 643 690 693 737 747 807 905
Compactness: 1093.225208
Weights: 242.000000 4367.000000 1131.000000
Center Node: 690

District 47
Nodes: 55 67 91 149 205 219 300 365 453 490 511 565 640 671 740 839 845 873 957 987
Compactness: 1125.255972
Weights: 293.000000 4212.000000 1219.000000
Center Node: 845

District 48
Nodes: 6 138 154 220 232 256 360 362 386 400 402 418 580 610 612 711 772 804 834
Compactness: 1070.589167
Weights: 240.000000 4028.000000 1183.000000
Center Node: 362

District 49
Nodes: 90 92 107 248 257 274 364 366 399 403 440 477 479 498 509 542 596 824 891 899 960
Compactness: 1265.850728
Weights: 244.000000 4228.000000 1219.000000
Center Node: 542

District 50
Nodes: 77 93 330 339 408 432 514 688 715 840 852 883 917 951 961 984 992
Compactness: 832.968533
Weights: 232.000000 4450.000000 1173.000000
Center Node: 852
