BalanceViolation 1376.305000
AffinityLoss 0.000000
Compactness 116437.578602

District 1
Nodes: 35 110 119 226 375 396 414 524 567 574 648 726 754 794 889 897 931 1036 1046 1073 1194 1331 1369 1453 1499 1575 1606 1640 1674 1684 1695 1722 1816 1861 1872 1883 1916 1923 1948 1961 1962 1974
Compactness: 2197.288104
Weights: 473.000000 8636.000000 2419.000000
Center Node: 1974

District 2
Nodes: 124 147 313 363 454 465 477 493 517 536 637 655 672 780 874 942 959 965 1086 1120 1242 1294 1313 1421 1431 1443 1452 1533 1549 1572 1651 1665 1711 1786 1787 1935 1970
Compactness: 1760.928245
Weights: 442.000000 8009.000000 2388.000000
Center Node: 147

District 3
Nodes: 55 69 76 80 141 284 360 381 446 460 480 507 534 554 573 580 613 660 818 866 900 950 1021 1060 1147 1167 1199 1277 1308 1310 1319 1387 1416 1456 1601 1745 1814 1893 1939 1947 1998
Compactness: 2343.453349
Weights: 500.000000 8046.000000 2417.000000
Center Node: 534

District 4
Nodes: 15 38 115 151 166 182 231 237 260 312 314 343 347 432 440 541 543 579 626 682 737 862 939 940 945 990 1023 1168 1251 1326 1383 1394 1395 1471 1525 1537 1703 1785 1930
Compactness: 2403.109000
Weights: 490.000000 7950.000000 2193.000000
Center Node: 115

District 5
Nodes: 66 77 78 94 114 117 126 191 206 374 492 629 708 758 784 834 836 848 855 856 912 1059 1093 1101 1102 1109 1165 1166 1191 1207 1280 1291 1356 1382 1438 1482 1612 1657 1662 1686 1688 1708 1761 1857
Compactness: 2635.771019
Weights: 492.000000 7975.000000 2435.000000
Center Node: 1761

District 6
Nodes: 40 125 160 172 211 213 389 429 494 518 597 614 625 721 761 790 859 899 930 1038 1106 1196 1226 1305 1340 1389 1502 1539 1571 1587 1592 1672 1673 1773 1810 1825 1881 1919 1944 1953
Compactness: 2337.299815
Weights: 492.000000 8361.000000 2298.000000
Center Node: 1673

District 7
Nodes: 14 19 62 251 276 346 350 512 609 627 628 653 690 716 830 838 842 844 860 1029 1042 1246 1334 1358 1360 1420 1541 1563 1565 1584 1602 1616 1619 1812 1842 1863 1869 1899 1927 1966
Compactness: 3273.599010
Weights: 460.000000 7754.000000 2278.000000
Center Node: 1246

District 8
Nodes: 13 143 186 221 258 402 404 448 472 490 491 667 680 759 802 821 861 870 918 937 971 1076 1115 1243 1292 1328 1351 1414 1437 1446 1527 1573 1647 1661 1696 1797 1803 1906 1979
Compactness: 2206.199392
Weights: 475.000000 8739.000000 2358.000000
Center Node: 870

District 9
Nodes: 10 43 47 59 144 245 300 368 467 475 523 566 617 792 892 901 994 1157 1216 1217 1233 1255 1270 1309 1332 1336 1353 1423 1488 1545 1621 1631 1669 1677 1718 1748 1790 1792 1821 1886 1980
Compactness: 2197.943838
Weights: 489.000000 8675.000000 2405.000000
Center Node: 368

District 10
Nodes: 0 27 93 130 142 270 310 324 332 352 362 424 497 503 545 565 656 709 715 736 740 801 851 964 1055 1091 1213 1227 1273 1348 1355 1426 1534 1591 1644 1723 1741 1823 1836 1868
Compactness: 2421.795616
Weights: 465.000000 8053.000000 2412.000000
Center Node: 545

District 11
Nodes: 139 149 173 240 244 259 329 370 383 395 461 576 620 645 746 752 896 906 981 1019 1032 1039 1043 1124 1236 1272 1287 1344 1347 1427 1460 1732 1736 1738 1747 1781 1858 1859 1862 1864 1987
Compactness: 2623.579454
Weights: 511.000000 8722.000000 2138.000000
Center Node: 173

District 12
Nodes: 86 145 170 187 194 225 320 471 547 634 654 670 788 803 873 878 880 898 1014 1017 1040 1052 1114 1184 1187 1188 1349 1371 1477 1516 1540 1577 1643 1705 1725 1776 1801 1838 1866
Compactness: 1835.604508
Weights: 484.000000 7914.000000 2228.000000
Center Node: 803

District 13
Nodes: 135 215 239 373 483 514 544 548 606 624 638 685 703 732 743 760 773 804 845 871 887 938 1097 1129 1161 1256 1293 1329 1380 1425 1474 1486 1570 1607 1682 1694 1716 1777 1894 1904
Compactness: 2106.856177
Weights: 445.000000 7914.000000 2448.000000
Center Node: 373

District 14
Nodes: 44 83 165 319 321 359 361 436 450 484 520 526 569 600 649 706 747 822 877 891 904 914 1020 1028 1118 1119 1197 1317 1496 1504 1645 1659 1727 1739 1784 1817 1855 1895 1946 1976
Compactness: 2099.312577
Weights: 446.000000 8717.000000 2434.000000
Center Node: 706

District 15
Nodes: 157 249 271 334 357 390 413 435 505 599 622 644 702 756 757 779 805 810 875 907 909 927 1094 1146 1258 1300 1397 1461 1463 1468 1522 1536 1666 1697 1699 1715 1751 1804 1892 1896
Compactness: 2157.309513
Weights: 483.000000 8001.000000 1949.000000
Center Node: 1892

District 16
Nodes: 5 39 50 174 263 290 365 441 462 478 498 558 631 695 725 886 973 985 1063 1085 1190 1327 1372 1455 1500 1521 1535 1547 1578 1611 1623 1626 1650 1713 1819 1822
Compactness: 2284.649217
Weights: 430.000000 8727.000000 2206.000000
Center Node: 1547

District 17
Nodes: 37 90 232 254 369 427 487 542 636 688 696 728 816 857 876 895 953 978 1001 1057 1069 1078 1136 1141 1266 1275 1303 1357 1367 1374 1464 1542 1678 1700 1766 1769 1813 1920 1929 1931 1941
Compactness: 1934.271416
Weights: 524.000000 8592.000000 2168.000000
Center Node: 90

District 18
Nodes: 1 41 45 132 137 207 233 248 296 303 349 400 466 591 594 621 641 678 785 858 863 947 972 1000 1005 1033 1035 1231 1237 1295 1318 1373 1417 1485 1554 1562 1614 1617 1618 1658 1671 1975
Compactness: 2661.881143
Weights: 482.000000 8566.000000 2416.000000
Center Node: 466

District 19
Nodes: 48 51 103 113 272 293 380 382 385 438 499 551 583 586 674 717 919 955 996 1003 1068 1212 1241 1265 1339 1403 1506 1519 1552 1561 1583 1646 1740 1742 1746 1757 1845 1849 1911
Compactness: 2440.949432
Weights: 503.000000 7955.000000 2319.000000
Center Node: 583

District 20
Nodes: 18 63 79 100 279 326 339 371 384 418 469 508 530 633 764 769 777 787 806 890 933 1051 1149 1181 1223 1244 1262 1271 1284 1439 1478 1495 1497 1498 1558 1589 1719 1750 1765 1873
Compactness: 1930.282237
Weights: 532.000000 7907.000000 2409.000000
Center Node: 787

District 21
Nodes: 54 210 354 406 420 495 535 657 669 694 718 738 852 853 864 923 941 1062 1203 1205 1214 1249 1278 1304 1366 1392 1524 1528 1564 1600 1638 1690 1710 1850 1900 1926 1937 1949
Compactness: 2364.943005
Weights: 459.000000 8690.000000 2397.000000
Center Node: 1926

District 22
Nodes: 99 106 129 175 227 241 246 257 286 288 298 358 392 468 588 639 663 686 704 722 829 1007 1016 1071 1087 1100 1103 1130 1268 1274 1296 1338 1385 1544 1586 1807 1811 1833 1852
Compactness: 2265.227300
Weights: 492.000000 8698.000000 2158.000000
Center Node: 288

District 23
Nodes: 57 70 120 134 156 281 285 393 455 509 515 539 585 618 623 662 673 689 781 793 825 995 1049 1143 1182 1222 1248 1257 1316 1363 1388 1432 1469 1487 1615 1629 1839 1848 1888 1928 1973
Compactness: 2008.472912
Weights: 476.000000 8702.000000 2355.000000
Center Node: 285

District 24
Nodes: 153 190 208 218 236 247 250 252 331 338 356 481 519 661 719 839 905 949 968 1025 1090 1123 1202 1282 1448 1550 1567 1610 1633 1655 1681 1693 1714 1721 1752 1788 1809 1830 1914 1956 1965
Compactness: 2446.839020
Weights: 431.000000 7943.000000 2434.000000
Center Node: 356

District 25
Nodes: 87 150 192 266 336 367 735 744 783 827 832 837 903 944 1015 1018 1037 1099 1126 1135 1155 1229 1230 1320 1333 1341 1345 1458 1459 1462 1472 1543 1568 1579 1759 1775 1800 1841 1874 1995
Compactness: 2451.364840
Weights: 471.000000 8277.000000 2427.000000
Center Node: 744

District 26
Nodes: 20 112 127 154 164 178 317 333 399 506 552 578 610 619 693 766 872 967 1045 1070 1072 1128 1162 1163 1176 1193 1218 1221 1264 1289 1290 1376 1415 1445 1668 1704 1796 1917 1936 1957
Compactness: 2546.914046
Weights: 452.000000 7970.000000 2488.000000
Center Node: 333

District 27
Nodes: 12 36 42 72 88 102 177 410 482 562 564 571 630 698 705 712 741 823 826 850 883 1008 1034 1044 1116 1253 1297 1323 1370 1510 1555 1653 1734 1735 1820 1847 1890 1945
Compactness: 2382.723099
Weights: 504.000000 8621.000000 2222.000000
Center Node: 1945

District 28
Nodes: 28 92 97 138 243 280 283 407 528 581 587 707 730 778 789 958 961 980 1127 1142 1156 1170 1179 1228 1412 1419 1532 1593 1595 1676 1717 1831 1840 1898 1925 1950 1959 1978
Compactness: 1928.658931
Weights: 531.000000 7932.000000 2241.000000
Center Node: 1978

District 29
Nodes: 26 46 122 158 163 202 253 256 269 291 302 306 315 379 391 537 549 577 595 601 642 677 733 786 828 915 917 1092 1140 1208 1365 1435 1582 1692 1724 1805 1879 1988
Compactness: 2134.433227
Weights: 479.000000 7921.000000 2345.000000
Center Node: 601

District 30
Nodes: 32 52 56 60 219 264 282 292 330 341 419 421 560 598 666 700 775 776 809 867 902 982 1104 1172 1175 1235 1240 1254 1450 1466 1548 1598 1604 1605 1799 1829 1897 1902 1934 1954 1994
Compactness: 2314.547986
Weights: 490.000000 8213.000000 2435.000000
Center Node: 776

District 31
Nodes: 65 101 209 234 265 311 327 416 447 485 556 572 751 884 894 920 1004 1027 1031 1048 1138 1204 1269 1298 1404 1429 1520 1566 1569 1608 1620 1656 1706 1754 1758 1834 1952 1964 1984
Compactness: 2196.078443
Weights: 442.000000 8581.000000 2013.000000
Center Node: 1520

District 32
Nodes: 4 6 85 108 168 220 222 275 328 345 372 412 459 486 546 635 643 652 679 683 723 771 772 974 997 1125 1133 1180 1210 1260 1406 1407 1507 1530 1560 1581 1744 1763 1903 1960
Compactness: 2348.701733
Weights: 522.000000 8589.000000 2173.000000
Center Node: 486

District 33
Nodes: 11 21 31 61 193 199 238 316 318 415 426 449 458 516 568 607 767 770 922 1024 1054 1122 1281 1283 1301 1315 1342 1352 1413 1422 1451 1576 1594 1628 1818 1828 1837 1843 1924 1933 1967
Compactness: 2639.265718
Weights: 499.000000 8611.000000 2376.000000
Center Node: 1628

District 34
Nodes: 3 17 104 179 488 529 570 650 687 811 819 879 885 975 1053 1058 1064 1065 1137 1186 1211 1259 1330 1402 1436 1444 1476 1489 1492 1512 1513 1526 1538 1599 1687 1755 1794 1795 1808 1824 1901 1972
Compactness: 2560.870789
Weights: 508.000000 8010.000000 2374.000000
Center Node: 1444

District 35
Nodes: 58 171 184 195 204 230 387 442 525 651 749 753 916 952 976 988 1117 1183 1192 1238 1276 1346 1354 1361 1381 1399 1449 1480 1481 1511 1529 1574 1588 1590 1780 1798 1860 1876 1982
Compactness: 2462.664117
Weights: 411.000000 7962.000000 2594.000000
Center Node: 749

District 36
Nodes: 67 111 140 176 185 216 307 431 439 501 527 555 561 603 616 632 665 681 697 714 833 925 935 979 989 1012 1013 1074 1198 1225 1263 1307 1377 1398 1447 1479 1493 1551 1637 1712
Compactness: 2178.347032
Weights: 492.000000 8559.000000 2348.000000
Center Node: 111

District 37
Nodes: 68 121 162 198 229 353 394 397 425 538 646 675 676 720 765 820 908 934 970 986 991 1002 1010 1011 1067 1107 1134 1160 1209 1232 1247 1325 1362 1391 1401 1434 1518 1559 1683 1709 1737 1783 1989
Compactness: 2575.023203
Weights: 473.000000 8410.000000 2259.000000
Center Node: 1683

District 38
Nodes: 109 188 203 214 217 242 277 443 489 671 691 713 774 798 817 840 865 911 924 1110 1150 1151 1174 1368 1378 1386 1473 1503 1553 1625 1627 1632 1641 1720 1768 1851 1865 1882 1921 1958 1990
Compactness: 2175.953543
Weights: 488.000000 8529.000000 2424.000000
Center Node: 443

District 39
Nodes: 82 91 136 205 223 262 398 408 575 592 647 659 734 814 963 969 984 1022 1084 1096 1195 1311 1440 1465 1509 1585 1596 1597 1603 1660 1675 1743 1826 1854 1856 1909 1915 1932 1951 1971 1986 1997
Compactness: 1919.006627
Weights: 510.000000 8385.000000 2350.000000
Center Node: 91

District 40
Nodes: 189 261 287 325 337 340 351 403 405 423 473 504 510 582 602 692 795 800 921 936 993 1081 1095 1112 1121 1220 1239 1252 1350 1405 1408 1556 1654 1762 1789 1791 1815 1885 1891 1908 1969 1991 1992
Compactness: 2230.365163
Weights: 496.000000 8641.000000 2393.000000
Center Node: 1405

District 41
Nodes: 267 278 294 297 386 401 511 710 729 742 750 913 946 998 1041 1047 1056 1077 1088 1169 1302 1324 1393 1418 1442 1467 1475 1494 1523 1634 1649 1670 1691 1701 1730 1764 1767 1835 1884 1918 1985 1993
Compactness: 2848.291164
Weights: 511.000000 7991.000000 2213.000000
Center Node: 1764

District 42
Nodes: 33 71 73 118 133 301 305 322 366 376 378 453 464 496 531 553 711 791 815 1030 1144 1154 1158 1173 1201 1234 1250 1314 1335 1484 1515 1622 1648 1652 1726 1880 1887 1942 1977 1999
Compactness: 2539.075119
Weights: 469.000000 8714.000000 2246.000000
Center Node: 1880

District 43
Nodes: 8 81 95 146 200 268 308 309 476 513 533 559 590 658 701 727 762 888 954 956 1080 1132 1148 1171 1177 1215 1322 1433 1457 1729 1733 1771 1943 1968 1996
Compactness: 1814.270476
Weights: 415.000000 8370.000000 2408.000000
Center Node: 1457

District 44
Nodes: 30 74 116 128 159 197 212 323 434 437 444 452 589 668 763 808 813 843 847 881 893 929 932 983 1159 1321 1636 1663 1689 1698 1707 1753 1756 1867 1870 1871 1905 1983
Compactness: 1990.076023
Weights: 438.000000 8100.000000 2233.000000
Center Node: 1698

District 45
Nodes: 2 7 9 24 123 152 201 335 344 355 364 411 422 445 593 608 612 755 910 951 960 966 1026 1131 1139 1299 1312 1337 1384 1390 1428 1505 1508 1514 1642 1667 1680 1832 1875 1907 1938
Compactness: 2786.344897
Weights: 503.000000 8353.000000 2392.000000
Center Node: 1139

District 46
Nodes: 25 49 155 181 299 409 456 457 479 532 540 604 731 739 831 846 948 957 987 999 1009 1075 1089 1178 1224 1245 1359 1375 1379 1400 1409 1454 1490 1630 1635 1728 1760 1782 1806 1844
Compactness: 2011.427297
Weights: 484.000000 8706.000000 2277.000000
Center Node: 999

District 47
Nodes: 29 53 64 75 96 183 224 273 348 522 563 584 699 849 882 926 928 943 992 1050 1082 1098 1111 1113 1153 1261 1267 1285 1396 1483 1491 1517 1580 1613 1702 1802 1877 1878
Compactness: 2245.732829
Weights: 469.000000 7965.000000 2428.000000
Center Node: 53

District 48
Nodes: 23 84 107 131 169 180 196 235 289 377 388 417 430 474 500 596 640 745 768 782 824 835 841 1006 1066 1079 1105 1152 1279 1424 1441 1470 1531 1557 1664 1779 1912 1940 1963 1981
Compactness: 2602.213022
Weights: 448.000000 8753.000000 2225.000000
Center Node: 196

District 49
Nodes: 16 22 105 167 228 255 274 304 342 433 451 463 521 605 611 684 724 748 799 854 869 1061 1189 1200 1219 1410 1501 1639 1749 1770 1772 1778 1793 1827 1846 1853 1913 1922 1955
Compactness: 2355.544455
Weights: 468.000000 8423.000000 2197.000000
Center Node: 684

District 50
Nodes: 34 89 98 148 161 295 428 470 502 550 557 615 664 796 797 807 812 868 962 977 1083 1108 1145 1164 1185 1206 1286 1288 1306 1343 1364 1411 1430 1546 1609 1624 1679 1685 1731 1774 1889 1910
Compactness: 3262.119525
Weights: 475.000000 8678.000000 2324.000000
Center Node: 977
