BalanceViolation 12364.217500
AffinityLoss 0.000000
Compactness 45527.556744

District 1
Nodes: 13 37 69 89 100 137 139 171 187 194 201 255 304 306 307 312 317 350 354 389 400 423 433 454 461
Compactness: 2007.359400
Weights: 296.000000 5290.000000 1401.000000
Center Node: 201

District 2
Nodes: 25 32 41 44 47 78 85 87 90 94 135 179 202 259 270 338 368 387 388 425 464 471
Compactness: 1711.531125
Weights: 217.000000 5148.000000 1253.000000
Center Node: 387

District 3
Nodes: 21 33 82 84 88 95 99 111 113 150 152 167 172 211 234 252 260 265 269 292 335 342 413 414 432 478
Compactness: 2321.232023
Weights: 312.000000 4746.000000 1314.000000
Center Node: 113

District 4
Nodes: 24 28 61 80 117 174 188 192 210 220 230 337 357 386 404 417 421
Compactness: 856.558129
Weights: 206.000000 4083.000000 962.000000
Center Node: 174

District 5
Nodes: 8 22 23 48 51 53 59 65 112 119 151 154 161 173 177 185 189 198 219 229 237 249 313 334 358 360 384 403 407 440 446 449 450 474 492 495
Compactness: 4190.233917
Weights: 440.000000 6787.000000 2140.000000
Center Node: 154

District 6
Nodes: 11 12 35 45 56 66 116 138 149 158 181 195 196 257 264 277 284 348 371 376 395 431 457 468 498
Compactness: 1798.679409
Weights: 310.000000 4296.000000 1466.000000
Center Node: 498

District 7
Nodes: 10 15 19 38 49 57 73 75 98 109 145 155 218 228 236 258 279 287 295 347 390 392 406 408 410 418 429 458 473
Compactness: 3015.925429
Weights: 373.000000 4922.000000 1666.000000
Center Node: 145

District 8
Nodes: 0 1 4 72 105 115 130 144 183 190 225 263 268 282 283 319 323 329 340 379 381 385 424 428 437 479 484 486 496
Compactness: 2841.965888
Weights: 324.000000 4738.000000 1531.000000
Center Node: 329

District 9
Nodes: 14 34 63 74 104 140 157 168 176 235 251 254 273 299 300 363 396 416 422 441 460 472 481
Compactness: 1711.717086
Weights: 275.000000 4400.000000 1451.000000
Center Node: 176

District 10
Nodes: 16 97 163 180 221 227 231 250 322 325 344 345 362 367 370
Compactness: 1120.394054
Weights: 169.000000 2988.000000 849.000000
Center Node: 345

District 11
Nodes: 92 96 175 178 199 200 206 207 232 241 262 266 289 290 294 302 327 328 351 375 426 434 445 488
Compactness: 1739.056096
Weights: 280.000000 5015.000000 1445.000000
Center Node: 294

District 12
Nodes: 29 50 54 68 91 93 103 121 128 166 203 238 275 288 297 305 316 330 369 382 393 399 470 483
Compactness: 1648.053580
Weights: 271.000000 5385.000000 1424.000000
Center Node: 393

District 13
Nodes: 30 43 55 114 136 141 160 170 186 217 226 233 243 280 293 324 365 420 438 439 455 475
Compactness: 2020.190566
Weights: 233.000000 5157.000000 1097.000000
Center Node: 186

District 14
Nodes: 2 9 101 122 147 208 242 301 309 310 315 321 336 339 361 366 377 419 435 453 467
Compactness: 1866.892035
Weights: 276.000000 3530.000000 1349.000000
Center Node: 321

District 15
Nodes: 7 46 70 71 76 86 106 110 129 132 133 134 148 162 191 204 205 213 215 274 291 346 415 451 463 480 487
Compactness: 2667.455148
Weights: 318.000000 5232.000000 1414.000000
Center Node: 487

District 16
Nodes: 39 40 58 60 62 67 81 165 184 209 223 244 245 276 278 296 298 314 343 372 397 398 447 452 476
Compactness: 2154.177564
Weights: 265.000000 5298.000000 1387.000000
Center Node: 40

District 17
Nodes: 36 79 107 118 123 131 143 146 159 193 197 214 224 253 261 311 341 349 353 355 378 383 430 442 456 482 490 499
Compactness: 3598.395502
Weights: 313.000000 5720.000000 1473.000000
Center Node: 442

District 18
Nodes: 42 52 125 126 127 169 182 212 239 240 246 247 318 320 326 333 373 405 411 412 436 448 469 491 494
Compactness: 2269.831433
Weights: 265.000000 5176.000000 1577.000000
Center Node: 373

District 19
Nodes: 5 6 17 18 20 31 77 102 120 124 142 153 164 216 248 267 271 281 285 308 331 332 359 391 401 409 427 444 462 465 466 477 485 489 497
Compactness: 4224.076111
Weights: 394.000000 7339.000000 2052.000000
Center Node: 153

District 20
Nodes: 3 26 27 64 83 108 156 222 256 272 286 303 352 356 364 374 380 394 402 443 459 493
Compactness: 1763.832250
Weights: 252.000000 5059.000000 1240.000000
Center Node: 64
