BalanceViolation 2535.161000
AffinityLoss 0.000000
Compactness 62579.141477

District 1
Nodes: 44 46 50 113 145 146 190 251 285 303 403 503 725 744 789 798 813 833 842 949
Compactness: 1324.398157
Weights: 245.000000 4366.000000 1203.000000
Center Node: 789

District 2
Nodes: 33 155 168 214 215 219 350 373 440 452 488 568 660 664 708 747 896 919 943 976
Compactness: 1276.052910
Weights: 225.000000 4109.000000 847.000000
Center Node: 214

District 3
Nodes: 14 61 89 250 356 381 404 412 418 453 481 572 586 693 698 778 897 930 960 990
Compactness: 818.105439
Weights: 237.000000 4068.000000 1203.000000
Center Node: 250

District 4
Nodes: 7 9 31 64 264 267 297 321 371 505 517 566 567 631 655 704 719 834 877 912 918 982 996
Compactness: 4998.847061
Weights: 296.000000 4215.000000 1254.000000
Center Node: 719

District 5
Nodes: 2 21 51 54 83 112 217 307 474 493 535 560 679 755 806 868 893 965 991 995
Compactness: 1120.682892
Weights: 280.000000 4314.000000 1122.000000
Center Node: 755

District 6
Nodes: 12 34 92 177 260 282 334 361 376 460 494 529 672 805 845 856 887 956
Compactness: 1035.051029
Weights: 219.000000 4082.000000 1193.000000
Center Node: 12

District 7
Nodes: 4 55 84 134 147 318 352 437 502 530 600 668 690 733 828 881 884 904 928 963
Compactness: 1087.881028
Weights: 215.000000 4079.000000 1166.000000
Center Node: 55

District 8
Nodes: 16 129 137 197 231 262 337 457 483 531 573 606 613 614 635 772 908 914 932 975
Compactness: 817.595018
Weights: 278.000000 4221.000000 1221.000000
Center Node: 457

District 9
Nodes: 62 78 86 149 157 279 288 299 317 326 397 408 413 444 533 556 681 870 890 950 951
Compactness: 1738.820106
Weights: 256.000000 3900.000000 1132.000000
Center Node: 326

District 10
Nodes: 52 75 130 154 278 283 295 360 532 564 608 649 665 671 678 702 757 780 876
Compactness: 921.674827
Weights: 211.000000 4405.000000 1187.000000
Center Node: 360

District 11
Nodes: 53 68 269 277 323 379 387 427 439 465 534 554 604 718 764 781 817 820
Compactness: 1035.470555
Weights: 245.000000 4243.000000 891.000000
Center Node: 379

District 12
Nodes: 124 218 230 329 374 388 426 469 491 496 638 642 754 776 777 886 952 993
Compactness: 832.977215
Weights: 199.000000 4447.000000 1146.000000
Center Node: 491

District 13
Nodes: 136 209 213 340 430 447 458 559 598 615 624 735 800 827 866 878 911 917 920 944
Compactness: 1234.952804
Weights: 247.000000 4379.000000 1191.000000
Center Node: 209

District 14
Nodes: 90 223 238 255 411 508 513 526 596 597 601 625 732 767 811 837 880 925 983 984
Compactness: 1320.512888
Weights: 233.000000 4285.000000 1263.000000
Center Node: 513

District 15
Nodes: 111 131 150 182 234 247 254 312 402 406 448 628 637 640 661 683 761 787 814 815 900 970
Compactness: 1523.203897
Weights: 243.000000 4193.000000 1242.000000
Center Node: 900

District 16
Nodes: 35 69 105 178 237 266 343 420 462 512 570 630 643 653 728 741 826 843 938
Compactness: 1233.517883
Weights: 260.000000 4090.000000 1359.000000
Center Node: 843

District 17
Nodes: 57 123 176 193 332 336 382 414 423 445 477 486 487 595 743 797 829 875 915 936 941 994
Compactness: 1254.499519
Weights: 223.000000 4275.000000 1243.000000
Center Node: 915

District 18
Nodes: 15 19 122 171 222 325 351 384 405 489 571 579 633 669 765 809 839 933 934 948
Compactness: 972.246466
Weights: 261.000000 4310.000000 1281.000000
Center Node: 15

District 19
Nodes: 6 28 42 304 438 449 480 498 511 623 674 684 695 775 804 810 824 902 923 955 962 987
Compactness: 2045.441674
Weights: 266.000000 4082.000000 1081.000000
Center Node: 695

District 20
Nodes: 11 13 47 67 82 115 144 199 221 328 330 368 399 419 495 639 657 711 822 836 964
Compactness: 1109.108431
Weights: 290.000000 4289.000000 1275.000000
Center Node: 836

District 21
Nodes: 26 48 77 119 185 224 313 344 433 476 525 539 634 646 726 865 961 997
Compactness: 1224.721836
Weights: 218.000000 4351.000000 1154.000000
Center Node: 865

District 22
Nodes: 43 58 60 91 102 114 175 187 229 294 309 314 349 436 688 705 840 999
Compactness: 1322.065689
Weights: 220.000000 4387.000000 1234.000000
Center Node: 60

District 23
Nodes: 85 183 184 192 380 409 435 466 610 636 730 769 862 899 903 939 942 966 968
Compactness: 1027.309252
Weights: 274.000000 4451.000000 1145.000000
Center Node: 466

District 24
Nodes: 29 40 74 117 121 194 206 245 249 364 377 538 576 694 722 916 954
Compactness: 1076.379863
Weights: 221.000000 4217.000000 1096.000000
Center Node: 194

District 25
Nodes: 38 65 104 132 165 204 205 378 394 410 415 424 431 450 518 548 552 594 599 670 701 724 857
Compactness: 1528.225900
Weights: 251.000000 3676.000000 1248.000000
Center Node: 394

District 26
Nodes: 3 36 39 107 126 201 429 432 434 543 545 569 663 753 786 823 850 992
Compactness: 893.070844
Weights: 210.000000 4360.000000 1177.000000
Center Node: 429

District 27
Nodes: 8 71 127 153 208 246 275 370 392 551 659 696 697 740 768 783 788 795 799 853 985
Compactness: 1933.517229
Weights: 262.000000 4070.000000 1245.000000
Center Node: 153

District 28
Nodes: 10 25 80 140 189 259 358 365 456 464 544 553 588 622 714 715 720 854 921 973 974 978
Compactness: 1601.899114
Weights: 268.000000 4329.000000 1208.000000
Center Node: 80

District 29
Nodes: 164 220 236 258 281 485 504 507 516 547 603 703 746 858 906 926 972 981 998
Compactness: 998.383666
Weights: 246.000000 4025.000000 1232.000000
Center Node: 746

District 30
Nodes: 120 159 188 390 471 473 509 541 591 632 650 656 675 699 707 794 818 871 979 986
Compactness: 1217.902127
Weights: 227.000000 4122.000000 1243.000000
Center Node: 120

District 31
Nodes: 20 63 100 110 125 166 186 211 272 363 369 385 401 574 590 609 666 692 885 927
Compactness: 1250.464973
Weights: 225.000000 4184.000000 1229.000000
Center Node: 574

District 32
Nodes: 203 286 305 355 359 422 451 454 468 479 510 641 721 774 825 867 872 910 959
Compactness: 1238.707713
Weights: 286.000000 4363.000000 1137.000000
Center Node: 910

District 33
Nodes: 179 202 226 239 248 271 274 357 393 555 578 587 593 658 716 736 749 762 816 946
Compactness: 968.577169
Weights: 238.000000 4470.000000 1170.000000
Center Node: 762

District 34
Nodes: 66 152 169 198 265 298 300 362 425 472 520 542 558 565 667 689 803 851 888 909 967
Compactness: 1175.522669
Weights: 232.000000 4029.000000 1334.000000
Center Node: 425

District 35
Nodes: 18 156 243 280 284 461 521 561 592 619 652 680 773 782 855 859 860 894 901 922
Compactness: 1135.240263
Weights: 230.000000 4269.000000 1254.000000
Center Node: 855

District 36
Nodes: 30 88 135 158 289 341 442 459 497 515 528 550 644 647 727 731 791 801 841 852 891
Compactness: 1260.423158
Weights: 280.000000 4421.000000 1154.000000
Center Node: 497

District 37
Nodes: 27 45 59 167 172 181 252 263 342 348 396 499 524 621 685 686 756 759 808 969
Compactness: 1035.378553
Weights: 205.000000 4215.000000 1370.000000
Center Node: 499

District 38
Nodes: 70 98 242 296 366 400 428 562 581 662 687 700 709 713 729 742 763 770 784 831 835
Compactness: 878.111567
Weights: 249.000000 4115.000000 1311.000000
Center Node: 366

District 39
Nodes: 1 5 24 191 195 227 235 338 354 407 490 645 654 710 760 771 779 980
Compactness: 817.309475
Weights: 233.000000 4428.000000 1113.000000
Center Node: 980

District 40
Nodes: 23 41 76 101 216 291 327 331 611 648 706 739 790 793 847 863 873 882 931 945
Compactness: 1227.137256
Weights: 248.000000 4243.000000 1134.000000
Center Node: 648

District 41
Nodes: 17 96 108 116 316 319 320 339 514 536 607 618 682 748 821 864 874 879 947
Compactness: 1151.230483
Weights: 233.000000 4127.000000 1094.000000
Center Node: 874

District 42
Nodes: 73 94 118 151 162 163 170 292 383 478 492 546 549 626 651 676 712 717 848 869 989
Compactness: 1231.688097
Weights: 248.000000 4195.000000 1245.000000
Center Node: 717

District 43
Nodes: 141 148 161 225 257 270 293 372 455 540 575 577 583 617 677 737 796 802 807 830 838 844 977
Compactness: 1203.016868
Weights: 259.000000 4428.000000 1200.000000
Center Node: 257

District 44
Nodes: 0 22 32 56 81 97 128 138 228 301 302 346 389 398 421 443 475 734 752 883 907
Compactness: 1278.275503
Weights: 231.000000 4278.000000 1255.000000
Center Node: 389

District 45
Nodes: 95 109 200 244 253 261 273 375 463 500 522 582 616 627 691 766 832 898
Compactness: 990.271809
Weights: 223.000000 4224.000000 1040.000000
Center Node: 200

District 46
Nodes: 99 143 196 207 276 311 345 441 482 527 537 602 738 745 750 812 819 958
Compactness: 1043.146571
Weights: 220.000000 4065.000000 1059.000000
Center Node: 143

District 47
Nodes: 37 49 93 173 180 306 308 310 386 446 484 501 519 563 612 620 758 792 849 892 905 929 988
Compactness: 1143.852914
Weights: 260.000000 4078.000000 1446.000000
Center Node: 929

District 48
Nodes: 142 174 232 233 241 315 324 353 395 467 506 585 629 723 846 924 940 957
Compactness: 979.026916
Weights: 242.000000 4091.000000 1129.000000
Center Node: 506

District 49
Nodes: 79 87 103 139 160 240 322 333 335 347 367 416 470 523 557 584 673 751 889 935 953 971
Compactness: 1170.998748
Weights: 299.000000 4291.000000 1293.000000
Center Node: 584

District 50
Nodes: 72 106 133 210 212 256 268 287 290 391 417 580 589 605 785 861 895 913 937
Compactness: 876.245454
Weights: 239.000000 4189.000000 1235.000000
Center Node: 106
