BalanceViolation 2923.400000
AffinityLoss 0.000000
Compactness 64264.980978

District 1
Nodes: 77 199 258 393 430 451 453 454 482 508 539 559 563 611 663 729 734 746 749 761 773 948
Compactness: 1350.891297
Weights: 267.000000 4405.000000 1140.000000
Center Node: 77

District 2
Nodes: 161 171 196 205 252 338 363 392 464 502 592 601 604 677 725 763 792 814 823 989
Compactness: 1663.137001
Weights: 236.000000 4378.000000 1105.000000
Center Node: 823

District 3
Nodes: 13 95 168 294 336 355 396 423 468 476 513 610 637 660 699 794 815 863 865
Compactness: 955.244839
Weights: 232.000000 4035.000000 1043.000000
Center Node: 95

District 4
Nodes: 52 99 155 239 306 318 427 493 498 505 631 767 855 870 890 915 920
Compactness: 855.712119
Weights: 208.000000 3740.000000 1112.000000
Center Node: 870

District 5
Nodes: 14 33 173 235 246 276 370 426 429 679 736 741 775 789 799 898 925 927 931
Compactness: 1389.319413
Weights: 251.000000 4073.000000 1155.000000
Center Node: 775

District 6
Nodes: 101 158 172 189 202 317 324 328 343 380 497 522 534 553 581 758 848 876 886 992
Compactness: 1005.763819
Weights: 225.000000 4267.000000 1117.000000
Center Node: 758

District 7
Nodes: 55 112 160 176 220 248 337 407 435 478 584 622 659 782 874 887 947
Compactness: 787.498287
Weights: 237.000000 2950.000000 866.000000
Center Node: 887

District 8
Nodes: 28 47 103 115 128 150 217 311 409 519 536 542 567 690 797 826 903 905 926 960 997
Compactness: 1530.810545
Weights: 247.000000 4131.000000 1178.000000
Center Node: 128

District 9
Nodes: 105 137 185 187 229 244 254 288 314 329 360 375 386 550 750 793 801 822 833 843 854
Compactness: 1119.350998
Weights: 259.000000 4102.000000 1127.000000
Center Node: 329

District 10
Nodes: 146 156 174 209 219 257 284 315 358 422 556 606 621 681 754 807 972 976
Compactness: 1233.565243
Weights: 233.000000 4170.000000 1120.000000
Center Node: 681

District 11
Nodes: 39 85 130 175 178 228 234 256 279 295 401 509 530 598 633 635 673 770 813 883 940
Compactness: 1377.175683
Weights: 281.000000 4388.000000 1073.000000
Center Node: 130

District 12
Nodes: 15 88 120 179 225 414 472 485 510 526 541 544 703 785 796 837 856 860 904 966 973
Compactness: 1248.402843
Weights: 250.000000 4339.000000 1064.000000
Center Node: 179

District 13
Nodes: 7 41 57 59 302 333 374 402 411 425 432 439 620 706 713 714 802 817 866 902 984
Compactness: 1000.736442
Weights: 274.000000 4126.000000 1112.000000
Center Node: 333

District 14
Nodes: 61 71 133 310 323 349 368 369 382 463 477 486 491 557 575 599 626 655 661 684 744 787
Compactness: 1595.126762
Weights: 243.000000 4313.000000 1130.000000
Center Node: 744

District 15
Nodes: 56 113 144 296 313 332 341 412 503 650 670 705 724 739 784 857 859 939 981 999
Compactness: 1095.539561
Weights: 251.000000 4367.000000 1120.000000
Center Node: 503

District 16
Nodes: 5 27 45 108 135 180 203 421 442 449 475 495 540 613 657 682 805 811 819 891 918
Compactness: 1352.640621
Weights: 234.000000 4073.000000 1244.000000
Center Node: 891

District 17
Nodes: 97 107 138 139 169 198 223 253 271 304 327 473 496 535 636 680 708 755 764 965 996
Compactness: 1101.056580
Weights: 239.000000 4015.000000 1424.000000
Center Node: 97

District 18
Nodes: 4 102 147 211 474 507 533 583 627 676 685 710 774 820 821 852 858 885
Compactness: 1372.009476
Weights: 173.000000 4416.000000 1113.000000
Center Node: 211

District 19
Nodes: 42 46 68 75 216 267 287 490 585 651 671 696 731 824 934 959 990
Compactness: 876.913880
Weights: 172.000000 4018.000000 1022.000000
Center Node: 671

District 20
Nodes: 25 148 162 191 197 289 356 431 480 500 521 619 674 692 733 760 810 831 875 917
Compactness: 998.872708
Weights: 239.000000 4410.000000 1186.000000
Center Node: 733

District 21
Nodes: 29 37 100 132 204 208 232 272 282 345 348 384 436 450 489 512 648 688 691 790 830 977
Compactness: 1799.499098
Weights: 289.000000 4252.000000 1132.000000
Center Node: 345

District 22
Nodes: 1 30 40 157 166 212 247 251 461 499 506 572 573 602 720 795 832 867 878
Compactness: 1202.341270
Weights: 216.000000 4309.000000 1025.000000
Center Node: 251

District 23
Nodes: 9 64 152 215 297 373 440 481 514 525 548 838 879 881 911 930 949 956 982 998
Compactness: 1796.891436
Weights: 254.000000 4261.000000 1139.000000
Center Node: 881

District 24
Nodes: 10 104 127 308 347 352 419 532 545 597 600 645 658 721 765 840 913 958 971
Compactness: 959.832891
Weights: 224.000000 4356.000000 1139.000000
Center Node: 104

District 25
Nodes: 21 60 86 111 266 367 372 378 387 398 417 437 683 728 781 846 864 937 994
Compactness: 1393.873319
Weights: 250.000000 4292.000000 1035.000000
Center Node: 937

District 26
Nodes: 20 83 91 177 281 335 418 504 549 571 587 591 702 743 748 818 945 967 969 985
Compactness: 1028.173964
Weights: 203.000000 4348.000000 1144.000000
Center Node: 20

District 27
Nodes: 118 129 164 170 238 241 242 278 307 376 511 605 646 759 771 798 803 935 938 944 961
Compactness: 1343.507863
Weights: 251.000000 4313.000000 1175.000000
Center Node: 938

District 28
Nodes: 16 32 49 94 110 114 260 340 354 362 385 405 441 484 579 665 675 727 745 899 914 954
Compactness: 1476.422975
Weights: 308.000000 4025.000000 1158.000000
Center Node: 745

District 29
Nodes: 24 36 38 70 263 290 292 293 434 462 529 566 576 647 732 757 762 772 851 894 980 987
Compactness: 1532.445079
Weights: 251.000000 4367.000000 1135.000000
Center Node: 894

District 30
Nodes: 136 159 213 231 322 420 445 515 561 562 623 624 630 668 678 776 808 888 909 964 978
Compactness: 1163.897159
Weights: 247.000000 4277.000000 1123.000000
Center Node: 159

District 31
Nodes: 89 141 149 517 565 568 612 618 666 667 716 777 779 839 869 872 882 951 979 986 995
Compactness: 1249.845095
Weights: 250.000000 4422.000000 1168.000000
Center Node: 979

District 32
Nodes: 78 93 117 184 195 221 319 321 400 523 524 574 616 718 738 834 908 924 933 941
Compactness: 1279.098861
Weights: 273.000000 4403.000000 1070.000000
Center Node: 718

District 33
Nodes: 19 51 74 82 140 165 181 201 210 230 236 394 397 457 471 537 609 900 910 988
Compactness: 1262.590727
Weights: 255.000000 4392.000000 1164.000000
Center Node: 165

District 34
Nodes: 22 125 245 268 280 283 303 330 443 531 551 555 615 625 697 766 783 816 853 923 953
Compactness: 1270.375671
Weights: 251.000000 4381.000000 1175.000000
Center Node: 625

District 35
Nodes: 31 67 76 79 119 134 194 218 259 273 275 326 416 448 640 695 707 711 778 847 873 912
Compactness: 1410.632643
Weights: 291.000000 4087.000000 1167.000000
Center Node: 711

District 36
Nodes: 3 11 12 43 50 62 92 182 206 227 285 344 350 371 528 586 715 751 932
Compactness: 1227.118278
Weights: 256.000000 4444.000000 1061.000000
Center Node: 3

District 37
Nodes: 233 270 383 389 413 452 455 590 594 652 653 689 694 698 700 809 842 896 897 962
Compactness: 1093.705898
Weights: 255.000000 4414.000000 1150.000000
Center Node: 700

District 38
Nodes: 87 124 142 153 207 286 312 331 390 492 569 588 643 687 791 845 942 952 991
Compactness: 1382.101032
Weights: 230.000000 4408.000000 1105.000000
Center Node: 331

District 39
Nodes: 73 193 224 359 361 391 403 408 415 469 479 487 558 654 664 747 788 829 841 975
Compactness: 1592.836110
Weights: 240.000000 4139.000000 1121.000000
Center Node: 788

District 40
Nodes: 0 98 298 300 334 346 377 399 494 516 582 593 595 644 726 730 740 827 868 884 963
Compactness: 1718.647458
Weights: 236.000000 4019.000000 1256.000000
Center Node: 593

District 41
Nodes: 17 81 151 190 265 365 438 456 466 488 554 570 577 756 786 825 906 929 943 970
Compactness: 1190.524320
Weights: 243.000000 4295.000000 1166.000000
Center Node: 906

District 42
Nodes: 18 90 106 163 186 249 301 316 353 388 459 465 518 608 617 634 719 828 901 919 922 946
Compactness: 1357.218183
Weights: 276.000000 4264.000000 1153.000000
Center Node: 18

District 43
Nodes: 65 131 200 237 274 366 381 446 460 470 527 628 638 686 701 752 861 957 974
Compactness: 1020.173811
Weights: 210.000000 4399.000000 1066.000000
Center Node: 638

District 44
Nodes: 2 48 109 145 243 250 255 309 447 458 538 560 564 603 804 862 871 936 950
Compactness: 1193.888008
Weights: 252.000000 4202.000000 887.000000
Center Node: 603

District 45
Nodes: 35 84 123 192 214 261 339 379 406 656 669 735 742 812 835 889 895 907
Compactness: 980.524757
Weights: 234.000000 4469.000000 1033.000000
Center Node: 123

District 46
Nodes: 26 69 80 126 226 269 342 404 444 543 578 607 672 768 780 800 806 849 880 916 955 983
Compactness: 1347.352730
Weights: 245.000000 4426.000000 1181.000000
Center Node: 955

District 47
Nodes: 6 8 44 53 58 96 121 222 291 305 357 364 410 501 546 639 693 712 723
Compactness: 1035.910591
Weights: 257.000000 4068.000000 1118.000000
Center Node: 723

District 48
Nodes: 54 116 143 183 188 277 299 320 395 547 552 629 632 642 704 717 722 921 928
Compactness: 1704.424321
Weights: 232.000000 4009.000000 1169.000000
Center Node: 116

District 49
Nodes: 23 34 66 72 154 167 351 428 483 520 614 709 753 769 844 877 968 993
Compactness: 1088.237065
Weights: 238.000000 4399.000000 1083.000000
Center Node: 351

District 50
Nodes: 63 122 240 262 264 325 424 433 467 580 589 596 641 649 662 737 836 850 892 893
Compactness: 2253.122247
Weights: 230.000000 3968.000000 1272.000000
Center Node: 240
