BalanceViolation 1824.709000
AffinityLoss 1936.000000
Compactness 65039.862580

District 1
Nodes: 25 110 190 212 231 283 292 385 405 423 461 557 558 575 605 614 723 739 777 796 893 917
Compactness: 1161.033251
Weights: 275.000000 4024.000000 1177.000000
Center Node: 917

District 2
Nodes: 26 100 118 203 298 332 449 483 501 527 613 677 802 883 884 891 927 948 971 996
Compactness: 1625.401674
Weights: 235.000000 4452.000000 1133.000000
Center Node: 996

District 3
Nodes: 104 146 163 176 200 282 287 296 400 411 569 608 635 659 696 714 734 778 798 962 972
Compactness: 1378.215919
Weights: 249.000000 4423.000000 1080.000000
Center Node: 696

District 4
Nodes: 54 164 184 228 229 275 303 425 436 482 490 640 657 789 913 931 936 975 995
Compactness: 999.224658
Weights: 227.000000 4035.000000 1217.000000
Center Node: 931

District 5
Nodes: 70 115 142 144 233 342 470 487 530 576 619 705 722 771 827 846 856 864 882 994
Compactness: 1486.044456
Weights: 213.000000 4452.000000 1181.000000
Center Node: 576

District 6
Nodes: 61 153 167 170 205 251 313 444 692 703 715 736 755 795 828 865 944 951 982
Compactness: 2780.464352
Weights: 236.000000 4250.000000 1196.000000
Center Node: 692

District 7
Nodes: 102 106 143 270 326 357 412 419 460 572 658 680 683 770 785 819 839 873 909 937 968
Compactness: 1621.784817
Weights: 241.000000 4400.000000 1133.000000
Center Node: 419

District 8
Nodes: 6 7 16 297 396 465 474 476 528 552 587 691 804 859 915 925 933 939 946
Compactness: 923.804796
Weights: 241.000000 4040.000000 1180.000000
Center Node: 552

District 9
Nodes: 47 174 178 246 252 260 289 331 343 450 564 604 664 687 689 748 791 811 901 928
Compactness: 1127.433545
Weights: 232.000000 4097.000000 1112.000000
Center Node: 564

District 10
Nodes: 88 99 148 150 191 236 390 417 462 497 500 622 653 704 712 730 767 775 782 919 954
Compactness: 1794.720910
Weights: 244.000000 4438.000000 1094.000000
Center Node: 622

District 11
Nodes: 218 341 356 410 421 443 504 519 535 617 660 665 682 695 710 716 731 750 816 830
Compactness: 1016.255980
Weights: 227.000000 4507.000000 1090.000000
Center Node: 443

District 12
Nodes: 18 31 59 96 136 199 240 276 489 579 607 717 774 805 824 841 848 876 938
Compactness: 1658.739680
Weights: 243.000000 4055.000000 1087.000000
Center Node: 607

District 13
Nodes: 42 74 90 98 107 134 271 291 333 339 481 485 560 610 616 671 821 934 957 966
Compactness: 951.162423
Weights: 262.000000 4336.000000 1172.000000
Center Node: 98

District 14
Nodes: 76 123 254 304 320 324 383 509 510 518 532 643 672 743 757 758 776 847 912 997
Compactness: 1422.268354
Weights: 258.000000 4444.000000 1086.000000
Center Node: 510

District 15
Nodes: 58 71 223 248 293 310 317 323 337 517 609 624 753 764 784 786 862 868 889 987
Compactness: 1144.528850
Weights: 242.000000 4445.000000 1063.000000
Center Node: 868

District 16
Nodes: 23 67 72 232 263 281 329 359 498 531 553 583 633 636 667 711 813 943
Compactness: 833.378660
Weights: 221.000000 4103.000000 1131.000000
Center Node: 359

District 17
Nodes: 32 40 49 79 94 169 188 301 348 361 366 371 590 595 638 646 666 742 838 887 935
Compactness: 986.614780
Weights: 239.000000 4261.000000 1206.000000
Center Node: 887

District 18
Nodes: 28 38 53 105 119 138 171 268 295 368 458 484 508 540 546 586 719 760 781
Compactness: 1042.527514
Weights: 243.000000 4072.000000 1134.000000
Center Node: 38

District 19
Nodes: 33 124 126 137 140 255 265 408 427 439 473 513 577 735 787 799 820 857
Compactness: 954.543004
Weights: 227.000000 4385.000000 903.000000
Center Node: 408

District 20
Nodes: 44 87 155 187 215 235 280 307 416 452 486 565 611 644 650 656 875 895 998
Compactness: 1355.424028
Weights: 257.000000 4076.000000 1194.000000
Center Node: 416

District 21
Nodes: 122 135 182 189 211 219 239 362 464 548 567 574 588 670 675 685 768 849 886
Compactness: 1478.312187
Weights: 261.000000 4082.000000 1217.000000
Center Node: 588

District 22
Nodes: 10 132 147 238 261 415 445 446 478 555 594 628 642 673 688 762 809 825 872 877 907 911
Compactness: 1470.107600
Weights: 262.000000 4026.000000 1364.000000
Center Node: 555

District 23
Nodes: 114 244 379 395 414 418 434 529 537 568 581 623 651 693 706 779 783 803 861 985
Compactness: 1389.495020
Weights: 242.000000 4369.000000 1147.000000
Center Node: 706

District 24
Nodes: 39 85 86 160 166 175 256 299 321 355 399 455 700 707 729 740 815 844 888 955 960
Compactness: 1105.272472
Weights: 207.000000 4364.000000 1217.000000
Center Node: 700

District 25
Nodes: 63 165 186 192 237 273 294 377 424 563 626 769 797 812 842 879 904 906 980
Compactness: 1159.679587
Weights: 216.000000 4383.000000 1238.000000
Center Node: 906

District 26
Nodes: 51 139 222 380 429 440 480 503 541 543 668 718 746 752 932 973 976 981 988
Compactness: 1205.985247
Weights: 254.000000 4492.000000 1037.000000
Center Node: 746

District 27
Nodes: 55 168 226 234 267 340 363 433 435 451 477 549 678 702 732 817 836 855 874 984
Compactness: 1559.719861
Weights: 273.000000 4417.000000 1186.000000
Center Node: 817

District 28
Nodes: 37 41 46 89 111 149 198 201 257 262 277 347 350 459 463 492 505 596 600 641 681 892 942
Compactness: 1339.466113
Weights: 250.000000 4460.000000 1132.000000
Center Node: 198

District 29
Nodes: 4 19 45 92 116 151 312 335 488 515 538 562 584 761 832 858 900 921 922 947
Compactness: 1123.960471
Weights: 260.000000 4138.000000 1097.000000
Center Node: 116

District 30
Nodes: 5 157 214 352 407 589 612 637 733 792 801 810 890 908 956 969 970 979 993
Compactness: 984.673347
Weights: 246.000000 4071.000000 1196.000000
Center Node: 908

District 31
Nodes: 43 125 133 158 197 213 217 243 245 306 325 336 392 394 447 456 571 621 914
Compactness: 2214.007487
Weights: 226.000000 4048.000000 1201.000000
Center Node: 447

District 32
Nodes: 9 75 180 207 318 369 401 409 430 442 466 496 601 620 652 737 834 840 899 929
Compactness: 1043.430309
Weights: 223.000000 4225.000000 1050.000000
Center Node: 401

District 33
Nodes: 34 81 130 161 172 196 220 278 386 403 495 550 551 585 679 751 759 850 854 860 963
Compactness: 1225.711531
Weights: 265.000000 4357.000000 1073.000000
Center Node: 403

District 34
Nodes: 15 36 50 68 82 181 250 259 382 391 438 525 542 661 690 765 807 870 896 903 961
Compactness: 1399.607892
Weights: 260.000000 3894.000000 1252.000000
Center Node: 903

District 35
Nodes: 14 95 128 253 315 327 431 491 533 547 632 645 676 756 822 851 852 853 894
Compactness: 1146.714536
Weights: 225.000000 4319.000000 1048.000000
Center Node: 327

District 36
Nodes: 8 117 121 269 305 316 319 351 384 406 420 469 514 559 708 788 794 869 978 999
Compactness: 1445.260535
Weights: 216.000000 4060.000000 1161.000000
Center Node: 8

District 37
Nodes: 20 64 154 194 210 241 242 274 314 381 516 522 523 534 654 726 744 881 918
Compactness: 1224.534518
Weights: 213.000000 4320.000000 1066.000000
Center Node: 654

District 38
Nodes: 13 60 77 127 209 224 227 345 372 413 479 494 521 524 526 592 602 655 871 898 905
Compactness: 1352.347482
Weights: 241.000000 4189.000000 1188.000000
Center Node: 524

District 39
Nodes: 29 30 57 91 109 195 230 266 422 457 556 627 724 738 835 880 926 949 950
Compactness: 870.057863
Weights: 199.000000 4363.000000 979.000000
Center Node: 926

District 40
Nodes: 48 78 183 206 249 322 353 373 376 397 454 471 472 512 536 630 634 713 754 945 989
Compactness: 1401.032006
Weights: 242.000000 4266.000000 1120.000000
Center Node: 353

District 41
Nodes: 24 27 83 131 216 279 290 338 375 441 493 511 698 699 780 823 826 885 902 916 941 983
Compactness: 1492.111069
Weights: 281.000000 4101.000000 1180.000000
Center Node: 983

District 42
Nodes: 17 62 120 156 387 388 389 404 582 615 625 725 728 808 845 866 910 964 977 990
Compactness: 1141.796871
Weights: 253.000000 4257.000000 1196.000000
Center Node: 625

District 43
Nodes: 177 300 308 358 364 367 393 402 432 573 639 669 727 793 806 837 863 940 953 974
Compactness: 1478.011447
Weights: 235.000000 4405.000000 1152.000000
Center Node: 358

District 44
Nodes: 11 56 113 141 204 221 328 334 554 561 631 647 766 790 818 897 920 952 967 992
Compactness: 865.134230
Weights: 237.000000 4058.000000 1332.000000
Center Node: 818

District 45
Nodes: 22 84 97 112 193 225 264 288 309 344 360 378 448 544 580 662 686 986 991
Compactness: 1080.413244
Weights: 201.000000 4105.000000 1210.000000
Center Node: 360

District 46
Nodes: 1 69 73 93 208 247 311 330 349 467 475 499 578 648 663 674 773 867 930
Compactness: 990.909419
Weights: 209.000000 3829.000000 1044.000000
Center Node: 467

District 47
Nodes: 2 103 152 179 285 354 365 370 428 502 539 570 597 598 629 649 694 814 843 923 958
Compactness: 1069.587166
Weights: 242.000000 4430.000000 1195.000000
Center Node: 152

District 48
Nodes: 3 21 35 65 80 108 129 159 162 202 286 374 468 593 618 697 720 741 878 924
Compactness: 2173.941783
Weights: 213.000000 4070.000000 1176.000000
Center Node: 35

District 49
Nodes: 101 145 173 185 258 284 302 398 426 566 599 606 684 721 745 749 800 829 831 965
Compactness: 1388.732944
Weights: 258.000000 4413.000000 1041.000000
Center Node: 145

District 50
Nodes: 0 12 52 66 272 346 437 453 506 507 520 545 591 603 701 709 747 763 772 833 959
Compactness: 956.276688
Weights: 283.000000 4298.000000 1150.000000
Center Node: 453
