BalanceViolation 284.022500
AffinityLoss 1520.000000
Compactness 121783.519727

District 1
Nodes: 8 84 107 114 137 205 211 213 240 245 253 254 255 264 337 420 479 505 575 578 579 581 587 635 640 662 714 716 728 757 764 769 778 793 821 824 836 861 864 890 894 909 912 931 941 972 994
Compactness: 3860.517491
Weights: 557.000000 10161.000000 2892.000000
Center Node: 714

District 2
Nodes: 7 13 21 67 69 75 106 112 115 134 143 164 171 189 194 197 200 219 232 248 295 385 392 403 405 442 462 472 498 499 530 532 554 617 643 648 676 692 704 705 718 784 792 858 859 932 938 960 964 977 989
Compactness: 8502.825830
Weights: 620.000000 10237.000000 3071.000000
Center Node: 617

District 3
Nodes: 17 36 37 58 61 63 126 128 132 141 154 175 180 191 227 256 274 280 284 289 309 327 341 377 388 414 441 484 538 541 560 586 595 614 618 626 650 651 657 669 697 709 715 746 770 786 791 846 849 871 888 911 934 957 988
Compactness: 7266.347764
Weights: 627.000000 10681.000000 2896.000000
Center Node: 17

District 4
Nodes: 23 47 124 136 155 159 178 201 212 251 273 291 299 303 305 308 391 408 423 424 431 444 468 489 490 500 526 543 547 572 582 583 601 628 658 695 698 706 732 736 795 798 822 872 887 923 937 987 996
Compactness: 5997.419759
Weights: 566.000000 10728.000000 2932.000000
Center Node: 887

District 5
Nodes: 48 96 140 188 210 217 225 239 260 285 300 302 316 342 343 362 407 421 429 460 481 512 594 615 620 621 634 652 655 663 665 668 694 700 747 772 777 796 802 812 819 827 852 867 883 902 950 956 969 974
Compactness: 4183.393906
Weights: 561.000000 10935.000000 2990.000000
Center Node: 655

District 6
Nodes: 6 86 120 121 147 161 183 192 216 222 242 262 287 296 313 318 332 368 382 398 409 412 464 506 514 517 521 537 540 544 588 591 633 675 684 719 752 785 809 810 823 854 866 877 895 925 947 963 965 975 990
Compactness: 5032.849522
Weights: 614.000000 10101.000000 3059.000000
Center Node: 963

District 7
Nodes: 14 19 33 41 59 72 172 221 233 250 261 275 301 314 381 404 432 451 463 478 509 516 523 553 555 567 584 616 629 666 681 731 759 765 790 826 833 838 892 901 918 928 942 945 959 968 973 986
Compactness: 4317.000765
Weights: 616.000000 9941.000000 2691.000000
Center Node: 261

District 8
Nodes: 16 29 40 77 89 98 146 158 176 179 224 231 249 276 306 310 320 348 354 357 371 401 474 528 569 570 571 574 596 625 667 699 711 739 741 742 744 751 758 774 780 863 875 897 900 904 953 954 982
Compactness: 5755.415263
Weights: 558.000000 10016.000000 2921.000000
Center Node: 146

District 9
Nodes: 10 30 51 64 73 97 99 104 123 149 160 186 215 228 237 244 278 350 365 393 406 416 419 434 440 447 477 482 495 518 529 577 592 602 610 627 701 708 720 730 761 781 788 794 806 813 832 842 882 936 961 991
Compactness: 8888.907572
Weights: 567.000000 10983.000000 2987.000000
Center Node: 882

District 10
Nodes: 4 22 24 88 100 118 138 145 151 152 165 218 230 234 257 266 307 311 328 329 380 383 384 428 445 448 458 493 494 496 504 513 515 536 568 638 702 789 804 815 860 903 921 939 992
Compactness: 5933.902640
Weights: 589.000000 10134.000000 2703.000000
Center Node: 789

District 11
Nodes: 11 12 18 28 31 66 79 93 108 113 130 169 204 207 208 265 270 351 379 387 395 402 410 411 446 457 491 502 511 593 604 636 646 680 689 710 749 760 773 775 800 837 839 848 850 855 874 908 915 917 940 962
Compactness: 4356.525190
Weights: 600.000000 10907.000000 3074.000000
Center Node: 108

District 12
Nodes: 38 43 52 95 105 116 119 133 148 167 196 202 281 324 330 366 386 396 413 465 497 503 510 520 542 546 562 573 585 605 624 647 686 717 726 733 738 779 787 807 830 831 841 843 870 885 906 920 924 971 993 997
Compactness: 5377.564276
Weights: 590.000000 10815.000000 3078.000000
Center Node: 971

District 13
Nodes: 20 53 57 62 76 81 90 91 92 101 144 153 173 174 182 187 220 292 293 297 321 349 359 364 390 433 471 483 550 603 612 674 696 721 724 729 735 762 797 805 811 817 828 835 862 884 930 933 979 983
Compactness: 5273.600499
Weights: 596.000000 10020.000000 2881.000000
Center Node: 471

District 14
Nodes: 42 45 50 71 94 125 131 150 170 181 199 209 235 236 252 269 326 333 346 353 360 374 399 435 455 492 519 534 535 539 549 552 564 566 608 611 632 641 661 673 683 745 771 776 880 922 946 952
Compactness: 4468.249047
Weights: 594.000000 10978.000000 2845.000000
Center Node: 745

District 15
Nodes: 27 39 80 117 142 162 163 195 198 243 263 267 352 356 394 415 422 466 469 476 480 531 545 556 598 600 613 622 623 670 671 678 687 690 712 734 748 755 814 829 834 868 896 905 910 914 978 981
Compactness: 4026.022121
Weights: 638.000000 9976.000000 2814.000000
Center Node: 117

District 16
Nodes: 85 111 135 156 229 258 290 322 340 378 389 397 400 418 425 427 430 443 450 467 487 488 524 527 561 589 597 631 677 679 703 727 737 750 783 799 825 851 856 857 869 878 879 889 913 926 935 948 955 976 985 998
Compactness: 4322.411088
Weights: 622.000000 10607.000000 3069.000000
Center Node: 948

District 17
Nodes: 1 5 25 35 49 68 74 78 83 109 110 166 177 184 190 193 203 226 238 241 370 417 452 459 470 501 548 580 599 619 630 639 644 682 685 725 743 754 766 808 844 845 853 873 898 899 907 929 966 999
Compactness: 4568.868164
Weights: 530.000000 10866.000000 2957.000000
Center Node: 184

District 18
Nodes: 0 32 56 60 65 82 87 103 127 139 185 206 286 288 294 298 312 317 323 325 331 344 345 355 363 372 375 426 436 449 453 456 473 475 485 508 551 609 637 645 653 723 740 756 782 816 818 886 893 919 943 951 995
Compactness: 17267.275234
Weights: 631.000000 10531.000000 3029.000000
Center Node: 943

District 19
Nodes: 3 34 46 54 102 122 129 157 168 223 246 259 271 279 283 315 319 338 347 358 361 373 437 454 461 486 507 522 525 533 557 558 559 576 590 656 659 664 672 768 801 847 865 881 891 916 944 958 980 984
Compactness: 6701.119771
Weights: 628.000000 10096.000000 2978.000000
Center Node: 34

District 20
Nodes: 2 9 15 26 44 55 70 214 247 268 272 277 282 304 334 335 336 339 367 369 376 438 439 563 565 606 607 642 649 654 660 688 691 693 707 713 722 753 763 767 803 820 840 876 927 949 967 970
Compactness: 5683.303825
Weights: 631.000000 10822.000000 2775.000000
Center Node: 335
