BalanceViolation 137.295000
AffinityLoss 1654.000000
Compactness 107271.340608

District 1
Nodes: 26 38 48 58 80 128 130 157 158 172 193 211 222 231 261 269 289 315 359 376 382 397 424 435 455 467 475 488 550 554 579 586 588 593 628 632 637 657 669 676 744 752 761 784 836 837 885 896 930 941 974 991
Compactness: 4724.633694
Weights: 635.000000 10117.000000 2987.000000
Center Node: 128

District 2
Nodes: 19 50 64 83 104 141 146 156 188 216 235 247 255 279 292 321 378 396 420 471 505 516 521 530 537 555 581 606 617 659 664 672 683 684 691 720 736 739 750 763 770 794 801 854 892 898 925 972 983 993 996
Compactness: 4782.430277
Weights: 593.000000 10804.000000 3002.000000
Center Node: 83

District 3
Nodes: 73 99 133 153 154 155 187 220 229 232 256 259 272 281 284 296 347 360 362 400 402 418 425 428 431 469 483 539 553 599 607 612 620 662 681 746 785 786 788 820 826 864 886 887 897 904 914 929 965 968 981 995
Compactness: 6605.601937
Weights: 623.000000 11135.000000 3003.000000
Center Node: 272

District 4
Nodes: 77 88 93 102 132 208 223 266 278 294 330 339 361 369 381 390 408 429 432 438 480 571 611 643 688 712 715 747 780 796 807 810 840 852 863 883 905 917 936 950 951 961 984 985 992
Compactness: 3921.966916
Weights: 588.000000 10678.000000 2870.000000
Center Node: 840

District 5
Nodes: 12 28 32 114 124 145 162 177 196 212 224 236 243 303 309 317 354 357 387 404 412 416 417 449 468 487 533 574 582 592 613 702 742 743 775 787 790 818 835 846 850 870 871 876 902 928 933 935 937 946
Compactness: 6316.781768
Weights: 570.000000 11131.000000 2832.000000
Center Node: 876

District 6
Nodes: 5 22 63 68 82 113 140 142 161 163 215 218 225 242 258 288 331 338 353 356 447 500 501 512 528 561 563 577 585 594 597 624 655 678 685 686 706 710 722 730 735 798 811 813 816 862 874 878 884 912 919 999
Compactness: 4623.525799
Weights: 616.000000 10955.000000 3016.000000
Center Node: 215

District 7
Nodes: 54 75 101 115 123 186 206 228 230 233 244 260 263 302 350 368 374 423 439 442 466 470 486 517 520 526 538 601 618 642 647 654 690 693 729 738 757 774 777 797 803 808 819 825 851 856 869 872 877 915 959 980 982
Compactness: 6902.293964
Weights: 597.000000 10928.000000 2775.000000
Center Node: 54

District 8
Nodes: 45 87 90 151 171 183 191 192 204 240 249 254 332 336 399 403 407 410 411 440 477 479 492 493 509 522 546 596 623 675 679 700 701 703 716 717 725 734 759 783 789 817 824 853 868 882 899 960 962 963
Compactness: 8463.397566
Weights: 602.000000 10381.000000 2893.000000
Center Node: 716

District 9
Nodes: 55 66 67 74 91 110 149 150 178 205 219 300 314 320 365 388 433 453 490 511 544 548 562 566 589 635 640 641 648 649 650 661 671 696 740 751 755 776 791 831 839 845 926 947 954 957 973 975 987
Compactness: 4627.820426
Weights: 628.000000 10201.000000 2986.000000
Center Node: 511

District 10
Nodes: 6 23 69 105 122 126 138 152 174 238 273 276 277 311 318 337 342 386 401 445 452 461 491 499 510 531 532 535 557 560 573 580 595 610 665 670 677 711 753 772 795 804 812 834 848 849 860 888 945 953 967 998
Compactness: 4665.105426
Weights: 630.000000 10578.000000 2982.000000
Center Node: 532

District 11
Nodes: 10 20 24 31 52 59 60 62 70 103 112 131 135 144 213 226 227 246 251 301 313 324 333 341 346 389 395 414 457 458 473 474 615 622 629 644 651 663 667 668 732 733 748 758 843 857 881 920 922 923 966 977 986
Compactness: 5640.428308
Weights: 571.000000 10994.000000 3034.000000
Center Node: 474

District 12
Nodes: 2 3 11 13 15 17 21 34 35 44 71 76 97 108 173 182 189 197 198 202 245 291 322 325 326 334 348 349 393 394 430 454 495 545 558 569 590 603 634 674 705 724 741 754 832 875 890 895 913 988 989
Compactness: 4139.936872
Weights: 626.000000 10102.000000 2866.000000
Center Node: 348

District 13
Nodes: 14 16 49 65 121 129 143 159 176 201 267 280 306 335 340 373 380 413 476 481 496 507 534 536 543 552 572 602 614 616 627 645 646 719 731 745 749 781 822 844 894 903 943 958 978
Compactness: 3633.437431
Weights: 517.000000 10403.000000 2761.000000
Center Node: 978

District 14
Nodes: 18 46 72 86 100 109 118 134 185 234 250 265 268 271 286 287 295 355 375 392 419 422 441 459 463 485 502 504 515 551 587 609 656 692 771 815 827 842 859 867 879 908 927 942 955 956 964 979
Compactness: 3955.577733
Weights: 581.000000 10151.000000 2763.000000
Center Node: 100

District 15
Nodes: 8 9 27 30 51 61 84 94 96 125 136 166 170 175 199 217 252 283 293 312 363 367 385 398 406 409 426 446 465 478 559 600 619 631 694 698 704 723 727 767 814 821 838 847 861 906 931 932
Compactness: 3701.185903
Weights: 558.000000 10311.000000 2796.000000
Center Node: 446

District 16
Nodes: 0 37 43 47 79 85 92 106 107 116 147 160 194 214 221 248 257 274 327 343 352 364 366 371 391 472 497 498 519 524 542 575 583 584 621 630 658 695 699 714 782 793 799 829 841 865 880 891 921 997
Compactness: 4804.288522
Weights: 628.000000 10308.000000 3034.000000
Center Node: 327

District 17
Nodes: 29 33 57 78 89 137 167 169 195 262 285 319 328 329 372 383 421 437 444 462 484 503 506 523 540 547 564 565 568 598 608 652 653 666 673 689 709 721 728 756 764 766 802 809 828 873 893 910 916 938 939 940 944 949
Compactness: 12146.936379
Weights: 598.000000 10515.000000 3050.000000
Center Node: 938

District 18
Nodes: 7 25 39 40 41 95 111 117 139 164 165 180 190 200 209 239 297 305 307 308 358 384 415 443 464 482 508 514 556 578 604 605 633 639 660 708 718 765 769 779 800 805 806 830 934 948 969 976 994
Compactness: 5145.183631
Weights: 623.000000 10926.000000 2748.000000
Center Node: 7

District 19
Nodes: 1 36 98 127 168 181 203 207 210 237 264 290 299 304 310 316 323 377 434 436 460 513 518 529 549 576 638 680 687 697 707 713 726 760 773 778 792 823 858 901 909 911 918 924 952 990
Compactness: 3799.544182
Weights: 673.000000 10755.000000 2786.000000
Center Node: 316

District 20
Nodes: 4 42 53 56 81 119 120 148 179 184 241 253 270 275 282 298 344 345 351 370 379 405 427 448 450 451 456 489 494 525 527 541 567 570 591 625 626 636 682 737 762 768 833 855 866 889 900 907 970 971
Compactness: 4671.263874
Weights: 562.000000 11023.000000 2960.000000
Center Node: 4
