BalanceViolation 334.587000
AffinityLoss 3656.000000
Compactness 139725.050773

District 1
Nodes: 5 45 94 97 216 253 310 429 460 466 489 513 588 627 639 670 697 701 740 765 795 843 864 881 1012 1144 1195 1232 1421 1487 1587 1661 1813 1840 1876 1880 1883 1889 1951
Compactness: 2611.016367
Weights: 483.000000 8706.000000 2193.000000
Center Node: 429

District 2
Nodes: 6 30 40 62 101 130 164 194 206 237 277 371 410 413 578 659 681 695 699 774 849 960 965 1024 1165 1206 1246 1259 1371 1436 1453 1463 1472 1552 1575 1612 1649 1691 1713 1719 1965
Compactness: 2443.319598
Weights: 470.000000 8516.000000 2325.000000
Center Node: 849

District 3
Nodes: 48 73 88 282 322 324 363 374 401 553 673 687 742 763 789 862 866 909 994 1022 1067 1095 1133 1202 1341 1346 1349 1462 1468 1473 1506 1517 1543 1547 1684 1705 1735 1801 1865 1992
Compactness: 2530.092056
Weights: 488.000000 8433.000000 2252.000000
Center Node: 994

District 4
Nodes: 126 134 136 202 227 350 400 436 439 520 522 557 592 654 717 791 800 813 855 860 908 923 942 947 1023 1084 1106 1132 1191 1209 1220 1234 1357 1419 1479 1712 1738 1784 1790 1802 1820 1923
Compactness: 2668.518788
Weights: 504.000000 8684.000000 2102.000000
Center Node: 1132

District 5
Nodes: 96 118 141 186 292 333 408 438 459 531 617 640 683 755 778 828 863 889 896 1104 1230 1326 1342 1369 1391 1406 1494 1508 1525 1526 1692 1693 1724 1750 1757 1843 1847 1901 1916 1970
Compactness: 5100.467757
Weights: 489.000000 7961.000000 2311.000000
Center Node: 1230

District 6
Nodes: 77 99 152 175 191 200 249 278 334 359 471 666 735 875 957 976 1057 1300 1318 1319 1321 1411 1444 1503 1511 1514 1583 1606 1650 1746 1791 1852 1862 1885 1906 1915 1937 1961 1964 1983
Compactness: 2807.077612
Weights: 478.000000 7989.000000 2157.000000
Center Node: 1319

District 7
Nodes: 125 150 160 262 270 283 402 582 593 600 619 721 822 844 850 906 948 968 1017 1043 1049 1075 1115 1188 1247 1292 1317 1356 1429 1469 1527 1568 1642 1734 1822 1833 1848 1857 1872 1873 1905 1957
Compactness: 2495.664193
Weights: 493.000000 8090.000000 2147.000000
Center Node: 1247

District 8
Nodes: 70 115 121 144 170 212 218 226 233 248 293 548 591 622 641 745 756 872 895 951 964 1050 1085 1092 1119 1201 1257 1307 1337 1394 1455 1477 1586 1626 1836 1858 1907 1960
Compactness: 2945.366556
Weights: 450.000000 7993.000000 2376.000000
Center Node: 1307

District 9
Nodes: 39 52 157 181 220 239 291 339 456 612 636 682 762 785 810 854 857 956 967 1004 1036 1118 1294 1350 1352 1385 1387 1434 1443 1456 1480 1489 1516 1522 1599 1725 1726 1727 1826
Compactness: 2442.868433
Weights: 413.000000 8664.000000 2234.000000
Center Node: 1516

District 10
Nodes: 4 84 91 131 137 161 198 252 284 315 353 405 406 517 575 587 620 652 876 914 920 925 938 966 1014 1087 1200 1211 1296 1308 1433 1569 1615 1718 1763 1800 1849 1891 1920
Compactness: 2396.772539
Weights: 507.000000 7981.000000 2166.000000
Center Node: 1800

District 11
Nodes: 71 76 114 176 265 304 356 361 375 461 486 491 563 567 601 608 693 708 711 729 934 955 985 1039 1056 1090 1117 1470 1518 1624 1662 1686 1703 1722 1736 1740 1767 1897 1912 1942 1972
Compactness: 2768.935564
Weights: 424.000000 7903.000000 2386.000000
Center Node: 1686

District 12
Nodes: 64 169 234 403 416 433 442 444 480 551 634 676 738 786 823 836 885 958 1071 1164 1268 1273 1290 1417 1426 1446 1457 1478 1524 1528 1553 1598 1639 1643 1648 1660 1687 1723 1774 1807 1933
Compactness: 2446.972863
Weights: 466.000000 7958.000000 2369.000000
Center Node: 1446

District 13
Nodes: 1 23 32 37 50 86 174 184 232 303 321 492 496 581 904 970 988 1000 1089 1212 1306 1373 1408 1458 1495 1504 1565 1574 1584 1635 1709 1760 1781 1892 1929 1959 1987 1995
Compactness: 2270.489401
Weights: 436.000000 8729.000000 2288.000000
Center Node: 37

District 14
Nodes: 127 214 222 240 245 306 417 447 469 502 505 550 564 573 586 658 757 760 886 917 932 993 1161 1239 1252 1275 1359 1423 1428 1459 1496 1550 1564 1572 1622 1676 1747 1814 1829 1853 1941 1958
Compactness: 2645.977609
Weights: 491.000000 8505.000000 2357.000000
Center Node: 1423

District 15
Nodes: 36 112 128 228 393 509 536 542 566 584 649 653 764 777 779 816 838 865 986 1028 1033 1037 1038 1065 1069 1099 1122 1320 1466 1535 1549 1610 1613 1666 1667 1669 1754 1793 1894 1979 1993 1996
Compactness: 10775.504839
Weights: 489.000000 8565.000000 2352.000000
Center Node: 393

District 16
Nodes: 3 61 68 193 217 230 319 342 381 421 475 477 535 668 817 971 998 1029 1041 1082 1096 1102 1167 1168 1183 1223 1264 1333 1345 1551 1554 1580 1588 1605 1748 1816 1921 1988
Compactness: 3253.043961
Weights: 459.000000 8318.000000 2366.000000
Center Node: 230

District 17
Nodes: 11 21 34 98 110 179 211 317 424 431 453 507 605 642 667 712 724 775 831 983 995 1011 1078 1160 1313 1388 1392 1412 1420 1467 1521 1555 1576 1617 1696 1751 1881 1904 1934 1945
Compactness: 2518.085535
Weights: 474.000000 8001.000000 2369.000000
Center Node: 1751

District 18
Nodes: 7 10 72 123 208 255 325 432 437 470 476 523 599 606 607 645 766 768 897 902 1021 1088 1149 1180 1251 1274 1360 1393 1510 1512 1591 1604 1655 1659 1690 1773 1863 1877 1955
Compactness: 2429.874204
Weights: 482.000000 8510.000000 2346.000000
Center Node: 768

District 19
Nodes: 15 66 107 173 199 201 203 290 331 380 414 443 450 454 463 479 538 772 793 798 1066 1120 1147 1253 1263 1310 1311 1330 1343 1376 1414 1483 1488 1523 1621 1637 1647 1658 1685 1689 1771 1804 1834 1967 1980
Compactness: 3229.394187
Weights: 500.000000 8678.000000 2218.000000
Center Node: 538

District 20
Nodes: 235 241 266 272 355 364 430 455 482 749 752 821 911 961 1018 1019 1076 1109 1124 1137 1146 1155 1217 1286 1301 1316 1327 1409 1415 1442 1493 1505 1537 1585 1590 1634 1717 1749 1756 1938 1994
Compactness: 2952.963169
Weights: 464.000000 8477.000000 2249.000000
Center Node: 1286

District 21
Nodes: 2 38 56 142 162 210 271 323 340 383 412 501 571 577 602 706 801 825 842 929 1086 1269 1329 1334 1404 1424 1507 1582 1646 1653 1668 1711 1782 1786 1815 1926
Compactness: 2294.495791
Weights: 461.000000 7979.000000 2311.000000
Center Node: 1782

District 22
Nodes: 31 82 268 294 299 320 345 351 369 494 519 521 524 623 635 677 700 710 725 924 954 1059 1083 1261 1389 1397 1402 1501 1519 1531 1541 1545 1675 1678 1698 1730 1761 1795 1841 1924
Compactness: 2586.758840
Weights: 459.000000 8671.000000 2214.000000
Center Node: 524

District 23
Nodes: 102 135 182 288 309 326 362 373 377 407 409 510 561 590 665 688 787 788 815 830 940 946 1035 1125 1152 1158 1169 1289 1348 1354 1485 1570 1579 1609 1657 1741 1950 1982 1991
Compactness: 1820.073210
Weights: 453.000000 8754.000000 2152.000000
Center Node: 510

District 24
Nodes: 20 44 124 260 390 394 485 499 604 651 674 694 705 868 933 963 1055 1060 1073 1094 1111 1207 1378 1395 1396 1437 1492 1532 1567 1699 1837 1871 1879 1930 1948 1975
Compactness: 2198.854751
Weights: 453.000000 8755.000000 2240.000000
Center Node: 1378

District 25
Nodes: 13 17 80 149 188 231 236 280 289 367 449 559 569 589 596 609 625 630 715 743 744 746 856 893 945 962 1032 1062 1112 1177 1199 1248 1355 1546 1558 1562 1619 1633 1644 1831 1922 1936 1953
Compactness: 2317.352119
Weights: 496.000000 8320.000000 2255.000000
Center Node: 236

District 26
Nodes: 43 58 93 103 349 452 487 490 504 539 543 547 555 576 594 621 661 805 873 890 913 1070 1074 1093 1162 1187 1214 1265 1351 1370 1405 1425 1515 1611 1695 1755 1775 1787 1860 1997
Compactness: 2466.196767
Weights: 498.000000 8179.000000 2176.000000
Center Node: 1515

District 27
Nodes: 19 46 92 100 185 207 219 264 343 387 388 483 493 690 748 754 792 937 1072 1077 1129 1170 1171 1250 1256 1368 1377 1454 1471 1500 1557 1608 1623 1733 1765 1785 1868 1887 1998
Compactness: 2460.770056
Weights: 460.000000 8678.000000 2153.000000
Center Node: 19

District 28
Nodes: 33 79 119 168 225 285 307 314 391 419 435 558 613 750 767 773 797 867 901 910 972 982 989 1013 1025 1114 1305 1476 1509 1540 1618 1636 1656 1671 1716 1745 1780 1839 1870 1909 1914
Compactness: 3650.018325
Weights: 457.000000 8700.000000 2262.000000
Center Node: 773

District 29
Nodes: 67 95 187 302 395 425 468 488 554 560 692 704 790 799 898 931 936 979 1034 1053 1153 1182 1231 1236 1281 1295 1364 1386 1399 1460 1534 1673 1744 1752 1808 1823 1869 1878 1910 1946 1954 1977
Compactness: 3317.413991
Weights: 457.000000 8618.000000 2256.000000
Center Node: 1823

District 30
Nodes: 111 132 163 205 209 229 274 473 597 618 656 722 751 769 992 996 1030 1079 1181 1283 1291 1390 1422 1461 1498 1536 1595 1677 1688 1700 1720 1759 1799 1819 1838 1875 1893 1895 1927 1986
Compactness: 2563.167919
Weights: 510.000000 7924.000000 2229.000000
Center Node: 1700

District 31
Nodes: 26 35 87 90 180 192 263 337 366 514 527 528 549 595 614 675 727 806 811 819 851 874 878 899 930 1001 1172 1216 1361 1481 1778 1798 1809 1882 1900 1939
Compactness: 2995.236946
Weights: 438.000000 8667.000000 2155.000000
Center Node: 337

District 32
Nodes: 74 106 145 166 259 379 392 418 515 530 562 603 723 759 770 807 809 847 1098 1103 1184 1279 1293 1299 1332 1445 1451 1474 1490 1520 1593 1607 1625 1665 1707 1758 1812 1817 1844 1973
Compactness: 2382.282765
Weights: 489.000000 8593.000000 2229.000000
Center Node: 603

District 33
Nodes: 156 215 300 318 422 423 495 526 583 696 702 731 737 781 802 812 841 977 990 1058 1063 1142 1241 1358 1362 1450 1464 1581 1620 1631 1638 1739 1779 1856 1886 1928 1956 1963 1976
Compactness: 2220.312518
Weights: 432.000000 8030.000000 2335.000000
Center Node: 583

District 34
Nodes: 105 113 146 195 295 329 332 346 352 506 537 626 664 803 852 888 918 950 991 1006 1101 1116 1121 1134 1136 1174 1176 1186 1194 1198 1233 1254 1366 1484 1542 1573 1596 1706 1794
Compactness: 2544.124592
Weights: 489.000000 8683.000000 2186.000000
Center Node: 1706

District 35
Nodes: 65 190 196 251 261 287 296 335 357 365 498 615 663 714 720 784 814 870 912 997 1007 1229 1260 1262 1266 1323 1353 1367 1592 1616 1708 1728 1742 1772 1797 1884 1944 1952 1989
Compactness: 2130.657331
Weights: 506.000000 7982.000000 2147.000000
Center Node: 1944

District 36
Nodes: 55 155 165 221 223 286 312 370 376 516 616 637 650 684 686 713 796 827 846 921 959 975 1003 1126 1128 1157 1179 1219 1222 1238 1285 1315 1339 1438 1796 1818 1824 1825 1832 1864 1913
Compactness: 2320.584763
Weights: 502.000000 8686.000000 2125.000000
Center Node: 713

District 37
Nodes: 27 104 122 153 154 327 328 336 348 398 426 427 541 624 669 678 732 826 877 915 935 1097 1100 1105 1135 1178 1193 1196 1235 1267 1284 1325 1403 1418 1427 1563 1640 1854 1917 1919
Compactness: 1782.770675
Weights: 441.000000 8661.000000 2345.000000
Center Node: 1105

District 38
Nodes: 57 151 177 183 189 281 382 397 411 441 474 544 585 629 631 671 719 761 858 978 1054 1203 1228 1237 1258 1331 1398 1407 1410 1475 1497 1578 1597 1663 1674 1697 1704 1811 1835 1918 1949
Compactness: 2563.933269
Weights: 471.000000 7951.000000 2244.000000
Center Node: 1811

District 39
Nodes: 16 60 116 147 172 313 372 532 540 662 758 887 894 900 949 1002 1042 1081 1107 1141 1154 1159 1163 1185 1189 1197 1226 1374 1413 1416 1439 1538 1539 1664 1683 1753 1803 1850 1898 1908 1935 1981 1999
Compactness: 2617.395716
Weights: 494.000000 8654.000000 2355.000000
Center Node: 540

District 40
Nodes: 53 109 213 243 254 269 308 347 360 386 399 462 497 533 570 648 703 730 837 861 1009 1010 1064 1091 1123 1130 1156 1190 1270 1338 1372 1431 1449 1559 1614 1627 1701 1737 1789 1859 1899 1962
Compactness: 2866.775066
Weights: 498.000000 7990.000000 2369.000000
Center Node: 570

District 41
Nodes: 47 133 389 396 457 484 500 580 679 741 922 984 1005 1020 1046 1048 1052 1127 1143 1224 1276 1282 1287 1309 1365 1383 1441 1447 1482 1533 1589 1645 1679 1710 1764 1851 1971 1984
Compactness: 2416.291964
Weights: 504.000000 8016.000000 2247.000000
Center Node: 1224

District 42
Nodes: 9 24 59 78 89 139 298 458 508 598 638 733 747 907 973 1040 1110 1204 1215 1240 1243 1245 1288 1324 1381 1465 1502 1651 1670 1714 1776 1783 1788 1821 1846 1867 1966 1969
Compactness: 2105.734604
Weights: 482.000000 8103.000000 2340.000000
Center Node: 1966

District 43
Nodes: 49 138 143 244 316 378 384 428 445 451 464 518 534 545 646 726 808 824 834 839 845 928 944 1068 1080 1175 1210 1242 1302 1344 1379 1380 1400 1486 1556 1641 1682 1805 1827 1861 1925 1931 1943
Compactness: 2969.702387
Weights: 502.000000 8014.000000 2160.000000
Center Node: 316

District 44
Nodes: 12 29 41 238 242 257 358 511 512 579 632 644 655 680 753 782 783 794 859 869 952 981 1008 1026 1045 1140 1221 1312 1314 1335 1401 1548 1561 1566 1628 1629 1715 1743 1842 1990
Compactness: 2394.642049
Weights: 473.000000 8398.000000 2164.000000
Center Node: 1008

District 45
Nodes: 69 129 167 171 197 246 247 267 279 330 354 415 420 467 525 628 718 771 780 892 905 939 987 1016 1150 1328 1363 1375 1448 1601 1632 1769 1855 1866 1890 1902 1932
Compactness: 2222.154266
Weights: 473.000000 7954.000000 2127.000000
Center Node: 525

District 46
Nodes: 0 8 18 22 63 81 140 178 276 368 440 546 568 574 611 660 689 728 734 736 804 832 835 840 903 974 1047 1145 1255 1271 1272 1347 1577 1594 1652 1681 1702 1766 1770 1911 1974
Compactness: 2463.597156
Weights: 493.000000 8080.000000 2341.000000
Center Node: 1272

District 47
Nodes: 54 83 120 224 250 301 338 341 404 448 565 572 633 643 716 820 853 879 882 891 926 953 1015 1051 1173 1192 1213 1218 1297 1303 1340 1600 1654 1680 1731 1768 1888 1903 1947 1978
Compactness: 2694.843598
Weights: 490.000000 8755.000000 2357.000000
Center Node: 1173

District 48
Nodes: 28 51 108 158 297 305 311 472 529 685 691 707 709 848 880 883 884 916 969 980 1027 1108 1113 1138 1205 1225 1322 1336 1382 1384 1430 1432 1435 1452 1491 1529 1560 1571 1630 1777 1810 1940
Compactness: 2555.371522
Weights: 466.000000 8557.000000 2328.000000
Center Node: 108

District 49
Nodes: 14 25 42 117 148 275 446 481 552 657 672 698 829 833 941 999 1031 1044 1131 1148 1208 1227 1244 1277 1280 1513 1544 1602 1694 1721 1732 1762 1792 1806 1830 1874 1896 1968 1985
Compactness: 3038.601505
Weights: 533.000000 7940.000000 2359.000000
Center Node: 446

District 50
Nodes: 75 85 159 204 256 258 273 344 385 434 465 478 503 556 610 647 739 776 818 871 919 927 943 1061 1139 1151 1166 1249 1278 1298 1304 1440 1499 1530 1603 1672 1729 1828 1845
Compactness: 3032.531083
Weights: 514.000000 7993.000000 2275.000000
Center Node: 1672
