BalanceViolation 1634.484000
AffinityLoss 1869.000000
Compactness 63165.470832

District 1
Nodes: 71 83 91 105 185 187 214 229 261 335 360 379 575 655 742 801 835 843 889 907
Compactness: 1198.475126
Weights: 254.000000 4444.000000 1091.000000
Center Node: 843

District 2
Nodes: 13 95 122 168 264 294 355 396 423 467 468 476 513 580 699 832 836 863 865
Compactness: 1114.761889
Weights: 221.000000 4304.000000 1099.000000
Center Node: 396

District 3
Nodes: 81 151 161 196 205 225 252 265 338 363 502 596 601 604 677 725 762 763 792 814 823 989
Compactness: 2026.787349
Weights: 250.000000 4244.000000 1164.000000
Center Node: 823

District 4
Nodes: 27 31 79 108 119 194 203 218 273 326 448 475 495 540 657 695 707 711 778 819 873 912
Compactness: 1816.190401
Weights: 290.000000 4033.000000 1125.000000
Center Node: 912

District 5
Nodes: 11 33 92 117 173 182 184 226 235 246 276 285 344 350 370 528 736 741 775 789 799
Compactness: 1275.665849
Weights: 267.000000 4183.000000 1109.000000
Center Node: 235

District 6
Nodes: 9 23 66 106 189 301 324 328 343 351 380 481 497 522 553 581 719 758 844
Compactness: 876.740537
Weights: 290.000000 4364.000000 1096.000000
Center Node: 324

District 7
Nodes: 8 44 99 155 239 291 357 364 498 501 505 546 639 693 712 723 855 890 915
Compactness: 1133.741535
Weights: 259.000000 3923.000000 1111.000000
Center Node: 8

District 8
Nodes: 129 148 238 277 289 409 511 536 542 567 605 690 692 759 760 798 875 903 960
Compactness: 1141.982393
Weights: 225.000000 3892.000000 1181.000000
Center Node: 692

District 9
Nodes: 10 102 347 352 415 474 487 532 568 583 597 627 676 716 765 821 885 951 958
Compactness: 1042.411238
Weights: 187.000000 4391.000000 1103.000000
Center Node: 102

District 10
Nodes: 94 146 156 174 209 219 262 268 284 315 422 424 555 606 681 737 754 785 807 853
Compactness: 1010.611441
Weights: 265.000000 4194.000000 1164.000000
Center Node: 681

District 11
Nodes: 39 130 178 186 234 256 373 401 459 509 514 530 548 554 634 756 770 881 901 911 930 982
Compactness: 1250.387402
Weights: 297.000000 4349.000000 1181.000000
Center Node: 401

District 12
Nodes: 60 73 111 212 224 247 266 359 361 362 367 372 378 391 411 437 499 620 654 683 714 817 829
Compactness: 1489.083580
Weights: 297.000000 3952.000000 1193.000000
Center Node: 829

District 13
Nodes: 15 88 120 179 414 433 434 462 472 485 526 544 556 576 621 796 851 904 973 987
Compactness: 971.074024
Weights: 224.000000 4404.000000 1139.000000
Center Node: 973

District 14
Nodes: 19 37 50 74 181 210 236 345 371 394 450 512 537 586 691 715 790 830 932
Compactness: 1185.812731
Weights: 240.000000 4392.000000 1171.000000
Center Node: 537

District 15
Nodes: 98 139 169 223 244 304 399 535 582 593 630 644 726 740 808 827 884 965 978
Compactness: 1196.109047
Weights: 212.000000 4041.000000 1252.000000
Center Node: 827

District 16
Nodes: 48 75 133 145 267 287 447 458 557 585 603 651 696 731 862 936 990
Compactness: 1081.952806
Weights: 200.000000 3906.000000 908.000000
Center Node: 862

District 17
Nodes: 124 177 383 393 430 453 508 549 559 563 571 587 590 591 643 702 779 809 818 869 896
Compactness: 978.971469
Weights: 253.000000 4396.000000 1146.000000
Center Node: 549

District 18
Nodes: 54 103 116 170 183 188 275 299 307 320 421 449 539 547 552 629 704 717 722 773 921 928
Compactness: 1528.987770
Weights: 245.000000 4101.000000 1143.000000
Center Node: 704

District 19
Nodes: 25 61 310 323 369 382 455 463 477 594 626 632 653 661 689 744 810 917 962
Compactness: 1159.108787
Weights: 219.000000 4298.000000 980.000000
Center Node: 323

District 20
Nodes: 16 26 49 114 126 260 269 340 354 405 441 484 579 665 675 727 849 880 914 954
Compactness: 1478.902162
Weights: 269.000000 4023.000000 1069.000000
Center Node: 49

District 21
Nodes: 113 140 296 339 341 471 517 565 612 667 669 705 777 784 839 857 872 981 999
Compactness: 1093.779736
Weights: 227.000000 4346.000000 1059.000000
Center Node: 341

District 22
Nodes: 17 38 64 190 263 297 365 392 456 466 488 525 570 647 772 786 825 838 906 956 970 998
Compactness: 1552.373510
Weights: 236.000000 4307.000000 1175.000000
Center Node: 906

District 23
Nodes: 4 45 135 180 259 312 442 492 613 682 805 811 845 852 891 918 942
Compactness: 971.448662
Weights: 187.000000 4008.000000 1210.000000
Center Node: 135

District 24
Nodes: 62 131 200 227 237 274 279 295 366 381 446 460 527 635 673 686 701 752 940 957
Compactness: 1024.633398
Weights: 238.000000 4418.000000 1077.000000
Center Node: 366

District 25
Nodes: 24 36 171 290 292 293 438 464 529 577 592 633 732 883 894 929 943 980
Compactness: 1230.474871
Weights: 254.000000 4330.000000 1112.000000
Center Node: 732

District 26
Nodes: 55 67 112 134 147 176 193 416 469 533 640 664 685 747 820 847 858 947
Compactness: 1243.822328
Weights: 198.000000 4354.000000 974.000000
Center Node: 685

District 27
Nodes: 22 125 245 283 330 358 443 510 551 625 697 703 766 783 816 837 856 860 923 953 966 976
Compactness: 1742.617881
Weights: 268.000000 4427.000000 1096.000000
Center Node: 245

District 28
Nodes: 0 84 137 165 230 254 288 298 314 329 375 386 397 550 609 793 812 822 854 900 910
Compactness: 1020.490313
Weights: 263.000000 4024.000000 1183.000000
Center Node: 254

District 29
Nodes: 7 57 69 80 110 342 385 404 444 543 607 645 658 672 721 780 806 899 916 955 983
Compactness: 1724.137361
Weights: 250.000000 4436.000000 1143.000000
Center Node: 983

District 30
Nodes: 32 63 86 240 257 325 417 589 641 649 662 745 781 815 846 850 892 893 972 994
Compactness: 1426.641602
Weights: 232.000000 4054.000000 1279.000000
Center Node: 649

District 31
Nodes: 18 29 100 101 152 163 172 175 208 215 249 316 353 388 440 489 518 608 617 688 848 879 919
Compactness: 1783.845619
Weights: 264.000000 4415.000000 1175.000000
Center Node: 388

District 32
Nodes: 6 53 96 97 107 121 138 222 253 271 305 410 473 494 496 636 680 868 996
Compactness: 983.314094
Weights: 241.000000 3931.000000 1132.000000
Center Node: 496

District 33
Nodes: 65 70 85 195 228 400 470 523 598 628 638 757 813 834 861 898 908 924 933 974
Compactness: 1131.794451
Weights: 243.000000 4437.000000 1102.000000
Center Node: 65

District 34
Nodes: 1 5 21 30 76 251 336 387 398 461 506 572 573 610 637 660 720 728 794 795 937
Compactness: 2316.422393
Weights: 283.000000 4017.000000 1177.000000
Center Node: 506

District 35
Nodes: 28 47 115 118 128 143 150 217 278 311 395 519 646 771 797 826 905 926 935 997
Compactness: 1040.617856
Weights: 238.000000 4017.000000 1196.000000
Center Node: 997

District 36
Nodes: 34 72 154 167 198 317 420 483 520 534 562 614 708 709 755 764 769 877 949 992 993
Compactness: 1524.797005
Weights: 246.000000 4298.000000 1099.000000
Center Node: 483

District 37
Nodes: 40 157 160 166 220 248 337 407 435 478 558 584 602 622 659 782 867 874 878 887
Compactness: 865.146067
Weights: 257.000000 4129.000000 1083.000000
Center Node: 220

District 38
Nodes: 35 89 123 141 149 192 233 281 390 406 418 656 666 735 748 882 895 979 995
Compactness: 1091.641335
Weights: 261.000000 4235.000000 1138.000000
Center Node: 35

District 39
Nodes: 43 90 158 202 204 232 272 282 348 384 428 436 465 648 668 828 876 886 888 922 946
Compactness: 1233.025667
Weights: 236.000000 4427.000000 1170.000000
Center Node: 348

District 40
Nodes: 162 191 197 241 270 356 389 431 480 500 521 619 642 674 694 733 831 842
Compactness: 784.286508
Weights: 234.000000 4136.000000 1067.000000
Center Node: 619

District 41
Nodes: 52 58 68 216 306 318 427 490 493 595 631 671 730 767 824 870 920
Compactness: 938.253510
Weights: 178.000000 4150.000000 1091.000000
Center Node: 631

District 42
Nodes: 2 42 46 109 243 250 300 309 346 377 516 564 750 804 833 871 934 950 959 963
Compactness: 1086.837938
Weights: 242.000000 4058.000000 1053.000000
Center Node: 564

District 43
Nodes: 104 127 308 412 419 426 429 545 578 600 650 679 768 800 840 913 931 971 986
Compactness: 1334.667234
Weights: 259.000000 4404.000000 1091.000000
Center Node: 127

District 44
Nodes: 77 164 199 242 258 376 451 611 663 729 734 746 749 761 803 897 938 944 948 961
Compactness: 1500.702784
Weights: 255.000000 4163.000000 1085.000000
Center Node: 729

District 45
Nodes: 87 142 153 207 211 286 331 454 482 507 569 588 618 687 710 774 791 952 991
Compactness: 1222.971396
Weights: 220.000000 4211.000000 1190.000000
Center Node: 331

District 46
Nodes: 20 255 349 368 413 452 486 491 504 538 560 599 652 684 698 700 743 787 945 967 969 985
Compactness: 1997.359006
Weights: 225.000000 4365.000000 1165.000000
Center Node: 698

District 47
Nodes: 82 136 159 201 213 231 322 327 334 445 457 515 561 623 624 678 753 776 909 964 968
Compactness: 1083.237758
Weights: 251.000000 4278.000000 1147.000000
Center Node: 213

District 48
Nodes: 3 12 14 51 56 132 144 206 313 332 503 670 724 739 751 859 927 939 977 988
Compactness: 1060.755360
Weights: 255.000000 4375.000000 1115.000000
Center Node: 332

District 49
Nodes: 41 59 302 333 374 402 403 408 425 432 439 479 706 713 788 802 841 864 866 902 975 984
Compactness: 1214.410069
Weights: 250.000000 4181.000000 1162.000000
Center Node: 302

District 50
Nodes: 78 93 221 280 303 319 321 524 531 541 566 574 615 616 718 738 925 941
Compactness: 983.207586
Weights: 243.000000 4359.000000 1050.000000
Center Node: 93
