BalanceViolation 222.992500
AffinityLoss 910.000000
Compactness 50070.054423

District 1
Nodes: 19 38 50 53 57 59 112 153 164 196 199 211 214 226 230 249 251 291 306 318 326 337 375 383 392 399 442
Compactness: 2322.441278
Weights: 315.000000 5262.000000 1493.000000
Center Node: 399

District 2
Nodes: 20 75 77 79 93 114 118 146 149 176 184 241 245 267 275 296 334 342 363 366 428 439 453 465
Compactness: 2263.240266
Weights: 298.000000 5540.000000 1441.000000
Center Node: 93

District 3
Nodes: 29 60 86 91 161 162 163 165 279 312 343 344 354 371 377 397 400 411 421 423 449 478 485 499
Compactness: 4866.650470
Weights: 316.000000 5092.000000 1374.000000
Center Node: 499

District 4
Nodes: 12 23 92 107 167 187 195 223 266 281 309 332 374 381 386 387 404 405 437 440 456 460 463 468 492
Compactness: 2476.905450
Weights: 292.000000 5291.000000 1498.000000
Center Node: 440

District 5
Nodes: 34 69 95 134 140 155 170 179 190 203 234 351 356 359 362 413 419 420 426 446 458 466 470 475 491
Compactness: 2510.376466
Weights: 324.000000 5489.000000 1355.000000
Center Node: 69

District 6
Nodes: 0 35 78 131 152 174 200 201 205 235 239 259 293 341 361 367 379 384 388 391 401 425 431 438 472 497
Compactness: 2430.822478
Weights: 329.000000 5102.000000 1377.000000
Center Node: 497

District 7
Nodes: 36 173 177 189 218 220 260 280 282 304 305 308 317 336 345 355 370 372 390 410 430 436 477 480
Compactness: 1994.953478
Weights: 269.000000 5118.000000 1533.000000
Center Node: 370

District 8
Nodes: 7 31 39 64 84 96 110 113 137 141 144 191 193 247 303 353 415 432 434 467 473 484 487 493 494
Compactness: 2161.335449
Weights: 324.000000 5154.000000 1502.000000
Center Node: 31

District 9
Nodes: 5 10 17 26 49 55 66 87 94 99 122 242 262 272 283 288 313 316 347 348 350 380 441 483 488
Compactness: 2474.475389
Weights: 321.000000 5272.000000 1435.000000
Center Node: 94

District 10
Nodes: 9 15 32 47 63 68 102 129 142 145 181 198 213 229 250 276 298 320 358 424 429 444 476 481 496 498
Compactness: 2540.325387
Weights: 295.000000 5625.000000 1453.000000
Center Node: 198

District 11
Nodes: 30 41 51 62 65 101 108 115 150 188 206 246 268 285 289 315 319 338 349 369 433 469 482
Compactness: 2689.930901
Weights: 324.000000 5524.000000 1428.000000
Center Node: 315

District 12
Nodes: 1 16 21 27 37 40 43 85 89 98 104 106 121 139 169 219 221 225 255 269 277 310 327 385 416
Compactness: 2016.852453
Weights: 305.000000 5139.000000 1487.000000
Center Node: 1

District 13
Nodes: 3 8 100 120 130 132 147 157 175 194 204 224 232 257 287 292 295 307 382 407 409 427 457 461
Compactness: 2430.183214
Weights: 321.000000 5327.000000 1400.000000
Center Node: 120

District 14
Nodes: 14 18 56 72 74 90 133 160 168 182 228 240 244 270 271 273 302 330 339 398 402 445 447 459 486
Compactness: 2169.956730
Weights: 296.000000 5676.000000 1312.000000
Center Node: 339

District 15
Nodes: 22 24 28 71 117 159 178 180 202 222 231 248 258 294 297 324 331 333 346 364 376 395 452 454 455
Compactness: 2100.855059
Weights: 280.000000 5150.000000 1482.000000
Center Node: 202

District 16
Nodes: 42 48 54 58 67 138 166 171 172 236 237 252 256 263 265 286 299 335 365 389 396 403 422 450 451 471 489
Compactness: 2652.515248
Weights: 323.000000 5622.000000 1496.000000
Center Node: 422

District 17
Nodes: 2 25 80 83 88 103 119 123 136 143 158 186 207 208 217 253 300 301 321 360 406 417 418 448 474
Compactness: 2382.232996
Weights: 318.000000 5578.000000 1392.000000
Center Node: 119

District 18
Nodes: 33 61 73 76 82 97 109 116 125 183 185 192 227 243 254 261 264 311 314 328 352 394 435
Compactness: 2222.651623
Weights: 317.000000 5269.000000 1512.000000
Center Node: 311

District 19
Nodes: 4 11 13 44 45 46 52 70 81 111 128 151 156 238 274 284 329 340 368 378 414 443 464 490 495
Compactness: 2995.509514
Weights: 308.000000 5574.000000 1328.000000
Center Node: 490

District 20
Nodes: 6 105 124 126 127 135 148 154 197 209 210 212 215 216 233 278 290 322 323 325 357 373 393 408 412 462 479
Compactness: 2367.840573
Weights: 319.000000 5437.000000 1495.000000
Center Node: 209
