BalanceViolation 2341.443000
AffinityLoss 1933.000000
Compactness 60277.543077

District 1
Nodes: 22 161 163 204 242 258 331 338 353 447 512 528 655 706 798 813 816 874 884 912
Compactness: 1273.595927
Weights: 248.000000 4270.000000 1241.000000
Center Node: 22

District 2
Nodes: 115 206 244 302 350 368 374 423 439 470 486 618 642 647 690 693 729 774 803 808 872
Compactness: 1480.453062
Weights: 243.000000 4319.000000 1056.000000
Center Node: 439

District 3
Nodes: 28 196 236 285 303 357 387 412 416 421 468 523 574 608 728 756 802 871 937 944
Compactness: 1077.086819
Weights: 226.000000 4415.000000 1161.000000
Center Node: 937

District 4
Nodes: 50 64 83 104 156 235 255 279 505 516 521 537 555 606 683 750 801 892 972
Compactness: 1021.288694
Weights: 213.000000 3338.000000 1167.000000
Center Node: 683

District 5
Nodes: 133 153 155 181 229 296 323 347 425 460 483 662 778 887 897 914 924 929 968
Compactness: 989.977969
Weights: 213.000000 4299.000000 1240.000000
Center Node: 229

District 6
Nodes: 26 48 80 128 222 233 263 269 382 424 455 538 586 588 593 654 752 757 896 991
Compactness: 1132.346564
Weights: 236.000000 4053.000000 1149.000000
Center Node: 752

District 7
Nodes: 88 93 208 275 278 294 361 408 480 688 715 796 840 852 950 951 984
Compactness: 944.264769
Weights: 236.000000 4095.000000 1180.000000
Center Node: 480

District 8
Nodes: 12 105 124 162 177 212 238 243 535 557 560 573 592 702 742 835 846 850 933 946 967 998
Compactness: 1507.410973
Weights: 245.000000 4078.000000 1208.000000
Center Node: 946

District 9
Nodes: 191 192 240 254 407 411 492 493 703 717 725 734 759 783 789 817 853 868 882 962 963
Compactness: 1157.189672
Weights: 250.000000 4366.000000 1208.000000
Center Node: 734

District 10
Nodes: 14 56 176 179 184 241 253 340 451 494 525 541 572 602 614 625 645 907 943 958
Compactness: 1056.298698
Weights: 215.000000 4453.000000 1079.000000
Center Node: 340

District 11
Nodes: 3 33 35 89 195 319 328 329 354 437 444 487 540 547 564 652 709 809 902 939
Compactness: 1003.053654
Weights: 231.000000 3779.000000 1242.000000
Center Node: 540

District 12
Nodes: 24 100 118 250 271 286 346 355 375 419 441 463 485 515 692 815 827 867 908 927
Compactness: 1184.686408
Weights: 219.000000 4238.000000 1177.000000
Center Node: 815

District 13
Nodes: 37 43 82 106 116 147 152 160 276 277 343 371 452 575 595 658 695 714 793 795 812 834
Compactness: 1424.712518
Weights: 228.000000 4411.000000 1282.000000
Center Node: 116

District 14
Nodes: 13 76 97 182 198 245 334 393 454 495 545 550 569 603 634 674 705 832 836 890 913 989
Compactness: 1133.371077
Weights: 279.000000 4087.000000 1194.000000
Center Node: 182

District 15
Nodes: 25 39 40 41 215 239 288 307 358 389 464 501 556 597 708 765 769 805 830 862
Compactness: 3405.529204
Weights: 261.000000 4294.000000 1195.000000
Center Node: 215

District 16
Nodes: 8 30 51 119 228 252 260 312 442 456 526 636 698 723 727 819 889 931 980
Compactness: 1128.591723
Weights: 225.000000 4236.000000 1175.000000
Center Node: 51

District 17
Nodes: 132 223 230 266 369 381 390 429 438 466 611 643 712 747 780 807 863 905 936
Compactness: 888.732284
Weights: 242.000000 4408.000000 1168.000000
Center Node: 429

District 18
Nodes: 49 65 129 143 306 320 335 373 413 496 507 536 543 616 627 696 719 751 903 978
Compactness: 1061.887049
Weights: 245.000000 4274.000000 1207.000000
Center Node: 413

District 19
Nodes: 36 87 203 237 304 316 377 410 434 436 675 679 680 697 707 760 792 909 990
Compactness: 1355.692754
Weights: 257.000000 4437.000000 1155.000000
Center Node: 760

District 20
Nodes: 57 66 74 137 262 372 383 484 497 503 544 565 566 598 721 764 831 849 873 910 938 949 975 987
Compactness: 1625.424265
Weights: 269.000000 4325.000000 1211.000000
Center Node: 372

District 21
Nodes: 135 188 216 247 292 395 396 530 581 664 684 691 720 736 770 983
Compactness: 874.925644
Weights: 221.000000 3837.000000 960.000000
Center Node: 720

District 22
Nodes: 85 92 214 221 248 332 364 366 399 440 477 498 524 542 546 584 699 700 960
Compactness: 939.976193
Weights: 232.000000 4078.000000 1206.000000
Center Node: 498

District 23
Nodes: 29 145 309 317 417 449 506 568 613 689 743 775 787 818 828 870 876 928 935
Compactness: 1102.321488
Weights: 226.000000 4359.000000 1185.000000
Center Node: 568

District 24
Nodes: 6 154 187 256 272 281 360 386 400 402 431 539 580 607 746 804 826 904 995
Compactness: 1125.851081
Weights: 258.000000 4126.000000 1224.000000
Center Node: 904

District 25
Nodes: 134 141 146 321 378 420 471 504 551 587 659 672 739 794 854 859 898 925 996
Compactness: 1036.685651
Weights: 218.000000 4126.000000 891.000000
Center Node: 794

District 26
Nodes: 18 46 72 109 185 249 265 287 336 392 422 459 502 522 623 842 879 942 955 956
Compactness: 1124.176172
Weights: 259.000000 4177.000000 1122.000000
Center Node: 955

District 27
Nodes: 5 142 218 234 297 356 561 563 577 594 624 656 678 685 710 722 735 878 919 999
Compactness: 972.067715
Weights: 251.000000 4394.000000 1149.000000
Center Node: 142

District 28
Nodes: 23 69 122 126 284 318 342 401 428 461 491 510 532 553 665 753 772 848 860 888 945 953
Compactness: 1136.711495
Weights: 279.000000 4450.000000 1091.000000
Center Node: 532

District 29
Nodes: 38 110 150 158 261 314 322 359 388 433 548 562 579 589 635 641 661 669 776 791 837 954
Compactness: 1144.239654
Weights: 245.000000 4205.000000 1187.000000
Center Node: 669

District 30
Nodes: 107 257 274 327 391 472 500 519 583 585 621 666 766 782 880 891 893 916 921
Compactness: 1293.131178
Weights: 231.000000 4089.000000 1237.000000
Center Node: 782

District 31
Nodes: 81 102 117 120 148 298 330 344 345 379 427 578 591 604 626 682 718 900 917 961 985 992
Compactness: 1047.093603
Weights: 242.000000 4424.000000 1186.000000
Center Node: 917

District 32
Nodes: 27 84 96 175 199 217 367 398 405 406 409 426 478 488 600 631 814 821 847
Compactness: 1002.522186
Weights: 228.000000 4466.000000 1105.000000
Center Node: 199

District 33
Nodes: 7 16 95 111 121 139 165 180 190 209 267 280 415 476 482 534 639 646 781 976 994
Compactness: 1568.378483
Weights: 250.000000 4389.000000 1170.000000
Center Node: 976

District 34
Nodes: 32 78 114 167 169 224 273 311 337 404 445 462 499 531 533 582 673 790 940
Compactness: 1187.931411
Weights: 213.000000 4432.000000 1123.000000
Center Node: 533

District 35
Nodes: 131 213 226 246 324 384 457 458 474 514 629 644 651 663 732 857 881 966
Compactness: 968.879636
Weights: 214.000000 4300.000000 1101.000000
Center Node: 246

District 36
Nodes: 1 47 73 79 98 168 210 259 352 469 513 529 549 620 638 726 864 865 911 952 965 997
Compactness: 1280.192499
Weights: 316.000000 4427.000000 1224.000000
Center Node: 549

District 37
Nodes: 2 15 21 71 108 173 189 291 325 326 348 349 394 430 558 590 741 754 875 895 988
Compactness: 1306.313856
Weights: 269.000000 4409.000000 1204.000000
Center Node: 590

District 38
Nodes: 4 53 270 282 370 448 450 489 527 567 570 737 762 768 855 970 971
Compactness: 644.914269
Weights: 186.000000 4307.000000 1101.000000
Center Node: 567

District 39
Nodes: 10 19 20 31 59 60 103 112 227 251 313 333 617 622 667 733 748 758 763 920 923 986 993
Compactness: 1544.361784
Weights: 227.000000 4120.000000 1200.000000
Center Node: 748

District 40
Nodes: 9 61 94 125 136 166 170 283 293 363 385 446 465 559 619 694 704 767 838 861 906 932
Compactness: 950.082929
Weights: 248.000000 4213.000000 1216.000000
Center Node: 385

District 41
Nodes: 45 86 90 151 171 183 268 295 403 479 509 596 609 701 716 771 824 899 964 979
Compactness: 1304.053489
Weights: 223.000000 4310.000000 1048.000000
Center Node: 171

District 42
Nodes: 55 91 149 205 219 300 365 453 490 511 640 648 653 671 740 755 839 845 957
Compactness: 1033.929100
Weights: 282.000000 4102.000000 1224.000000
Center Node: 300

District 43
Nodes: 99 138 174 220 232 362 418 599 610 612 670 677 681 711 785 786 788 820 886 981
Compactness: 1140.504584
Weights: 236.000000 4376.000000 1164.000000
Center Node: 599

District 44
Nodes: 42 54 75 101 123 186 517 520 601 738 777 797 825 851 856 866 869 877 915 959 982
Compactness: 1599.445161
Weights: 230.000000 4492.000000 1074.000000
Center Node: 797

District 45
Nodes: 11 17 34 44 130 172 193 197 202 211 315 467 632 637 657 676 724 744 930 941
Compactness: 1352.176889
Weights: 256.000000 4078.000000 1220.000000
Center Node: 467

District 46
Nodes: 0 127 194 207 264 290 299 310 518 576 630 687 713 773 799 823 829 841 858 901 918
Compactness: 1297.396222
Weights: 314.000000 4380.000000 1212.000000
Center Node: 518

District 47
Nodes: 52 62 70 77 144 301 339 341 414 432 473 571 615 668 810 843 883 922 977
Compactness: 1376.803939
Weights: 223.000000 4136.000000 1155.000000
Center Node: 70

District 48
Nodes: 63 67 68 113 140 164 178 225 443 605 649 650 686 730 779 806 811 926 947 948
Compactness: 1077.776186
Weights: 234.000000 4245.000000 1185.000000
Center Node: 806

District 49
Nodes: 159 200 305 308 351 508 552 633 660 745 749 800 822 833 844 934 969
Compactness: 796.591538
Weights: 207.000000 4348.000000 1139.000000
Center Node: 934

District 50
Nodes: 58 157 201 231 289 376 380 397 435 475 481 554 628 731 761 784 885 894 973 974
Compactness: 1196.514955
Weights: 220.000000 4426.000000 1146.000000
Center Node: 974
