BalanceViolation 110.645000
AffinityLoss 3661.000000
Compactness 227267.252596

District 1
Nodes: 23 35 40 49 61 88 106 137 150 167 196 205 210 220 246 271 281 294 298 307 313 352 358 371 415 421 450 488 497 519 568 573 589 591 602 604 624 638 639 642 664 675 682 684 713 738 749 751 757 779 812 886 935 966 1039 1053 1065 1095 1115 1136 1163 1176 1184 1237 1276 1291 1303 1309 1377 1380 1382 1393 1401 1430 1456 1463 1481 1490 1495 1511 1553 1601 1639 1723 1729 1749 1769 1793 1794 1798 1816 1844 1875 1877 1906 1918 1956 1997
Compactness: 8660.672037
Weights: 1204.000000 21774.000000 5544.000000
Center Node: 1816

District 2
Nodes: 57 87 170 177 179 185 226 310 318 362 369 390 412 438 490 495 498 518 583 592 612 613 614 619 620 623 685 700 702 759 767 819 856 876 878 896 897 923 971 990 1008 1036 1044 1081 1090 1096 1139 1160 1161 1174 1183 1210 1227 1255 1257 1271 1274 1284 1344 1368 1381 1383 1388 1422 1432 1434 1450 1459 1462 1468 1571 1572 1577 1578 1581 1585 1611 1618 1629 1638 1676 1718 1747 1755 1756 1799 1814 1847 1856 1871 1885 1904 1944 1972 1980
Compactness: 10247.121636
Weights: 1135.000000 20672.000000 5536.000000
Center Node: 702

District 3
Nodes: 21 30 74 82 127 188 206 207 212 232 238 252 267 272 286 304 345 346 360 375 394 448 465 470 475 521 529 531 537 580 611 646 690 697 698 720 722 741 746 755 778 786 829 841 850 888 960 975 996 1000 1015 1023 1051 1054 1056 1124 1126 1171 1193 1219 1241 1268 1278 1333 1350 1359 1410 1426 1428 1439 1460 1496 1513 1567 1590 1603 1604 1625 1659 1674 1688 1706 1707 1736 1762 1767 1785 1804 1811 1820 1823 1842 1851 1852 1876 1892 1903 1905 1966 1978 1985 1988
Compactness: 24041.683097
Weights: 1219.000000 21115.000000 5596.000000
Center Node: 1124

District 4
Nodes: 13 52 123 134 139 164 194 241 254 260 300 305 311 335 343 384 400 403 453 460 464 484 487 494 499 509 512 513 526 530 539 549 571 590 601 634 636 637 689 706 707 714 716 718 727 734 752 754 758 799 806 831 838 848 860 863 884 898 924 925 956 991 1074 1106 1121 1135 1151 1186 1188 1198 1211 1220 1293 1330 1331 1336 1339 1386 1423 1435 1444 1445 1471 1506 1522 1530 1561 1574 1610 1662 1668 1681 1715 1753 1761 1797 1830 1865 1873 1900 1930 1931 1943 1945
Compactness: 9786.792448
Weights: 1235.000000 22349.000000 5990.000000
Center Node: 689

District 5
Nodes: 44 51 71 85 105 119 124 130 138 154 165 193 198 202 227 228 236 237 249 253 277 316 317 428 433 441 454 466 471 507 520 562 579 581 586 606 658 668 673 740 794 809 814 815 822 830 849 865 929 964 983 1001 1006 1018 1032 1159 1175 1204 1212 1230 1246 1248 1259 1297 1298 1305 1306 1341 1351 1357 1372 1385 1391 1404 1437 1441 1454 1482 1485 1505 1514 1533 1536 1563 1588 1606 1608 1634 1689 1691 1704 1711 1712 1714 1728 1734 1759 1768 1780 1787 1813 1832 1836 1859 1894 1932 1936 1951 1977
Compactness: 11849.706082
Weights: 1236.000000 22062.000000 5957.000000
Center Node: 815

District 6
Nodes: 2 36 67 86 96 125 146 155 160 173 187 270 291 302 315 354 382 430 457 483 516 522 548 575 582 641 649 753 768 798 846 859 869 872 892 928 934 938 963 1019 1021 1024 1041 1045 1069 1099 1108 1153 1154 1157 1165 1185 1203 1205 1234 1238 1251 1262 1269 1280 1300 1328 1375 1378 1414 1424 1452 1457 1467 1478 1498 1542 1556 1573 1594 1623 1627 1632 1633 1642 1644 1700 1710 1765 1782 1849 1857 1866 1899 1909 1946 1962 1975
Compactness: 9304.289720
Weights: 1067.000000 20340.000000 5806.000000
Center Node: 1700

District 7
Nodes: 47 64 110 111 147 158 209 265 269 276 295 309 330 337 391 410 413 424 426 505 542 605 670 671 695 724 729 742 747 750 764 765 766 770 772 788 793 795 797 854 889 901 922 927 930 940 965 987 1005 1029 1047 1059 1067 1077 1083 1091 1125 1130 1145 1164 1178 1189 1192 1200 1216 1217 1263 1267 1292 1301 1302 1315 1324 1346 1367 1387 1398 1431 1484 1500 1520 1544 1560 1602 1663 1665 1671 1727 1752 1773 1777 1817 1835 1839 1846 1888 1908 1940 1954 1967 1976 1999
Compactness: 16874.959279
Weights: 1153.000000 21243.000000 5604.000000
Center Node: 147

District 8
Nodes: 8 39 45 59 76 91 94 104 180 186 192 195 225 248 264 289 301 355 372 425 489 508 524 527 533 540 565 574 598 622 650 705 709 711 717 730 776 808 820 852 875 890 913 942 1026 1030 1088 1094 1129 1137 1158 1244 1247 1260 1270 1314 1320 1335 1343 1356 1418 1442 1443 1449 1486 1489 1492 1499 1519 1541 1551 1580 1583 1593 1598 1614 1628 1637 1641 1651 1653 1656 1673 1685 1692 1696 1697 1702 1746 1748 1775 1818 1829 1845 1868 1878 1913 1916 1968
Compactness: 8586.849070
Weights: 1228.000000 20471.000000 5832.000000
Center Node: 1088

District 9
Nodes: 0 14 65 102 133 148 161 178 181 214 217 221 224 261 268 285 288 296 308 314 323 344 350 359 361 367 387 414 420 422 427 429 472 481 485 496 514 536 600 610 633 645 652 659 677 692 733 769 790 792 826 836 866 908 937 948 962 981 995 1027 1037 1134 1142 1177 1187 1202 1236 1253 1310 1340 1348 1354 1394 1421 1425 1446 1455 1464 1491 1494 1548 1552 1555 1562 1564 1615 1655 1686 1784 1789 1824 1843 1867 1870 1872 1896 1910 1919 1921
Compactness: 16626.180614
Weights: 1213.000000 20971.000000 5688.000000
Center Node: 387

District 10
Nodes: 3 48 50 92 99 190 200 215 233 234 235 242 263 278 373 435 443 523 578 615 699 761 780 785 807 843 844 857 858 882 893 907 917 918 951 970 976 984 1011 1014 1016 1033 1046 1076 1079 1086 1098 1103 1119 1140 1146 1149 1167 1179 1197 1199 1201 1218 1233 1245 1256 1277 1296 1299 1304 1308 1337 1405 1406 1433 1438 1483 1510 1517 1518 1528 1539 1566 1576 1591 1597 1658 1677 1719 1722 1743 1751 1766 1801 1807 1808 1812 1834 1874 1914 1937 1974 1979 1991
Compactness: 8623.863892
Weights: 1155.000000 20371.000000 5995.000000
Center Node: 1979

District 11
Nodes: 6 9 11 15 16 58 81 90 98 126 129 149 151 172 189 199 204 223 229 245 275 292 351 370 406 407 419 434 445 511 525 538 564 584 607 654 663 672 708 712 719 728 739 810 813 825 828 840 847 851 870 881 900 920 939 944 945 946 954 958 978 979 1002 1031 1087 1101 1122 1144 1148 1168 1169 1180 1190 1223 1295 1307 1313 1329 1363 1371 1395 1409 1451 1466 1487 1503 1525 1557 1565 1616 1640 1675 1684 1690 1709 1740 1758 1781 1860 1863 1884 1891 1917 1941 1955 1969 1987
Compactness: 10206.878469
Weights: 1251.000000 22100.000000 6010.000000
Center Node: 151

District 12
Nodes: 1 7 17 38 68 79 121 156 169 208 243 255 259 287 328 334 364 380 385 388 437 440 444 451 455 456 478 480 486 492 510 547 559 577 594 596 627 643 656 669 710 715 748 771 835 853 877 903 909 936 950 961 1004 1007 1009 1035 1063 1068 1070 1082 1092 1093 1109 1120 1138 1182 1208 1232 1243 1275 1364 1365 1413 1465 1470 1480 1512 1516 1584 1592 1605 1607 1646 1683 1733 1757 1772 1809 1821 1841 1848 1850 1854 1889 1922 1965
Compactness: 9465.319911
Weights: 1179.000000 21360.000000 5563.000000
Center Node: 1007

District 13
Nodes: 28 100 101 103 107 117 143 152 213 216 218 247 257 266 299 320 339 347 349 357 389 395 411 436 501 503 528 541 545 551 566 567 597 616 628 640 648 731 745 756 775 816 821 833 845 862 885 891 906 915 931 941 947 968 1013 1064 1105 1107 1117 1118 1162 1172 1173 1181 1224 1249 1252 1326 1334 1345 1390 1408 1412 1420 1436 1501 1504 1515 1558 1582 1645 1649 1667 1708 1721 1725 1735 1745 1763 1764 1778 1827 1869 1880 1882 1883 1887 1915 1950
Compactness: 9260.592280
Weights: 1164.000000 22374.000000 5414.000000
Center Node: 1173

District 14
Nodes: 4 5 12 26 31 62 70 93 116 122 131 142 159 175 183 184 211 230 279 290 333 342 383 386 393 461 467 468 473 517 543 546 556 570 593 608 618 655 662 676 679 686 693 721 725 743 801 832 861 873 895 910 972 985 1010 1022 1025 1040 1049 1084 1097 1111 1123 1127 1132 1242 1286 1290 1311 1316 1323 1332 1355 1396 1400 1474 1479 1509 1529 1550 1599 1630 1631 1635 1652 1664 1666 1695 1720 1724 1726 1731 1738 1742 1770 1805 1897 1926 1935 1942 1948 1981 1994 1996
Compactness: 9741.359452
Weights: 1250.000000 22345.000000 5713.000000
Center Node: 5

District 15
Nodes: 10 20 24 34 37 43 53 66 113 114 118 201 203 222 244 262 283 329 348 396 399 479 491 544 557 560 635 660 667 674 678 723 760 762 796 802 804 818 839 887 911 969 973 1066 1085 1100 1112 1114 1143 1147 1166 1191 1215 1226 1281 1289 1317 1360 1362 1370 1397 1427 1440 1448 1524 1526 1531 1547 1549 1569 1579 1624 1657 1660 1678 1699 1701 1717 1788 1796 1802 1819 1828 1837 1881 1890 1893 1898 1901 1902 1912 1934 1939 1957 1959 1960 1993
Compactness: 10686.896518
Weights: 1161.000000 21143.000000 5483.000000
Center Node: 802

District 16
Nodes: 19 41 42 54 55 77 80 84 109 120 128 157 163 166 219 250 280 297 322 325 331 404 418 432 446 449 452 459 532 534 550 558 576 585 617 630 631 666 680 681 703 704 736 763 781 783 791 805 867 871 874 894 916 932 933 943 953 957 982 992 993 1038 1052 1080 1113 1152 1213 1264 1294 1318 1373 1389 1403 1461 1477 1497 1527 1532 1540 1543 1587 1596 1617 1622 1643 1661 1705 1716 1776 1786 1795 1800 1825 1826 1861 1864 1929 1933 1952 1961 1990
Compactness: 10895.423556
Weights: 1163.000000 21965.000000 5454.000000
Center Node: 1318

District 17
Nodes: 18 22 25 60 63 72 78 108 135 136 140 176 231 240 303 312 327 332 341 353 376 397 401 409 431 469 477 502 504 552 554 572 609 621 625 629 632 647 651 657 665 688 694 701 744 773 774 787 864 880 883 919 980 994 999 1017 1020 1043 1058 1061 1072 1073 1075 1156 1170 1196 1207 1222 1225 1231 1279 1288 1352 1358 1416 1453 1469 1475 1507 1535 1546 1586 1589 1600 1626 1672 1694 1737 1791 1803 1810 1831 1879 1886 1920 1923 1970 1971 1983 1986
Compactness: 9111.009142
Weights: 1241.000000 20367.000000 5868.000000
Center Node: 1222

District 18
Nodes: 56 69 75 112 115 171 191 239 251 258 273 274 321 338 363 365 402 405 416 417 442 447 458 463 535 553 555 561 587 599 603 626 644 735 737 777 789 817 842 855 879 899 905 926 959 986 998 1034 1042 1055 1060 1062 1071 1089 1102 1133 1150 1155 1214 1229 1239 1240 1250 1265 1273 1282 1322 1338 1379 1384 1429 1447 1472 1476 1521 1537 1538 1545 1568 1575 1595 1609 1620 1636 1648 1650 1679 1682 1703 1713 1739 1744 1750 1754 1771 1779 1833 1858 1895 1928 1947 1963 1973
Compactness: 10042.974070
Weights: 1254.000000 21300.000000 5994.000000
Center Node: 363

District 19
Nodes: 29 33 46 73 83 89 95 97 144 153 182 256 306 319 356 366 368 374 379 398 408 423 474 476 506 588 595 661 683 687 691 803 811 824 827 834 868 902 912 952 955 977 988 997 1028 1048 1050 1110 1116 1128 1131 1141 1194 1209 1221 1228 1258 1285 1287 1319 1321 1325 1327 1342 1347 1349 1353 1366 1369 1374 1376 1411 1458 1488 1502 1508 1523 1570 1612 1613 1621 1654 1670 1687 1698 1730 1774 1783 1790 1792 1806 1838 1840 1853 1855 1907 1911 1924 1927 1953 1964 1984 1989 1995
Compactness: 10185.483693
Weights: 1254.000000 21385.000000 5858.000000
Center Node: 1570

District 20
Nodes: 27 32 132 141 145 162 168 174 197 282 284 293 324 326 336 340 377 378 381 392 439 462 482 493 500 515 563 569 653 696 726 732 782 784 800 823 837 904 914 921 949 967 974 989 1003 1012 1057 1078 1104 1195 1206 1235 1254 1261 1266 1272 1283 1312 1361 1392 1399 1402 1407 1415 1417 1419 1473 1493 1534 1554 1559 1619 1647 1669 1680 1693 1732 1741 1760 1815 1822 1862 1925 1938 1949 1958 1982 1992 1998
Compactness: 13069.197630
Weights: 1124.000000 20358.000000 5640.000000
Center Node: 293
