BalanceViolation 17533.511000
AffinityLoss 984.000000
Compactness 26073.001007

District 1
Nodes: 37 89 100 171 187 201 255 317 350 423 454 461
Compactness: 504.169176
Weights: 147.000000 2356.000000 559.000000
Center Node: 201

District 2
Nodes: 25 47 90 179 270 338 368 387 425 464 471
Compactness: 500.669711
Weights: 101.000000 2632.000000 590.000000
Center Node: 25

District 3
Nodes: 95 99 113 167 234 252 265 269 292 335 342 478
Compactness: 620.695753
Weights: 149.000000 2043.000000 592.000000
Center Node: 335

District 4
Nodes: 24 28 61 80 174 192 220 230 337 357 417 421
Compactness: 523.767704
Weights: 149.000000 3101.000000 667.000000
Center Node: 417

District 5
Nodes: 53 54 112 121 151 229 288 305 316 403 449 492
Compactness: 651.645655
Weights: 118.000000 2243.000000 768.000000
Center Node: 449

District 6
Nodes: 35 66 116 158 196 264 277 284 348 395 468
Compactness: 524.845686
Weights: 136.000000 1990.000000 573.000000
Center Node: 468

District 7
Nodes: 15 19 38 75 155 228 236 258 279 347 392 418 429 458
Compactness: 855.524786
Weights: 183.000000 2565.000000 822.000000
Center Node: 458

District 8
Nodes: 105 319 381
Compactness: 58.894901
Weights: 30.000000 626.000000 161.000000
Center Node: 319

District 9
Nodes: 14 34 140 157 235 299 300 363 422 441 472
Compactness: 454.157562
Weights: 145.000000 2098.000000 600.000000
Center Node: 14

District 10
Nodes: 17 77 102 267 271 331 359 361 409 465 466
Compactness: 507.062059
Weights: 141.000000 1681.000000 589.000000
Center Node: 359

District 11
Nodes: 3 27 83 272 286 303 364 394 459
Compactness: 348.233841
Weights: 90.000000 2070.000000 484.000000
Center Node: 3

District 12
Nodes: 55 160 186 217 233 243 280 420 439
Compactness: 433.085313
Weights: 106.000000 2188.000000 480.000000
Center Node: 280

District 13
Nodes: 52 125 126 127 169 239 246 318 326 411 448
Compactness: 549.218703
Weights: 116.000000 1928.000000 737.000000
Center Node: 246

District 14
Nodes: 16 97 163 221 227 322 325 344 345
Compactness: 465.068339
Weights: 91.000000 1634.000000 507.000000
Center Node: 325

District 15
Nodes: 40 62 67 81 184 209 244 343 452 476
Compactness: 359.793623
Weights: 90.000000 1812.000000 557.000000
Center Node: 452

District 16
Nodes: 118 224 353 383 442
Compactness: 145.386617
Weights: 49.000000 1177.000000 295.000000
Center Node: 353

District 17
Nodes: 29 50 68 128 166 238 275 297 330 369
Compactness: 438.061672
Weights: 96.000000 2112.000000 669.000000
Center Node: 50

District 18
Nodes: 0 21 84 88 115 150 183 260 263 432
Compactness: 444.755161
Weights: 86.000000 2076.000000 594.000000
Center Node: 150

District 19
Nodes: 178 199 200 206 207 241 266 290 294 302 431
Compactness: 513.822671
Weights: 126.000000 2133.000000 653.000000
Center Node: 200

District 20
Nodes: 10 49 57 73 98 145 218 295 390 406 408 410
Compactness: 670.367462
Weights: 167.000000 1783.000000 753.000000
Center Node: 218

District 21
Nodes: 7 46 70 71 76 110 129 133 148 205 213 346 480 487
Compactness: 974.383931
Weights: 153.000000 1993.000000 751.000000
Center Node: 70

District 22
Nodes: 170 180 231 250 293 324 362 367 370 438
Compactness: 722.095501
Weights: 104.000000 2146.000000 574.000000
Center Node: 180

District 23
Nodes: 6 18 31 142 281 285 332 477 497
Compactness: 359.731873
Weights: 123.000000 1766.000000 446.000000
Center Node: 142

District 24
Nodes: 13 139 194 212 247 306 333 400 405 412 469
Compactness: 773.562919
Weights: 131.000000 2036.000000 666.000000
Center Node: 212

District 25
Nodes: 74 176 214 253 261 378 396 430 499
Compactness: 474.106351
Weights: 107.000000 1971.000000 467.000000
Center Node: 253

District 26
Nodes: 92 96 175 262 289 328 351 375 434 445 488
Compactness: 670.323695
Weights: 149.000000 2361.000000 715.000000
Center Node: 175

District 27
Nodes: 8 22
Compactness: 44.146614
Weights: 25.000000 612.000000 66.000000
Center Node: 8

District 28
Nodes: 32 87 106 132 162 191 274 291 415 451 463
Compactness: 546.235422
Weights: 128.000000 2793.000000 625.000000
Center Node: 106

District 29
Nodes: 60 165 223 276 278 314 372 447
Compactness: 413.916198
Weights: 76.000000 1826.000000 405.000000
Center Node: 278

District 30
Nodes: 23 30 43 114 136 173 226 249 360 365 440 450 455 475 495
Compactness: 1060.570551
Weights: 184.000000 3344.000000 697.000000
Center Node: 455

District 31
Nodes: 1 72 282 323 385 424 437 479 484 486 496
Compactness: 623.430755
Weights: 127.000000 1963.000000 563.000000
Center Node: 479

District 32
Nodes: 42 182 240 320 373 436 491 494
Compactness: 381.897423
Weights: 83.000000 2193.000000 486.000000
Center Node: 182

District 33
Nodes: 4 130 144 190 225 268 283 329 340 379 428
Compactness: 724.864580
Weights: 137.000000 1690.000000 565.000000
Center Node: 428

District 34
Nodes: 124 153 164 248 426 444 485 489
Compactness: 610.928945
Weights: 65.000000 2198.000000 455.000000
Center Node: 444

District 35
Nodes: 39 58 101 242 245 296 298 397 398 467
Compactness: 430.641809
Weights: 131.000000 2146.000000 541.000000
Center Node: 245

District 36
Nodes: 11 12 45 56 138 149 181 195 257 371 376 457 498
Compactness: 754.104712
Weights: 160.000000 2117.000000 810.000000
Center Node: 45

District 37
Nodes: 5 20 120 216 308 391 401 427 462
Compactness: 373.869788
Weights: 92.000000 2006.000000 638.000000
Center Node: 20

District 38
Nodes: 41 44 78 85 94 135 202 204 259 388
Compactness: 498.978874
Weights: 114.000000 2331.000000 592.000000
Center Node: 388

District 39
Nodes: 59 65 119 154 161 177 313 334 358 384 407 474
Compactness: 498.307763
Weights: 144.000000 1973.000000 721.000000
Center Node: 177

District 40
Nodes: 33 82 111 152 172 211 413 414
Compactness: 341.406547
Weights: 107.000000 1086.000000 370.000000
Center Node: 414

District 41
Nodes: 69 109 137 287 304 307 312 354 389 433 473
Compactness: 533.404205
Weights: 107.000000 2527.000000 621.000000
Center Node: 69

District 42
Nodes: 48 51 185 189 198 219 237 446
Compactness: 395.619219
Weights: 113.000000 1665.000000 464.000000
Center Node: 48

District 43
Nodes: 79 107 143 146 159 193 197 311 341 349 456 482
Compactness: 795.174532
Weights: 131.000000 2088.000000 631.000000
Center Node: 482

District 44
Nodes: 86 134 215 222 232 352 380 443
Compactness: 377.052991
Weights: 85.000000 1998.000000 372.000000
Center Node: 443

District 45
Nodes: 2 122 141 309 419 453
Compactness: 469.265593
Weights: 86.000000 1236.000000 395.000000
Center Node: 141

District 46
Nodes: 26 64 108 156 256 356 374 402 493
Compactness: 469.768124
Weights: 123.000000 2005.000000 572.000000
Center Node: 374

District 47
Nodes: 36 117 123 131 188 210 355 386 404 490
Compactness: 349.545797
Weights: 118.000000 2139.000000 572.000000
Center Node: 188

District 48
Nodes: 91 93 103 203 382 393 399 470 483
Compactness: 381.819234
Weights: 120.000000 2146.000000 467.000000
Center Node: 103

District 49
Nodes: 9 147 208 301 310 315 321 336 339 366 377 435
Compactness: 903.774218
Weights: 150.000000 1945.000000 914.000000
Center Node: 321

District 50
Nodes: 63 104 168 251 254 273 327 416 460 481
Compactness: 550.846446
Weights: 100.000000 1761.000000 680.000000
Center Node: 273
