BalanceViolation 280.340000
AffinityLoss 873.000000
Compactness 52705.207550

District 1
Nodes: 1 16 21 27 37 40 85 98 106 121 124 126 154 169 215 221 255 269 278 310 327 382 385 416
Compactness: 2048.369828
Weights: 322.000000 5214.000000 1485.000000
Center Node: 327

District 2
Nodes: 56 72 77 79 93 114 118 146 149 176 184 213 241 245 271 285 302 363 366 381 428 463 465 485
Compactness: 3136.989801
Weights: 299.000000 5555.000000 1498.000000
Center Node: 176

District 3
Nodes: 41 51 54 62 65 101 115 150 188 206 246 263 283 289 316 319 338 349 369 389 403 433 441 469
Compactness: 2361.094322
Weights: 324.000000 5293.000000 1476.000000
Center Node: 433

District 4
Nodes: 29 44 45 60 81 86 91 128 151 161 162 163 165 238 329 340 354 368 377 378 409 411 421 443 449 478
Compactness: 2596.257194
Weights: 320.000000 5428.000000 1488.000000
Center Node: 81

District 5
Nodes: 73 76 82 116 125 177 192 220 235 243 260 280 282 304 305 308 317 345 352 372 390 435 436 477
Compactness: 2472.667995
Weights: 322.000000 5343.000000 1467.000000
Center Node: 260

District 6
Nodes: 2 15 88 103 108 119 136 158 186 187 207 208 234 253 266 281 300 301 360 406 417 418 429 474 498
Compactness: 2557.116975
Weights: 297.000000 5622.000000 1406.000000
Center Node: 15

District 7
Nodes: 22 24 31 64 140 141 155 179 191 294 303 353 362 376 413 419 432 446 467 473 475 484 487 494
Compactness: 2853.044623
Weights: 322.000000 5204.000000 1371.000000
Center Node: 484

District 8
Nodes: 19 57 59 153 164 166 196 199 211 214 218 226 230 236 251 286 306 318 326 337 355 392 399 442 451 489
Compactness: 2501.718255
Weights: 298.000000 5359.000000 1507.000000
Center Node: 251

District 9
Nodes: 11 13 46 52 70 78 100 111 131 194 274 284 293 295 307 361 367 388 407 425 431 464 472 490 495 497
Compactness: 2837.609579
Weights: 335.000000 5174.000000 1373.000000
Center Node: 70

District 10
Nodes: 5 10 17 26 50 53 55 66 87 99 123 143 233 242 249 262 272 313 347 350 383 393 408 448 483
Compactness: 2341.557474
Weights: 315.000000 5152.000000 1424.000000
Center Node: 87

District 11
Nodes: 0 35 61 89 104 139 152 156 174 200 201 205 219 225 227 239 259 264 277 328 341 379 384 391 401 438
Compactness: 4285.949785
Weights: 329.000000 5275.000000 1506.000000
Center Node: 328

District 12
Nodes: 3 4 8 34 84 120 130 132 175 204 210 212 224 232 257 287 292 323 395 414 427 457 461 466 470
Compactness: 3550.175738
Weights: 329.000000 5193.000000 1421.000000
Center Node: 34

District 13
Nodes: 74 102 133 144 160 168 170 182 203 240 244 270 273 276 296 330 334 339 342 356 445 447 458
Compactness: 1854.702099
Weights: 287.000000 5622.000000 1159.000000
Center Node: 447

District 14
Nodes: 28 71 117 137 147 159 178 180 202 222 231 248 258 279 312 324 331 333 346 364 371 397 452 454 455 499
Compactness: 2705.945801
Weights: 298.000000 5556.000000 1479.000000
Center Node: 371

District 15
Nodes: 33 36 38 43 97 109 112 173 183 185 189 197 254 261 291 311 314 322 336 370 375 394 410 430 480
Compactness: 2999.867404
Weights: 280.000000 5142.000000 1527.000000
Center Node: 36

District 16
Nodes: 12 23 83 92 107 167 195 217 223 268 309 315 332 374 386 387 404 405 437 440 456 460 468 482 492
Compactness: 2474.819346
Weights: 299.000000 5208.000000 1423.000000
Center Node: 195

District 17
Nodes: 6 25 69 80 95 105 127 134 135 148 157 190 209 216 290 321 325 351 357 359 373 412 420 426 462 479 491
Compactness: 2690.035541
Weights: 322.000000 5552.000000 1416.000000
Center Node: 491

District 18
Nodes: 9 20 32 47 63 68 75 129 142 145 181 198 229 250 267 275 298 320 358 424 439 444 453 476 481 496
Compactness: 1941.007137
Weights: 284.000000 5386.000000 1482.000000
Center Node: 453

District 19
Nodes: 7 14 18 39 90 96 110 113 193 228 247 297 343 344 398 400 402 415 423 434 459 486 493
Compactness: 2309.640776
Weights: 287.000000 5516.000000 1378.000000
Center Node: 247

District 20
Nodes: 30 42 48 49 58 67 94 122 138 171 172 237 252 256 265 288 299 335 348 365 380 396 422 450 471 488
Compactness: 2186.637877
Weights: 325.000000 5447.000000 1507.000000
Center Node: 67
