BalanceViolation 1479.727500
AffinityLoss 3278.000000
Compactness 202576.413421

District 1
Nodes: 55 69 76 80 141 153 190 208 218 236 247 250 252 284 331 338 356 373 381 401 446 480 481 507 514 519 534 544 573 580 613 660 661 685 703 719 735 743 804 818 832 837 839 866 900 905 949 950 968 1025 1047 1060 1090 1123 1129 1147 1167 1199 1202 1230 1277 1282 1308 1310 1319 1329 1387 1416 1418 1448 1472 1523 1550 1563 1567 1570 1607 1610 1619 1633 1649 1655 1681 1691 1693 1694 1714 1716 1721 1745 1752 1759 1777 1788 1809 1830 1835 1893 1894 1914 1939 1947 1956 1965 1998
Compactness: 10353.472079
Weights: 1188.000000 19838.000000 6293.000000
Center Node: 1956

District 2
Nodes: 15 65 90 115 151 166 182 231 234 237 254 260 311 312 314 327 334 347 369 416 427 432 435 440 447 485 487 542 543 556 579 626 636 682 688 696 728 737 751 757 805 810 816 862 876 884 920 939 940 945 953 978 1001 1004 1023 1027 1031 1057 1069 1136 1141 1168 1204 1251 1266 1269 1298 1303 1326 1357 1367 1374 1383 1394 1395 1397 1404 1429 1464 1520 1525 1537 1542 1566 1620 1656 1678 1699 1706 1715 1758 1766 1769 1785 1834 1920 1929 1930 1931 1952 1964 1984
Compactness: 10506.550526
Weights: 1307.000000 20851.000000 5516.000000
Center Node: 579

District 3
Nodes: 3 74 99 106 124 128 129 147 159 175 179 241 257 286 288 313 323 358 363 392 437 444 454 465 477 493 517 536 588 637 639 655 663 668 672 686 704 763 780 813 819 829 843 847 874 893 929 942 959 965 983 1007 1016 1071 1086 1087 1103 1120 1127 1130 1159 1211 1242 1268 1294 1313 1338 1421 1431 1443 1452 1492 1533 1544 1549 1572 1636 1651 1663 1665 1698 1711 1753 1756 1786 1787 1807 1811 1833 1852 1867 1898 1935 1970 1972 1983
Compactness: 10344.218820
Weights: 1188.000000 20563.000000 5814.000000
Center Node: 1007

District 4
Nodes: 1 20 35 38 41 45 86 112 119 137 154 164 187 226 233 248 265 296 303 308 317 333 343 349 400 466 471 506 538 541 547 578 591 594 610 619 621 641 648 670 676 678 701 785 788 820 858 863 872 878 888 897 947 967 972 990 1000 1005 1010 1033 1035 1046 1052 1072 1128 1162 1163 1176 1187 1194 1221 1231 1237 1264 1290 1295 1318 1376 1415 1417 1445 1471 1485 1499 1554 1562 1569 1617 1618 1640 1658 1668 1671 1703 1704 1754 1776 1796 1801 1838 1883 1917 1936 1957 1975
Compactness: 18062.830108
Weights: 1245.000000 21722.000000 5985.000000
Center Node: 1163

District 5
Nodes: 2 9 24 44 83 114 117 152 165 201 210 256 299 319 321 335 344 355 359 361 411 422 436 445 450 456 484 495 516 520 540 569 593 600 608 612 649 694 706 733 747 822 846 877 891 904 910 914 941 951 966 1009 1020 1026 1028 1062 1089 1108 1118 1119 1131 1139 1197 1205 1214 1249 1278 1312 1317 1337 1390 1409 1413 1504 1505 1508 1524 1564 1612 1638 1642 1645 1659 1667 1680 1690 1727 1728 1739 1784 1817 1832 1850 1855 1875 1895 1907 1926 1937 1938 1946 1949 1976
Compactness: 9491.373771
Weights: 1200.000000 21734.000000 6078.000000
Center Node: 1976

District 6
Nodes: 63 68 121 145 162 170 194 198 225 249 304 320 339 353 357 390 397 413 425 505 622 634 644 646 654 675 702 720 756 765 779 803 873 880 898 907 908 909 927 934 970 986 1002 1011 1014 1017 1040 1067 1094 1107 1114 1132 1134 1138 1146 1160 1184 1188 1209 1215 1223 1232 1247 1300 1322 1325 1349 1362 1371 1391 1401 1434 1457 1461 1477 1495 1516 1518 1536 1540 1559 1577 1608 1643 1666 1683 1697 1705 1709 1719 1725 1737 1751 1783 1804 1866 1892 1896 1968 1989
Compactness: 10133.566269
Weights: 1169.000000 19764.000000 5365.000000
Center Node: 1107

District 7
Nodes: 10 48 59 70 71 109 120 134 156 188 203 214 217 242 277 366 438 443 453 455 475 489 496 515 585 618 662 671 691 713 774 781 793 798 817 825 840 865 911 924 995 996 1049 1110 1143 1150 1151 1154 1157 1158 1174 1222 1238 1248 1255 1257 1309 1316 1336 1339 1353 1363 1368 1378 1386 1469 1473 1503 1515 1519 1553 1615 1625 1627 1632 1641 1669 1677 1720 1742 1768 1790 1848 1851 1865 1882 1921 1928 1958 1990 1999
Compactness: 7509.742763
Weights: 1103.000000 19591.000000 5460.000000
Center Node: 1990

District 8
Nodes: 4 12 72 84 107 108 131 168 169 174 196 220 222 235 263 275 276 287 328 337 345 351 372 388 395 410 417 459 474 486 546 596 630 631 635 640 643 723 725 745 746 752 768 772 782 800 824 835 841 850 883 896 936 973 974 985 1006 1029 1032 1044 1063 1066 1079 1105 1121 1125 1180 1210 1220 1239 1370 1406 1407 1424 1441 1460 1470 1507 1530 1541 1556 1557 1560 1565 1623 1650 1653 1713 1732 1736 1738 1744 1763 1847 1858 1903 1912 1940 1960 1963 1981
Compactness: 9598.943441
Weights: 1222.000000 21543.000000 5799.000000
Center Node: 643

District 9
Nodes: 26 29 37 40 46 53 64 75 96 116 125 160 163 172 183 211 213 224 273 306 315 348 389 391 429 434 494 518 522 537 563 584 589 595 597 614 625 699 721 761 786 790 828 849 857 859 881 899 917 926 928 930 943 992 1038 1050 1082 1092 1098 1106 1111 1140 1153 1196 1208 1226 1261 1267 1275 1285 1305 1340 1389 1396 1435 1483 1491 1502 1517 1539 1571 1580 1587 1592 1613 1672 1673 1700 1702 1773 1810 1813 1825 1877 1878 1879 1919 1944 1953
Compactness: 9514.595419
Weights: 1175.000000 20514.000000 6087.000000
Center Node: 1613

District 10
Nodes: 0 27 28 30 49 92 93 97 138 181 197 212 227 243 246 270 280 283 298 310 407 409 424 452 457 468 479 497 528 568 581 587 604 707 722 730 731 739 778 789 808 831 851 932 948 957 958 961 980 987 999 1075 1100 1122 1142 1156 1170 1178 1179 1224 1228 1245 1274 1283 1296 1321 1342 1355 1359 1379 1400 1412 1419 1454 1490 1532 1586 1591 1593 1595 1630 1635 1644 1676 1689 1707 1717 1782 1831 1840 1844 1870 1871 1881 1905 1925 1950 1959 1978
Compactness: 9367.061001
Weights: 1256.000000 20277.000000 5546.000000
Center Node: 789

District 11
Nodes: 16 22 101 105 122 143 157 158 167 202 209 228 232 253 255 269 271 274 291 302 342 379 402 404 433 451 463 472 521 549 572 577 599 601 605 611 642 677 680 684 724 748 759 799 802 821 854 861 869 870 875 882 894 895 915 1048 1061 1078 1113 1189 1200 1219 1258 1328 1351 1365 1410 1414 1437 1446 1463 1468 1501 1522 1527 1573 1582 1639 1647 1661 1692 1696 1724 1749 1770 1772 1778 1793 1797 1802 1803 1805 1827 1846 1853 1913 1922 1941 1955 1988
Compactness: 9232.035645
Weights: 1268.000000 21765.000000 5520.000000
Center Node: 854

District 12
Nodes: 32 56 60 66 78 82 94 126 135 177 184 195 215 219 264 282 292 330 341 398 419 483 548 560 598 606 623 629 651 666 700 705 708 732 758 773 775 776 784 809 814 826 834 848 855 856 867 871 887 902 912 938 982 984 988 1093 1102 1104 1165 1172 1175 1191 1195 1207 1235 1240 1254 1280 1354 1356 1361 1380 1381 1438 1449 1450 1466 1480 1509 1511 1548 1598 1604 1605 1657 1660 1686 1743 1761 1799 1829 1857 1860 1897 1902 1909 1932 1934 1954 1986 1994
Compactness: 9285.099844
Weights: 1230.000000 19371.000000 6100.000000
Center Node: 1598

District 13
Nodes: 8 81 95 110 127 146 178 189 200 261 268 309 325 340 375 396 399 403 405 414 423 473 476 504 510 513 524 533 552 559 567 574 590 602 658 664 679 692 693 726 727 754 762 766 795 889 931 954 956 993 1036 1045 1070 1073 1080 1081 1095 1112 1148 1171 1177 1193 1218 1252 1260 1289 1350 1369 1405 1408 1433 1453 1575 1606 1609 1695 1729 1733 1762 1771 1789 1791 1815 1885 1891 1908 1916 1923 1943 1948 1961 1962 1969 1974 1991 1992 1996
Compactness: 12219.475238
Weights: 1095.000000 20728.000000 5919.000000
Center Node: 1943

District 14
Nodes: 14 19 23 36 42 62 88 102 239 251 267 278 289 294 297 346 377 386 421 430 482 511 512 562 564 571 609 624 627 628 638 653 698 710 712 716 729 741 742 750 760 823 830 838 842 844 845 913 946 998 1008 1034 1041 1042 1056 1077 1088 1116 1161 1169 1246 1253 1279 1297 1302 1323 1324 1334 1358 1360 1393 1420 1425 1442 1467 1474 1475 1486 1494 1510 1555 1584 1602 1616 1634 1664 1670 1701 1730 1734 1735 1764 1767 1820 1842 1869 1884 1890 1899 1904 1918 1927 1945 1985 1993
Compactness: 9854.119119
Weights: 1251.000000 21435.000000 5848.000000
Center Node: 1918

District 15
Nodes: 43 47 58 87 144 150 171 192 204 230 245 266 300 336 360 367 368 387 442 460 467 523 525 554 566 617 744 749 753 783 792 827 892 901 903 916 944 952 976 994 1015 1018 1021 1037 1097 1099 1117 1126 1135 1155 1183 1192 1216 1217 1229 1233 1256 1270 1276 1293 1320 1332 1333 1341 1345 1346 1399 1423 1456 1458 1459 1462 1481 1488 1529 1543 1545 1568 1574 1579 1588 1590 1601 1621 1631 1682 1718 1748 1775 1780 1792 1800 1814 1821 1841 1874 1876 1886 1980 1982 1995
Compactness: 8749.973743
Weights: 1161.000000 20755.000000 6009.000000
Center Node: 792

District 16
Nodes: 13 18 34 54 79 89 100 148 186 221 229 258 279 295 326 371 384 394 406 418 420 428 448 469 470 490 491 502 508 530 550 615 633 657 667 764 769 777 787 796 797 806 807 812 853 868 890 918 923 933 937 962 971 977 991 1051 1076 1083 1115 1145 1149 1164 1181 1185 1206 1243 1244 1262 1271 1284 1286 1288 1292 1343 1364 1411 1430 1439 1478 1497 1498 1528 1546 1558 1589 1624 1679 1685 1710 1731 1750 1765 1873 1889 1900 1906 1910 1979
Compactness: 11177.960679
Weights: 1188.000000 20137.000000 5992.000000
Center Node: 777

District 17
Nodes: 11 21 25 31 33 52 57 61 73 77 118 133 155 193 199 238 281 285 305 316 318 322 332 374 376 378 385 393 415 426 449 458 464 509 526 532 539 553 586 607 673 689 711 767 770 815 922 964 1024 1030 1054 1059 1101 1144 1173 1182 1234 1281 1291 1299 1301 1315 1335 1352 1375 1382 1388 1422 1432 1451 1484 1487 1496 1534 1576 1594 1628 1629 1648 1652 1708 1723 1726 1760 1798 1806 1818 1828 1836 1837 1839 1843 1880 1887 1888 1924 1933 1942 1967 1973 1977
Compactness: 11136.449268
Weights: 1101.000000 21806.000000 5867.000000
Center Node: 118

District 18
Nodes: 17 51 103 104 113 130 142 272 293 301 324 352 362 380 382 488 499 503 529 531 545 551 565 570 583 650 656 674 687 709 715 717 736 740 791 801 811 879 885 919 955 975 1003 1053 1055 1058 1064 1065 1068 1091 1137 1186 1201 1212 1213 1227 1241 1250 1259 1265 1273 1314 1330 1348 1385 1402 1403 1426 1436 1444 1476 1489 1506 1512 1513 1526 1538 1552 1561 1583 1599 1622 1646 1687 1740 1741 1746 1755 1757 1794 1795 1808 1823 1824 1845 1849 1868 1901 1911
Compactness: 9264.141102
Weights: 1208.000000 20580.000000 5774.000000
Center Node: 382

District 19
Nodes: 5 6 39 50 67 85 111 132 140 176 185 207 216 290 307 350 365 412 431 439 441 462 478 498 501 527 555 558 561 603 616 632 652 665 681 683 690 695 697 714 771 794 833 860 886 925 935 979 989 997 1012 1013 1074 1085 1133 1190 1198 1225 1263 1307 1327 1331 1372 1373 1377 1398 1447 1455 1479 1493 1500 1521 1535 1547 1551 1578 1581 1611 1614 1626 1637 1674 1684 1712 1722 1812 1816 1819 1822 1861 1863 1872 1966
Compactness: 7952.030895
Weights: 1116.000000 21826.000000 5261.000000
Center Node: 603

District 20
Nodes: 7 91 98 123 136 139 149 161 173 180 191 205 206 223 240 244 259 262 329 354 364 370 383 408 461 492 500 535 557 575 576 582 592 620 645 647 659 669 718 734 738 755 836 852 864 906 921 960 963 969 981 1019 1022 1039 1043 1084 1096 1109 1124 1152 1166 1203 1236 1272 1287 1304 1306 1311 1344 1347 1366 1384 1392 1427 1428 1440 1465 1482 1514 1531 1585 1596 1597 1600 1603 1654 1662 1675 1688 1747 1774 1779 1781 1826 1854 1856 1859 1862 1864 1915 1951 1971 1987 1997
Compactness: 8822.773692
Weights: 1253.000000 21710.000000 5834.000000
Center Node: 645
