BalanceViolation 580.382500
AffinityLoss 3184.000000
Compactness 250438.753007

District 1
Nodes: 37 38 103 112 228 265 269 294 310 333 353 365 366 383 386 390 429 433 461 534 538 549 562 572 579 582 597 629 651 670 672 681 683 740 765 821 823 863 864 867 879 931 943 963 967 984 1040 1076 1118 1127 1131 1132 1140 1143 1169 1175 1194 1196 1208 1218 1220 1246 1286 1290 1301 1309 1373 1381 1383 1412 1413 1485 1528 1530 1569 1588 1608 1624 1625 1630 1653 1657 1681 1682 1688 1694 1697 1722 1751 1759 1771 1779 1818 1834 1845 1856 1874 1925 1954 1982
Compactness: 9995.101142
Weights: 1306.000000 21739.000000 5357.000000
Center Node: 1653

District 2
Nodes: 10 12 64 93 129 132 137 149 189 191 232 253 272 293 336 355 363 380 385 397 442 458 493 495 532 541 575 587 611 619 663 680 685 688 704 714 716 737 755 777 792 794 807 829 845 858 869 917 918 925 949 961 971 1037 1081 1086 1152 1154 1190 1217 1295 1342 1378 1389 1408 1416 1425 1436 1437 1451 1496 1512 1541 1543 1557 1558 1559 1619 1627 1640 1667 1685 1690 1725 1726 1741 1786 1847 1860 1889 1893 1901 1926 1957 1968 1999
Compactness: 9994.989422
Weights: 1097.000000 21800.000000 5727.000000
Center Node: 458

District 3
Nodes: 104 110 115 125 143 160 176 192 198 214 219 246 280 309 348 359 361 367 369 403 412 466 467 471 486 489 505 523 526 551 565 567 576 577 578 598 604 640 649 660 674 699 723 730 747 791 810 814 853 860 880 892 900 909 919 940 956 991 1033 1047 1061 1084 1085 1114 1120 1191 1233 1291 1319 1321 1334 1371 1395 1426 1430 1442 1482 1508 1523 1582 1602 1605 1611 1613 1675 1687 1689 1704 1710 1742 1770 1774 1780 1828 1846 1878 1879 1886 1888 1955 1969 1995
Compactness: 56247.482124
Weights: 1190.000000 20218.000000 5753.000000
Center Node: 1742

District 4
Nodes: 14 25 39 68 75 78 128 139 145 163 174 203 205 242 271 311 339 344 352 387 393 407 411 421 426 432 436 439 481 502 522 527 561 633 634 641 736 753 770 776 779 803 844 861 868 885 901 952 958 966 985 986 1013 1090 1163 1166 1230 1238 1240 1257 1279 1285 1327 1346 1350 1363 1375 1460 1469 1501 1526 1542 1566 1596 1638 1643 1646 1658 1664 1674 1692 1699 1796 1800 1843 1853 1899 1939 1953 1967 1994
Compactness: 7270.837060
Weights: 1031.000000 20308.000000 5328.000000
Center Node: 1899

District 5
Nodes: 6 8 76 81 82 102 133 135 136 138 158 162 188 218 243 288 334 362 406 468 488 496 520 537 571 590 658 671 693 710 739 762 767 796 805 832 859 884 907 916 948 973 999 1074 1082 1091 1136 1146 1173 1219 1243 1259 1263 1281 1302 1326 1329 1341 1344 1348 1401 1424 1444 1470 1488 1492 1535 1537 1553 1556 1562 1578 1583 1585 1612 1626 1634 1650 1655 1707 1714 1716 1719 1730 1731 1735 1749 1750 1763 1773 1790 1827 1836 1857 1883 1887 1917 1919 1928 1941 1984 1993
Compactness: 16006.228476
Weights: 1224.000000 21735.000000 6071.000000
Center Node: 158

District 6
Nodes: 31 33 54 61 65 144 172 173 175 184 190 200 208 213 216 233 241 290 300 306 321 327 356 371 375 389 405 410 431 469 480 533 552 557 592 596 599 617 646 653 654 657 666 677 750 778 790 801 831 856 887 944 1003 1020 1030 1062 1070 1075 1096 1129 1147 1174 1197 1206 1207 1212 1260 1265 1269 1275 1289 1298 1316 1318 1335 1353 1366 1377 1391 1409 1462 1518 1539 1555 1575 1597 1599 1618 1684 1696 1703 1757 1762 1767 1784 1809 1822 1824 1830 1844 1850 1864 1885 1951
Compactness: 10768.561356
Weights: 1257.000000 21565.000000 6054.000000
Center Node: 431

District 7
Nodes: 22 23 29 35 70 87 91 111 121 151 166 250 252 270 292 302 320 324 424 445 464 525 621 643 647 655 673 682 694 719 720 722 742 769 781 788 815 828 840 846 854 894 904 905 937 997 1028 1053 1060 1064 1066 1106 1109 1134 1209 1305 1323 1337 1343 1379 1396 1417 1449 1475 1495 1500 1503 1507 1515 1576 1610 1642 1661 1666 1672 1673 1698 1709 1712 1723 1729 1734 1739 1744 1748 1808 1825 1829 1841 1851 1865 1922 1924 1934 1952 1960 1988
Compactness: 8668.879539
Weights: 1125.000000 20013.000000 5803.000000
Center Node: 1712

District 8
Nodes: 4 43 51 60 86 99 124 141 177 212 282 298 305 312 354 422 449 450 454 465 494 501 504 510 519 521 542 600 613 625 650 689 697 701 724 757 759 768 773 782 786 793 798 799 808 824 836 852 878 898 912 947 974 983 1054 1059 1071 1139 1142 1148 1151 1183 1184 1189 1199 1224 1245 1251 1294 1310 1332 1338 1354 1374 1376 1380 1387 1390 1392 1421 1434 1457 1459 1463 1504 1524 1551 1579 1604 1629 1631 1656 1693 1724 1737 1746 1778 1811 1815 1833 1867 1872 1903 1921 1973
Compactness: 9658.135498
Weights: 1239.000000 21814.000000 5969.000000
Center Node: 510

District 9
Nodes: 1 16 18 19 24 53 56 58 83 108 119 164 165 167 180 181 194 199 202 206 221 238 262 279 404 427 430 441 476 477 490 511 550 563 581 607 614 667 705 732 734 743 839 848 875 876 882 883 888 921 932 1010 1022 1056 1089 1093 1103 1108 1119 1138 1186 1192 1201 1205 1234 1249 1254 1274 1311 1328 1358 1370 1372 1386 1407 1414 1431 1438 1465 1491 1536 1633 1654 1659 1686 1702 1728 1788 1793 1794 1803 1806 1810 1863 1869 1873 1880 1914 1932 1936 1943 1976 1979 1985 1989
Compactness: 9668.845710
Weights: 1257.000000 19944.000000 5983.000000
Center Node: 1702

District 10
Nodes: 0 5 34 44 55 63 72 77 130 157 178 227 244 261 278 283 289 303 341 351 377 414 485 530 553 564 630 632 665 691 695 715 745 756 789 795 813 825 830 938 976 981 998 1031 1042 1057 1058 1068 1069 1072 1088 1092 1099 1104 1107 1135 1228 1277 1287 1288 1296 1322 1402 1403 1415 1418 1423 1447 1456 1521 1534 1546 1564 1572 1589 1594 1598 1622 1628 1645 1652 1720 1721 1764 1804 1854 1871 1875 1876 1890 1895 1896 1897 1904 1920 1933 1965 1972 1991
Compactness: 10431.948970
Weights: 1253.000000 19978.000000 5587.000000
Center Node: 1897

District 11
Nodes: 9 52 59 100 131 179 207 220 229 245 264 273 286 313 332 349 357 358 398 408 416 462 475 491 513 516 543 589 594 601 652 668 696 754 771 775 806 818 834 843 871 873 891 893 899 902 906 913 923 939 946 978 1014 1027 1043 1044 1063 1077 1115 1116 1128 1157 1159 1162 1213 1223 1237 1250 1262 1282 1292 1303 1304 1400 1472 1473 1484 1489 1514 1519 1615 1617 1620 1621 1669 1679 1708 1736 1745 1782 1802 1819 1821 1837 1849 1902 1910 1911 1912 1950 1980
Compactness: 9761.910791
Weights: 1253.000000 21636.000000 6098.000000
Center Node: 1213

District 12
Nodes: 2 7 17 36 47 62 73 90 97 101 106 140 161 204 210 222 224 239 254 285 318 319 335 373 443 444 451 456 473 482 487 528 558 580 585 605 631 635 636 645 675 702 717 731 746 849 866 908 915 936 988 995 1002 1007 1011 1067 1083 1094 1123 1164 1182 1185 1229 1241 1283 1306 1317 1330 1351 1360 1368 1411 1422 1443 1448 1481 1517 1533 1560 1573 1609 1747 1753 1785 1797 1859 1866 1882 1907 1913 1916 1923 1942 1971 1974 1975 1981
Compactness: 9205.794898
Weights: 1164.000000 20559.000000 5746.000000
Center Node: 1448

District 13
Nodes: 45 50 71 116 170 171 234 237 266 296 299 301 317 328 329 372 376 378 382 395 396 423 428 457 492 499 500 503 524 540 546 609 659 661 676 709 712 718 766 800 802 874 886 920 929 935 957 977 990 993 996 1009 1015 1026 1041 1111 1145 1165 1172 1176 1187 1188 1198 1221 1236 1242 1264 1299 1315 1320 1352 1398 1399 1429 1445 1467 1476 1538 1574 1584 1587 1590 1647 1668 1671 1676 1683 1705 1706 1717 1733 1738 1740 1755 1758 1761 1768 1792 1842 1861 1908 1915 1931 1983
Compactness: 14500.954694
Weights: 1243.000000 21195.000000 6023.000000
Center Node: 1574

District 14
Nodes: 3 13 49 57 79 88 109 122 123 153 255 258 259 281 295 304 307 316 331 342 360 394 420 446 459 470 479 484 497 498 506 531 547 570 583 610 620 622 623 627 642 744 752 763 764 783 784 804 812 819 881 897 926 941 965 968 994 1005 1012 1021 1024 1036 1046 1051 1126 1155 1160 1167 1180 1215 1222 1268 1345 1347 1369 1393 1394 1419 1420 1433 1435 1439 1458 1486 1498 1499 1552 1554 1563 1581 1586 1601 1606 1616 1637 1648 1718 1766 1781 1813 1826 1832 1855 1862 1870 1877 1881 1930 1964 1970
Compactness: 10556.510615
Weights: 1250.000000 21707.000000 5993.000000
Center Node: 1347

District 15
Nodes: 11 20 84 120 127 147 159 182 225 235 249 268 274 343 346 379 417 419 472 474 509 544 568 588 615 616 628 687 700 711 721 729 835 838 851 862 896 924 927 953 979 980 1000 1001 1008 1029 1039 1048 1052 1078 1110 1125 1158 1168 1216 1232 1239 1252 1255 1256 1258 1272 1278 1280 1293 1308 1339 1382 1384 1385 1406 1440 1461 1522 1525 1527 1577 1593 1639 1641 1651 1715 1756 1765 1805 1816 1823 1892 1909 1935 1956 1958 1987 1997
Compactness: 7876.306453
Weights: 1163.000000 19818.000000 5718.000000
Center Node: 1232

District 16
Nodes: 26 42 66 85 89 113 134 150 154 211 251 256 260 267 287 297 330 337 400 447 507 514 556 586 595 608 612 690 698 733 751 758 809 816 817 822 826 877 895 951 960 969 970 987 1019 1025 1073 1087 1095 1101 1105 1112 1130 1195 1214 1226 1247 1307 1314 1324 1349 1361 1364 1397 1428 1453 1464 1478 1494 1505 1509 1510 1516 1520 1532 1544 1603 1644 1649 1660 1678 1680 1711 1727 1760 1787 1814 1817 1838 1839 1891 1894 1918 1937 1944
Compactness: 11583.927464
Weights: 1207.000000 21086.000000 5662.000000
Center Node: 969

District 17
Nodes: 21 30 46 48 67 74 114 117 118 148 193 197 209 231 236 240 257 275 325 384 401 402 435 437 448 455 545 559 566 569 584 591 602 606 637 662 664 679 686 706 708 738 761 772 827 837 865 890 903 910 922 930 933 934 959 962 989 1004 1018 1045 1055 1080 1098 1144 1161 1204 1210 1225 1227 1231 1253 1284 1340 1355 1404 1410 1446 1452 1468 1477 1479 1480 1493 1548 1568 1580 1607 1614 1798 1820 1852 1884 1906 1927 1962 1963 1998
Compactness: 8342.978946
Weights: 1130.000000 19954.000000 6060.000000
Center Node: 559

District 18
Nodes: 41 80 94 95 126 146 152 155 168 183 196 223 248 326 338 368 409 415 438 453 463 483 512 518 529 574 656 678 684 692 703 727 741 748 749 774 785 787 797 842 872 889 928 942 945 950 964 982 1017 1023 1035 1038 1049 1050 1100 1117 1122 1141 1156 1177 1179 1193 1235 1244 1266 1267 1336 1405 1450 1455 1474 1483 1513 1550 1565 1592 1595 1623 1663 1665 1670 1691 1695 1700 1754 1769 1777 1783 1807 1835 1848 1905 1945 1948 1949 1959 1961 1978
Compactness: 9925.819450
Weights: 1236.000000 20984.000000 5747.000000
Center Node: 872

District 19
Nodes: 15 28 32 40 69 92 107 142 156 185 186 187 201 217 226 230 247 284 291 308 315 347 370 381 388 391 392 399 413 425 434 478 508 515 536 554 555 560 593 603 624 638 639 669 707 713 780 811 833 841 850 855 870 911 914 954 972 1032 1097 1102 1133 1150 1153 1178 1203 1270 1271 1276 1312 1313 1325 1331 1333 1362 1365 1367 1441 1454 1471 1529 1531 1547 1549 1561 1567 1570 1600 1662 1677 1732 1743 1752 1772 1775 1776 1789 1791 1799 1868 1898 1929 1940 1946 1966 1977
Compactness: 9874.610122
Weights: 1210.000000 19787.000000 5795.000000
Center Node: 370

District 20
Nodes: 27 96 98 105 169 195 215 263 276 277 314 322 323 340 345 350 364 374 418 440 452 460 517 535 539 548 573 618 626 644 648 725 726 728 735 760 820 847 857 955 975 992 1006 1016 1034 1065 1079 1113 1121 1124 1137 1149 1170 1171 1181 1200 1202 1211 1248 1261 1273 1297 1300 1356 1357 1359 1388 1427 1432 1466 1487 1490 1497 1502 1506 1511 1540 1545 1571 1591 1632 1635 1636 1701 1713 1795 1801 1812 1831 1840 1858 1900 1938 1947 1986 1990 1992 1996
Compactness: 10098.930276
Weights: 1144.000000 19760.000000 5792.000000
Center Node: 263
