BalanceViolation 804.290000
AffinityLoss 987.000000
Compactness 47010.964997

District 1
Nodes: 18 21 89 92 113 163 199 258 266 304 312 327 336 339 342 351 359 365 369 406 411 425 444 496
Compactness: 2111.858422
Weights: 292.000000 5516.000000 1305.000000
Center Node: 342

District 2
Nodes: 19 26 64 65 73 79 102 112 114 116 125 126 175 177 197 231 240 241 246 249 256 293 306 361 428 462 473
Compactness: 3453.502840
Weights: 294.000000 5557.000000 1548.000000
Center Node: 102

District 3
Nodes: 5 50 57 96 115 146 168 188 190 242 265 268 271 337 350 358 362 367 371 372 380 397 465 478 480 489 495
Compactness: 2342.168492
Weights: 337.000000 5044.000000 1617.000000
Center Node: 350

District 4
Nodes: 27 45 78 84 87 88 91 101 105 118 138 142 176 184 229 248 250 300 305 316 353 376 405 457 492
Compactness: 1803.064636
Weights: 288.000000 5195.000000 1528.000000
Center Node: 45

District 5
Nodes: 40 41 59 71 95 132 133 143 153 159 198 223 245 273 282 283 309 373 394 423 429 430 439 442 476 488
Compactness: 2915.250274
Weights: 322.000000 5399.000000 1474.000000
Center Node: 71

District 6
Nodes: 15 23 31 38 61 77 86 156 187 203 213 215 219 260 275 310 311 360 399 403 420 463 467 479
Compactness: 2231.361149
Weights: 296.000000 5107.000000 1635.000000
Center Node: 187

District 7
Nodes: 8 20 22 33 36 44 66 165 169 179 183 186 195 209 236 285 288 314 334 341 352 378 396 424 461
Compactness: 2629.085255
Weights: 331.000000 5044.000000 1548.000000
Center Node: 186

District 8
Nodes: 7 98 141 157 161 185 196 205 211 226 230 233 243 259 301 321 322 338 347 354 391 407 422 446 450 453 455 460 474
Compactness: 3757.800272
Weights: 354.000000 5479.000000 1403.000000
Center Node: 157

District 9
Nodes: 0 12 25 55 60 80 90 109 123 124 145 173 224 228 239 254 279 386 388 398 419 426 438 454 472 484
Compactness: 2277.550972
Weights: 341.000000 5392.000000 1472.000000
Center Node: 12

District 10
Nodes: 32 37 58 75 94 104 140 171 281 284 287 294 299 382 392 393 402 431 441 447 466 468 475 487
Compactness: 1715.445407
Weights: 291.000000 5051.000000 1411.000000
Center Node: 32

District 11
Nodes: 42 54 62 93 99 103 128 149 174 191 207 251 255 263 332 335 343 375 389 390 401 415 418 427 434
Compactness: 2689.199038
Weights: 267.000000 5201.000000 1546.000000
Center Node: 191

District 12
Nodes: 24 29 49 56 82 120 127 155 158 192 210 237 244 269 277 302 324 340 356 363 387 412 481 483 485
Compactness: 2227.954006
Weights: 312.000000 5584.000000 1402.000000
Center Node: 210

District 13
Nodes: 3 11 30 34 63 152 160 166 180 220 232 267 274 295 298 303 307 315 370 400 414 435 448
Compactness: 1890.789417
Weights: 289.000000 5479.000000 1415.000000
Center Node: 166

District 14
Nodes: 6 10 69 70 108 121 130 193 262 264 276 280 291 313 329 345 355 384 413 443 456 464 477 493
Compactness: 2111.978779
Weights: 303.000000 5035.000000 1571.000000
Center Node: 464

District 15
Nodes: 39 131 147 148 151 172 202 222 225 227 234 257 278 292 320 326 331 364 366 368 395 421 449 499
Compactness: 1843.503959
Weights: 334.000000 5247.000000 1415.000000
Center Node: 292

District 16
Nodes: 16 43 51 67 68 76 83 97 111 117 119 144 150 235 252 297 319 385 404 432 458 470 494
Compactness: 1642.141018
Weights: 283.000000 5190.000000 1468.000000
Center Node: 51

District 17
Nodes: 13 72 74 100 129 134 162 170 181 182 200 208 290 318 346 348 349 374 416 417 437 459 486 490 498
Compactness: 2458.636488
Weights: 322.000000 5163.000000 1439.000000
Center Node: 349

District 18
Nodes: 17 48 81 107 110 122 135 137 139 194 214 217 272 286 308 325 328 344 436 451 469 482 491
Compactness: 2076.101896
Weights: 286.000000 5557.000000 1496.000000
Center Node: 17

District 19
Nodes: 1 28 35 106 136 154 206 212 216 218 221 238 253 270 289 317 323 357 433 445 452 471 497
Compactness: 1709.311206
Weights: 270.000000 5470.000000 1177.000000
Center Node: 497

District 20
Nodes: 2 4 9 14 46 47 52 53 85 164 167 178 189 201 204 247 261 296 330 333 377 379 381 383 408 409 410 440
Compactness: 3124.261471
Weights: 320.000000 5008.000000 1644.000000
Center Node: 178
