BalanceViolation 1723.937000
AffinityLoss 1801.000000
Compactness 63498.050285

District 1
Nodes: 57 73 302 333 359 361 374 391 402 408 411 439 479 620 654 713 788 802 841 902 984
Compactness: 1099.953448
Weights: 278.000000 4042.000000 1112.000000
Center Node: 374

District 2
Nodes: 8 44 52 99 155 167 318 357 498 501 505 520 693 712 767 855 890 915 920
Compactness: 1685.542772
Weights: 262.000000 4339.000000 1194.000000
Center Node: 890

District 3
Nodes: 81 151 161 171 196 205 252 265 338 363 466 601 604 677 725 786 792 814 823 825 989
Compactness: 1435.874105
Weights: 248.000000 4210.000000 1179.000000
Center Node: 363

District 4
Nodes: 28 47 103 115 118 128 143 150 217 277 311 519 542 547 567 797 826 875 926 935 997
Compactness: 1187.201881
Weights: 233.000000 4112.000000 1099.000000
Center Node: 997

District 5
Nodes: 37 43 51 74 165 201 204 210 232 236 394 436 450 457 512 537 691 790 939 988
Compactness: 1181.453986
Weights: 256.000000 4316.000000 1136.000000
Center Node: 394

District 6
Nodes: 22 114 117 280 283 303 319 443 524 541 551 579 615 736 738 783 799 925 953
Compactness: 1261.095769
Weights: 228.000000 4368.000000 970.000000
Center Node: 738

District 7
Nodes: 349 389 413 452 455 571 591 594 619 652 674 689 694 698 700 842 962 985
Compactness: 978.288310
Weights: 219.000000 4461.000000 1081.000000
Center Node: 700

District 8
Nodes: 13 21 95 168 336 355 396 398 423 468 513 610 637 660 794 832 863 865
Compactness: 916.850895
Weights: 220.000000 3994.000000 893.000000
Center Node: 168

District 9
Nodes: 87 147 153 211 286 331 415 474 507 568 569 588 627 676 710 716 821 839 885 951 991
Compactness: 1500.962268
Weights: 213.000000 4420.000000 1145.000000
Center Node: 507

District 10
Nodes: 72 96 154 159 198 223 304 305 410 420 473 496 636 678 680 708 755 764 808 978 993 996
Compactness: 1416.101227
Weights: 256.000000 4236.000000 1260.000000
Center Node: 764

District 11
Nodes: 9 18 90 158 163 172 249 297 316 317 348 465 608 617 634 648 848 901 919 922 946 949 998
Compactness: 1775.579715
Weights: 258.000000 4359.000000 1142.000000
Center Node: 848

District 12
Nodes: 11 62 127 182 246 276 285 344 370 426 429 444 545 679 768 927 931 971
Compactness: 1180.410655
Weights: 249.000000 4196.000000 1108.000000
Center Node: 276

District 13
Nodes: 84 109 137 244 288 300 309 314 329 375 379 386 399 535 550 750 793 822 854 900 910 950
Compactness: 1108.259225
Weights: 262.000000 4417.000000 1130.000000
Center Node: 822

District 14
Nodes: 35 89 141 149 192 339 390 418 504 517 565 643 667 779 784 857 869 872 882 967 979
Compactness: 1063.577168
Weights: 268.000000 4043.000000 1074.000000
Center Node: 89

District 15
Nodes: 65 70 85 130 178 228 279 292 438 598 628 633 635 638 673 686 701 757 813 980
Compactness: 1102.351869
Weights: 262.000000 4318.000000 1054.000000
Center Node: 598

District 16
Nodes: 156 174 209 219 257 262 325 424 433 555 596 606 681 737 785 807 892 893 972
Compactness: 1558.916056
Weights: 233.000000 3902.000000 1137.000000
Center Node: 424

District 17
Nodes: 4 45 67 135 194 259 273 326 492 540 613 682 774 805 852 873 891 912 942
Compactness: 1372.306825
Weights: 233.000000 4046.000000 1179.000000
Center Node: 805

District 18
Nodes: 2 46 48 145 243 250 267 287 377 458 490 564 603 651 671 696 804 862 871
Compactness: 1127.403419
Weights: 217.000000 4431.000000 1053.000000
Center Node: 804

District 19
Nodes: 129 148 191 238 241 258 289 431 508 511 605 611 663 734 749 759 760 761 798 897
Compactness: 1125.088821
Weights: 256.000000 4184.000000 1125.000000
Center Node: 798

District 20
Nodes: 24 36 78 88 221 225 290 400 434 462 464 502 566 592 851 894 908 924 941 987
Compactness: 1401.665744
Weights: 241.000000 4288.000000 1063.000000
Center Node: 78

District 21
Nodes: 104 308 341 352 412 419 532 583 600 612 705 721 765 777 840 913 958 986 999
Compactness: 1159.136489
Weights: 233.000000 4345.000000 1071.000000
Center Node: 308

District 22
Nodes: 5 31 55 76 79 108 119 134 203 218 248 448 475 495 622 695 707 711 778 918 947
Compactness: 1633.271535
Weights: 261.000000 4101.000000 1159.000000
Center Node: 31

District 23
Nodes: 27 54 116 180 183 188 275 299 320 421 442 449 552 629 657 717 811 819 905 921 928
Compactness: 1423.288903
Weights: 229.000000 3959.000000 1268.000000
Center Node: 188

District 24
Nodes: 16 26 49 173 226 260 340 354 405 484 543 665 675 697 727 745 766 800 880 914 923
Compactness: 1479.243444
Weights: 271.000000 4055.000000 1114.000000
Center Node: 49

District 25
Nodes: 101 106 189 301 324 328 343 353 380 481 497 522 534 553 581 719 758 844 992
Compactness: 869.905340
Weights: 268.000000 4326.000000 1068.000000
Center Node: 758

District 26
Nodes: 6 53 58 97 107 121 138 222 253 271 291 364 494 546 639 723 868 884 965
Compactness: 986.098050
Weights: 238.000000 4135.000000 1215.000000
Center Node: 53

District 27
Nodes: 0 19 123 181 214 230 254 298 334 397 406 471 609 623 644 656 726 735 812 895
Compactness: 1337.496266
Weights: 266.000000 4421.000000 1155.000000
Center Node: 397

District 28
Nodes: 38 39 152 234 293 509 530 554 570 577 647 732 756 763 770 772 883 929 930 943
Compactness: 1389.708779
Weights: 257.000000 4407.000000 1035.000000
Center Node: 577

District 29
Nodes: 20 77 233 270 281 383 393 430 453 549 559 563 587 590 702 809 818 896 995
Compactness: 714.996286
Weights: 220.000000 4298.000000 1183.000000
Center Node: 549

District 30
Nodes: 3 50 92 131 132 200 208 227 237 274 295 366 371 381 460 715 751 752 830 932 940
Compactness: 1491.555457
Weights: 265.000000 4147.000000 1073.000000
Center Node: 752

District 31
Nodes: 98 139 169 213 231 327 445 515 561 624 630 740 753 776 827 888 909 964 968
Compactness: 961.524202
Weights: 208.000000 4411.000000 1176.000000
Center Node: 624

District 32
Nodes: 12 14 56 113 140 144 206 296 313 332 503 650 669 670 724 739 742 859 889 977 981
Compactness: 999.568428
Weights: 261.000000 4344.000000 1158.000000
Center Node: 56

District 33
Nodes: 71 83 91 105 185 187 229 261 335 360 491 575 655 743 801 833 835 843 907 945
Compactness: 1106.756018
Weights: 248.000000 4355.000000 1129.000000
Center Node: 843

District 34
Nodes: 1 30 111 212 224 247 378 387 437 461 499 506 572 683 714 720 728 795 829 878
Compactness: 1426.385329
Weights: 229.000000 4099.000000 1112.000000
Center Node: 247

District 35
Nodes: 33 184 195 235 350 470 523 528 574 616 718 741 775 789 834 861 898 933 957 974
Compactness: 1506.817170
Weights: 248.000000 4236.000000 1161.000000
Center Node: 184

District 36
Nodes: 29 100 175 186 256 272 282 345 373 384 440 446 459 489 514 527 548 586 688
Compactness: 1178.431357
Weights: 251.000000 4188.000000 1152.000000
Center Node: 29

District 37
Nodes: 7 69 80 126 269 342 347 404 432 578 597 607 645 658 672 706 780 806 849 866 916 955
Compactness: 1423.873783
Weights: 222.000000 4281.000000 1176.000000
Center Node: 69

District 38
Nodes: 164 170 242 278 307 376 395 539 646 690 692 704 722 746 771 773 803 938 944 961
Compactness: 996.751476
Weights: 252.000000 4064.000000 1149.000000
Center Node: 944

District 39
Nodes: 10 41 102 176 193 403 416 469 487 533 640 664 685 747 820 847 858 975
Compactness: 1479.273307
Weights: 199.000000 4107.000000 1064.000000
Center Node: 664

District 40
Nodes: 15 93 120 179 321 414 472 485 510 526 529 531 544 576 762 796 837 856 904 966 973
Compactness: 1007.884011
Weights: 268.000000 4308.000000 1064.000000
Center Node: 904

District 41
Nodes: 40 112 157 160 166 220 251 337 407 435 478 558 573 584 602 659 782 867 874 887
Compactness: 937.077323
Weights: 259.000000 4001.000000 1179.000000
Center Node: 220

District 42
Nodes: 42 68 216 239 306 346 427 493 516 582 585 593 595 631 730 824 870 934 959 963
Compactness: 1614.625910
Weights: 205.000000 4440.000000 1201.000000
Center Node: 730

District 43
Nodes: 124 142 177 199 207 312 451 454 482 618 666 687 729 748 791 845 948 952 969
Compactness: 1263.636153
Weights: 229.000000 4429.000000 1164.000000
Center Node: 952

District 44
Nodes: 32 59 60 86 110 266 362 367 372 385 417 425 441 817 850 864 899 937 954 983
Compactness: 1317.306683
Weights: 300.000000 4096.000000 1090.000000
Center Node: 372

District 45
Nodes: 25 162 197 323 356 369 382 409 463 477 480 500 521 536 632 642 733 810 831 903 917 960
Compactness: 1487.257732
Weights: 265.000000 4340.000000 1161.000000
Center Node: 500

District 46
Nodes: 63 122 240 264 294 467 476 580 589 641 649 662 699 781 815 836 846 994
Compactness: 1105.402248
Weights: 211.000000 3607.000000 1090.000000
Center Node: 589

District 47
Nodes: 17 64 190 215 263 365 388 392 401 456 488 518 525 838 879 881 906 911 956 970 982
Compactness: 1525.873680
Weights: 230.000000 4155.000000 1180.000000
Center Node: 64

District 48
Nodes: 61 75 133 255 310 368 447 486 538 557 560 599 626 653 661 684 731 744 787 936 990
Compactness: 1418.998444
Weights: 260.000000 4391.000000 1078.000000
Center Node: 936

District 49
Nodes: 94 125 146 245 268 284 315 330 358 422 556 621 625 703 754 816 853 860 976
Compactness: 1204.999133
Weights: 229.000000 3933.000000 1194.000000
Center Node: 853

District 50
Nodes: 23 34 66 82 136 202 322 351 428 483 562 614 668 709 769 828 876 877 886
Compactness: 1572.023194
Weights: 224.000000 4463.000000 1068.000000
Center Node: 769
