BalanceViolation 188.285000
AffinityLoss 1745.000000
Compactness 106020.433358

District 1
Nodes: 0 32 37 44 46 49 50 56 81 87 93 97 128 145 146 173 240 301 303 306 308 310 322 346 386 389 403 446 475 484 503 519 563 582 587 620 734 744 751 752 789 792 813 832 849 892 905 907 929 935 949 969 988
Compactness: 4881.331807
Weights: 631.000000 10391.000000 3089.000000
Center Node: 988

District 2
Nodes: 8 33 71 153 155 168 188 208 214 215 219 238 246 275 334 350 373 392 440 452 460 488 494 509 551 568 597 650 659 660 664 696 697 707 708 740 747 768 783 795 845 853 896 919 943 956 976 979 984 985 986
Compactness: 8826.534464
Weights: 632.000000 10989.000000 2844.000000
Center Node: 392

District 3
Nodes: 14 36 42 61 62 78 89 157 242 250 279 288 327 356 381 397 404 412 418 428 437 438 453 481 511 569 572 586 662 663 684 687 693 695 698 700 748 778 784 804 824 835 850 890 897 923 930 950 960 987 990
Compactness: 7410.085916
Weights: 600.000000 10042.000000 3089.000000
Center Node: 61

District 4
Nodes: 9 10 31 43 60 99 102 143 175 207 220 229 236 252 264 267 276 297 309 349 370 436 464 504 505 527 537 547 566 567 588 631 688 719 738 745 750 799 812 819 834 840 854 877 918 958 982 996 999
Compactness: 6135.081272
Weights: 650.000000 10350.000000 2853.000000
Center Node: 750

District 5
Nodes: 54 83 94 112 151 163 165 169 198 205 211 217 265 272 292 300 380 430 447 450 474 478 493 535 542 548 549 552 560 599 636 651 676 679 712 730 755 803 806 851 868 869 893 903 920 927 944 965 966 991 995
Compactness: 5386.558275
Weights: 637.000000 10303.000000 2923.000000
Center Node: 493

District 6
Nodes: 12 25 34 35 48 80 92 140 177 178 185 203 259 260 282 355 358 361 365 376 433 451 454 456 479 525 529 553 622 641 646 653 672 714 720 741 788 805 825 856 867 887 910 959 973 978
Compactness: 4247.005478
Weights: 575.000000 10263.000000 2997.000000
Center Node: 867

District 7
Nodes: 1 4 5 6 18 24 55 84 121 134 147 156 191 194 195 227 280 318 338 352 354 402 407 449 490 502 521 530 592 600 618 645 652 654 668 690 710 733 760 771 773 779 828 864 881 884 894 928 963 980
Compactness: 7635.948950
Weights: 577.000000 11069.000000 3036.000000
Center Node: 121

District 8
Nodes: 16 27 45 58 79 91 103 114 129 137 164 167 187 197 231 262 263 294 314 337 348 371 396 457 483 524 531 573 603 606 613 614 621 635 673 685 686 703 704 705 772 906 908 914 932 971 975 981
Compactness: 3453.953354
Weights: 592.000000 10208.000000 3007.000000
Center Node: 483

District 9
Nodes: 47 52 67 72 75 106 130 154 172 199 256 278 283 328 342 359 360 368 391 422 463 468 495 532 564 575 580 583 589 608 649 657 665 671 678 702 721 756 757 774 780 785 808 822 861 872 876 913
Compactness: 3456.381068
Weights: 563.000000 10748.000000 2955.000000
Center Node: 665

District 10
Nodes: 30 53 68 88 135 158 171 202 222 226 248 251 269 277 289 323 341 379 393 427 439 459 465 497 528 534 550 554 578 593 604 644 647 716 718 725 731 749 761 764 791 801 817 820 841 842 852 891 946
Compactness: 3881.442702
Weights: 647.000000 10852.000000 2710.000000
Center Node: 764

District 11
Nodes: 38 63 65 76 86 104 132 142 149 204 291 299 315 317 324 326 353 378 394 395 408 410 413 415 424 431 444 473 506 518 533 556 585 591 594 629 656 670 681 701 724 739 794 818 857 863 870 873 882 924 940 951
Compactness: 5854.232625
Weights: 592.000000 10198.000000 3092.000000
Center Node: 533

District 12
Nodes: 23 41 70 73 101 107 124 162 170 216 218 230 296 329 331 366 374 383 388 400 426 469 491 492 543 546 562 581 611 642 648 706 709 713 717 729 742 754 763 770 776 790 823 831 847 886 931 945 952 989 992
Compactness: 4270.103332
Weights: 615.000000 11056.000000 2931.000000
Center Node: 754

District 13
Nodes: 51 57 66 118 123 136 152 209 213 243 284 298 332 340 362 382 414 425 458 461 472 477 487 520 558 559 561 565 615 619 624 667 680 689 735 743 782 800 827 829 855 859 860 866 888 901 909 915 917 922 941 967 994
Compactness: 6169.813440
Weights: 621.000000 10594.000000 3093.000000
Center Node: 941

District 14
Nodes: 29 40 74 111 113 117 131 150 182 190 206 234 235 245 247 249 254 285 312 364 377 406 442 448 480 515 538 576 628 637 640 661 683 694 722 727 781 787 798 814 815 833 900 916 954 962 970
Compactness: 5091.564600
Weights: 566.000000 10523.000000 2889.000000
Center Node: 29

District 15
Nodes: 26 77 100 110 120 127 159 166 174 186 223 232 233 241 255 344 363 369 385 390 401 411 467 471 508 513 526 541 574 596 601 609 625 632 675 692 699 723 732 767 811 837 846 871 880 885 925 957 983 997
Compactness: 5423.748562
Weights: 622.000000 10223.000000 3049.000000
Center Node: 385

District 16
Nodes: 69 105 133 189 196 210 212 237 258 266 268 281 286 287 290 311 343 345 417 420 441 462 482 485 507 512 516 544 570 602 605 630 643 715 728 746 759 826 843 858 895 921 926 937 938 972 974 998
Compactness: 4544.272368
Weights: 624.000000 10257.000000 3093.000000
Center Node: 462

District 17
Nodes: 3 17 28 39 96 98 108 116 126 176 193 201 304 316 319 320 336 339 423 429 432 434 445 486 496 498 514 536 545 595 607 623 626 638 674 682 753 775 777 786 793 797 810 821 848 874 875 879 902 904 936 947 955 993
Compactness: 5170.895833
Weights: 629.000000 10702.000000 3124.000000
Center Node: 595

District 18
Nodes: 11 13 22 59 82 85 95 109 115 138 144 181 184 200 221 228 244 253 261 273 302 330 347 375 398 399 409 419 421 435 443 499 500 501 522 598 616 627 639 691 711 766 836 862 878 883 898 911 964 968
Compactness: 5049.081167
Weights: 629.000000 11053.000000 3083.000000
Center Node: 766

District 19
Nodes: 2 20 21 90 119 125 141 148 161 183 192 224 225 257 270 293 295 305 307 313 372 455 466 476 510 539 540 577 590 610 617 634 666 677 726 737 769 796 802 807 830 838 844 865 899 939 942 961 977
Compactness: 4366.106012
Weights: 570.000000 10954.000000 2844.000000
Center Node: 807

District 20
Nodes: 7 15 19 64 122 139 160 179 180 239 271 274 321 325 333 335 351 357 367 384 387 405 416 470 489 517 523 555 557 571 579 584 612 633 655 658 669 736 758 762 765 809 816 839 889 912 933 934 948 953
Compactness: 4766.292133
Weights: 634.000000 10268.000000 2983.000000
Center Node: 325
