BalanceViolation 129.270000
AffinityLoss 0.000000
Compactness 94404.679910

District 1
Nodes: 10 18 24 31 46 59 60 100 109 118 226 234 250 251 265 268 271 286 287 295 333 346 355 375 419 420 422 441 459 463 471 474 485 515 551 577 622 692 733 748 758 815 827 859 867 908 923 925 927 942 964 986 999
Compactness: 4631.315366
Weights: 592.000000 10751.000000 3051.000000
Center Node: 118

District 2
Nodes: 28 29 32 145 196 224 236 243 285 303 309 317 357 387 404 412 416 417 421 449 468 506 523 568 574 592 608 613 689 728 743 756 775 787 802 809 818 828 846 870 871 876 928 933 935 937 944
Compactness: 5198.760226
Weights: 513.000000 10238.000000 2777.000000
Center Node: 309

District 3
Nodes: 8 42 48 51 54 75 101 115 186 206 228 233 244 252 260 263 302 423 439 442 455 456 470 486 517 520 526 601 618 636 642 647 693 729 738 752 774 777 797 803 808 819 825 851 856 866 869 872 877 915 931 959 980 982
Compactness: 6458.561330
Weights: 621.000000 11094.000000 2817.000000
Center Node: 517

District 4
Nodes: 1 73 98 133 153 155 168 181 187 207 210 229 259 264 272 281 290 296 316 323 347 425 434 460 469 483 513 529 549 620 638 662 713 726 746 778 826 864 887 897 911 914 924 929 952 965 968 997
Compactness: 4121.874433
Weights: 626.000000 10223.000000 2930.000000
Center Node: 469

District 5
Nodes: 38 49 58 65 110 128 129 130 143 150 157 201 211 222 231 261 289 306 314 335 376 380 388 397 413 424 435 475 496 534 536 543 548 554 579 616 627 635 669 719 731 776 784 791 885 894 896 903 954 973 974 978
Compactness: 4333.985874
Weights: 591.000000 11051.000000 2922.000000
Center Node: 150

District 6
Nodes: 12 23 69 99 105 114 122 124 162 169 174 177 212 238 273 311 318 337 401 428 445 461 491 499 503 510 531 532 533 535 557 560 573 582 670 677 681 702 742 772 788 790 835 848 849 850 860 945 946 953 967 998
Compactness: 4616.255409
Weights: 630.000000 10863.000000 2865.000000
Center Node: 998

District 7
Nodes: 77 81 88 93 102 117 132 208 223 275 278 294 330 339 345 361 381 384 390 408 429 432 480 514 611 626 643 688 712 715 747 780 796 807 810 840 852 863 883 917 936 950 951 961 984 985 992
Compactness: 3911.695064
Weights: 603.000000 10969.000000 2875.000000
Center Node: 715

District 8
Nodes: 0 36 87 127 191 194 203 221 237 254 299 304 310 377 407 410 411 436 492 518 576 630 675 679 680 687 697 707 734 760 773 783 789 792 817 823 829 853 858 901 909 918 962 963 990
Compactness: 3947.522293
Weights: 634.000000 10358.000000 2769.000000
Center Node: 773

District 9
Nodes: 43 57 74 79 82 113 126 137 140 160 225 262 327 338 342 371 391 443 472 500 512 519 528 544 566 575 583 585 598 621 658 665 666 686 730 782 793 798 799 813 816 874 880 893 910 921 938 949
Compactness: 4639.625135
Weights: 585.000000 10089.000000 3022.000000
Center Node: 472

District 10
Nodes: 19 50 64 72 83 104 134 141 146 156 185 235 247 249 255 279 321 378 392 395 396 502 504 505 516 521 530 537 555 587 606 617 659 672 683 684 691 739 750 770 794 801 842 854 879 892 898 955 956 993 996
Compactness: 5267.262687
Weights: 595.000000 10297.000000 2930.000000
Center Node: 378

District 11
Nodes: 9 26 27 30 61 84 94 96 119 125 136 166 170 175 176 199 217 283 293 312 363 367 382 385 398 406 426 446 465 481 488 559 588 600 619 628 631 694 698 704 723 727 761 767 814 821 838 847 861 906 932 991
Compactness: 4014.133223
Weights: 586.000000 11023.000000 2938.000000
Center Node: 446

District 12
Nodes: 11 13 15 17 34 44 71 76 80 97 182 193 197 202 245 269 291 315 325 334 393 430 454 467 538 545 550 586 593 603 634 637 654 657 674 676 705 724 741 744 754 757 832 836 837 895 913 930 941 989
Compactness: 4863.764183
Weights: 625.000000 10088.000000 3041.000000
Center Node: 291

District 13
Nodes: 7 16 25 40 95 111 120 121 139 159 200 280 298 305 308 344 351 373 379 415 427 464 476 482 494 508 525 552 578 591 604 614 633 645 660 682 708 718 745 749 781 800 822 833 844 934 943 958 969 976
Compactness: 4164.920411
Weights: 594.000000 10967.000000 3026.000000
Center Node: 934

District 14
Nodes: 2 3 21 33 35 78 89 91 108 158 167 172 173 189 195 198 319 322 326 328 329 348 349 354 359 383 394 433 437 444 462 487 495 540 547 558 564 569 589 590 632 648 652 661 671 709 875 890 902 939 988
Compactness: 5128.948029
Weights: 604.000000 10075.000000 3031.000000
Center Node: 35

District 15
Nodes: 6 37 47 106 116 138 147 152 154 220 232 256 276 277 284 343 352 360 362 386 400 402 418 431 452 497 539 553 580 595 599 607 610 612 695 711 714 753 766 785 786 795 804 812 820 834 841 865 886 888 904 981 995
Compactness: 5515.227110
Weights: 626.000000 10734.000000 2884.000000
Center Node: 6

District 16
Nodes: 4 14 53 56 123 148 179 184 230 241 253 266 270 282 340 350 368 369 370 374 405 409 438 448 450 451 466 478 489 527 541 567 570 572 602 625 690 737 762 768 855 889 900 905 907 970 971
Compactness: 3659.697838
Weights: 528.000000 11109.000000 2875.000000
Center Node: 762

District 17
Nodes: 20 52 62 70 103 112 131 135 144 188 213 216 227 246 292 301 313 324 341 389 414 457 458 473 571 581 615 629 644 651 663 664 667 668 720 732 736 763 805 830 843 857 881 920 922 966 972 977 983
Compactness: 4967.735264
Weights: 575.000000 10978.000000 2780.000000
Center Node: 663

District 18
Nodes: 45 85 86 90 92 107 151 171 183 192 204 214 240 248 257 274 332 336 364 366 399 403 440 477 479 493 498 509 522 524 542 546 584 596 609 623 699 700 701 703 716 717 725 759 771 824 868 882 891 899 912 960 979
Compactness: 5720.340897
Weights: 626.000000 10602.000000 3028.000000
Center Node: 596

District 19
Nodes: 55 66 67 149 178 205 219 267 300 320 331 365 372 453 484 490 507 511 562 565 605 639 640 641 646 649 650 653 673 696 721 740 751 755 764 779 811 831 839 845 873 916 926 940 947 948 957 975 987
Compactness: 4647.525276
Weights: 628.000000 10136.000000 2826.000000
Center Node: 755

District 20
Nodes: 5 22 39 41 63 68 142 161 163 164 165 180 190 209 215 218 239 242 258 288 297 307 353 356 358 447 501 556 561 563 594 597 624 655 656 678 685 706 710 722 735 765 769 806 862 878 884 919 994
Compactness: 4595.529862
Weights: 637.000000 10751.000000 2757.000000
Center Node: 678
