BalanceViolation 98.475000
AffinityLoss 0.000000
Compactness 113268.672664

District 1
Nodes: 13 27 46 67 69 75 112 142 143 162 164 194 198 200 243 246 295 356 436 442 453 472 476 498 499 556 600 613 617 670 676 678 690 705 712 734 784 829 834 858 859 910 919 932 977 978 981 984 989
Compactness: 4675.069495
Weights: 645.000000 9983.000000 2791.000000
Center Node: 112

District 2
Nodes: 29 40 49 77 78 98 156 176 193 224 231 249 276 290 306 310 348 357 389 425 443 474 488 527 528 569 570 574 625 630 667 677 679 685 699 742 744 758 780 799 808 856 863 875 897 904 913 948 953 954 955
Compactness: 4701.676162
Weights: 606.000000 10350.000000 3014.000000
Center Node: 744

District 3
Nodes: 20 44 47 70 73 92 136 159 173 187 201 212 237 251 273 298 299 303 305 308 406 408 419 424 440 444 468 475 490 526 543 547 572 582 601 628 637 642 649 706 732 736 797 811 835 862 872 887 923 930 937 967
Compactness: 7486.149312
Weights: 602.000000 10503.000000 2872.000000
Center Node: 736

District 4
Nodes: 7 21 36 58 61 63 106 115 132 134 180 189 191 219 227 236 248 274 280 284 327 341 346 377 403 405 435 441 484 492 532 541 560 586 614 618 643 650 651 657 697 704 709 746 770 791 792 868 871 922 924 982 988
Compactness: 11652.269224
Weights: 564.000000 10034.000000 2935.000000
Center Node: 791

District 5
Nodes: 8 24 55 107 114 118 145 152 230 240 247 255 311 329 336 340 367 420 428 493 606 638 662 714 716 728 761 763 793 815 836 837 864 874 890 908 909 912 915 916 931 944 958 991 992 994
Compactness: 4547.176313
Weights: 625.000000 10593.000000 2853.000000
Center Node: 336

District 6
Nodes: 0 10 19 33 41 59 72 97 139 149 172 185 215 221 228 250 261 275 314 381 404 431 432 451 456 463 478 553 567 577 584 616 666 681 765 788 804 826 833 838 892 918 928 936 945 959 968 973 986
Compactness: 4508.523174
Weights: 584.000000 10084.000000 3069.000000
Center Node: 986

District 7
Nodes: 6 16 89 120 121 135 146 158 179 183 192 242 262 296 313 318 320 322 332 371 382 409 487 506 514 517 524 537 540 571 588 591 596 633 684 711 739 741 774 785 809 810 823 866 877 895 900 935 947 963 965
Compactness: 5344.127705
Weights: 598.000000 10045.000000 3036.000000
Center Node: 633

District 8
Nodes: 2 9 26 99 123 211 214 245 254 264 272 277 282 304 334 335 339 350 369 376 438 439 563 565 581 587 607 635 654 660 688 691 693 707 713 720 722 730 753 764 767 769 803 820 842 927 941 961 970
Compactness: 4776.839218
Weights: 613.000000 10944.000000 2797.000000
Center Node: 563

District 9
Nodes: 34 43 52 96 102 204 210 217 260 281 315 316 343 429 497 512 552 573 585 615 620 634 655 663 668 673 683 700 733 747 772 787 796 812 827 841 843 852 867 870 881 883 885 896 902 956 969 974 993 997
Compactness: 4944.246298
Weights: 601.000000 10751.000000 3070.000000
Center Node: 210

District 10
Nodes: 85 86 111 137 147 169 205 216 229 253 258 337 378 397 400 418 427 450 457 467 479 502 579 580 589 597 631 640 703 727 737 766 778 783 825 851 857 861 869 878 879 889 894 899 907 926 976 985 998
Compactness: 4739.020469
Weights: 544.000000 10882.000000 3012.000000
Center Node: 879

District 11
Nodes: 51 62 76 90 101 104 160 174 178 278 292 293 297 349 365 390 393 416 447 471 482 489 500 505 518 529 550 578 592 610 612 627 674 698 701 708 729 762 794 805 806 813 828 832 840 876 884 933 949
Compactness: 5147.604633
Weights: 604.000000 10935.000000 2815.000000
Center Node: 550

District 12
Nodes: 4 82 87 88 103 165 168 218 223 259 266 279 283 288 307 319 323 331 338 347 355 358 361 372 373 385 426 486 496 504 507 508 522 533 551 557 559 568 576 645 656 659 672 702 789 818 847 865 886 901 942
Compactness: 5333.760453
Weights: 621.000000 10300.000000 2836.000000
Center Node: 659

District 13
Nodes: 12 28 66 79 93 94 108 113 130 131 150 207 208 265 287 351 387 395 398 402 407 410 412 446 491 511 535 561 564 593 632 636 646 675 680 689 719 749 750 760 800 819 839 848 850 854 855 917 925 952 990
Compactness: 4377.753183
Weights: 600.000000 10912.000000 2979.000000
Center Node: 593

District 14
Nodes: 14 32 56 60 65 124 171 197 206 232 233 286 291 294 312 317 325 344 345 375 392 449 462 473 509 516 523 530 555 558 609 629 648 653 664 723 731 740 756 759 782 790 816 822 893 938 951 964 995
Compactness: 8284.883107
Weights: 624.000000 10121.000000 2841.000000
Center Node: 317

District 15
Nodes: 17 31 37 42 45 50 126 128 161 170 199 209 222 235 252 256 269 289 326 333 354 360 368 388 399 401 414 464 519 521 534 544 549 566 595 608 626 641 661 669 710 745 751 752 776 846 849 880 934 946 975
Compactness: 4927.925331
Weights: 625.000000 10410.000000 2827.000000
Center Node: 289

District 16
Nodes: 18 38 71 95 105 116 125 133 141 148 154 167 175 181 196 202 309 324 330 353 366 374 386 455 465 503 510 520 538 539 546 562 605 611 624 647 686 715 717 738 771 786 807 831 888 906 911 920 957 971
Compactness: 6246.942290
Weights: 580.000000 10408.000000 3007.000000
Center Node: 95

District 17
Nodes: 39 80 117 119 140 163 195 239 263 267 300 342 352 394 396 413 415 421 422 461 466 469 480 481 531 542 545 554 590 598 622 623 665 671 687 692 694 718 726 748 755 777 779 814 830 905 914 960 980
Compactness: 4904.534027
Weights: 630.000000 10211.000000 2808.000000
Center Node: 545

District 18
Nodes: 23 30 53 57 64 81 91 100 127 144 153 155 182 186 220 234 244 301 321 359 363 364 391 423 433 434 445 458 477 483 485 495 583 602 603 658 695 696 721 724 735 795 798 817 860 882 943 979 983 987 996
Compactness: 6067.786341
Weights: 548.000000 10291.000000 3041.000000
Center Node: 57

District 19
Nodes: 3 11 22 48 54 122 129 138 151 157 188 225 257 270 271 285 302 328 362 379 380 383 384 411 437 448 454 460 494 513 515 525 536 594 604 621 652 768 773 775 781 801 802 891 903 921 939 940 950 962
Compactness: 5460.129978
Weights: 586.000000 10901.000000 3071.000000
Center Node: 652

District 20
Nodes: 1 5 15 25 35 68 74 83 84 109 110 166 177 184 190 203 213 226 238 241 268 370 417 430 452 459 470 501 548 575 599 619 639 644 682 725 743 754 757 821 824 844 845 853 873 898 929 966 972 999
Compactness: 5142.255950
Weights: 535.000000 10877.000000 2968.000000
Center Node: 417
