BalanceViolation 980.927000
AffinityLoss 0.000000
Compactness 69978.281096

District 1
Nodes: 15 26 109 214 254 268 282 304 335 370 501 635 649 688 693 707 845 967
Compactness: 1097.864179
Weights: 208.000000 4449.000000 1076.000000
Center Node: 304

District 2
Nodes: 13 75 112 171 197 200 232 295 392 472 498 617 704 705 784 859 919 938 951 964 989
Compactness: 1502.627939
Weights: 286.000000 4002.000000 1150.000000
Center Node: 13

District 3
Nodes: 7 21 61 63 106 115 274 284 405 560 586 618 643 650 651 657 709 792 977 978 988
Compactness: 5527.125810
Weights: 200.000000 4131.000000 1234.000000
Center Node: 651

District 4
Nodes: 0 19 127 139 185 301 312 431 451 456 584 616 696 838 872 892 918 943 959 973 986 995
Compactness: 1151.544691
Weights: 233.000000 4073.000000 1238.000000
Center Node: 973

District 5
Nodes: 48 54 102 122 188 225 271 302 315 338 343 460 522 594 652 655 801 852 883 950
Compactness: 1174.454932
Weights: 238.000000 4309.000000 1173.000000
Center Node: 102

District 6
Nodes: 121 183 192 242 296 313 318 368 506 537 588 591 633 739 809 823 866 877 895 947 963
Compactness: 1294.497693
Weights: 269.000000 4072.000000 1171.000000
Center Node: 537

District 7
Nodes: 9 70 159 178 212 237 251 298 408 424 444 468 500 526 572 582 642 732 753
Compactness: 2448.498210
Weights: 224.000000 4247.000000 1032.000000
Center Node: 424

District 8
Nodes: 17 98 176 224 276 310 346 357 377 474 528 574 625 667 699 746 758 863 897 904 953 982
Compactness: 3997.515266
Weights: 241.000000 4026.000000 1148.000000
Center Node: 276

District 9
Nodes: 38 105 116 134 148 324 366 386 503 520 554 562 605 647 718 843 920 960 971
Compactness: 1450.884964
Weights: 245.000000 4172.000000 1145.000000
Center Node: 324

District 10
Nodes: 87 103 259 279 319 323 358 372 426 486 507 508 551 557 558 664 818 847 886 893
Compactness: 1007.969370
Weights: 270.000000 4232.000000 1171.000000
Center Node: 372

District 11
Nodes: 64 100 118 138 152 247 434 458 493 495 602 606 638 761 781 860 991 992
Compactness: 1024.049478
Weights: 226.000000 4235.000000 1155.000000
Center Node: 100

District 12
Nodes: 31 66 71 150 170 181 252 269 399 539 552 564 566 611 632 683 745 776 880
Compactness: 1123.018583
Weights: 252.000000 4021.000000 1149.000000
Center Node: 745

District 13
Nodes: 27 117 162 163 195 352 394 403 422 466 469 556 598 613 671 687 712 748 829 905 981
Compactness: 1299.364826
Weights: 245.000000 4233.000000 1181.000000
Center Node: 905

District 14
Nodes: 8 12 130 169 208 253 265 337 340 387 457 491 502 579 680 760 773 800 861 874 891 915
Compactness: 1077.940252
Weights: 248.000000 4307.000000 1204.000000
Center Node: 457

District 15
Nodes: 155 201 273 286 299 305 308 423 475 637 653 658 782 822 887 923 937 987 996
Compactness: 1168.046997
Weights: 237.000000 4064.000000 1215.000000
Center Node: 923

District 16
Nodes: 177 258 418 425 443 450 467 580 631 682 727 783 851 856 857 889 948 966 985
Compactness: 855.778334
Weights: 210.000000 4396.000000 1114.000000
Center Node: 727

District 17
Nodes: 30 60 82 88 97 165 186 215 218 234 266 331 380 404 478 504 568 681 804
Compactness: 1148.219481
Weights: 218.000000 4104.000000 1247.000000
Center Node: 504

District 18
Nodes: 62 99 104 160 334 350 376 416 439 482 518 529 578 722 763 764 794 813 840 876 970
Compactness: 1475.475470
Weights: 230.000000 4027.000000 1188.000000
Center Node: 876

District 19
Nodes: 36 37 45 126 128 132 222 256 262 354 549 626 669 751 770 846 849 922 934
Compactness: 1660.413451
Weights: 246.000000 4258.000000 1155.000000
Center Node: 846

District 20
Nodes: 39 140 217 239 342 421 480 634 665 694 700 747 755 777 812 827 841 867 896 969 974 997
Compactness: 1459.848535
Weights: 244.000000 4384.000000 1226.000000
Center Node: 974

District 21
Nodes: 51 73 90 91 92 101 187 292 293 349 471 483 612 762 817 828 832 979
Compactness: 1181.921497
Weights: 214.000000 4334.000000 970.000000
Center Node: 293

District 22
Nodes: 34 46 168 223 246 267 283 347 429 461 512 531 559 590 656 672 865 881 914 980
Compactness: 1494.483412
Weights: 259.000000 3999.000000 1243.000000
Center Node: 347

District 23
Nodes: 1 5 35 49 74 78 190 203 238 249 277 459 548 619 630 654 685 743 808 844 853 873
Compactness: 1436.660273
Weights: 232.000000 4407.000000 1150.000000
Center Node: 35

District 24
Nodes: 43 52 95 96 260 281 330 465 497 585 615 733 738 772 787 830 885 902 906 993
Compactness: 1322.084231
Weights: 249.000000 4386.000000 1230.000000
Center Node: 497

District 25
Nodes: 14 33 41 59 72 221 228 250 261 275 314 432 553 567 629 666 759 833 901 928
Compactness: 1289.241961
Weights: 250.000000 3997.000000 1225.000000
Center Node: 261

District 26
Nodes: 58 133 141 154 167 175 196 202 309 327 510 538 541 614 624 715 717 786 807 871 888 911 924
Compactness: 1454.416250
Weights: 283.000000 3973.000000 1202.000000
Center Node: 717

District 27
Nodes: 18 108 113 270 285 379 411 454 525 535 604 636 689 749 768 802 940 952 962
Compactness: 1076.261854
Weights: 209.000000 4395.000000 1234.000000
Center Node: 604

District 28
Nodes: 32 56 243 294 345 355 356 375 385 436 442 449 462 476 499 530 609 645 648 723 910 984
Compactness: 1399.261605
Weights: 263.000000 3992.000000 1181.000000
Center Node: 449

District 29
Nodes: 55 84 245 369 393 438 505 575 587 714 757 767 769 821 824 894 912 931 949
Compactness: 1267.486808
Weights: 227.000000 4099.000000 1167.000000
Center Node: 245

District 30
Nodes: 3 11 24 129 157 230 329 428 437 515 775 815 837 903 916 921 939 944 958
Compactness: 1333.375958
Weights: 247.000000 4393.000000 1227.000000
Center Node: 3

District 31
Nodes: 16 85 89 158 320 322 348 371 389 487 570 571 596 677 679 711 774 799 875 935
Compactness: 895.364719
Weights: 231.000000 4238.000000 1194.000000
Center Node: 89

District 32
Nodes: 28 79 94 131 332 382 395 410 511 519 534 608 684 710 719 850 917 925 990
Compactness: 871.685902
Weights: 225.000000 4414.000000 1110.000000
Center Node: 710

District 33
Nodes: 4 22 145 151 257 288 307 328 361 373 383 384 448 494 496 513 533 536 576 659 702 789
Compactness: 1374.757263
Weights: 259.000000 4320.000000 1231.000000
Center Node: 257

District 34
Nodes: 50 180 191 199 209 227 236 280 341 353 360 435 441 484 492 546 641 697 771 791 946 957
Compactness: 1662.542034
Weights: 241.000000 4167.000000 1117.000000
Center Node: 435

District 35
Nodes: 67 69 142 143 164 189 194 198 219 532 600 670 676 678 690 734 834 858 868 932
Compactness: 1276.535850
Weights: 252.000000 4042.000000 1223.000000
Center Node: 532

District 36
Nodes: 80 119 248 263 300 396 413 415 481 542 545 622 623 692 726 779 814 870
Compactness: 1163.466727
Weights: 256.000000 3992.000000 1130.000000
Center Node: 692

District 37
Nodes: 65 206 233 317 325 344 453 473 509 516 523 555 731 740 756 765 790 816 826 942
Compactness: 1138.321507
Weights: 273.000000 4253.000000 1133.000000
Center Node: 516

District 38
Nodes: 86 111 120 135 147 216 229 290 409 488 514 517 524 540 589 703 825 854 869 926
Compactness: 1143.556208
Weights: 236.000000 4101.000000 1165.000000
Center Node: 216

District 39
Nodes: 6 42 161 235 289 326 333 388 401 414 464 521 544 595 661 752 785 810 900 965 975
Compactness: 1197.968303
Weights: 245.000000 4002.000000 1212.000000
Center Node: 464

District 40
Nodes: 10 149 172 174 182 244 364 381 433 445 463 477 577 610 708 721 788 936 945 983
Compactness: 1219.487883
Weights: 230.000000 4351.000000 1159.000000
Center Node: 936

District 41
Nodes: 23 53 57 81 136 144 153 321 359 363 391 485 603 628 695 724 795 798 968
Compactness: 831.916695
Weights: 199.000000 3984.000000 1228.000000
Center Node: 795

District 42
Nodes: 2 44 123 272 339 406 419 440 563 565 607 660 691 713 720 730 803 820 842 927 961
Compactness: 1076.293144
Weights: 265.000000 3992.000000 1076.000000
Center Node: 713

District 43
Nodes: 125 204 210 316 362 374 407 455 573 620 621 663 668 673 686 796 819 831 956
Compactness: 1233.691355
Weights: 180.000000 4384.000000 1228.000000
Center Node: 831

District 44
Nodes: 20 47 76 124 173 220 291 303 490 543 547 583 601 706 735 736 797 835 930
Compactness: 1360.698393
Weights: 231.000000 4050.000000 1135.000000
Center Node: 303

District 45
Nodes: 29 40 77 146 156 179 193 231 306 527 569 741 742 744 780 913 954 955 998
Compactness: 945.263844
Weights: 220.000000 4376.000000 1192.000000
Center Node: 569

District 46
Nodes: 25 110 137 213 255 400 427 430 470 479 640 725 766 778 878 879 907 972 976
Compactness: 1317.159623
Weights: 204.000000 4185.000000 1238.000000
Center Node: 972

District 47
Nodes: 93 205 207 287 351 378 397 398 402 412 446 561 593 646 675 737 750 839 848 855
Compactness: 1206.448744
Weights: 250.000000 4194.000000 1231.000000
Center Node: 750

District 48
Nodes: 68 83 166 184 226 241 417 452 597 599 639 644 754 898 899 929 999
Compactness: 832.445862
Weights: 193.000000 4372.000000 1132.000000
Center Node: 599

District 49
Nodes: 107 114 211 240 264 311 336 367 420 581 662 716 728 793 836 864 890 908 909 941 994
Compactness: 1263.281628
Weights: 292.000000 4048.000000 1255.000000
Center Node: 581

District 50
Nodes: 278 297 365 390 447 489 550 592 627 674 698 701 729 805 806 811 862 882 884 933
Compactness: 1767.063101
Weights: 250.000000 4353.000000 1052.000000
Center Node: 729
