BalanceViolation 80.537500
AffinityLoss 0.000000
Compactness 48145.680620

District 1
Nodes: 17 47 74 107 116 126 173 216 224 225 236 247 258 259 277 290 317 351 357 401 442 456 469 477 481 485 492
Compactness: 2942.884911
Weights: 280.000000 5236.000000 1482.000000
Center Node: 173

District 2
Nodes: 22 40 79 86 89 132 134 146 189 192 199 222 228 229 232 321 349 392 427 433 434 457 472 474 482 486 490
Compactness: 3136.371472
Weights: 279.000000 5122.000000 1434.000000
Center Node: 189

District 3
Nodes: 19 34 45 66 113 125 154 204 218 227 239 256 301 304 322 333 362 389 406 412 439 458 468 479
Compactness: 1806.572872
Weights: 293.000000 4965.000000 1363.000000
Center Node: 256

District 4
Nodes: 10 13 49 67 72 77 108 112 128 235 246 262 265 266 269 293 298 337 370 375 376 381 466
Compactness: 2269.193230
Weights: 272.000000 5075.000000 1428.000000
Center Node: 13

District 5
Nodes: 38 60 68 70 94 131 143 175 185 226 241 251 276 280 291 295 313 325 391 399 411 419 428 431
Compactness: 2243.179102
Weights: 253.000000 5337.000000 1352.000000
Center Node: 391

District 6
Nodes: 29 30 52 95 109 119 133 161 179 195 230 252 253 283 305 334 344 367 414 435 438 462 478 491
Compactness: 2213.527185
Weights: 302.000000 5326.000000 1370.000000
Center Node: 161

District 7
Nodes: 20 28 63 93 123 138 140 144 169 242 272 292 306 312 315 319 336 352 360 372 378 402 410 420 429 430 451 475
Compactness: 3021.197977
Weights: 303.000000 4925.000000 1471.000000
Center Node: 451

District 8
Nodes: 50 78 84 99 110 114 129 157 164 203 207 220 250 264 289 308 340 369 385 408 426 437 464 465 494
Compactness: 2574.999529
Weights: 338.000000 5347.000000 1367.000000
Center Node: 385

District 9
Nodes: 9 15 23 27 35 36 43 53 59 115 118 153 172 180 183 217 233 248 268 286 307 383 394 423 489
Compactness: 2285.067361
Weights: 303.000000 4969.000000 1481.000000
Center Node: 23

District 10
Nodes: 2 18 25 54 82 96 141 182 219 238 288 296 314 348 353 359 397 400 403 417 425 471 473 497
Compactness: 1994.493926
Weights: 293.000000 5335.000000 1501.000000
Center Node: 397

District 11
Nodes: 5 11 42 80 97 106 111 117 155 156 165 201 205 243 285 294 323 341 343 346 390 405 407 484 496
Compactness: 2480.675761
Weights: 287.000000 4886.000000 1498.000000
Center Node: 294

District 12
Nodes: 69 73 88 90 92 120 127 130 159 187 234 245 270 320 335 339 345 350 373 377 380 388 396 447
Compactness: 2962.133631
Weights: 294.000000 4887.000000 1388.000000
Center Node: 245

District 13
Nodes: 7 12 26 55 57 64 71 121 148 167 186 206 231 310 311 326 338 363 379 413 440 446 450 454 488 499
Compactness: 2308.158165
Weights: 278.000000 5319.000000 1438.000000
Center Node: 311

District 14
Nodes: 3 33 51 56 62 87 136 137 150 151 166 168 181 208 212 257 271 282 302 332 342 347 364 470 480 483
Compactness: 2640.055987
Weights: 298.000000 4900.000000 1480.000000
Center Node: 168

District 15
Nodes: 31 48 58 61 104 147 152 160 163 184 191 200 209 254 275 287 329 354 386 416 418 432 443 467
Compactness: 2503.000018
Weights: 276.000000 5342.000000 1391.000000
Center Node: 31

District 16
Nodes: 4 41 75 103 139 174 177 196 214 215 237 244 260 261 267 273 279 299 327 371 398 424 448 449 495
Compactness: 2641.152246
Weights: 290.000000 4932.000000 1444.000000
Center Node: 215

District 17
Nodes: 14 16 21 46 76 81 85 101 170 176 197 240 255 274 297 324 356 358 374 387 422 436 444 445 452 463
Compactness: 2425.351330
Weights: 288.000000 5022.000000 1500.000000
Center Node: 14

District 18
Nodes: 1 8 39 65 102 122 124 158 190 193 213 223 249 263 278 284 309 382 409 415 421 455 460 493
Compactness: 2116.063310
Weights: 317.000000 5090.000000 1393.000000
Center Node: 1

District 19
Nodes: 0 6 24 37 44 83 91 100 142 178 202 211 318 328 365 366 368 393 395 404 441 453 459 476 498
Compactness: 1616.382845
Weights: 306.000000 4955.000000 1375.000000
Center Node: 0

District 20
Nodes: 32 98 105 135 145 149 162 171 188 194 198 210 221 281 300 303 316 330 331 355 361 384 461 487
Compactness: 1965.219763
Weights: 286.000000 5097.000000 1469.000000
Center Node: 98
