BalanceViolation 731.149000
AffinityLoss 0.000000
Compactness 128641.970264

District 1
Nodes: 38 46 228 265 279 333 353 365 435 534 572 681 823 864 867 931 963 967 984 1004 1140 1194 1196 1208 1255 1309 1373 1480 1530 1588 1608 1653 1694 1697 1759 1779 1818 1874 1906 1925 1954
Compactness: 2325.902695
Weights: 495.000000 8077.000000 2319.000000
Center Node: 1530

District 2
Nodes: 8 64 116 129 132 135 149 188 232 272 293 380 493 532 680 704 710 714 794 807 845 948 949 999 1009 1037 1152 1190 1295 1408 1488 1496 1558 1612 1640 1741 1761 1857 1860 1887 1926
Compactness: 2257.834909
Weights: 467.000000 8562.000000 2432.000000
Center Node: 1558

District 3
Nodes: 104 115 125 160 195 280 348 357 359 369 398 412 489 526 594 598 640 660 791 853 860 892 991 1016 1033 1084 1085 1157 1162 1191 1233 1321 1395 1482 1489 1511 1611 1613 1620 1675 1802
Compactness: 2985.139249
Weights: 489.000000 8326.000000 2212.000000
Center Node: 115

District 4
Nodes: 14 75 198 203 242 311 339 352 387 407 432 436 522 527 561 753 770 779 803 868 952 986 1013 1090 1238 1279 1350 1363 1375 1638 1643 1699 1843 1878 1899
Compactness: 1940.815885
Weights: 367.000000 7685.000000 2099.000000
Center Node: 986

District 5
Nodes: 82 136 138 162 218 334 406 468 496 537 590 632 938 960 973 987 1069 1074 1082 1173 1219 1243 1341 1348 1401 1424 1470 1556 1716 1730 1731 1735 1749 1750 1790 1827 1918 1928 1993
Compactness: 2377.191958
Weights: 502.000000 8453.000000 2318.000000
Center Node: 1341

District 6
Nodes: 31 172 173 184 208 307 327 360 389 431 479 583 623 653 677 784 804 887 944 968 1003 1021 1160 1207 1275 1298 1318 1335 1353 1366 1391 1486 1637 1684 1757 1762 1809 1822 1824 1844 1862
Compactness: 2524.903575
Weights: 503.000000 7900.000000 2338.000000
Center Node: 1824

District 7
Nodes: 27 87 143 214 219 246 270 350 361 403 464 548 573 626 649 674 725 781 894 900 940 956 1066 1109 1200 1337 1503 1508 1661 1689 1698 1704 1729 1734 1744 1829 1851 1922 1924 1952 1955
Compactness: 3219.420361
Weights: 479.000000 8034.000000 2383.000000
Center Node: 219

District 8
Nodes: 51 141 177 678 690 698 724 733 793 797 822 824 826 852 877 898 947 970 1148 1184 1189 1224 1361 1387 1390 1463 1483 1520 1565 1649 1656 1693 1769 1833 1872 1921
Compactness: 1670.022433
Weights: 435.000000 8233.000000 2162.000000
Center Node: 822

District 9
Nodes: 1 13 19 53 56 108 206 221 258 262 331 427 446 477 563 614 732 848 875 1022 1089 1093 1192 1234 1311 1358 1386 1407 1414 1438 1552 1633 1654 1702 1806 1810 1869 1873 1914 1932 1979 1989
Compactness: 2400.266051
Weights: 496.000000 7897.000000 2349.000000
Center Node: 1869

District 10
Nodes: 0 44 72 178 227 237 328 351 376 377 382 485 546 630 659 715 718 745 789 795 825 981 993 1072 1092 1107 1188 1198 1221 1342 1402 1415 1423 1622 1647 1854 1861 1896 1972 1991
Compactness: 2326.097575
Weights: 503.000000 8245.000000 2382.000000
Center Node: 630

District 11
Nodes: 9 100 131 207 220 264 273 332 349 358 589 652 668 771 775 818 834 843 873 893 899 902 906 978 1077 1115 1116 1128 1159 1213 1223 1262 1400 1472 1473 1484 1514 1617 1837 1980
Compactness: 2243.783691
Weights: 501.000000 8504.000000 2419.000000
Center Node: 1116

District 12
Nodes: 2 36 73 106 161 204 222 318 319 335 443 451 528 530 636 717 746 866 908 915 936 1002 1094 1169 1182 1185 1228 1229 1246 1306 1360 1368 1422 1443 1448 1533 1747 1907 1942 1974 1982
Compactness: 2783.363691
Weights: 498.000000 8691.000000 2212.000000
Center Node: 1448

District 13
Nodes: 71 170 171 234 266 329 395 462 488 500 516 540 609 661 688 709 767 1026 1111 1172 1187 1264 1315 1344 1352 1416 1535 1537 1538 1676 1707 1714 1717 1738 1740 1758 1792 1908 1951 1983
Compactness: 2847.888471
Weights: 468.000000 8358.000000 2283.000000
Center Node: 1538

District 14
Nodes: 49 96 105 109 277 314 323 460 497 517 531 539 547 610 620 764 812 819 820 881 941 955 1036 1051 1149 1180 1215 1357 1369 1432 1433 1506 1554 1571 1648 1801 1877 1930 1964 1970
Compactness: 2519.197604
Weights: 503.000000 8495.000000 2272.000000
Center Node: 1648

District 15
Nodes: 20 147 159 225 291 343 379 544 560 700 711 838 979 980 1001 1029 1110 1168 1232 1256 1280 1339 1385 1440 1471 1522 1525 1527 1531 1577 1593 1639 1791 1816 1892 1909 1935 1956 1958 1987
Compactness: 1832.005940
Weights: 502.000000 8307.000000 2436.000000
Center Node: 1639

District 16
Nodes: 17 85 113 146 150 211 251 287 444 473 507 556 608 702 809 895 942 951 1023 1067 1083 1087 1195 1405 1428 1478 1494 1516 1609 1644 1787 1797 1817 1838 1913 1923 1937 1975
Compactness: 2231.518499
Weights: 479.000000 8561.000000 2307.000000
Center Node: 1087

District 17
Nodes: 48 74 117 118 197 231 240 257 402 455 566 569 602 606 628 664 686 706 708 721 738 761 930 953 1098 1144 1225 1231 1340 1410 1452 1493 1722 1756 1884 1962 1963 1997
Compactness: 2914.881686
Weights: 451.000000 7939.000000 2431.000000
Center Node: 1231

District 18
Nodes: 80 94 95 168 183 196 223 338 438 453 529 574 656 727 741 768 774 836 842 928 982 1038 1049 1193 1266 1267 1455 1477 1513 1595 1663 1665 1695 1783 1945 1978
Compactness: 2158.264913
Weights: 456.000000 8687.000000 2191.000000
Center Node: 80

District 19
Nodes: 28 35 217 226 230 302 308 347 508 515 536 624 655 713 723 814 833 850 855 880 911 954 1178 1203 1313 1325 1331 1333 1365 1449 1547 1561 1570 1600 1662 1742 1743 1772 1775 1898
Compactness: 2026.665360
Weights: 465.000000 7985.000000 2388.000000
Center Node: 1178

District 20
Nodes: 192 322 340 345 367 374 418 440 452 505 523 535 551 648 726 760 815 1047 1065 1079 1114 1121 1124 1170 1171 1202 1261 1273 1356 1388 1427 1487 1497 1502 1545 1687 1701 1713 1795 1879 1947 1992
Compactness: 2522.360825
Weights: 498.000000 7953.000000 2421.000000
Center Node: 1124

District 21
Nodes: 43 86 256 267 288 297 362 447 450 586 600 612 613 625 650 697 757 758 799 816 983 1136 1199 1245 1314 1338 1376 1434 1464 1562 1585 1604 1629 1711 1815 1836 1867 1883 1973
Compactness: 2293.922913
Weights: 500.000000 8719.000000 2429.000000
Center Node: 447

District 22
Nodes: 55 157 243 397 442 458 587 611 619 685 716 755 777 792 813 829 858 916 917 925 961 1042 1081 1086 1154 1263 1281 1378 1425 1436 1543 1557 1627 1655 1725 1786 1893 1941 1968 1999
Compactness: 2347.055626
Weights: 466.000000 8708.000000 2378.000000
Center Node: 1725

District 23
Nodes: 7 62 97 202 210 224 373 456 476 490 558 562 581 605 607 646 670 675 750 876 883 1005 1011 1056 1103 1167 1186 1218 1274 1351 1419 1435 1485 1517 1573 1718 1771 1793 1803 1850 1856 1985
Compactness: 2947.854049
Weights: 509.000000 8002.000000 2321.000000
Center Node: 670

District 24
Nodes: 34 63 77 90 261 283 520 553 585 671 693 796 832 884 907 976 1031 1057 1068 1088 1099 1104 1112 1135 1164 1241 1287 1288 1322 1403 1444 1546 1564 1583 1628 1727 1785 1890 1895 1904 1920 1965
Compactness: 2259.599007
Weights: 511.000000 8114.000000 2233.000000
Center Node: 34

District 25
Nodes: 18 23 70 121 164 215 250 255 259 276 324 621 719 728 763 840 846 905 975 1113 1119 1134 1181 1254 1297 1420 1490 1500 1606 1616 1632 1642 1659 1723 1739 1858 1865 1870 1900 1934 1943
Compactness: 2491.481376
Weights: 503.000000 8504.000000 2433.000000
Center Node: 70

District 26
Nodes: 296 317 356 371 372 375 394 396 524 599 642 657 752 754 806 874 923 977 1020 1063 1129 1197 1222 1242 1458 1539 1584 1621 1668 1669 1671 1705 1708 1736 1782 1855 1910 1912 1931 1950
Compactness: 3709.963960
Weights: 500.000000 8683.000000 2405.000000
Center Node: 754

District 27
Nodes: 5 6 76 93 289 303 363 564 737 756 869 886 918 1041 1091 1217 1277 1296 1329 1437 1447 1451 1492 1559 1589 1598 1619 1645 1652 1667 1685 1720 1721 1726 1763 1764 1871 1897 1919 1984
Compactness: 2650.304711
Weights: 476.000000 8686.000000 2425.000000
Center Node: 1589

District 28
Nodes: 10 12 50 137 189 191 244 253 299 301 336 355 385 414 428 457 495 541 575 663 712 929 971 998 1058 1165 1236 1320 1389 1399 1476 1512 1541 1574 1683 1690 1733 1842 1847 1901 1957
Compactness: 2499.422200
Weights: 423.000000 8731.000000 2433.000000
Center Node: 1399

District 29
Nodes: 78 128 145 163 205 236 268 344 411 426 437 439 481 634 736 844 861 901 910 989 1125 1230 1240 1257 1285 1346 1460 1501 1526 1542 1566 1658 1664 1692 1715 1800 1853 1939 1967
Compactness: 2175.500293
Weights: 472.000000 7949.000000 2292.000000
Center Node: 901

District 30
Nodes: 33 45 216 278 378 405 410 469 480 492 499 503 552 654 676 790 802 830 856 920 957 990 1070 1147 1260 1299 1398 1409 1456 1467 1521 1572 1575 1587 1590 1706 1767 1784 1830 1915
Compactness: 2479.151864
Weights: 497.000000 8518.000000 2243.000000
Center Node: 410

District 31
Nodes: 130 140 144 239 290 321 341 592 635 666 691 695 801 995 1007 1040 1062 1096 1123 1212 1265 1316 1317 1330 1418 1481 1534 1599 1618 1696 1753 1804 1859 1864 1875 1876
Compactness: 2488.742336
Weights: 516.000000 8042.000000 2208.000000
Center Node: 321

District 32
Nodes: 101 180 199 238 294 383 386 390 461 482 509 549 597 672 683 705 743 821 839 849 863 879 1008 1138 1143 1158 1249 1286 1301 1372 1491 1528 1651 1657 1686 1688 1794 1936 1976
Compactness: 2436.608777
Weights: 498.000000 8010.000000 2241.000000
Center Node: 238

District 33
Nodes: 22 29 32 40 69 91 119 142 166 187 247 292 320 404 425 441 511 555 647 682 742 828 904 937 997 1010 1133 1209 1270 1370 1431 1529 1666 1672 1673 1677 1709 1789 1808 1863 1946 1977
Compactness: 2375.668266
Weights: 473.000000 8503.000000 2430.000000
Center Node: 1209

District 34
Nodes: 3 57 58 83 122 123 190 281 295 300 304 316 420 470 533 550 557 570 627 744 783 882 897 926 994 1024 1075 1126 1268 1345 1347 1377 1393 1394 1439 1498 1499 1536 1581 1586 1601 1766 1813 1826 1832 1881
Compactness: 3004.215375
Weights: 494.000000 8519.000000 2436.000000
Center Node: 1826

District 35
Nodes: 16 24 127 165 167 181 182 194 201 249 346 388 399 413 430 472 474 667 729 734 780 851 888 921 932 1032 1108 1201 1205 1216 1328 1367 1461 1465 1549 1682 1728 1765 1788 1880
Compactness: 2645.526487
Weights: 502.000000 7941.000000 2257.000000
Center Node: 1108

District 36
Nodes: 52 59 79 88 153 179 241 306 313 342 408 459 484 486 491 498 506 622 847 871 939 946 965 1012 1043 1046 1155 1174 1250 1282 1292 1303 1371 1466 1519 1563 1679 1745 1781 1819 1821 1849 1911
Compactness: 2530.760305
Weights: 496.000000 8633.000000 2426.000000
Center Node: 342

District 37
Nodes: 176 229 245 466 467 471 475 513 567 601 604 699 730 810 891 909 913 919 1027 1044 1137 1237 1291 1304 1319 1334 1426 1430 1442 1523 1582 1605 1615 1774 1812 1846 1902 1969 1995
Compactness: 2290.133771
Weights: 501.000000 8578.000000 2356.000000
Center Node: 1846

District 38
Nodes: 47 103 126 254 310 366 429 433 487 514 580 595 629 631 731 749 943 950 1050 1076 1101 1118 1127 1132 1290 1324 1381 1383 1411 1412 1413 1453 1505 1630 1660 1681 1751 1882 1916 1981
Compactness: 1875.078424
Weights: 464.000000 8714.000000 2206.000000
Center Node: 1383

District 39
Nodes: 26 42 66 81 89 102 285 337 400 571 645 665 751 762 988 1025 1073 1095 1105 1130 1226 1247 1283 1307 1509 1510 1532 1544 1553 1560 1578 1594 1603 1634 1760 1839 1866 1891 1894 1933 1944 1971
Compactness: 2632.418099
Weights: 503.000000 8114.000000 2261.000000
Center Node: 1603

District 40
Nodes: 67 114 193 275 384 401 448 545 559 579 584 637 651 662 765 772 827 837 865 903 922 959 962 1018 1045 1161 1204 1210 1227 1244 1284 1404 1468 1479 1548 1568 1580 1607 1798 1820 1852 1927
Compactness: 2600.101341
Weights: 467.000000 8276.000000 2402.000000
Center Node: 637

District 41
Nodes: 11 21 84 120 148 209 274 325 417 419 615 679 687 835 862 896 924 933 934 1000 1048 1055 1078 1080 1239 1253 1308 1355 1382 1406 1446 1614 1641 1805 1823 1998
Compactness: 1778.090451
Weights: 460.000000 8161.000000 2409.000000
Center Node: 1355

District 42
Nodes: 41 152 154 305 330 368 415 454 465 483 512 519 692 817 872 889 945 1019 1035 1100 1117 1177 1179 1183 1214 1310 1336 1364 1374 1450 1474 1592 1623 1691 1777 1835 1848 1903 1905 1948
Compactness: 2474.384726
Weights: 512.000000 7909.000000 2295.000000
Center Node: 1179

District 43
Nodes: 15 25 39 68 107 174 185 186 271 393 421 478 502 554 633 641 776 885 958 966 972 985 1097 1163 1166 1312 1327 1454 1469 1596 1646 1674 1732 1776 1796 1940 1953 1994
Compactness: 2024.927669
Weights: 477.000000 7902.000000 2162.000000
Center Node: 972

District 44
Nodes: 30 37 112 155 248 269 326 409 463 518 538 582 591 684 703 740 748 785 890 964 1017 1122 1131 1141 1156 1175 1220 1235 1550 1569 1624 1625 1700 1754 1807 1834 1845 1949 1959 1961
Compactness: 2406.350968
Weights: 486.000000 8198.000000 2286.000000
Center Node: 1141

District 45
Nodes: 98 110 169 263 309 364 565 576 577 578 618 644 735 747 857 992 1006 1034 1061 1120 1211 1248 1300 1359 1540 1591 1602 1635 1636 1710 1770 1780 1828 1831 1840 1886 1888 1938 1986 1990 1996
Compactness: 2298.698597
Weights: 466.000000 8176.000000 2385.000000
Center Node: 735

District 46
Nodes: 4 60 124 134 212 260 282 312 422 501 504 510 701 759 798 878 969 974 1054 1071 1151 1251 1294 1332 1349 1380 1392 1397 1421 1457 1459 1504 1678 1680 1724 1746 1778 1811 1814
Compactness: 2680.013739
Weights: 478.000000 8689.000000 2270.000000
Center Node: 974

District 47
Nodes: 99 133 158 298 354 449 494 521 542 658 689 739 773 782 786 787 805 808 859 912 1059 1139 1142 1146 1259 1302 1326 1354 1524 1551 1579 1626 1631 1650 1670 1719 1737 1773 1889 1917
Compactness: 7975.909261
Weights: 428.000000 8687.000000 2190.000000
Center Node: 1631

District 48
Nodes: 111 151 252 445 525 643 669 673 694 707 720 722 769 788 811 841 854 1028 1053 1060 1064 1106 1153 1305 1323 1343 1379 1396 1417 1475 1495 1507 1515 1576 1610 1712 1748 1825 1841 1960 1988
Compactness: 2718.126812
Weights: 446.000000 8047.000000 2426.000000
Center Node: 1576

District 49
Nodes: 92 139 156 235 284 315 370 381 391 392 424 434 568 588 593 603 616 638 639 870 914 927 1039 1052 1102 1150 1252 1258 1271 1272 1276 1278 1293 1362 1384 1441 1567 1752 1799 1868 1929 1966
Compactness: 3023.940284
Weights: 496.000000 8300.000000 2267.000000
Center Node: 639

District 50
Nodes: 54 61 65 175 200 213 233 286 416 423 543 596 617 696 766 778 800 831 935 996 1014 1015 1030 1145 1176 1206 1269 1289 1429 1445 1462 1518 1555 1597 1703 1755 1768 1885
Compactness: 2420.493209
Weights: 402.000000 8695.000000 2407.000000
Center Node: 1269
