BalanceViolation 3532.362000
AffinityLoss 0.000000
Compactness 30897.545825

District 1
Nodes: 69 90 120 187 216 335 363 377 396 438 481
Compactness: 568.123740
Weights: 108.000000 2261.000000 558.000000
Center Node: 90

District 2
Nodes: 13 72 77 112 128 262 266 298 466
Compactness: 323.174667
Weights: 80.000000 1931.000000 645.000000
Center Node: 266

District 3
Nodes: 38 70 131 143 261 273 280 291 313 419
Compactness: 559.956446
Weights: 96.000000 2153.000000 543.000000
Center Node: 280

District 4
Nodes: 22 79 86 89 189 229 321 433 472 474 490
Compactness: 538.179248
Weights: 116.000000 1873.000000 562.000000
Center Node: 433

District 5
Nodes: 45 66 113 204 256 301 304 333 458
Compactness: 434.516334
Weights: 137.000000 1951.000000 532.000000
Center Node: 304

District 6
Nodes: 23 36 59 81 115 118 217 240 394 423 489
Compactness: 649.949861
Weights: 118.000000 2138.000000 642.000000
Center Node: 23

District 7
Nodes: 84 99 114 308 369 384 385 426 464 487 494
Compactness: 629.504754
Weights: 147.000000 2110.000000 553.000000
Center Node: 84

District 8
Nodes: 25 96 102 190 278 284 409 420 429
Compactness: 756.297927
Weights: 105.000000 2033.000000 615.000000
Center Node: 102

District 9
Nodes: 30 52 119 179 184 230 252 305 329
Compactness: 415.152892
Weights: 112.000000 2023.000000 574.000000
Center Node: 179

District 10
Nodes: 47 74 126 224 236 277 279 317 331 346
Compactness: 628.871152
Weights: 121.000000 2150.000000 627.000000
Center Node: 47

District 11
Nodes: 31 48 163 191 287 354 386 412 418
Compactness: 597.714410
Weights: 98.000000 2221.000000 526.000000
Center Node: 354

District 12
Nodes: 83 100 202 211 318 365 368 441 476
Compactness: 362.364266
Weights: 123.000000 2029.000000 502.000000
Center Node: 476

District 13
Nodes: 101 124 255 288 324 348 356 425 471 497
Compactness: 523.549178
Weights: 126.000000 2118.000000 628.000000
Center Node: 324

District 14
Nodes: 51 56 62 64 87 136 137 168 181
Compactness: 596.530201
Weights: 117.000000 1832.000000 586.000000
Center Node: 137

District 15
Nodes: 26 55 82 167 219 296 379 413 417
Compactness: 614.182417
Weights: 111.000000 2066.000000 557.000000
Center Node: 167

District 16
Nodes: 103 139 174 177 237 244 267 327 398 428 448
Compactness: 812.403857
Weights: 129.000000 1924.000000 685.000000
Center Node: 398

District 17
Nodes: 20 28 132 140 144 272 306 352 378 434 475
Compactness: 1033.554074
Weights: 128.000000 1784.000000 569.000000
Center Node: 378

District 18
Nodes: 11 42 111 165 201 205 243 294 341 391 405
Compactness: 850.655283
Weights: 123.000000 2062.000000 605.000000
Center Node: 294

District 19
Nodes: 9 16 21 197 269 297 387 444 452 463
Compactness: 674.103920
Weights: 106.000000 2138.000000 599.000000
Center Node: 297

District 20
Nodes: 98 145 149 171 188 194 221 300 316 355
Compactness: 582.990158
Weights: 130.000000 2238.000000 604.000000
Center Node: 171

District 21
Nodes: 15 18 35 76 180 307 353 359 397 403 422 473
Compactness: 610.405348
Weights: 136.000000 2208.000000 573.000000
Center Node: 403

District 22
Nodes: 10 39 65 122 158 213 223 309
Compactness: 371.018998
Weights: 107.000000 2181.000000 415.000000
Center Node: 223

District 23
Nodes: 17 159 247 259 290 351 388 401 477 485 492
Compactness: 788.011482
Weights: 107.000000 2131.000000 605.000000
Center Node: 259

District 24
Nodes: 12 57 121 148 186 231 310 311 338 454
Compactness: 525.685261
Weights: 106.000000 2124.000000 526.000000
Center Node: 311

District 25
Nodes: 88 109 133 161 195 344 414 435 462 488 499
Compactness: 580.201181
Weights: 139.000000 1901.000000 546.000000
Center Node: 414

District 26
Nodes: 134 146 192 199 222 228 482 486
Compactness: 524.647451
Weights: 89.000000 1920.000000 350.000000
Center Node: 134

District 27
Nodes: 61 73 130 154 160 245 254 270 345 380
Compactness: 618.790628
Weights: 119.000000 2114.000000 600.000000
Center Node: 130

District 28
Nodes: 4 75 80 215 225 357 371 424 495
Compactness: 571.960012
Weights: 96.000000 2094.000000 603.000000
Center Node: 75

District 29
Nodes: 19 24 125 218 227 239 320 362 393 468 479
Compactness: 659.819883
Weights: 118.000000 2158.000000 563.000000
Center Node: 227

District 30
Nodes: 50 91 157 178 203 220 289 340 366 459
Compactness: 727.260977
Weights: 119.000000 1951.000000 610.000000
Center Node: 340

District 31
Nodes: 78 155 156 164 207 264 285 343 390 407 484 496
Compactness: 759.668434
Weights: 158.000000 2135.000000 579.000000
Center Node: 343

District 32
Nodes: 0 6 34 37 44 142 322 389 404 406 498
Compactness: 665.146037
Weights: 119.000000 2042.000000 594.000000
Center Node: 404

District 33
Nodes: 3 33 40 169 208 257 312 336 392
Compactness: 431.736477
Weights: 93.000000 728.000000 616.000000
Center Node: 208

District 34
Nodes: 14 46 53 170 176 183 233 358 383 445
Compactness: 732.690423
Weights: 114.000000 2145.000000 595.000000
Center Node: 358

District 35
Nodes: 63 93 123 292 319 410 430 451 470 480 483
Compactness: 642.745518
Weights: 112.000000 2096.000000 598.000000
Center Node: 63

District 36
Nodes: 32 97 162 210 281 303 323 361 461
Compactness: 493.609521
Weights: 105.000000 2118.000000 600.000000
Center Node: 210

District 37
Nodes: 67 246 337 370 372 376 381 415 455
Compactness: 997.675191
Weights: 105.000000 2015.000000 513.000000
Center Node: 376

District 38
Nodes: 1 8 141 193 249 263 314 382 421 460 493
Compactness: 594.982963
Weights: 164.000000 1958.000000 613.000000
Center Node: 193

District 39
Nodes: 5 41 60 68 94 106 117 196 241 276 325 431
Compactness: 706.586901
Weights: 126.000000 2099.000000 620.000000
Center Node: 94

District 40
Nodes: 92 105 127 198 234 330 437 447 465
Compactness: 606.789687
Weights: 121.000000 2183.000000 582.000000
Center Node: 465

District 41
Nodes: 27 43 153 172 214 248 260 268 286 299 449
Compactness: 557.985942
Weights: 136.000000 2009.000000 625.000000
Center Node: 299

District 42
Nodes: 29 206 282 326 332 347 350 373 440 446 450 478
Compactness: 859.531125
Weights: 133.000000 2070.000000 606.000000
Center Node: 326

District 43
Nodes: 49 85 108 235 265 274 293 374 375 436
Compactness: 469.271808
Weights: 132.000000 2099.000000 543.000000
Center Node: 293

District 44
Nodes: 175 185 226 251 295 399 411
Compactness: 262.119247
Weights: 78.000000 1998.000000 437.000000
Center Node: 399

District 45
Nodes: 110 129 135 250 328 339 395 408 453
Compactness: 415.902206
Weights: 119.000000 2203.000000 587.000000
Center Node: 110

District 46
Nodes: 7 54 71 138 238 242 315 342 360 402
Compactness: 704.759912
Weights: 100.000000 2085.000000 564.000000
Center Node: 138

District 47
Nodes: 2 107 116 173 182 258 400 442 456 469
Compactness: 772.402809
Weights: 120.000000 2126.000000 617.000000
Center Node: 456

District 48
Nodes: 200 209 253 334 367 416 439 443 467
Compactness: 877.172579
Weights: 118.000000 2109.000000 538.000000
Center Node: 467

District 49
Nodes: 58 95 104 147 152 275 283 432 491
Compactness: 286.053639
Weights: 104.000000 2094.000000 482.000000
Center Node: 104

District 50
Nodes: 150 151 166 212 232 271 302 349 364 427 457
Compactness: 931.139403
Weights: 112.000000 1938.000000 613.000000
Center Node: 271
