BalanceViolation 330.575000
AffinityLoss 0.000000
Compactness 50843.838244

District 1
Nodes: 2 4 46 53 57 85 99 128 146 178 189 191 201 242 247 296 343 362 367 377 381 383 408 434 465 478 495
Compactness: 2550.868405
Weights: 302.000000 5055.000000 1541.000000
Center Node: 189

District 2
Nodes: 39 131 136 147 148 196 205 222 225 227 234 257 278 292 317 320 326 366 368 391 395 421 453 455 474 499
Compactness: 2148.052789
Weights: 364.000000 5539.000000 1395.000000
Center Node: 147

District 3
Nodes: 12 19 26 55 60 64 100 114 123 124 125 145 162 177 182 200 228 241 249 293 306 346 388 426 428 454 472 498
Compactness: 3086.426424
Weights: 325.000000 5538.000000 1461.000000
Center Node: 346

District 4
Nodes: 14 32 37 58 75 94 140 164 167 171 261 281 287 294 299 333 382 392 393 410 431 441 466 468 475 487
Compactness: 4699.351485
Weights: 299.000000 5105.000000 1567.000000
Center Node: 32

District 5
Nodes: 29 56 82 87 111 119 127 144 155 158 184 192 210 235 237 244 269 277 319 363 387 429 483 485
Compactness: 2248.214985
Weights: 316.000000 5553.000000 1378.000000
Center Node: 485

District 6
Nodes: 20 33 44 66 121 165 169 183 186 190 193 209 236 262 264 276 288 314 334 361 396 424 443 456 462
Compactness: 2833.882225
Weights: 323.000000 5103.000000 1541.000000
Center Node: 334

District 7
Nodes: 89 98 141 157 161 185 206 211 226 230 233 243 259 301 304 321 322 323 338 340 347 354 357 407 422 446 450 460
Compactness: 2845.686880
Weights: 335.000000 5544.000000 1343.000000
Center Node: 259

District 8
Nodes: 38 48 61 63 81 139 152 166 174 245 260 274 275 303 307 308 315 328 370 414 436 448 491
Compactness: 2084.350898
Weights: 283.000000 5485.000000 1406.000000
Center Node: 448

District 9
Nodes: 0 25 43 51 67 80 90 91 97 109 117 173 224 239 252 254 386 404 419 438 458 470 484 492
Compactness: 2036.288597
Weights: 315.000000 5028.000000 1542.000000
Center Node: 239

District 10
Nodes: 13 65 68 74 76 79 112 129 134 150 175 181 197 279 290 297 318 349 374 385 398 417 437 490
Compactness: 2603.224452
Weights: 326.000000 5022.000000 1451.000000
Center Node: 74

District 11
Nodes: 1 28 35 88 105 106 154 172 212 216 218 221 238 248 250 253 270 289 331 364 433 445 449 452 471 497
Compactness: 2131.659789
Weights: 282.000000 5493.000000 1392.000000
Center Node: 218

District 12
Nodes: 6 8 22 69 108 132 195 198 280 282 309 341 345 355 384 394 413 430 461 464 476 477 488 493
Compactness: 2177.878333
Weights: 309.000000 5057.000000 1562.000000
Center Node: 341

District 13
Nodes: 5 10 50 70 96 115 130 168 188 265 268 271 291 313 329 330 337 350 352 358 371 372 380 397 480 489
Compactness: 2286.612125
Weights: 322.000000 5021.000000 1555.000000
Center Node: 313

District 14
Nodes: 15 17 110 122 135 187 194 203 214 217 272 284 286 325 344 360 402 420 447 467 479 482
Compactness: 2279.502743
Weights: 298.000000 5239.000000 1438.000000
Center Node: 217

District 15
Nodes: 7 18 21 92 104 107 137 163 199 258 266 312 327 336 339 342 351 359 365 369 406 411 425 444 496
Compactness: 2048.618208
Weights: 326.000000 5475.000000 1424.000000
Center Node: 342

District 16
Nodes: 16 27 45 78 83 84 101 118 138 142 151 176 202 229 300 305 316 353 376 405 432 457 494
Compactness: 1697.316172
Weights: 270.000000 5444.000000 1472.000000
Center Node: 316

District 17
Nodes: 3 11 24 30 34 49 113 120 143 160 180 232 267 298 302 324 356 400 412 451 469 481
Compactness: 1940.912943
Weights: 260.000000 5390.000000 1415.000000
Center Node: 34

District 18
Nodes: 36 40 41 72 73 102 116 126 153 170 179 208 231 240 246 256 285 348 378 416 423 439 459 473 486
Compactness: 3474.490592
Weights: 298.000000 5283.000000 1549.000000
Center Node: 416

District 19
Nodes: 59 62 71 93 95 103 133 149 159 213 220 223 263 273 283 295 332 373 375 389 390 401 418 427 435 442
Compactness: 2758.091280
Weights: 298.000000 5365.000000 1531.000000
Center Node: 375

District 20
Nodes: 9 23 31 42 47 52 54 77 86 156 204 207 215 219 251 255 310 311 335 379 399 403 409 415 440 463
Compactness: 2912.408917
Weights: 281.000000 4979.000000 1551.000000
Center Node: 204
