BalanceViolation 1170.331000
AffinityLoss 1855.000000
Compactness 68243.960524

District 1
Nodes: 73 176 193 230 336 383 445 486 496 546 626 777 793 823 829 848 875 879 931 936 993
Compactness: 1118.489587
Weights: 232.000000 4419.000000 1186.000000
Center Node: 993

District 2
Nodes: 7 9 31 79 103 139 160 297 416 470 523 566 673 719 738 745 834 877 908 935 953 971 982
Compactness: 4998.007760
Weights: 280.000000 4411.000000 1137.000000
Center Node: 673

District 3
Nodes: 30 68 179 269 271 277 323 379 427 465 554 593 604 718 749 762 791 817 820
Compactness: 1126.842702
Weights: 291.000000 4316.000000 1007.000000
Center Node: 379

District 4
Nodes: 33 155 168 188 214 215 350 452 473 488 509 541 568 650 660 708 747 794 818 919
Compactness: 1361.117230
Weights: 219.000000 4137.000000 958.000000
Center Node: 919

District 5
Nodes: 11 27 59 82 95 115 172 181 210 221 328 342 347 495 639 711 756 757 808
Compactness: 1009.011904
Weights: 248.000000 4183.000000 1207.000000
Center Node: 756

District 6
Nodes: 25 34 92 260 334 358 376 460 494 622 641 788 795 805 867 887 959 973
Compactness: 1033.532640
Weights: 226.000000 4066.000000 1265.000000
Center Node: 25

District 7
Nodes: 1 40 117 121 156 191 194 227 245 249 354 377 407 538 645 710 722 773 954
Compactness: 1416.321622
Weights: 242.000000 4007.000000 1234.000000
Center Node: 245

District 8
Nodes: 14 89 250 356 381 400 404 418 428 453 572 586 693 698 770 778 784 897 930 990
Compactness: 1320.693159
Weights: 248.000000 4140.000000 1246.000000
Center Node: 404

District 9
Nodes: 83 100 125 224 255 363 369 411 474 535 539 560 574 609 666 726 755 811 837 991
Compactness: 1609.978124
Weights: 244.000000 4380.000000 1238.000000
Center Node: 666

District 10
Nodes: 38 62 76 78 149 204 279 288 299 327 378 397 413 431 444 847 870 873 882 945 951
Compactness: 1198.811309
Weights: 232.000000 4022.000000 1276.000000
Center Node: 78

District 11
Nodes: 44 46 50 93 146 173 303 308 403 503 519 620 734 744 752 789 792 813 842 892
Compactness: 1060.306295
Weights: 252.000000 4158.000000 1236.000000
Center Node: 46

District 12
Nodes: 69 178 420 462 485 507 512 544 570 588 643 653 728 826 843 926 938 974 998
Compactness: 1362.637167
Weights: 243.000000 4126.000000 1281.000000
Center Node: 826

District 13
Nodes: 64 122 180 321 325 335 351 489 517 557 579 612 633 655 765 809 839 889 912 934 949
Compactness: 1099.168298
Weights: 271.000000 4055.000000 1247.000000
Center Node: 351

District 14
Nodes: 85 183 184 192 265 380 409 430 435 466 598 636 730 769 796 862 903 939 944 968
Compactness: 1221.335855
Weights: 302.000000 4428.000000 1163.000000
Center Node: 184

District 15
Nodes: 136 138 152 209 458 500 559 615 624 680 735 800 827 859 860 866 878 911 922
Compactness: 1101.904273
Weights: 211.000000 4028.000000 1240.000000
Center Node: 136

District 16
Nodes: 16 129 137 164 231 262 457 483 531 573 603 606 613 614 685 906 914 975 981
Compactness: 822.632333
Weights: 226.000000 4345.000000 1266.000000
Center Node: 483

District 17
Nodes: 41 70 101 242 296 366 426 469 562 581 662 687 700 709 713 729 742 763 776 831 835
Compactness: 1026.249258
Weights: 235.000000 4272.000000 1242.000000
Center Node: 713

District 18
Nodes: 17 28 116 304 316 319 320 339 438 449 498 514 536 618 674 682 690 695 810 864 874 902 947
Compactness: 1386.606536
Weights: 253.000000 4180.000000 1210.000000
Center Node: 810

District 19
Nodes: 8 71 208 238 385 440 471 526 596 597 664 675 696 697 767 846 853 880 925 983 984 985
Compactness: 1659.252513
Weights: 260.000000 4023.000000 1240.000000
Center Node: 526

District 20
Nodes: 75 119 305 359 422 454 468 510 525 532 575 577 583 721 737 774 802 844 872 910
Compactness: 1138.833242
Weights: 284.000000 4465.000000 1141.000000
Center Node: 872

District 21
Nodes: 86 142 157 315 324 395 408 412 506 556 591 629 656 681 890 924 940 950 957 960
Compactness: 3039.868163
Weights: 246.000000 4130.000000 1217.000000
Center Node: 395

District 22
Nodes: 88 131 135 251 254 289 442 497 515 550 628 644 647 661 725 727 761 781 833 841 852
Compactness: 1074.170783
Weights: 258.000000 4102.000000 1164.000000
Center Node: 852

District 23
Nodes: 15 19 53 145 171 222 239 357 384 387 405 439 571 587 658 669 816 933 948
Compactness: 1055.982009
Weights: 222.000000 4257.000000 987.000000
Center Node: 384

District 24
Nodes: 65 94 162 163 165 205 292 331 394 450 478 492 548 549 552 594 599 676 712 724 869 989
Compactness: 1350.728193
Weights: 242.000000 4191.000000 1204.000000
Center Node: 549

District 25
Nodes: 10 80 140 189 203 259 264 267 456 505 553 567 631 714 715 720 854 918 921 978 996
Compactness: 2103.503237
Weights: 282.000000 4026.000000 1185.000000
Center Node: 189

District 26
Nodes: 0 109 128 200 244 253 261 302 375 389 398 447 522 582 627 691 766 883 898
Compactness: 1126.146699
Weights: 251.000000 4422.000000 1079.000000
Center Node: 109

District 27
Nodes: 26 48 77 90 185 223 313 344 361 433 476 508 513 601 625 634 646 732 865
Compactness: 1102.867872
Weights: 221.000000 4112.000000 1258.000000
Center Node: 344

District 28
Nodes: 32 37 49 56 97 301 306 310 330 333 386 446 475 484 501 563 758 849 905 929 988
Compactness: 980.596167
Weights: 250.000000 3999.000000 1200.000000
Center Node: 310

District 29
Nodes: 72 106 130 133 256 283 290 295 360 391 564 608 665 678 702 780 785 861 876 913
Compactness: 909.398361
Weights: 225.000000 4091.000000 1203.000000
Center Node: 702

District 30
Nodes: 43 58 60 99 102 114 175 187 229 294 314 349 371 436 482 688 704 705 999
Compactness: 1463.500934
Weights: 220.000000 4365.000000 1231.000000
Center Node: 999

District 31
Nodes: 3 36 39 96 107 108 126 201 388 429 432 434 543 569 595 786 797 821 886 952 992
Compactness: 1087.534736
Weights: 228.000000 4265.000000 1179.000000
Center Node: 432

District 32
Nodes: 23 104 124 170 216 218 291 329 374 415 491 611 638 642 648 701 706 739 754 790 863
Compactness: 1650.315334
Weights: 256.000000 4409.000000 1227.000000
Center Node: 23

District 33
Nodes: 120 159 174 219 232 233 241 373 390 467 632 699 707 723 871 896 943 976 979 986
Compactness: 1269.476860
Weights: 246.000000 4410.000000 1228.000000
Center Node: 390

District 34
Nodes: 45 87 167 197 240 263 322 337 367 396 499 524 584 621 635 751 772 932 969
Compactness: 803.411099
Weights: 251.000000 4049.000000 1269.000000
Center Node: 396

District 35
Nodes: 20 148 161 211 225 257 293 372 540 590 617 677 807 830 838 899 942 961 965 977 997
Compactness: 1307.756155
Weights: 236.000000 4312.000000 1157.000000
Center Node: 807

District 36
Nodes: 13 47 52 67 144 154 199 273 278 368 399 419 463 610 616 649 657 822 832 836 964
Compactness: 1267.176009
Weights: 242.000000 4422.000000 1212.000000
Center Node: 199

District 37
Nodes: 57 123 213 284 332 340 382 414 423 461 477 521 619 743 782 855 901 915 917 941 967 994
Compactness: 1321.923212
Weights: 242.000000 4361.000000 1198.000000
Center Node: 284

District 38
Nodes: 22 74 81 113 182 190 228 285 312 346 364 421 443 637 694 798 907 916 970
Compactness: 1398.020830
Weights: 218.000000 4140.000000 1260.000000
Center Node: 798

District 39
Nodes: 51 66 169 198 298 300 362 425 472 487 542 558 565 667 689 803 851 888 909 920
Compactness: 1239.633154
Weights: 229.000000 4040.000000 1235.000000
Center Node: 66

District 40
Nodes: 5 18 24 134 147 243 280 318 490 502 530 561 592 607 652 881 894 928
Compactness: 1022.855343
Weights: 234.000000 4023.000000 1259.000000
Center Node: 530

District 41
Nodes: 2 21 54 112 118 141 151 270 307 455 493 520 651 679 717 806 868 893 966 995
Compactness: 1964.982552
Weights: 251.000000 4421.000000 1139.000000
Center Node: 806

District 42
Nodes: 143 196 207 276 281 309 311 345 441 527 537 602 630 750 812 819 840 958
Compactness: 1196.787360
Weights: 232.000000 4097.000000 1223.000000
Center Node: 345

District 43
Nodes: 91 220 236 252 348 504 516 547 580 589 671 686 703 746 759 858 937 972
Compactness: 1103.451067
Weights: 231.000000 4321.000000 1221.000000
Center Node: 516

District 44
Nodes: 158 202 226 248 274 341 393 459 528 534 555 578 716 731 736 764 801 891 946
Compactness: 951.788916
Weights: 220.000000 4417.000000 1132.000000
Center Node: 801

District 45
Nodes: 63 110 132 166 186 217 272 317 326 353 401 410 424 518 533 585 670 692 857 885 927
Compactness: 1508.539575
Weights: 257.000000 4335.000000 1167.000000
Center Node: 518

District 46
Nodes: 42 61 98 481 511 545 663 684 748 753 775 804 824 850 923 955 962 987
Compactness: 1127.237128
Weights: 244.000000 4248.000000 1199.000000
Center Node: 775

District 47
Nodes: 4 6 55 84 195 352 437 480 600 623 654 668 733 828 884 904 963 980
Compactness: 1298.536880
Weights: 194.000000 4219.000000 986.000000
Center Node: 84

District 48
Nodes: 29 111 150 206 234 235 247 338 402 406 448 576 640 683 760 771 779 787 814 815 900
Compactness: 1099.166481
Weights: 241.000000 4309.000000 1210.000000
Center Node: 150

District 49
Nodes: 35 105 212 237 258 266 268 286 287 343 355 365 417 451 479 605 741 825 895
Compactness: 1282.891777
Weights: 255.000000 4121.000000 1247.000000
Center Node: 105

District 50
Nodes: 12 127 153 177 246 275 282 370 392 464 529 551 659 672 740 768 783 799 845 856 956
Compactness: 2063.981836
Weights: 283.000000 4268.000000 1188.000000
Center Node: 956
