BalanceViolation 3261.806000
AffinityLoss 970.000000
Compactness 33286.179958

District 1
Nodes: 24 100 239 270 318 365 380 393 441 476
Compactness: 425.911472
Weights: 121.000000 2185.000000 499.000000
Center Node: 100

District 2
Nodes: 67 77 262 284 298 370 372 376 429 466
Compactness: 1835.604742
Weights: 108.000000 2035.000000 645.000000
Center Node: 298

District 3
Nodes: 22 40 79 89 132 229 392 433 472 474 490
Compactness: 639.762675
Weights: 117.000000 1448.000000 654.000000
Center Node: 79

District 4
Nodes: 38 70 131 143 280 291 313
Compactness: 293.786945
Weights: 54.000000 1630.000000 351.000000
Center Node: 313

District 5
Nodes: 2 107 173 182 400 442 456 469 477
Compactness: 643.701244
Weights: 120.000000 2074.000000 557.000000
Center Node: 477

District 6
Nodes: 52 179 184 209 253 334 367 416 467
Compactness: 294.941374
Weights: 113.000000 2088.000000 586.000000
Center Node: 253

District 7
Nodes: 25 102 190 272 278 402 409 417 420
Compactness: 737.475135
Weights: 107.000000 1930.000000 629.000000
Center Node: 102

District 8
Nodes: 78 99 155 157 164 203 207 264 285 289 369 496
Compactness: 791.389026
Weights: 174.000000 2030.000000 602.000000
Center Node: 369

District 9
Nodes: 53 81 176 183 197 217 387 394 423 463
Compactness: 900.528903
Weights: 114.000000 2111.000000 577.000000
Center Node: 53

District 10
Nodes: 29 90 120 187 335 350 363 373 377 396 438 481
Compactness: 569.381351
Weights: 130.000000 2150.000000 568.000000
Center Node: 90

District 11
Nodes: 85 255 288 324 356 425 436 471 497
Compactness: 404.263783
Weights: 100.000000 2070.000000 567.000000
Center Node: 324

District 12
Nodes: 56 57 62 64 121 181 206 410 440 470
Compactness: 596.917085
Weights: 125.000000 1983.000000 604.000000
Center Node: 56

District 13
Nodes: 11 42 106 117 156 165 201 205 224 243 294
Compactness: 728.004160
Weights: 120.000000 2048.000000 597.000000
Center Node: 11

District 14
Nodes: 19 66 113 125 301 304 333 418 439 468
Compactness: 567.120625
Weights: 114.000000 1833.000000 621.000000
Center Node: 439

District 15
Nodes: 48 61 73 130 191 200 287 329 354 386 443
Compactness: 1103.740092
Weights: 145.000000 2142.000000 555.000000
Center Node: 287

District 16
Nodes: 30 134 146 192 199 222 228 321 482 486
Compactness: 878.902855
Weights: 104.000000 2130.000000 491.000000
Center Node: 134

District 17
Nodes: 1 39 122 213 223 249 263 382 415 455 460
Compactness: 651.710535
Weights: 137.000000 2143.000000 574.000000
Center Node: 455

District 18
Nodes: 98 105 135 145 149 194 198 250 316 330
Compactness: 566.942666
Weights: 125.000000 2106.000000 569.000000
Center Node: 194

District 19
Nodes: 26 55 82 148 167 186 219 231 238 379 413
Compactness: 720.095263
Weights: 117.000000 2110.000000 553.000000
Center Node: 26

District 20
Nodes: 20 28 33 140 144 169 208 306 336 352 378 434 475
Compactness: 1080.888286
Weights: 154.000000 2038.000000 654.000000
Center Node: 378

District 21
Nodes: 0 37 44 91 142 178 220 340 366 368 404 498
Compactness: 666.274425
Weights: 145.000000 1970.000000 616.000000
Center Node: 91

District 22
Nodes: 47 74 111 171 188 281 300 317 331
Compactness: 562.494365
Weights: 105.000000 2190.000000 549.000000
Center Node: 188

District 23
Nodes: 175 226 251 295 341 399 405 411
Compactness: 795.980471
Weights: 80.000000 2038.000000 508.000000
Center Node: 341

District 24
Nodes: 15 23 27 43 59 118 172 214 268 286 307
Compactness: 730.825831
Weights: 136.000000 2147.000000 629.000000
Center Node: 118

District 25
Nodes: 8 96 141 193 296 314 353 421 493
Compactness: 321.638467
Weights: 148.000000 2042.000000 655.000000
Center Node: 141

District 26
Nodes: 16 21 49 108 269 293 297 444 452
Compactness: 496.743288
Weights: 109.000000 2122.000000 485.000000
Center Node: 21

District 27
Nodes: 109 119 161 195 282 332 344 347 414 462 478
Compactness: 954.621434
Weights: 121.000000 2039.000000 540.000000
Center Node: 161

District 28
Nodes: 88 92 160 245 254 283 345 435
Compactness: 432.341683
Weights: 103.000000 1972.000000 440.000000
Center Node: 88

District 29
Nodes: 17 69 216 247 258 259 290 351 401 492
Compactness: 550.293842
Weights: 80.000000 2112.000000 556.000000
Center Node: 290

District 30
Nodes: 103 115 139 177 196 237 241 327 428 448
Compactness: 828.093287
Weights: 118.000000 1943.000000 686.000000
Center Node: 103

District 31
Nodes: 9 14 46 101 170 233 240 358 383 489
Compactness: 416.594284
Weights: 115.000000 2002.000000 593.000000
Center Node: 46

District 32
Nodes: 6 34 45 204 256 322 389 406 458
Compactness: 391.687833
Weights: 118.000000 1839.000000 578.000000
Center Node: 322

District 33
Nodes: 3 86 151 189 232 271 302 349 364 427 457
Compactness: 792.149811
Weights: 105.000000 2126.000000 650.000000
Center Node: 427

District 34
Nodes: 7 54 71 93 138 242 315 342 360 430
Compactness: 558.537654
Weights: 102.000000 2107.000000 602.000000
Center Node: 138

District 35
Nodes: 154 163 218 227 320 362 412 479
Compactness: 581.414553
Weights: 90.000000 2019.000000 389.000000
Center Node: 218

District 36
Nodes: 65 112 124 158 235 265 274 309 374 445
Compactness: 720.597569
Weights: 119.000000 2215.000000 573.000000
Center Node: 235

District 37
Nodes: 12 133 310 311 326 338 446 450 454 488 499
Compactness: 763.109415
Weights: 113.000000 2074.000000 590.000000
Center Node: 446

District 38
Nodes: 4 75 126 225 236 279 346 371 424
Compactness: 398.477598
Weights: 112.000000 1997.000000 572.000000
Center Node: 225

District 39
Nodes: 51 87 136 137 150 168 230 252 305
Compactness: 771.722953
Weights: 109.000000 2137.000000 588.000000
Center Node: 87

District 40
Nodes: 97 185 210 303 323 343 390 407 484
Compactness: 679.441275
Weights: 121.000000 1997.000000 614.000000
Center Node: 390

District 41
Nodes: 18 35 36 76 153 180 348 359 397 403 422 473
Compactness: 707.619672
Weights: 122.000000 2149.000000 521.000000
Center Node: 403

District 42
Nodes: 31 58 95 104 147 152 275 432 491
Compactness: 275.333627
Weights: 94.000000 2104.000000 512.000000
Center Node: 104

District 43
Nodes: 80 116 174 215 244 248 260 267 277 299 357 398 449 495
Compactness: 993.823648
Weights: 151.000000 1870.000000 860.000000
Center Node: 260

District 44
Nodes: 83 110 202 211 328 339 395 408
Compactness: 351.263670
Weights: 113.000000 2123.000000 526.000000
Center Node: 110

District 45
Nodes: 5 41 60 68 94 261 273 276 325 391 419 431
Compactness: 561.117320
Weights: 143.000000 2106.000000 566.000000
Center Node: 276

District 46
Nodes: 50 129 308 385 426 453 459 464 494
Compactness: 1157.341804
Weights: 126.000000 2132.000000 600.000000
Center Node: 459

District 47
Nodes: 127 159 234 388 437 447 465 485
Compactness: 638.696568
Weights: 106.000000 2153.000000 489.000000
Center Node: 465

District 48
Nodes: 10 13 72 128 246 266 337 375 381
Compactness: 707.445907
Weights: 95.000000 2107.000000 516.000000
Center Node: 128

District 49
Nodes: 63 123 166 212 257 292 312 319 451 480 483
Compactness: 637.360527
Weights: 123.000000 1936.000000 591.000000
Center Node: 123

District 50
Nodes: 32 84 114 162 221 355 361 384 461 487
Compactness: 412.068963
Weights: 115.000000 2015.000000 578.000000
Center Node: 487
