BalanceViolation 12.650000
AffinityLoss 1341.000000
Compactness 115616.143644

District 1
Nodes: 17 18 31 45 66 71 113 128 150 204 209 252 269 316 326 333 346 374 379 399 407 411 414 435 455 484 535 539 552 566 604 611 636 673 683 689 697 745 773 776 819 831 880 946 952 956 962
Compactness: 5097.360576
Weights: 563.000000 9967.000000 2979.000000
Center Node: 269

District 2
Nodes: 9 20 44 47 70 124 127 136 139 144 153 155 185 201 220 237 251 291 298 299 301 305 308 423 431 440 451 468 475 485 490 543 601 628 637 642 653 658 693 696 706 707 732 736 753 782 822 872 918 923 937 943 959 967 973
Compactness: 10524.260080
Weights: 622.000000 10969.000000 3026.000000
Center Node: 155

District 3
Nodes: 5 16 35 40 49 74 77 78 98 146 176 179 193 203 224 249 276 306 310 320 348 357 371 459 474 528 548 569 571 574 596 619 625 630 667 677 679 685 699 741 742 744 758 780 853 863 875 897 904 913 954
Compactness: 5893.214412
Weights: 566.000000 10694.000000 3070.000000
Center Node: 528

District 4
Nodes: 13 56 65 67 69 75 112 142 143 164 171 189 194 197 198 200 219 295 325 436 442 462 472 498 499 530 532 556 598 600 617 648 670 676 690 705 712 734 784 829 858 859 868 932 938 951 964 977 989
Compactness: 4580.824983
Weights: 625.000000 10045.000000 2877.000000
Center Node: 784

District 5
Nodes: 3 4 22 24 30 64 82 88 97 118 129 145 149 151 215 218 230 234 257 266 288 307 328 380 383 384 434 437 445 448 458 493 495 496 504 513 515 533 536 568 602 781 788 789 804 815 903 921 939
Compactness: 3854.531501
Weights: 605.000000 10297.000000 3009.000000
Center Node: 380

District 6
Nodes: 2 26 55 62 99 104 123 160 214 254 272 278 297 304 334 335 339 350 369 376 406 416 419 447 529 563 565 578 607 635 649 660 688 691 713 720 722 730 757 763 803 805 811 813 820 840 842 862 876 927 933 961 970
Compactness: 5265.589868
Weights: 625.000000 10819.000000 2860.000000
Center Node: 803

District 7
Nodes: 12 79 86 93 121 135 137 158 169 207 208 287 318 337 340 351 378 382 387 395 397 398 402 409 410 412 427 457 487 491 511 524 534 561 579 640 675 710 711 750 774 839 848 850 854 855 874 917 925 963
Compactness: 5375.638600
Weights: 598.000000 10082.000000 2902.000000
Center Node: 93

District 8
Nodes: 21 27 80 106 115 117 140 163 195 239 248 263 300 324 342 352 394 403 405 415 421 422 429 461 466 469 481 545 554 605 622 623 624 643 671 687 692 694 718 726 747 748 777 779 814 870 896 905 920 960 969 974 978 981
Compactness: 6709.267890
Weights: 623.000000 10417.000000 2957.000000
Center Node: 623

District 9
Nodes: 8 11 25 108 130 157 205 211 240 253 255 265 268 270 277 282 367 430 446 454 479 501 502 525 646 654 680 716 725 760 768 778 793 800 861 890 891 894 907 908 909 915 940 941 958 994
Compactness: 5187.286681
Weights: 586.000000 10317.000000 2793.000000
Center Node: 861

District 10
Nodes: 0 19 23 33 53 57 59 81 172 182 221 228 244 273 314 321 359 363 364 381 391 404 456 463 478 483 555 567 577 584 603 616 681 695 721 795 798 817 833 838 882 892 936 945 968 983 986 987 995 996
Compactness: 5198.354238
Weights: 588.000000 10907.000000 3034.000000
Center Node: 463

District 11
Nodes: 14 32 41 60 72 87 103 165 206 233 250 259 261 275 286 312 317 331 344 345 355 372 392 426 432 453 473 509 516 523 553 629 645 666 704 731 740 756 759 765 790 816 818 826 893 901 919 928 942
Compactness: 5248.337751
Weights: 625.000000 10295.000000 2819.000000
Center Node: 942

District 12
Nodes: 34 48 54 96 102 122 188 210 217 223 225 271 285 302 315 338 343 362 373 460 494 512 522 594 621 634 652 655 663 665 668 700 702 772 775 801 802 827 837 852 865 867 881 883 902 916 944 950
Compactness: 4355.541906
Weights: 571.000000 10405.000000 3009.000000
Center Node: 54

District 13
Nodes: 39 46 162 168 232 243 246 267 279 283 294 319 323 347 356 358 361 375 385 449 476 480 486 507 508 531 551 557 558 559 576 590 609 613 656 659 664 672 678 723 755 834 847 886 910 914 980 984
Compactness: 4849.439610
Weights: 617.000000 9970.000000 2877.000000
Center Node: 664

District 14
Nodes: 36 43 50 58 61 63 125 126 132 141 170 180 191 199 227 236 274 280 284 309 327 330 341 353 360 377 441 492 541 546 549 560 573 586 614 618 620 641 650 651 657 686 709 715 738 746 771 787 791 796 888 906 911 922 934 957
Compactness: 11977.022152
Weights: 573.000000 10860.000000 3020.000000
Center Node: 170

District 15
Nodes: 51 73 76 90 91 92 101 159 173 174 178 187 212 292 293 303 349 408 424 433 444 471 477 489 500 526 547 572 582 583 610 612 627 698 701 708 724 729 735 762 797 806 828 832 835 884 887 930 979
Compactness: 5289.187543
Weights: 623.000000 11000.000000 2829.000000
Center Node: 828

District 16
Nodes: 37 85 89 120 147 156 183 192 216 256 258 290 322 389 400 425 443 450 467 488 514 517 527 540 570 589 591 633 669 703 739 751 770 799 825 846 851 856 869 889 926 935 947 948 953 955 982 998
Compactness: 6175.720937
Weights: 564.000000 10537.000000 2905.000000
Center Node: 856

District 17
Nodes: 1 15 29 68 83 109 110 111 166 177 184 190 226 229 231 238 241 370 417 418 452 470 580 597 599 631 639 644 682 727 737 743 754 766 783 808 844 845 857 873 878 879 898 899 929 966 972 976 985 999
Compactness: 4382.578328
Weights: 562.000000 11000.000000 2980.000000
Center Node: 83

District 18
Nodes: 6 28 42 94 131 161 181 222 235 242 262 289 296 313 332 354 368 388 401 464 506 519 521 537 544 564 588 593 595 608 626 632 661 684 719 749 752 785 809 810 823 849 866 877 895 900 965 975 990
Compactness: 4770.694464
Weights: 587.000000 9953.000000 2845.000000
Center Node: 6

District 19
Nodes: 10 84 100 107 114 138 152 186 213 245 247 264 311 329 336 365 390 393 420 428 438 439 482 505 518 550 575 581 587 592 606 638 662 674 714 728 761 764 767 769 794 821 824 836 860 864 912 931 949 991 992
Compactness: 5496.718286
Weights: 626.000000 10900.000000 3058.000000
Center Node: 864

District 20
Nodes: 7 38 52 95 105 116 119 133 134 148 154 167 175 196 202 260 281 366 386 396 413 465 497 503 510 520 538 542 562 585 615 647 717 733 786 792 807 812 830 841 843 871 885 924 971 988 993 997
Compactness: 5384.573839
Weights: 586.000000 10101.000000 2793.000000
Center Node: 386
