BalanceViolation 52.780000
AffinityLoss 3351.000000
Compactness 227350.052027

District 1
Nodes: 43 58 59 70 77 135 171 215 219 230 264 292 341 367 373 475 483 514 525 544 548 566 606 623 624 651 662 685 732 743 749 773 781 792 793 804 809 845 871 903 938 944 976 982 988 1101 1117 1143 1157 1161 1183 1192 1233 1235 1248 1257 1276 1293 1309 1329 1333 1336 1341 1346 1353 1354 1380 1458 1481 1486 1545 1570 1574 1588 1590 1605 1607 1669 1677 1682 1694 1716 1775 1777 1780 1790 1798 1876 1886 1894 1902 1904 1928 1934 1982
Compactness: 10838.785235
Weights: 1085.000000 20033.000000 6086.000000
Center Node: 230

District 2
Nodes: 15 22 38 65 115 151 166 182 209 231 234 237 260 265 311 312 314 327 343 347 416 427 432 433 440 447 485 487 541 543 556 572 579 611 626 682 688 724 728 737 751 816 862 884 894 920 939 940 945 990 1001 1004 1023 1027 1031 1048 1078 1168 1200 1204 1251 1266 1269 1298 1326 1367 1383 1394 1395 1404 1410 1429 1464 1471 1520 1525 1537 1566 1569 1620 1639 1656 1703 1706 1715 1749 1754 1758 1766 1769 1770 1785 1793 1827 1834 1920 1922 1930 1931 1952 1964 1984
Compactness: 10146.617328
Weights: 1214.000000 21641.000000 5516.000000
Center Node: 543

District 3
Nodes: 1 20 35 41 45 112 127 132 137 154 164 178 207 216 226 233 248 296 303 307 317 333 349 399 400 466 506 547 578 591 594 610 616 619 621 632 641 648 678 693 785 833 858 863 872 897 925 947 967 972 989 1000 1005 1033 1035 1045 1046 1070 1072 1128 1162 1163 1176 1187 1194 1221 1231 1237 1264 1289 1290 1295 1318 1331 1373 1376 1415 1417 1445 1485 1499 1554 1562 1614 1617 1618 1637 1640 1658 1668 1671 1722 1796 1861 1872 1917 1936 1957 1975
Compactness: 9454.041023
Weights: 1175.000000 19856.000000 5805.000000
Center Node: 1231

District 4
Nodes: 3 27 99 104 106 124 129 130 147 179 241 286 288 310 313 332 358 363 424 454 465 477 488 493 517 529 536 545 565 587 637 655 656 672 687 736 740 780 811 819 829 874 942 959 965 975 1007 1016 1053 1086 1087 1091 1103 1120 1137 1186 1211 1213 1227 1242 1259 1294 1313 1330 1348 1402 1421 1426 1431 1436 1443 1444 1452 1476 1489 1492 1533 1544 1549 1572 1599 1651 1665 1687 1711 1786 1787 1794 1808 1811 1823 1833 1868 1901 1935 1970 1972
Compactness: 9250.440847
Weights: 1188.000000 19866.000000 5761.000000
Center Node: 655

District 5
Nodes: 7 9 34 54 89 98 161 186 258 279 295 326 354 406 411 418 420 428 445 448 470 502 508 535 550 557 592 608 615 633 657 669 694 718 738 755 796 797 807 812 852 853 864 868 923 941 951 962 977 1062 1083 1108 1131 1149 1164 1181 1185 1203 1205 1206 1214 1249 1262 1286 1292 1304 1306 1337 1343 1364 1366 1384 1390 1392 1411 1430 1439 1497 1498 1514 1528 1546 1564 1597 1600 1624 1638 1685 1690 1710 1731 1750 1774 1797 1850 1873 1889 1900 1910 1926 1937 1938 1949 1979
Compactness: 9552.056161
Weights: 1248.000000 21609.000000 6025.000000
Center Node: 406

District 6
Nodes: 29 40 53 96 116 125 160 172 211 213 224 306 315 323 389 429 434 457 479 494 518 537 584 589 597 604 614 625 699 721 731 739 761 786 790 831 849 859 881 899 928 930 943 957 987 999 1038 1075 1092 1106 1111 1140 1153 1178 1196 1208 1226 1245 1285 1305 1340 1359 1379 1389 1396 1400 1409 1454 1483 1490 1502 1539 1571 1580 1587 1592 1613 1630 1635 1672 1673 1689 1702 1773 1782 1810 1825 1877 1878 1881 1919 1944 1953
Compactness: 8268.739010
Weights: 1157.000000 19869.000000 5514.000000
Center Node: 1592

District 7
Nodes: 12 23 72 84 107 131 169 173 196 220 235 240 259 263 276 289 290 328 346 365 377 383 388 417 430 462 474 500 558 562 596 609 620 640 643 653 690 695 698 745 768 782 823 824 835 838 841 860 886 973 981 985 1006 1008 1029 1032 1034 1042 1043 1044 1063 1066 1079 1105 1116 1152 1236 1246 1279 1287 1323 1372 1406 1424 1427 1441 1455 1531 1541 1547 1557 1560 1602 1619 1623 1650 1653 1664 1713 1763 1812 1819 1822 1859 1863 1890 1899 1912 1940 1963 1966 1981
Compactness: 20801.514464
Weights: 1247.000000 21858.000000 6027.000000
Center Node: 620

District 8
Nodes: 2 11 21 33 61 93 114 117 123 133 191 193 199 201 206 223 238 270 305 318 322 324 344 355 364 378 398 408 415 426 492 497 503 516 568 593 711 715 767 770 801 814 836 848 851 922 960 963 964 966 984 1096 1109 1122 1139 1173 1195 1207 1283 1299 1301 1312 1314 1315 1342 1352 1355 1428 1451 1465 1482 1484 1509 1534 1576 1591 1612 1622 1644 1652 1660 1662 1667 1680 1686 1688 1723 1741 1743 1818 1826 1828 1836 1887 1907 1924 1932 1933 1942 1951 1967 1986
Compactness: 14912.146885
Weights: 1253.000000 19901.000000 6085.000000
Center Node: 2

District 9
Nodes: 18 63 79 86 100 145 146 170 187 194 225 308 309 320 339 353 371 384 397 469 471 530 538 552 634 646 654 658 670 676 701 762 764 765 766 769 777 787 788 803 806 820 873 878 880 888 890 898 908 933 956 986 1014 1017 1040 1051 1052 1080 1107 1114 1132 1160 1171 1184 1188 1193 1209 1215 1218 1223 1232 1244 1271 1284 1322 1349 1362 1371 1457 1477 1478 1495 1516 1540 1558 1577 1589 1643 1704 1705 1709 1725 1765 1771 1776 1801 1838 1866 1943 1968
Compactness: 8155.653115
Weights: 1208.000000 20935.000000 6044.000000
Center Node: 1371

District 10
Nodes: 16 68 101 121 143 157 162 167 198 229 249 255 271 304 334 342 357 390 394 402 404 413 425 435 451 490 491 505 521 599 605 622 644 667 675 702 720 756 757 759 779 799 802 805 810 854 875 907 909 918 927 934 937 970 971 991 1002 1010 1011 1061 1067 1076 1094 1115 1134 1138 1146 1243 1247 1258 1300 1325 1351 1391 1397 1401 1414 1434 1437 1461 1463 1468 1518 1522 1536 1559 1608 1647 1661 1666 1683 1697 1699 1719 1737 1751 1772 1783 1804 1892 1896 1906 1989
Compactness: 10012.409746
Weights: 1221.000000 21614.000000 5545.000000
Center Node: 1896

District 11
Nodes: 32 36 42 52 56 60 66 78 82 88 91 102 126 136 149 177 180 205 262 282 330 374 395 410 419 461 560 564 575 598 630 645 647 659 666 700 708 734 741 758 775 776 784 826 850 855 856 867 883 887 902 912 946 969 1022 1084 1093 1102 1104 1124 1165 1166 1172 1175 1191 1240 1253 1254 1280 1291 1311 1344 1356 1370 1382 1438 1440 1450 1466 1470 1548 1585 1596 1598 1603 1604 1657 1675 1735 1761 1779 1799 1829 1847 1854 1856 1857 1862 1864 1897 1909 1915 1945 1954 1971 1994 1997
Compactness: 14368.413468
Weights: 1255.000000 21684.000000 6057.000000
Center Node: 52

District 12
Nodes: 6 67 81 85 110 119 140 176 189 268 275 287 325 340 345 372 375 396 412 414 423 431 439 473 476 486 510 513 524 533 546 555 559 561 567 574 590 602 652 665 679 683 726 727 754 771 772 794 795 889 931 935 936 954 993 997 1036 1073 1081 1095 1121 1133 1148 1177 1180 1225 1239 1252 1260 1263 1307 1350 1369 1377 1398 1405 1408 1433 1447 1453 1575 1581 1606 1674 1684 1695 1729 1733 1762 1816 1883 1885 1891 1916 1923 1948 1960 1961 1962 1969 1974 1991 1992
Compactness: 9303.503419
Weights: 1135.000000 21842.000000 5817.000000
Center Node: 652

District 13
Nodes: 10 47 57 109 120 134 156 184 195 203 204 214 217 242 277 285 300 368 387 442 443 455 467 489 509 515 523 585 617 618 671 673 691 713 753 774 798 817 825 865 901 911 916 924 952 995 1110 1150 1158 1174 1182 1216 1217 1222 1238 1255 1270 1332 1361 1368 1378 1381 1386 1399 1423 1432 1449 1469 1473 1480 1503 1511 1529 1553 1615 1621 1625 1627 1629 1631 1632 1641 1720 1748 1768 1821 1839 1848 1851 1860 1865 1882 1888 1921 1958 1973 1980 1990
Compactness: 9819.271116
Weights: 1152.000000 19836.000000 5649.000000
Center Node: 1921

District 14
Nodes: 14 19 62 69 76 87 141 153 192 236 239 251 252 266 267 278 297 381 386 401 421 460 480 482 511 512 519 571 627 628 638 661 703 705 712 716 729 735 742 750 760 830 832 837 842 844 900 905 913 998 1015 1021 1025 1041 1047 1077 1123 1126 1129 1135 1167 1169 1199 1229 1230 1297 1302 1308 1334 1358 1360 1418 1420 1425 1467 1472 1474 1475 1494 1510 1550 1555 1563 1565 1584 1616 1655 1681 1714 1730 1734 1745 1752 1759 1764 1767 1800 1814 1820 1830 1835 1842 1869 1874 1884 1918 1927 1985
Compactness: 17048.528192
Weights: 1247.000000 21065.000000 6016.000000
Center Node: 661

District 15
Nodes: 0 28 30 74 92 97 128 138 159 175 197 212 227 243 246 257 280 283 298 352 362 392 407 437 444 452 468 581 588 639 663 668 686 704 707 722 730 763 778 789 808 813 843 847 893 929 932 958 961 980 983 1055 1071 1100 1127 1130 1142 1156 1159 1170 1179 1228 1268 1274 1296 1321 1338 1385 1419 1532 1586 1593 1595 1636 1663 1676 1698 1707 1753 1756 1807 1831 1840 1852 1867 1870 1871 1898 1905 1925 1950 1959 1978 1983
Compactness: 7204.672776
Weights: 1151.000000 20502.000000 5587.000000
Center Node: 138

District 16
Nodes: 24 25 26 31 44 46 49 83 152 155 163 165 181 210 256 299 316 319 321 335 359 361 391 409 422 436 449 450 456 458 484 495 520 526 528 532 540 569 600 607 612 649 706 733 747 822 846 877 891 904 910 914 948 1009 1020 1024 1026 1028 1054 1089 1118 1119 1197 1224 1278 1281 1317 1375 1412 1413 1422 1496 1504 1505 1508 1524 1594 1628 1642 1645 1659 1717 1727 1728 1739 1760 1784 1806 1817 1832 1837 1843 1844 1855 1875 1879 1895 1946 1976
Compactness: 8650.386458
Weights: 1140.000000 21637.000000 5893.000000
Center Node: 1020

District 17
Nodes: 55 80 144 150 190 208 218 245 247 250 284 294 331 336 338 356 360 446 481 507 534 554 573 580 613 660 710 719 744 783 818 827 839 866 892 949 950 968 994 1018 1037 1056 1060 1088 1090 1097 1099 1147 1155 1202 1256 1277 1282 1310 1319 1320 1324 1345 1387 1393 1416 1442 1448 1456 1459 1462 1488 1523 1543 1567 1568 1579 1601 1610 1633 1634 1649 1670 1691 1693 1701 1718 1721 1788 1792 1809 1841 1893 1914 1939 1947 1956 1965 1993 1995 1998
Compactness: 12256.869117
Weights: 1137.000000 20254.000000 5658.000000
Center Node: 719

District 18
Nodes: 17 48 51 71 73 94 103 113 118 142 188 272 281 293 301 366 376 380 382 385 393 438 453 464 496 499 531 539 551 553 570 583 586 629 650 674 689 709 717 791 815 834 840 879 885 919 955 996 1003 1030 1049 1058 1059 1064 1065 1068 1144 1151 1154 1201 1212 1234 1241 1250 1265 1273 1316 1335 1339 1363 1388 1403 1487 1506 1512 1513 1515 1519 1526 1538 1552 1561 1583 1646 1648 1708 1726 1740 1742 1746 1755 1757 1795 1824 1845 1849 1880 1911 1977 1999
Compactness: 10887.101873
Weights: 1214.000000 20066.000000 5784.000000
Center Node: 1212

District 19
Nodes: 13 37 64 75 90 105 122 158 183 202 221 228 232 253 254 269 273 274 291 302 348 369 379 463 472 522 542 549 563 577 595 601 636 642 677 680 684 696 748 821 828 857 861 869 870 876 882 895 915 917 926 953 978 992 1050 1057 1069 1082 1098 1113 1136 1141 1189 1219 1261 1267 1275 1303 1328 1357 1365 1374 1435 1446 1491 1501 1517 1527 1542 1573 1582 1678 1692 1696 1700 1724 1778 1802 1803 1805 1813 1846 1853 1913 1929 1941 1955 1988
Compactness: 10456.560178
Weights: 1247.000000 20824.000000 5568.000000
Center Node: 1501

District 20
Nodes: 4 5 8 39 50 95 108 111 139 148 168 174 185 200 222 244 261 329 337 350 351 370 403 405 441 459 478 498 501 504 527 576 582 603 631 635 664 681 692 697 714 723 725 746 752 800 896 906 921 974 979 1012 1013 1019 1039 1074 1085 1112 1125 1145 1190 1198 1210 1220 1272 1288 1327 1347 1407 1460 1479 1493 1500 1507 1521 1530 1535 1551 1556 1578 1609 1611 1626 1654 1679 1712 1732 1736 1738 1744 1747 1781 1789 1791 1815 1858 1903 1908 1987 1996
Compactness: 15962.341616
Weights: 1250.000000 21618.000000 5630.000000
Center Node: 1272
