BalanceViolation 594.346000
AffinityLoss 3848.000000
Compactness 127104.076781

District 1
Nodes: 4 9 20 84 91 103 161 315 396 405 406 452 490 517 575 587 621 652 705 873 874 890 914 925 966 1014 1060 1074 1143 1172 1308 1309 1615 1749 1763 1798 1800 1851 1920 1984
Compactness: 2405.158602
Weights: 501.000000 7874.000000 2344.000000
Center Node: 925

District 2
Nodes: 66 107 136 227 251 331 400 407 436 454 522 557 592 654 682 717 720 855 908 912 923 942 947 1007 1023 1106 1132 1191 1220 1234 1289 1310 1419 1712 1738 1771 1772 1790 1797 1802 1820 1923 1952 1980
Compactness: 3266.540038
Weights: 537.000000 8556.000000 2132.000000
Center Node: 1023

District 3
Nodes: 6 40 62 130 194 206 221 228 277 413 536 542 578 616 649 695 774 816 849 902 965 1024 1099 1126 1128 1165 1206 1222 1315 1339 1436 1453 1610 1669 1691 1713 1719 1754 1793 1796 1955 1965
Compactness: 2455.902752
Weights: 464.000000 8721.000000 2143.000000
Center Node: 130

District 4
Nodes: 14 96 117 141 397 438 459 474 531 617 640 683 719 761 828 858 896 992 1148 1230 1283 1342 1369 1391 1406 1410 1508 1525 1526 1544 1578 1688 1693 1724 1750 1806 1847 1901 1916 1949 1970 1985
Compactness: 2687.351589
Weights: 545.000000 7945.000000 2244.000000
Center Node: 438

District 5
Nodes: 16 106 116 172 268 294 313 372 379 524 530 540 635 710 723 758 847 887 900 924 949 1002 1042 1081 1103 1141 1159 1163 1185 1197 1226 1279 1439 1519 1539 1664 1698 1795 1812 1844 1924 1957 1981 1999
Compactness: 3075.191068
Weights: 499.000000 8719.000000 2353.000000
Center Node: 313

District 6
Nodes: 27 39 142 157 162 181 239 291 339 383 395 468 560 577 636 704 762 810 842 854 936 956 1004 1100 1118 1329 1350 1352 1364 1434 1480 1489 1516 1534 1582 1653 1673 1726 1782 1815 1926
Compactness: 3154.196475
Weights: 456.000000 8643.000000 2367.000000
Center Node: 842

District 7
Nodes: 13 68 80 149 175 231 236 280 367 471 569 589 596 625 630 735 743 744 746 777 779 856 893 986 1032 1057 1062 1177 1199 1248 1300 1355 1546 1558 1562 1619 1633 1644 1831 1862 1936 1964
Compactness: 2159.273394
Weights: 494.000000 8206.000000 2334.000000
Center Node: 596

District 8
Nodes: 53 109 243 248 292 306 308 333 347 386 462 497 533 703 755 757 837 861 863 895 1009 1010 1085 1091 1092 1104 1123 1156 1190 1270 1372 1431 1449 1477 1559 1614 1701 1737 1757 1859 1899 1962
Compactness: 2710.624134
Weights: 499.000000 7916.000000 2362.000000
Center Node: 1431

District 9
Nodes: 33 94 139 253 429 460 466 508 513 733 740 767 795 843 864 881 907 1012 1025 1040 1137 1144 1195 1240 1288 1305 1421 1487 1618 1651 1661 1821 1840 1876 1880 1889 1951
Compactness: 1867.561661
Weights: 497.000000 8391.000000 2173.000000
Center Node: 460

District 10
Nodes: 48 88 200 324 363 385 401 434 626 664 687 715 764 803 852 862 950 1022 1061 1065 1067 1133 1174 1198 1254 1320 1349 1499 1511 1517 1535 1543 1596 1705 1735 1791 1794 1801 1894 1922
Compactness: 6460.733885
Weights: 467.000000 8006.000000 2278.000000
Center Node: 852

District 11
Nodes: 7 10 12 29 41 238 242 255 511 532 579 593 632 644 680 753 782 783 869 952 1008 1045 1088 1107 1154 1189 1312 1314 1393 1401 1510 1561 1628 1629 1690 1822 1850 1877 1887 1990 1998
Compactness: 3445.729913
Weights: 497.000000 8743.000000 2341.000000
Center Node: 952

District 12
Nodes: 1 32 37 50 65 81 86 102 201 303 321 414 479 496 590 798 877 988 1000 1066 1089 1196 1212 1263 1266 1330 1343 1408 1483 1495 1574 1616 1621 1637 1709 1892 1950 1989
Compactness: 2359.854820
Weights: 408.000000 8657.000000 2185.000000
Center Node: 798

District 13
Nodes: 51 156 215 318 423 487 526 583 634 696 702 707 731 781 848 880 969 977 1071 1142 1225 1241 1358 1362 1417 1425 1426 1450 1478 1524 1553 1581 1643 1723 1779 1807 1810 1856 1928 1956 1963 1976
Compactness: 2167.889269
Weights: 455.000000 8235.000000 2229.000000
Center Node: 1417

District 14
Nodes: 54 83 224 402 404 450 572 600 643 716 879 882 891 906 926 948 1015 1017 1043 1051 1173 1192 1213 1218 1297 1303 1340 1429 1445 1527 1584 1642 1654 1680 1731 1768 1781 1842 1888 1903 1947
Compactness: 2537.662727
Weights: 488.000000 8733.000000 2279.000000
Center Node: 1731

District 15
Nodes: 21 75 87 98 212 233 256 337 344 453 465 528 605 610 647 667 712 818 831 871 927 995 1001 1139 1201 1249 1298 1337 1392 1617 1672 1696 1729 1751 1828 1904
Compactness: 1950.875870
Weights: 495.000000 7997.000000 2347.000000
Center Node: 1729

District 16
Nodes: 71 111 119 151 176 209 229 265 361 461 473 597 672 729 751 769 934 941 1030 1044 1079 1090 1117 1228 1295 1461 1536 1624 1759 1767 1799 1819 1838 1839 1875 1893 1897 1946 1972 1986
Compactness: 2295.165832
Weights: 413.000000 8122.000000 2285.000000
Center Node: 1624

District 17
Nodes: 49 143 244 316 378 393 428 445 518 646 808 824 834 838 839 845 944 1028 1037 1068 1069 1080 1175 1210 1302 1344 1379 1400 1549 1556 1613 1641 1666 1667 1682 1861 1925 1931 1943 1993 1996
Compactness: 2268.008160
Weights: 491.000000 7963.000000 2196.000000
Center Node: 845

District 18
Nodes: 19 69 164 246 247 330 354 387 467 475 525 529 628 709 792 884 905 916 939 959 960 1027 1041 1150 1168 1171 1285 1375 1448 1500 1554 1580 1601 1630 1632 1777 1855 1866 1890 1932 1988
Compactness: 2603.652503
Weights: 498.000000 8494.000000 2305.000000
Center Node: 1630

District 19
Nodes: 0 18 22 31 38 45 82 178 276 299 336 368 398 521 571 574 611 660 669 670 677 689 728 734 736 804 832 840 903 974 1013 1145 1255 1272 1402 1577 1652 1702 1770
Compactness: 2564.044590
Weights: 459.000000 8703.000000 2170.000000
Center Node: 804

District 20
Nodes: 24 26 35 89 170 235 266 269 284 353 355 614 749 752 876 911 920 961 1018 1019 1076 1110 1119 1146 1200 1216 1324 1394 1409 1415 1442 1455 1481 1569 1585 1590 1627 1756 1882 1938
Compactness: 2576.839555
Weights: 428.000000 8686.000000 2226.000000
Center Node: 266

District 21
Nodes: 25 42 127 214 254 447 469 502 550 552 564 657 886 889 917 932 993 1031 1227 1244 1277 1359 1423 1428 1459 1513 1564 1572 1602 1732 1747 1762 1789 1792 1829 1830 1853 1896 1941
Compactness: 2477.134660
Weights: 495.000000 8347.000000 2327.000000
Center Node: 1227

District 22
Nodes: 182 220 296 309 326 362 365 373 409 456 510 561 814 815 857 946 967 1036 1152 1260 1294 1348 1354 1367 1385 1387 1443 1479 1570 1592 1599 1609 1708 1725 1727 1826 1917 1944 1982 1991
Compactness: 2632.789653
Weights: 490.000000 8758.000000 2109.000000
Center Node: 1725

District 23
Nodes: 59 78 97 124 298 458 499 598 620 638 651 747 868 933 963 973 1204 1215 1243 1245 1296 1381 1465 1493 1502 1670 1714 1776 1783 1788 1837 1846 1849 1867 1948 1966 1969
Compactness: 1926.138670
Weights: 489.000000 7926.000000 2296.000000
Center Node: 1783

District 24
Nodes: 3 77 99 152 191 193 249 278 334 359 381 421 422 477 653 875 957 976 1029 1082 1102 1223 1318 1319 1411 1503 1514 1583 1605 1650 1746 1748 1827 1852 1885 1886 1906 1915 1921 1937 1961
Compactness: 2429.815030
Weights: 498.000000 8090.000000 2152.000000
Center Node: 191

District 25
Nodes: 15 126 134 173 199 202 250 290 301 350 357 380 439 448 520 538 772 791 793 800 813 853 860 1084 1147 1209 1253 1311 1357 1376 1488 1523 1647 1658 1685 1689 1784 1804 1834 1929 1978
Compactness: 2578.263219
Weights: 488.000000 8717.000000 2149.000000
Center Node: 813

District 26
Nodes: 56 63 140 168 225 314 323 412 501 558 567 613 697 750 773 797 801 825 955 972 982 1114 1269 1271 1404 1476 1507 1509 1540 1646 1662 1671 1681 1716 1745 1786 1869 1909 1974
Compactness: 2358.656485
Weights: 463.000000 8567.000000 2337.000000
Center Node: 558

District 27
Nodes: 105 113 317 329 332 346 352 457 478 484 506 537 553 776 888 918 991 1020 1046 1078 1101 1116 1136 1151 1176 1186 1194 1224 1233 1276 1304 1366 1388 1440 1441 1533 1706 1845
Compactness: 2064.125632
Weights: 478.000000 7937.000000 2219.000000
Center Node: 352

District 28
Nodes: 17 55 155 165 223 286 312 370 376 509 516 559 637 650 684 686 713 771 796 827 846 865 892 921 962 975 1003 1033 1157 1179 1219 1238 1333 1438 1816 1824 1825 1832 1864 1913 1953
Compactness: 2071.319323
Weights: 500.000000 8697.000000 2190.000000
Center Node: 975

District 29
Nodes: 216 260 310 320 345 369 390 394 494 604 639 694 701 725 765 786 958 1083 1111 1207 1261 1268 1374 1395 1397 1457 1528 1531 1541 1648 1675 1730 1774 1813 1871 1883 1930 1975
Compactness: 2297.514659
Weights: 484.000000 8243.000000 2218.000000
Center Node: 1397

District 30
Nodes: 148 213 222 240 241 245 360 364 399 417 482 505 570 586 648 658 730 760 821 1064 1109 1130 1161 1217 1252 1275 1286 1301 1316 1327 1338 1505 1537 1550 1622 1634 1676 1694 1717 1814 1958 1994
Compactness: 2100.015663
Weights: 498.000000 8639.000000 2330.000000
Center Node: 1301

District 31
Nodes: 52 67 95 187 271 302 425 488 602 608 612 692 693 706 790 799 898 929 931 979 1034 1053 1153 1231 1236 1281 1334 1386 1399 1424 1460 1668 1711 1722 1744 1808 1878 1910 1977
Compactness: 2211.425882
Weights: 454.000000 8462.000000 2190.000000
Center Node: 187

District 32
Nodes: 60 125 145 150 160 262 270 283 338 358 582 619 655 662 721 759 822 844 850 859 1026 1049 1075 1115 1140 1221 1247 1292 1317 1335 1413 1469 1490 1548 1566 1734 1833 1848 1857 1872 1873 1898 1905
Compactness: 2661.217290
Weights: 479.000000 8417.000000 2315.000000
Center Node: 262

District 33
Nodes: 28 92 100 158 171 185 207 219 297 343 388 483 493 690 718 754 836 937 1077 1108 1129 1138 1256 1322 1336 1368 1377 1384 1435 1471 1529 1560 1571 1608 1623 1733 1753 1765 1785 1868 1908 1940
Compactness: 2690.188508
Weights: 499.000000 8461.000000 2363.000000
Center Node: 219

District 34
Nodes: 2 104 153 154 210 327 328 340 348 426 427 541 624 678 732 826 915 935 1047 1086 1097 1105 1135 1178 1193 1235 1267 1284 1403 1418 1427 1456 1458 1563 1594 1640 1760 1854 1919
Compactness: 1792.437861
Weights: 419.000000 8752.000000 2356.000000
Center Node: 1563

District 35
Nodes: 70 85 115 121 144 159 218 226 293 514 548 584 591 595 622 641 675 727 745 806 811 872 878 951 1050 1124 1155 1278 1307 1326 1494 1530 1586 1809 1836 1858 1900 1907 1960
Compactness: 3147.052682
Weights: 462.000000 7915.000000 2400.000000
Center Node: 514

District 36
Nodes: 23 74 120 166 184 341 443 515 565 633 770 807 820 904 953 968 970 1098 1120 1188 1293 1299 1332 1356 1414 1474 1565 1568 1593 1600 1607 1665 1707 1758 1817 1959 1967 1995
Compactness: 2263.353182
Weights: 508.000000 8075.000000 2148.000000
Center Node: 807

District 37
Nodes: 30 101 129 167 208 237 267 371 410 415 437 470 599 645 659 681 699 766 987 1021 1149 1246 1259 1363 1371 1463 1472 1512 1552 1575 1591 1612 1649 1655 1769 1818 1863 1902
Compactness: 2697.931688
Weights: 492.000000 8366.000000 2206.000000
Center Node: 30

District 38
Nodes: 57 114 183 189 281 382 411 441 544 554 563 585 631 671 978 1039 1054 1182 1203 1237 1258 1331 1398 1407 1422 1475 1497 1518 1597 1663 1674 1697 1704 1736 1740 1752 1811 1823 1835 1918 1954
Compactness: 2362.329662
Weights: 472.000000 7963.000000 2324.000000
Center Node: 1407

District 39
Nodes: 58 93 131 137 252 349 464 495 534 547 594 661 666 737 802 805 812 841 913 938 990 1058 1063 1073 1162 1211 1321 1405 1437 1464 1486 1515 1606 1695 1699 1718 1739 1755 1860 1983
Compactness: 2478.203805
Weights: 491.000000 8014.000000 2364.000000
Center Node: 58

District 40
Nodes: 61 108 188 217 230 279 289 319 342 449 472 535 609 668 685 691 817 883 945 971 980 998 1096 1112 1113 1167 1183 1205 1264 1345 1382 1430 1432 1452 1551 1588 1620 1638
Compactness: 2263.592912
Weights: 449.000000 8243.000000 2358.000000
Center Node: 1264

District 41
Nodes: 122 135 190 196 203 261 287 288 335 377 463 498 615 663 665 688 714 784 785 787 788 830 870 940 997 1035 1125 1158 1169 1229 1262 1323 1325 1353 1485 1522 1579 1657 1728 1741 1742 1884
Compactness: 2534.143830
Weights: 482.000000 8606.000000 2335.000000
Center Node: 788

District 42
Nodes: 34 90 110 179 180 192 198 263 366 455 527 549 642 756 775 819 851 899 930 964 983 1048 1087 1160 1257 1282 1313 1361 1433 1576 1589 1626 1778 1891 1934 1939 1945
Compactness: 2081.048014
Weights: 450.000000 8155.000000 2218.000000
Center Node: 642

District 43
Nodes: 118 132 163 177 186 205 274 275 408 446 481 618 629 656 698 722 778 829 833 996 999 1181 1208 1239 1280 1291 1390 1498 1595 1677 1692 1700 1720 1721 1843 1874 1895 1927 1968
Compactness: 1991.364071
Weights: 492.000000 7925.000000 2246.000000
Center Node: 833

District 44
Nodes: 72 123 147 197 257 264 325 420 432 476 512 523 606 607 748 768 780 794 894 897 981 1016 1072 1170 1180 1250 1251 1274 1328 1360 1454 1538 1557 1604 1659 1683 1715 1743 1773 1803 1935
Compactness: 3752.834856
Weights: 492.000000 8726.000000 2160.000000
Center Node: 606

District 45
Nodes: 11 195 204 211 258 273 322 374 424 431 503 507 556 724 739 763 789 866 909 919 943 994 1011 1166 1202 1346 1412 1420 1462 1467 1468 1521 1547 1555 1603 1684 1865 1881
Compactness: 1794.420876
Weights: 428.000000 8013.000000 2175.000000
Center Node: 1881

District 46
Nodes: 5 76 79 272 285 304 307 356 375 391 419 430 435 486 489 491 573 588 601 627 708 711 867 901 910 985 989 1056 1131 1232 1470 1496 1587 1636 1656 1686 1703 1780 1870 1912 1914 1942
Compactness: 2371.234869
Weights: 494.000000 8270.000000 2337.000000
Center Node: 304

District 47
Nodes: 8 174 232 259 351 392 418 440 492 519 546 562 568 581 603 700 809 835 954 1059 1184 1306 1347 1373 1389 1451 1501 1504 1520 1545 1625 1635 1678 1761 1766 1841 1911 1973 1987
Compactness: 2066.304942
Weights: 452.000000 8724.000000 2345.000000
Center Node: 259

District 48
Nodes: 43 133 138 384 389 500 504 539 543 555 576 580 726 922 928 1005 1052 1070 1093 1127 1187 1214 1242 1265 1287 1351 1370 1383 1444 1447 1611 1679 1710 1764 1775 1787 1805 1997
Compactness: 1966.366205
Weights: 510.000000 8076.000000 2145.000000
Center Node: 389

District 49
Nodes: 36 47 73 112 128 146 282 295 451 545 566 673 679 741 742 984 1006 1038 1095 1121 1122 1134 1341 1365 1380 1466 1473 1482 1484 1506 1542 1573 1645 1971 1979 1992
Compactness: 3181.238609
Weights: 400.000000 8033.000000 2030.000000
Center Node: 1121

District 50
Nodes: 44 46 64 169 234 300 305 311 403 416 433 442 444 480 485 551 623 674 676 738 823 885 1055 1094 1164 1273 1290 1378 1396 1416 1446 1491 1492 1532 1567 1598 1631 1639 1660 1687 1879 1933
Compactness: 2849.357208
Weights: 455.000000 8519.000000 2364.000000
Center Node: 551
