BalanceViolation 1828.075000
AffinityLoss 3820.000000
Compactness 124414.831661

District 1
Nodes: 23 111 167 281 294 298 309 391 450 505 568 624 675 682 684 765 766 770 795 797 886 922 987 1053 1145 1263 1276 1303 1398 1401 1484 1490 1495 1500 1553 1798 1839 1844 1875 1908
Compactness: 2836.656535
Weights: 458.000000 8467.000000 2405.000000
Center Node: 111

District 2
Nodes: 87 132 197 310 369 381 412 462 569 583 592 612 619 653 685 700 759 784 896 897 1081 1271 1368 1399 1432 1434 1473 1572 1629 1647 1669 1680 1718 1799 1814 1847 1885 1938 1972 1998
Compactness: 2293.897256
Weights: 493.000000 8826.000000 2278.000000
Center Node: 1432

District 3
Nodes: 36 184 188 232 252 345 386 521 537 570 580 655 721 801 829 841 888 985 996 1010 1015 1021 1084 1193 1241 1286 1428 1457 1496 1513 1550 1567 1688 1706 1726 1762 1767 1820 1851 1905 1978 1988
Compactness: 2190.019831
Weights: 499.000000 8238.000000 2399.000000
Center Node: 386

District 4
Nodes: 29 73 83 89 95 153 506 539 716 799 827 868 912 955 977 988 991 1050 1121 1221 1321 1353 1376 1435 1444 1471 1488 1610 1613 1670 1698 1715 1783 1790 1806 1911 1989
Compactness: 2281.385174
Weights: 423.000000 8419.000000 2155.000000
Center Node: 1376

District 5
Nodes: 44 51 105 138 152 236 237 249 258 416 466 520 545 551 586 603 658 673 842 1018 1032 1150 1204 1306 1384 1385 1454 1485 1533 1558 1568 1582 1588 1691 1711 1714 1728 1827 1836 1915 1932 1947
Compactness: 2704.679754
Weights: 452.000000 8488.000000 2338.000000
Center Node: 1588

District 6
Nodes: 2 67 86 96 270 291 302 315 354 522 548 575 690 753 798 850 928 1041 1153 1154 1157 1171 1203 1251 1269 1424 1467 1478 1573 1594 1644 1700 1707 1710 1765 1823 1849 1866 1899 1975
Compactness: 2643.454400
Weights: 465.000000 7974.000000 2364.000000
Center Node: 1269

District 7
Nodes: 50 92 190 200 443 523 578 615 843 844 858 893 907 951 970 976 984 1016 1046 1079 1167 1179 1195 1218 1233 1245 1256 1299 1304 1337 1510 1518 1576 1597 1801 1808 1815 1874 1937 1979
Compactness: 2167.729086
Weights: 417.000000 8496.000000 2399.000000
Center Node: 1597

District 8
Nodes: 12 45 76 94 159 170 264 383 489 508 565 598 717 820 913 942 972 1030 1040 1129 1137 1210 1244 1290 1343 1489 1492 1519 1551 1641 1673 1685 1697 1720 1724 1731 1775 1818 1845 1916 1942
Compactness: 2427.931213
Weights: 468.000000 8246.000000 2293.000000
Center Node: 1551

District 9
Nodes: 11 63 140 204 240 359 397 401 477 504 536 554 584 632 652 654 665 708 790 792 828 939 962 1058 1072 1196 1222 1231 1253 1310 1340 1352 1394 1453 1507 1600 1789 1872 1886 1919
Compactness: 2002.704057
Weights: 544.000000 8231.000000 2252.000000
Center Node: 504

District 10
Nodes: 1 21 127 212 360 440 470 475 478 594 611 656 715 748 755 771 778 936 1007 1063 1068 1082 1093 1109 1120 1232 1278 1413 1426 1465 1512 1516 1605 1659 1674 1809 1821 1848 1850 1876
Compactness: 2880.035956
Weights: 500.000000 8735.000000 2304.000000
Center Node: 771

District 11
Nodes: 41 101 117 143 157 163 213 216 266 299 436 446 501 528 567 628 631 648 666 745 783 906 931 947 1038 1162 1345 1373 1408 1436 1497 1501 1515 1645 1667 1705 1716 1721 1778 1795 1861 1887
Compactness: 2462.395494
Weights: 486.000000 8894.000000 2166.000000
Center Node: 1408

District 12
Nodes: 20 37 43 113 201 244 283 348 399 491 560 660 760 796 802 804 1085 1143 1191 1226 1370 1397 1427 1448 1524 1526 1531 1547 1579 1657 1660 1788 1819 1828 1890 1893 1939 1957 1993
Compactness: 2641.579335
Weights: 495.000000 8710.000000 2300.000000
Center Node: 802

District 13
Nodes: 9 15 16 90 98 129 149 151 172 223 351 370 407 445 525 739 825 870 944 958 978 1148 1168 1169 1223 1307 1313 1329 1363 1371 1395 1466 1503 1525 1709 1740 1781 1860 1884 1891 1917 1969
Compactness: 2550.311457
Weights: 497.000000 8412.000000 2368.000000
Center Node: 739

District 14
Nodes: 75 115 323 338 417 460 463 509 599 634 636 637 644 706 707 752 777 879 905 959 998 1055 1211 1214 1250 1331 1336 1472 1506 1530 1609 1648 1682 1744 1753 1761 1833
Compactness: 2171.383855
Weights: 484.000000 8231.000000 2262.000000
Center Node: 637

District 15
Nodes: 158 265 269 295 322 410 413 534 542 605 671 788 793 889 901 927 943 965 1059 1130 1178 1189 1200 1294 1301 1324 1367 1543 1544 1560 1617 1665 1671 1846 1888 1952 1967 1976 1990 1999
Compactness: 2284.960031
Weights: 448.000000 8219.000000 2151.000000
Center Node: 1367

District 16
Nodes: 35 40 60 78 106 135 150 246 307 353 371 376 488 497 552 589 621 639 664 694 744 999 1061 1065 1073 1075 1115 1279 1380 1393 1430 1469 1481 1729 1769 1794 1906 1923 1983
Compactness: 1941.637074
Weights: 479.000000 8869.000000 2375.000000
Center Node: 1983

District 17
Nodes: 5 26 70 93 122 131 183 290 393 467 473 517 543 546 593 618 676 679 705 895 910 975 1097 1123 1126 1127 1242 1320 1332 1355 1460 1474 1599 1631 1652 1738 1852 1994 1996
Compactness: 2571.281476
Weights: 517.000000 8356.000000 2187.000000
Center Node: 70

District 18
Nodes: 7 30 74 82 121 207 238 286 346 375 448 465 529 531 643 697 698 720 746 786 950 960 1023 1051 1056 1219 1268 1333 1350 1410 1439 1470 1604 1625 1683 1736 1757 1785 1804 1811 1842 1892 1903 1985
Compactness: 3062.130052
Weights: 498.000000 8779.000000 2233.000000
Center Node: 1842

District 19
Nodes: 8 59 104 192 195 248 355 372 533 540 574 622 808 852 890 1026 1088 1094 1158 1247 1260 1270 1314 1335 1356 1357 1449 1486 1499 1580 1583 1628 1651 1692 1748 1878 1913 1951 1968
Compactness: 2117.338077
Weights: 495.000000 8442.000000 2371.000000
Center Node: 1628

District 20
Nodes: 32 141 145 174 284 293 326 336 378 392 500 515 823 837 989 1003 1012 1057 1078 1104 1206 1235 1312 1392 1407 1417 1493 1554 1619 1693 1732 1741 1925 1958 1992
Compactness: 2383.280160
Weights: 443.000000 8869.000000 2396.000000
Center Node: 326

District 21
Nodes: 123 139 144 194 254 300 305 311 366 403 464 484 513 530 601 689 714 718 754 806 831 848 860 884 924 925 956 1106 1128 1135 1220 1293 1330 1339 1369 1445 1522 1574 1668 1792 1830 1865 1900
Compactness: 2191.045615
Weights: 516.000000 8069.000000 2359.000000
Center Node: 924

District 22
Nodes: 0 65 133 178 217 218 224 251 273 288 296 339 361 367 420 472 485 566 640 826 866 891 915 926 981 1034 1037 1071 1089 1177 1187 1348 1354 1455 1537 1548 1555 1650 1655 1779 1921
Compactness: 2742.351519
Weights: 486.000000 8134.000000 2277.000000
Center Node: 472

District 23
Nodes: 47 64 110 209 210 276 330 337 426 670 695 724 729 742 747 750 764 772 854 930 1005 1029 1047 1067 1077 1083 1091 1125 1216 1217 1267 1302 1315 1387 1431 1520 1602 1663 1727 1777 1835 1954
Compactness: 2376.846188
Weights: 486.000000 8692.000000 2120.000000
Center Node: 1125

District 24
Nodes: 39 53 177 179 438 495 614 620 767 819 856 887 911 923 990 1008 1036 1044 1090 1096 1139 1161 1174 1183 1227 1344 1422 1440 1450 1462 1468 1571 1577 1581 1585 1638 1755 1756 1856 1871 1944 1959
Compactness: 2875.932899
Weights: 477.000000 8610.000000 2392.000000
Center Node: 1571

District 25
Nodes: 146 173 187 247 255 259 382 430 455 486 541 596 768 835 846 853 859 869 1004 1092 1107 1108 1138 1172 1238 1243 1300 1328 1364 1375 1412 1452 1504 1556 1584 1642 1889 1950 1962
Compactness: 2138.455772
Weights: 438.000000 8075.000000 2411.000000
Center Node: 1108

District 26
Nodes: 24 48 99 191 233 235 263 435 442 458 626 737 761 785 807 818 857 882 899 969 1076 1098 1103 1133 1149 1155 1240 1273 1296 1379 1405 1406 1433 1483 1528 1566 1677 1739 1766 1807 1858 1928
Compactness: 2650.286446
Weights: 497.000000 8645.000000 2341.000000
Center Node: 1405

District 27
Nodes: 6 58 97 199 229 245 292 344 379 406 419 434 481 511 538 564 588 607 663 672 687 847 900 902 945 954 995 1031 1101 1202 1209 1285 1295 1319 1325 1374 1523 1621 1855 1924 1953
Compactness: 2393.313417
Weights: 470.000000 8630.000000 2274.000000
Center Node: 1953

District 28
Nodes: 22 88 108 196 231 409 415 502 572 629 638 647 651 701 749 757 773 774 880 883 1017 1043 1163 1207 1288 1291 1475 1546 1586 1601 1626 1672 1694 1723 1737 1793 1803 1877 1918 1970 1971 1986
Compactness: 3450.116116
Weights: 500.000000 8186.000000 2306.000000
Center Node: 1586

District 29
Nodes: 31 116 156 175 230 253 279 287 289 364 425 437 510 527 562 608 650 669 709 725 730 743 832 849 873 875 1132 1311 1400 1509 1563 1666 1702 1770 1805 1829 1894 1926 1948 1981
Compactness: 2053.282039
Weights: 493.000000 8499.000000 2333.000000
Center Node: 1770

District 30
Nodes: 19 120 128 147 219 325 331 418 424 459 532 558 617 630 680 681 703 704 791 867 894 993 1113 1192 1264 1292 1389 1477 1527 1587 1622 1643 1752 1773 1826 1929 1933
Compactness: 2600.950624
Weights: 461.000000 8885.000000 2215.000000
Center Node: 617

District 31
Nodes: 182 241 256 306 319 368 384 398 408 476 571 661 691 727 734 758 803 811 824 952 997 1028 1074 1110 1131 1180 1228 1258 1347 1366 1411 1458 1502 1508 1612 1730 1838 1840 1853 1873 1907 1931 1945
Compactness: 4594.923234
Weights: 501.000000 8871.000000 2250.000000
Center Node: 1840

District 32
Nodes: 42 54 77 84 250 280 432 449 452 457 550 576 781 805 816 862 871 872 932 933 968 992 1152 1164 1165 1181 1249 1318 1378 1532 1596 1633 1661 1735 1786 1825 1864 1909
Compactness: 1979.625689
Weights: 456.000000 8848.000000 2179.000000
Center Node: 932

District 33
Nodes: 18 25 136 275 303 312 327 332 341 431 469 609 625 657 719 787 813 851 864 919 920 994 1020 1144 1156 1170 1190 1358 1416 1451 1535 1589 1690 1758 1791 1810 1831 1863 1879
Compactness: 1933.670106
Weights: 487.000000 8186.000000 2393.000000
Center Node: 1791

District 34
Nodes: 17 79 107 169 208 267 272 277 334 380 395 451 454 456 480 559 627 668 741 794 833 877 961 1009 1118 1124 1175 1208 1212 1372 1480 1592 1603 1689 1759 1787 1854 1869 1965 1966 1977
Compactness: 3300.732047
Weights: 483.000000 8847.000000 2294.000000
Center Node: 208

District 35
Nodes: 34 57 114 118 185 226 318 362 479 490 518 557 613 674 678 702 723 878 1066 1114 1160 1215 1257 1281 1284 1362 1381 1383 1388 1549 1618 1699 1701 1837 1881 1934 1960 1980
Compactness: 1728.585418
Weights: 496.000000 8347.000000 2271.000000
Center Node: 678

District 36
Nodes: 4 62 142 206 211 304 333 342 388 394 461 468 556 662 686 693 710 722 861 1022 1025 1049 1111 1275 1316 1323 1359 1396 1479 1529 1590 1630 1635 1664 1695 1742 1897 1935
Compactness: 1737.311228
Weights: 436.000000 8823.000000 2162.000000
Center Node: 1630

District 37
Nodes: 38 125 155 243 385 444 492 547 582 641 646 649 892 909 938 963 1000 1019 1024 1035 1045 1054 1069 1182 1185 1205 1234 1262 1365 1498 1627 1646 1733 1772 1841 1922
Compactness: 1825.292371
Weights: 429.000000 8147.000000 2285.000000
Center Node: 1733

District 38
Nodes: 28 100 103 193 257 320 347 349 357 411 597 731 756 775 814 845 885 941 1013 1064 1117 1173 1224 1252 1326 1334 1390 1404 1420 1575 1649 1708 1745 1750 1754 1763 1764 1880 1882 1883 1973
Compactness: 1987.933161
Weights: 495.000000 8849.000000 2178.000000
Center Node: 1013

District 39
Nodes: 3 66 203 215 222 234 242 262 329 373 396 635 699 780 917 918 1011 1014 1119 1140 1147 1199 1289 1360 1438 1517 1539 1591 1624 1658 1717 1722 1743 1834 1898 1902 1912 1914 1991
Compactness: 2097.916750
Weights: 466.000000 8943.000000 2371.000000
Center Node: 1898

District 40
Nodes: 56 112 239 274 321 363 402 405 447 535 553 561 587 735 817 855 986 1042 1060 1062 1102 1229 1265 1282 1322 1338 1429 1476 1491 1521 1538 1545 1595 1620 1636 1679 1703 1713 1895
Compactness: 2514.351777
Weights: 489.000000 8279.000000 2381.000000
Center Node: 986

District 41
Nodes: 14 52 102 126 148 189 221 261 268 308 314 496 512 645 659 677 692 712 733 769 836 908 946 979 1002 1087 1142 1236 1421 1487 1552 1557 1564 1565 1640 1686 1784 1843 1870 1941 1955
Compactness: 2516.383644
Weights: 479.000000 8657.000000 2385.000000
Center Node: 268

District 42
Nodes: 33 46 81 356 374 423 474 595 683 728 810 834 840 881 1048 1116 1122 1141 1194 1287 1327 1342 1349 1409 1570 1616 1654 1675 1684 1687 1774 1927 1964 1984 1987 1995
Compactness: 2088.094597
Weights: 449.000000 7228.000000 1911.000000
Center Node: 33

District 43
Nodes: 69 71 124 154 165 171 180 228 316 365 433 441 555 579 581 740 789 929 983 1112 1239 1246 1259 1297 1298 1341 1351 1391 1437 1441 1447 1536 1569 1606 1634 1768 1771 1780 1813 1936 1963
Compactness: 2027.073480
Weights: 452.000000 8914.000000 2222.000000
Center Node: 581

District 44
Nodes: 10 186 202 225 301 390 498 507 524 544 623 667 762 776 839 876 964 971 973 1100 1166 1248 1255 1274 1317 1442 1443 1459 1578 1593 1611 1614 1653 1656 1676 1678 1696 1746 1747 1796 1802 1901 1904
Compactness: 3823.414523
Weights: 507.000000 8805.000000 2411.000000
Center Node: 1317

District 45
Nodes: 49 61 72 137 176 205 220 271 313 352 358 421 519 573 591 602 604 642 713 738 751 779 812 935 966 1039 1095 1136 1176 1184 1237 1309 1377 1382 1456 1463 1511 1639 1749 1816 1920 1956
Compactness: 2553.836630
Weights: 495.000000 8888.000000 2388.000000
Center Node: 1176

District 46
Nodes: 134 164 260 324 335 340 400 453 487 494 549 726 732 782 838 863 898 949 1033 1151 1186 1188 1197 1198 1254 1277 1283 1308 1386 1402 1559 1681 1797 1812 1943 1949 1974
Compactness: 2127.471203
Weights: 473.000000 8388.000000 2354.000000
Center Node: 494

District 47
Nodes: 13 27 162 168 278 282 343 377 439 482 493 499 526 563 590 696 800 904 914 921 967 974 1086 1146 1201 1261 1266 1272 1361 1415 1419 1423 1534 1561 1662 1719 1751 1760 1822 1862 1930 1982
Compactness: 4688.108153
Weights: 501.000000 8090.000000 2412.000000
Center Node: 278

District 48
Nodes: 68 85 91 119 130 198 227 317 328 428 471 577 606 711 809 815 822 830 865 903 1001 1006 1070 1159 1230 1305 1418 1482 1505 1514 1541 1598 1607 1608 1637 1704 1712 1734 1832 1859 1868
Compactness: 2426.931047
Weights: 488.000000 8860.000000 2239.000000
Center Node: 1001

District 49
Nodes: 55 80 109 160 166 404 483 516 585 736 763 874 916 934 940 957 982 1052 1080 1099 1213 1280 1346 1403 1414 1461 1540 1542 1623 1632 1776 1782 1800 1817 1857 1940 1946 1961
Compactness: 1963.974624
Weights: 418.000000 8830.000000 2064.000000
Center Node: 957

District 50
Nodes: 161 181 214 285 297 350 387 389 414 422 427 429 503 514 600 610 616 633 688 821 937 948 953 980 1027 1105 1134 1225 1425 1446 1464 1494 1562 1615 1725 1824 1867 1896 1910 1997
Compactness: 2411.831073
Weights: 501.000000 8939.000000 2371.000000
Center Node: 1615
