BalanceViolation 59.520000
AffinityLoss 1754.000000
Compactness 100528.484652

District 1
Nodes: 4 14 56 132 148 179 184 223 241 253 266 270 275 282 340 345 369 370 390 405 426 429 438 448 450 451 466 478 489 494 527 541 567 572 602 611 614 625 643 737 762 768 780 863 907 936 970 971
Compactness: 4097.842547
Weights: 548.000000 11136.000000 2775.000000
Center Node: 907

District 2
Nodes: 36 73 133 153 155 181 187 203 210 229 237 259 272 281 296 304 323 347 425 436 460 469 483 529 539 549 620 638 662 680 707 726 746 760 778 792 826 864 865 887 897 911 914 924 929 965 968
Compactness: 4497.575106
Weights: 628.000000 10375.000000 2859.000000
Center Node: 864

District 3
Nodes: 28 29 35 89 145 195 196 236 285 303 309 317 328 354 357 387 412 416 417 421 437 444 449 468 487 506 523 540 547 564 568 574 608 613 689 709 728 743 756 775 802 809 818 828 846 870 871 876 928 933 937 944
Compactness: 6127.597776
Weights: 574.000000 11111.000000 3021.000000
Center Node: 29

District 4
Nodes: 20 50 64 83 104 141 156 188 216 227 235 247 251 255 279 292 313 321 378 395 396 505 516 521 530 537 555 581 606 617 659 664 667 683 684 691 720 736 739 748 750 758 763 770 801 854 892 898 920 923 972 983
Compactness: 4507.362746
Weights: 600.000000 10259.000000 3041.000000
Center Node: 530

District 5
Nodes: 23 43 55 67 69 74 82 106 122 126 149 205 262 276 300 342 365 443 452 453 490 497 511 544 565 566 598 640 649 650 653 665 695 714 721 740 755 764 779 812 839 845 873 910 916 926 938 948 949 957 975 987
Compactness: 5393.335133
Weights: 630.000000 10212.000000 2968.000000
Center Node: 873

District 6
Nodes: 9 26 34 48 61 80 94 136 166 170 193 222 233 252 263 269 283 293 315 363 382 385 446 455 538 550 586 588 593 619 654 694 698 704 723 738 752 757 767 836 838 861 896 906 930 932 941 980 982 991
Compactness: 4793.844144
Weights: 575.000000 10271.000000 2893.000000
Center Node: 283

District 7
Nodes: 5 72 87 90 163 171 183 191 192 240 249 254 336 377 399 403 407 410 411 440 477 479 492 493 509 522 542 546 596 623 675 679 697 700 701 703 717 725 734 759 773 783 789 817 824 853 868 882 899 909 960 962 963
Compactness: 5003.815791
Weights: 618.000000 10982.000000 3026.000000
Center Node: 868

District 8
Nodes: 42 53 54 75 101 115 123 186 206 228 230 244 260 302 350 368 374 381 423 439 442 470 486 517 520 526 601 618 636 642 647 690 693 729 747 774 777 797 803 807 808 819 825 851 856 866 869 872 877 905 915 959
Compactness: 5068.869247
Weights: 603.000000 11130.000000 2786.000000
Center Node: 423

District 9
Nodes: 31 39 41 59 60 111 142 180 190 209 218 234 239 250 271 286 288 297 307 333 356 358 375 415 441 447 515 556 561 563 577 594 622 624 656 678 685 692 710 722 735 765 769 815 830 862 867 878 908 919 986 994 999
Compactness: 4839.378032
Weights: 629.000000 10923.000000 3001.000000
Center Node: 685

District 10
Nodes: 52 62 70 77 88 103 112 117 131 135 144 208 213 226 246 278 294 301 324 339 341 384 408 414 432 457 473 474 480 514 571 578 604 615 644 651 663 668 718 732 843 857 881 883 922 951 966 977
Compactness: 6350.932827
Weights: 575.000000 10881.000000 2978.000000
Center Node: 514

District 11
Nodes: 6 99 105 138 154 174 220 232 256 284 318 360 362 386 400 401 402 418 428 431 491 510 532 535 553 557 560 573 599 607 610 612 670 677 681 711 753 785 786 788 804 820 848 849 860 886 904 945 953 981 995
Compactness: 4383.329668
Weights: 630.000000 10087.000000 2875.000000
Center Node: 981

District 12
Nodes: 12 32 33 66 78 114 124 137 162 167 169 177 212 224 238 243 273 311 319 329 337 372 383 404 445 462 484 499 503 531 533 582 592 652 673 702 742 787 790 831 835 850 902 935 939 940 946 967 998
Compactness: 4644.455149
Weights: 573.000000 10692.000000 2848.000000
Center Node: 533

District 13
Nodes: 58 91 110 128 129 130 143 158 172 211 219 231 261 289 306 314 335 359 376 388 397 413 424 433 435 467 496 548 562 579 616 627 628 632 635 637 641 648 661 669 671 676 719 744 776 784 791 837 903 954 978
Compactness: 4516.963279
Weights: 623.000000 10264.000000 2803.000000
Center Node: 261

District 14
Nodes: 2 3 11 13 15 17 21 44 71 76 97 108 173 182 189 197 198 202 245 291 322 325 326 334 348 349 393 394 430 454 495 545 558 569 589 590 603 634 657 674 705 724 741 754 832 875 890 895 913 988 989
Compactness: 4139.543179
Weights: 624.000000 10119.000000 2913.000000
Center Node: 348

District 15
Nodes: 0 1 37 47 98 116 127 147 152 160 168 194 207 264 277 290 299 310 316 332 343 352 434 461 513 518 524 576 580 595 630 658 687 713 772 795 799 823 829 834 841 858 888 901 918 952 990 997
Compactness: 4712.026997
Weights: 658.000000 10173.000000 2779.000000
Center Node: 841

District 16
Nodes: 8 27 30 38 51 65 84 96 119 121 125 150 157 175 176 199 201 217 312 367 380 398 406 409 456 465 475 481 488 536 543 554 559 570 600 631 645 727 731 761 814 821 847 855 885 889 894 931 973 974
Compactness: 6350.277341
Weights: 569.000000 11086.000000 2968.000000
Center Node: 731

District 17
Nodes: 10 18 19 24 45 46 86 100 109 118 134 146 151 185 265 268 287 295 346 355 392 419 420 422 459 463 471 485 502 504 551 587 609 672 716 733 771 794 827 842 859 879 925 927 942 955 956 964 979 993 996
Compactness: 3947.549106
Weights: 602.000000 11110.000000 2770.000000
Center Node: 419

District 18
Nodes: 22 57 68 79 85 92 107 161 204 214 215 221 248 257 274 327 338 353 364 366 371 391 472 498 500 501 512 519 528 575 583 584 585 621 666 699 766 782 793 798 813 816 874 884 891 893 912 921
Compactness: 4363.809492
Weights: 599.000000 10280.000000 3024.000000
Center Node: 500

District 19
Nodes: 7 25 40 81 93 102 120 139 298 305 308 330 344 361 379 389 427 458 464 482 508 525 591 626 629 633 660 682 688 708 712 715 796 800 805 810 840 852 900 917 934 950 961 969 984 985 992
Compactness: 4164.448498
Weights: 565.000000 11107.000000 2867.000000
Center Node: 682

District 20
Nodes: 16 49 63 95 113 140 159 164 165 178 200 225 242 258 267 280 320 331 351 373 476 507 534 552 597 605 639 646 655 686 696 706 730 745 749 751 781 806 811 822 833 844 880 943 947 958 976
Compactness: 8625.528593
Weights: 596.000000 10198.000000 2949.000000
Center Node: 833
