BalanceViolation 875.660000
AffinityLoss 1795.000000
Compactness 70509.159292

District 1
Nodes: 9 109 213 238 254 268 277 282 304 501 649 654 688 693 707 753 757
Compactness: 1061.717760
Weights: 212.000000 4385.000000 932.000000
Center Node: 304

District 2
Nodes: 13 75 115 194 197 295 325 453 462 472 498 530 617 648 676 704 859 919 964 989
Compactness: 1485.345964
Weights: 258.000000 4006.000000 1202.000000
Center Node: 498

District 3
Nodes: 7 21 61 106 133 134 141 167 175 284 327 405 503 538 618 643 709 715 717 792 924 988
Compactness: 3203.989322
Weights: 246.000000 4145.000000 1213.000000
Center Node: 175

District 4
Nodes: 0 19 127 139 144 153 221 301 314 321 451 456 584 616 696 833 838 892 918 943 959 973 995
Compactness: 1431.641482
Weights: 251.000000 3988.000000 1210.000000
Center Node: 19

District 5
Nodes: 48 102 217 239 271 302 315 338 343 362 460 512 594 652 665 668 700 801 852 867
Compactness: 1218.412900
Weights: 246.000000 4174.000000 1210.000000
Center Node: 343

District 6
Nodes: 121 192 222 242 296 313 318 354 506 544 588 633 739 751 752 809 810 823 866 963
Compactness: 1452.428900
Weights: 247.000000 3985.000000 1135.000000
Center Node: 866

District 7
Nodes: 70 73 159 178 237 406 408 419 424 440 444 447 489 500 526 547 572 698 736 862
Compactness: 1366.626549
Weights: 238.000000 4345.000000 780.000000
Center Node: 444

District 8
Nodes: 37 49 78 98 176 193 249 310 357 474 528 548 574 625 685 699 758 780 863 897 953 954
Compactness: 1952.715672
Weights: 248.000000 4266.000000 1206.000000
Center Node: 897

District 9
Nodes: 38 105 116 119 148 324 366 386 396 520 542 562 605 647 779 830 843 920 971
Compactness: 1295.309596
Weights: 227.000000 4350.000000 1139.000000
Center Node: 116

District 10
Nodes: 60 87 103 259 283 323 345 358 361 372 426 486 551 557 558 659 672 865 886 893 901
Compactness: 1273.469596
Weights: 272.000000 4131.000000 1215.000000
Center Node: 557

District 11
Nodes: 30 138 151 152 186 230 234 247 329 380 434 445 458 602 627 761 781 860 991
Compactness: 880.516143
Weights: 219.000000 4365.000000 1191.000000
Center Node: 458

District 12
Nodes: 18 28 31 66 71 94 131 150 170 269 539 564 566 593 632 636 646 689 880
Compactness: 947.373842
Weights: 239.000000 4297.000000 1178.000000
Center Node: 31

District 13
Nodes: 27 46 117 162 163 195 246 352 394 403 422 469 476 556 613 670 671 678 748 834 905 910
Compactness: 1575.288394
Weights: 276.000000 4287.000000 1199.000000
Center Node: 195

District 14
Nodes: 8 108 130 137 169 205 265 340 378 411 446 457 502 640 680 760 768 773 861 874
Compactness: 2150.277276
Weights: 237.000000 4298.000000 1131.000000
Center Node: 411

District 15
Nodes: 136 155 185 201 305 308 312 423 431 475 637 653 658 822 872 923 937 987 996
Compactness: 1621.508110
Weights: 206.000000 4006.000000 1275.000000
Center Node: 987

District 16
Nodes: 226 231 258 389 418 425 443 450 467 597 631 727 783 851 856 889 899 948 998
Compactness: 1013.782252
Weights: 226.000000 4331.000000 1154.000000
Center Node: 631

District 17
Nodes: 10 82 88 97 149 165 172 215 218 266 288 381 404 504 567 568 681 788 789 804
Compactness: 1060.821747
Weights: 251.000000 4032.000000 1190.000000
Center Node: 215

District 18
Nodes: 99 104 160 297 334 339 350 376 416 439 529 565 578 722 763 764 813 840 876 970
Compactness: 1366.316859
Weights: 244.000000 3996.000000 1138.000000
Center Node: 970

District 19
Nodes: 36 58 63 126 132 191 274 341 346 377 484 492 560 586 614 650 657 669 697 746 871 934 982
Compactness: 1804.963381
Weights: 242.000000 4196.000000 1174.000000
Center Node: 484

District 20
Nodes: 39 96 140 342 429 461 481 634 655 692 694 726 747 777 812 814 827 896 902 969 974 980
Compactness: 1507.094425
Weights: 247.000000 4156.000000 1134.000000
Center Node: 974

District 21
Nodes: 20 51 76 90 187 220 273 292 349 391 471 583 610 612 674 762 797 828 887 930
Compactness: 1684.685610
Weights: 238.000000 4219.000000 1206.000000
Center Node: 187

District 22
Nodes: 34 168 223 267 279 347 356 480 507 508 531 559 590 656 755 881 914 984
Compactness: 1328.353646
Weights: 241.000000 3985.000000 1225.000000
Center Node: 347

District 23
Nodes: 1 5 35 74 184 190 203 241 417 459 619 630 743 754 808 844 853 873 898 929 999
Compactness: 1034.429349
Weights: 223.000000 4357.000000 1207.000000
Center Node: 743

District 24
Nodes: 43 52 125 210 281 330 465 497 573 585 615 663 686 733 772 787 796 885 993
Compactness: 1215.893926
Weights: 212.000000 3985.000000 1260.000000
Center Node: 52

District 25
Nodes: 14 33 41 59 72 250 261 275 331 344 478 509 553 555 666 759 818 928 942 986
Compactness: 1291.412659
Weights: 249.000000 4290.000000 1223.000000
Center Node: 555

District 26
Nodes: 95 154 180 196 199 202 227 280 309 360 441 510 541 546 624 651 786 791 807 888 911 957
Compactness: 1634.138238
Weights: 234.000000 4042.000000 1218.000000
Center Node: 888

District 27
Nodes: 113 122 129 157 270 285 379 604 749 775 837 891 916 921 940 944 952 958 962
Compactness: 1342.042967
Weights: 236.000000 4326.000000 1204.000000
Center Node: 940

District 28
Nodes: 56 112 143 171 200 243 294 319 355 436 442 449 499 600 609 664 705 723 784 951
Compactness: 1328.925711
Weights: 253.000000 3997.000000 1128.000000
Center Node: 449

District 29
Nodes: 25 55 84 107 114 245 255 264 369 420 438 505 575 587 728 767 769 821 824 907
Compactness: 1412.087501
Weights: 244.000000 4379.000000 1101.000000
Center Node: 821

District 30
Nodes: 3 11 24 118 240 253 336 367 383 384 437 454 525 579 638 908 915 939
Compactness: 1698.387474
Weights: 250.000000 4173.000000 1138.000000
Center Node: 579

District 31
Nodes: 16 85 89 135 158 320 322 348 487 514 524 571 596 679 711 774 799 875 926 935
Compactness: 993.966648
Weights: 245.000000 4160.000000 1121.000000
Center Node: 348

District 32
Nodes: 6 79 161 252 326 332 382 464 511 519 534 608 684 710 719 745 785 925 975 990
Compactness: 1025.758689
Weights: 230.000000 4393.000000 1205.000000
Center Node: 990

District 33
Nodes: 4 22 145 257 307 328 373 428 448 494 496 513 515 522 533 536 576 702 815 847 903
Compactness: 1177.133339
Weights: 258.000000 4301.000000 1176.000000
Center Node: 257

District 34
Nodes: 17 45 50 128 209 236 353 374 399 414 435 455 549 611 641 661 771 776 906 922 946
Compactness: 1530.299658
Weights: 243.000000 4021.000000 1224.000000
Center Node: 45

District 35
Nodes: 67 69 142 164 189 198 219 466 532 598 690 712 734 829 858 868 932 977 978 981
Compactness: 1032.818937
Weights: 254.000000 4275.000000 1125.000000
Center Node: 734

District 36
Nodes: 80 248 260 263 300 413 415 421 545 554 622 623 687 718 841 870 960 997
Compactness: 1154.975651
Weights: 243.000000 4012.000000 1123.000000
Center Node: 554

District 37
Nodes: 32 206 232 233 317 375 385 392 432 473 516 523 629 645 731 740 765 790 816 826 938
Compactness: 1620.878299
Weights: 251.000000 4288.000000 1186.000000
Center Node: 523

District 38
Nodes: 86 120 147 183 216 287 290 398 409 412 488 517 537 540 589 591 869 877 947
Compactness: 1408.325139
Weights: 231.000000 4047.000000 1222.000000
Center Node: 409

District 39
Nodes: 42 181 235 256 262 289 333 368 388 401 521 595 626 770 846 849 895 900 965
Compactness: 1267.914433
Weights: 261.000000 4153.000000 1153.000000
Center Node: 595

District 40
Nodes: 57 174 182 228 244 359 364 433 463 477 495 577 708 721 817 882 936 945 968 983
Compactness: 1004.932736
Weights: 228.000000 4293.000000 1204.000000
Center Node: 433

District 41
Nodes: 23 53 81 91 92 173 293 363 483 485 603 628 695 724 735 795 798 835 979
Compactness: 1178.996966
Weights: 200.000000 4070.000000 1205.000000
Center Node: 979

District 42
Nodes: 2 26 44 123 214 272 335 563 607 642 660 691 713 720 730 803 820 842 927 961 967
Compactness: 1075.074722
Weights: 263.000000 3995.000000 1192.000000
Center Node: 660

District 43
Nodes: 54 188 204 225 316 407 535 552 620 621 673 683 738 802 819 831 883 950 956
Compactness: 1296.015107
Weights: 201.000000 4312.000000 1198.000000
Center Node: 956

District 44
Nodes: 47 65 124 212 251 286 291 298 299 303 468 490 543 582 601 706 732 756 782
Compactness: 2264.300498
Weights: 238.000000 4396.000000 1178.000000
Center Node: 543

District 45
Nodes: 29 40 77 146 156 179 224 276 306 371 527 569 570 667 677 741 742 744 904 913 955
Compactness: 1686.656031
Weights: 242.000000 4277.000000 1219.000000
Center Node: 40

District 46
Nodes: 111 229 397 400 430 635 703 725 737 778 825 857 879 894 909 972 976 985
Compactness: 1275.976981
Weights: 203.000000 4121.000000 1227.000000
Center Node: 737

District 47
Nodes: 12 93 207 208 337 351 387 395 402 410 427 491 561 675 750 800 839 848 850 854 855 917
Compactness: 1568.383145
Weights: 250.000000 4364.000000 1206.000000
Center Node: 93

District 48
Nodes: 15 68 83 110 166 177 370 452 470 580 599 639 644 682 766 845 878 966
Compactness: 1008.702963
Weights: 183.000000 4163.000000 1183.000000
Center Node: 452

District 49
Nodes: 64 100 211 311 479 493 581 606 662 714 716 793 836 864 890 912 931 941 992 994
Compactness: 1718.102901
Weights: 248.000000 4335.000000 1227.000000
Center Node: 890

District 50
Nodes: 62 101 278 365 390 393 482 518 550 592 701 729 794 805 806 811 832 884 933 949
Compactness: 1579.989193
Weights: 251.000000 4067.000000 1152.000000
Center Node: 884
