BalanceViolation 232.970000
AffinityLoss 3414.000000
Compactness 269148.916756

District 1
Nodes: 4 9 26 34 35 91 110 131 133 137 161 179 198 252 284 332 349 353 366 406 452 457 490 495 500 527 528 549 575 587 594 614 620 621 642 651 652 667 737 752 756 775 819 831 874 876 890 899 913 914 920 925 933 938 966 973 983 1014 1019 1046 1073 1074 1087 1093 1143 1172 1200 1211 1224 1233 1276 1296 1308 1309 1361 1388 1433 1441 1481 1482 1533 1569 1615 1699 1718 1763 1778 1798 1800 1837 1851 1882 1891 1939 1948 1984
Compactness: 8775.924970
Weights: 1246.000000 19828.000000 5608.000000
Center Node: 966

District 2
Nodes: 29 72 83 107 134 136 182 201 202 208 227 237 261 267 296 325 365 400 404 425 436 437 439 454 470 476 498 522 557 561 590 592 612 636 643 654 663 714 762 766 783 788 794 814 855 857 860 869 908 912 923 940 942 946 952 981 997 1007 1008 1021 1084 1088 1106 1125 1132 1152 1180 1191 1209 1220 1229 1234 1246 1262 1310 1314 1330 1357 1393 1419 1480 1483 1510 1523 1552 1628 1629 1708 1712 1719 1738 1771 1772 1773 1784 1790 1802 1923 1955 1978 1982 1991
Compactness: 57236.910914
Weights: 1207.000000 21181.000000 5396.000000
Center Node: 267

District 3
Nodes: 6 30 40 55 62 101 123 129 130 155 194 197 206 221 223 228 247 277 286 370 371 376 413 415 432 516 525 536 542 578 616 645 659 681 686 695 699 713 774 827 846 849 902 921 959 960 965 975 987 1003 1016 1024 1128 1149 1157 1165 1206 1219 1238 1259 1285 1315 1339 1363 1371 1436 1438 1453 1463 1472 1512 1575 1591 1601 1604 1610 1612 1649 1655 1669 1691 1713 1754 1769 1793 1796 1818 1824 1832 1866 1902 1913 1932 1965
Compactness: 8139.528992
Weights: 1144.000000 20207.000000 5369.000000
Center Node: 1612

District 4
Nodes: 14 25 96 111 114 117 118 141 163 183 186 189 274 275 281 397 408 417 438 441 446 459 473 474 481 531 544 585 617 629 631 640 656 671 683 719 761 778 828 829 833 858 896 993 996 1031 1181 1182 1203 1208 1230 1237 1244 1252 1280 1283 1331 1342 1369 1391 1398 1406 1410 1475 1508 1526 1536 1550 1578 1595 1597 1602 1663 1677 1688 1692 1693 1697 1704 1720 1724 1750 1752 1759 1806 1811 1829 1830 1835 1838 1847 1875 1895 1901 1916 1918 1949 1954 1968 1970 1985 1986
Compactness: 11096.791541
Weights: 1252.000000 20174.000000 5827.000000
Center Node: 1677

District 5
Nodes: 16 31 60 106 116 145 169 172 260 268 299 313 320 345 368 369 372 379 418 442 444 494 524 530 532 540 565 603 611 619 623 710 721 723 725 758 770 786 809 835 840 847 887 900 924 949 968 1002 1042 1059 1081 1083 1107 1141 1154 1188 1189 1197 1226 1261 1268 1273 1279 1293 1332 1374 1389 1395 1397 1413 1416 1439 1457 1469 1474 1501 1519 1528 1531 1539 1541 1545 1577 1607 1625 1648 1664 1665 1675 1678 1698 1730 1795 1812 1833 1841 1844 1850 1873 1898 1911 1924 1933 1981 1999
Compactness: 9989.992398
Weights: 1252.000000 21489.000000 5800.000000
Center Node: 900

District 6
Nodes: 2 38 39 52 56 67 95 104 142 153 157 162 181 187 220 239 271 291 314 323 339 362 383 395 407 456 468 488 501 560 577 682 692 704 706 720 799 801 810 842 854 898 915 929 931 936 947 956 967 982 1004 1034 1036 1053 1086 1100 1118 1178 1231 1236 1281 1284 1289 1294 1329 1334 1350 1352 1364 1385 1386 1399 1403 1424 1434 1443 1476 1489 1507 1516 1534 1563 1570 1582 1609 1653 1668 1711 1716 1726 1727 1744 1782 1786 1808 1815 1826 1854 1878 1910 1926
Compactness: 11115.218759
Weights: 1156.000000 21872.000000 5876.000000
Center Node: 1926

District 7
Nodes: 3 13 17 61 68 77 80 99 149 175 191 193 200 230 231 236 278 280 334 367 393 421 449 471 477 559 569 589 596 609 625 630 653 715 735 743 744 746 764 779 808 817 856 875 893 957 971 1029 1032 1057 1062 1069 1082 1096 1102 1112 1167 1177 1199 1223 1248 1300 1318 1319 1345 1355 1411 1444 1503 1511 1546 1549 1551 1558 1562 1583 1605 1613 1619 1633 1644 1650 1667 1746 1748 1791 1827 1831 1852 1862 1894 1906 1915 1921 1922 1936 1937 1961 1964
Compactness: 7842.402984
Weights: 1161.000000 19990.000000 5241.000000
Center Node: 471

District 8
Nodes: 42 53 109 121 127 148 214 222 243 245 248 254 292 293 306 308 333 337 344 360 386 399 447 462 497 502 514 533 548 550 552 570 586 595 641 657 698 727 730 745 757 861 886 917 932 951 1001 1009 1010 1050 1064 1085 1091 1092 1104 1123 1130 1148 1155 1156 1161 1190 1201 1217 1227 1239 1270 1275 1301 1327 1338 1359 1372 1423 1428 1431 1442 1449 1459 1477 1513 1544 1559 1564 1572 1614 1622 1676 1694 1701 1717 1737 1792 1814 1836 1843 1858 1859 1874 1896 1899 1900 1958 1962 1994
Compactness: 10906.825545
Weights: 1234.000000 21501.000000 5916.000000
Center Node: 1275

District 9
Nodes: 5 33 94 119 139 140 168 170 213 225 235 240 253 269 304 307 355 375 390 391 394 429 435 460 466 489 508 513 558 574 588 604 613 627 638 639 658 689 697 708 711 733 767 773 795 797 864 901 907 911 972 974 985 1013 1025 1040 1090 1111 1119 1137 1144 1195 1215 1232 1240 1245 1271 1286 1288 1305 1415 1421 1455 1470 1487 1493 1496 1505 1509 1540 1585 1587 1590 1618 1627 1636 1651 1656 1661 1670 1671 1681 1703 1745 1821 1840 1876 1880 1883 1909 1930 1951
Compactness: 11168.963421
Weights: 1237.000000 21786.000000 5676.000000
Center Node: 1951

District 10
Nodes: 21 48 73 88 112 113 128 195 204 211 273 282 317 322 324 329 346 352 363 374 385 401 424 428 431 434 445 451 453 478 484 503 537 545 553 566 605 610 664 673 687 724 763 776 803 818 824 834 852 862 888 909 918 927 943 991 994 1020 1022 1078 1095 1101 1116 1121 1122 1133 1136 1151 1160 1174 1186 1194 1198 1304 1341 1349 1366 1412 1420 1440 1467 1499 1506 1547 1555 1596 1617 1672 1682 1705 1706 1729 1735 1751 1794 1801 1845 1865 1881 1904
Compactness: 9574.733867
Weights: 1173.000000 20334.000000 5546.000000
Center Node: 385

District 11
Nodes: 7 10 12 19 41 46 92 100 125 147 160 207 238 242 255 257 262 264 343 358 388 420 493 511 512 523 579 593 599 606 607 632 644 655 680 690 748 753 768 782 822 823 859 894 897 1026 1045 1049 1072 1075 1077 1115 1140 1159 1163 1170 1185 1221 1250 1251 1256 1274 1312 1317 1335 1360 1368 1401 1454 1471 1538 1548 1557 1561 1566 1608 1623 1659 1683 1690 1715 1734 1743 1753 1785 1803 1822 1842 1857 1863 1868 1877 1887 1905 1908 1935 1990 1998
Compactness: 10616.379387
Weights: 1145.000000 20691.000000 5380.000000
Center Node: 680

District 12
Nodes: 15 37 65 66 86 122 135 173 190 196 203 232 251 287 288 290 303 309 321 326 331 335 357 373 377 409 414 463 479 496 510 515 538 615 624 665 688 717 772 784 785 787 798 815 830 870 904 935 970 988 1000 1023 1035 1066 1089 1097 1120 1135 1147 1158 1169 1260 1263 1266 1306 1323 1325 1343 1348 1353 1354 1367 1387 1408 1456 1479 1485 1495 1504 1522 1565 1579 1592 1599 1616 1621 1637 1647 1657 1689 1709 1725 1728 1741 1742 1781 1797 1804 1884 1892 1917 1944 1950 1952 1980 1995
Compactness: 10963.332748
Weights: 1211.000000 21815.000000 5889.000000
Center Node: 203

District 13
Nodes: 20 51 58 84 152 156 234 249 297 300 305 311 315 318 319 359 381 422 423 480 487 517 551 583 634 676 685 696 702 705 707 731 738 802 805 812 836 848 873 880 885 958 969 976 977 980 990 1055 1058 1060 1063 1071 1113 1162 1164 1225 1241 1322 1358 1362 1378 1382 1396 1405 1417 1425 1426 1435 1446 1450 1464 1478 1491 1492 1514 1524 1560 1567 1598 1620 1631 1638 1639 1643 1660 1695 1723 1739 1774 1779 1807 1810 1856 1885 1886 1928 1956 1963 1976
Compactness: 9114.339024
Weights: 1041.000000 19816.000000 5727.000000
Center Node: 977

District 14
Nodes: 1 23 54 74 120 126 150 166 199 224 250 270 283 301 338 341 350 351 380 392 402 443 448 450 519 520 572 582 600 633 662 716 759 791 793 800 807 813 820 844 850 853 879 882 891 906 926 948 953 1015 1017 1043 1051 1098 1103 1173 1192 1213 1218 1247 1253 1292 1297 1299 1303 1311 1340 1356 1376 1414 1429 1445 1451 1488 1490 1527 1568 1584 1593 1600 1642 1654 1658 1680 1685 1707 1731 1758 1768 1817 1820 1834 1848 1872 1888 1903 1929 1947 1957 1967
Compactness: 9868.925849
Weights: 1249.000000 21180.000000 5446.000000
Center Node: 1340

District 15
Nodes: 11 70 75 85 87 98 105 159 180 192 212 218 233 256 258 263 347 396 465 506 507 556 584 591 647 649 675 703 712 739 742 755 789 811 816 837 838 863 866 871 872 889 895 919 930 964 995 1011 1037 1038 1048 1061 1065 1067 1099 1126 1139 1166 1202 1249 1257 1277 1278 1282 1298 1313 1320 1326 1337 1346 1392 1462 1466 1468 1473 1494 1517 1521 1525 1530 1535 1543 1576 1589 1603 1626 1666 1684 1696 1732 1757 1762 1789 1828 1907 1934 1945 1960
Compactness: 25716.017469
Weights: 1247.000000 20287.000000 5918.000000
Center Node: 159

District 16
Nodes: 57 71 76 79 132 151 176 177 205 209 229 265 285 302 356 361 382 411 412 419 461 486 491 554 563 567 573 597 601 602 608 618 672 693 722 729 750 751 769 790 867 910 934 941 955 978 979 989 992 999 1030 1039 1044 1054 1056 1079 1114 1117 1131 1153 1228 1258 1291 1295 1390 1407 1422 1460 1461 1497 1498 1518 1624 1646 1662 1673 1674 1686 1700 1721 1722 1736 1740 1767 1780 1799 1819 1823 1839 1869 1870 1893 1897 1912 1914 1927 1942 1946 1972 1977
Compactness: 9824.372909
Weights: 1196.000000 20529.000000 5884.000000
Center Node: 209

District 17
Nodes: 36 43 47 49 93 103 138 143 146 244 295 316 378 384 389 464 504 518 534 539 543 547 555 576 580 626 646 661 666 679 726 741 839 845 922 928 944 950 984 1005 1006 1028 1052 1068 1070 1080 1127 1134 1175 1176 1187 1210 1214 1242 1254 1265 1287 1302 1321 1344 1351 1365 1370 1379 1380 1383 1400 1447 1484 1486 1515 1542 1556 1573 1606 1611 1641 1645 1679 1710 1755 1764 1775 1787 1805 1860 1861 1925 1931 1943 1971 1979 1983 1992 1993 1996 1997
Compactness: 8962.909807
Weights: 1201.000000 20496.000000 5384.000000
Center Node: 143

District 18
Nodes: 28 69 108 158 164 165 167 171 185 188 217 219 246 279 289 312 330 342 354 387 410 467 472 475 483 509 529 535 628 637 650 668 684 691 709 718 754 771 777 780 792 796 865 883 884 892 905 916 937 939 945 962 986 998 1027 1033 1041 1108 1129 1138 1150 1168 1171 1179 1183 1205 1222 1264 1328 1333 1336 1375 1377 1384 1430 1432 1448 1452 1500 1529 1554 1571 1580 1588 1630 1632 1733 1765 1777 1816 1825 1855 1864 1890 1940 1953 1988
Compactness: 9890.924201
Weights: 1146.000000 20712.000000 5353.000000
Center Node: 1777

District 19
Nodes: 0 8 18 22 27 32 45 50 63 81 82 102 154 174 178 184 210 216 259 276 294 310 327 328 336 340 348 398 426 427 440 492 521 541 546 562 568 571 581 635 660 669 670 677 678 700 701 728 732 734 736 740 765 804 825 826 832 843 877 881 903 954 1012 1047 1105 1145 1184 1193 1196 1212 1235 1255 1267 1269 1272 1347 1373 1402 1404 1418 1427 1458 1520 1574 1594 1635 1640 1652 1702 1760 1761 1766 1770 1813 1919 1959 1973 1974 1987 1989
Compactness: 14000.195740
Weights: 1162.000000 21788.000000 5870.000000
Center Node: 1184

District 20
Nodes: 24 44 59 64 78 89 90 97 115 124 144 215 226 241 266 272 298 364 403 405 416 430 433 455 458 469 482 485 499 505 526 564 598 622 648 674 694 747 749 760 781 806 821 841 851 868 878 961 963 1018 1076 1094 1109 1110 1124 1142 1146 1204 1207 1216 1243 1290 1307 1316 1324 1381 1394 1409 1437 1465 1502 1532 1537 1553 1581 1586 1634 1687 1714 1747 1749 1756 1776 1783 1788 1809 1846 1849 1853 1867 1871 1879 1889 1920 1938 1941 1966 1969 1975
Compactness: 14344.226229
Weights: 1194.000000 21270.000000 5893.000000
Center Node: 458
