BalanceViolation 1165.111000
AffinityLoss 3766.000000
Compactness 118271.681994

District 1
Nodes: 14 52 56 75 148 221 261 314 323 338 460 509 512 634 636 637 659 677 692 706 707 769 879 905 908 998 1211 1250 1331 1336 1386 1421 1472 1530 1609 1686 1744 1753 1761
Compactness: 2337.029758
Weights: 494.000000 8194.000000 2282.000000
Center Node: 52

District 2
Nodes: 4 26 36 62 93 188 232 252 345 386 521 537 580 679 721 801 829 841 975 996 1015 1021 1126 1127 1193 1241 1242 1428 1457 1474 1631 1688 1706 1726 1762 1767 1820 1852 1905 1942 1978 1988
Compactness: 2869.667683
Weights: 487.000000 8138.000000 2512.000000
Center Node: 1726

District 3
Nodes: 47 128 209 276 295 330 331 413 426 605 681 695 724 742 793 889 1059 1091 1125 1178 1267 1301 1302 1315 1387 1389 1520 1560 1663 1665 1727 1777 1835 1888 1954 1976 1999
Compactness: 2132.229447
Weights: 411.000000 8905.000000 1996.000000
Center Node: 1315

District 4
Nodes: 87 310 369 392 412 490 583 592 612 619 653 685 700 759 784 823 878 896 897 1081 1257 1271 1368 1388 1399 1432 1434 1473 1572 1629 1647 1680 1718 1799 1814 1847 1885 1938 1972
Compactness: 2000.936655
Weights: 479.000000 8678.000000 2235.000000
Center Node: 1434

District 5
Nodes: 146 173 187 247 259 382 430 436 486 541 575 631 768 835 846 853 859 869 906 1038 1107 1108 1172 1238 1243 1300 1328 1375 1412 1452 1501 1504 1556 1642 1705 1795 1825 1864 1889 1950 1962
Compactness: 2431.078381
Weights: 446.000000 8106.000000 2438.000000
Center Node: 1300

District 6
Nodes: 8 12 45 59 170 192 355 372 383 540 565 574 622 717 820 852 913 942 972 1026 1030 1088 1129 1210 1270 1290 1335 1449 1492 1499 1519 1551 1628 1641 1673 1685 1692 1697 1720 1818 1845 1916
Compactness: 2329.925397
Weights: 497.000000 8887.000000 2359.000000
Center Node: 1685

District 7
Nodes: 40 60 78 106 135 150 196 246 341 353 371 376 431 488 497 589 621 625 657 744 999 1020 1043 1061 1073 1075 1115 1222 1279 1352 1393 1430 1469 1481 1729 1769 1794 1923 1983
Compactness: 1924.848297
Weights: 473.000000 8153.000000 2517.000000
Center Node: 1923

District 8
Nodes: 95 182 256 306 319 368 384 398 408 476 506 661 691 758 803 811 824 912 997 1116 1131 1141 1228 1258 1347 1366 1411 1458 1488 1502 1508 1612 1613 1687 1730 1838 1840 1853 1873 1907
Compactness: 3425.677963
Weights: 510.000000 8110.000000 2174.000000
Center Node: 811

District 9
Nodes: 27 50 162 168 278 282 343 443 523 800 843 914 921 951 967 1046 1057 1086 1146 1195 1201 1218 1233 1245 1256 1261 1266 1361 1415 1493 1510 1518 1534 1719 1751 1760 1801 1822 1874 1930 1982 1992
Compactness: 2897.605428
Weights: 456.000000 8104.000000 2250.000000
Center Node: 1233

District 10
Nodes: 51 69 105 138 154 236 237 249 416 441 466 520 545 551 586 603 658 673 740 1001 1018 1150 1204 1239 1306 1384 1385 1454 1482 1485 1568 1582 1588 1691 1704 1711 1714 1728 1827 1932 1936 1947
Compactness: 2996.701205
Weights: 451.000000 8298.000000 2334.000000
Center Node: 105

District 11
Nodes: 23 111 163 167 205 281 294 313 391 421 450 505 558 591 602 684 703 751 765 766 867 886 922 966 987 1145 1184 1237 1276 1382 1398 1401 1495 1500 1553 1587 1622 1798 1826 1839 1875
Compactness: 2344.684105
Weights: 481.000000 8812.000000 2387.000000
Center Node: 684

District 12
Nodes: 1 17 68 175 272 360 364 388 437 440 478 594 611 656 710 715 741 748 755 832 877 903 936 1063 1093 1109 1120 1232 1413 1426 1512 1516 1605 1809 1821 1981
Compactness: 1633.622053
Weights: 455.000000 8700.000000 2242.000000
Center Node: 748

District 13
Nodes: 43 113 201 203 244 262 283 329 348 396 635 780 802 839 917 1119 1143 1147 1191 1289 1370 1397 1406 1427 1448 1517 1660 1717 1766 1788 1796 1819 1828 1834 1890 1912 1914 1991 1993
Compactness: 2119.092945
Weights: 500.000000 8851.000000 2259.000000
Center Node: 1427

District 14
Nodes: 0 161 181 214 218 285 288 296 339 350 367 387 414 420 422 427 429 472 485 566 600 610 640 891 937 948 1027 1105 1134 1177 1187 1354 1425 1446 1464 1555 1562 1824 1867 1896
Compactness: 2392.464212
Weights: 489.000000 8579.000000 2343.000000
Center Node: 1867

District 15
Nodes: 55 67 80 109 160 166 404 483 516 534 585 736 763 874 916 934 940 957 982 992 1052 1080 1099 1213 1280 1403 1414 1461 1540 1542 1623 1632 1776 1782 1800 1857 1940 1946 1961
Compactness: 2074.563341
Weights: 422.000000 8822.000000 2089.000000
Center Node: 957

District 16
Nodes: 96 125 155 243 354 444 529 548 582 690 850 892 928 960 963 1000 1019 1024 1035 1045 1054 1069 1153 1154 1171 1185 1205 1234 1365 1498 1627 1644 1646 1707 1823 1849 1922 1975
Compactness: 1994.968501
Weights: 462.000000 8313.000000 2361.000000
Center Node: 1024

District 17
Nodes: 6 58 81 126 151 229 245 292 406 434 511 538 564 607 663 672 687 712 733 813 840 847 870 939 944 945 946 954 979 1002 1031 1087 1295 1319 1363 1395 1487 1557 1621 1855 1924 1941 1953
Compactness: 2885.376836
Weights: 488.000000 8904.000000 2389.000000
Center Node: 564

District 18
Nodes: 123 139 194 241 254 300 305 403 464 484 513 530 539 571 689 714 716 718 727 734 754 799 806 831 848 860 956 991 1074 1121 1135 1220 1435 1444 1445 1471 1574 1668 1715 1931 1945
Compactness: 2368.121245
Weights: 456.000000 8829.000000 2232.000000
Center Node: 305

District 19
Nodes: 5 70 116 122 131 142 183 230 279 290 333 342 393 467 473 517 543 593 598 618 662 676 693 725 743 873 895 910 1040 1097 1123 1332 1343 1355 1479 1599 1635 1652 1738 1805 1994 1996
Compactness: 2966.684614
Weights: 506.000000 8730.000000 2162.000000
Center Node: 1652

District 20
Nodes: 48 99 115 134 164 191 263 435 442 599 777 785 807 857 882 899 959 1033 1055 1098 1103 1149 1155 1186 1197 1277 1296 1299 1308 1405 1433 1528 1566 1648 1677 1713 1812 1833 1928 1974
Compactness: 2018.961891
Weights: 495.000000 8841.000000 2402.000000
Center Node: 807

District 21
Nodes: 39 53 177 179 390 438 495 498 620 767 819 856 887 923 990 1008 1036 1044 1090 1096 1139 1161 1174 1183 1227 1255 1274 1344 1422 1450 1459 1462 1468 1571 1577 1581 1585 1747 1755 1756 1856 1944
Compactness: 2643.111305
Weights: 483.000000 8844.000000 2357.000000
Center Node: 1571

District 22
Nodes: 35 49 72 108 176 220 271 307 568 624 639 664 682 694 713 738 770 774 779 795 880 935 1039 1053 1095 1136 1176 1207 1303 1309 1380 1475 1511 1639 1749 1816 1844 1906 1908 1920 1956
Compactness: 2801.216983
Weights: 467.000000 8142.000000 2283.000000
Center Node: 779

District 23
Nodes: 13 200 324 340 400 453 487 494 499 526 549 590 615 726 732 782 838 863 884 898 949 984 1079 1151 1167 1188 1198 1254 1283 1304 1402 1423 1559 1561 1662 1681 1937 1943 1949
Compactness: 2628.469314
Weights: 484.000000 8145.000000 2385.000000
Center Node: 782

District 24
Nodes: 11 25 63 140 204 240 397 401 477 504 536 554 584 629 632 633 654 665 708 773 828 883 962 980 994 1017 1058 1072 1196 1231 1253 1453 1507 1546 1586 1600 1626 1672 1737 1831 1886 1910
Compactness: 2149.426288
Weights: 539.000000 8120.000000 2339.000000
Center Node: 63

District 25
Nodes: 20 37 132 197 222 293 336 399 462 491 515 560 569 660 760 796 1066 1085 1114 1206 1235 1360 1417 1524 1531 1547 1554 1579 1619 1624 1657 1741 1893 1898 1902 1939 1957 1998
Compactness: 2518.728415
Weights: 489.000000 8559.000000 2176.000000
Center Node: 1893

District 26
Nodes: 7 30 74 82 121 207 238 286 346 375 448 465 531 697 698 720 746 771 786 888 950 1023 1051 1056 1268 1333 1350 1396 1410 1439 1470 1567 1604 1625 1683 1736 1785 1804 1811 1842 1850 1892 1903 1985
Compactness: 2569.046422
Weights: 496.000000 8318.000000 2236.000000
Center Node: 346

District 27
Nodes: 28 44 100 103 152 193 257 320 357 411 597 731 756 775 814 845 885 915 1013 1032 1117 1212 1224 1252 1326 1404 1420 1533 1558 1575 1649 1745 1750 1754 1763 1764 1787 1836 1882 1915 1973
Compactness: 2859.483978
Weights: 500.000000 8739.000000 2188.000000
Center Node: 1558

District 28
Nodes: 85 91 104 119 130 156 198 227 287 317 328 428 471 510 577 669 711 808 809 815 822 830 865 890 1006 1070 1158 1159 1230 1418 1541 1583 1598 1607 1637 1712 1734 1832 1868 1913
Compactness: 2541.306079
Weights: 489.000000 8643.000000 2338.000000
Center Node: 317

District 29
Nodes: 65 251 258 274 321 402 405 535 817 826 842 866 926 1034 1042 1060 1062 1071 1089 1102 1229 1265 1322 1338 1348 1429 1476 1537 1538 1545 1548 1595 1620 1636 1655 1682 1779 1895 1921
Compactness: 2308.546985
Weights: 496.000000 8100.000000 2215.000000
Center Node: 1071

District 30
Nodes: 79 107 169 208 277 334 347 349 380 395 451 454 456 480 559 606 627 668 794 833 961 1009 1064 1118 1175 1208 1305 1372 1480 1505 1592 1608 1689 1708 1759 1854 1859 1869 1965 1966 1977
Compactness: 2316.154016
Weights: 488.000000 8714.000000 2243.000000
Center Node: 79

District 31
Nodes: 2 54 84 86 270 291 302 315 457 522 576 641 649 753 798 871 872 938 1041 1157 1165 1203 1251 1269 1378 1424 1467 1478 1532 1573 1594 1633 1700 1710 1765 1866 1899 1909
Compactness: 2500.034979
Weights: 463.000000 8126.000000 2363.000000
Center Node: 1203

District 32
Nodes: 147 158 219 265 269 322 325 410 424 459 542 617 671 704 788 791 901 927 943 965 993 1113 1189 1192 1264 1294 1324 1346 1367 1543 1544 1617 1643 1671 1752 1773 1817 1846 1929 1933 1952 1967 1990
Compactness: 2564.630325
Weights: 493.000000 8904.000000 2371.000000
Center Node: 1324

District 33
Nodes: 41 101 117 143 157 213 297 299 389 418 446 501 503 616 628 648 666 745 783 821 931 941 947 953 1162 1173 1334 1345 1373 1390 1408 1436 1497 1515 1645 1716 1778 1861 1880 1883
Compactness: 2294.025463
Weights: 503.000000 8906.000000 2129.000000
Center Node: 1645

District 34
Nodes: 29 33 46 73 83 89 97 374 379 423 474 588 595 683 834 868 955 977 1028 1048 1122 1209 1285 1321 1327 1342 1349 1376 1523 1570 1670 1698 1774 1783 1790 1911 1927 1964 1984 1989 1995
Compactness: 2312.559870
Weights: 481.000000 8143.000000 2339.000000
Center Node: 1342

District 35
Nodes: 22 61 88 231 298 409 415 502 514 572 573 604 638 642 647 651 675 688 701 749 757 1163 1225 1288 1291 1490 1601 1615 1694 1723 1725 1793 1803 1877 1918 1970 1971 1986 1997
Compactness: 1912.821431
Weights: 455.000000 8951.000000 2097.000000
Center Node: 1877

District 36
Nodes: 64 110 137 210 309 337 352 358 519 670 729 747 750 764 772 797 812 854 930 1005 1029 1047 1065 1067 1077 1083 1130 1200 1216 1217 1263 1377 1431 1456 1463 1484 1602
Compactness: 2609.167315
Weights: 470.000000 7878.000000 2191.000000
Center Node: 729

District 37
Nodes: 19 42 77 120 216 250 266 280 432 449 452 528 532 550 567 630 680 781 805 816 862 894 932 933 968 1152 1164 1181 1249 1292 1318 1477 1527 1596 1661 1667 1721 1735 1786 1887
Compactness: 2031.839984
Weights: 466.000000 8861.000000 2151.000000
Center Node: 1661

District 38
Nodes: 10 71 124 165 180 202 228 316 433 533 579 581 762 818 929 969 983 1100 1112 1166 1246 1247 1259 1297 1298 1314 1341 1351 1357 1391 1437 1441 1486 1536 1569 1606 1634 1678 1768 1780 1802 1813 1951
Compactness: 2445.927596
Weights: 438.000000 8903.000000 2384.000000
Center Node: 1536

District 39
Nodes: 16 18 90 98 136 275 303 312 327 332 351 370 552 609 719 787 851 864 919 920 1144 1156 1170 1190 1223 1313 1358 1371 1416 1451 1535 1589 1690 1709 1758 1781 1791 1810 1863 1879 1917
Compactness: 2246.358929
Weights: 495.000000 8718.000000 2381.000000
Center Node: 327

District 40
Nodes: 21 38 127 212 255 267 385 455 470 475 492 547 596 643 646 778 909 1004 1007 1068 1082 1092 1124 1138 1182 1262 1278 1364 1465 1584 1603 1659 1674 1733 1757 1772 1841 1848 1876
Compactness: 2177.282447
Weights: 450.000000 8571.000000 2267.000000
Center Node: 1841

District 41
Nodes: 31 76 94 159 253 264 289 425 489 508 527 546 562 608 650 705 709 730 849 875 1132 1137 1244 1311 1320 1400 1489 1509 1514 1563 1666 1702 1724 1731 1770 1775 1829 1894 1926 1948
Compactness: 2241.631706
Weights: 489.000000 8311.000000 2372.000000
Center Node: 1702

District 42
Nodes: 186 195 225 248 301 507 524 544 667 776 804 911 964 973 1094 1226 1248 1260 1317 1356 1440 1442 1443 1526 1580 1593 1611 1614 1638 1651 1653 1656 1696 1746 1748 1871 1878 1901 1959 1968
Compactness: 2600.165056
Weights: 491.000000 8596.000000 2249.000000
Center Node: 1746

District 43
Nodes: 34 57 114 118 185 226 318 362 479 518 557 613 614 623 674 678 702 723 876 971 1160 1215 1281 1284 1362 1381 1383 1549 1578 1618 1676 1699 1701 1837 1881 1904 1934 1960 1980
Compactness: 1800.629156
Weights: 495.000000 8913.000000 2369.000000
Center Node: 1881

District 44
Nodes: 102 133 178 189 217 224 268 308 359 361 496 645 652 790 792 836 981 1037 1142 1236 1310 1340 1394 1455 1491 1494 1552 1564 1565 1640 1784 1789 1843 1870 1872 1919 1955
Compactness: 1866.167661
Weights: 502.000000 8144.000000 2202.000000
Center Node: 1236

District 45
Nodes: 144 153 199 260 311 335 344 366 419 481 601 752 827 900 902 924 925 988 995 1050 1101 1106 1128 1202 1221 1293 1325 1330 1339 1353 1369 1374 1506 1522 1610 1792 1797 1806 1830 1865 1900
Compactness: 2451.120509
Weights: 480.000000 8726.000000 2243.000000
Center Node: 1865

District 46
Nodes: 9 15 129 149 172 223 356 407 445 469 525 728 739 810 825 881 952 958 978 1110 1148 1168 1169 1180 1194 1287 1307 1329 1409 1466 1503 1525 1616 1654 1675 1684 1740 1860 1884 1891 1969 1987
Compactness: 2110.042317
Weights: 481.000000 8802.000000 2380.000000
Center Node: 1684

District 47
Nodes: 184 206 211 304 394 461 468 556 570 655 686 722 861 985 1010 1022 1025 1049 1084 1111 1219 1275 1286 1316 1323 1359 1460 1496 1513 1529 1550 1590 1630 1664 1695 1742 1851 1897 1935
Compactness: 2199.834994
Weights: 513.000000 8893.000000 2133.000000
Center Node: 1286

District 48
Nodes: 32 141 145 174 284 326 377 378 381 439 482 493 500 563 696 837 904 974 989 1003 1012 1078 1104 1272 1312 1392 1407 1419 1669 1693 1732 1815 1862 1925 1958
Compactness: 1962.751924
Weights: 438.000000 8092.000000 2410.000000
Center Node: 439

District 49
Nodes: 24 112 171 233 239 273 363 365 417 447 458 463 553 555 561 587 626 644 735 737 761 789 855 986 1133 1214 1240 1273 1282 1379 1447 1521 1650 1679 1703 1739 1771 1807 1858 1963
Compactness: 2457.859758
Weights: 454.000000 8171.000000 2378.000000
Center Node: 553

District 50
Nodes: 3 66 92 190 215 234 235 242 373 578 699 844 858 893 907 918 970 976 1011 1014 1016 1076 1140 1179 1199 1337 1438 1483 1539 1576 1591 1597 1658 1722 1743 1808 1979
Compactness: 2007.100830
Weights: 440.000000 8178.000000 2413.000000
Center Node: 1140
