BalanceViolation 39.780000
AffinityLoss 1632.000000
Compactness 106737.868434

District 1
Nodes: 51 78 88 99 139 150 191 206 222 236 249 341 342 347 373 380 390 421 429 440 454 462 471 480 487 497 503 512 530 536 541 543 569 617 630 634 712 714 718 746 752 778 798 816 919 932 973 976 981 988 989 994
Compactness: 5172.279476
Weights: 639.000000 11090.000000 2726.000000
Center Node: 139

District 2
Nodes: 15 23 31 53 82 102 105 164 181 184 195 208 229 250 263 268 275 281 295 316 391 412 436 475 482 490 636 640 661 667 680 683 690 711 760 765 789 870 896 931 936 938 949 961 968 975 995 999
Compactness: 12479.707148
Weights: 561.000000 10366.000000 2934.000000
Center Node: 968

District 3
Nodes: 3 21 35 43 47 80 108 125 129 133 158 159 174 178 182 197 213 217 245 246 252 260 289 306 331 343 374 394 447 450 548 564 571 593 604 618 664 687 689 697 720 748 791 811 878 901 924 928
Compactness: 3940.735969
Weights: 569.000000 10320.000000 2788.000000
Center Node: 571

District 4
Nodes: 2 28 103 113 152 153 154 167 179 205 285 300 351 354 358 365 367 370 381 428 444 502 539 554 570 597 598 629 631 649 669 692 694 703 726 736 755 795 806 814 828 843 897 923 940 951 967 982
Compactness: 4463.146685
Weights: 577.000000 10587.000000 2903.000000
Center Node: 570

District 5
Nodes: 87 90 101 116 143 145 155 173 185 187 215 235 258 280 284 302 307 326 333 398 416 419 426 431 452 486 515 565 599 606 644 650 656 721 745 761 785 819 829 831 845 873 895 922 937 947 950 998
Compactness: 4820.857960
Weights: 626.000000 10265.000000 2927.000000
Center Node: 185

District 6
Nodes: 6 7 16 22 34 84 97 112 130 132 161 172 193 196 225 264 288 297 344 360 378 386 396 403 448 465 476 528 544 550 552 580 585 587 662 679 751 804 825 850 854 859 860 915 925 933 939 946 960 963 986
Compactness: 4566.368541
Weights: 623.000000 10958.000000 2966.000000
Center Node: 679

District 7
Nodes: 104 146 148 157 163 176 200 214 248 282 287 296 352 400 407 411 417 472 500 589 608 612 622 635 637 653 659 696 704 730 733 734 767 775 782 792 801 810 890 908 954 956 962 969 972 979 993
Compactness: 4066.657461
Weights: 560.000000 10153.000000 2722.000000
Center Node: 801

District 8
Nodes: 20 41 63 64 76 123 194 210 237 254 273 294 298 314 320 324 350 418 509 510 516 518 522 523 532 534 626 643 654 672 693 715 743 744 757 758 769 776 783 797 842 881 904 906 912 918 953 958 997
Compactness: 7326.377946
Weights: 577.000000 10908.000000 2953.000000
Center Node: 320

District 9
Nodes: 18 19 29 45 59 65 91 96 122 135 136 162 189 199 202 211 219 239 240 266 276 286 468 489 538 562 566 567 574 579 584 588 607 627 670 684 685 717 741 749 774 800 805 848 849 858 876 886
Compactness: 4480.813166
Weights: 615.000000 10328.000000 2724.000000
Center Node: 607

District 10
Nodes: 24 33 70 115 126 137 144 201 216 233 241 242 255 265 274 290 338 375 408 435 441 470 477 493 576 641 668 698 702 705 722 735 771 787 799 817 820 823 827 836 846 852 856 857 874 885 916 941 983
Compactness: 5293.849865
Weights: 592.000000 10981.000000 2709.000000
Center Node: 983

District 11
Nodes: 8 11 36 38 56 68 117 121 138 141 171 204 221 259 305 319 328 334 368 382 384 406 420 438 458 469 484 496 508 514 525 540 542 546 559 561 647 708 719 766 781 790 794 818 869 903 920 952 978 992
Compactness: 4746.462904
Weights: 580.000000 10206.000000 2995.000000
Center Node: 406

District 12
Nodes: 13 27 48 55 60 77 83 127 131 142 168 209 224 226 227 234 267 279 291 345 363 372 376 413 433 451 473 479 494 511 521 524 526 592 602 619 655 676 678 699 826 851 855 864 871 882 898 902 905 984
Compactness: 5626.340159
Weights: 625.000000 10497.000000 2950.000000
Center Node: 494

District 13
Nodes: 1 30 50 54 57 67 69 72 73 93 109 228 230 232 247 269 303 311 329 330 349 359 422 425 457 460 467 498 499 531 553 556 578 583 633 648 657 663 674 724 738 770 773 788 807 813 835 867 880 913 926 930 943 965
Compactness: 5068.805073
Weights: 616.000000 11113.000000 2898.000000
Center Node: 1

District 14
Nodes: 4 12 25 52 66 92 110 151 156 190 283 292 312 325 335 346 362 385 387 389 392 423 461 464 488 557 558 575 603 605 614 625 675 723 728 739 768 777 796 824 832 841 893 900 914 917 921 977
Compactness: 3967.416617
Weights: 626.000000 10135.000000 2835.000000
Center Node: 614

District 15
Nodes: 5 10 58 71 81 147 183 223 238 261 293 310 317 322 323 337 353 397 415 445 446 474 478 517 555 594 609 624 628 642 673 688 691 713 753 754 762 764 784 786 809 862 868 872 877 889 907 911 945 970 987
Compactness: 5127.817566
Weights: 606.000000 10470.000000 2997.000000
Center Node: 517

District 16
Nodes: 26 37 46 89 111 149 165 186 192 198 218 257 262 277 304 356 377 383 410 414 443 459 463 483 492 504 505 519 535 563 596 600 660 665 681 682 695 710 716 731 750 779 780 802 812 830 847 879 892 927 942 971 980
Compactness: 4637.841247
Weights: 577.000000 11125.000000 2716.000000
Center Node: 37

District 17
Nodes: 9 14 44 75 95 106 119 124 128 140 180 207 253 270 315 318 327 357 369 401 409 427 430 439 442 466 491 513 533 547 572 577 586 601 611 620 632 645 652 658 737 756 822 834 839 840 853 875 894 899 909 929
Compactness: 8090.444697
Weights: 629.000000 10830.000000 2798.000000
Center Node: 44

District 18
Nodes: 17 39 42 62 74 85 86 98 107 120 134 160 166 220 271 278 299 339 340 388 399 404 455 481 485 495 549 551 560 582 610 615 616 671 700 707 725 729 732 740 759 808 821 866 888 910 934 955 957 964 966 990
Compactness: 4457.360541
Weights: 613.000000 10399.000000 2985.000000
Center Node: 42

District 19
Nodes: 61 100 114 118 170 177 203 244 251 308 313 332 364 379 393 395 402 424 432 434 449 501 527 529 537 568 573 581 613 623 639 651 677 706 727 793 803 837 861 863 865 883 884 891 944 948 974 985 996
Compactness: 4429.354574
Weights: 597.000000 11037.000000 2723.000000
Center Node: 985

District 20
Nodes: 0 32 40 49 79 94 169 175 188 212 231 243 256 272 301 309 321 336 348 355 361 366 371 405 437 453 456 506 507 520 545 590 591 595 621 638 646 666 686 701 709 742 747 763 772 815 833 838 844 887 935 959 991
Compactness: 3975.230839
Weights: 597.000000 10336.000000 2965.000000
Center Node: 763
