BalanceViolation 60.110000
AffinityLoss 3171.000000
Compactness 206006.529738

District 1
Nodes: 30 36 37 95 112 223 228 269 294 333 353 365 366 383 384 429 461 482 509 518 534 538 549 562 572 582 597 629 636 651 672 681 683 740 748 761 765 785 821 823 837 864 866 867 890 931 936 964 967 1008 1076 1127 1131 1140 1141 1158 1175 1194 1196 1208 1218 1220 1227 1286 1301 1309 1351 1373 1381 1455 1528 1530 1550 1569 1588 1607 1624 1625 1630 1651 1653 1657 1688 1694 1697 1722 1747 1779 1807 1818 1834 1845 1852 1856 1874 1906 1925 1954 1959 1982
Compactness: 10466.706414
Weights: 1232.000000 21564.000000 5542.000000
Center Node: 1874

District 2
Nodes: 8 10 64 93 116 129 132 135 137 149 170 171 188 189 191 232 243 272 293 301 336 363 380 397 428 442 458 488 493 495 532 540 575 619 680 685 688 704 714 716 755 777 792 794 807 845 858 869 916 917 925 948 949 1009 1037 1081 1086 1152 1154 1190 1263 1281 1295 1344 1378 1389 1408 1425 1436 1488 1496 1512 1535 1537 1538 1541 1543 1557 1558 1559 1598 1619 1627 1640 1655 1685 1707 1717 1725 1741 1761 1842 1847 1857 1860 1887 1889 1893 1926 1941 1968
Compactness: 10626.291235
Weights: 1133.000000 21167.000000 5950.000000
Center Node: 680

District 3
Nodes: 27 96 98 104 115 125 160 176 214 229 246 280 309 348 350 359 361 367 369 412 460 464 467 471 489 505 513 517 523 526 548 551 565 577 578 598 604 626 640 649 660 674 699 723 730 735 747 791 810 853 860 891 892 900 909 919 940 956 991 1016 1033 1047 1051 1084 1085 1114 1120 1149 1191 1200 1233 1291 1321 1371 1395 1426 1430 1442 1466 1482 1508 1523 1582 1602 1605 1611 1613 1648 1675 1687 1689 1729 1734 1770 1828 1831 1851 1879 1902 1924 1955 1969 1986 1995
Compactness: 15596.766253
Weights: 1254.000000 21435.000000 6039.000000
Center Node: 1602

District 4
Nodes: 14 25 68 75 78 128 145 163 185 198 203 205 242 271 311 339 343 344 352 387 393 407 411 421 426 432 436 439 481 522 527 561 633 634 641 700 736 753 770 776 779 803 844 861 868 885 901 952 958 966 979 985 986 1013 1090 1125 1163 1230 1238 1240 1257 1279 1285 1312 1327 1346 1350 1363 1375 1454 1460 1469 1501 1522 1526 1542 1566 1596 1638 1643 1646 1658 1664 1692 1699 1715 1796 1800 1843 1878 1899 1939 1953 1967 1987 1994
Compactness: 7997.702943
Weights: 1098.000000 20611.000000 5561.000000
Center Node: 1692

District 5
Nodes: 5 6 66 76 81 82 133 136 138 158 162 218 288 297 303 334 362 406 468 496 520 537 571 590 632 658 665 671 693 710 739 762 773 796 805 859 884 912 918 938 960 973 987 999 1057 1069 1074 1082 1088 1091 1136 1146 1164 1199 1217 1219 1243 1259 1302 1326 1341 1348 1401 1424 1437 1444 1470 1492 1553 1556 1562 1583 1585 1589 1594 1612 1626 1634 1650 1667 1711 1719 1727 1730 1731 1735 1749 1750 1763 1773 1790 1827 1836 1883 1917 1919 1933 1993
Compactness: 10680.850334
Weights: 1154.000000 21795.000000 5670.000000
Center Node: 158

District 6
Nodes: 7 54 61 62 65 144 190 200 210 213 216 286 290 313 321 371 405 423 431 469 480 503 533 543 592 596 617 646 653 654 657 675 677 750 754 766 778 790 801 831 856 883 887 920 923 935 944 995 996 1007 1014 1015 1020 1021 1040 1062 1075 1123 1129 1147 1174 1176 1197 1206 1212 1260 1265 1269 1275 1289 1298 1330 1335 1352 1366 1377 1391 1409 1445 1462 1481 1518 1539 1555 1573 1597 1599 1684 1703 1706 1740 1755 1767 1784 1822 1824 1844 1864 1885 1910
Compactness: 11509.443561
Weights: 1201.000000 21443.000000 6050.000000
Center Node: 431

District 7
Nodes: 29 35 69 70 87 91 111 121 143 151 166 219 247 250 252 270 292 302 320 324 403 445 525 621 643 647 655 673 682 694 713 719 720 722 728 742 769 781 788 814 828 846 854 880 894 904 905 937 997 1028 1053 1060 1064 1066 1106 1109 1134 1153 1181 1203 1209 1305 1323 1337 1343 1379 1396 1417 1449 1475 1495 1500 1503 1507 1515 1570 1576 1610 1642 1661 1662 1673 1677 1698 1704 1712 1723 1739 1744 1748 1808 1825 1829 1841 1865 1922 1934 1952 1960 1977 1988
Compactness: 9347.846506
Weights: 1140.000000 21145.000000 5988.000000
Center Node: 1712

District 8
Nodes: 4 43 60 86 99 124 154 177 212 282 298 312 354 422 449 450 465 501 504 510 519 521 542 600 612 613 625 650 678 689 690 697 698 701 724 733 757 758 759 768 782 786 787 798 799 808 822 836 852 898 969 970 974 983 1054 1059 1071 1095 1139 1142 1148 1224 1245 1294 1307 1310 1332 1338 1361 1374 1376 1380 1387 1390 1392 1397 1421 1434 1457 1459 1463 1504 1510 1520 1524 1532 1551 1604 1629 1631 1678 1693 1724 1737 1746 1760 1778 1811 1815 1833 1867 1872 1921 1973
Compactness: 10218.805720
Weights: 1256.000000 21804.000000 6081.000000
Center Node: 504

District 9
Nodes: 1 13 18 19 22 53 56 108 119 164 165 167 180 181 199 202 206 215 221 258 262 331 404 427 430 441 446 476 477 490 511 550 563 581 614 670 705 732 734 743 840 848 875 876 882 888 932 1010 1022 1056 1089 1093 1103 1119 1126 1186 1192 1201 1234 1249 1254 1270 1274 1311 1328 1358 1370 1372 1386 1407 1414 1431 1435 1438 1465 1485 1491 1536 1549 1552 1586 1633 1654 1659 1686 1702 1728 1789 1793 1806 1810 1863 1869 1873 1880 1900 1914 1932 1936 1943 1946 1976 1979 1985 1989
Compactness: 9862.293761
Weights: 1231.000000 19849.000000 6022.000000
Center Node: 875

District 10
Nodes: 0 34 44 63 72 77 178 244 261 289 328 351 377 378 382 485 530 552 553 564 611 635 659 676 691 695 715 718 737 745 756 789 795 802 813 825 830 832 886 907 961 976 981 990 993 998 1031 1041 1072 1092 1094 1099 1107 1135 1188 1198 1229 1277 1296 1322 1329 1342 1402 1415 1423 1447 1451 1521 1534 1546 1564 1572 1622 1628 1645 1647 1652 1696 1720 1721 1726 1764 1786 1804 1830 1854 1861 1871 1890 1896 1897 1904 1972 1984 1991 1999
Compactness: 9401.645249
Weights: 1196.000000 19969.000000 5545.000000
Center Node: 1198

District 11
Nodes: 9 59 88 100 131 179 207 220 241 245 264 273 296 306 332 342 349 357 358 398 408 416 462 466 475 484 491 516 567 589 594 601 652 668 696 771 775 806 818 834 843 871 873 893 899 902 906 913 939 946 978 1027 1043 1044 1063 1077 1115 1116 1128 1157 1159 1162 1213 1223 1237 1262 1282 1292 1303 1304 1319 1334 1400 1472 1473 1484 1489 1514 1519 1584 1615 1617 1620 1621 1671 1679 1708 1714 1736 1745 1774 1782 1802 1819 1821 1837 1846 1849 1911 1912 1950 1980
Compactness: 10000.460657
Weights: 1251.000000 21166.000000 6027.000000
Center Node: 1213

District 12
Nodes: 2 17 26 73 90 97 101 103 106 130 140 161 204 222 224 239 283 285 310 318 319 335 337 341 373 433 443 451 456 473 528 558 580 585 605 645 702 717 746 849 879 908 915 943 988 1002 1011 1067 1068 1073 1083 1096 1104 1112 1132 1182 1185 1226 1228 1241 1283 1287 1288 1290 1306 1316 1317 1360 1368 1403 1411 1412 1418 1422 1443 1448 1509 1517 1533 1560 1603 1753 1771 1785 1839 1859 1866 1875 1876 1895 1907 1913 1916 1920 1923 1942 1944 1965 1971 1974
Compactness: 9798.939282
Weights: 1262.000000 21754.000000 5523.000000
Center Node: 106

District 13
Nodes: 12 33 45 50 55 71 157 175 227 234 237 253 266 278 299 317 329 355 372 375 376 385 395 396 410 414 457 492 499 500 524 541 546 587 599 609 630 661 663 666 709 712 767 800 829 874 929 957 971 977 1026 1030 1042 1058 1070 1111 1145 1165 1172 1187 1221 1236 1242 1264 1299 1315 1320 1398 1399 1416 1429 1456 1467 1476 1574 1575 1587 1590 1618 1668 1669 1676 1683 1690 1705 1733 1738 1758 1768 1792 1901 1908 1915 1931 1951 1957 1983
Compactness: 11970.677541
Weights: 1168.000000 20081.000000 5790.000000
Center Node: 1574

District 14
Nodes: 3 31 49 52 57 58 79 83 109 122 123 153 172 173 184 208 233 259 277 281 295 300 304 307 316 327 356 360 389 394 459 470 479 486 498 506 531 547 557 570 583 607 620 622 623 627 642 744 752 764 783 784 804 812 819 847 897 926 941 955 965 968 994 1003 1005 1012 1024 1046 1155 1160 1167 1180 1207 1215 1222 1250 1268 1318 1345 1347 1353 1393 1394 1419 1433 1439 1458 1486 1498 1499 1554 1563 1581 1601 1637 1718 1757 1762 1766 1781 1803 1809 1813 1826 1832 1850 1855 1862 1870 1881 1964 1970
Compactness: 10925.488152
Weights: 1254.000000 20864.000000 6078.000000
Center Node: 1813

District 15
Nodes: 11 16 20 24 84 120 127 147 182 194 201 225 238 249 265 274 279 346 379 386 390 399 417 419 472 474 544 615 667 687 721 729 780 835 838 839 851 862 863 896 921 924 927 980 1000 1001 1032 1048 1052 1078 1108 1110 1138 1143 1168 1205 1232 1239 1252 1255 1256 1271 1272 1278 1280 1293 1308 1339 1355 1367 1382 1385 1406 1440 1461 1471 1525 1527 1531 1577 1593 1639 1641 1682 1788 1794 1805 1816 1823 1935 1956 1958
Compactness: 8214.860091
Weights: 1176.000000 19759.000000 5537.000000
Center Node: 1272

District 16
Nodes: 42 47 85 89 102 113 126 134 146 150 152 211 251 254 256 260 267 287 305 326 330 400 444 447 454 487 507 514 556 586 595 608 631 684 751 809 816 817 878 895 942 945 951 1019 1025 1035 1087 1101 1105 1130 1151 1169 1173 1183 1195 1214 1247 1251 1314 1324 1349 1364 1405 1428 1450 1453 1464 1478 1494 1505 1516 1544 1578 1609 1644 1660 1680 1716 1754 1777 1787 1797 1814 1817 1835 1838 1882 1891 1894 1903 1905 1918 1928 1937 1948 1975
Compactness: 10110.545821
Weights: 1202.000000 19775.000000 5606.000000
Center Node: 1817

District 17
Nodes: 21 38 46 48 67 74 114 117 118 148 193 197 209 231 236 240 257 268 275 325 401 402 435 437 448 455 545 559 566 569 579 584 602 606 628 637 662 664 679 686 706 708 738 772 827 865 903 910 922 930 933 934 953 959 962 963 984 989 1004 1018 1045 1055 1080 1098 1144 1161 1204 1216 1225 1231 1253 1284 1340 1404 1410 1446 1452 1468 1479 1480 1493 1548 1568 1580 1608 1614 1756 1759 1798 1820 1853 1884 1927 1962 1963 1997 1998
Compactness: 8585.642034
Weights: 1129.000000 19834.000000 6004.000000
Center Node: 708

District 18
Nodes: 41 51 80 94 141 155 168 183 196 248 338 368 409 415 438 453 463 483 494 512 529 574 591 656 692 703 727 731 741 749 774 793 797 824 826 842 872 877 889 928 947 950 982 1017 1023 1038 1049 1050 1100 1117 1118 1122 1156 1177 1179 1184 1189 1193 1210 1235 1244 1246 1266 1267 1336 1354 1383 1413 1474 1477 1483 1513 1565 1579 1592 1595 1623 1649 1656 1663 1665 1670 1681 1691 1695 1700 1751 1769 1783 1848 1945 1949 1961 1978 1981
Compactness: 11941.339240
Weights: 1195.000000 21511.000000 5553.000000
Center Node: 1513

District 19
Nodes: 15 28 32 39 40 92 107 139 142 156 159 174 186 187 217 226 230 235 284 291 308 315 347 370 381 388 391 392 413 424 425 434 478 502 508 515 536 554 555 560 568 588 593 603 616 624 638 639 669 707 711 811 833 841 850 855 870 911 914 954 972 1029 1039 1097 1102 1133 1150 1166 1178 1258 1276 1313 1325 1331 1333 1362 1365 1384 1441 1529 1547 1561 1567 1600 1666 1672 1674 1709 1732 1742 1743 1752 1765 1772 1775 1776 1791 1799 1868 1892 1898 1909 1929 1940 1966
Compactness: 8935.869113
Weights: 1242.000000 20246.000000 5853.000000
Center Node: 603

District 20
Nodes: 23 105 110 169 192 195 255 263 276 314 322 323 340 345 364 374 418 420 440 452 497 535 539 573 576 610 618 644 648 725 726 760 763 815 820 857 881 975 992 1006 1034 1036 1061 1065 1079 1113 1121 1124 1137 1170 1171 1202 1211 1248 1261 1273 1297 1300 1356 1357 1359 1369 1388 1420 1427 1432 1487 1490 1497 1502 1506 1511 1540 1545 1571 1591 1606 1616 1632 1635 1636 1701 1710 1713 1780 1795 1801 1812 1840 1858 1877 1886 1888 1930 1938 1947 1990 1992 1996
Compactness: 9814.355831
Weights: 1205.000000 19828.000000 5847.000000
Center Node: 1427
