BalanceViolation 622.448000
AffinityLoss 1902.000000
Compactness 65156.361566

District 1
Nodes: 42 109 244 298 300 309 377 399 550 564 582 593 595 750 793 854 884 950 959 963 965
Compactness: 1285.617422
Weights: 249.000000 4358.000000 1171.000000
Center Node: 300

District 2
Nodes: 13 95 168 336 355 387 396 423 468 476 513 580 610 637 728 794 832 863 865
Compactness: 1109.010052
Weights: 233.000000 4157.000000 1082.000000
Center Node: 168

District 3
Nodes: 28 54 103 115 116 143 183 217 299 311 547 629 717 826 905 921 926 928 997
Compactness: 1032.146123
Weights: 209.000000 4033.000000 1153.000000
Center Node: 547

District 4
Nodes: 81 161 171 196 205 252 265 293 338 363 601 604 647 677 725 763 772 786 814 823 989
Compactness: 1322.412422
Weights: 243.000000 4191.000000 1138.000000
Center Node: 823

District 5
Nodes: 3 11 92 182 226 227 235 246 276 285 344 350 370 371 429 528 679 741 751 775 800
Compactness: 1248.504897
Weights: 259.000000 4108.000000 1100.000000
Center Node: 350

District 6
Nodes: 5 31 55 67 76 79 112 119 134 203 218 273 435 448 540 622 695 707 711 778 912
Compactness: 1258.339450
Weights: 251.000000 4099.000000 1171.000000
Center Node: 695

District 7
Nodes: 323 369 413 455 463 477 500 521 591 632 642 653 689 694 700 842 896 917 962 985
Compactness: 1524.236444
Weights: 220.000000 4294.000000 1178.000000
Center Node: 962

District 8
Nodes: 18 101 106 172 189 249 297 301 316 353 465 497 518 617 648 719 758 879 919 922
Compactness: 1592.334367
Weights: 258.000000 4253.000000 1113.000000
Center Node: 297

District 9
Nodes: 22 125 146 245 283 319 321 358 510 531 541 556 616 621 703 785 816 853 856 860
Compactness: 1387.841894
Weights: 245.000000 4468.000000 1004.000000
Center Node: 283

District 10
Nodes: 84 91 123 140 185 214 261 335 406 418 471 504 656 666 735 889 895 967 981
Compactness: 1065.138213
Weights: 237.000000 4401.000000 1069.000000
Center Node: 895

District 11
Nodes: 87 142 207 258 286 312 454 482 569 588 618 663 687 729 791 839 845 872 948 952
Compactness: 1373.694404
Weights: 241.000000 4349.000000 1140.000000
Center Node: 454

District 12
Nodes: 36 85 130 228 279 295 366 381 400 460 598 628 635 638 673 686 701 752 861 908 940 957
Compactness: 1147.777007
Weights: 252.000000 4407.000000 1168.000000
Center Node: 673

District 13
Nodes: 21 32 63 86 266 367 372 398 417 641 649 660 699 745 846 850 937 954
Compactness: 2532.624442
Weights: 257.000000 4019.000000 1119.000000
Center Node: 699

District 14
Nodes: 19 50 74 82 165 201 202 210 236 322 394 457 537 562 623 668 715 790 830 888
Compactness: 1142.357581
Weights: 248.000000 4299.000000 1161.000000
Center Node: 457

District 15
Nodes: 2 48 61 133 145 243 250 255 447 458 486 538 557 560 603 651 787 804 862 871 936
Compactness: 1223.243791
Weights: 263.000000 4212.000000 1059.000000
Center Node: 48

District 16
Nodes: 58 99 155 222 239 306 427 494 498 505 585 631 730 767 824 855 868 870 915 920
Compactness: 1410.517478
Weights: 232.000000 4036.000000 1192.000000
Center Node: 767

District 17
Nodes: 7 69 80 102 333 347 404 474 487 597 607 672 780 802 806 866 885 916 955 975 984
Compactness: 1631.375212
Weights: 192.000000 4345.000000 1168.000000
Center Node: 916

District 18
Nodes: 30 40 160 166 220 248 251 337 461 478 506 572 573 602 720 782 867 874 878 887
Compactness: 939.534246
Weights: 254.000000 4181.000000 1117.000000
Center Node: 602

District 19
Nodes: 66 96 97 138 154 167 305 317 473 481 483 496 520 614 636 709 877 992 993
Compactness: 1375.691562
Weights: 250.000000 4356.000000 1174.000000
Center Node: 993

District 20
Nodes: 27 45 135 170 188 275 395 421 442 449 492 552 613 657 682 704 811 852 942 991
Compactness: 1344.093166
Weights: 232.000000 4393.000000 1162.000000
Center Node: 613

District 21
Nodes: 128 129 148 164 197 277 409 431 511 519 536 542 605 690 692 746 903 938 960
Compactness: 1397.982635
Weights: 243.000000 4032.000000 1111.000000
Center Node: 692

District 22
Nodes: 24 88 120 225 290 292 434 462 464 472 502 526 529 592 732 762 837 894 966
Compactness: 1070.248908
Weights: 243.000000 4157.000000 1159.000000
Center Node: 526

District 23
Nodes: 192 308 339 341 352 412 532 565 568 583 612 650 676 716 742 777 784 986 999
Compactness: 1098.546089
Weights: 240.000000 4421.000000 1080.000000
Center Node: 986

District 24
Nodes: 9 17 64 151 215 365 388 392 466 792 825 838 881 901 906 911 949 956 970 982 998
Compactness: 1819.683707
Weights: 224.000000 4064.000000 1179.000000
Center Node: 838

District 25
Nodes: 62 65 117 131 184 195 200 280 470 523 524 574 615 738 813 834 898 933 974
Compactness: 1120.538384
Weights: 254.000000 4388.000000 1052.000000
Center Node: 184

District 26
Nodes: 29 43 100 132 204 206 208 237 274 282 345 436 446 450 489 512 527 586 932 977
Compactness: 1592.227430
Weights: 246.000000 4352.000000 1095.000000
Center Node: 282

District 27
Nodes: 199 233 270 281 383 389 393 430 451 453 508 549 559 563 587 590 749 809 818
Compactness: 714.070158
Weights: 233.000000 4097.000000 1177.000000
Center Node: 393

District 28
Nodes: 41 176 193 211 331 402 403 415 469 479 507 627 664 685 710 747 788 820 847
Compactness: 1971.106172
Weights: 224.000000 4124.000000 1183.000000
Center Node: 193

District 29
Nodes: 12 37 51 56 113 144 296 313 332 503 669 670 691 705 724 739 859 939 988
Compactness: 769.960442
Weights: 239.000000 4333.000000 1069.000000
Center Node: 56

District 30
Nodes: 83 137 181 229 254 288 314 329 375 379 386 575 609 801 812 822 833 835 843 900 907 945
Compactness: 1326.238290
Weights: 245.000000 4133.000000 1166.000000
Center Node: 379

District 31
Nodes: 57 59 60 110 302 374 378 385 411 425 432 439 441 683 706 713 714 817 864 899 902
Compactness: 1238.478574
Weights: 270.000000 4119.000000 1100.000000
Center Node: 59

District 32
Nodes: 16 33 49 303 330 354 443 484 551 579 625 675 697 736 766 783 789 799 923 925 953
Compactness: 1550.694394
Weights: 238.000000 3999.000000 1096.000000
Center Node: 551

District 33
Nodes: 94 174 209 219 262 268 284 315 405 422 555 606 681 727 737 754 807 976
Compactness: 917.067436
Weights: 250.000000 4020.000000 1086.000000
Center Node: 209

District 34
Nodes: 46 52 68 75 216 267 287 318 346 490 493 516 671 696 731 934 990
Compactness: 972.377540
Weights: 185.000000 4251.000000 1105.000000
Center Node: 490

District 35
Nodes: 47 118 150 180 242 278 307 320 376 539 567 646 722 761 771 773 797 803 875 935 944 961
Compactness: 1275.699112
Weights: 256.000000 4373.000000 1171.000000
Center Node: 278

District 36
Nodes: 6 8 44 53 107 121 253 271 291 357 364 410 501 546 639 693 712 723 890 996
Compactness: 1094.782485
Weights: 259.000000 4180.000000 1093.000000
Center Node: 723

District 37
Nodes: 122 156 240 257 264 294 325 424 433 467 589 596 662 781 815 836 892 893 972 994
Compactness: 2467.712559
Weights: 225.000000 4060.000000 1146.000000
Center Node: 240

District 38
Nodes: 26 114 126 173 260 269 340 342 362 426 444 543 578 665 768 849 880 914 931 983
Compactness: 1472.839446
Weights: 271.000000 4005.000000 1181.000000
Center Node: 126

District 39
Nodes: 39 90 152 163 175 178 186 232 256 272 373 384 401 440 459 514 548 608 634 688 848 930
Compactness: 1332.495773
Weights: 287.000000 4261.000000 1074.000000
Center Node: 459

District 40
Nodes: 0 98 139 169 213 230 304 334 397 535 624 630 644 726 740 827 909 910 964 978
Compactness: 1202.298159
Weights: 240.000000 4241.000000 1174.000000
Center Node: 98

District 41
Nodes: 15 70 78 93 179 221 414 485 544 566 576 718 757 796 851 904 924 941 973 980 987
Compactness: 947.138558
Weights: 254.000000 4431.000000 974.000000
Center Node: 78

District 42
Nodes: 23 34 158 324 328 343 348 380 428 522 534 553 581 753 828 844 876 886 946 968
Compactness: 1087.898221
Weights: 254.000000 4393.000000 1176.000000
Center Node: 380

District 43
Nodes: 20 35 89 124 141 149 177 390 517 571 643 667 702 748 779 857 869 882 969 979 995
Compactness: 1084.321178
Weights: 253.000000 4227.000000 1166.000000
Center Node: 869

District 44
Nodes: 38 190 234 263 438 456 488 509 525 530 554 570 577 633 756 770 883 929 943
Compactness: 1004.292227
Weights: 265.000000 4367.000000 1053.000000
Center Node: 577

District 45
Nodes: 25 77 162 191 238 241 289 356 382 480 611 619 674 733 734 759 760 798 810 831 897
Compactness: 1226.792789
Weights: 240.000000 4249.000000 1143.000000
Center Node: 831

District 46
Nodes: 71 105 187 310 349 360 368 452 491 594 599 626 652 655 661 684 698 743 744
Compactness: 1227.321915
Weights: 250.000000 4434.000000 1073.000000
Center Node: 698

District 47
Nodes: 72 136 159 198 223 231 327 351 420 445 515 561 678 680 708 755 764 769 776 808
Compactness: 1251.421572
Weights: 240.000000 4196.000000 1119.000000
Center Node: 445

District 48
Nodes: 4 108 147 153 194 259 326 416 475 495 533 640 774 805 819 858 873 891 918
Compactness: 1623.697903
Weights: 234.000000 4174.000000 1114.000000
Center Node: 326

District 49
Nodes: 10 14 104 127 419 545 600 645 658 721 765 821 840 913 927 951 958 971
Compactness: 1044.900942
Weights: 215.000000 4145.000000 1131.000000
Center Node: 104

District 50
Nodes: 1 73 111 157 212 224 247 359 361 391 407 408 437 499 558 584 620 654 659 795 829 841 947
Compactness: 1307.038398
Weights: 296.000000 3939.000000 1136.000000
Center Node: 73
