BalanceViolation 568.575000
AffinityLoss 3408.000000
Compactness 195697.126588

District 1
Nodes: 9 16 18 22 25 40 60 78 106 108 129 135 136 140 150 196 223 246 303 312 327 332 341 370 376 401 409 415 431 469 488 497 552 572 621 625 629 651 657 663 719 744 774 787 813 851 864 880 883 919 939 994 999 1017 1020 1043 1058 1061 1073 1075 1115 1156 1169 1170 1222 1223 1231 1279 1352 1358 1363 1393 1395 1416 1430 1453 1469 1475 1481 1503 1507 1535 1586 1589 1600 1601 1690 1694 1729 1758 1791 1794 1803 1810 1831 1886 1923 1983
Compactness: 11899.873499
Weights: 1203.000000 20284.000000 6027.000000
Center Node: 25

District 2
Nodes: 32 34 87 114 118 132 145 174 197 226 293 310 336 369 378 381 392 412 462 479 490 500 515 557 569 583 592 612 614 619 653 674 678 685 700 723 759 784 823 878 896 897 1003 1081 1160 1183 1206 1215 1235 1257 1271 1284 1362 1368 1383 1388 1399 1417 1432 1434 1450 1473 1549 1554 1572 1579 1618 1619 1629 1647 1669 1680 1701 1718 1732 1741 1755 1799 1814 1837 1847 1881 1885 1893 1934 1938 1972 1980 1998
Compactness: 7334.663023
Weights: 1115.000000 20296.000000 5334.000000
Center Node: 896

District 3
Nodes: 7 21 30 36 82 121 127 188 206 207 232 238 252 286 304 345 346 354 375 385 388 448 465 470 521 529 531 537 580 643 646 690 697 698 720 722 746 786 829 841 850 888 909 950 960 975 996 1000 1015 1021 1023 1051 1054 1056 1171 1182 1193 1219 1241 1268 1275 1333 1350 1359 1410 1428 1439 1457 1465 1470 1567 1590 1604 1625 1659 1688 1706 1707 1736 1757 1762 1767 1772 1785 1804 1811 1820 1823 1841 1842 1876 1892 1903 1905 1978 1985 1988
Compactness: 10295.064063
Weights: 1131.000000 19851.000000 5513.000000
Center Node: 286

District 4
Nodes: 13 83 123 139 144 153 194 241 254 300 305 311 335 343 366 384 403 453 464 484 499 513 526 530 539 549 571 590 601 689 714 716 718 727 732 734 754 782 799 806 831 848 860 868 884 914 924 925 949 951 955 956 967 988 991 1074 1106 1121 1128 1135 1146 1188 1198 1220 1221 1293 1330 1339 1361 1369 1415 1423 1435 1444 1445 1471 1488 1502 1522 1523 1534 1559 1561 1574 1610 1662 1668 1715 1760 1797 1822 1830 1865 1873 1900 1930 1931 1943 1945
Compactness: 8915.687536
Weights: 1159.000000 21713.000000 5566.000000
Center Node: 530

District 5
Nodes: 44 51 79 103 105 107 138 152 154 193 208 236 257 258 277 320 347 349 357 395 402 405 441 454 466 520 545 551 586 603 627 658 668 673 731 740 756 775 794 814 833 842 885 926 961 983 1013 1032 1034 1064 1118 1150 1159 1172 1175 1212 1243 1252 1298 1306 1322 1372 1384 1385 1404 1420 1441 1454 1480 1482 1485 1533 1537 1538 1545 1558 1568 1575 1582 1588 1608 1649 1691 1708 1711 1714 1728 1734 1750 1754 1763 1764 1787 1827 1836 1869 1882 1889 1915 1932 1936 1947 1973 1977
Compactness: 9458.635464
Weights: 1186.000000 22109.000000 5612.000000
Center Node: 1558

District 6
Nodes: 19 42 54 55 67 77 80 84 109 147 160 166 250 270 280 302 315 404 424 432 449 452 457 483 516 522 534 550 576 585 631 736 753 763 781 798 805 871 872 874 894 916 932 933 934 940 957 982 992 1038 1052 1080 1099 1152 1164 1165 1192 1203 1213 1251 1280 1292 1318 1346 1378 1403 1414 1424 1461 1467 1478 1532 1540 1542 1543 1573 1594 1596 1617 1623 1632 1633 1661 1765 1773 1776 1782 1786 1795 1800 1817 1825 1857 1864 1866 1899 1909 1940 1946 1952 1961 1990
Compactness: 9191.164179
Weights: 1196.000000 21900.000000 5468.000000
Center Node: 992

District 7
Nodes: 12 45 59 74 76 93 94 159 170 184 192 264 383 386 473 489 508 517 527 540 543 546 565 570 598 655 705 709 717 721 730 801 820 852 875 895 913 942 972 985 1010 1026 1030 1040 1084 1126 1129 1137 1210 1242 1244 1270 1290 1320 1323 1332 1343 1396 1449 1460 1474 1489 1492 1496 1499 1513 1519 1529 1541 1550 1551 1599 1631 1641 1673 1685 1692 1697 1720 1724 1726 1731 1738 1742 1775 1818 1829 1845 1851 1852 1916 1926 1942
Compactness: 12640.768377
Weights: 1175.000000 20280.000000 5408.000000
Center Node: 76

District 8
Nodes: 6 15 29 33 46 73 81 95 149 182 256 306 319 356 368 374 398 408 423 445 474 476 506 525 595 661 672 683 687 691 728 758 803 810 811 824 825 834 840 881 912 952 954 958 977 978 997 1028 1048 1110 1116 1122 1131 1141 1148 1168 1180 1194 1228 1258 1287 1295 1307 1319 1321 1327 1329 1342 1347 1349 1366 1376 1409 1411 1458 1508 1525 1570 1612 1613 1616 1621 1654 1670 1675 1684 1687 1698 1730 1774 1783 1790 1838 1840 1853 1855 1891 1907 1911 1924 1927 1964 1984 1987 1989 1995
Compactness: 9717.512593
Weights: 1251.000000 20992.000000 5942.000000
Center Node: 1927

District 9
Nodes: 3 20 37 50 66 113 141 203 215 222 234 242 262 283 326 329 373 377 396 399 439 443 482 491 493 560 563 578 635 660 696 699 760 762 780 796 802 818 837 893 904 917 929 969 974 989 1012 1014 1066 1078 1085 1100 1104 1112 1119 1147 1199 1218 1272 1289 1312 1360 1370 1392 1397 1406 1407 1419 1427 1433 1438 1517 1524 1531 1539 1547 1569 1591 1624 1657 1658 1717 1722 1743 1766 1834 1862 1890 1898 1902 1912 1914 1925 1939 1957 1958 1991
Compactness: 8517.288767
Weights: 1163.000000 20356.000000 6011.000000
Center Node: 262

District 10
Nodes: 47 64 110 120 128 158 209 219 265 269 276 295 309 322 325 330 331 337 410 413 426 459 532 542 605 617 630 670 671 680 681 695 704 724 729 742 747 750 764 772 788 791 793 797 854 889 901 927 930 943 965 993 1005 1029 1047 1059 1067 1077 1083 1091 1113 1125 1130 1178 1189 1200 1216 1217 1263 1264 1267 1294 1301 1302 1315 1324 1367 1387 1389 1431 1477 1484 1520 1527 1544 1560 1602 1643 1663 1665 1671 1727 1752 1777 1835 1846 1888 1929 1933 1954 1967 1976 1999
Compactness: 8752.010140
Weights: 1199.000000 21884.000000 5714.000000
Center Node: 1954

District 11
Nodes: 14 52 58 65 89 97 133 148 178 189 199 221 224 229 260 261 268 292 308 314 321 323 338 344 359 361 379 406 419 460 481 496 509 512 588 634 645 652 659 677 692 706 712 733 752 769 826 827 836 847 866 900 902 905 908 946 979 981 995 1002 1027 1037 1050 1101 1142 1202 1209 1250 1285 1325 1331 1348 1353 1374 1394 1421 1455 1476 1491 1494 1506 1530 1548 1552 1557 1564 1565 1640 1655 1686 1779 1784 1792 1806 1870 1921 1941 1953 1955
Compactness: 9749.139741
Weights: 1133.000000 20836.000000 5562.000000
Center Node: 314

District 12
Nodes: 2 38 86 96 125 146 155 169 173 187 212 243 255 259 267 291 382 430 444 451 455 475 480 486 492 547 548 559 575 582 596 641 649 768 778 835 846 853 859 869 892 928 938 963 1004 1007 1009 1019 1024 1035 1041 1045 1068 1069 1082 1092 1107 1108 1124 1138 1153 1154 1157 1185 1205 1208 1234 1238 1262 1269 1278 1300 1328 1364 1365 1375 1412 1452 1498 1504 1556 1584 1592 1603 1627 1642 1644 1646 1674 1700 1710 1733 1848 1849 1922 1962 1965 1966 1975
Compactness: 9471.483423
Weights: 1132.000000 20454.000000 5976.000000
Center Node: 1185

District 13
Nodes: 28 41 100 101 117 143 157 161 163 213 214 216 218 247 266 299 339 367 387 389 411 429 436 446 485 501 503 514 528 541 558 566 567 597 616 628 640 647 648 666 688 701 703 745 783 816 845 862 867 886 891 906 915 931 941 947 953 968 1105 1117 1134 1162 1173 1181 1187 1224 1225 1249 1288 1291 1326 1334 1345 1373 1390 1401 1408 1436 1464 1497 1501 1515 1553 1555 1587 1615 1645 1667 1705 1716 1721 1735 1745 1778 1826 1861 1880 1883 1887 1950
Compactness: 9224.423053
Weights: 1182.000000 22226.000000 5739.000000
Center Node: 1645

District 14
Nodes: 39 43 53 57 177 179 180 185 195 201 202 225 244 318 348 362 390 438 495 498 507 518 524 544 613 620 623 667 702 767 776 804 819 839 856 876 887 911 923 964 971 973 990 1008 1036 1044 1090 1096 1114 1139 1143 1161 1174 1191 1226 1227 1248 1255 1274 1281 1317 1344 1381 1422 1440 1442 1443 1448 1459 1462 1468 1526 1571 1577 1578 1581 1585 1593 1611 1638 1653 1656 1660 1676 1678 1696 1699 1746 1747 1756 1768 1788 1796 1819 1828 1856 1871 1901 1904 1944 1959 1960 1993
Compactness: 9743.144113
Weights: 1238.000000 22127.000000 5914.000000
Center Node: 1255

District 15
Nodes: 1 4 5 26 31 62 70 116 122 131 142 156 175 183 211 230 253 272 279 289 290 333 342 360 364 393 394 425 437 440 461 467 468 478 556 562 593 608 611 618 650 662 669 676 679 686 693 710 725 741 743 755 771 832 849 861 873 910 1022 1025 1049 1063 1093 1097 1109 1111 1120 1123 1127 1132 1232 1286 1311 1316 1355 1400 1413 1426 1479 1509 1512 1516 1563 1605 1630 1635 1652 1664 1666 1683 1695 1702 1770 1805 1809 1821 1850 1894 1897 1935 1948 1981 1994 1996
Compactness: 8708.597305
Weights: 1248.000000 22277.000000 5622.000000
Center Node: 1635

District 16
Nodes: 0 10 24 56 69 75 112 115 171 191 237 239 249 251 273 274 296 363 365 416 417 420 442 447 458 463 472 535 553 555 561 587 599 626 636 637 644 707 735 737 789 817 855 879 882 899 959 986 998 1018 1042 1055 1060 1062 1071 1089 1102 1103 1133 1151 1155 1166 1177 1204 1211 1214 1229 1239 1240 1265 1273 1282 1336 1338 1379 1386 1429 1447 1472 1521 1595 1609 1620 1636 1650 1679 1682 1703 1713 1739 1744 1761 1771 1802 1833 1858 1895 1928 1963
Compactness: 9467.997600
Weights: 1203.000000 21520.000000 5887.000000
Center Node: 1595

District 17
Nodes: 8 17 68 71 85 91 104 119 124 130 165 186 198 227 228 248 287 301 316 317 328 334 355 372 380 428 433 456 471 510 533 574 577 579 581 594 606 622 656 711 715 748 808 809 815 822 830 865 877 890 903 936 1001 1006 1070 1088 1094 1158 1230 1246 1247 1259 1260 1297 1305 1314 1335 1341 1351 1356 1357 1391 1418 1437 1486 1505 1514 1536 1580 1583 1598 1606 1607 1614 1628 1634 1637 1651 1689 1704 1712 1748 1759 1780 1813 1832 1854 1859 1868 1878 1913 1951 1968
Compactness: 11024.611222
Weights: 1217.000000 22316.000000 5828.000000
Center Node: 1418

District 18
Nodes: 23 35 49 61 72 88 111 137 167 176 205 210 220 231 271 281 294 297 298 307 313 352 353 358 371 391 418 421 450 502 505 519 568 573 589 591 602 604 624 638 639 642 664 682 684 694 713 738 751 757 765 766 770 779 795 812 821 922 935 966 987 1039 1053 1065 1095 1136 1145 1163 1176 1184 1207 1237 1276 1303 1309 1377 1380 1382 1398 1456 1463 1490 1495 1500 1511 1622 1639 1725 1749 1769 1798 1816 1839 1844 1875 1906 1908 1920 1956 1970 1986 1997
Compactness: 8958.510630
Weights: 1249.000000 22231.000000 5858.000000
Center Node: 1816

District 19
Nodes: 27 48 92 99 134 162 164 168 190 200 233 235 263 278 282 284 324 340 400 435 487 494 523 615 726 761 777 785 800 807 838 843 844 857 858 863 898 907 918 921 970 976 984 1011 1016 1033 1046 1057 1076 1079 1086 1098 1140 1149 1167 1179 1186 1195 1197 1201 1233 1245 1254 1256 1261 1266 1277 1283 1296 1299 1304 1308 1337 1402 1405 1483 1493 1510 1518 1528 1566 1576 1597 1648 1677 1681 1693 1719 1751 1753 1801 1807 1808 1812 1815 1874 1937 1949 1974 1979 1982 1992
Compactness: 10146.678290
Weights: 1251.000000 21846.000000 6009.000000
Center Node: 984

District 20
Nodes: 11 63 90 98 102 126 151 172 181 204 217 240 245 275 285 288 350 351 397 407 414 422 427 434 477 504 511 536 538 554 564 584 600 607 609 610 632 633 654 665 675 708 739 749 773 790 792 828 870 920 937 944 945 948 962 980 1031 1072 1087 1144 1190 1196 1236 1253 1310 1313 1340 1354 1371 1425 1446 1451 1466 1487 1546 1562 1626 1672 1709 1723 1737 1740 1781 1789 1793 1824 1843 1860 1863 1867 1872 1877 1879 1884 1896 1910 1917 1918 1919 1969 1971
Compactness: 12479.873570
Weights: 1255.000000 20567.000000 5555.000000
Center Node: 504
