BalanceViolation 1214.401000
AffinityLoss 0.000000
Compactness 63775.604553

District 1
Nodes: 48 61 71 105 229 255 368 447 486 491 538 557 560 599 603 626 684 698 787 801 843 936
Compactness: 1731.092968
Weights: 253.000000 4293.000000 1112.000000
Center Node: 255

District 2
Nodes: 13 95 168 294 355 396 423 467 468 476 513 580 610 699 832 863 865
Compactness: 798.419139
Weights: 196.000000 4033.000000 949.000000
Center Node: 513

District 3
Nodes: 9 161 196 205 252 265 338 363 365 392 601 604 647 677 725 772 792 814 823 949 970 989
Compactness: 2334.848671
Weights: 251.000000 4407.000000 1168.000000
Center Node: 363

District 4
Nodes: 5 27 45 108 135 180 203 259 326 442 449 475 495 540 613 657 805 811 819 891 918
Compactness: 1346.821523
Weights: 247.000000 3919.000000 1275.000000
Center Node: 891

District 5
Nodes: 11 33 131 182 200 235 246 285 344 350 426 444 470 528 543 679 775 800 861 898 931
Compactness: 1417.281811
Weights: 263.000000 4422.000000 1078.000000
Center Node: 235

District 6
Nodes: 90 101 158 172 189 317 324 328 343 380 481 520 522 534 553 581 758 844 848 946 992
Compactness: 1060.738206
Weights: 257.000000 4311.000000 1166.000000
Center Node: 758

District 7
Nodes: 44 58 99 155 167 305 306 357 427 498 505 631 693 712 767 855 870 915 920
Compactness: 1366.588478
Weights: 247.000000 4153.000000 1155.000000
Center Node: 155

District 8
Nodes: 22 245 283 303 319 321 472 510 531 541 544 556 621 625 783 853 856 860 976
Compactness: 1108.805410
Weights: 227.000000 4386.000000 1010.000000
Center Node: 283

District 9
Nodes: 73 111 157 212 224 247 359 361 374 391 407 408 411 435 499 558 584 620 659 829 874 887
Compactness: 1388.133128
Weights: 282.000000 3996.000000 1165.000000
Center Node: 361

District 10
Nodes: 124 142 177 207 281 393 430 482 559 563 588 618 687 702 748 749 791 869 952
Compactness: 1116.218632
Weights: 241.000000 4155.000000 1145.000000
Center Node: 702

District 11
Nodes: 39 152 163 175 186 295 401 440 459 489 527 530 548 634 635 686 688 701 922 940
Compactness: 1120.864160
Weights: 262.000000 4103.000000 1121.000000
Center Node: 440

District 12
Nodes: 0 19 50 51 74 84 165 181 204 210 230 334 394 397 623 715 790 812 830 900
Compactness: 1325.978227
Weights: 244.000000 4345.000000 1185.000000
Center Node: 165

District 13
Nodes: 47 148 162 197 242 356 376 431 536 542 567 690 733 760 875 903 938 960
Compactness: 1148.814776
Weights: 227.000000 4363.000000 1039.000000
Center Node: 148

District 14
Nodes: 16 32 49 94 209 260 284 340 362 372 385 405 441 484 665 697 727 745 914 954 972
Compactness: 1166.948792
Weights: 306.000000 3984.000000 1181.000000
Center Node: 745

District 15
Nodes: 82 139 223 244 298 300 304 399 494 535 582 593 630 644 726 740 827 868 965
Compactness: 1304.028823
Weights: 214.000000 4031.000000 1235.000000
Center Node: 399

District 16
Nodes: 24 36 70 225 290 292 462 464 502 592 732 757 762 763 883 894 908 924 980
Compactness: 1220.966172
Weights: 239.000000 4316.000000 1012.000000
Center Node: 894

District 17
Nodes: 10 102 211 308 339 412 474 487 507 532 676 765 821 840 885 927 971 986
Compactness: 1400.509416
Weights: 229.000000 4444.000000 1037.000000
Center Node: 532

District 18
Nodes: 25 310 323 369 382 409 463 477 500 521 632 642 653 661 689 744 810 842 917 962
Compactness: 1439.483739
Weights: 243.000000 4378.000000 1061.000000
Center Node: 25

District 19
Nodes: 17 64 81 151 190 263 373 456 466 488 514 525 554 570 786 825 838 881 906 911 930 982
Compactness: 1531.804834
Weights: 241.000000 4337.000000 1182.000000
Center Node: 554

District 20
Nodes: 65 117 184 195 400 523 524 574 616 628 718 736 738 799 813 834 925 933 941 957 974
Compactness: 1107.509529
Weights: 282.000000 4413.000000 1075.000000
Center Node: 523

District 21
Nodes: 28 54 103 115 116 143 183 217 277 299 311 547 629 717 826 905 921 926 928
Compactness: 1060.529691
Weights: 201.000000 3997.000000 1218.000000
Center Node: 547

District 22
Nodes: 52 68 75 133 145 216 318 458 490 493 585 651 671 696 731 824 862 990
Compactness: 1081.753809
Weights: 204.000000 4246.000000 1097.000000
Center Node: 696

District 23
Nodes: 35 140 149 192 214 341 406 471 517 565 612 667 735 742 784 857 889 988 999
Compactness: 1181.995293
Weights: 233.000000 4337.000000 1064.000000
Center Node: 667

District 24
Nodes: 31 55 67 79 112 119 134 176 194 273 416 448 622 695 707 711 778 873 912 947
Compactness: 1051.428676
Weights: 259.000000 4285.000000 1067.000000
Center Node: 695

District 25
Nodes: 164 238 258 312 454 492 539 569 663 682 746 759 761 773 803 845 942 944 948
Compactness: 1313.841992
Weights: 231.000000 4171.000000 1067.000000
Center Node: 761

District 26
Nodes: 20 83 91 123 187 233 261 335 360 504 571 575 655 656 743 895 896 945 967
Compactness: 1277.661045
Weights: 216.000000 4424.000000 1099.000000
Center Node: 83

District 27
Nodes: 7 57 69 80 110 126 269 342 404 425 432 658 672 706 780 802 817 864 899 916 955 983
Compactness: 1409.890036
Weights: 239.000000 4072.000000 1183.000000
Center Node: 404

District 28
Nodes: 21 60 266 336 367 378 387 398 437 506 637 660 683 714 728 781 794 937 994
Compactness: 1585.962214
Weights: 233.000000 4031.000000 1105.000000
Center Node: 398

District 29
Nodes: 3 43 62 92 144 208 227 237 274 345 366 370 371 381 446 586 638 751 752 932 977
Compactness: 1270.080140
Weights: 239.000000 4428.000000 1161.000000
Center Node: 274

District 30
Nodes: 18 106 215 249 297 301 316 353 388 465 497 518 608 617 648 719 879 901 919 956 998
Compactness: 1370.242981
Weights: 257.000000 4411.000000 1143.000000
Center Node: 249

District 31
Nodes: 26 114 125 173 226 280 330 354 443 551 579 615 675 741 766 789 816 849 880 923 953
Compactness: 1662.682297
Weights: 269.000000 4105.000000 1107.000000
Center Node: 551

District 32
Nodes: 29 100 136 201 202 232 236 272 282 322 348 384 436 457 460 515 668 828 876 886
Compactness: 1481.888089
Weights: 255.000000 4028.000000 1146.000000
Center Node: 232

District 33
Nodes: 137 185 254 288 309 314 329 375 379 386 550 609 750 793 822 833 835 854 907 910 950
Compactness: 958.860023
Weights: 257.000000 4143.000000 1152.000000
Center Node: 314

District 34
Nodes: 23 34 66 96 138 154 351 410 428 473 483 562 614 680 709 764 769 877 968 993 996
Compactness: 1303.867729
Weights: 247.000000 4384.000000 1121.000000
Center Node: 877

District 35
Nodes: 146 156 174 219 262 268 315 358 422 424 555 606 641 681 703 754 785 807 892
Compactness: 1205.888174
Weights: 240.000000 4035.000000 1186.000000
Center Node: 681

District 36
Nodes: 77 129 191 199 241 289 451 453 480 511 605 619 674 692 729 734 798 818 831 897
Compactness: 1272.138274
Weights: 232.000000 4009.000000 1058.000000
Center Node: 191

District 37
Nodes: 4 87 147 153 286 331 415 533 627 640 664 685 710 774 820 847 852 858 991
Compactness: 1181.677694
Weights: 189.000000 4266.000000 1123.000000
Center Node: 858

District 38
Nodes: 63 86 122 240 257 264 325 417 433 589 596 649 662 737 815 836 846 850 893
Compactness: 2195.070050
Weights: 220.000000 4029.000000 1201.000000
Center Node: 240

District 39
Nodes: 72 98 159 169 213 231 327 420 445 561 624 678 708 753 755 776 808 888 909 964 978
Compactness: 1030.453225
Weights: 250.000000 4085.000000 1206.000000
Center Node: 231

District 40
Nodes: 38 85 130 171 178 228 234 256 279 293 438 509 577 598 633 673 756 770 929 943
Compactness: 1372.445610
Weights: 275.000000 4425.000000 1076.000000
Center Node: 438

District 41
Nodes: 1 30 40 76 160 166 218 220 248 251 275 337 461 478 572 573 602 720 782 795 867 878
Compactness: 1554.429025
Weights: 287.000000 4033.000000 1148.000000
Center Node: 166

District 42
Nodes: 12 37 56 113 132 206 296 313 332 450 503 512 537 669 691 705 724 859 939 981
Compactness: 864.484602
Weights: 269.000000 4401.000000 1093.000000
Center Node: 313

District 43
Nodes: 6 8 53 97 107 121 198 239 253 271 291 364 496 501 546 636 639 723 890
Compactness: 1077.048856
Weights: 244.000000 4151.000000 1180.000000
Center Node: 53

District 44
Nodes: 270 349 383 389 413 452 455 508 549 587 590 591 594 611 652 694 700 809 985
Compactness: 995.307998
Weights: 243.000000 4269.000000 1126.000000
Center Node: 383

District 45
Nodes: 41 59 193 302 333 402 403 439 469 479 607 654 713 747 788 806 841 866 902 975 984
Compactness: 1227.822768
Weights: 250.000000 4265.000000 1128.000000
Center Node: 402

District 46
Nodes: 2 42 46 109 222 243 250 267 287 346 377 516 564 595 730 804 871 884 934 959 963
Compactness: 1182.968810
Weights: 238.000000 4343.000000 1141.000000
Center Node: 934

District 47
Nodes: 15 78 88 93 120 179 221 414 434 485 526 529 566 576 796 837 851 904 966 973 987
Compactness: 902.856789
Weights: 250.000000 4340.000000 1064.000000
Center Node: 576

District 48
Nodes: 14 104 127 276 347 419 429 545 578 597 600 645 650 670 721 739 768 913
Compactness: 1144.957481
Weights: 231.000000 4382.000000 1178.000000
Center Node: 127

District 49
Nodes: 89 141 352 390 418 568 583 643 666 716 777 779 839 872 882 951 958 969 979 995
Compactness: 1187.149742
Weights: 241.000000 4322.000000 1131.000000
Center Node: 979

District 50
Nodes: 118 128 150 170 188 278 307 320 395 421 519 552 646 704 722 771 797 935 961 997
Compactness: 934.365006
Weights: 248.000000 3918.000000 1101.000000
Center Node: 395
