BalanceViolation 32.140000
AffinityLoss 0.000000
Compactness 97219.063759

District 1
Nodes: 0 13 32 37 44 49 56 82 93 95 97 115 144 173 200 221 301 306 308 310 330 333 386 403 419 443 475 501 519 563 582 616 620 639 691 711 734 744 751 752 756 813 832 836 849 883 892 905 929 964 988
Compactness: 4658.809653
Weights: 635.000000 10335.000000 3087.000000
Center Node: 306

District 2
Nodes: 10 33 80 120 155 159 168 174 188 189 214 215 219 246 275 350 370 373 390 440 452 464 471 488 509 541 551 568 632 650 659 660 675 696 699 707 708 740 747 799 853 871 896 919 921 943 976 979 984 986
Compactness: 8480.879190
Weights: 615.000000 10249.000000 2839.000000
Center Node: 373

District 3
Nodes: 14 28 36 42 61 89 98 126 242 250 304 320 356 381 404 406 412 418 438 453 481 511 545 569 572 586 663 674 684 693 695 698 748 753 775 778 804 815 824 850 897 923 930 950 955 960 962 987 990
Compactness: 5004.430713
Weights: 629.000000 10097.000000 2966.000000
Center Node: 824

District 4
Nodes: 9 31 43 60 91 99 102 143 210 220 229 252 276 281 297 309 311 314 345 349 436 482 507 516 537 547 566 567 602 686 688 719 738 745 746 750 759 812 834 840 858 877 918 937 958 972 982 998 999
Compactness: 5893.673540
Weights: 601.000000 10782.000000 3049.000000
Center Node: 43

District 5
Nodes: 38 51 73 83 94 104 118 151 162 163 165 166 170 204 205 217 265 272 292 300 331 380 394 415 431 450 478 492 493 518 520 548 549 552 560 599 611 651 676 712 717 724 793 803 851 857 868 869 882 893 927 966 989 991 995
Compactness: 5096.667598
Weights: 625.000000 10555.000000 3057.000000
Center Node: 292

District 6
Nodes: 12 25 34 35 48 92 119 177 185 203 260 305 334 358 361 365 376 433 451 460 479 494 510 525 529 622 641 646 672 714 720 783 788 795 805 825 845 856 867 887 910 959 973 978
Compactness: 3734.533047
Weights: 577.000000 10083.000000 2972.000000
Center Node: 92

District 7
Nodes: 30 46 50 53 68 88 135 145 146 158 179 202 226 248 269 271 274 277 323 341 357 379 384 387 393 427 439 465 497 528 534 550 554 555 578 587 593 604 647 716 718 736 749 762 764 791 801 817 820 946
Compactness: 4069.542622
Weights: 636.000000 10754.000000 2846.000000
Center Node: 179

District 8
Nodes: 1 4 5 6 24 40 55 84 134 147 191 195 227 235 316 318 338 352 354 407 437 449 480 490 498 502 530 600 607 618 623 654 668 690 710 733 760 771 810 828 864 881 884 894 904 928 947 963 980
Compactness: 4538.018415
Weights: 564.000000 10860.000000 2882.000000
Center Node: 134

District 9
Nodes: 16 45 58 79 114 129 137 164 167 175 187 197 231 236 240 262 263 294 337 348 371 396 457 483 499 504 524 531 573 603 606 613 614 621 635 673 685 703 704 705 772 906 908 914 932 935 953 971 975 981
Compactness: 3596.669680
Weights: 631.000000 10796.000000 3121.000000
Center Node: 16

District 10
Nodes: 11 27 47 52 59 67 72 106 133 172 181 199 256 268 278 283 290 295 328 342 347 360 368 391 399 417 463 495 532 564 575 583 589 605 608 649 657 665 671 678 702 737 757 780 785 808 822 861 876 895 913
Compactness: 4096.553760
Weights: 601.000000 11026.000000 3130.000000
Center Node: 678

District 11
Nodes: 3 17 39 57 96 108 116 123 176 193 201 230 319 336 339 382 383 414 423 429 432 434 445 477 486 487 514 536 543 546 595 626 682 743 777 786 797 821 823 829 848 874 875 879 886 902 915 936 941 992 993 994
Compactness: 4125.351595
Weights: 577.000000 10650.000000 2974.000000
Center Node: 875

District 12
Nodes: 7 15 19 64 87 103 122 139 160 171 180 222 239 321 322 325 335 351 367 405 416 446 470 484 489 503 517 523 557 571 579 584 612 633 655 658 669 758 765 792 809 816 839 889 912 933 934 948 949 969
Compactness: 4692.392798
Weights: 635.000000 10235.000000 2951.000000
Center Node: 809

District 13
Nodes: 62 63 65 76 78 86 132 142 149 157 233 241 288 291 299 315 317 324 326 353 378 395 397 408 410 413 424 444 467 473 506 533 556 585 591 594 629 656 670 681 739 794 818 870 873 885 890 924 940 951 957
Compactness: 5865.440715
Weights: 606.000000 10053.000000 3016.000000
Center Node: 132

District 14
Nodes: 29 111 113 121 131 150 182 190 206 234 247 251 254 285 289 303 312 364 377 402 442 448 459 515 538 576 628 637 640 644 661 683 694 725 727 731 761 779 781 787 789 814 833 841 842 852 891 900 907 970
Compactness: 4933.850882
Weights: 587.000000 10871.000000 2983.000000
Center Node: 640

District 15
Nodes: 66 85 109 152 154 169 184 198 213 244 253 261 273 298 332 362 375 409 425 430 435 447 466 472 500 522 542 558 559 565 598 610 627 636 667 689 730 766 827 862 888 898 903 909 920 939 944 967 968
Compactness: 4421.526285
Weights: 637.000000 10347.000000 2896.000000
Center Node: 430

District 16
Nodes: 69 105 140 178 196 207 212 237 258 259 264 266 267 286 287 343 355 420 441 454 456 462 485 505 512 527 544 553 570 580 588 630 631 643 653 715 721 728 741 774 819 826 843 854 926 938 974 996
Compactness: 5397.833481
Weights: 632.000000 10446.000000 3087.000000
Center Node: 843

District 17
Nodes: 8 26 71 77 90 100 110 127 153 186 208 223 224 232 238 255 282 344 363 369 385 392 401 411 476 508 513 526 574 596 597 601 609 625 634 664 666 692 697 723 732 767 768 811 846 865 880 925 956 983 985
Compactness: 5045.826595
Weights: 626.000000 10029.000000 2887.000000
Center Node: 513

District 18
Nodes: 23 41 70 101 107 124 216 218 279 296 327 329 366 374 388 400 426 428 469 491 496 562 581 638 642 648 662 687 700 701 706 709 713 729 742 754 763 770 776 784 790 831 835 847 863 931 945 952
Compactness: 3419.936025
Weights: 569.000000 10826.000000 2911.000000
Center Node: 562

District 19
Nodes: 2 20 21 54 75 112 125 130 141 148 161 183 192 211 225 257 270 293 307 313 359 372 422 455 468 474 535 539 540 577 590 617 677 679 726 755 769 796 802 806 807 830 837 838 844 872 899 942 961 965 977 997
Compactness: 4576.996600
Weights: 622.000000 10972.000000 2918.000000
Center Node: 455

District 20
Nodes: 18 22 74 81 117 128 136 138 156 194 209 228 243 245 249 280 284 302 340 346 389 398 421 458 461 521 561 592 615 619 624 645 652 680 722 735 773 782 798 800 855 859 860 866 878 901 911 916 917 922 954
Compactness: 5570.130563
Weights: 601.000000 11077.000000 3112.000000
Center Node: 859
