BalanceViolation 3601.667000
AffinityLoss 0.000000
Compactness 130162.203438

District 1
Nodes: 52 57 60 70 77 156 184 195 282 285 341 374 515 623 651 662 673 793 809 867 912 988 995 1101 1143 1238 1248 1291 1354 1361 1381 1382 1449 1480 1511 1726 1798 1860 1902 1934
Compactness: 2332.338224
Weights: 449.000000 8228.000000 2412.000000
Center Node: 1361

District 2
Nodes: 15 38 115 151 166 225 231 237 260 265 314 327 343 432 440 447 541 543 579 626 670 682 737 862 873 920 940 990 1004 1010 1023 1168 1251 1326 1395 1471 1525 1703 1705 1930
Compactness: 4452.727877
Weights: 487.000000 8658.000000 2215.000000
Center Node: 1004

District 3
Nodes: 137 154 226 296 303 317 400 466 506 578 591 594 610 621 648 858 872 897 972 1005 1035 1046 1072 1162 1176 1221 1231 1237 1264 1295 1318 1417 1445 1554 1617 1668 1796 1917 1936 1957
Compactness: 3036.418424
Weights: 492.000000 7954.000000 2412.000000
Center Node: 1936

District 4
Nodes: 3 124 147 313 363 454 465 477 493 517 637 672 780 811 874 942 959 965 1086 1120 1242 1294 1421 1431 1452 1533 1549 1572 1651 1665 1711 1786 1787 1808 1935 1970
Compactness: 1724.207324
Weights: 437.000000 7905.000000 2437.000000
Center Node: 147

District 5
Nodes: 34 148 261 279 326 418 490 491 504 508 633 777 787 890 918 921 933 962 977 1076 1149 1164 1181 1243 1244 1262 1288 1439 1497 1498 1558 1679 1731 1750 1765 1789 1815 1873 1910
Compactness: 2184.742367
Weights: 507.000000 8432.000000 2432.000000
Center Node: 508

District 6
Nodes: 53 172 211 213 224 273 429 518 563 584 597 614 625 721 859 882 930 943 992 1038 1082 1098 1106 1111 1196 1226 1305 1340 1389 1483 1571 1592 1613 1672 1673 1702 1773 1802 1825 1919
Compactness: 2523.448423
Weights: 498.000000 8225.000000 2424.000000
Center Node: 1672

District 7
Nodes: 23 107 263 276 289 290 346 417 462 558 596 640 653 725 782 841 886 973 985 1029 1042 1063 1066 1246 1279 1334 1372 1455 1541 1565 1602 1650 1713 1822 1869 1899 1963 1966
Compactness: 2187.843716
Weights: 428.000000 8339.000000 2431.000000
Center Node: 1029

District 8
Nodes: 55 141 284 360 446 554 573 580 613 660 818 866 950 1018 1037 1060 1147 1277 1310 1319 1416 1462 1579 1601 1800 1893 1939
Compactness: 1744.321841
Weights: 322.000000 6325.000000 1576.000000
Center Node: 613

District 9
Nodes: 11 33 73 301 305 310 322 324 503 531 545 711 715 717 736 791 801 964 1054 1213 1227 1234 1250 1273 1314 1335 1348 1534 1561 1622 1646 1648 1652 1723 1741 1823 1836 1924 1942 1977
Compactness: 2165.566412
Weights: 502.000000 8592.000000 2360.000000
Center Node: 305

District 10
Nodes: 22 105 122 228 253 255 302 379 433 463 521 549 611 684 724 748 821 854 861 869 895 1189 1200 1219 1446 1501 1573 1582 1692 1749 1778 1805 1827 1846 1913 1922 1955
Compactness: 2096.616247
Weights: 487.000000 8684.000000 2208.000000
Center Node: 1189

District 11
Nodes: 6 67 85 168 351 372 375 412 431 524 567 635 652 726 752 771 794 800 889 936 997 1036 1073 1081 1121 1220 1239 1260 1369 1453 1575 1581 1606 1674 1684 1695 1816 1891 1916 1961 1974
Compactness: 2640.255681
Weights: 449.000000 8740.000000 2253.000000
Center Node: 652

District 12
Nodes: 24 44 152 165 201 210 335 359 361 422 484 495 520 612 649 706 891 904 910 914 951 1026 1028 1118 1131 1139 1197 1278 1317 1390 1504 1505 1508 1524 1642 1659 1667 1690 1832 1976
Compactness: 2270.631777
Weights: 463.000000 8651.000000 2414.000000
Center Node: 649

District 13
Nodes: 12 72 91 149 180 205 240 244 259 262 383 395 575 592 620 645 647 659 734 864 1022 1039 1043 1044 1124 1152 1236 1287 1311 1344 1427 1440 1531 1585 1596 1597 1653 1854 1856 1862 1997
Compactness: 2399.849971
Weights: 499.000000 8686.000000 2393.000000
Center Node: 1585

District 14
Nodes: 113 120 188 203 277 293 385 438 443 583 586 798 817 840 911 919 924 955 996 1049 1068 1151 1201 1212 1316 1378 1386 1473 1506 1553 1583 1627 1641 1720 1746 1768 1845 1882
Compactness: 2432.340892
Weights: 500.000000 8278.000000 2284.000000
Center Node: 1151

District 15
Nodes: 267 294 297 331 338 401 511 514 519 544 638 685 703 743 750 760 804 832 998 1047 1056 1077 1088 1123 1129 1169 1324 1418 1425 1442 1475 1494 1523 1634 1649 1655 1681 1693 1694 1701 1716 1730 1777 1884
Compactness: 3349.740113
Weights: 507.000000 7915.000000 2411.000000
Center Node: 703

District 16
Nodes: 79 86 145 187 308 371 384 530 547 552 634 701 764 766 788 806 878 880 888 1040 1052 1132 1171 1187 1215 1271 1322 1371 1457 1516 1589 1643 1704 1771 1776 1801 1866 1943 1968
Compactness: 2348.437106
Weights: 478.000000 7926.000000 2625.000000
Center Node: 701

District 17
Nodes: 101 249 271 304 334 390 402 404 435 451 599 605 622 644 757 759 779 802 805 810 870 875 907 909 927 1061 1146 1258 1351 1414 1437 1461 1463 1468 1522 1536 1647 1661 1666 1697 1699 1751 1892 1896
Compactness: 3090.816425
Weights: 565.000000 8740.000000 2187.000000
Center Node: 1146

District 18
Nodes: 43 87 144 150 245 367 368 467 617 744 783 792 827 892 901 903 994 1015 1099 1155 1216 1217 1320 1332 1341 1345 1423 1458 1459 1488 1545 1568 1621 1718 1748 1775 1792 1821 1841 1980
Compactness: 2215.967582
Weights: 475.000000 7978.000000 2359.000000
Center Node: 245

District 19
Nodes: 0 27 74 99 159 175 227 246 257 286 288 298 352 362 392 468 587 588 639 663 686 704 929 1007 1071 1103 1130 1156 1268 1338 1385 1532 1544 1807 1811 1833 1852 1867
Compactness: 2596.765980
Weights: 499.000000 8417.000000 2262.000000
Center Node: 1268

District 20
Nodes: 17 51 103 109 272 380 488 499 551 570 650 671 674 713 865 879 885 1003 1058 1064 1065 1110 1137 1150 1241 1265 1368 1403 1512 1513 1526 1538 1599 1632 1687 1742 1755 1757 1795 1824 1849 1911
Compactness: 3080.634687
Weights: 524.000000 8060.000000 2203.000000
Center Node: 1265

District 21
Nodes: 29 37 64 75 96 183 202 232 348 522 537 595 696 699 786 876 926 928 1050 1092 1113 1140 1141 1153 1261 1267 1275 1303 1374 1396 1435 1491 1517 1580 1678 1700 1813 1877 1878 1941
Compactness: 2798.335099
Weights: 500.000000 8642.000000 2321.000000
Center Node: 64

District 22
Nodes: 5 39 140 174 176 275 345 439 486 501 546 555 561 603 665 681 683 695 714 935 1012 1085 1133 1190 1198 1225 1263 1307 1377 1398 1447 1500 1535 1547 1578 1611 1623 1819 1960
Compactness: 2449.299506
Weights: 470.000000 8578.000000 2244.000000
Center Node: 1307

District 23
Nodes: 2 21 61 66 94 118 133 199 238 318 376 378 415 426 464 629 708 758 767 770 834 966 1030 1059 1093 1144 1165 1173 1280 1301 1315 1352 1438 1484 1576 1612 1708 1818 1828 1875 1887 1967
Compactness: 2774.115274
Weights: 491.000000 8166.000000 2326.000000
Center Node: 238

District 24
Nodes: 25 49 155 181 243 321 409 457 479 532 540 581 604 731 739 790 831 877 948 957 980 987 999 1089 1179 1224 1245 1375 1400 1419 1490 1587 1635 1728 1784 1806 1831 1844 1855 1953
Compactness: 2349.692021
Weights: 477.000000 8737.000000 2414.000000
Center Node: 1224

District 25
Nodes: 36 42 84 88 169 177 196 235 377 388 410 430 482 562 630 698 768 823 824 835 850 883 1008 1034 1079 1116 1323 1370 1424 1441 1470 1510 1557 1664 1735 1847 1890 1940 1945
Compactness: 2279.910620
Weights: 498.000000 8637.000000 2293.000000
Center Node: 823

District 26
Nodes: 9 54 89 354 406 411 420 445 470 535 657 669 694 718 738 796 852 853 923 941 1062 1108 1203 1205 1206 1249 1304 1364 1366 1392 1528 1564 1600 1638 1710 1850 1889 1900 1926 1937
Compactness: 2376.158552
Weights: 488.000000 8588.000000 2409.000000
Center Node: 420

District 27
Nodes: 13 158 186 221 258 269 291 295 428 448 472 502 550 577 601 615 642 677 680 797 807 812 868 915 1083 1185 1286 1292 1328 1343 1365 1411 1527 1546 1624 1685 1696 1724 1797 1803 1906 1979 1988
Compactness: 3300.748647
Weights: 505.000000 8666.000000 2408.000000
Center Node: 615

District 28
Nodes: 20 35 110 112 119 127 164 178 333 349 396 399 414 574 619 693 967 1045 1070 1128 1163 1193 1194 1218 1289 1290 1331 1376 1415 1499 1562 1618 1640 1671 1722 1861 1872 1883 1923 1948 1962
Compactness: 2674.033356
Weights: 441.000000 8737.000000 2423.000000
Center Node: 349

District 29
Nodes: 63 162 170 194 320 353 397 471 538 646 654 676 720 765 769 803 820 898 908 986 1002 1014 1017 1107 1114 1160 1184 1188 1209 1232 1284 1349 1362 1391 1477 1495 1518 1540 1577 1709 1725 1783 1838
Compactness: 2423.399657
Weights: 512.000000 8566.000000 2225.000000
Center Node: 646

District 30
Nodes: 26 46 83 125 160 163 256 299 306 315 389 391 436 456 600 733 761 822 828 846 849 917 1009 1075 1178 1208 1285 1359 1379 1409 1454 1502 1539 1630 1727 1739 1782 1817 1879 1895
Compactness: 2116.956137
Weights: 465.000000 8582.000000 2438.000000
Center Node: 1208

District 31
Nodes: 98 139 161 287 325 329 337 340 370 403 557 576 582 602 664 692 906 993 1019 1112 1145 1272 1306 1347 1405 1408 1430 1556 1609 1654 1732 1738 1747 1762 1774 1781 1908 1969 1987 1991 1992
Compactness: 2357.701255
Weights: 477.000000 8713.000000 2263.000000
Center Node: 1654

District 32
Nodes: 104 106 129 130 142 179 241 358 382 529 536 565 655 656 687 709 740 819 975 1016 1053 1055 1087 1091 1186 1211 1259 1313 1330 1402 1426 1436 1443 1444 1476 1489 1492 1552 1740 1794 1868 1901 1972
Compactness: 2585.114509
Weights: 485.000000 8579.000000 2389.000000
Center Node: 1492

District 33
Nodes: 18 68 100 121 143 198 229 339 357 394 413 425 469 505 667 675 702 934 937 970 971 991 1011 1051 1067 1094 1115 1134 1223 1247 1300 1325 1401 1434 1478 1559 1683 1719 1737 1804 1989
Compactness: 2576.251724
Weights: 468.000000 8727.000000 2214.000000
Center Node: 934

District 34
Nodes: 69 76 80 192 208 236 252 266 336 381 460 480 534 661 735 837 900 905 1021 1025 1126 1135 1167 1199 1229 1230 1308 1387 1456 1472 1550 1745 1752 1759 1814 1830 1874 1995 1998
Compactness: 2181.720539
Weights: 468.000000 7263.000000 2192.000000
Center Node: 1308

District 35
Nodes: 4 108 131 173 220 222 328 459 461 474 500 631 643 723 745 746 772 896 974 981 1006 1032 1105 1125 1180 1210 1406 1407 1460 1507 1530 1560 1736 1744 1763 1779 1858 1859 1864 1903 1912 1981
Compactness: 3093.500751
Weights: 525.000000 8347.000000 2216.000000
Center Node: 1736

District 36
Nodes: 10 47 59 204 214 217 230 242 300 387 442 475 489 523 566 691 774 781 952 1157 1174 1183 1192 1255 1257 1270 1276 1309 1336 1353 1503 1529 1631 1669 1677 1790 1886 1921 1928 1958
Compactness: 2241.717665
Weights: 441.000000 8377.000000 2382.000000
Center Node: 1790

District 37
Nodes: 8 81 95 146 189 200 268 309 405 423 473 476 510 513 533 559 590 658 679 727 754 762 795 931 954 956 1080 1095 1148 1177 1252 1350 1433 1729 1733 1791 1885 1996
Compactness: 2142.841979
Weights: 441.000000 8692.000000 2432.000000
Center Node: 590

District 38
Nodes: 16 65 157 167 209 234 311 342 416 485 556 572 751 756 799 884 894 1027 1031 1048 1138 1204 1269 1298 1397 1404 1429 1520 1566 1569 1608 1620 1656 1706 1715 1754 1758 1772 1834 1952 1964 1984
Compactness: 2753.523587
Weights: 475.000000 8679.000000 2210.000000
Center Node: 1656

District 39
Nodes: 14 19 62 102 251 278 386 512 564 609 627 628 710 716 729 741 742 830 838 842 844 913 946 1041 1253 1302 1358 1360 1393 1420 1467 1584 1616 1619 1670 1764 1767 1820 1842 1918 1927 1985 1993
Compactness: 3110.960314
Weights: 467.000000 8101.000000 2407.000000
Center Node: 628

District 40
Nodes: 48 71 134 281 366 393 453 455 496 509 539 553 585 618 689 815 825 1154 1158 1182 1222 1339 1363 1388 1432 1469 1487 1515 1519 1615 1625 1629 1839 1848 1851 1865 1880 1888 1973 1990 1999
Compactness: 2219.841856
Weights: 436.000000 8569.000000 2430.000000
Center Node: 1158

District 41
Nodes: 32 56 82 136 223 330 398 408 700 814 836 902 963 969 984 1084 1096 1104 1109 1172 1175 1195 1240 1450 1465 1466 1509 1603 1604 1660 1675 1743 1826 1909 1915 1932 1951 1971 1986 1994
Compactness: 1918.858604
Weights: 512.000000 7916.000000 2242.000000
Center Node: 1932

District 42
Nodes: 90 182 254 274 312 347 369 427 487 542 636 688 728 816 857 939 945 953 978 1001 1057 1069 1078 1136 1266 1357 1367 1383 1394 1410 1464 1537 1542 1639 1766 1769 1770 1785 1793 1853 1920 1929 1931
Compactness: 2070.627559
Weights: 534.000000 8514.000000 2218.000000
Center Node: 816

District 43
Nodes: 58 135 171 215 483 525 548 606 624 732 749 753 773 871 887 916 938 944 976 1097 1117 1233 1256 1293 1333 1346 1399 1481 1543 1574 1588 1590 1682 1780 1876 1904 1982
Compactness: 2146.821776
Weights: 420.000000 7974.000000 2375.000000
Center Node: 1293

District 44
Nodes: 50 153 190 218 247 250 350 356 365 478 481 507 690 719 839 860 949 968 1090 1202 1282 1327 1448 1521 1563 1567 1610 1626 1633 1691 1714 1721 1788 1809 1812 1835 1863 1914 1947 1956 1965
Compactness: 7662.243127
Weights: 483.000000 8382.000000 2422.000000
Center Node: 250

District 45
Nodes: 1 41 45 111 132 185 207 216 233 248 307 441 498 527 616 632 641 678 697 785 833 863 925 947 979 989 1000 1013 1033 1074 1373 1479 1485 1493 1551 1614 1637 1658 1712 1975
Compactness: 2608.598629
Weights: 496.000000 8116.000000 2238.000000
Center Node: 233

District 46
Nodes: 219 239 264 292 373 419 421 560 571 598 666 705 712 775 776 826 845 982 1161 1235 1254 1297 1329 1380 1474 1486 1548 1555 1570 1598 1605 1607 1734 1799 1829 1894 1897 1954
Compactness: 2497.622073
Weights: 441.000000 7906.000000 2451.000000
Center Node: 560

District 47
Nodes: 28 92 93 97 138 197 270 280 283 332 407 424 497 707 722 730 778 789 808 958 961 1100 1142 1170 1228 1274 1296 1321 1342 1586 1591 1593 1595 1644 1676 1707 1840 1950 1959 1978
Compactness: 2300.604239
Weights: 501.000000 8238.000000 2437.000000
Center Node: 1978

District 48
Nodes: 7 78 114 117 123 126 191 206 344 355 364 492 608 755 784 848 855 856 960 1102 1166 1191 1207 1214 1312 1337 1356 1384 1428 1482 1514 1657 1662 1680 1686 1688 1761 1857 1907 1938 1949
Compactness: 2381.552599
Weights: 499.000000 8019.000000 2260.000000
Center Node: 960

District 49
Nodes: 30 40 116 128 212 323 434 437 444 452 494 589 668 763 813 829 843 847 881 893 899 932 983 1127 1159 1636 1663 1689 1698 1753 1756 1810 1870 1871 1881 1898 1905 1925 1944 1983
Compactness: 2471.287253
Weights: 502.000000 8035.000000 2258.000000
Center Node: 932

District 50
Nodes: 31 193 316 319 449 450 458 516 526 528 568 569 593 607 747 851 922 1020 1024 1119 1122 1281 1283 1299 1355 1412 1413 1422 1451 1496 1594 1628 1645 1717 1760 1837 1843 1933 1946
Compactness: 2424.493461
Weights: 438.000000 8731.000000 2232.000000
Center Node: 1594
