BalanceViolation 814.615000
AffinityLoss 0.000000
Compactness 126932.004915

District 1
Nodes: 38 46 112 228 333 365 435 534 572 681 729 738 740 823 864 867 931 967 984 1004 1098 1140 1196 1208 1309 1373 1480 1530 1569 1588 1608 1625 1653 1694 1697 1779 1818 1845 1874 1906 1954
Compactness: 2194.153959
Weights: 496.000000 8337.000000 2334.000000
Center Node: 1309

District 2
Nodes: 8 10 64 129 132 135 137 149 191 232 272 293 336 493 532 575 619 680 704 710 714 807 845 949 1152 1190 1295 1389 1408 1488 1496 1541 1558 1640 1741 1761 1860 1887 1926 1957
Compactness: 2167.211449
Weights: 433.000000 8722.000000 2264.000000
Center Node: 1152

District 3
Nodes: 104 110 115 125 160 195 280 348 359 412 471 489 594 598 640 652 660 791 860 892 991 1016 1033 1061 1084 1085 1157 1191 1321 1395 1482 1511 1611 1613 1620 1675 1770 1802 1980
Compactness: 2921.452169
Weights: 471.000000 8206.000000 2222.000000
Center Node: 860

District 4
Nodes: 75 145 163 198 203 205 242 311 339 387 407 411 432 522 561 770 779 803 868 952 986 1013 1090 1238 1240 1279 1346 1350 1363 1375 1501 1638 1699 1843 1878 1967
Compactness: 2168.228610
Weights: 383.000000 7996.000000 2098.000000
Center Node: 986

District 5
Nodes: 26 66 81 82 136 334 468 496 520 632 665 693 762 884 938 973 1057 1069 1082 1105 1173 1341 1424 1470 1553 1594 1626 1634 1716 1719 1731 1749 1750 1773 1827 1839 1928 1933 1993
Compactness: 2222.573914
Weights: 496.000000 8595.000000 2244.000000
Center Node: 632

District 6
Nodes: 7 208 210 233 307 356 360 389 394 479 533 557 583 623 642 675 677 752 784 804 887 944 968 1003 1075 1207 1222 1275 1318 1335 1353 1366 1377 1462 1637 1684 1809 1824 1844 1855 1862 1885
Compactness: 2725.498837
Weights: 502.000000 7934.000000 2388.000000
Center Node: 479

District 7
Nodes: 27 87 143 151 192 219 270 350 361 367 403 464 548 626 674 722 723 781 894 900 940 956 1066 1200 1337 1503 1508 1661 1689 1704 1729 1734 1744 1748 1829 1851 1879 1922 1924 1952
Compactness: 2696.444937
Weights: 474.000000 7906.000000 2310.000000
Center Node: 1952

District 8
Nodes: 51 141 678 690 698 724 733 793 797 822 824 826 852 877 898 947 970 1148 1184 1189 1224 1361 1387 1390 1463 1483 1520 1565 1649 1656 1670 1693 1833 1921
Compactness: 1550.370202
Weights: 407.000000 8035.000000 1967.000000
Center Node: 877

District 9
Nodes: 1 13 18 53 56 108 167 181 206 221 258 331 427 446 477 563 614 734 848 875 888 1022 1024 1056 1089 1119 1192 1234 1311 1414 1536 1552 1586 1659 1702 1806 1810 1869 1873 1914 1936 1979
Compactness: 2137.033191
Weights: 503.000000 7972.000000 2345.000000
Center Node: 1869

District 10
Nodes: 0 44 72 178 227 237 328 351 376 378 492 499 546 630 659 715 718 745 756 789 795 825 830 886 990 993 1092 1107 1188 1198 1221 1342 1423 1447 1521 1622 1645 1647 1861 1896 1897 1991
Compactness: 2325.412117
Weights: 503.000000 8373.000000 2382.000000
Center Node: 630

District 11
Nodes: 100 220 264 273 332 349 358 398 475 589 668 771 775 818 834 843 873 893 899 902 906 978 1077 1115 1116 1159 1213 1223 1237 1262 1400 1472 1473 1484 1489 1514 1615 1617 1708 1837
Compactness: 2329.849954
Weights: 499.000000 8695.000000 2241.000000
Center Node: 1116

District 12
Nodes: 2 73 97 106 130 161 204 318 319 335 443 528 530 558 635 636 717 746 866 908 915 936 1002 1083 1094 1182 1185 1228 1229 1306 1317 1368 1443 1448 1533 1753 1875 1907 1916 1942 1971 1974
Compactness: 2714.091035
Weights: 497.000000 8619.000000 2403.000000
Center Node: 335

District 13
Nodes: 71 116 170 200 266 329 380 395 488 500 516 609 661 766 767 935 948 1009 1026 1037 1111 1172 1187 1264 1315 1344 1352 1398 1416 1512 1535 1537 1538 1676 1714 1717 1738 1740 1758 1792 1847 1908 1951 1983
Compactness: 3728.504654
Weights: 500.000000 8706.000000 2432.000000
Center Node: 1538

District 14
Nodes: 96 105 109 259 277 314 323 460 497 517 531 539 547 610 620 764 812 820 881 941 955 1036 1051 1149 1155 1180 1215 1297 1357 1433 1466 1506 1554 1563 1571 1616 1648 1877 1930 1964 1970
Compactness: 2622.801815
Weights: 501.000000 8570.000000 2355.000000
Center Node: 1648

District 15
Nodes: 20 147 159 201 225 379 399 544 616 711 780 838 979 980 1001 1029 1052 1110 1168 1232 1271 1272 1280 1367 1382 1385 1522 1525 1527 1577 1593 1639 1765 1816 1823 1892 1909 1935 1956 1958
Compactness: 1928.945672
Weights: 496.000000 8630.000000 2434.000000
Center Node: 1816

District 16
Nodes: 17 47 85 113 146 150 211 251 254 260 287 305 444 487 507 556 631 751 895 945 969 1023 1035 1087 1183 1247 1364 1478 1494 1609 1644 1660 1678 1814 1817 1838 1903 1923 1975
Compactness: 2629.130676
Weights: 481.000000 8443.000000 2381.000000
Center Node: 1817

District 17
Nodes: 48 74 117 148 197 231 236 240 257 401 402 455 566 569 628 664 686 706 708 761 827 903 910 930 989 1018 1144 1194 1216 1225 1231 1340 1410 1452 1493 1722 1756 1759 1962 1963 1997
Compactness: 3219.654591
Weights: 476.000000 7996.000000 2437.000000
Center Node: 1493

District 18
Nodes: 80 94 95 168 177 183 196 223 248 338 453 529 574 727 741 768 774 836 842 928 982 1038 1049 1193 1266 1267 1455 1595 1663 1665 1700 1769 1783 1945 1978
Compactness: 1992.145940
Weights: 438.000000 8633.000000 2149.000000
Center Node: 80

District 19
Nodes: 28 35 217 226 230 302 308 347 508 515 536 624 655 713 814 833 850 855 880 911 954 1053 1153 1178 1203 1313 1331 1333 1396 1449 1547 1561 1570 1600 1662 1742 1743 1772 1775 1776 1898 1955
Compactness: 2229.348490
Weights: 479.000000 7819.000000 2426.000000
Center Node: 508

District 20
Nodes: 214 255 263 322 345 374 418 440 505 523 535 551 573 648 725 726 815 1047 1065 1079 1114 1121 1124 1170 1171 1273 1356 1388 1427 1487 1497 1502 1545 1687 1698 1701 1713 1795 1938 1947 1992 1996
Compactness: 2575.634555
Weights: 497.000000 8134.000000 2425.000000
Center Node: 1124

District 21
Nodes: 42 43 86 256 267 297 362 447 537 586 612 613 625 650 697 701 758 816 983 1136 1199 1245 1314 1376 1380 1397 1457 1464 1562 1585 1604 1629 1711 1836 1867 1883 1973
Compactness: 2122.259402
Weights: 503.000000 8704.000000 2381.000000
Center Node: 1199

District 22
Nodes: 55 188 189 243 495 587 611 716 755 777 792 794 813 858 869 916 917 925 961 999 1042 1081 1086 1154 1263 1378 1425 1436 1543 1557 1619 1627 1655 1725 1786 1857 1889 1893 1941 1968 1999
Compactness: 2505.322240
Weights: 455.000000 8669.000000 2408.000000
Center Node: 1725

District 23
Nodes: 57 83 140 190 202 224 373 476 482 490 562 605 670 750 849 876 879 883 1005 1011 1040 1093 1103 1167 1186 1218 1274 1330 1351 1358 1435 1439 1485 1517 1718 1771 1793 1803 1850 1856 1976
Compactness: 2736.406306
Weights: 503.000000 8270.000000 2398.000000
Center Node: 1274

District 24
Nodes: 6 34 63 77 90 283 377 382 485 553 585 671 796 832 907 976 1031 1041 1068 1088 1099 1104 1135 1164 1241 1287 1288 1296 1401 1403 1422 1444 1546 1556 1583 1628 1721 1727 1895 1904 1920 1965
Compactness: 2376.429438
Weights: 508.000000 7945.000000 2243.000000
Center Node: 1031

District 25
Nodes: 23 70 121 164 215 250 276 324 340 621 673 719 728 760 763 840 846 905 975 1109 1113 1134 1181 1202 1254 1379 1420 1438 1475 1490 1606 1632 1642 1723 1739 1858 1870 1900 1934 1943 1989
Compactness: 2351.763535
Weights: 488.000000 8209.000000 2409.000000
Center Node: 846

District 26
Nodes: 9 184 207 286 296 317 372 375 396 416 462 599 657 696 754 806 923 977 1014 1020 1063 1197 1242 1429 1458 1519 1539 1584 1621 1668 1669 1671 1705 1736 1782 1910 1912 1931 1950
Compactness: 2935.319700
Weights: 500.000000 8251.000000 2256.000000
Center Node: 416

District 27
Nodes: 5 76 93 133 162 218 261 289 303 363 406 564 658 737 739 859 918 1091 1217 1277 1329 1437 1451 1559 1564 1589 1598 1652 1667 1685 1720 1726 1735 1763 1764 1790 1871 1919 1984
Compactness: 2493.317023
Weights: 456.000000 8695.000000 2405.000000
Center Node: 737

District 28
Nodes: 12 50 157 171 244 253 299 301 355 385 414 428 442 457 458 540 541 663 685 688 829 929 971 998 1058 1165 1236 1320 1399 1476 1574 1683 1690 1707 1733 1842 1901
Compactness: 2246.684730
Weights: 452.000000 8673.000000 2357.000000
Center Node: 1165

District 29
Nodes: 78 128 268 343 344 352 426 436 437 439 481 527 634 700 721 736 844 861 901 1000 1125 1230 1256 1257 1285 1440 1460 1526 1542 1566 1643 1658 1664 1692 1715 1800 1853 1939 1987
Compactness: 2098.826321
Weights: 477.000000 7929.000000 2296.000000
Center Node: 78

District 30
Nodes: 33 45 216 278 405 410 469 480 503 552 666 676 712 778 802 856 920 957 996 1070 1147 1176 1260 1289 1299 1409 1415 1456 1467 1555 1575 1587 1590 1618 1706 1767 1768 1784 1830 1854 1915
Compactness: 2408.963497
Weights: 501.000000 8366.000000 2364.000000
Center Node: 957

District 31
Nodes: 62 144 172 239 290 321 341 456 592 607 646 691 695 801 981 995 1007 1062 1072 1096 1123 1212 1265 1316 1322 1402 1418 1481 1534 1572 1599 1696 1804 1859 1864 1876 1890 1972
Compactness: 2690.947552
Weights: 538.000000 7941.000000 2229.000000
Center Node: 1096

District 32
Nodes: 19 36 101 180 199 238 353 383 386 430 461 509 549 597 672 683 705 821 932 943 1008 1158 1201 1249 1286 1301 1372 1412 1491 1528 1633 1651 1657 1686 1688 1728 1794 1880 1982 1985
Compactness: 2849.649393
Weights: 505.000000 7928.000000 2240.000000
Center Node: 238

District 33
Nodes: 22 29 32 40 119 142 166 187 247 262 320 404 424 425 511 555 647 720 732 769 937 997 1010 1133 1209 1270 1305 1370 1407 1431 1529 1654 1666 1672 1673 1677 1709 1789 1865 1932 1946 1977
Compactness: 2355.875091
Weights: 491.000000 8662.000000 2380.000000
Center Node: 1666

District 34
Nodes: 3 58 122 123 281 295 300 304 316 420 470 550 570 581 627 744 783 819 882 897 926 965 994 1021 1046 1126 1160 1268 1345 1347 1369 1394 1419 1486 1498 1499 1581 1601 1766 1813 1826 1832 1881
Compactness: 2407.056569
Weights: 470.000000 8659.000000 2406.000000
Center Node: 281

District 35
Nodes: 16 24 127 165 182 194 249 265 279 294 346 388 390 413 417 441 472 474 667 743 835 839 851 863 921 953 1032 1108 1138 1143 1205 1239 1255 1328 1386 1461 1465 1549 1682 1788 1863
Compactness: 2707.746165
Weights: 503.000000 8125.000000 2415.000000
Center Node: 1108

District 36
Nodes: 49 52 59 79 88 131 153 179 241 306 313 342 408 459 484 486 491 498 506 622 847 871 939 946 1012 1043 1128 1174 1250 1282 1292 1303 1304 1393 1679 1745 1781 1819 1821 1849 1911
Compactness: 2210.051814
Weights: 493.000000 8333.000000 2414.000000
Center Node: 871

District 37
Nodes: 176 229 245 357 369 466 467 513 526 567 576 601 604 699 730 810 853 891 909 913 919 1027 1044 1162 1233 1291 1319 1334 1371 1426 1430 1442 1523 1605 1710 1774 1812 1846 1902 1969 1995
Compactness: 2345.894510
Weights: 502.000000 8547.000000 2379.000000
Center Node: 1334

District 38
Nodes: 103 126 310 366 429 433 514 580 595 629 731 749 950 988 1067 1076 1101 1118 1127 1132 1169 1246 1290 1324 1360 1381 1383 1411 1413 1453 1505 1630 1681 1747 1751 1797 1882 1913 1925 1981
Compactness: 2089.824208
Weights: 472.000000 8693.000000 2369.000000
Center Node: 1383

District 39
Nodes: 89 102 222 285 337 400 451 473 571 590 608 645 702 960 987 1025 1073 1095 1112 1130 1226 1243 1283 1307 1348 1509 1510 1516 1532 1544 1560 1578 1603 1730 1760 1785 1866 1891 1894 1918 1944
Compactness: 2737.308564
Weights: 502.000000 8183.000000 2258.000000
Center Node: 1130

District 40
Nodes: 67 114 193 275 448 545 559 579 584 591 606 637 651 662 765 772 865 922 959 962 963 1045 1161 1204 1210 1227 1244 1284 1404 1468 1477 1479 1548 1568 1580 1607 1798 1820 1852 1884 1927
Compactness: 2435.633696
Weights: 462.000000 8077.000000 2383.000000
Center Node: 637

District 41
Nodes: 11 21 84 118 120 209 274 325 419 602 615 679 687 862 896 924 927 933 934 1048 1055 1078 1080 1252 1253 1278 1293 1308 1339 1355 1406 1446 1614 1641 1805 1998
Compactness: 1616.740198
Weights: 461.000000 7890.000000 2424.000000
Center Node: 419

District 42
Nodes: 41 152 326 330 368 415 438 454 465 483 512 519 692 872 942 951 1019 1100 1117 1122 1177 1179 1214 1310 1374 1428 1474 1513 1592 1623 1691 1695 1787 1835 1848 1905 1937 1948
Compactness: 2442.035942
Weights: 491.000000 7942.000000 2219.000000
Center Node: 1623

District 43
Nodes: 14 25 39 68 107 174 185 186 271 393 421 478 502 554 633 641 753 776 885 958 966 972 985 1097 1163 1166 1312 1327 1469 1596 1646 1674 1732 1796 1899 1940 1953 1994
Compactness: 2001.605563
Weights: 459.000000 7972.000000 2231.000000
Center Node: 972

District 44
Nodes: 30 37 155 269 384 409 463 518 538 582 656 684 703 748 785 809 837 889 890 964 1017 1050 1131 1141 1156 1175 1220 1235 1336 1405 1450 1550 1624 1754 1777 1807 1834 1949 1959 1961
Compactness: 2325.957676
Weights: 496.000000 8292.000000 2356.000000
Center Node: 518

District 45
Nodes: 98 169 246 309 364 452 565 577 578 618 644 649 735 747 857 992 1006 1034 1120 1137 1211 1248 1261 1300 1359 1432 1540 1582 1591 1602 1635 1636 1780 1801 1828 1831 1840 1886 1888 1986 1990
Compactness: 2353.989172
Weights: 497.000000 8285.000000 2316.000000
Center Node: 1990

District 46
Nodes: 4 60 124 134 154 212 282 312 422 450 501 504 510 521 600 757 759 798 799 817 878 974 1054 1071 1151 1195 1251 1294 1332 1338 1349 1392 1421 1434 1459 1680 1724 1746 1778 1811 1815
Compactness: 2163.094340
Weights: 489.000000 8382.000000 2207.000000
Center Node: 1071

District 47
Nodes: 99 138 158 288 298 354 397 449 494 542 689 773 782 786 787 805 808 912 1059 1074 1139 1142 1146 1219 1259 1281 1302 1326 1354 1492 1504 1524 1551 1579 1612 1631 1650 1737 1872 1917
Compactness: 8078.269291
Weights: 425.000000 8672.000000 2187.000000
Center Node: 1631

District 48
Nodes: 69 91 111 252 292 445 525 643 669 682 694 707 742 788 811 828 841 854 904 1028 1060 1064 1106 1323 1343 1365 1417 1495 1500 1507 1515 1576 1610 1712 1808 1825 1841 1960 1988
Compactness: 2363.399958
Weights: 406.000000 7917.000000 2449.000000
Center Node: 252

District 49
Nodes: 15 92 139 156 235 284 291 315 370 381 391 392 434 560 568 588 593 603 638 639 870 914 1039 1102 1150 1258 1276 1325 1362 1384 1441 1454 1471 1531 1567 1752 1791 1799 1868 1929 1966
Compactness: 2176.813399
Weights: 486.000000 8424.000000 2210.000000
Center Node: 92

District 50
Nodes: 31 54 61 65 173 175 213 234 327 371 423 431 524 543 596 617 653 654 709 790 800 831 874 1015 1030 1129 1145 1206 1269 1298 1391 1445 1518 1573 1597 1703 1755 1757 1762 1822
Compactness: 3226.332850
Weights: 456.000000 8644.000000 2440.000000
Center Node: 1269
