BalanceViolation 97.727500
AffinityLoss 0.000000
Compactness 189326.374811

District 1
Nodes: 35 40 49 60 61 72 88 106 137 150 167 176 196 210 220 246 271 298 307 313 352 358 371 409 415 421 450 488 497 519 573 589 591 602 604 638 639 642 664 675 682 684 694 703 713 738 749 751 757 774 779 812 935 966 1039 1053 1065 1095 1115 1136 1163 1176 1207 1237 1276 1303 1309 1377 1380 1393 1401 1430 1456 1463 1475 1481 1490 1511 1553 1601 1639 1723 1729 1749 1769 1793 1794 1816 1875 1877 1906 1918 1920 1923 1956 1983 1986
Compactness: 7919.676899
Weights: 1195.000000 21756.000000 5489.000000
Center Node: 220

District 2
Nodes: 57 87 177 197 226 293 310 318 369 392 412 490 498 518 583 592 612 614 619 653 685 700 702 759 767 784 823 856 878 896 897 923 971 990 1008 1036 1044 1066 1081 1090 1096 1114 1139 1160 1161 1174 1183 1227 1255 1257 1271 1274 1281 1344 1368 1381 1383 1388 1399 1417 1422 1432 1434 1450 1459 1468 1473 1554 1571 1572 1577 1581 1585 1611 1618 1629 1647 1680 1699 1718 1747 1755 1756 1799 1814 1847 1856 1885 1934 1938 1944 1960 1972 1980
Compactness: 9679.626434
Weights: 1127.000000 20990.000000 5595.000000
Center Node: 226

District 3
Nodes: 30 36 74 82 93 184 188 206 207 232 238 252 286 304 345 375 386 394 448 465 468 521 531 537 570 580 655 690 697 698 720 721 746 786 801 829 841 850 888 975 985 996 1010 1015 1021 1023 1025 1051 1056 1084 1126 1171 1193 1219 1241 1242 1268 1286 1316 1323 1333 1350 1359 1396 1428 1439 1460 1470 1474 1496 1513 1529 1550 1567 1590 1604 1625 1631 1644 1664 1688 1695 1706 1707 1726 1736 1742 1762 1767 1785 1804 1811 1820 1823 1842 1851 1852 1892 1903 1905 1978 1985 1988
Compactness: 9539.994467
Weights: 1245.000000 21276.000000 5790.000000
Center Node: 74

District 4
Nodes: 13 52 123 139 144 153 194 221 241 254 260 305 311 323 324 335 343 403 453 460 464 484 487 494 499 509 512 513 526 530 549 571 590 601 634 636 689 706 707 714 716 718 726 727 734 752 754 758 782 806 831 848 860 863 879 884 905 924 925 956 991 1074 1106 1128 1135 1151 1188 1198 1211 1220 1254 1283 1293 1330 1331 1339 1353 1386 1423 1435 1445 1471 1506 1522 1530 1559 1561 1574 1662 1668 1715 1761 1797 1830 1865 1873 1900 1931 1943 1945 1949
Compactness: 8943.795152
Weights: 1219.000000 22083.000000 5943.000000
Center Node: 689

District 5
Nodes: 17 44 51 71 91 105 119 124 130 138 152 154 165 227 228 236 277 317 334 365 395 428 441 454 456 466 520 551 579 581 586 603 606 658 668 673 711 715 740 789 794 809 814 815 822 830 833 865 877 929 936 983 1001 1006 1018 1032 1112 1159 1175 1212 1230 1239 1246 1259 1298 1305 1306 1341 1351 1372 1385 1391 1437 1441 1454 1480 1482 1485 1505 1533 1536 1569 1582 1588 1608 1637 1689 1691 1704 1711 1714 1728 1734 1759 1771 1780 1787 1813 1832 1836 1854 1859 1869 1932 1936 1947 1963 1977
Compactness: 11152.799454
Weights: 1234.000000 22331.000000 5871.000000
Center Node: 1482

District 6
Nodes: 2 67 84 86 96 125 146 155 160 166 173 187 270 291 302 315 354 382 430 457 483 516 522 548 575 582 641 649 753 768 798 846 859 869 872 892 928 934 938 963 992 1019 1024 1041 1045 1069 1099 1108 1153 1154 1157 1165 1185 1203 1205 1234 1238 1243 1251 1262 1269 1280 1300 1328 1375 1378 1414 1424 1452 1457 1467 1478 1498 1504 1542 1556 1573 1594 1623 1627 1632 1633 1642 1700 1710 1765 1782 1849 1857 1866 1889 1899 1909 1946 1962 1975
Compactness: 9310.483614
Weights: 1088.000000 20744.000000 6016.000000
Center Node: 1700

District 7
Nodes: 23 47 64 110 111 128 158 205 209 269 276 281 294 295 309 330 331 337 391 410 413 426 505 568 605 624 670 695 704 724 729 742 747 750 764 765 766 770 772 788 793 795 797 854 886 889 922 927 930 987 1005 1029 1047 1059 1067 1077 1083 1091 1125 1130 1145 1178 1184 1189 1200 1216 1217 1263 1267 1294 1301 1302 1315 1367 1382 1387 1398 1431 1484 1495 1500 1520 1560 1602 1663 1665 1671 1727 1777 1798 1835 1839 1844 1846 1888 1908 1954 1967 1976 1999
Compactness: 8823.490027
Weights: 1110.000000 20596.000000 5537.000000
Center Node: 1047

District 8
Nodes: 8 12 45 59 104 159 170 179 180 186 192 195 248 301 316 355 372 383 438 495 517 533 540 546 565 574 598 620 622 705 717 808 819 820 852 890 913 942 972 1026 1030 1040 1088 1094 1129 1158 1210 1247 1260 1270 1290 1314 1320 1335 1343 1356 1357 1418 1442 1449 1462 1486 1492 1499 1519 1541 1551 1580 1583 1593 1598 1606 1614 1628 1638 1641 1651 1656 1673 1685 1692 1696 1697 1720 1724 1731 1738 1748 1818 1845 1868 1871 1878 1913 1916 1926 1951 1968
Compactness: 8975.684588
Weights: 1187.000000 20838.000000 5749.000000
Center Node: 372

District 9
Nodes: 0 11 14 65 102 133 148 178 181 189 217 224 251 261 268 285 288 296 308 314 338 350 359 361 367 414 420 422 427 472 481 496 536 584 610 640 645 652 659 677 692 708 733 769 790 792 826 828 836 866 908 937 946 948 979 981 1027 1037 1071 1089 1142 1177 1187 1236 1250 1253 1310 1340 1348 1354 1394 1421 1425 1446 1455 1464 1491 1494 1548 1552 1555 1557 1562 1564 1565 1636 1640 1655 1686 1779 1784 1789 1824 1843 1867 1870 1896 1919 1921 1941 1955
Compactness: 9154.420415
Weights: 1221.000000 20727.000000 5741.000000
Center Node: 133

District 10
Nodes: 3 10 24 48 66 92 99 134 164 190 200 215 233 234 235 242 263 373 396 400 433 435 458 523 578 667 699 761 762 780 785 807 818 839 844 857 893 898 907 917 918 964 969 976 984 1011 1014 1033 1076 1098 1100 1103 1119 1140 1147 1149 1167 1179 1186 1197 1199 1240 1277 1296 1297 1299 1308 1337 1405 1406 1433 1438 1483 1517 1528 1566 1576 1591 1624 1634 1658 1677 1678 1743 1766 1768 1796 1802 1807 1808 1812 1834 1898 1914 1937 1974 1979 1991
Compactness: 9386.008469
Weights: 1136.000000 21571.000000 5832.000000
Center Node: 1076

District 11
Nodes: 6 9 15 16 46 58 81 90 98 129 149 151 172 199 223 229 245 292 303 351 356 370 406 407 419 434 445 469 511 525 538 564 588 607 609 663 672 712 719 728 739 810 813 825 840 847 870 881 900 939 944 945 954 958 978 1002 1031 1087 1101 1122 1148 1168 1169 1180 1190 1194 1223 1287 1295 1307 1313 1329 1358 1363 1371 1374 1395 1409 1451 1466 1503 1525 1616 1654 1675 1684 1709 1740 1758 1781 1860 1863 1879 1884 1891 1917 1953 1969 1987
Compactness: 8242.073040
Weights: 1175.000000 21022.000000 5447.000000
Center Node: 1466

District 12
Nodes: 1 7 21 38 79 121 127 169 198 212 243 255 259 267 272 328 346 360 380 385 388 440 444 451 455 470 475 478 480 486 492 529 547 559 577 594 596 611 627 643 646 656 722 741 748 755 771 778 835 853 909 950 960 961 1000 1004 1007 1009 1035 1054 1063 1068 1070 1082 1092 1093 1109 1124 1138 1182 1208 1232 1275 1278 1364 1365 1410 1413 1426 1465 1512 1516 1584 1592 1603 1605 1646 1659 1674 1683 1733 1757 1772 1809 1841 1848 1850 1876 1922 1965 1966
Compactness: 8957.003486
Weights: 1248.000000 22333.000000 5735.000000
Center Node: 778

District 13
Nodes: 28 41 100 101 103 107 117 143 157 193 208 213 214 216 218 247 257 266 297 299 339 347 349 357 387 389 411 418 429 436 446 485 501 503 528 541 566 567 597 600 616 628 648 666 731 745 756 775 783 816 821 845 862 885 891 906 915 931 941 947 953 968 1013 1064 1105 1107 1117 1118 1134 1162 1172 1173 1181 1224 1249 1326 1334 1345 1373 1390 1404 1408 1412 1420 1436 1501 1515 1645 1649 1667 1708 1716 1721 1735 1745 1763 1764 1778 1861 1880 1882 1883 1887 1950
Compactness: 9780.630507
Weights: 1230.000000 22363.000000 5862.000000
Center Node: 947

District 14
Nodes: 4 5 26 31 62 68 70 76 85 94 116 122 131 142 156 175 183 211 230 253 264 279 287 289 290 333 342 364 393 425 437 461 467 471 473 489 508 510 527 543 556 562 593 608 618 650 662 669 676 679 686 693 709 710 725 730 743 832 849 861 873 875 895 903 910 1022 1049 1097 1111 1120 1123 1127 1132 1137 1244 1311 1332 1355 1400 1479 1489 1509 1514 1563 1599 1607 1630 1635 1652 1666 1702 1712 1770 1775 1805 1821 1829 1894 1897 1935 1942 1948 1981 1994 1996
Compactness: 8962.445931
Weights: 1254.000000 21941.000000 5736.000000
Center Node: 1805

District 15
Nodes: 20 34 37 39 43 53 113 114 118 185 201 202 203 222 225 244 262 283 329 348 362 390 399 479 491 507 524 544 557 560 613 623 635 660 674 678 723 760 776 796 802 804 876 887 911 973 1085 1143 1191 1215 1226 1248 1284 1289 1317 1360 1362 1370 1397 1427 1440 1443 1448 1524 1526 1531 1539 1547 1549 1578 1579 1619 1653 1657 1660 1676 1701 1717 1722 1746 1788 1819 1828 1837 1881 1890 1893 1901 1902 1904 1912 1939 1957 1959 1993
Compactness: 10298.142060
Weights: 1219.000000 20657.000000 5445.000000
Center Node: 1660

District 16
Nodes: 19 42 54 55 77 80 109 120 147 163 219 250 265 280 322 325 404 424 432 449 452 459 532 534 542 550 558 576 585 617 630 631 671 680 681 736 763 781 791 805 867 871 874 894 901 916 932 933 940 943 957 965 982 993 1038 1052 1080 1113 1152 1164 1192 1213 1264 1292 1318 1324 1346 1389 1403 1461 1477 1497 1527 1532 1540 1543 1544 1587 1596 1617 1622 1643 1661 1705 1752 1773 1776 1786 1795 1800 1817 1825 1826 1864 1929 1933 1940 1952 1961 1990 1997
Compactness: 9649.395684
Weights: 1159.000000 22309.000000 5464.000000
Center Node: 1164

District 17
Nodes: 18 22 25 63 78 108 126 135 136 140 161 204 231 240 275 312 327 332 341 353 376 397 401 431 477 502 504 514 552 554 572 621 625 629 632 633 647 651 654 657 665 688 701 744 773 787 851 864 880 883 919 920 962 980 994 999 1017 1020 1043 1058 1061 1072 1073 1075 1144 1156 1170 1196 1222 1225 1231 1279 1288 1291 1352 1416 1453 1469 1487 1507 1535 1546 1586 1589 1600 1615 1626 1672 1690 1694 1725 1737 1791 1803 1810 1831 1872 1886 1910 1970 1971
Compactness: 9686.887778
Weights: 1247.000000 20348.000000 5978.000000
Center Node: 1600

District 18
Nodes: 56 69 75 112 115 171 191 237 239 249 258 273 274 320 321 363 402 405 416 417 442 447 463 535 545 553 555 561 587 599 626 637 644 735 737 777 817 838 842 855 882 899 926 959 986 998 1034 1042 1055 1060 1062 1102 1133 1150 1155 1166 1204 1214 1229 1252 1265 1273 1282 1322 1336 1338 1379 1384 1429 1447 1472 1476 1521 1537 1538 1545 1558 1568 1575 1595 1609 1620 1648 1650 1679 1681 1682 1703 1713 1739 1744 1750 1753 1754 1827 1833 1858 1895 1915 1928 1973
Compactness: 10471.353884
Weights: 1245.000000 21369.000000 5974.000000
Center Node: 363

District 19
Nodes: 29 33 73 83 89 95 97 182 256 300 306 319 344 366 368 374 379 384 398 408 423 474 476 506 539 595 661 683 687 691 799 803 811 824 827 834 868 902 912 952 955 977 988 995 997 1028 1048 1050 1110 1116 1121 1131 1141 1202 1209 1221 1228 1258 1285 1319 1321 1325 1327 1342 1347 1349 1366 1369 1376 1411 1444 1458 1488 1502 1508 1523 1570 1610 1612 1613 1621 1670 1687 1698 1730 1774 1783 1790 1792 1806 1838 1840 1853 1855 1907 1911 1924 1927 1964 1984 1989 1995
Compactness: 10260.710656
Weights: 1229.000000 20368.000000 5672.000000
Center Node: 1570

District 20
Nodes: 27 32 50 132 141 145 162 168 174 278 282 284 326 336 340 377 378 381 439 443 462 482 493 500 515 563 569 615 696 732 800 837 843 858 904 914 921 949 951 967 970 974 989 1003 1012 1016 1046 1057 1078 1079 1086 1104 1146 1195 1201 1206 1218 1233 1235 1245 1256 1261 1266 1272 1304 1312 1361 1392 1402 1407 1415 1419 1493 1510 1518 1534 1597 1669 1693 1719 1732 1741 1751 1760 1801 1815 1822 1862 1874 1925 1930 1958 1982 1992 1998
Compactness: 10131.752268
Weights: 1118.000000 20443.000000 5669.000000
Center Node: 1261
