BalanceViolation 1660.294000
AffinityLoss 0.000000
Compactness 61926.024693

District 1
Nodes: 49 129 143 178 267 306 320 335 413 496 507 534 616 627 650 696 719 751 903 978
Compactness: 1042.663400
Weights: 246.000000 4456.000000 1232.000000
Center Node: 413

District 2
Nodes: 133 153 155 181 229 296 323 347 425 483 662 864 887 897 914 924 929 968
Compactness: 790.357201
Weights: 217.000000 3810.000000 1178.000000
Center Node: 483

District 3
Nodes: 64 104 141 156 235 255 279 378 516 521 530 555 606 659 683 684 739 750 801 892 898
Compactness: 1242.919612
Weights: 225.000000 3935.000000 1231.000000
Center Node: 801

District 4
Nodes: 28 196 236 285 303 357 387 412 416 421 468 523 574 608 728 756 802 871 937 944
Compactness: 1077.086819
Weights: 226.000000 4415.000000 1161.000000
Center Node: 937

District 5
Nodes: 123 206 244 302 439 470 486 601 647 729 774 777 803 808 851 872 959
Compactness: 1045.503024
Weights: 181.000000 4167.000000 852.000000
Center Node: 803

District 6
Nodes: 12 105 124 162 177 273 337 445 533 535 557 560 573 702 742 835 848 850 946 967 998
Compactness: 1349.869949
Weights: 248.000000 4203.000000 1207.000000
Center Node: 12

District 7
Nodes: 72 90 171 183 192 240 249 336 479 493 509 522 596 623 701 703 717 725 783 824 882 899
Compactness: 1346.926446
Weights: 247.000000 4443.000000 1123.000000
Center Node: 240

District 8
Nodes: 88 93 132 208 278 294 341 361 408 480 611 712 840 852 950 951 977 984
Compactness: 1058.211920
Weights: 233.000000 4151.000000 1189.000000
Center Node: 480

District 9
Nodes: 34 44 76 128 130 193 211 269 291 315 424 538 586 632 754 832 930 941
Compactness: 1237.018819
Weights: 251.000000 4034.000000 1292.000000
Center Node: 930

District 10
Nodes: 24 31 59 60 103 118 131 226 251 286 324 333 346 355 375 458 474 622 629 644 692 927
Compactness: 1404.796855
Weights: 252.000000 4027.000000 1197.000000
Center Node: 622

District 11
Nodes: 22 161 391 472 500 512 519 583 585 621 666 764 766 782 798 813 816 880 893 916
Compactness: 1294.135223
Weights: 236.000000 4041.000000 1217.000000
Center Node: 583

District 12
Nodes: 8 27 30 51 84 96 119 125 199 367 398 405 406 446 559 631 727 814 821 932
Compactness: 927.604669
Weights: 228.000000 4332.000000 1214.000000
Center Node: 367

District 13
Nodes: 2 3 11 15 21 35 71 108 158 173 189 195 326 348 437 558 590 875 988
Compactness: 998.699007
Weights: 238.000000 4179.000000 1125.000000
Center Node: 875

District 14
Nodes: 6 126 152 154 276 342 362 386 431 452 580 612 665 772 804 834 888 904 995
Compactness: 1645.194652
Weights: 229.000000 4070.000000 1207.000000
Center Node: 6

District 15
Nodes: 0 127 194 207 221 264 310 332 518 524 576 630 687 713 823 829 858 901 918
Compactness: 1014.717012
Weights: 287.000000 4107.000000 1098.000000
Center Node: 630

District 16
Nodes: 115 230 266 350 368 374 381 429 438 466 618 642 643 690 693 747 807 863 905
Compactness: 1070.437747
Weights: 258.000000 4160.000000 1109.000000
Center Node: 690

District 17
Nodes: 18 46 109 134 146 185 287 392 459 502 504 587 672 794 842 854 879 955 956 996
Compactness: 995.945848
Weights: 242.000000 4341.000000 1045.000000
Center Node: 459

District 18
Nodes: 7 139 159 200 305 308 344 351 482 508 552 633 745 749 800 822 934 969
Compactness: 893.527078
Weights: 213.000000 4425.000000 1088.000000
Center Node: 934

District 19
Nodes: 5 163 204 215 218 288 338 353 501 528 546 563 597 678 710 769 874 878 912
Compactness: 1102.304432
Weights: 245.000000 4267.000000 1210.000000
Center Node: 5

District 20
Nodes: 20 50 112 188 216 247 292 313 581 664 667 691 720 736 763 770 920 972 983
Compactness: 1277.180960
Weights: 240.000000 4157.000000 1129.000000
Center Node: 581

District 21
Nodes: 32 145 212 224 243 354 404 487 582 592 613 743 775 787 790 818 846 870 876 933 935
Compactness: 1193.038987
Weights: 210.000000 4392.000000 1222.000000
Center Node: 876

District 22
Nodes: 13 97 182 198 245 325 334 349 393 394 430 454 495 545 569 603 674 705 836 890 913 989
Compactness: 1066.558622
Weights: 266.000000 4056.000000 1175.000000
Center Node: 495

District 23
Nodes: 55 74 205 300 365 443 453 490 544 566 640 649 779 806 839 845 926 948 957 987
Compactness: 1405.271650
Weights: 270.000000 4279.000000 1187.000000
Center Node: 926

District 24
Nodes: 9 26 48 58 157 222 231 283 376 382 397 435 455 475 554 588 628 731 752 761 784 896 974 991
Compactness: 1670.239551
Weights: 261.000000 4432.000000 1231.000000
Center Node: 761

District 25
Nodes: 85 92 107 214 248 257 274 364 366 399 403 440 477 498 542 699 700 891 960
Compactness: 847.985975
Weights: 230.000000 4053.000000 1254.000000
Center Node: 248

District 26
Nodes: 4 14 56 253 270 282 448 450 451 489 527 541 567 572 737 762 768 907
Compactness: 858.180000
Weights: 190.000000 4464.000000 1219.000000
Center Node: 4

District 27
Nodes: 61 94 136 166 170 293 363 385 465 488 600 619 694 698 704 723 767 838 861 906
Compactness: 885.960893
Weights: 227.000000 4472.000000 1078.000000
Center Node: 385

District 28
Nodes: 10 19 83 227 321 395 396 422 471 505 537 551 617 733 748 758 859 923 925 986 993
Compactness: 1165.178521
Weights: 242.000000 4255.000000 1127.000000
Center Node: 19

District 29
Nodes: 45 86 100 151 265 268 295 419 420 463 485 609 716 771 815 827 867 942 964 979
Compactness: 800.907345
Weights: 245.000000 4460.000000 1178.000000
Center Node: 295

District 30
Nodes: 23 57 69 122 137 262 311 461 491 503 510 565 598 653 721 755 849 873 910 938 945 949 953
Compactness: 1996.437100
Weights: 260.000000 4213.000000 1106.000000
Center Node: 949

District 31
Nodes: 38 67 91 149 150 219 388 511 562 635 641 648 661 671 740 776 791 885 954 973
Compactness: 1308.568861
Weights: 242.000000 4455.000000 1156.000000
Center Node: 661

District 32
Nodes: 25 39 40 41 111 180 190 209 239 307 358 389 415 464 556 708 765 805 830 862
Compactness: 1140.153244
Weights: 250.000000 4318.000000 1201.000000
Center Node: 358

District 33
Nodes: 42 53 54 101 423 456 517 520 526 570 636 797 819 855 866 869 877 889 915
Compactness: 1028.885362
Weights: 193.000000 4409.000000 1122.000000
Center Node: 101

District 34
Nodes: 175 176 179 184 217 241 340 370 409 426 478 494 525 602 614 625 833 847 900 970 971
Compactness: 1334.130307
Weights: 259.000000 4453.000000 1079.000000
Center Node: 241

District 35
Nodes: 33 66 78 114 167 169 238 319 372 383 462 484 499 531 652 673 831 939 940 975
Compactness: 1463.103287
Weights: 233.000000 4096.000000 1214.000000
Center Node: 383

District 36
Nodes: 52 62 135 144 213 246 301 414 457 473 615 651 663 732 857 881 922 966
Compactness: 1179.404192
Weights: 202.000000 4214.000000 1185.000000
Center Node: 857

District 37
Nodes: 63 68 113 140 164 225 242 258 331 447 605 639 655 686 706 730 811 884 947 994
Compactness: 980.179389
Weights: 228.000000 4469.000000 1158.000000
Center Node: 68

District 38
Nodes: 1 37 47 79 98 168 210 352 469 513 529 549 638 726 841 865 911 952 997
Compactness: 955.190442
Weights: 279.000000 4055.000000 1010.000000
Center Node: 98

District 39
Nodes: 17 110 172 197 202 261 289 314 322 359 433 467 548 579 589 637 657 669 676 724 741 744 837 895
Compactness: 1574.490702
Weights: 284.000000 4022.000000 1383.000000
Center Node: 837

District 40
Nodes: 81 102 120 148 223 275 298 345 369 379 390 427 578 591 604 626 660 682 718 780 936
Compactness: 1312.945652
Weights: 230.000000 4342.000000 1109.000000
Center Node: 626

District 41
Nodes: 138 174 284 318 401 428 532 553 599 610 670 677 681 711 753 785 786 788 860 886 981
Compactness: 1331.967872
Weights: 248.000000 4338.000000 1118.000000
Center Node: 981

District 42
Nodes: 87 191 254 407 410 411 492 675 679 697 734 759 789 817 853 868 909 962 963
Compactness: 1009.094568
Weights: 231.000000 4074.000000 1164.000000
Center Node: 492

District 43
Nodes: 43 82 106 116 147 160 277 327 343 371 497 575 584 595 658 695 714 793 795 799 812 921
Compactness: 1328.478909
Weights: 253.000000 4077.000000 1280.000000
Center Node: 160

District 44
Nodes: 75 80 186 228 233 252 260 263 312 442 550 593 634 654 738 757 825 856 931 980 982
Compactness: 3719.882695
Weights: 253.000000 4452.000000 1186.000000
Center Node: 931

District 45
Nodes: 70 77 117 330 339 384 432 514 571 668 688 715 796 810 843 883 917 961 985 992
Compactness: 1074.108812
Weights: 249.000000 4428.000000 1179.000000
Center Node: 77

District 46
Nodes: 16 65 95 121 165 201 280 373 380 476 481 536 543 645 646 781 844 894 943 958 976
Compactness: 1646.042280
Weights: 266.000000 4465.000000 1218.000000
Center Node: 121

District 47
Nodes: 73 99 187 220 232 256 259 272 281 360 400 402 418 539 607 620 746 820 826 965
Compactness: 1575.441025
Weights: 265.000000 4123.000000 1175.000000
Center Node: 826

District 48
Nodes: 142 234 250 271 297 356 441 515 561 577 594 624 656 685 722 735 908 919 999
Compactness: 807.117640
Weights: 227.000000 4211.000000 1072.000000
Center Node: 577

District 49
Nodes: 36 203 237 290 299 304 316 377 434 436 460 680 707 760 773 778 792 990
Compactness: 977.251039
Weights: 248.000000 4387.000000 1077.000000
Center Node: 760

District 50
Nodes: 29 89 309 317 328 329 417 444 449 506 540 547 564 568 689 709 809 828 902 928
Compactness: 1474.729094
Weights: 236.000000 4212.000000 1177.000000
Center Node: 506
