BalanceViolation 33.827500
AffinityLoss 0.000000
Compactness 89974.021246

District 1
Nodes: 0 12 25 52 62 66 85 156 166 197 212 231 283 292 301 325 336 346 385 388 389 392 399 405 453 461 507 557 558 575 591 603 605 614 625 675 701 723 725 729 739 768 772 777 796 808 914 917 955 959 964 977
Compactness: 4345.512043
Weights: 620.000000 10177.000000 2960.000000
Center Node: 558

District 2
Nodes: 61 100 114 118 170 177 203 205 244 251 273 298 313 332 364 379 395 402 424 432 434 449 483 501 527 529 537 568 581 613 623 639 651 677 706 793 797 803 842 861 863 865 883 884 891 944 948 985 996
Compactness: 4297.330629
Weights: 614.000000 11006.000000 2777.000000
Center Node: 379

District 3
Nodes: 15 36 50 54 68 82 164 181 184 229 247 250 259 269 275 305 311 316 330 382 391 425 436 438 482 490 499 525 542 640 647 648 657 661 663 690 765 781 788 789 807 870 896 903 931 936 961 995
Compactness: 4623.417086
Weights: 569.000000 10099.000000 2986.000000
Center Node: 250

District 4
Nodes: 5 104 146 148 157 163 176 200 214 248 261 282 287 293 296 317 352 400 407 411 478 569 589 608 612 635 637 659 696 714 733 734 778 782 792 798 801 809 810 872 890 908 956 962 969 970 972 979 993
Compactness: 3856.428352
Weights: 576.000000 10698.000000 2908.000000
Center Node: 352

District 5
Nodes: 14 24 48 70 115 142 144 168 201 226 227 233 347 372 380 413 421 433 451 470 479 487 494 541 576 592 619 641 668 681 702 718 722 752 771 827 836 846 851 855 856 864 871 874 882 902 984
Compactness: 4719.931679
Weights: 590.000000 10986.000000 2837.000000
Center Node: 470

District 6
Nodes: 2 64 103 152 153 154 167 179 285 300 308 358 365 393 428 444 502 522 523 539 570 573 597 629 649 669 692 694 703 715 726 727 736 744 755 795 806 814 828 837 881 897 923 940 951 953 958 974 982
Compactness: 4368.906410
Weights: 560.000000 11014.000000 2962.000000
Center Node: 103

District 7
Nodes: 38 44 53 75 102 105 106 128 143 145 180 268 284 295 326 398 409 412 419 430 457 466 475 540 546 547 572 601 620 645 658 680 683 721 738 756 760 770 785 800 819 822 831 835 839 873 880 929 937 965 968 999
Compactness: 5371.826017
Weights: 629.000000 10433.000000 2843.000000
Center Node: 819

District 8
Nodes: 6 7 10 16 34 39 86 130 132 147 160 161 172 297 396 415 445 446 465 474 476 528 550 552 555 585 587 628 642 662 673 679 688 691 751 804 825 850 859 860 877 907 911 915 925 933 939 946 960 963
Compactness: 4503.183881
Weights: 629.000000 10353.000000 2781.000000
Center Node: 552

District 9
Nodes: 3 21 35 43 47 80 108 125 129 133 158 159 174 178 182 213 217 243 245 246 252 260 289 306 331 343 361 371 374 394 447 450 456 548 564 571 593 604 621 646 664 687 689 697 748 791 811 838 878 901 924 928 935
Compactness: 4928.066520
Weights: 601.000000 10763.000000 2996.000000
Center Node: 571

District 10
Nodes: 31 59 65 96 110 122 135 136 162 189 190 199 202 211 219 239 240 263 276 286 362 423 464 468 489 566 567 574 579 588 607 618 670 684 685 717 720 741 749 774 805 824 841 849 858 876 886 893 938
Compactness: 5055.827408
Weights: 629.000000 10151.000000 2856.000000
Center Node: 239

District 11
Nodes: 26 37 41 63 149 165 186 192 198 218 237 257 277 294 341 350 356 377 410 414 418 443 459 504 505 519 535 563 596 600 617 660 665 682 695 710 716 731 750 779 802 816 830 892 904 906 927 942 971 980
Compactness: 4244.418115
Weights: 564.000000 11067.000000 2856.000000
Center Node: 682

District 12
Nodes: 51 88 99 139 150 183 191 206 222 236 322 342 353 373 376 390 397 417 429 440 454 462 471 472 480 497 500 503 512 530 536 543 622 630 653 704 712 730 746 754 767 775 919 932 945 954 973 976 981 988 989 994
Compactness: 4638.266336
Weights: 629.000000 10934.000000 2727.000000
Center Node: 454

District 13
Nodes: 20 46 76 89 111 123 194 210 216 254 262 274 290 304 314 320 324 338 367 375 383 441 463 492 493 509 510 516 518 532 534 626 643 654 672 693 698 705 743 757 758 769 776 780 783 812 847 857 879 885 912 918 941 983 997
Compactness: 5175.200518
Weights: 627.000000 10884.000000 2783.000000
Center Node: 941

District 14
Nodes: 13 42 55 74 87 90 98 107 134 155 234 267 271 291 299 315 333 339 340 363 387 431 455 481 485 491 549 560 565 582 615 616 644 650 671 676 678 732 740 817 853 866 875 888 895 934 966 990
Compactness: 4015.480954
Weights: 622.000000 10192.000000 2886.000000
Center Node: 339

District 15
Nodes: 1 23 29 30 57 67 69 72 73 91 93 109 195 208 228 230 232 266 281 303 329 349 359 422 460 467 498 531 553 556 578 583 627 633 636 667 674 711 724 773 813 867 913 926 930 943 949 950 975
Compactness: 4127.541340
Weights: 564.000000 10867.000000 2774.000000
Center Node: 633

District 16
Nodes: 9 27 33 83 95 124 126 131 137 140 241 242 253 255 265 270 279 318 327 357 369 370 381 408 427 435 439 473 477 511 513 533 577 632 699 735 737 787 799 820 823 826 834 840 852 894 899 909 916
Compactness: 4194.618786
Weights: 566.000000 11131.000000 2783.000000
Center Node: 735

District 17
Nodes: 8 11 28 56 113 117 119 121 138 141 171 204 207 221 319 328 334 351 354 368 384 401 406 420 442 458 469 484 496 508 514 554 559 561 586 598 631 652 708 719 766 790 794 818 843 869 920 952 967 978 992
Compactness: 4132.414240
Weights: 601.000000 10221.000000 2998.000000
Center Node: 204

District 18
Nodes: 58 60 71 77 78 81 127 196 209 220 223 224 238 249 278 310 323 337 345 386 403 495 517 521 524 526 551 594 602 609 610 624 634 655 707 713 753 759 762 764 784 786 821 854 862 868 889 898 905 957 987
Compactness: 4747.597415
Weights: 610.000000 10652.000000 2717.000000
Center Node: 71

District 19
Nodes: 22 32 40 49 79 84 94 97 112 169 175 188 193 225 256 264 272 288 309 321 344 348 355 360 366 378 437 448 506 520 544 545 580 590 595 638 666 686 700 709 742 747 763 815 833 844 887 986 991
Compactness: 4607.225245
Weights: 570.000000 10297.000000 2954.000000
Center Node: 686

District 20
Nodes: 4 17 18 19 45 92 101 116 120 151 173 185 187 215 235 258 280 302 307 312 335 404 416 426 452 486 488 515 538 562 584 599 606 611 656 728 745 761 829 832 845 848 900 910 921 922 947 998
Compactness: 4020.828272
Weights: 635.000000 10179.000000 2830.000000
Center Node: 452
