BalanceViolation 1332.695000
AffinityLoss 0.000000
Compactness 59889.053508

District 1
Nodes: 35 122 135 159 189 211 219 239 468 548 567 574 588 670 685 720 774 849 893
Compactness: 1195.752393
Weights: 258.000000 4179.000000 1199.000000
Center Node: 588

District 2
Nodes: 61 100 118 153 203 205 251 313 444 449 501 527 613 828 865 883 948 996
Compactness: 2237.417932
Weights: 238.000000 4377.000000 1045.000000
Center Node: 501

District 3
Nodes: 104 146 163 176 200 214 282 287 296 400 411 608 635 659 696 733 734 956 962 972
Compactness: 1004.830018
Weights: 246.000000 4420.000000 1058.000000
Center Node: 696

District 4
Nodes: 8 68 117 121 259 305 382 384 420 438 469 514 525 542 647 661 708 766 869 870 896 903 978
Compactness: 1621.539132
Weights: 240.000000 3915.000000 1353.000000
Center Node: 514

District 5
Nodes: 14 55 83 95 128 226 327 435 473 477 491 549 645 676 799 851 852 853 874 902
Compactness: 1380.349931
Weights: 250.000000 4454.000000 1161.000000
Center Node: 435

District 6
Nodes: 22 84 97 112 193 225 264 288 321 344 360 378 448 544 580 662 844 986 991
Compactness: 1053.774697
Weights: 197.000000 4127.000000 1234.000000
Center Node: 360

District 7
Nodes: 88 99 139 150 191 206 222 236 390 429 454 503 536 543 730 919 932 976 981 988
Compactness: 1127.832730
Weights: 256.000000 4298.000000 1076.000000
Center Node: 236

District 8
Nodes: 64 103 177 300 358 393 402 522 523 573 669 692 715 744 795 806 881 953 958
Compactness: 1384.950875
Weights: 225.000000 4096.000000 1204.000000
Center Node: 795

District 9
Nodes: 29 57 91 109 195 208 266 457 460 627 674 683 738 770 800 835 880 949 950 965
Compactness: 1064.961577
Weights: 251.000000 4466.000000 1063.000000
Center Node: 738

District 10
Nodes: 58 71 81 196 223 238 337 386 403 594 609 624 753 759 762 784 786 854 868 889
Compactness: 1239.814579
Weights: 255.000000 4112.000000 1135.000000
Center Node: 889

District 11
Nodes: 37 41 46 111 149 262 290 304 324 338 350 383 463 492 600 743 757 758 769 780 847 941
Compactness: 1056.436602
Weights: 263.000000 4097.000000 1105.000000
Center Node: 262

District 12
Nodes: 12 17 62 66 120 156 346 387 388 404 591 603 625 725 740 845 866 910 964 977
Compactness: 1190.022063
Weights: 257.000000 4357.000000 1128.000000
Center Node: 625

District 13
Nodes: 47 125 133 158 178 197 217 289 306 343 361 456 564 621 664 666 687 748 811 928
Compactness: 1178.173014
Weights: 243.000000 4313.000000 1192.000000
Center Node: 47

District 14
Nodes: 1 54 69 73 93 164 184 228 275 303 329 349 467 583 633 913 930 931 975 995
Compactness: 1368.432638
Weights: 235.000000 4392.000000 1165.000000
Center Node: 913

District 15
Nodes: 9 28 207 318 354 369 370 401 430 442 466 496 502 586 598 620 652 834 840 899 929
Compactness: 969.655201
Weights: 248.000000 4329.000000 1091.000000
Center Node: 442

District 16
Nodes: 31 59 65 136 162 202 263 286 566 579 599 606 684 741 749 805 876 938
Compactness: 1283.613043
Weights: 225.000000 4410.000000 1022.000000
Center Node: 136

District 17
Nodes: 44 101 143 173 315 416 426 431 486 565 611 721 745 822 839 873 875 895
Compactness: 1001.109673
Weights: 227.000000 4127.000000 1213.000000
Center Node: 426

District 18
Nodes: 10 132 147 415 445 446 465 474 478 555 587 628 642 688 691 825 877 907 911 939 946
Compactness: 1085.482548
Weights: 285.000000 4077.000000 1191.000000
Center Node: 555

District 19
Nodes: 27 33 126 131 241 242 255 265 274 279 314 511 699 787 820 823 826 857 916
Compactness: 1008.327860
Weights: 250.000000 4435.000000 1097.000000
Center Node: 265

District 20
Nodes: 48 51 342 373 376 380 487 530 576 619 668 718 746 752 882 973 994
Compactness: 963.425879
Weights: 199.000000 4410.000000 966.000000
Center Node: 487

District 21
Nodes: 34 39 130 160 161 256 278 299 399 455 495 550 610 700 707 729 821 888 955 957 960 966
Compactness: 1450.151215
Weights: 241.000000 4406.000000 1155.000000
Center Node: 455

District 22
Nodes: 114 170 244 308 364 432 434 529 537 581 639 727 793 803 837 861 863 944 974 985
Compactness: 971.247125
Weights: 251.000000 4096.000000 1117.000000
Center Node: 434

District 23
Nodes: 148 248 407 417 500 569 637 653 704 714 767 775 778 782 792 798 890 954 979
Compactness: 1272.941062
Weights: 214.000000 4376.000000 1164.000000
Center Node: 148

District 24
Nodes: 11 56 167 328 334 597 631 703 736 755 818 897 920 951 952 967 982 992
Compactness: 1082.254320
Weights: 221.000000 4060.000000 1230.000000
Center Node: 952

District 25
Nodes: 32 40 49 79 169 188 243 301 348 366 371 590 595 638 646 742 747 763 838 887 935
Compactness: 962.032427
Weights: 252.000000 4236.000000 1206.000000
Center Node: 838

District 26
Nodes: 19 45 96 116 199 240 276 488 489 515 538 562 584 607 717 761 829 848 858 886 922 947
Compactness: 1270.826604
Weights: 289.000000 4183.000000 1151.000000
Center Node: 19

District 27
Nodes: 26 192 218 356 410 443 504 519 535 617 660 665 682 710 731 750 802 816 830 971
Compactness: 1114.932499
Weights: 215.000000 4346.000000 1069.000000
Center Node: 356

District 28
Nodes: 105 181 268 269 295 311 316 319 330 406 475 499 540 578 648 663 773 788 867 961 999
Compactness: 1289.340529
Weights: 249.000000 4017.000000 1175.000000
Center Node: 788

District 29
Nodes: 15 36 50 82 229 247 250 391 425 436 482 490 640 657 690 765 789 807 936
Compactness: 1305.925412
Weights: 220.000000 4075.000000 1277.000000
Center Node: 36

District 30
Nodes: 78 183 249 310 322 323 353 397 462 471 472 497 512 622 630 634 712 713 754 862 945 989
Compactness: 1460.598178
Weights: 267.000000 4069.000000 1103.000000
Center Node: 353

District 31
Nodes: 42 74 87 90 98 134 155 271 333 339 340 481 582 615 616 644 650 732 990
Compactness: 901.150084
Weights: 241.000000 4274.000000 1197.000000
Center Node: 90

District 32
Nodes: 63 165 186 237 273 294 298 377 483 563 626 797 812 842 879 906 927 980
Compactness: 1077.092220
Weights: 203.000000 4391.000000 1164.000000
Center Node: 906

District 33
Nodes: 5 157 261 293 317 352 517 589 612 764 801 809 810 872 908 969 970 987 993
Compactness: 1042.408598
Weights: 205.000000 4026.000000 1196.000000
Center Node: 993

District 34
Nodes: 3 25 80 110 182 212 231 325 336 374 392 405 464 575 593 675 768 777 796 878 914
Compactness: 1179.797452
Weights: 245.000000 4245.000000 1196.000000
Center Node: 768

District 35
Nodes: 13 60 77 107 127 209 220 224 267 291 345 485 524 526 551 602 655 671 898 905 934
Compactness: 1326.120733
Weights: 254.000000 4420.000000 1139.000000
Center Node: 655

District 36
Nodes: 23 30 67 72 230 232 281 359 422 498 531 553 556 636 667 711 724 813 926 943
Compactness: 1140.302841
Weights: 221.000000 4195.000000 1152.000000
Center Node: 281

District 37
Nodes: 106 137 253 270 357 408 427 533 547 577 632 658 735 737 756 894 909
Compactness: 960.584432
Weights: 199.000000 4270.000000 1020.000000
Center Node: 270

District 38
Nodes: 332 379 395 414 418 424 568 623 651 677 693 706 776 779 783 884 891 904 912
Compactness: 954.957369
Weights: 212.000000 4434.000000 1030.000000
Center Node: 332

District 39
Nodes: 6 7 16 172 297 396 476 528 552 585 673 679 751 804 850 859 860 915 925 933 963
Compactness: 1132.402849
Weights: 257.000000 4087.000000 1248.000000
Center Node: 925

District 40
Nodes: 21 43 108 129 174 213 245 246 252 260 331 394 447 450 571 604 618 689 697 791 901 924
Compactness: 1429.159239
Weights: 240.000000 4314.000000 1213.000000
Center Node: 174

District 41
Nodes: 38 113 119 138 141 171 204 221 351 368 458 484 508 559 561 719 781 790 794 843
Compactness: 1271.597332
Weights: 236.000000 4189.000000 1134.000000
Center Node: 559

District 42
Nodes: 20 76 123 194 210 254 320 367 509 510 516 518 532 534 643 654 672 918 940 997
Compactness: 970.166933
Weights: 232.000000 4432.000000 1094.000000
Center Node: 672

District 43
Nodes: 24 70 115 142 168 216 233 375 433 441 493 698 702 705 771 827 836 846 856 885 983
Compactness: 1371.075215
Weights: 247.000000 4089.000000 1081.000000
Center Node: 846

District 44
Nodes: 0 85 86 94 166 175 272 309 355 437 453 507 520 545 686 701 709 772 808 815 833 959
Compactness: 1178.250118
Weights: 249.000000 4230.000000 1195.000000
Center Node: 272

District 45
Nodes: 4 92 151 185 187 215 235 258 280 302 307 312 335 452 656 728 832 900 921 998
Compactness: 1028.664634
Weights: 272.000000 4035.000000 1123.000000
Center Node: 452

District 46
Nodes: 227 234 363 372 413 451 470 479 494 521 560 592 678 722 817 855 864 871 984
Compactness: 1398.729658
Weights: 248.000000 4045.000000 1121.000000
Center Node: 871

District 47
Nodes: 2 124 140 152 154 179 285 365 381 428 439 513 539 554 570 629 649 694 726 814 923
Compactness: 1073.582127
Weights: 227.000000 4375.000000 1114.000000
Center Node: 629

District 48
Nodes: 53 75 102 145 180 284 326 398 409 412 419 546 572 601 680 760 785 819 831 937 968
Compactness: 1452.756752
Weights: 252.000000 4358.000000 1166.000000
Center Node: 102

District 49
Nodes: 89 144 198 201 257 277 341 347 421 440 459 480 505 541 596 641 681 695 716 892 942
Compactness: 1084.975784
Weights: 253.000000 4350.000000 1070.000000
Center Node: 681

District 50
Nodes: 18 52 190 283 292 362 385 389 423 461 506 557 558 605 614 723 739 824 841 917
Compactness: 1319.127378
Weights: 245.000000 4090.000000 1216.000000
Center Node: 614
