BalanceViolation 437.792000
AffinityLoss 3799.000000
Compactness 145307.550312

District 1
Nodes: 99 111 166 212 240 346 540 551 574 614 654 693 715 748 814 847 864 880 898 951 953 1009 1127 1156 1177 1228 1288 1309 1364 1446 1487 1568 1636 1659 1679 1703 1743 1800 1809 1926 1988 1994
Compactness: 2555.214811
Weights: 499.000000 8001.000000 2382.000000
Center Node: 951

District 2
Nodes: 28 64 65 192 196 277 376 390 432 490 566 628 630 656 859 865 933 965 1073 1109 1215 1217 1219 1289 1292 1300 1327 1413 1512 1528 1549 1603 1654 1691 1693 1716 1899 1901 1918 1983 1997
Compactness: 3014.754115
Weights: 506.000000 8409.000000 2404.000000
Center Node: 1549

District 3
Nodes: 16 44 53 109 149 180 187 253 299 349 360 396 436 462 692 848 882 950 986 1025 1043 1123 1158 1290 1341 1369 1374 1402 1431 1460 1496 1505 1555 1574 1723 1726 1814 1838 1912
Compactness: 3601.033973
Weights: 464.000000 8467.000000 2236.000000
Center Node: 1912

District 4
Nodes: 34 146 154 267 294 395 445 502 572 649 657 698 750 754 794 798 818 1032 1037 1072 1082 1125 1175 1264 1305 1376 1438 1526 1572 1619 1708 1729 1749 1769 1816 1942 1978
Compactness: 2304.811354
Weights: 474.000000 8042.000000 2174.000000
Center Node: 572

District 5
Nodes: 90 114 132 161 238 279 317 389 463 596 606 724 729 763 783 791 807 823 850 870 956 978 1132 1159 1201 1208 1262 1283 1359 1372 1416 1418 1466 1583 1637 1701 1738 1868 1930 1963
Compactness: 2869.240564
Weights: 460.000000 7929.000000 2303.000000
Center Node: 1868

District 6
Nodes: 13 32 33 81 176 233 302 413 509 602 615 696 757 759 821 872 958 988 990 1031 1064 1142 1153 1231 1261 1315 1325 1344 1347 1477 1508 1521 1522 1554 1621 1774 1812 1830 1933
Compactness: 12220.835194
Weights: 490.000000 7926.000000 2223.000000
Center Node: 1477

District 7
Nodes: 150 193 202 214 249 367 546 591 642 643 679 703 808 817 903 957 992 1001 1036 1096 1102 1120 1196 1200 1269 1313 1360 1392 1451 1562 1567 1591 1593 1601 1616 1694 1744 1791 1848 1869 1877
Compactness: 2867.285223
Weights: 475.000000 8009.000000 2408.000000
Center Node: 1200

District 8
Nodes: 29 153 172 236 266 285 334 336 344 363 408 477 483 539 547 571 704 774 878 897 949 1026 1039 1046 1051 1056 1168 1174 1268 1396 1551 1570 1588 1633 1645 1725 1734 1764 1826 1941 1980
Compactness: 1838.465726
Weights: 472.000000 7770.000000 2395.000000
Center Node: 1980

District 9
Nodes: 68 79 106 157 227 281 325 327 337 387 419 467 489 554 634 795 887 918 1052 1069 1166 1178 1194 1236 1256 1308 1384 1539 1604 1622 1657 1687 1695 1748 1858 1905 1936 1960
Compactness: 3213.883772
Weights: 504.000000 7809.000000 1906.000000
Center Node: 1166

District 10
Nodes: 0 22 143 189 220 288 403 460 501 523 556 588 594 617 765 801 877 881 942 959 973 1006 1042 1130 1167 1176 1197 1266 1388 1485 1501 1563 1573 1823 1824 1846 1903 1908 1961
Compactness: 1833.417497
Weights: 461.000000 8224.000000 2208.000000
Center Node: 959

District 11
Nodes: 41 62 73 328 355 466 505 522 545 557 564 581 621 627 638 659 697 753 790 840 915 928 1020 1048 1085 1086 1187 1234 1277 1385 1414 1421 1470 1519 1582 1627 1696 1786 1796 1807 1818 1939 1982
Compactness: 3336.920968
Weights: 475.000000 8458.000000 2395.000000
Center Node: 62

District 12
Nodes: 36 86 89 97 119 198 223 247 330 362 374 459 503 507 684 726 735 762 776 782 842 849 855 908 943 1003 1012 1183 1193 1230 1461 1467 1499 1720 1938 1951 1969 1972 1977
Compactness: 2596.812762
Weights: 501.000000 8109.000000 2190.000000
Center Node: 223

District 13
Nodes: 19 50 69 126 194 229 321 381 406 410 481 532 744 800 826 858 1030 1035 1079 1163 1206 1317 1318 1404 1432 1434 1442 1456 1481 1488 1674 1706 1731 1746 1795 1828 1873 1913 1948 1971 1992
Compactness: 2915.200737
Weights: 503.000000 8038.000000 2373.000000
Center Node: 532

District 14
Nodes: 23 71 85 139 250 303 326 340 366 444 491 498 535 577 592 644 673 677 784 907 955 963 968 975 1053 1066 1108 1110 1181 1343 1422 1472 1490 1697 1732 1835 1884 1907 1947 1962
Compactness: 2220.807195
Weights: 502.000000 8361.000000 2231.000000
Center Node: 444

District 15
Nodes: 6 39 134 168 188 190 199 237 289 307 350 357 385 397 453 562 604 685 689 690 717 764 816 839 997 999 1138 1151 1188 1263 1279 1335 1415 1525 1641 1753 1755 1760 1798 1825 1885 1887 1949
Compactness: 2663.252887
Weights: 499.000000 8507.000000 2381.000000
Center Node: 453

District 16
Nodes: 55 72 94 162 210 226 316 324 388 421 520 527 530 609 723 739 745 781 806 852 853 876 1008 1121 1154 1316 1363 1459 1503 1523 1530 1569 1580 1597 1611 1644 1718 1784 1854
Compactness: 2729.861345
Weights: 453.000000 7809.000000 2398.000000
Center Node: 1530

District 17
Nodes: 25 46 138 152 242 265 296 443 499 517 683 733 741 766 787 891 1021 1060 1095 1105 1182 1232 1282 1285 1312 1319 1417 1440 1463 1557 1606 1664 1752 1772 1810 1817 1834 1864 1881 1965
Compactness: 2222.833267
Weights: 478.000000 7725.000000 2310.000000
Center Node: 1664

District 18
Nodes: 5 101 105 184 315 320 331 423 433 473 534 575 587 622 623 655 711 769 805 846 910 946 970 1023 1054 1065 1322 1457 1482 1504 1513 1527 1610 1765 1768 1794 1819 1911 1945 1975
Compactness: 2805.777992
Weights: 459.000000 8119.000000 2362.000000
Center Node: 315

District 19
Nodes: 30 80 278 384 434 446 512 563 647 700 707 720 771 799 804 920 969 1047 1088 1097 1104 1116 1133 1224 1274 1340 1436 1437 1452 1471 1517 1535 1547 1558 1630 1634 1651 1745 1758 1872 1979
Compactness: 3029.423815
Weights: 521.000000 8533.000000 2184.000000
Center Node: 1437

District 20
Nodes: 20 87 95 218 228 333 358 411 430 441 465 541 751 927 954 964 993 1027 1029 1040 1113 1128 1143 1155 1179 1329 1345 1373 1387 1462 1489 1506 1602 1677 1684 1690 1713 1773 1837 1851 1874 1968
Compactness: 3070.976712
Weights: 514.000000 7765.000000 2203.000000
Center Node: 1684

District 21
Nodes: 18 92 231 341 347 375 429 542 548 576 578 598 605 631 645 678 737 756 912 960 962 982 1062 1101 1180 1213 1302 1419 1455 1516 1581 1596 1638 1710 1761 1815 1839 1879 1925 1999
Compactness: 2660.227446
Weights: 470.000000 8303.000000 2188.000000
Center Node: 912

District 22
Nodes: 88 147 163 380 382 457 555 607 637 834 911 945 1000 1007 1013 1055 1090 1122 1134 1137 1211 1216 1227 1295 1348 1378 1399 1430 1444 1491 1495 1520 1589 1594 1607 1702 1808 1964
Compactness: 2562.787428
Weights: 479.000000 7928.000000 2409.000000
Center Node: 382

District 23
Nodes: 123 130 186 244 292 309 361 455 597 632 660 688 809 828 894 901 932 1028 1140 1233 1242 1367 1390 1403 1424 1474 1507 1560 1579 1590 1653 1662 1711 1779 1788 1820 1896 1922 1927
Compactness: 2443.268250
Weights: 478.000000 8086.000000 2173.000000
Center Node: 1233

District 24
Nodes: 51 98 181 203 222 246 251 274 368 437 450 495 625 824 845 890 904 931 998 1087 1126 1148 1244 1299 1354 1377 1427 1435 1445 1483 1511 1532 1635 1681 1782 1806 1875 1883 1935
Compactness: 2633.102182
Weights: 464.000000 8259.000000 2269.000000
Center Node: 1483

District 25
Nodes: 4 75 115 248 391 401 414 439 474 488 496 603 705 728 738 755 773 811 830 867 979 1080 1149 1189 1391 1443 1454 1537 1550 1671 1699 1763 1778 1787 1793 1840 1981 1985
Compactness: 2307.255322
Weights: 480.000000 8319.000000 2187.000000
Center Node: 728

District 26
Nodes: 47 102 127 170 185 217 255 262 263 282 300 308 318 370 472 543 666 680 732 829 837 888 914 1015 1038 1106 1112 1214 1253 1259 1328 1379 1394 1479 1615 1680 1682 1728 1799 1821 1956
Compactness: 2876.709547
Weights: 464.000000 8122.000000 2397.000000
Center Node: 47

District 27
Nodes: 21 144 291 323 371 383 435 461 479 510 529 573 582 589 616 620 641 706 718 786 996 1218 1222 1254 1298 1356 1371 1410 1429 1458 1497 1515 1545 1565 1577 1643 1689 1811 1833 1867 1910 1976
Compactness: 2467.744692
Weights: 469.000000 8404.000000 2390.000000
Center Node: 1689

District 28
Nodes: 45 48 67 107 136 145 148 275 287 339 394 464 514 567 719 770 779 836 869 886 913 1070 1114 1139 1229 1297 1324 1395 1449 1646 1649 1652 1658 1707 1797 1847 1888 1928 1984 1990
Compactness: 2236.332234
Weights: 506.000000 8410.000000 2395.000000
Center Node: 145

District 29
Nodes: 31 254 272 283 365 392 469 471 508 515 521 553 584 586 636 646 650 670 687 699 746 833 856 868 883 892 905 906 934 961 1011 1093 1195 1251 1258 1284 1362 1464 1740 1866 1929 1974
Compactness: 5793.679081
Weights: 506.000000 7732.000000 2329.000000
Center Node: 1362

District 30
Nodes: 15 76 91 125 169 179 205 245 378 407 428 494 619 640 653 695 721 851 862 981 1002 1115 1135 1164 1350 1351 1425 1453 1578 1595 1617 1692 1742 1767 1852 1924 1931 1934 1967 1993
Compactness: 2643.192039
Weights: 498.000000 7938.000000 2331.000000
Center Node: 695

District 31
Nodes: 1 2 96 108 110 122 206 213 215 241 252 276 342 393 456 533 544 600 710 727 749 875 895 937 939 1067 1320 1370 1398 1469 1559 1587 1613 1625 1632 1771 1790 1836 1841 1897 1966
Compactness: 2823.491363
Weights: 502.000000 8309.000000 2188.000000
Center Node: 456

District 32
Nodes: 8 52 141 159 239 257 290 400 402 470 487 511 568 599 663 702 722 767 820 900 983 984 1091 1199 1257 1381 1599 1623 1647 1724 1733 1736 1766 1842 1886 1957
Compactness: 2416.525169
Weights: 460.000000 8211.000000 2220.000000
Center Node: 767

District 33
Nodes: 77 113 131 137 160 216 224 264 359 420 425 475 476 560 583 608 701 1049 1068 1119 1260 1293 1311 1314 1357 1382 1500 1534 1575 1668 1832 1891 1893 1906 1932 1937 1955 1959
Compactness: 2548.294858
Weights: 438.000000 8492.000000 2389.000000
Center Node: 1500

District 34
Nodes: 27 59 63 83 120 235 314 352 356 427 431 438 452 480 500 565 569 611 810 976 1103 1198 1209 1235 1484 1561 1576 1683 1686 1698 1751 1813 1859 1898 1909 1973 1995
Compactness: 2235.436062
Weights: 493.000000 7996.000000 2400.000000
Center Node: 83

District 35
Nodes: 3 7 54 173 204 234 280 405 468 478 513 537 595 612 613 626 675 681 734 879 885 893 917 921 941 1076 1185 1245 1267 1275 1310 1389 1411 1448 1493 1571 1666 1892
Compactness: 2105.919145
Weights: 473.000000 8412.000000 2208.000000
Center Node: 478

District 36
Nodes: 38 84 121 208 221 304 335 422 454 561 580 618 633 662 831 884 922 948 1033 1061 1063 1074 1092 1129 1207 1238 1336 1447 1475 1502 1585 1639 1642 1663 1676 1714 1863 1946 1950
Compactness: 2464.162662
Weights: 472.000000 8537.000000 2243.000000
Center Node: 561

District 37
Nodes: 37 82 156 219 230 319 372 377 484 536 570 590 674 792 967 991 1019 1041 1050 1099 1111 1141 1186 1202 1239 1304 1361 1383 1406 1420 1510 1533 1544 1556 1605 1640 1715 1829 1878 1916
Compactness: 2018.643214
Weights: 501.000000 8368.000000 2200.000000
Center Node: 1099

District 38
Nodes: 40 57 164 200 207 209 225 269 354 448 485 665 825 874 940 985 995 1057 1075 1078 1191 1210 1212 1220 1240 1248 1276 1332 1412 1480 1494 1540 1770 1783 1857 1860 1861 1902 1921
Compactness: 2643.663985
Weights: 474.000000 7750.000000 2387.000000
Center Node: 485

District 39
Nodes: 35 49 61 243 259 261 332 415 593 667 712 777 780 788 793 827 861 899 930 987 1017 1044 1136 1190 1252 1323 1375 1518 1546 1566 1584 1688 1705 1727 1737 1862 1880 1923 1952
Compactness: 2840.250024
Weights: 457.000000 7828.000000 2402.000000
Center Node: 1375

District 40
Nodes: 116 165 232 260 268 306 313 516 518 558 661 676 730 747 752 789 813 860 966 971 974 1005 1089 1152 1205 1280 1321 1365 1393 1407 1439 1465 1498 1672 1700 1719 1759 1762 1780 1853 1940
Compactness: 2527.135810
Weights: 498.000000 8316.000000 2333.000000
Center Node: 1672

District 41
Nodes: 66 100 118 124 182 270 271 409 525 559 610 624 716 725 736 785 812 815 866 936 952 1022 1059 1098 1145 1157 1250 1294 1296 1428 1468 1536 1614 1661 1667 1775 1789 1822 1827 1871 1943 1970 1986 1987
Compactness: 2899.823222
Weights: 501.000000 8286.000000 2388.000000
Center Node: 525

District 42
Nodes: 43 112 140 158 258 295 297 305 311 351 412 519 524 639 652 672 709 740 871 902 924 944 994 1058 1237 1272 1486 1492 1592 1631 1660 1669 1670 1675 1721 1792 1803 1856 1900 1917
Compactness: 2457.293860
Weights: 460.000000 8556.000000 2140.000000
Center Node: 140

District 43
Nodes: 26 93 133 178 348 353 417 451 482 531 549 682 694 708 743 760 819 832 838 863 909 919 935 1034 1170 1171 1306 1333 1337 1476 1531 1678 1717 1739 1776 1801 1849 1889 1998
Compactness: 2549.044013
Weights: 454.000000 8442.000000 2370.000000
Center Node: 26

District 44
Nodes: 10 14 17 104 155 167 171 201 273 322 345 424 426 528 550 686 758 775 835 1024 1117 1270 1334 1342 1380 1401 1405 1423 1426 1509 1608 1612 1730 1754 1757 1781 1843 1890 1919 1991
Compactness: 4183.535176
Weights: 477.000000 8203.000000 2175.000000
Center Node: 1890

District 45
Nodes: 9 11 56 103 135 174 364 369 418 526 585 714 778 803 822 841 896 925 1016 1131 1160 1172 1221 1243 1273 1349 1366 1397 1400 1478 1524 1609 1620 1655 1709 1785 1870 1914 1954
Compactness: 3695.818760
Weights: 486.000000 7863.000000 2362.000000
Center Node: 1221

District 46
Nodes: 24 70 78 117 142 191 298 398 629 648 691 761 772 796 857 929 947 972 989 1100 1169 1173 1203 1204 1226 1246 1255 1287 1330 1339 1408 1433 1598 1626 1673 1712 1804 1855 1876 1944
Compactness: 2629.372437
Weights: 503.000000 7867.000000 2203.000000
Center Node: 796

District 47
Nodes: 12 42 177 183 286 312 373 440 449 497 651 664 668 742 802 873 889 916 938 1010 1014 1084 1107 1162 1247 1265 1291 1303 1358 1368 1450 1541 1543 1600 1656 1685 1750 1756 1777 1865 1920 1996
Compactness: 3010.172071
Weights: 475.000000 7741.000000 2406.000000
Center Node: 1685

District 48
Nodes: 60 256 293 301 386 404 493 538 579 713 980 1004 1077 1081 1118 1124 1144 1165 1184 1278 1286 1301 1331 1352 1353 1355 1409 1441 1514 1564 1629 1704 1722 1747 1802 1831 1904 1989
Compactness: 2500.265974
Weights: 464.000000 7787.000000 2338.000000
Center Node: 1514

District 49
Nodes: 74 128 151 175 197 211 284 329 338 379 416 447 458 492 504 506 552 601 658 671 854 923 977 1018 1094 1146 1147 1161 1192 1225 1249 1271 1473 1529 1548 1552 1553 1648 1741 1805 1844 1845 1895 1915
Compactness: 2104.725435
Weights: 503.000000 8531.000000 2388.000000
Center Node: 601

District 50
Nodes: 58 129 195 310 343 399 442 486 635 669 731 768 797 843 844 926 1045 1071 1083 1150 1223 1241 1281 1307 1326 1338 1346 1386 1538 1542 1586 1618 1624 1628 1650 1665 1735 1850 1882 1894 1953 1958
Compactness: 2118.868940
Weights: 492.000000 7701.000000 2359.000000
Center Node: 635
