BalanceViolation 164.007500
AffinityLoss 3211.000000
Compactness 266688.542052

District 1
Nodes: 21 30 37 38 112 118 224 238 240 248 294 325 333 429 461 509 549 558 562 579 591 597 651 662 664 672 679 681 706 761 765 785 821 823 835 837 864 867 890 924 931 963 964 967 984 1004 1080 1098 1127 1140 1141 1156 1158 1194 1196 1204 1208 1220 1225 1227 1235 1239 1286 1301 1309 1317 1340 1351 1410 1477 1480 1493 1528 1530 1550 1569 1588 1607 1608 1614 1630 1651 1688 1694 1697 1722 1756 1759 1779 1798 1807 1834 1845 1906 1927 1954 1959 1998
Compactness: 19090.441601
Weights: 1247.000000 20001.000000 5534.000000
Center Node: 1340

District 2
Nodes: 5 8 10 12 55 64 93 116 129 132 149 188 189 232 243 253 272 289 293 301 363 397 428 442 458 493 495 575 619 658 680 685 688 704 716 737 739 755 777 792 794 807 813 829 858 869 916 949 961 971 999 1081 1086 1152 1154 1165 1217 1236 1263 1281 1378 1408 1416 1425 1436 1437 1447 1451 1488 1496 1543 1557 1558 1559 1598 1612 1619 1627 1655 1667 1685 1720 1725 1726 1741 1786 1842 1857 1860 1887 1889 1893 1896 1919 1941 1957 1968 1999
Compactness: 10277.471555
Weights: 1103.000000 21820.000000 5774.000000
Center Node: 1543

District 3
Nodes: 98 104 110 115 125 160 169 176 195 229 245 280 309 332 348 357 359 364 369 398 412 467 471 489 513 526 565 567 576 577 578 598 601 618 640 660 668 699 730 735 791 810 853 860 891 892 902 906 909 913 919 978 991 1016 1027 1033 1034 1044 1061 1077 1084 1085 1120 1157 1162 1191 1233 1248 1291 1321 1334 1395 1400 1442 1482 1489 1511 1514 1523 1591 1602 1605 1611 1613 1615 1620 1635 1636 1675 1710 1770 1780 1802 1831 1837 1840 1846 1886 1888 1902 1969 1986 1990 1995
Compactness: 9132.539240
Weights: 1255.000000 21657.000000 6051.000000
Center Node: 1611

District 4
Nodes: 28 39 68 75 107 145 147 185 186 198 203 205 242 315 339 343 344 370 387 393 407 411 421 436 478 502 508 522 527 536 554 561 568 588 593 603 624 700 711 770 776 779 803 833 844 868 880 901 911 914 952 958 966 972 980 986 1029 1125 1150 1163 1166 1203 1238 1240 1257 1276 1279 1312 1313 1325 1346 1363 1440 1454 1460 1501 1542 1547 1561 1566 1600 1643 1646 1674 1692 1732 1743 1772 1776 1843 1868 1878 1892 1909 1939 1940 1955 1967
Compactness: 14116.439422
Weights: 1154.000000 19716.000000 5525.000000
Center Node: 593

District 5
Nodes: 26 43 66 76 81 82 89 102 133 136 138 158 162 218 267 288 297 334 362 406 468 496 520 537 571 590 625 632 650 665 671 693 697 762 796 805 859 884 918 938 960 973 987 1057 1069 1074 1082 1091 1130 1135 1136 1146 1199 1219 1226 1243 1245 1302 1326 1341 1348 1401 1424 1470 1492 1509 1532 1544 1553 1562 1578 1583 1585 1594 1603 1604 1626 1629 1634 1650 1719 1727 1730 1731 1735 1749 1750 1763 1773 1790 1827 1836 1839 1883 1917 1918 1928 1933 1944 1965 1993
Compactness: 9018.323955
Weights: 1256.000000 21624.000000 5687.000000
Center Node: 1243

District 6
Nodes: 0 3 7 9 31 54 57 61 62 65 122 172 173 184 190 208 213 216 233 296 300 307 316 321 327 360 371 389 431 479 480 492 533 583 592 623 642 653 654 657 675 677 752 754 784 790 804 831 887 920 923 944 968 981 995 996 1003 1014 1020 1062 1063 1075 1123 1129 1147 1160 1206 1207 1212 1265 1269 1275 1298 1318 1335 1353 1366 1377 1391 1445 1462 1498 1499 1518 1521 1539 1555 1572 1573 1599 1637 1684 1696 1736 1757 1762 1767 1809 1824 1844 1862 1864 1885 1910
Compactness: 10953.601601
Weights: 1255.000000 21448.000000 6024.000000
Center Node: 389

District 7
Nodes: 22 23 29 40 69 70 91 111 119 121 143 151 166 187 247 250 252 255 270 276 292 320 324 340 403 425 440 445 525 555 621 643 647 673 682 719 720 722 728 742 760 763 769 781 788 828 840 846 894 904 905 937 997 1010 1028 1036 1060 1064 1066 1106 1109 1113 1134 1181 1209 1305 1323 1343 1379 1420 1438 1475 1495 1500 1503 1507 1515 1576 1610 1632 1642 1661 1666 1673 1677 1712 1739 1748 1789 1808 1829 1841 1858 1865 1922 1934 1946 1977 1988 1989
Compactness: 9240.209165
Weights: 1140.000000 20289.000000 5658.000000
Center Node: 720

District 8
Nodes: 94 99 154 177 212 298 330 338 354 368 422 449 454 494 504 510 519 521 529 542 574 678 689 698 733 759 768 773 782 786 787 793 797 798 808 822 824 826 836 842 852 877 898 912 928 945 947 970 982 1035 1038 1049 1059 1117 1139 1142 1148 1184 1193 1214 1224 1259 1267 1294 1349 1354 1361 1364 1374 1387 1390 1463 1483 1504 1513 1520 1524 1551 1565 1579 1592 1595 1631 1649 1656 1680 1693 1724 1737 1746 1769 1811 1833 1848 1872 1921 1945 1948 1978
Compactness: 10148.567170
Weights: 1149.000000 21770.000000 5594.000000
Center Node: 1520

District 9
Nodes: 13 16 18 24 53 56 58 83 164 165 181 194 206 221 249 258 262 295 331 404 413 420 427 430 441 446 476 477 490 511 550 563 570 581 607 614 732 744 780 848 875 876 882 921 994 1022 1024 1032 1089 1103 1108 1119 1126 1167 1186 1192 1201 1205 1234 1254 1270 1328 1369 1370 1386 1407 1414 1419 1431 1435 1461 1465 1491 1536 1549 1552 1581 1586 1601 1654 1659 1686 1702 1723 1788 1803 1806 1810 1832 1863 1869 1870 1873 1877 1880 1914 1932 1936 1943 1979 1985
Compactness: 10320.536614
Weights: 1197.000000 19753.000000 5939.000000
Center Node: 1806

District 10
Nodes: 6 34 44 63 72 77 130 137 157 178 191 227 261 283 303 328 341 376 377 382 414 485 499 530 553 564 587 611 630 635 659 691 695 715 745 756 795 830 832 886 907 917 925 929 976 998 1031 1041 1042 1058 1068 1088 1094 1096 1099 1107 1188 1198 1228 1277 1287 1288 1296 1316 1322 1329 1342 1402 1403 1418 1423 1444 1534 1546 1556 1564 1589 1622 1628 1645 1652 1690 1721 1753 1764 1804 1861 1871 1876 1890 1895 1897 1901 1904 1920 1972 1974 1984 1991
Compactness: 10074.965931
Weights: 1232.000000 20433.000000 5716.000000
Center Node: 1897

District 11
Nodes: 100 135 207 220 234 241 264 273 286 306 317 349 356 358 372 380 396 416 462 475 488 516 524 532 540 543 589 594 609 652 661 696 710 714 767 771 775 806 818 834 843 845 873 874 893 899 939 946 948 977 1009 1037 1115 1116 1159 1174 1190 1197 1213 1223 1242 1262 1264 1295 1303 1304 1344 1352 1429 1472 1512 1519 1535 1584 1617 1621 1640 1668 1671 1676 1705 1707 1708 1714 1717 1740 1745 1761 1782 1822 1847 1908 1912 1926 1931 1950 1980
Compactness: 40042.662541
Weights: 1214.000000 19970.000000 5869.000000
Center Node: 135

District 12
Nodes: 2 17 36 73 90 97 101 106 140 161 204 210 222 239 251 285 318 319 335 373 383 433 443 444 451 456 473 482 528 585 605 636 645 670 683 702 705 746 801 849 866 879 883 908 915 936 943 969 988 1002 1011 1025 1040 1067 1104 1132 1182 1185 1195 1218 1229 1241 1246 1249 1274 1283 1290 1360 1368 1383 1397 1411 1412 1413 1422 1443 1448 1485 1517 1533 1560 1609 1657 1678 1681 1747 1771 1785 1856 1859 1866 1875 1907 1916 1923 1942 1975 1982
Compactness: 10258.010312
Weights: 1228.000000 21695.000000 5782.000000
Center Node: 443

District 13
Nodes: 33 45 50 71 144 170 171 175 200 237 244 266 278 290 299 329 336 351 355 375 378 385 395 405 410 423 457 469 500 503 541 546 552 596 599 617 663 666 676 709 712 718 766 778 789 800 802 825 856 935 957 990 993 1015 1026 1030 1070 1072 1092 1111 1145 1172 1176 1187 1221 1260 1289 1299 1315 1320 1389 1398 1399 1409 1415 1456 1467 1476 1537 1538 1541 1574 1575 1587 1590 1597 1618 1647 1669 1683 1703 1706 1733 1738 1755 1758 1768 1784 1792 1830 1854 1915 1951 1983
Compactness: 10092.335746
Weights: 1246.000000 21568.000000 6101.000000
Center Node: 1467

District 14
Nodes: 49 52 59 79 88 109 123 131 153 179 215 259 277 281 304 313 342 394 408 459 460 466 470 484 486 491 498 506 517 539 547 557 604 620 622 627 646 750 764 783 812 819 847 871 897 926 941 965 1005 1007 1012 1021 1043 1046 1051 1128 1137 1155 1180 1215 1222 1237 1250 1268 1282 1292 1297 1306 1319 1330 1345 1347 1371 1393 1394 1426 1430 1433 1439 1458 1466 1473 1481 1484 1486 1506 1554 1563 1648 1679 1718 1766 1774 1781 1812 1813 1819 1821 1826 1849 1850 1855 1881 1900 1911 1964 1970
Compactness: 11246.275097
Weights: 1221.000000 21057.000000 6101.000000
Center Node: 459

District 15
Nodes: 1 11 19 20 78 84 108 127 128 139 159 167 180 182 199 201 202 225 235 265 274 279 346 379 386 390 399 426 474 544 560 572 628 667 729 734 743 838 839 851 861 862 863 888 896 927 932 953 979 1001 1048 1052 1056 1093 1110 1138 1143 1168 1216 1232 1255 1256 1258 1271 1272 1278 1280 1311 1339 1355 1358 1367 1372 1382 1385 1522 1525 1527 1577 1593 1596 1633 1639 1664 1682 1715 1728 1791 1793 1794 1800 1816 1823 1935 1956 1958 1976 1987 1997
Compactness: 26969.307209
Weights: 1228.000000 20034.000000 5710.000000
Center Node: 1056

District 16
Nodes: 4 42 60 85 86 113 124 134 146 150 211 256 260 282 287 305 312 326 337 400 409 447 450 463 501 507 556 586 600 608 612 613 684 690 701 724 751 757 758 799 809 816 817 878 895 942 951 974 983 1023 1054 1071 1073 1087 1095 1105 1112 1151 1164 1173 1183 1247 1251 1307 1314 1332 1338 1376 1380 1392 1421 1428 1434 1457 1459 1464 1478 1494 1510 1516 1644 1660 1691 1711 1716 1760 1778 1797 1814 1815 1817 1835 1838 1867 1891 1894 1903 1905 1937 1973
Compactness: 11623.060046
Weights: 1255.000000 21399.000000 5760.000000
Center Node: 1421

District 17
Nodes: 46 48 67 74 114 117 120 148 163 193 197 209 231 236 257 268 275 352 384 401 402 417 419 437 439 448 455 472 481 545 559 566 569 584 602 606 615 634 637 686 687 708 721 736 738 772 827 865 903 910 922 930 933 934 959 962 989 1000 1013 1018 1045 1055 1078 1144 1161 1210 1230 1231 1244 1252 1253 1284 1285 1293 1308 1350 1375 1404 1406 1446 1452 1468 1479 1526 1548 1568 1580 1641 1658 1805 1820 1852 1853 1884 1962 1963
Compactness: 10807.710055
Weights: 1074.000000 19981.000000 6003.000000
Center Node: 1231

District 18
Nodes: 41 47 51 80 95 103 126 141 152 155 168 183 196 223 228 254 269 310 353 365 366 415 435 438 453 465 483 487 512 514 518 534 538 580 582 595 629 631 656 692 703 717 727 731 740 741 748 749 774 872 889 950 1008 1017 1019 1050 1076 1083 1100 1101 1118 1122 1131 1169 1175 1177 1179 1189 1266 1310 1324 1336 1373 1381 1405 1450 1453 1455 1474 1505 1623 1624 1625 1653 1663 1665 1670 1695 1700 1751 1754 1777 1783 1787 1818 1874 1882 1913 1925 1949 1961 1971 1981
Compactness: 12605.890537
Weights: 1213.000000 21777.000000 6005.000000
Center Node: 1754

District 19
Nodes: 14 15 25 32 35 92 142 156 174 217 226 230 271 284 291 302 308 311 347 361 381 388 391 392 424 432 434 515 616 633 638 639 641 655 669 674 694 707 713 723 753 811 814 841 850 854 855 870 885 954 985 1039 1053 1090 1097 1102 1133 1153 1178 1327 1331 1333 1362 1365 1384 1396 1417 1441 1449 1469 1471 1508 1529 1531 1567 1570 1638 1662 1672 1699 1709 1742 1752 1765 1775 1796 1799 1825 1898 1899 1929 1953 1960 1966 1994
Compactness: 10503.052149
Weights: 1102.000000 19796.000000 5626.000000
Center Node: 381

District 20
Nodes: 27 87 96 105 192 214 219 246 263 314 322 323 345 350 367 374 418 452 464 497 505 523 531 535 548 551 573 610 626 644 648 649 725 726 747 815 820 857 881 900 940 955 956 975 992 1006 1047 1065 1079 1114 1121 1124 1149 1170 1171 1200 1202 1211 1261 1273 1300 1337 1356 1357 1359 1388 1427 1432 1487 1490 1497 1502 1540 1545 1571 1582 1606 1616 1687 1689 1698 1701 1704 1713 1729 1734 1744 1795 1801 1828 1851 1879 1924 1930 1938 1947 1952 1992 1996
Compactness: 10167.142105
Weights: 1210.000000 19812.000000 5807.000000
Center Node: 535
