BalanceViolation 1903.646000
AffinityLoss 3757.000000
Compactness 123068.633715

District 1
Nodes: 32 132 141 145 174 293 326 336 378 381 462 500 515 569 696 837 989 1003 1057 1078 1104 1206 1235 1312 1392 1407 1417 1493 1554 1619 1669 1732 1741 1958 1992 1998
Compactness: 2155.961247
Weights: 446.000000 8827.000000 2396.000000
Center Node: 462

District 2
Nodes: 47 209 276 295 330 413 426 670 695 724 742 764 854 889 930 1047 1059 1091 1125 1178 1267 1302 1315 1387 1520 1602 1663 1665 1727 1777 1835 1888 1954 1976 1999
Compactness: 1676.615670
Weights: 378.000000 7985.000000 1806.000000
Center Node: 1777

District 3
Nodes: 74 184 188 252 345 386 448 521 580 655 698 801 829 841 888 985 996 1015 1084 1193 1219 1241 1286 1323 1396 1428 1496 1513 1550 1567 1688 1706 1726 1742 1762 1767 1820 1851 1892 1905 1978 1988
Compactness: 2213.038348
Weights: 479.000000 8528.000000 2334.000000
Center Node: 386

District 4
Nodes: 6 15 81 90 98 172 223 245 445 511 525 672 719 728 810 825 840 881 1031 1148 1168 1194 1287 1295 1307 1313 1371 1409 1466 1525 1616 1654 1675 1684 1709 1740 1879 1891 1969 1987
Compactness: 2273.386841
Weights: 448.000000 8141.000000 2275.000000
Center Node: 1684

District 5
Nodes: 0 103 138 152 193 277 320 367 395 420 485 520 545 551 586 668 673 731 756 814 833 885 1034 1177 1252 1384 1404 1533 1537 1558 1575 1582 1588 1649 1750 1754 1827 1869 1915 1947 1973
Compactness: 2230.403767
Weights: 498.000000 8912.000000 2184.000000
Center Node: 320

District 6
Nodes: 170 179 192 195 225 248 438 540 565 598 620 717 776 819 911 913 942 1026 1030 1129 1210 1274 1440 1442 1449 1462 1519 1593 1614 1638 1641 1651 1673 1685 1692 1696 1818 1871 1901 1916 1959
Compactness: 2491.651677
Weights: 497.000000 8223.000000 2304.000000
Center Node: 1692

District 7
Nodes: 36 67 86 96 291 516 522 548 641 753 850 928 938 1021 1041 1153 1154 1157 1171 1203 1251 1269 1457 1467 1478 1542 1573 1623 1632 1644 1700 1710 1765 1782 1823 1849 1866 1946 1975
Compactness: 3677.511370
Weights: 448.000000 8811.000000 2412.000000
Center Node: 1573

District 8
Nodes: 13 139 241 254 305 306 343 368 384 499 513 530 571 590 714 718 727 734 758 806 884 912 956 1074 1220 1347 1423 1435 1444 1488 1502 1508 1534 1561 1574 1612 1613 1662 1687 1760 1873 1930 1931 1945
Compactness: 4267.458308
Weights: 501.000000 8582.000000 2391.000000
Center Node: 368

District 9
Nodes: 72 78 88 106 108 150 176 196 220 231 353 376 409 415 502 573 604 642 651 694 774 880 1039 1043 1115 1163 1207 1222 1279 1352 1393 1430 1475 1511 1601 1694 1729 1794 1920 1970
Compactness: 1991.918207
Weights: 484.000000 8403.000000 2300.000000
Center Node: 1920

District 10
Nodes: 31 68 85 156 175 227 253 287 317 328 364 437 471 478 510 562 608 669 748 830 832 849 903 1063 1070 1093 1120 1132 1311 1400 1509 1512 1514 1607 1666 1770 1894 1948 1981
Compactness: 2145.609217
Weights: 486.000000 8769.000000 2293.000000
Center Node: 175

District 11
Nodes: 48 99 115 134 164 417 463 599 626 644 785 807 838 844 899 959 1033 1055 1098 1103 1155 1186 1197 1214 1277 1282 1296 1308 1405 1483 1521 1528 1677 1713 1812 1833 1858 1928 1974 1979
Compactness: 2257.947690
Weights: 501.000000 8659.000000 2241.000000
Center Node: 48

District 12
Nodes: 102 189 204 217 268 397 401 496 504 645 652 654 708 712 790 792 836 946 979 1002 1058 1087 1142 1196 1236 1340 1394 1487 1507 1552 1557 1564 1565 1640 1843 1870 1872 1919 1941 1955
Compactness: 2204.379342
Weights: 499.000000 8796.000000 2283.000000
Center Node: 652

District 13
Nodes: 19 42 120 143 157 216 250 266 280 432 449 452 528 532 550 558 567 617 630 666 680 783 867 894 932 933 1152 1264 1318 1408 1477 1527 1587 1643 1661 1667 1721 1826 1887 1929
Compactness: 2504.507275
Weights: 501.000000 8564.000000 2194.000000
Center Node: 432

District 14
Nodes: 34 57 114 118 177 226 318 479 490 518 557 614 674 678 702 723 878 1066 1114 1160 1215 1227 1281 1284 1362 1383 1388 1450 1468 1549 1618 1676 1699 1701 1755 1837 1881 1934 1960 1980
Compactness: 1736.644244
Weights: 499.000000 8640.000000 2357.000000
Center Node: 678

District 15
Nodes: 51 71 124 154 165 180 228 316 433 441 533 579 581 740 789 929 983 1094 1246 1259 1297 1298 1341 1351 1357 1391 1437 1441 1485 1486 1536 1569 1606 1634 1728 1768 1780 1813 1936 1951
Compactness: 1935.581674
Weights: 425.000000 8815.000000 2228.000000
Center Node: 983

District 16
Nodes: 7 30 82 121 207 238 286 302 346 354 375 465 529 531 643 690 697 720 746 786 798 950 960 1023 1051 1056 1268 1333 1350 1410 1439 1470 1604 1625 1683 1707 1736 1757 1785 1804 1811 1842 1903 1985
Compactness: 3258.582884
Weights: 495.000000 8839.000000 2351.000000
Center Node: 1410

District 17
Nodes: 95 256 300 319 374 398 464 476 506 539 661 683 691 716 754 803 811 824 831 868 977 991 1028 1110 1116 1121 1131 1141 1327 1349 1376 1471 1610 1715 1840 1853 1927 1964 1984
Compactness: 3385.181531
Weights: 453.000000 8346.000000 2192.000000
Center Node: 683

District 18
Nodes: 79 107 146 173 208 255 259 382 430 455 486 559 596 627 835 853 859 869 961 1004 1009 1108 1118 1124 1138 1238 1243 1300 1328 1364 1375 1452 1480 1504 1584 1603 1642 1889 1962 1966
Compactness: 2102.014143
Weights: 449.000000 8211.000000 2408.000000
Center Node: 486

District 19
Nodes: 20 37 66 203 242 283 396 399 491 560 635 660 699 760 796 802 917 918 1085 1119 1147 1199 1370 1524 1531 1539 1579 1657 1660 1717 1834 1890 1893 1898 1912 1939 1957 1991
Compactness: 3603.923872
Weights: 486.000000 8896.000000 2390.000000
Center Node: 699

District 20
Nodes: 27 50 162 168 278 282 284 443 482 523 800 843 858 914 921 951 967 970 974 1016 1046 1086 1146 1195 1201 1233 1245 1256 1261 1266 1361 1419 1510 1518 1597 1693 1719 1751 1801 1874 1925 1982
Compactness: 2633.114324
Weights: 482.000000 8286.000000 2388.000000
Center Node: 1510

District 21
Nodes: 18 60 135 136 303 312 327 341 431 469 497 552 609 621 625 657 744 787 864 919 994 999 1020 1061 1073 1075 1156 1190 1358 1469 1535 1589 1600 1791 1810 1863 1923 1983
Compactness: 2076.181408
Weights: 487.000000 8313.000000 2400.000000
Center Node: 431

District 22
Nodes: 5 26 70 93 122 131 183 232 290 393 467 517 537 543 546 593 618 676 679 721 743 895 910 975 1097 1123 1126 1242 1332 1355 1460 1474 1599 1631 1652 1738 1852 1942 1994
Compactness: 2610.953631
Weights: 507.000000 8095.000000 2089.000000
Center Node: 70

District 23
Nodes: 41 161 163 214 297 299 387 389 418 429 446 503 514 616 628 647 688 701 821 931 953 1105 1134 1162 1225 1288 1291 1373 1436 1464 1497 1615 1645 1716 1725 1793 1861 1880 1997
Compactness: 2157.620105
Weights: 491.000000 8641.000000 2192.000000
Center Node: 953

District 24
Nodes: 64 110 128 309 331 337 391 505 568 624 681 729 747 750 765 766 770 772 793 795 797 922 1005 1029 1067 1077 1083 1130 1145 1200 1216 1217 1263 1389 1398 1431 1484 1844 1908
Compactness: 2095.583435
Weights: 451.000000 8218.000000 2409.000000
Center Node: 797

District 25
Nodes: 87 197 310 369 392 412 583 592 612 619 653 685 700 759 784 823 896 897 1081 1183 1257 1271 1368 1399 1432 1434 1473 1572 1629 1647 1680 1718 1799 1814 1847 1885 1938 1972
Compactness: 1938.631981
Weights: 478.000000 8522.000000 2208.000000
Center Node: 1434

District 26
Nodes: 46 58 126 144 194 199 229 292 344 406 419 423 481 607 687 733 799 827 834 847 900 954 995 1050 1101 1122 1128 1202 1319 1325 1342 1353 1621 1774 1792 1806 1855 1924 1953 1995
Compactness: 2825.020998
Weights: 457.000000 8944.000000 2149.000000
Center Node: 292

District 27
Nodes: 112 178 224 239 251 258 273 274 363 402 405 447 535 561 587 817 842 866 926 986 1042 1062 1071 1089 1150 1265 1322 1348 1538 1545 1568 1595 1620 1636 1650 1655 1703 1895 1921
Compactness: 2286.759586
Weights: 491.000000 8218.000000 2350.000000
Center Node: 273

District 28
Nodes: 8 45 59 91 94 104 264 355 372 574 622 808 809 820 852 890 1088 1158 1247 1270 1314 1335 1356 1418 1489 1492 1499 1541 1580 1583 1598 1628 1637 1712 1748 1775 1845 1868 1913 1968
Compactness: 2403.455627
Weights: 496.000000 8721.000000 2346.000000
Center Node: 355

District 29
Nodes: 44 119 130 198 236 334 428 454 456 466 480 577 606 658 711 794 815 822 865 1001 1006 1032 1159 1175 1208 1212 1230 1305 1306 1372 1385 1482 1592 1608 1689 1704 1714 1734 1787 1832 1836 1854 1859 1932 1965 1977
Compactness: 2679.196604
Weights: 500.000000 8910.000000 2305.000000
Center Node: 454

District 30
Nodes: 123 260 311 323 335 366 403 453 460 484 512 549 601 689 706 707 752 848 860 924 925 1106 1135 1151 1293 1330 1331 1339 1369 1386 1445 1506 1522 1530 1668 1797 1830 1865 1900 1943
Compactness: 2027.895769
Weights: 513.000000 8150.000000 2248.000000
Center Node: 1106

District 31
Nodes: 158 219 265 269 322 325 410 459 542 605 671 704 788 791 901 927 943 965 993 1113 1189 1192 1294 1301 1324 1367 1543 1544 1560 1617 1671 1752 1773 1846 1933 1952 1967 1990
Compactness: 1927.106276
Weights: 440.000000 7311.000000 1988.000000
Center Node: 1544

District 32
Nodes: 2 54 84 187 213 270 315 457 575 576 631 745 781 805 816 862 871 872 968 1038 1165 1181 1249 1345 1378 1424 1515 1532 1556 1594 1633 1705 1735 1778 1786 1795 1825 1864 1899 1909
Compactness: 2528.385563
Weights: 454.000000 8821.000000 2325.000000
Center Node: 576

District 33
Nodes: 4 62 142 206 211 304 333 342 388 394 461 468 556 570 662 686 693 710 722 861 1010 1022 1025 1049 1111 1127 1275 1316 1359 1479 1529 1590 1630 1635 1664 1695 1821 1897 1935
Compactness: 2044.298623
Weights: 480.000000 8857.000000 2224.000000
Center Node: 1049

District 34
Nodes: 3 215 222 234 235 262 263 373 377 435 439 493 563 578 780 893 904 1011 1012 1014 1076 1140 1149 1218 1272 1289 1337 1360 1406 1433 1438 1517 1547 1591 1624 1658 1722 1743 1766 1815 1862 1902
Compactness: 2758.191793
Weights: 469.000000 8895.000000 2401.000000
Center Node: 1591

District 35
Nodes: 43 113 186 201 202 244 301 329 348 507 524 544 667 762 839 964 973 1100 1112 1143 1191 1248 1260 1317 1397 1427 1443 1448 1526 1611 1653 1656 1678 1746 1788 1796 1819 1828 1878 1914 1993
Compactness: 2807.396446
Weights: 480.000000 8916.000000 2276.000000
Center Node: 667

District 36
Nodes: 11 22 63 140 240 285 350 359 414 427 477 536 554 572 584 629 632 633 665 749 773 828 883 962 980 1017 1072 1231 1253 1310 1446 1453 1546 1586 1626 1672 1737 1789 1803 1824 1886 1910 1971
Compactness: 2317.882139
Weights: 515.000000 8208.000000 2444.000000
Center Node: 773

District 37
Nodes: 9 16 25 129 149 151 275 332 351 370 407 434 538 564 663 739 813 851 870 920 939 944 945 958 978 1144 1169 1170 1223 1329 1363 1395 1416 1451 1503 1690 1758 1781 1831 1860 1884 1917
Compactness: 3177.068401
Weights: 499.000000 8104.000000 2386.000000
Center Node: 1860

District 38
Nodes: 55 77 80 109 147 160 166 404 424 483 534 585 736 763 874 916 934 940 957 982 992 1052 1080 1099 1164 1213 1280 1292 1346 1403 1414 1461 1540 1596 1776 1800 1817 1857 1940 1961
Compactness: 1976.499550
Weights: 443.000000 8773.000000 2121.000000
Center Node: 1213

District 39
Nodes: 23 61 111 167 205 281 294 298 313 421 450 591 602 638 675 684 703 751 757 886 935 966 987 1184 1237 1276 1382 1401 1490 1495 1500 1553 1622 1723 1798 1816 1839 1875 1877 1918 1986
Compactness: 2122.994765
Weights: 500.000000 8906.000000 2184.000000
Center Node: 313

District 40
Nodes: 12 76 116 159 230 279 289 383 425 473 489 508 527 650 705 709 725 730 873 875 972 1040 1137 1244 1290 1320 1343 1551 1563 1697 1702 1720 1724 1731 1805 1829 1926 1996
Compactness: 2069.474962
Weights: 470.000000 8091.000000 2382.000000
Center Node: 76

District 41
Nodes: 28 100 101 117 247 257 347 349 357 411 436 501 541 597 648 768 775 845 846 906 941 947 1013 1064 1107 1117 1172 1173 1224 1326 1334 1390 1412 1420 1501 1708 1745 1763 1764 1882 1883 1950
Compactness: 2326.730567
Weights: 501.000000 8875.000000 2337.000000
Center Node: 1763

District 42
Nodes: 35 40 49 137 210 246 271 307 352 358 371 488 519 589 639 664 682 713 738 779 812 1053 1065 1095 1136 1176 1303 1309 1377 1380 1456 1463 1481 1639 1749 1769 1906 1956
Compactness: 2022.527265
Weights: 476.000000 8928.000000 2151.000000
Center Node: 1136

District 43
Nodes: 29 33 73 83 89 97 153 182 356 379 408 474 588 595 902 952 955 988 997 1048 1180 1209 1221 1228 1258 1285 1321 1366 1374 1411 1458 1523 1570 1670 1698 1730 1783 1790 1838 1907 1911 1989
Compactness: 4083.975663
Weights: 501.000000 8595.000000 2341.000000
Center Node: 1790

District 44
Nodes: 10 24 69 105 171 233 237 249 365 416 442 458 553 555 603 735 737 761 818 855 882 969 1018 1133 1166 1204 1239 1240 1273 1379 1447 1454 1566 1679 1691 1711 1739 1771 1802 1807 1963
Compactness: 2662.964274
Weights: 442.000000 8473.000000 2398.000000
Center Node: 171

District 45
Nodes: 1 17 21 169 212 267 272 360 380 440 451 475 594 611 656 715 741 755 771 778 877 936 1007 1068 1082 1092 1109 1232 1278 1413 1426 1505 1516 1605 1659 1674 1759 1809 1848 1850
Compactness: 2064.692706
Weights: 499.000000 8894.000000 2306.000000
Center Node: 611

District 46
Nodes: 38 125 127 155 243 385 444 470 492 547 582 646 649 892 909 963 1000 1019 1024 1035 1045 1054 1069 1182 1185 1205 1234 1262 1365 1465 1498 1627 1646 1733 1772 1841 1876 1922
Compactness: 1984.271253
Weights: 454.000000 8111.000000 2370.000000
Center Node: 1733

District 47
Nodes: 39 53 185 362 390 495 498 613 623 767 804 856 876 887 923 971 990 1008 1036 1044 1090 1096 1139 1161 1174 1226 1255 1344 1381 1422 1459 1571 1577 1578 1581 1585 1747 1756 1856 1904 1944
Compactness: 2586.279604
Weights: 495.000000 8738.000000 2397.000000
Center Node: 1090

District 48
Nodes: 92 190 200 324 340 400 487 494 526 615 726 732 782 857 863 898 907 949 976 984 1079 1167 1179 1188 1198 1254 1283 1299 1304 1402 1415 1559 1576 1681 1808 1822 1937 1949
Compactness: 2323.790641
Weights: 456.000000 8233.000000 2390.000000
Center Node: 907

District 49
Nodes: 14 52 56 75 148 191 221 261 314 338 509 634 636 637 659 677 692 777 879 905 908 998 1060 1102 1211 1229 1250 1336 1338 1421 1429 1472 1609 1648 1682 1686 1744 1753 1761
Compactness: 2803.296013
Weights: 500.000000 8254.000000 2321.000000
Center Node: 1472

District 50
Nodes: 65 133 181 218 288 296 308 321 339 361 422 472 566 600 610 640 769 826 891 915 937 948 981 1027 1037 1187 1354 1425 1455 1476 1491 1494 1548 1555 1562 1779 1784 1867 1896
Compactness: 2634.076437
Weights: 486.000000 8117.000000 2380.000000
Center Node: 361
