BalanceViolation 11593.370000
AffinityLoss 0.000000
Compactness 27799.500573

District 1
Nodes: 50 57 330 337 350 358 372
Compactness: 368.172056
Weights: 76.000000 1287.000000 484.000000
Center Node: 358

District 2
Nodes: 131 147 148 196 205 222 227 257 320 368 395 453
Compactness: 627.281494
Weights: 171.000000 2713.000000 691.000000
Center Node: 320

District 3
Nodes: 58 140 287 299 393 431 441 466
Compactness: 390.817948
Weights: 85.000000 2052.000000 499.000000
Center Node: 58

District 4
Nodes: 19 65 114 177 306 428
Compactness: 299.184832
Weights: 63.000000 1249.000000 323.000000
Center Node: 428

District 5
Nodes: 127 143 220 245 273 295 303 307 435 442
Compactness: 498.915642
Weights: 142.000000 2324.000000 534.000000
Center Node: 245

District 6
Nodes: 7 141 157 185 258 259 301 321 338 422 446 450
Compactness: 708.826049
Weights: 145.000000 2280.000000 560.000000
Center Node: 321

District 7
Nodes: 6 22 165 169 193 209 236 288 314 334 424 493
Compactness: 817.820477
Weights: 146.000000 2081.000000 669.000000
Center Node: 334

District 8
Nodes: 16 51 67 84 117 158 176 252 300 353 404 432
Compactness: 535.222836
Weights: 139.000000 2232.000000 865.000000
Center Node: 16

District 9
Nodes: 47 52 204 261 379 440 463
Compactness: 443.035802
Weights: 73.000000 926.000000 465.000000
Center Node: 47

District 10
Nodes: 1 88 105 106 118 216 218 248 250 253 305 445 471
Compactness: 639.334298
Weights: 124.000000 2532.000000 678.000000
Center Node: 88

District 11
Nodes: 108 132 191 329 345 355 373 389 390 413 427
Compactness: 769.831832
Weights: 134.000000 2076.000000 644.000000
Center Node: 345

District 12
Nodes: 48 214 308 344 400 425 451 469 496
Compactness: 376.156815
Weights: 124.000000 2176.000000 532.000000
Center Node: 308

District 13
Nodes: 40 72 74 134 181 290 318 349 437
Compactness: 495.006091
Weights: 127.000000 2123.000000 557.000000
Center Node: 74

District 14
Nodes: 2 14 46 53 85 164 178 189 333 377 408 410
Compactness: 409.111868
Weights: 146.000000 2096.000000 571.000000
Center Node: 85

District 15
Nodes: 28 154 161 211 212 221 233 243 317 391 433 455 474 497
Compactness: 1318.107638
Weights: 171.000000 2427.000000 800.000000
Center Node: 317

District 16
Nodes: 55 64 124 125 254 388 426 438 472 484
Compactness: 497.933991
Weights: 137.000000 2191.000000 469.000000
Center Node: 472

District 17
Nodes: 92 163 199 312 336 365 411 444
Compactness: 199.222935
Weights: 106.000000 2258.000000 444.000000
Center Node: 336

District 18
Nodes: 10 44 70 115 168 188 265 276 352 397 443
Compactness: 749.107200
Weights: 156.000000 2199.000000 617.000000
Center Node: 188

District 19
Nodes: 116 126 170 179 231 285 396 417 473 490
Compactness: 656.166018
Weights: 118.000000 2074.000000 677.000000
Center Node: 473

District 20
Nodes: 86 122 135 187 194 203 215 311 420 467
Compactness: 541.731820
Weights: 122.000000 1984.000000 597.000000
Center Node: 135

District 21
Nodes: 3 11 30 34 113 324 340 356 481
Compactness: 457.895325
Weights: 87.000000 2163.000000 547.000000
Center Node: 481

District 22
Nodes: 78 101 151 172 202 229 331 364 405 449 457
Compactness: 626.242888
Weights: 127.000000 2288.000000 613.000000
Center Node: 202

District 23
Nodes: 87 111 155 184 237 277 319 363 483 485
Compactness: 732.772838
Weights: 123.000000 2741.000000 611.000000
Center Node: 363

District 24
Nodes: 62 93 103 260 263 315 332 399 401 418
Compactness: 866.319633
Weights: 106.000000 2189.000000 810.000000
Center Node: 418

District 25
Nodes: 8 13 195 309 341 348 378 439 461 486
Compactness: 604.578512
Weights: 142.000000 2183.000000 601.000000
Center Node: 309

District 26
Nodes: 43 60 90 123 200 239 386 398 419 458 470
Compactness: 543.590669
Weights: 150.000000 1805.000000 735.000000
Center Node: 386

District 27
Nodes: 29 206 269 270 289 302 323 347 357 452
Compactness: 674.408960
Weights: 138.000000 2629.000000 522.000000
Center Node: 323

District 28
Nodes: 100 129 145 162 175 182 293 346 374 454 498
Compactness: 586.246324
Weights: 127.000000 2113.000000 538.000000
Center Node: 162

District 29
Nodes: 5 96 190 271 291 313 371 380 480 489
Compactness: 440.841953
Weights: 147.000000 2089.000000 602.000000
Center Node: 480

District 30
Nodes: 17 75 104 110 137 217 272 284 402 447 482
Compactness: 586.597832
Weights: 139.000000 2149.000000 653.000000
Center Node: 402

District 31
Nodes: 35 39 136 225 234 238 278 292 326 366 421 499
Compactness: 514.082358
Weights: 176.000000 2688.000000 618.000000
Center Node: 234

District 32
Nodes: 20 33 36 66 183 186 256 361 416 462
Compactness: 516.387776
Weights: 119.000000 2084.000000 713.000000
Center Node: 256

District 33
Nodes: 27 45 83 119 138 142 144 235 316 376 494
Compactness: 598.474428
Weights: 131.000000 2724.000000 660.000000
Center Node: 45

District 34
Nodes: 24 49 56 82 120 192 210 244 387 412 429
Compactness: 456.933259
Weights: 142.000000 2421.000000 509.000000
Center Node: 24

District 35
Nodes: 41 133 152 153 159 208 223 283 423 459
Compactness: 755.466604
Weights: 109.000000 2218.000000 628.000000
Center Node: 223

District 36
Nodes: 99 128 130 149 201 242 247 268 343 367 434
Compactness: 563.015571
Weights: 104.000000 2055.000000 671.000000
Center Node: 128

District 37
Nodes: 59 71 95 198 282 375 394 430 476 488
Compactness: 558.875311
Weights: 122.000000 2220.000000 552.000000
Center Node: 394

District 38
Nodes: 89 98 226 230 304 322 351 354 407 460
Compactness: 619.674950
Weights: 105.000000 2265.000000 466.000000
Center Node: 322

District 39
Nodes: 160 166 174 180 232 267 274 298
Compactness: 430.480104
Weights: 95.000000 2269.000000 416.000000
Center Node: 166

District 40
Nodes: 26 73 79 102 112 197 240 241 246 249
Compactness: 789.103896
Weights: 115.000000 2018.000000 591.000000
Center Node: 241

District 41
Nodes: 69 121 262 264 280 384 456 464 477
Compactness: 309.503727
Weights: 124.000000 2090.000000 694.000000
Center Node: 264

District 42
Nodes: 15 38 61 275 286 328 360 436 479
Compactness: 395.437660
Weights: 126.000000 2012.000000 746.000000
Center Node: 275

District 43
Nodes: 32 37 94 171 281 294 382 392 468 475 487
Compactness: 575.690315
Weights: 133.000000 2183.000000 591.000000
Center Node: 475

District 44
Nodes: 0 12 25 80 91 97 109 173 224 228 492
Compactness: 638.802486
Weights: 142.000000 2102.000000 602.000000
Center Node: 0

District 45
Nodes: 42 54 77 207 213 251 255 335 409 415
Compactness: 591.320564
Weights: 122.000000 2020.000000 675.000000
Center Node: 255

District 46
Nodes: 18 21 107 266 327 339 342 359 369 406
Compactness: 554.275256
Weights: 123.000000 2017.000000 622.000000
Center Node: 327

District 47
Nodes: 68 76 150 279 297 385
Compactness: 236.996420
Weights: 84.000000 1380.000000 347.000000
Center Node: 385

District 48
Nodes: 9 23 31 156 167 219 310 403
Compactness: 380.813557
Weights: 83.000000 1538.000000 456.000000
Center Node: 156

District 49
Nodes: 4 146 296 362 381 383 465 478 495
Compactness: 487.564665
Weights: 94.000000 1541.000000 560.000000
Center Node: 4

District 50
Nodes: 63 81 139 325 370 414 448 491
Compactness: 366.119087
Weights: 92.000000 2244.000000 489.000000
Center Node: 491
