BalanceViolation 4636.752500
AffinityLoss 0.000000
Compactness 43565.138437

District 1
Nodes: 22 28 39 44 91 97 109 111 119 126 144 148 157 201 223 227 277 300 326 348 381 384 388 397 409 498
Compactness: 2460.218164
Weights: 322.000000 5220.000000 1510.000000
Center Node: 223

District 2
Nodes: 0 6 26 42 54 59 79 124 129 165 189 271 315 321 330 371 379 419 444 463 484 485 497
Compactness: 1943.453335
Weights: 287.000000 4609.000000 1378.000000
Center Node: 6

District 3
Nodes: 11 18 24 49 80 90 103 145 172 186 199 215 218 240 264 319 324 325 370 395 414 434 436 469 475
Compactness: 2579.050689
Weights: 277.000000 5333.000000 1301.000000
Center Node: 319

District 4
Nodes: 1 4 35 37 53 106 133 150 198 205 214 280 302 332 337 351 360 383 387 393 404 407 421 431 433 435 459 476 486
Compactness: 2539.105355
Weights: 315.000000 5248.000000 1634.000000
Center Node: 393

District 5
Nodes: 12 23 29 62 65 140 173 181 188 216 229 250 266 278 296 318 350 356 361 368 396 401 405 424 447
Compactness: 1864.261047
Weights: 310.000000 5245.000000 1327.000000
Center Node: 350

District 6
Nodes: 17 46 68 95 104 128 131 180 192 193 211 242 246 262 267 274 299 303 307 342 344 354 355 358 375 392 398 465 478 490 495 499
Compactness: 2885.951191
Weights: 396.000000 6589.000000 1997.000000
Center Node: 392

District 7
Nodes: 7 34 38 43 45 63 69 93 116 118 159 203 209 228 269 295 331 343 367 389 399 417 420 491
Compactness: 2249.189632
Weights: 323.000000 4838.000000 1494.000000
Center Node: 43

District 8
Nodes: 31 32 48 60 66 74 107 112 125 139 141 152 170 179 182 212 268 316 329 334 346 377 416 425 443 446 460 464 467 471 477
Compactness: 2739.603448
Weights: 340.000000 5345.000000 1544.000000
Center Node: 443

District 9
Nodes: 33 57 64 81 96 108 123 142 166 210 244 245 281 284 333 357 400 408 432 438 448 454
Compactness: 1803.918912
Weights: 253.000000 5389.000000 1441.000000
Center Node: 210

District 10
Nodes: 78 102 115 136 138 171 175 176 221 234 251 253 294 309 310 340 362 394 440 489
Compactness: 1317.798858
Weights: 264.000000 3211.000000 1334.000000
Center Node: 102

District 11
Nodes: 19 27 56 94 117 185 191 197 231 236 237 249 291 320 322 364 373 386 429 442 450 451 461 468
Compactness: 1779.852545
Weights: 310.000000 4920.000000 1434.000000
Center Node: 237

District 12
Nodes: 85 86 110 151 154 160 224 248 258 308 312 323 335 376 378 410 412 423 452 472 474 479 483 487
Compactness: 2359.060412
Weights: 318.000000 5171.000000 1370.000000
Center Node: 410

District 13
Nodes: 3 8 14 41 50 55 73 89 113 121 161 162 163 239 257 261 285 289 292 317 380 445 496
Compactness: 2196.388108
Weights: 317.000000 4982.000000 1452.000000
Center Node: 496

District 14
Nodes: 21 105 146 147 158 167 184 207 230 252 254 272 273 304 305 349 353 426 439 455 481 492
Compactness: 2206.982516
Weights: 274.000000 4784.000000 1442.000000
Center Node: 167

District 15
Nodes: 2 20 67 71 72 127 135 164 178 183 194 232 263 270 301 327 336 338 341 372 385 413 415 430 453 473
Compactness: 2004.253456
Weights: 293.000000 5099.000000 1330.000000
Center Node: 67

District 16
Nodes: 16 25 51 52 82 87 100 122 130 132 153 187 225 255 259 282 283 287 359 402 428 449 457
Compactness: 1622.261686
Weights: 304.000000 4981.000000 1009.000000
Center Node: 16

District 17
Nodes: 13 15 30 47 83 101 134 137 177 196 200 202 206 208 217 226 241 243 260 288 298 347 363 418 494
Compactness: 2446.226206
Weights: 286.000000 5163.000000 1552.000000
Center Node: 15

District 18
Nodes: 5 9 10 40 58 114 155 190 195 213 220 265 275 311 328 339 345 366 390 403 411 441 470 493
Compactness: 2164.359747
Weights: 271.000000 5053.000000 1508.000000
Center Node: 9

District 19
Nodes: 36 61 92 98 99 120 174 204 222 233 235 286 290 306 314 365 374 382 391 406 422 437 458 462 480
Compactness: 1996.296380
Weights: 299.000000 5280.000000 1397.000000
Center Node: 382

District 20
Nodes: 70 75 76 77 84 88 143 149 156 168 169 219 238 247 256 276 279 293 297 313 352 369 427 456 466 482 488
Compactness: 2406.906748
Weights: 314.000000 5121.000000 1513.000000
Center Node: 143
