BalanceViolation 17461.962000
AffinityLoss 0.000000
Compactness 115453.312940

District 1
Nodes: 35 49 72 88 137 176 220 271 307 352 358 371 415 519 589 639 664 694 713 738 779 812 1039 1065 1095 1115 1136 1176 1309 1377 1380 1456 1463 1511 1601 1769 1816 1906 1920 1956
Compactness: 2006.345322
Weights: 493.000000 8925.000000 2167.000000
Center Node: 271

District 2
Nodes: 87 197 310 369 412 490 583 592 612 619 685 700 759 784 878 896 897 1081 1183 1257 1271 1368 1383 1388 1432 1434 1450 1473 1572 1629 1647 1718 1755 1799 1814 1847 1885 1938 1972
Compactness: 2248.414941
Weights: 479.000000 8174.000000 2120.000000
Center Node: 1434

District 3
Nodes: 36 184 188 232 252 345 386 521 537 570 580 655 721 801 829 841 975 985 996 1015 1021 1084 1126 1193 1241 1323 1396 1428 1457 1496 1513 1550 1688 1706 1726 1742 1762 1767 1820 1851 1852 1905 1978 1988
Compactness: 2294.448922
Weights: 515.000000 8978.000000 2594.000000
Center Node: 1550

District 4
Nodes: 123 139 241 254 300 305 306 368 403 464 513 530 539 571 689 714 716 718 727 734 754 758 806 831 848 860 884 956 991 1074 1121 1135 1220 1435 1444 1445 1471 1574 1715 1873 1931 1945
Compactness: 2551.833410
Weights: 462.000000 8953.000000 2355.000000
Center Node: 727

District 5
Nodes: 69 105 119 154 228 237 249 416 428 441 555 579 586 603 711 740 789 815 822 865 983 1018 1159 1204 1230 1239 1298 1341 1391 1441 1447 1454 1485 1691 1711 1728 1771 1780 1832 1936 1963
Compactness: 2584.019011
Weights: 423.000000 9165.000000 2390.000000
Center Node: 441

District 6
Nodes: 67 160 166 302 483 516 522 753 916 934 1099 1203 1251 1269 1280 1414 1467 1542 1573 1623 1632 1765 1782 1857 1946
Compactness: 1282.875807
Weights: 289.000000 6383.000000 1404.000000
Center Node: 160

District 7
Nodes: 47 209 330 413 426 670 695 724 742 764 854 889 930 1091 1125 1267 1315 1387 1520 1665 1727 1777 1835 1999
Compactness: 969.744562
Weights: 286.000000 5588.000000 1255.000000
Center Node: 742

District 8
Nodes: 39 53 170 179 192 195 390 438 495 540 565 620 767 776 819 856 887 911 913 942 990 1026 1036 1096 1129 1161 1174 1210 1274 1440 1462 1571 1585 1614 1638 1641 1651 1692 1696 1818 1871 1916 1944
Compactness: 2843.986855
Weights: 489.000000 8384.000000 2531.000000
Center Node: 1440

District 9
Nodes: 11 65 102 133 178 189 204 217 308 314 321 338 359 496 584 632 645 652 659 692 769 828 836 1142 1229 1236 1250 1394 1472 1476 1491 1552 1564 1565 1609 1682 1779 1784 1843 1870 1872 1919 1941
Compactness: 2863.458509
Weights: 525.000000 8789.000000 2605.000000
Center Node: 1142

District 10
Nodes: 3 92 190 215 234 235 373 578 699 843 844 857 858 893 907 918 976 984 1011 1014 1076 1140 1179 1218 1245 1256 1299 1337 1438 1483 1539 1576 1591 1658 1743 1808 1812 1874 1979
Compactness: 2058.808295
Weights: 437.000000 8118.000000 2385.000000
Center Node: 1337

District 11
Nodes: 15 90 98 129 149 172 223 351 356 407 445 525 728 739 810 825 870 944 952 958 978 1148 1168 1169 1180 1194 1287 1307 1313 1329 1371 1466 1525 1616 1654 1675 1684 1709 1860 1884 1891 1969 1987
Compactness: 2236.665519
Weights: 504.000000 8722.000000 2446.000000
Center Node: 1329

District 12
Nodes: 1 21 38 127 212 267 272 360 385 440 470 475 492 611 643 748 755 778 909 1007 1068 1082 1092 1109 1182 1232 1278 1413 1426 1465 1512 1516 1605 1659 1757 1772 1809 1841 1848 1876
Compactness: 2228.946497
Weights: 497.000000 9078.000000 2217.000000
Center Node: 1278

District 13
Nodes: 28 41 100 101 117 143 157 163 297 299 389 411 446 501 503 597 616 628 640 648 915 931 941 947 953 1117 1162 1173 1224 1334 1373 1390 1408 1436 1497 1515 1587 1645 1716 1778 1861 1880 1883
Compactness: 2839.445930
Weights: 574.000000 9091.000000 2198.000000
Center Node: 1645

District 14
Nodes: 5 26 70 93 116 122 131 183 230 279 289 290 393 467 473 517 543 593 618 679 705 709 725 743 873 895 1097 1123 1242 1332 1460 1474 1599 1631 1652 1738 1829 1926 1994 1996
Compactness: 2474.019850
Weights: 504.000000 8867.000000 2292.000000
Center Node: 1652

District 15
Nodes: 20 37 185 318 362 399 491 560 613 623 660 760 796 804 876 989 1008 1066 1085 1104 1114 1206 1281 1381 1459 1524 1531 1579 1619 1657 1699 1856 1893 1904 1934 1939 1957 1960
Compactness: 1966.780852
Weights: 504.000000 8406.000000 2396.000000
Center Node: 20

District 16
Nodes: 19 120 128 219 250 325 459 532 617 630 680 681 704 791 867 894 933 993 1113 1264 1292 1318 1389 1477 1527 1596 1643 1752 1929 1933
Compactness: 1609.229208
Weights: 368.000000 6761.000000 1860.000000
Center Node: 617

District 17
Nodes: 25 136 140 240 275 303 312 327 332 341 469 554 609 719 787 813 851 864 919 939 994 1072 1144 1170 1190 1231 1358 1416 1451 1535 1589 1600 1690 1758 1791 1810 1831 1863 1879 1917
Compactness: 2229.384716
Weights: 499.000000 8948.000000 2425.000000
Center Node: 1791

District 18
Nodes: 48 56 75 115 239 363 417 463 553 561 587 599 626 634 644 737 855 879 899 905 959 986 998 1055 1060 1102 1103 1133 1155 1214 1282 1338 1429 1521 1595 1679 1713 1739 1744 1858 1895 1928
Compactness: 2424.355636
Weights: 525.000000 8946.000000 2471.000000
Center Node: 463

District 19
Nodes: 33 182 256 319 374 398 408 661 691 803 997 1028 1110 1131 1141 1228 1258 1327 1349 1366 1411 1458 1508 1612 1730 1838 1840 1853 1907 1927 1964 1984
Compactness: 1698.753206
Weights: 398.000000 6211.000000 1652.000000
Center Node: 1131

District 20
Nodes: 32 132 141 145 174 293 326 336 378 381 392 439 462 500 515 569 653 800 823 974 1003 1012 1057 1235 1399 1417 1493 1554 1669 1680 1732 1741 1992 1998
Compactness: 2131.946301
Weights: 435.000000 8119.000000 2193.000000
Center Node: 132

District 21
Nodes: 17 31 68 85 156 175 253 287 364 437 478 510 562 594 608 656 669 710 715 832 849 903 1063 1070 1093 1120 1132 1311 1400 1509 1514 1563 1607 1666 1712 1770 1805 1821 1894 1948 1981
Compactness: 2194.844380
Weights: 499.000000 8987.000000 2376.000000
Center Node: 175

District 22
Nodes: 107 208 247 257 259 347 349 357 395 436 455 486 541 731 768 775 833 835 845 846 853 906 1013 1064 1107 1118 1138 1172 1243 1326 1364 1412 1420 1480 1504 1584 1708 1745 1763 1764 1869 1882 1889 1950
Compactness: 2744.115865
Weights: 501.000000 9219.000000 2523.000000
Center Node: 349

District 23
Nodes: 0 112 218 224 251 258 273 274 296 339 367 402 405 420 447 472 485 535 566 735 817 842 866 1042 1062 1071 1089 1177 1187 1265 1322 1348 1538 1545 1555 1620 1636 1650 1655 1703 1921
Compactness: 2717.186093
Weights: 502.000000 8944.000000 2497.000000
Center Node: 1042

District 24
Nodes: 14 52 97 148 221 260 261 311 323 335 344 366 419 460 484 509 512 601 636 677 706 752 908 924 925 995 1106 1202 1330 1331 1339 1369 1421 1506 1522 1530 1668 1686 1792 1797 1830 1900 1943
Compactness: 2580.079154
Weights: 545.000000 8795.000000 2427.000000
Center Node: 706

District 25
Nodes: 13 168 200 324 340 343 499 523 526 590 615 726 732 782 914 949 951 967 970 1016 1079 1167 1188 1254 1283 1304 1361 1402 1415 1423 1534 1559 1561 1597 1662 1760 1822 1930 1937 1949
Compactness: 2599.603311
Weights: 463.000000 8894.000000 2375.000000
Center Node: 340

District 26
Nodes: 6 46 58 81 83 89 245 292 406 423 474 511 538 588 595 672 687 834 840 847 881 900 902 954 1031 1101 1122 1209 1285 1295 1319 1342 1374 1409 1523 1621 1670 1740 1774 1783 1790 1855 1924 1953 1995
Compactness: 2112.012157
Weights: 501.000000 8777.000000 2408.000000
Center Node: 1855

District 27
Nodes: 10 24 43 71 124 165 171 233 244 348 365 433 458 581 761 762 818 917 929 969 1100 1112 1143 1166 1240 1246 1273 1297 1351 1379 1437 1536 1569 1634 1678 1788 1802 1807 1813 1828 1834 1914 1993
Compactness: 2630.183793
Weights: 457.000000 8941.000000 2291.000000
Center Node: 1100

District 28
Nodes: 8 91 104 130 227 248 316 317 355 372 471 574 622 808 809 830 852 890 1088 1158 1247 1260 1270 1314 1335 1356 1357 1418 1449 1541 1580 1583 1598 1606 1628 1637 1748 1868 1878 1913 1968
Compactness: 2811.033020
Weights: 507.000000 8629.000000 2482.000000
Center Node: 1628

District 29
Nodes: 86 96 125 243 291 354 444 547 548 641 646 649 690 798 850 892 928 938 1000 1019 1024 1035 1041 1054 1069 1153 1154 1157 1171 1205 1365 1478 1498 1644 1646 1700 1733 1823 1849 1866 1922 1975
Compactness: 2204.056816
Weights: 500.000000 8853.000000 2595.000000
Center Node: 1157

District 30
Nodes: 22 61 63 231 409 477 502 572 573 604 629 642 647 665 688 701 749 757 773 774 821 883 980 1017 1163 1225 1288 1291 1453 1546 1586 1626 1672 1694 1725 1737 1793 1803 1877 1886 1918 1970 1971 1986
Compactness: 2625.405836
Weights: 531.000000 9034.000000 2589.000000
Center Node: 22

District 31
Nodes: 64 110 210 309 337 391 505 568 624 682 729 747 750 765 766 770 772 795 797 922 1005 1029 1047 1053 1067 1077 1083 1130 1200 1216 1217 1263 1303 1431 1484 1602 1639 1749 1844 1908
Compactness: 2234.768043
Weights: 464.000000 8087.000000 2459.000000
Center Node: 1083

District 32
Nodes: 7 30 74 82 121 207 238 286 304 346 375 448 465 529 531 697 698 720 746 771 786 888 950 960 1023 1051 1056 1219 1268 1333 1350 1410 1439 1470 1567 1604 1625 1683 1707 1785 1804 1811 1842 1892 1903 1985
Compactness: 2863.870951
Weights: 540.000000 8940.000000 2401.000000
Center Node: 346

District 33
Nodes: 2 84 146 155 173 187 255 270 315 382 430 457 575 582 596 859 869 872 963 1004 1045 1108 1124 1165 1185 1234 1238 1262 1300 1328 1375 1378 1424 1452 1556 1594 1603 1627 1633 1642 1710 1899 1962
Compactness: 3130.970550
Weights: 487.000000 8989.000000 2619.000000
Center Node: 1962

District 34
Nodes: 23 111 167 205 281 294 298 313 418 421 450 558 591 602 638 675 684 703 751 886 935 966 987 1145 1184 1237 1276 1382 1398 1401 1490 1495 1500 1553 1622 1723 1798 1826 1839 1875 1997
Compactness: 2250.201639
Weights: 507.000000 8980.000000 2312.000000
Center Node: 313

District 35
Nodes: 4 62 142 206 211 333 342 388 394 461 468 556 662 676 686 693 722 861 910 1010 1022 1025 1049 1111 1127 1275 1286 1316 1355 1359 1479 1529 1590 1630 1635 1664 1695 1736 1850 1897 1935
Compactness: 1890.662795
Weights: 486.000000 8977.000000 2268.000000
Center Node: 1630

District 36
Nodes: 34 57 114 118 177 226 479 498 518 557 614 674 678 702 723 923 971 1044 1090 1139 1160 1215 1227 1284 1344 1362 1468 1549 1577 1578 1618 1676 1701 1837 1881 1980
Compactness: 1596.403750
Weights: 456.000000 8310.000000 2170.000000
Center Node: 1160

District 37
Nodes: 12 45 59 76 94 159 264 383 425 489 508 527 546 598 650 717 730 820 875 972 1030 1040 1137 1244 1290 1320 1343 1489 1492 1499 1519 1551 1673 1685 1697 1702 1720 1724 1731 1775 1845 1942
Compactness: 2365.302523
Weights: 504.000000 8313.000000 2363.000000
Center Node: 1697

District 38
Nodes: 29 73 95 144 153 194 379 384 476 506 683 799 811 824 827 868 912 955 977 988 1048 1050 1116 1128 1221 1293 1321 1325 1347 1353 1376 1488 1502 1570 1610 1613 1687 1698 1806 1865 1911 1989
Compactness: 3117.538648
Weights: 515.000000 8345.000000 2326.000000
Center Node: 1376

District 39
Nodes: 27 50 162 278 282 284 377 443 482 493 563 696 837 904 921 1046 1078 1086 1146 1195 1201 1233 1261 1266 1272 1312 1392 1407 1419 1510 1518 1693 1719 1751 1801 1815 1862 1925 1958 1982
Compactness: 2674.171287
Weights: 473.000000 7957.000000 2421.000000
Center Node: 282

District 40
Nodes: 9 16 126 151 199 229 268 370 397 401 434 481 504 564 607 654 663 708 712 733 920 945 946 962 979 1002 1058 1087 1196 1223 1363 1395 1487 1503 1507 1557 1640 1781 1955
Compactness: 2592.465364
Weights: 475.000000 8935.000000 2207.000000
Center Node: 126

District 41
Nodes: 42 54 213 216 266 280 432 449 452 528 550 567 576 631 666 745 781 783 805 816 862 871 932 968 1038 1152 1181 1249 1345 1501 1532 1661 1667 1705 1721 1735 1786 1795 1825 1864 1887
Compactness: 2199.675805
Weights: 456.000000 9434.000000 2291.000000
Center Node: 1735

District 42
Nodes: 180 186 202 225 301 507 524 533 544 667 839 964 973 1094 1191 1226 1248 1255 1259 1317 1422 1442 1443 1448 1486 1526 1581 1593 1611 1653 1656 1660 1746 1747 1756 1768 1796 1819 1901 1951 1959
Compactness: 2673.601485
Weights: 474.000000 9050.000000 2270.000000
Center Node: 1248

District 43
Nodes: 134 164 191 400 442 453 487 494 549 637 707 777 785 807 838 863 882 898 1033 1098 1151 1186 1197 1198 1211 1277 1308 1336 1386 1405 1528 1566 1648 1677 1681 1753 1761 1833 1974
Compactness: 2382.622936
Weights: 514.000000 8986.000000 2406.000000
Center Node: 838

District 44
Nodes: 55 77 80 109 147 404 424 534 585 736 763 874 940 957 982 992 1052 1080 1164 1192 1213 1346 1403 1461 1540 1543 1617 1773 1776 1800 1817 1909 1940 1952 1961 1990
Compactness: 1655.541565
Weights: 396.000000 7709.000000 1868.000000
Center Node: 1403

District 45
Nodes: 18 40 60 78 106 108 135 150 196 246 353 376 431 488 497 552 621 625 651 657 744 880 999 1020 1043 1061 1073 1075 1156 1207 1222 1279 1352 1393 1430 1469 1475 1481 1729 1794 1923 1983
Compactness: 2027.547983
Weights: 514.000000 8606.000000 2576.000000
Center Node: 78

District 46
Nodes: 161 181 214 285 288 350 361 387 414 422 427 429 514 536 600 610 633 790 792 826 891 937 948 981 1027 1037 1105 1134 1253 1310 1340 1354 1425 1446 1455 1464 1494 1548 1562 1615 1789 1824 1867 1896 1910
Compactness: 2510.622695
Weights: 564.000000 8844.000000 2414.000000
Center Node: 181

District 47
Nodes: 79 169 198 328 334 380 451 454 456 466 480 559 577 606 627 658 741 877 936 961 1001 1006 1009 1032 1208 1212 1305 1306 1372 1482 1505 1592 1608 1674 1689 1704 1734 1759 1787 1854 1859 1965 1966
Compactness: 2310.524669
Weights: 501.000000 9241.000000 2278.000000
Center Node: 1854

District 48
Nodes: 158 265 269 276 295 322 331 410 542 605 671 788 793 901 927 943 965 1059 1178 1189 1294 1301 1302 1324 1367 1544 1560 1663 1671 1846 1888 1954 1967 1976
Compactness: 1595.901679
Weights: 343.000000 6965.000000 1689.000000
Center Node: 1671

District 49
Nodes: 44 51 103 138 152 193 236 277 320 520 545 551 668 673 756 794 814 885 926 1034 1150 1175 1252 1384 1385 1404 1533 1537 1558 1568 1575 1582 1588 1649 1714 1750 1754 1827 1836 1915 1932 1947 1973 1977
Compactness: 2508.591580
Weights: 522.000000 9072.000000 2408.000000
Center Node: 545

District 50
Nodes: 66 99 113 201 203 222 242 262 263 283 329 396 435 635 780 802 1119 1147 1149 1199 1289 1296 1360 1370 1397 1406 1427 1433 1517 1547 1624 1717 1722 1766 1890 1898 1902 1912 1991
Compactness: 2110.343219
Weights: 483.000000 8646.000000 2280.000000
Center Node: 1912
