BalanceViolation 5156.305000
AffinityLoss 0.000000
Compactness 180290.318689

District 1
Nodes: 4 20 58 84 91 93 103 124 131 133 137 161 198 252 315 332 346 349 396 406 452 457 490 495 500 506 517 543 547 575 580 594 620 621 651 652 666 705 737 802 805 868 873 874 890 899 913 914 925 933 938 966 1014 1046 1048 1052 1060 1063 1073 1074 1087 1093 1143 1162 1172 1187 1211 1214 1224 1233 1265 1282 1287 1296 1309 1351 1383 1388 1425 1437 1441 1482 1515 1569 1615 1679 1699 1710 1718 1755 1763 1764 1798 1800 1837 1849 1851 1860 1891 1948 1984 1997
Compactness: 8517.462007
Weights: 1312.000000 19809.000000 5890.000000
Center Node: 890

District 2
Nodes: 15 66 107 126 134 136 173 182 190 196 227 251 261 287 296 326 331 335 350 357 365 400 409 425 436 439 454 463 498 520 522 557 561 592 612 615 654 688 714 717 720 772 784 787 788 791 800 813 814 815 855 860 870 908 912 923 940 942 946 947 997 1007 1023 1035 1106 1132 1147 1191 1209 1220 1229 1234 1260 1262 1266 1281 1289 1310 1323 1357 1367 1376 1399 1419 1479 1592 1609 1708 1712 1738 1742 1771 1772 1790 1797 1802 1820 1884 1923 1944 1952 1978 1980 1982 1991
Compactness: 10691.747559
Weights: 1280.000000 21784.000000 5508.000000
Center Node: 1980

District 3
Nodes: 6 30 40 55 62 130 155 165 194 206 208 221 223 228 237 267 277 371 376 413 437 509 536 542 578 616 645 649 659 681 684 695 699 713 766 774 816 827 846 849 865 902 921 959 965 975 1003 1021 1024 1033 1099 1126 1128 1157 1165 1179 1206 1222 1238 1246 1259 1315 1339 1363 1371 1436 1438 1453 1463 1472 1512 1552 1575 1591 1610 1612 1649 1655 1669 1691 1713 1719 1754 1793 1796 1818 1824 1832 1864 1902 1955 1965
Compactness: 8041.627556
Weights: 1070.000000 18599.000000 4970.000000
Center Node: 6

District 4
Nodes: 14 96 111 117 118 132 141 176 177 186 189 205 274 275 397 408 438 441 446 459 473 474 481 531 585 617 618 629 631 640 656 657 672 683 698 719 722 761 778 828 829 833 858 896 992 993 999 1031 1148 1181 1208 1230 1244 1283 1291 1331 1342 1369 1390 1391 1398 1406 1410 1422 1475 1508 1525 1526 1536 1544 1578 1595 1602 1674 1677 1688 1692 1693 1697 1700 1704 1720 1724 1732 1750 1757 1806 1811 1830 1835 1843 1847 1893 1895 1901 1916 1918 1927 1949 1968 1970 1985
Compactness: 9067.449945
Weights: 1308.000000 19961.000000 5930.000000
Center Node: 1688

District 5
Nodes: 16 46 60 92 106 116 145 172 268 313 320 343 345 351 369 372 379 418 444 494 519 530 532 540 623 662 674 700 710 723 754 758 786 823 836 847 887 894 900 949 954 968 1002 1042 1059 1081 1103 1107 1141 1154 1159 1163 1164 1185 1188 1189 1197 1226 1256 1261 1268 1279 1290 1293 1374 1389 1395 1413 1416 1439 1454 1457 1501 1519 1531 1538 1539 1541 1545 1567 1607 1608 1625 1648 1664 1665 1675 1678 1683 1698 1723 1785 1803 1812 1841 1844 1848 1850 1898 1908 1924 1933 1935 1957 1981 1999
Compactness: 9712.160375
Weights: 1218.000000 21811.000000 5931.000000
Center Node: 313

District 6
Nodes: 2 27 39 52 56 67 95 104 153 157 162 181 187 210 239 271 291 323 327 328 339 340 348 362 383 395 407 456 468 488 541 560 602 608 636 678 682 692 704 706 750 762 790 810 842 854 857 898 915 929 931 936 956 967 979 982 1004 1034 1036 1100 1114 1118 1178 1231 1236 1294 1329 1334 1350 1352 1364 1385 1387 1424 1434 1443 1456 1460 1480 1489 1507 1516 1534 1570 1653 1668 1673 1711 1716 1726 1744 1782 1786 1808 1815 1826 1878 1910 1917 1919 1926 1977
Compactness: 10213.968035
Weights: 1207.000000 21859.000000 5949.000000
Center Node: 1926

District 7
Nodes: 3 13 17 61 68 77 80 99 149 175 191 193 200 230 231 236 278 280 289 334 367 393 421 449 471 477 569 589 596 609 625 630 637 653 715 735 743 744 746 764 777 779 796 817 875 893 945 957 971 986 998 1029 1032 1057 1062 1069 1082 1096 1112 1167 1177 1199 1223 1248 1264 1300 1318 1319 1345 1355 1411 1444 1503 1511 1546 1551 1558 1562 1583 1588 1605 1613 1619 1633 1644 1650 1746 1748 1791 1825 1831 1852 1862 1894 1906 1915 1921 1922 1936 1937 1953 1961 1964
Compactness: 8437.875135
Weights: 1194.000000 21197.000000 5494.000000
Center Node: 1177

District 8
Nodes: 25 42 53 109 127 148 214 222 243 245 248 254 292 306 308 347 360 386 417 447 462 469 497 502 505 533 550 552 564 570 586 703 755 757 760 837 861 863 872 886 889 895 917 932 941 951 1009 1010 1050 1064 1085 1091 1092 1104 1123 1130 1156 1161 1190 1217 1227 1239 1252 1270 1275 1277 1301 1327 1359 1372 1423 1428 1431 1449 1459 1494 1513 1550 1559 1564 1572 1614 1622 1634 1676 1694 1701 1717 1737 1747 1762 1789 1792 1814 1829 1853 1859 1874 1896 1899 1941 1958 1962 1994
Compactness: 9010.316437
Weights: 1247.000000 21077.000000 5930.000000
Center Node: 1275

District 9
Nodes: 5 33 45 59 78 89 94 97 139 168 216 225 253 260 307 390 391 394 403 429 430 435 458 460 466 489 508 513 558 604 613 627 638 639 694 697 701 733 740 747 767 773 795 797 843 864 881 901 907 955 963 972 1012 1013 1025 1040 1056 1094 1111 1137 1144 1195 1207 1215 1232 1240 1243 1245 1269 1288 1305 1381 1397 1421 1476 1487 1502 1509 1540 1587 1618 1651 1661 1671 1714 1745 1783 1788 1813 1821 1840 1846 1876 1880 1883 1889 1930 1951 1966 1969 1975
Compactness: 9471.663233
Weights: 1248.000000 21872.000000 5836.000000
Center Node: 429

District 10
Nodes: 48 73 88 112 113 128 146 159 195 258 282 322 324 329 363 374 385 401 434 507 553 556 566 584 626 664 673 687 739 742 763 789 803 852 862 866 888 909 918 919 950 991 994 1011 1022 1038 1061 1067 1095 1101 1116 1121 1133 1136 1151 1174 1176 1194 1198 1202 1320 1341 1346 1349 1412 1420 1462 1466 1467 1468 1473 1484 1499 1506 1517 1535 1542 1543 1547 1555 1573 1596 1603 1645 1684 1705 1706 1735 1794 1801 1845 1865 1881
Compactness: 7580.196747
Weights: 1137.000000 20243.000000 5284.000000
Center Node: 1801

District 11
Nodes: 7 10 12 19 29 41 72 100 123 125 129 147 197 207 238 242 255 257 264 325 358 388 415 420 432 470 476 493 511 512 523 579 582 599 606 607 619 632 644 655 680 690 718 748 753 768 782 783 792 794 859 869 897 948 952 981 1008 1016 1026 1045 1072 1077 1088 1149 1170 1180 1221 1247 1250 1251 1274 1292 1312 1314 1335 1360 1368 1377 1393 1401 1469 1471 1500 1510 1557 1561 1566 1604 1623 1628 1629 1642 1659 1690 1715 1734 1743 1753 1773 1863 1868 1877 1887 1990 1998
Compactness: 11058.069375
Weights: 1281.000000 21262.000000 5639.000000
Center Node: 632

District 12
Nodes: 1 32 37 50 65 86 102 122 135 154 166 184 201 203 220 232 288 290 303 309 321 373 377 414 443 479 492 496 510 515 538 581 590 624 663 665 732 785 798 830 877 904 935 970 988 1000 1066 1089 1097 1120 1125 1135 1152 1158 1169 1196 1212 1235 1263 1306 1311 1325 1330 1343 1348 1353 1354 1408 1418 1483 1485 1495 1504 1522 1565 1574 1579 1599 1616 1621 1637 1640 1647 1657 1658 1689 1709 1725 1727 1728 1741 1758 1781 1804 1892 1929 1950 1959 1987 1989 1995
Compactness: 9146.227250
Weights: 1084.000000 21880.000000 5680.000000
Center Node: 479

District 13
Nodes: 44 51 64 152 156 169 215 234 249 297 300 305 311 318 319 359 381 416 422 423 433 442 480 485 487 499 526 535 551 583 634 676 685 696 702 707 731 738 781 812 841 848 880 885 958 969 976 977 980 990 1055 1058 1071 1102 1113 1142 1225 1241 1273 1321 1358 1362 1378 1396 1405 1417 1426 1432 1435 1446 1450 1464 1478 1491 1492 1514 1524 1532 1553 1560 1581 1598 1620 1631 1638 1639 1643 1660 1687 1695 1739 1774 1779 1807 1810 1856 1871 1879 1885 1886 1928 1956 1963 1976
Compactness: 8722.547352
Weights: 1152.000000 21557.000000 5925.000000
Center Node: 156

District 14
Nodes: 23 54 74 83 120 150 160 199 202 224 250 262 270 283 301 338 341 380 402 404 448 450 565 572 593 600 603 633 643 716 721 759 770 793 807 809 820 822 844 850 853 879 882 891 906 926 953 1015 1017 1043 1049 1051 1075 1084 1098 1115 1140 1173 1192 1213 1218 1253 1297 1299 1303 1317 1332 1340 1356 1414 1429 1445 1474 1488 1490 1523 1527 1548 1568 1584 1593 1600 1654 1680 1685 1707 1731 1768 1784 1817 1822 1833 1834 1842 1857 1872 1873 1888 1903 1905 1947 1967
Compactness: 9818.454555
Weights: 1266.000000 21712.000000 5547.000000
Center Node: 1218

District 15
Nodes: 11 21 34 70 75 85 87 98 105 110 179 180 192 204 211 212 218 233 256 263 273 317 333 337 344 352 424 431 453 465 478 484 503 527 528 537 548 591 595 605 610 641 642 647 667 712 724 727 775 776 811 818 819 831 871 927 943 983 995 1020 1078 1139 1160 1166 1186 1201 1249 1276 1278 1298 1304 1313 1326 1337 1361 1366 1392 1440 1521 1530 1533 1576 1589 1617 1672 1696 1729 1751 1778 1828 1836 1858 1900 1904 1907 1934 1945 1960
Compactness: 7782.568507
Weights: 1213.000000 20627.000000 5788.000000
Center Node: 1392

District 16
Nodes: 57 71 76 79 114 119 151 163 183 209 229 265 281 285 302 304 356 361 375 382 411 412 419 461 486 491 544 554 563 567 573 597 601 671 693 708 711 729 751 769 799 867 910 934 978 985 989 996 1030 1039 1044 1053 1054 1079 1090 1117 1131 1153 1182 1203 1228 1237 1258 1280 1295 1386 1407 1461 1470 1496 1497 1498 1518 1597 1624 1636 1646 1656 1662 1663 1686 1703 1721 1722 1736 1740 1752 1759 1767 1780 1799 1819 1823 1838 1839 1869 1870 1875 1897 1912 1914 1942 1946 1954 1972 1986
Compactness: 9610.326671
Weights: 1154.000000 21400.000000 5961.000000
Center Node: 209

District 17
Nodes: 36 43 47 49 138 143 244 295 316 378 384 389 428 445 451 464 504 518 534 539 545 555 576 646 661 679 726 741 808 824 834 838 839 845 922 928 944 984 1005 1006 1028 1037 1065 1068 1070 1080 1122 1127 1134 1175 1210 1242 1254 1302 1344 1365 1370 1379 1380 1400 1447 1486 1549 1556 1606 1611 1641 1666 1667 1682 1775 1787 1805 1827 1861 1925 1931 1943 1971 1979 1983 1992 1993 1996
Compactness: 7158.429328
Weights: 1030.000000 17772.000000 4777.000000
Center Node: 824

District 18
Nodes: 28 69 101 108 158 164 167 171 185 188 217 219 246 247 279 286 312 330 342 354 370 387 410 467 472 475 483 516 525 529 559 628 650 668 686 691 709 771 780 856 883 884 892 905 916 937 939 960 962 987 1027 1041 1108 1129 1138 1150 1168 1171 1183 1205 1219 1285 1322 1328 1333 1336 1375 1382 1384 1430 1448 1452 1529 1554 1571 1580 1601 1630 1632 1733 1765 1769 1777 1816 1855 1866 1890 1913 1932 1940 1988
Compactness: 7884.697808
Weights: 1131.000000 19545.000000 5229.000000
Center Node: 1027

District 19
Nodes: 0 8 18 22 31 38 63 81 82 140 142 174 178 259 276 294 299 310 314 336 368 392 398 426 427 440 501 521 524 546 562 568 571 574 577 611 635 660 669 670 677 689 725 728 734 736 765 801 804 825 826 832 835 840 903 924 974 1047 1083 1086 1105 1145 1184 1193 1255 1267 1271 1272 1284 1347 1373 1402 1403 1404 1427 1451 1458 1520 1528 1563 1577 1582 1594 1635 1652 1681 1702 1730 1760 1761 1766 1770 1795 1854 1909 1911 1973 1974
Compactness: 9005.011527
Weights: 1134.000000 21888.000000 5890.000000
Center Node: 1272

District 20
Nodes: 9 24 26 35 90 115 121 144 170 213 226 235 240 241 266 269 272 284 293 298 353 355 364 366 399 405 455 482 514 549 587 588 598 614 622 648 658 675 730 745 749 752 756 806 821 851 876 878 911 920 930 961 964 973 1001 1018 1019 1076 1109 1110 1119 1124 1146 1155 1200 1204 1216 1257 1286 1307 1308 1316 1324 1338 1394 1409 1415 1433 1442 1455 1465 1477 1481 1493 1505 1537 1585 1586 1590 1626 1627 1670 1749 1756 1776 1809 1867 1882 1920 1938 1939
Compactness: 9359.519287
Weights: 1188.000000 21091.000000 5841.000000
Center Node: 1076
