BalanceViolation 7648.467000
AffinityLoss 0.000000
Compactness 28848.902565

District 1
Nodes: 49 85 112 235 255 265 274 293 374 436 445
Compactness: 428.378195
Weights: 117.000000 2093.000000 664.000000
Center Node: 274

District 2
Nodes: 19 66 113 256 301 304 322 406 418 439 443 468
Compactness: 780.387177
Weights: 141.000000 2124.000000 662.000000
Center Node: 19

District 3
Nodes: 189 433 472
Compactness: 39.999217
Weights: 42.000000 785.000000 131.000000
Center Node: 472

District 4
Nodes: 38 70 131 143 261 273 280 291 313 419
Compactness: 559.956446
Weights: 96.000000 2153.000000 543.000000
Center Node: 280

District 5
Nodes: 90 127 159 187 216 259 290 396 481
Compactness: 646.647210
Weights: 85.000000 2232.000000 407.000000
Center Node: 481

District 6
Nodes: 78 84 99 114 164 207 264 308 369 384 464 494
Compactness: 804.375489
Weights: 160.000000 2175.000000 566.000000
Center Node: 494

District 7
Nodes: 23 36 43 59 81 115 217 286 383 394 489
Compactness: 687.923670
Weights: 132.000000 2317.000000 634.000000
Center Node: 59

District 8
Nodes: 52 184 200 209 253 334 367 416 467
Compactness: 310.534412
Weights: 122.000000 2352.000000 560.000000
Center Node: 253

District 9
Nodes: 28 63 123 242 292 312 315 378 451 480 483
Compactness: 753.093967
Weights: 114.000000 1877.000000 647.000000
Center Node: 480

District 10
Nodes: 11 42 106 111 117 201 205 279 294 346 407
Compactness: 684.067987
Weights: 116.000000 2101.000000 647.000000
Center Node: 205

District 11
Nodes: 25 96 141 296 314 353 417 493
Compactness: 302.376928
Weights: 127.000000 1991.000000 620.000000
Center Node: 96

District 12
Nodes: 0 83 91 100 142 318 365 368 476 498
Compactness: 377.934949
Weights: 137.000000 1960.000000 627.000000
Center Node: 368

District 13
Nodes: 12 56 57 121 181 206 282 332 347 440 450
Compactness: 682.017298
Weights: 126.000000 2149.000000 589.000000
Center Node: 440

District 14
Nodes: 154 163 218 270 320 354 380 386 412
Compactness: 728.650170
Weights: 108.000000 2161.000000 492.000000
Center Node: 154

District 15
Nodes: 122 213 246 337 376 381 415 455
Compactness: 533.992892
Weights: 93.000000 2010.000000 442.000000
Center Node: 122

District 16
Nodes: 61 73 88 95 130 160 245 254 283 491
Compactness: 514.053245
Weights: 134.000000 2139.000000 520.000000
Center Node: 254

District 17
Nodes: 155 185 226 251 295 399 411 496
Compactness: 328.349744
Weights: 101.000000 2175.000000 507.000000
Center Node: 185

District 18
Nodes: 9 14 46 53 101 183 233 240 358 422 423
Compactness: 516.864971
Weights: 129.000000 2148.000000 576.000000
Center Node: 46

District 19
Nodes: 41 80 139 174 177 196 237 241 327 428 431 448
Compactness: 971.809018
Weights: 138.000000 2183.000000 711.000000
Center Node: 428

District 20
Nodes: 2 107 116 173 258 351 401 442 456 469 477 492
Compactness: 718.104035
Weights: 129.000000 2036.000000 713.000000
Center Node: 258

District 21
Nodes: 98 105 135 149 162 194 221 250 355 361
Compactness: 528.929022
Weights: 111.000000 2196.000000 570.000000
Center Node: 149

District 22
Nodes: 64 136 137 150 151 168 212 232 271 302 364 427
Compactness: 825.084099
Weights: 147.000000 1966.000000 664.000000
Center Node: 364

District 23
Nodes: 20 33 40 132 144 169 208 336 392 434
Compactness: 496.602125
Weights: 105.000000 1159.000000 587.000000
Center Node: 169

District 24
Nodes: 15 35 76 153 180 182 268 307 400 403
Compactness: 537.846372
Weights: 134.000000 2254.000000 618.000000
Center Node: 15

District 25
Nodes: 26 55 148 186 310 311 338 379 413
Compactness: 538.826545
Weights: 108.000000 2197.000000 479.000000
Center Node: 55

District 26
Nodes: 13 72 77 108 128 262 266 298 375 466
Compactness: 373.994842
Weights: 107.000000 2157.000000 681.000000
Center Node: 266

District 27
Nodes: 1 8 102 190 193 249 263 382 409 421 460
Compactness: 637.212094
Weights: 151.000000 2028.000000 582.000000
Center Node: 249

District 28
Nodes: 50 157 178 203 220 289 340 366 385 426
Compactness: 658.462227
Weights: 131.000000 2199.000000 554.000000
Center Node: 220

District 29
Nodes: 4 75 126 225 236 248 260 277 357 371 424
Compactness: 598.003251
Weights: 135.000000 1983.000000 708.000000
Center Node: 371

District 30
Nodes: 5 60 68 94 165 175 276 325 341 391 405
Compactness: 527.084870
Weights: 115.000000 2196.000000 596.000000
Center Node: 60

District 31
Nodes: 92 234 339 345 437 447 465
Compactness: 278.325322
Weights: 100.000000 2084.000000 427.000000
Center Node: 447

District 32
Nodes: 6 34 37 44 45 204 333 389 404 458
Compactness: 742.598799
Weights: 127.000000 1996.000000 600.000000
Center Node: 389

District 33
Nodes: 97 156 210 243 285 303 323 343 390 461 484 487
Compactness: 800.084083
Weights: 140.000000 2147.000000 643.000000
Center Node: 323

District 34
Nodes: 18 170 288 324 348 359 397 425 471 473 497
Compactness: 624.456518
Weights: 108.000000 2193.000000 639.000000
Center Node: 471

District 35
Nodes: 29 69 109 120 231 335 344 350 363 373 377 438 478
Compactness: 762.763394
Weights: 146.000000 2260.000000 663.000000
Center Node: 438

District 36
Nodes: 16 21 176 197 269 297 387 444 452 463
Compactness: 605.481489
Weights: 116.000000 2155.000000 570.000000
Center Node: 21

District 37
Nodes: 30 51 87 179 192 230 252 329 482
Compactness: 383.907767
Weights: 118.000000 2134.000000 589.000000
Center Node: 30

District 38
Nodes: 3 62 93 138 166 257 319 342 410 430 470
Compactness: 772.844312
Weights: 116.000000 2076.000000 578.000000
Center Node: 410

District 39
Nodes: 32 47 74 188 224 281 300 317 331
Compactness: 518.851878
Weights: 114.000000 2110.000000 562.000000
Center Node: 331

District 40
Nodes: 86 134 146 199 222 228 321 349 457 486
Compactness: 658.788228
Weights: 83.000000 1832.000000 505.000000
Center Node: 228

District 41
Nodes: 110 129 202 211 328 395 408 453 459
Compactness: 303.314801
Weights: 117.000000 2044.000000 587.000000
Center Node: 328

District 42
Nodes: 7 54 71 82 167 219 238 272 278 360 402 454
Compactness: 1236.953778
Weights: 100.000000 2044.000000 778.000000
Center Node: 54

District 43
Nodes: 10 39 65 124 158 223 309 356
Compactness: 485.450055
Weights: 117.000000 2168.000000 398.000000
Center Node: 65

District 44
Nodes: 24 125 227 239 362 393 441 479
Compactness: 288.508008
Weights: 89.000000 1876.000000 383.000000
Center Node: 393

District 45
Nodes: 17 145 171 198 247 316 330 388 485
Compactness: 334.818955
Weights: 102.000000 2108.000000 567.000000
Center Node: 198

District 46
Nodes: 31 48 58 104 147 152 191 275 287 432
Compactness: 404.318253
Weights: 103.000000 2046.000000 605.000000
Center Node: 275

District 47
Nodes: 27 103 118 172 214 215 244 267 299 398 449 495
Compactness: 694.060352
Weights: 136.000000 2083.000000 703.000000
Center Node: 244

District 48
Nodes: 22 79 89 229 474 490
Compactness: 233.638246
Weights: 61.000000 932.000000 330.000000
Center Node: 79

District 49
Nodes: 67 140 284 306 352 370 372 420 429 475
Compactness: 931.341650
Weights: 112.000000 2144.000000 624.000000
Center Node: 306

District 50
Nodes: 119 133 161 195 305 326 414 435 446 462 488 499
Compactness: 696.834209
Weights: 140.000000 2139.000000 577.000000
Center Node: 133
