BalanceViolation 1036.755000
AffinityLoss 0.000000
Compactness 89564.308041

District 1
Nodes: 13 48 58 60 71 77 78 81 127 183 196 209 223 224 249 278 310 322 323 337 345 386 472 495 517 521 524 526 592 602 609 622 624 634 655 712 713 753 754 759 767 784 786 854 862 868 871 889 898 905 945 987
Compactness: 5264.206596
Weights: 622.000000 10890.000000 2778.000000
Center Node: 526

District 2
Nodes: 8 15 36 50 68 82 164 171 181 184 229 247 250 259 269 275 305 311 316 382 384 391 425 436 438 482 490 499 508 514 525 542 640 647 657 661 663 690 719 765 781 789 807 869 870 896 903 931 936 961 978 995
Compactness: 5446.003242
Weights: 591.000000 10161.000000 3019.000000
Center Node: 391

District 3
Nodes: 3 21 43 47 80 108 125 129 133 158 174 178 182 197 213 217 243 245 246 252 260 289 306 331 343 361 374 392 394 447 450 456 564 571 590 593 604 618 621 646 664 666 687 689 697 742 748 791 811 878 901 924 928
Compactness: 4774.876188
Weights: 584.000000 11071.000000 3007.000000
Center Node: 245

District 4
Nodes: 61 100 118 170 203 205 251 273 298 313 332 379 395 414 418 424 449 483 501 527 537 568 613 623 651 677 693 706 776 779 783 797 842 865 883 884 891 904 906 912 927 944 948 980 996
Compactness: 3646.943023
Weights: 559.000000 10978.000000 2638.000000
Center Node: 677

District 5
Nodes: 29 91 101 102 116 143 145 151 173 185 187 215 235 258 284 302 307 312 326 398 416 419 426 452 486 515 538 562 572 599 606 611 627 656 684 745 761 785 819 829 831 835 873 880 922 937 947 950 965 968 998
Compactness: 4991.382822
Weights: 636.000000 10649.000000 2980.000000
Center Node: 284

District 6
Nodes: 2 11 56 64 103 113 117 121 141 152 153 167 204 221 285 328 334 365 420 428 444 469 502 523 539 554 561 570 597 629 631 649 703 715 736 755 766 790 818 828 881 897 920 923 951 952 958 967 982 992
Compactness: 4291.030336
Weights: 581.000000 10572.000000 3046.000000
Center Node: 897

District 7
Nodes: 20 24 46 70 76 89 111 115 144 149 201 216 227 233 262 290 304 314 324 338 372 375 383 413 441 459 463 470 479 492 493 532 641 698 702 705 722 743 757 758 769 771 780 827 836 846 847 856 864 885 941 983
Compactness: 5010.353177
Weights: 621.000000 10183.000000 2746.000000
Center Node: 885

District 8
Nodes: 22 32 40 49 79 84 86 94 97 112 169 175 188 193 225 264 272 288 309 321 344 348 355 360 366 371 378 437 448 506 520 544 545 580 595 638 662 686 709 747 763 815 833 838 844 887 935 959 963 986 991
Compactness: 4693.380146
Weights: 596.000000 10552.000000 2988.000000
Center Node: 309

District 9
Nodes: 5 104 146 148 157 163 176 200 214 248 282 287 293 296 317 352 400 407 411 417 500 569 589 608 612 635 637 659 696 714 733 734 778 782 792 798 801 810 890 908 954 956 962 969 970 972 979 993
Compactness: 3731.742704
Weights: 563.000000 10687.000000 2777.000000
Center Node: 801

District 10
Nodes: 1 23 30 31 54 57 67 69 72 73 93 109 195 208 228 230 232 263 266 281 303 329 349 359 422 457 460 467 498 531 553 556 578 583 633 636 648 667 674 711 724 738 773 813 867 913 926 930 938 943 949 975
Compactness: 4502.183497
Weights: 597.000000 11116.000000 2773.000000
Center Node: 633

District 11
Nodes: 18 19 35 45 59 65 96 122 135 136 159 162 189 190 199 202 211 219 239 240 276 283 286 468 488 489 548 566 567 574 579 584 588 607 670 685 717 720 741 749 774 800 805 824 841 848 849 858 876 886
Compactness: 4809.405483
Weights: 652.000000 10731.000000 2887.000000
Center Node: 239

District 12
Nodes: 51 88 99 139 150 191 206 222 236 342 353 373 376 380 390 397 429 440 454 462 471 480 487 497 503 512 530 536 541 543 576 619 630 653 668 704 718 730 746 752 775 882 919 932 973 976 981 988 989 994
Compactness: 4400.098504
Weights: 613.000000 11046.000000 2625.000000
Center Node: 503

District 13
Nodes: 14 44 55 87 95 128 142 155 168 226 234 255 267 315 327 340 363 431 433 435 451 477 491 494 549 560 565 632 644 645 650 676 678 721 732 817 822 845 851 853 855 874 875 894 895 902 984
Compactness: 4708.235453
Weights: 628.000000 10334.000000 2921.000000
Center Node: 895

District 14
Nodes: 28 38 53 75 105 119 138 180 207 268 295 318 319 330 351 354 368 369 370 401 406 409 412 430 442 458 466 475 484 496 540 546 559 586 598 601 620 652 680 683 708 760 770 788 794 834 840 843 929 999
Compactness: 4207.741379
Weights: 613.000000 10307.000000 3013.000000
Center Node: 929

District 15
Nodes: 0 4 12 25 52 66 92 110 120 156 212 231 280 292 301 325 335 336 346 362 385 389 405 423 453 461 464 507 557 558 575 591 603 605 614 675 701 723 728 739 768 772 777 796 832 893 900 914 917 921 964 977
Compactness: 4280.078297
Weights: 641.000000 10709.000000 2990.000000
Center Node: 558

District 16
Nodes: 6 7 10 16 132 147 161 172 238 261 297 396 403 415 445 446 465 474 476 478 528 550 552 555 585 587 594 628 642 673 679 688 691 751 762 764 804 809 825 850 859 872 877 907 911 915 925 933 939 946
Compactness: 3970.439694
Weights: 628.000000 9683.000000 3076.000000
Center Node: 474

District 17
Nodes: 26 37 41 63 165 186 192 198 218 237 257 277 294 341 347 350 356 377 410 421 443 504 505 519 535 563 596 600 617 626 660 665 681 682 695 710 716 731 750 802 812 816 830 879 892 942 971
Compactness: 3610.201217
Weights: 509.000000 10228.000000 2648.000000
Center Node: 682

District 18
Nodes: 114 123 154 177 194 210 244 254 300 308 320 358 364 367 393 402 432 434 509 510 516 518 522 529 534 573 581 639 643 654 669 672 692 727 744 793 795 803 806 837 861 863 918 940 953 974 985 997
Compactness: 4665.240685
Weights: 572.000000 10264.000000 2704.000000
Center Node: 320

District 19
Nodes: 9 27 33 83 106 124 126 131 137 140 179 241 242 253 265 270 274 279 357 381 408 427 439 473 511 513 533 547 577 658 694 699 726 735 737 756 787 799 814 820 823 826 839 852 857 899 909 916
Compactness: 4256.854631
Weights: 567.000000 11125.000000 2594.000000
Center Node: 408

District 20
Nodes: 17 34 39 42 62 74 85 90 98 107 130 134 160 166 220 256 271 291 299 333 339 387 388 399 404 455 481 485 551 582 610 615 616 625 671 700 707 725 729 740 808 821 860 866 888 910 934 955 957 960 966 990
Compactness: 4303.910967
Weights: 632.000000 10818.000000 3004.000000
Center Node: 42
