BalanceViolation 19295.699000
AffinityLoss 0.000000
Compactness 56381.755555

District 1
Nodes: 63 156 174 219 240 257 262 325 424 606 641 737 807 892 893 972
Compactness: 897.989259
Weights: 174.000000 2731.000000 1018.000000
Center Node: 156

District 2
Nodes: 52 68 99 155 216 306 318 427 493 498 505 631 693 767 855 870 890 915 920
Compactness: 1075.014363
Weights: 222.000000 4534.000000 1150.000000
Center Node: 870

District 3
Nodes: 28 54 103 115 116 128 143 183 217 277 299 311 547 629 717 797 826 905 921 926 928 935 997
Compactness: 1319.340414
Weights: 242.000000 4480.000000 1403.000000
Center Node: 547

District 4
Nodes: 81 151 190 196 265 363 365 392 466 604 786 825 906 970
Compactness: 458.057567
Weights: 143.000000 2728.000000 733.000000
Center Node: 151

District 5
Nodes: 14 113 140 149 192 339 341 412 471 503 650 669 705 739 742 784 889 981 988 999
Compactness: 1040.765335
Weights: 241.000000 4713.000000 1186.000000
Center Node: 669

District 6
Nodes: 40 79 112 119 157 160 218 220 248 337 361 407 435 584 622 659 695 778 782 874 887
Compactness: 1275.230554
Weights: 281.000000 4027.000000 1123.000000
Center Node: 887

District 7
Nodes: 47 162 323 382 413 455 463 477 500 536 542 594 632 642 689 700 810 842 917 960 962
Compactness: 1881.446348
Weights: 247.000000 4691.000000 1161.000000
Center Node: 500

District 8
Nodes: 23 34 66 324 328 343 351 428 483 520 522 534 562 753 769 844 949 968 992 993
Compactness: 1193.706893
Weights: 258.000000 4723.000000 1093.000000
Center Node: 66

District 9
Nodes: 15 36 93 117 184 221 303 321 523 566 574 616 718 736 783 908 933 941 974
Compactness: 1101.929591
Weights: 241.000000 4461.000000 1087.000000
Center Node: 718

District 10
Nodes: 4 87 142 147 153 286 331 492 568 569 618 682 710 774 852 858 942 991
Compactness: 1185.634267
Weights: 173.000000 4476.000000 1112.000000
Center Node: 87

District 11
Nodes: 7 57 59 69 110 126 269 404 425 432 439 543 607 706 780 806 849 864 899 902 916 983
Compactness: 1251.458752
Weights: 257.000000 4406.000000 1195.000000
Center Node: 7

District 12
Nodes: 109 137 229 244 254 288 298 309 314 329 375 377 379 386 399 550 593 609 644 726 750 793 822 833 871 910 950
Compactness: 1294.604562
Weights: 336.000000 4413.000000 1484.000000
Center Node: 822

District 13
Nodes: 13 21 95 168 336 355 387 398 423 468 513 610 637 660 728 794 832 863
Compactness: 1017.284764
Weights: 208.000000 3994.000000 940.000000
Center Node: 468

District 14
Nodes: 29 39 100 152 163 175 186 208 256 373 440 459 460 489 527 548 634 635 688 901 922 930
Compactness: 1116.663098
Weights: 302.000000 4426.000000 1288.000000
Center Node: 175

District 15
Nodes: 20 177 233 281 383 393 430 508 549 559 563 587 590 666 702 748 749 809 818 969 995
Compactness: 784.113881
Weights: 261.000000 4534.000000 1329.000000
Center Node: 549

District 16
Nodes: 24 70 78 88 120 225 290 433 434 462 464 502 526 529 596 757 762 851 894 924 980 987
Compactness: 1274.061801
Weights: 283.000000 4451.000000 1128.000000
Center Node: 290

District 17
Nodes: 118 148 150 164 238 242 278 376 511 519 567 605 690 692 746 759 803 875 938 944 961
Compactness: 1075.344492
Weights: 254.000000 4621.000000 1207.000000
Center Node: 242

District 18
Nodes: 5 31 76 108 203 259 273 275 326 448 475 495 540 707 711 805 912 918
Compactness: 1229.473239
Weights: 226.000000 2858.000000 1063.000000
Center Node: 273

District 19
Nodes: 11 26 33 173 182 226 235 246 276 285 344 350 370 426 528 670 679 741 768 775 800 931
Compactness: 1269.002839
Weights: 280.000000 4409.000000 1186.000000
Center Node: 528

District 20
Nodes: 0 19 37 51 82 136 165 201 210 230 236 322 394 450 457 515 537 623 790 939
Compactness: 1041.484774
Weights: 269.000000 4469.000000 1189.000000
Center Node: 210

District 21
Nodes: 2 46 75 145 250 267 287 458 490 585 651 671 696 731 804 824 862 959 990
Compactness: 1008.664382
Weights: 206.000000 4370.000000 1133.000000
Center Node: 651

District 22
Nodes: 125 146 245 283 315 319 330 358 422 555 625 675 681 703 754 766 785 816 853 923 976
Compactness: 1234.322842
Weights: 243.000000 4430.000000 1191.000000
Center Node: 853

District 23
Nodes: 96 97 107 138 154 167 198 223 253 271 304 410 473 496 614 636 680 708 709 755 877 978 996
Compactness: 1133.988293
Weights: 268.000000 4437.000000 1389.000000
Center Node: 636

District 24
Nodes: 10 102 211 308 352 469 474 487 507 532 583 597 676 716 765 821 840 885 951 958
Compactness: 1070.399196
Weights: 209.000000 4515.000000 1136.000000
Center Node: 821

District 25
Nodes: 60 86 266 367 372 378 417 649 817 846 937
Compactness: 547.362494
Weights: 158.000000 2751.000000 666.000000
Center Node: 266

District 26
Nodes: 27 45 135 170 180 188 307 320 395 421 442 449 539 552 613 646 657 704 722 771 773 811 819 891
Compactness: 1364.621520
Weights: 274.000000 4553.000000 1391.000000
Center Node: 421

District 27
Nodes: 38 85 178 228 234 263 292 293 400 438 456 509 530 570 592 633 732 770 883 929 943
Compactness: 1278.973323
Weights: 296.000000 4520.000000 1190.000000
Center Node: 929

District 28
Nodes: 71 84 105 123 181 185 187 214 261 360 397 575 656 801 812 835 843 895 900 907
Compactness: 1226.530603
Weights: 264.000000 4821.000000 1073.000000
Center Node: 907

District 29
Nodes: 161 171 205 252 338 601 647 677 725 763 772 814 823 989
Compactness: 764.622231
Weights: 170.000000 2780.000000 797.000000
Center Node: 823

District 30
Nodes: 111 302 333 374 391 402 408 411 479 558 620 654 683 713 714 788 802 829 841 866 984
Compactness: 1090.409020
Weights: 276.000000 4084.000000 1080.000000
Center Node: 374

District 31
Nodes: 41 55 67 134 176 193 194 403 415 416 533 627 640 664 685 747 820 847 873 947 975
Compactness: 1609.274966
Weights: 252.000000 4426.000000 1151.000000
Center Node: 820

District 32
Nodes: 9 18 90 101 106 158 172 189 301 317 353 388 481 497 553 581 617 719 758 848
Compactness: 1021.663250
Weights: 255.000000 4587.000000 1143.000000
Center Node: 172

District 33
Nodes: 62 65 130 131 195 237 274 279 295 366 381 598 628 638 673 686 701 752 813 834 940
Compactness: 1047.677555
Weights: 254.000000 4536.000000 1074.000000
Center Node: 686

District 34
Nodes: 42 58 222 239 291 300 346 364 494 516 564 582 595 730 854 868 884 934 963 965
Compactness: 1220.562597
Weights: 222.000000 4410.000000 1243.000000
Center Node: 963

District 35
Nodes: 1 30 73 166 212 224 247 251 359 437 461 478 499 506 572 573 602 720 795 867 878
Compactness: 1294.877793
Weights: 258.000000 4156.000000 1091.000000
Center Node: 1

District 36
Nodes: 22 179 414 472 485 510 531 541 544 556 576 621 796 837 856 860 904 966 973
Compactness: 786.699031
Weights: 230.000000 4346.000000 868.000000
Center Node: 856

District 37
Nodes: 48 61 133 243 255 369 447 486 538 557 560 603 661 744 787 936
Compactness: 784.285489
Weights: 207.000000 3158.000000 739.000000
Center Node: 560

District 38
Nodes: 122 264 294 396 467 476 580 589 662 699 781 815 836 865 994
Compactness: 777.870100
Weights: 187.000000 3247.000000 833.000000
Center Node: 580

District 39
Nodes: 16 32 94 209 260 268 284 340 354 362 385 405 441 484 665 697 727 745 850 914 954
Compactness: 1225.258351
Weights: 318.000000 3998.000000 1251.000000
Center Node: 745

District 40
Nodes: 72 98 139 159 169 213 231 327 334 420 445 535 624 630 678 740 764 776 808 827 909 964
Compactness: 1124.225250
Weights: 243.000000 4617.000000 1372.000000
Center Node: 624

District 41
Nodes: 25 129 191 197 241 270 289 356 389 409 431 480 521 619 674 694 733 760 798 831 903
Compactness: 981.278618
Weights: 258.000000 4455.000000 1297.000000
Center Node: 831

District 42
Nodes: 49 92 114 200 280 443 470 524 551 579 615 738 789 799 861 880 898 925 953 957
Compactness: 1597.675369
Weights: 250.000000 4397.000000 1112.000000
Center Node: 925

District 43
Nodes: 17 64 215 249 297 316 401 488 514 518 525 554 577 756 792 838 879 881 911 919 956 982 998
Compactness: 1591.880578
Weights: 250.000000 4490.000000 1307.000000
Center Node: 982

District 44
Nodes: 77 199 207 258 312 451 453 454 482 588 611 663 687 729 734 761 791 845 897 948 952
Compactness: 1052.894308
Weights: 264.000000 4510.000000 1180.000000
Center Node: 451

District 45
Nodes: 3 12 50 56 132 144 206 227 296 313 332 371 446 512 586 691 715 724 751 859 932 977
Compactness: 1247.957718
Weights: 286.000000 5489.000000 1100.000000
Center Node: 977

District 46
Nodes: 35 89 124 141 390 406 418 504 517 565 612 643 667 735 777 779 839 857 869 872 882 979 986
Compactness: 1114.140542
Weights: 308.000000 4545.000000 1200.000000
Center Node: 89

District 47
Nodes: 80 104 127 342 347 419 429 444 545 578 600 645 658 672 721 913 927 955 971
Compactness: 968.201389
Weights: 225.000000 4380.000000 1172.000000
Center Node: 419

District 48
Nodes: 83 91 310 335 349 368 452 491 571 591 599 626 652 653 655 684 698 743 896 945 967 985
Compactness: 1592.646312
Weights: 236.000000 4884.000000 1179.000000
Center Node: 655

District 49
Nodes: 6 8 44 53 121 305 357 501 546 639 712 723
Compactness: 439.504309
Weights: 182.000000 2373.000000 683.000000
Center Node: 712

District 50
Nodes: 43 74 202 204 232 272 282 345 348 380 384 436 465 561 608 648 668 828 830 876 886 888 946
Compactness: 1400.681333
Weights: 251.000000 4714.000000 1105.000000
Center Node: 232
