BalanceViolation 328.182500
AffinityLoss 3587.000000
Compactness 200537.720860

District 1
Nodes: 0 22 33 38 45 56 63 140 142 168 178 210 216 225 260 276 294 310 314 336 340 368 398 412 429 460 466 501 521 558 571 574 613 638 639 670 689 697 701 725 728 740 750 765 767 773 797 801 825 826 832 840 843 881 907 955 972 974 982 1012 1013 1025 1040 1083 1114 1240 1255 1269 1271 1288 1305 1404 1421 1476 1487 1507 1509 1540 1577 1618 1646 1652 1661 1662 1681 1716 1730 1745 1770 1813 1840 1869 1876 1883 1909 1942 1951 1974
Compactness: 9257.005598
Weights: 1156.000000 21827.000000 5726.000000
Center Node: 1909

District 2
Nodes: 11 48 75 88 98 113 159 180 195 204 211 256 258 273 282 322 324 344 363 374 385 424 431 434 453 503 507 553 556 584 605 610 647 712 724 739 742 763 789 818 862 866 871 909 919 927 943 994 1011 1061 1067 1101 1116 1133 1139 1160 1166 1202 1249 1298 1337 1341 1346 1349 1392 1412 1420 1462 1468 1473 1499 1506 1517 1521 1530 1543 1547 1555 1603 1617 1672 1684 1696 1705 1729 1751 1801 1828 1865 1881 1904
Compactness: 8084.173321
Weights: 1145.000000 19815.000000 5381.000000
Center Node: 1420

District 3
Nodes: 6 30 40 62 101 129 130 167 171 194 206 208 221 237 246 247 255 267 277 354 371 413 415 432 437 470 525 535 542 578 599 616 645 649 659 681 691 695 699 766 827 849 892 902 916 959 960 965 987 1016 1021 1024 1027 1128 1129 1165 1183 1205 1206 1246 1259 1315 1328 1363 1371 1375 1432 1436 1448 1452 1453 1463 1472 1512 1552 1575 1591 1601 1604 1612 1649 1655 1669 1690 1691 1713 1719 1754 1769 1777 1793 1796 1818 1863 1890 1902 1932 1955 1965
Compactness: 9932.115638
Weights: 1205.000000 21541.000000 5662.000000
Center Node: 1453

District 4
Nodes: 14 96 117 118 127 132 141 176 177 186 189 205 254 274 275 397 408 438 441 446 459 474 502 531 550 552 564 585 617 618 629 631 640 656 657 683 698 719 722 755 761 778 828 829 833 858 889 896 917 992 999 1030 1148 1181 1208 1230 1239 1283 1291 1331 1342 1369 1390 1391 1398 1406 1410 1422 1475 1508 1525 1526 1544 1572 1578 1595 1674 1677 1688 1692 1693 1697 1704 1720 1724 1732 1747 1750 1757 1762 1792 1806 1811 1830 1843 1847 1874 1895 1901 1916 1949 1970 1985
Compactness: 10191.846488
Weights: 1316.000000 19915.000000 5914.000000
Center Node: 96

District 5
Nodes: 50 66 104 107 126 136 182 190 196 201 203 227 232 251 287 296 331 335 365 400 426 427 436 439 454 463 479 496 498 522 557 592 615 654 714 717 720 784 788 814 855 860 870 877 908 912 923 942 946 947 988 997 1007 1023 1066 1089 1106 1132 1191 1193 1196 1209 1212 1220 1229 1234 1260 1262 1266 1267 1284 1310 1323 1343 1357 1367 1376 1403 1419 1427 1479 1483 1563 1574 1592 1708 1712 1738 1742 1771 1790 1797 1802 1804 1820 1854 1884 1923 1944 1952 1980 1987 1991
Compactness: 11369.672792
Weights: 1204.000000 21382.000000 5388.000000
Center Node: 1952

District 6
Nodes: 3 43 61 68 99 138 143 152 175 191 193 230 249 278 334 359 378 381 384 421 422 423 464 471 477 487 504 534 539 543 547 555 576 646 661 666 702 726 735 743 808 817 824 928 957 971 976 1005 1029 1063 1070 1082 1096 1102 1127 1167 1177 1223 1242 1265 1300 1318 1319 1321 1345 1370 1405 1411 1425 1444 1486 1503 1514 1562 1605 1606 1611 1650 1695 1748 1755 1775 1779 1787 1805 1852 1861 1885 1886 1906 1921 1937 1943 1961 1964 1983
Compactness: 8505.475177
Weights: 1198.000000 20958.000000 5388.000000
Center Node: 1444

District 7
Nodes: 53 70 85 87 109 115 121 144 212 218 226 233 243 248 263 292 293 306 308 333 337 347 386 462 465 497 514 527 528 533 548 549 570 591 595 622 641 675 703 727 745 756 757 806 811 837 851 861 863 872 878 886 895 930 951 964 1001 1009 1010 1050 1085 1091 1092 1104 1119 1123 1155 1156 1201 1257 1270 1275 1277 1278 1307 1326 1372 1394 1431 1449 1477 1494 1559 1614 1701 1737 1789 1809 1836 1858 1859 1899 1900 1907 1939 1958 1960 1962
Compactness: 9287.158905
Weights: 1179.000000 20191.000000 5798.000000
Center Node: 1050

District 8
Nodes: 12 29 41 60 72 125 150 160 238 242 257 262 264 270 283 325 338 358 402 420 476 511 512 523 579 582 593 600 606 619 632 644 655 662 680 716 721 748 753 759 782 783 794 822 844 850 859 869 906 948 952 968 981 1008 1015 1017 1026 1043 1045 1049 1072 1075 1088 1115 1140 1170 1180 1221 1247 1251 1292 1312 1314 1317 1335 1401 1413 1429 1469 1490 1548 1557 1561 1566 1568 1628 1629 1642 1665 1715 1734 1743 1773 1822 1833 1842 1848 1857 1872 1873 1887 1898 1903 1905 1990 1998
Compactness: 10189.916308
Weights: 1247.000000 21022.000000 5624.000000
Center Node: 358

District 9
Nodes: 52 57 67 95 114 151 157 162 183 187 209 265 271 281 302 323 339 382 383 411 425 461 468 486 488 544 554 560 563 577 601 602 608 612 671 682 692 693 704 706 708 729 790 799 854 857 898 929 931 934 936 978 979 985 1034 1039 1053 1054 1117 1153 1182 1203 1228 1231 1236 1237 1258 1281 1295 1334 1364 1386 1399 1407 1424 1460 1497 1518 1534 1582 1597 1653 1663 1668 1673 1686 1711 1722 1736 1740 1744 1752 1782 1786 1808 1823 1835 1878 1897 1910 1918 1926 1946 1954 1972 1977
Compactness: 9707.783040
Weights: 1179.000000 21878.000000 5929.000000
Center Node: 608

District 10
Nodes: 2 27 39 102 122 135 153 154 181 220 239 261 288 291 309 326 327 328 348 362 373 377 395 407 409 456 510 541 561 590 624 636 663 665 678 688 732 762 785 787 810 815 830 842 915 935 940 956 967 1004 1035 1036 1086 1097 1100 1105 1118 1125 1135 1152 1158 1169 1178 1235 1289 1294 1325 1329 1348 1350 1352 1353 1354 1385 1387 1418 1434 1443 1456 1480 1485 1489 1516 1522 1570 1579 1599 1609 1640 1657 1725 1726 1727 1728 1741 1815 1826 1917 1919 1950 1982 1989
Compactness: 7951.509028
Weights: 1134.000000 21759.000000 5759.000000
Center Node: 220

District 11
Nodes: 16 19 46 92 100 116 147 169 172 234 268 297 305 313 320 343 345 369 372 403 433 442 444 480 494 524 532 540 551 623 634 635 690 710 723 754 758 786 823 836 894 900 924 949 958 1002 1042 1077 1081 1107 1141 1154 1159 1163 1164 1185 1189 1197 1226 1256 1261 1268 1273 1290 1368 1374 1377 1395 1397 1416 1426 1439 1446 1454 1457 1528 1531 1538 1539 1541 1560 1571 1598 1608 1639 1648 1660 1664 1675 1683 1698 1723 1753 1774 1785 1803 1807 1850 1868 1908 1933 1935
Compactness: 8969.128137
Weights: 1207.000000 20725.000000 5758.000000
Center Node: 1664

District 12
Nodes: 21 34 47 91 105 110 146 179 192 198 295 317 329 332 346 352 366 396 457 478 484 490 506 537 621 626 642 664 667 741 775 776 803 819 831 852 874 888 899 918 950 966 983 984 991 995 1014 1020 1022 1046 1048 1074 1078 1087 1093 1121 1136 1143 1151 1172 1176 1186 1194 1198 1224 1233 1254 1276 1282 1304 1309 1313 1351 1361 1365 1366 1383 1388 1433 1440 1441 1467 1482 1484 1533 1542 1573 1576 1589 1645 1679 1706 1763 1778 1794 1845 1851 1891 1934 1945 1971 1997
Compactness: 9205.880421
Weights: 1246.000000 20623.000000 5921.000000
Center Node: 1233

District 13
Nodes: 25 42 71 76 79 111 119 148 163 214 222 229 240 272 285 307 356 361 375 391 399 417 419 430 447 469 473 481 489 491 567 573 586 597 672 711 751 760 769 821 867 901 910 932 941 989 993 996 1031 1044 1079 1090 1130 1131 1161 1190 1227 1232 1244 1252 1280 1301 1359 1423 1428 1459 1461 1470 1496 1498 1513 1536 1564 1602 1622 1624 1636 1656 1671 1676 1694 1700 1703 1717 1721 1759 1767 1780 1799 1814 1819 1829 1838 1839 1853 1870 1875 1893 1896 1912 1914 1927 1941 1968 1986
Compactness: 10467.648980
Weights: 1227.000000 21640.000000 5910.000000
Center Node: 573

District 14
Nodes: 13 17 55 80 149 155 165 188 217 223 231 236 280 286 289 312 342 370 376 449 467 475 509 516 559 596 609 625 628 630 637 650 668 684 686 713 744 746 764 771 777 796 846 856 865 883 893 905 921 939 945 962 975 986 998 1003 1032 1033 1041 1062 1112 1150 1157 1168 1179 1199 1219 1222 1238 1248 1264 1285 1333 1355 1438 1546 1551 1554 1558 1580 1588 1619 1630 1633 1644 1816 1824 1825 1831 1832 1864 1913 1936 1953 1988
Compactness: 8070.666643
Weights: 1115.000000 19979.000000 5121.000000
Center Node: 559

District 15
Nodes: 4 9 20 58 59 64 84 93 97 124 131 137 139 161 300 315 349 390 394 406 416 452 458 495 499 517 575 587 604 620 651 652 674 676 694 696 705 737 738 802 805 812 890 913 914 925 933 938 963 973 990 1055 1060 1073 1094 1111 1162 1207 1211 1215 1243 1296 1308 1378 1381 1465 1492 1502 1532 1567 1569 1615 1687 1699 1718 1739 1749 1776 1798 1800 1837 1849 1860 1879 1920 1930 1948 1966 1975
Compactness: 7899.321205
Weights: 1136.000000 19828.000000 5437.000000
Center Node: 651

District 16
Nodes: 7 10 28 44 51 69 108 123 156 158 164 185 197 207 215 219 279 311 318 319 330 387 388 410 472 483 485 493 526 529 583 607 685 707 709 718 731 768 780 781 792 841 848 868 880 884 885 897 937 969 977 980 1058 1071 1108 1113 1138 1142 1149 1171 1225 1241 1250 1274 1322 1336 1358 1360 1362 1382 1384 1393 1396 1417 1430 1435 1437 1450 1464 1471 1478 1491 1500 1510 1524 1529 1553 1581 1620 1623 1631 1632 1638 1643 1659 1733 1765 1810 1855 1856 1866 1877 1928 1940 1956 1963 1976
Compactness: 14380.419163
Weights: 1200.000000 20497.000000 5890.000000
Center Node: 980

District 17
Nodes: 1 15 54 65 83 86 120 134 166 173 199 202 224 250 290 301 303 321 341 350 357 380 404 414 443 448 450 515 520 538 572 633 643 772 791 793 800 813 820 853 879 882 891 904 926 953 970 1051 1084 1098 1120 1147 1173 1192 1213 1218 1253 1263 1297 1303 1311 1330 1340 1356 1414 1445 1488 1495 1523 1527 1565 1584 1600 1616 1621 1637 1647 1654 1658 1680 1685 1689 1709 1731 1758 1768 1772 1781 1784 1817 1834 1888 1892 1929 1947 1967 1978 1995
Compactness: 8427.430268
Weights: 1191.000000 21374.000000 5396.000000
Center Node: 793

District 18
Nodes: 36 49 73 77 103 112 128 133 200 228 244 252 316 367 389 393 401 428 445 451 500 518 536 545 566 569 580 589 594 653 673 679 687 715 774 779 816 834 838 839 845 873 875 922 944 1006 1028 1037 1038 1052 1057 1065 1068 1069 1080 1095 1099 1122 1126 1134 1174 1175 1187 1210 1214 1287 1302 1320 1339 1344 1379 1380 1400 1447 1466 1511 1515 1535 1549 1556 1583 1596 1610 1613 1641 1666 1667 1682 1710 1735 1746 1764 1791 1827 1862 1894 1915 1922 1925 1931 1979 1984 1992 1993 1996
Compactness: 20622.907068
Weights: 1233.000000 19987.000000 5718.000000
Center Node: 1065

District 19
Nodes: 8 18 23 31 32 37 74 81 82 106 145 174 184 259 299 351 379 392 418 440 492 519 530 546 562 565 568 581 603 611 660 669 677 700 734 736 770 798 804 807 809 835 847 887 903 954 1000 1047 1059 1103 1145 1184 1188 1272 1279 1293 1299 1306 1332 1347 1373 1389 1402 1408 1451 1458 1474 1501 1504 1519 1520 1545 1593 1594 1607 1625 1635 1678 1702 1707 1760 1761 1766 1795 1812 1841 1844 1911 1924 1957 1959 1973 1981 1999
Compactness: 7839.926769
Weights: 1134.000000 20750.000000 5401.000000
Center Node: 1184

District 20
Nodes: 5 24 26 35 78 89 90 94 170 213 235 241 245 253 266 269 284 298 304 353 355 360 364 405 435 455 482 505 508 513 588 598 614 627 648 658 730 733 747 749 752 795 864 876 911 920 961 1018 1019 1056 1064 1076 1109 1110 1124 1137 1144 1146 1195 1200 1204 1216 1217 1245 1286 1316 1324 1327 1338 1409 1415 1442 1455 1481 1493 1505 1537 1550 1585 1586 1587 1590 1626 1627 1634 1651 1670 1714 1756 1783 1788 1821 1846 1867 1871 1880 1882 1889 1938 1969 1994
Compactness: 10177.735909
Weights: 1202.000000 21255.000000 5878.000000
Center Node: 355
