BalanceViolation 31822.059000
AffinityLoss 3915.000000
Compactness 111440.841085

District 1
Nodes: 120 128 147 158 219 265 269 322 325 331 424 459 532 617 630 671 680 681 704 791 793 894 901 965 993 1113 1189 1192 1264 1292 1294 1324 1389 1477 1527 1543 1544 1560 1643 1752 1929 1933
Compactness: 2570.485477
Weights: 501.000000 9382.000000 2343.000000
Center Node: 1933

District 2
Nodes: 87 310 369 392 412 490 592 612 619 653 685 700 759 784 896 897 1081 1257 1271 1368 1388 1399 1432 1434 1572 1629 1647 1680 1718 1799 1814 1847 1885 1938 1972
Compactness: 1645.273194
Weights: 431.000000 7901.000000 1901.000000
Center Node: 1434

District 3
Nodes: 182 256 319 398 408 661 691 997 1131 1141 1228 1258 1349 1366 1411 1458 1508 1612 1730 1838 1840 1853 1907
Compactness: 972.401462
Weights: 297.000000 4752.000000 1237.000000
Center Node: 1853

District 4
Nodes: 4 5 26 62 70 93 122 142 183 184 232 252 393 394 467 537 662 676 679 721 801 841 910 975 996 1010 1022 1049 1084 1097 1126 1127 1193 1241 1242 1355 1460 1474 1496 1529 1631 1726 1852 1942 1978 1994
Compactness: 2684.428006
Weights: 589.000000 9065.000000 2502.000000
Center Node: 1460

District 5
Nodes: 56 75 112 191 239 274 363 402 417 447 463 535 553 561 587 644 735 737 777 855 986 998 1060 1062 1102 1133 1214 1229 1265 1282 1338 1429 1521 1595 1620 1679 1682 1703 1713 1739 1833 1858 1895
Compactness: 2480.466522
Weights: 512.000000 9276.000000 2789.000000
Center Node: 1595

District 6
Nodes: 18 40 60 78 135 150 246 303 312 341 431 469 497 552 621 625 657 744 787 864 919 994 999 1020 1061 1073 1075 1156 1358 1416 1430 1469 1481 1535 1589 1600 1810 1923 1983
Compactness: 2116.172113
Weights: 510.000000 8305.000000 2430.000000
Center Node: 1156

District 7
Nodes: 8 39 104 192 195 248 301 355 372 540 574 622 776 1026 1088 1129 1260 1270 1335 1356 1442 1449 1580 1593 1614 1628 1651 1692 1696 1748 1878 1913 1968
Compactness: 1584.365444
Weights: 441.000000 7089.000000 1925.000000
Center Node: 1696

District 8
Nodes: 96 125 243 354 444 529 547 548 641 649 690 786 850 892 928 938 1019 1024 1035 1069 1153 1154 1157 1171 1205 1365 1498 1644 1646 1707 1733 1823 1849 1922 1975
Compactness: 1635.762514
Weights: 413.000000 7806.000000 2244.000000
Center Node: 1024

District 9
Nodes: 13 139 241 254 300 305 306 343 368 464 499 513 526 530 539 571 590 714 718 727 732 734 754 758 806 831 860 884 956 1074 1220 1423 1435 1561 1574 1662 1715 1873 1930 1931 1945
Compactness: 2252.237065
Weights: 430.000000 9245.000000 2330.000000
Center Node: 1220

District 10
Nodes: 79 169 198 212 277 328 334 380 451 454 456 466 480 559 577 606 627 658 741 794 877 961 1009 1032 1124 1175 1208 1212 1305 1306 1372 1480 1505 1592 1608 1674 1689 1759 1787 1854 1859 1965 1966 1977
Compactness: 2282.156320
Weights: 536.000000 9799.000000 2540.000000
Center Node: 334

District 11
Nodes: 3 27 162 215 282 284 326 373 377 439 443 482 493 563 578 696 800 837 844 893 904 918 921 974 1012 1014 1140 1195 1218 1261 1266 1272 1337 1419 1438 1591 1658 1693 1719 1743 1815 1862 1925 1958
Compactness: 2669.696644
Weights: 542.000000 8930.000000 2731.000000
Center Node: 1815

District 12
Nodes: 161 214 218 297 339 387 389 418 429 502 503 514 566 600 616 647 688 701 749 821 891 948 953 980 1105 1134 1162 1187 1225 1288 1291 1436 1464 1555 1615 1622 1716 1725 1737 1793 1877 1910 1971
Compactness: 2503.654389
Weights: 514.000000 9536.000000 2580.000000
Center Node: 387

District 13
Nodes: 14 58 83 97 189 199 292 379 406 419 481 588 687 712 733 827 847 900 902 908 946 979 995 1002 1050 1101 1202 1209 1319 1325 1374 1523 1621 1670 1806 1855 1911 1953
Compactness: 1989.100675
Weights: 382.000000 8380.000000 2057.000000
Center Node: 1374

District 14
Nodes: 35 49 137 210 271 307 352 358 371 488 519 568 589 639 664 682 713 738 779 812 1053 1065 1095 1115 1136 1176 1303 1309 1377 1380 1456 1463 1639 1749 1769 1906 1956
Compactness: 1844.822347
Weights: 461.000000 8616.000000 2177.000000
Center Node: 1136

District 15
Nodes: 19 42 54 77 84 250 280 432 449 452 457 550 576 631 736 781 805 816 862 871 932 933 968 992 1038 1152 1164 1165 1181 1318 1378 1532 1596 1633 1661 1735 1786 1795 1825 1864 1909
Compactness: 2244.979707
Weights: 487.000000 9123.000000 2311.000000
Center Node: 932

District 16
Nodes: 34 57 114 118 177 185 226 318 362 479 498 557 613 623 674 678 702 723 876 878 971 1008 1090 1114 1160 1215 1227 1281 1284 1362 1381 1383 1459 1549 1578 1618 1676 1699 1701 1747 1756 1837 1856 1881 1904 1934 1960
Compactness: 2464.912859
Weights: 636.000000 10002.000000 2830.000000
Center Node: 1676

District 17
Nodes: 1 7 21 121 206 272 360 388 440 461 468 470 475 556 611 643 720 722 755 771 778 861 950 1023 1025 1109 1111 1232 1275 1278 1359 1413 1426 1470 1516 1590 1605 1630 1659 1683 1736 1757 1809 1842 1848 1850 1897
Compactness: 2953.917541
Weights: 576.000000 10164.000000 2444.000000
Center Node: 771

District 18
Nodes: 15 90 149 172 223 407 445 525 719 739 810 825 881 958 978 1148 1168 1307 1329 1371 1409 1466 1525 1616 1654 1675 1684 1709 1740 1860 1879 1884 1891 1969 1987
Compactness: 1658.337624
Weights: 363.000000 7474.000000 2036.000000
Center Node: 1329

District 19
Nodes: 10 24 43 71 124 165 171 244 348 433 458 762 818 839 917 929 969 1100 1112 1143 1240 1246 1259 1297 1351 1379 1448 1536 1569 1634 1678 1768 1788 1796 1802 1813 1828 1834 1914 1993
Compactness: 2293.470501
Weights: 420.000000 8052.000000 2186.000000
Center Node: 1678

District 20
Nodes: 47 276 295 330 410 413 426 542 605 670 695 724 742 788 854 889 927 943 1059 1091 1125 1178 1301 1302 1315 1367 1387 1617 1663 1665 1671 1727 1777 1835 1846 1888 1954 1967 1976 1990 1999
Compactness: 2368.546117
Weights: 439.000000 8878.000000 2212.000000
Center Node: 1888

District 21
Nodes: 76 116 131 159 230 279 289 290 425 473 489 517 527 543 546 593 618 650 705 709 725 730 743 849 873 875 895 1123 1244 1320 1332 1563 1599 1652 1702 1724 1738 1770 1829 1926 1996
Compactness: 2089.153209
Weights: 518.000000 9027.000000 2479.000000
Center Node: 725

District 22
Nodes: 92 134 164 190 324 400 453 487 494 549 707 726 782 838 857 863 898 907 976 984 1033 1151 1179 1186 1197 1198 1254 1277 1283 1299 1308 1386 1483 1576 1648 1681 1808 1812 1949 1974
Compactness: 1981.930573
Weights: 518.000000 8552.000000 2514.000000
Center Node: 164

District 23
Nodes: 11 63 140 204 240 359 397 401 477 504 536 554 584 632 645 652 654 665 708 773 790 792 828 962 1058 1072 1196 1231 1253 1310 1394 1453 1487 1507 1546 1557 1564 1586 1626 1640 1672 1789 1824 1872 1886
Compactness: 2226.554363
Weights: 592.000000 8488.000000 2386.000000
Center Node: 584

District 24
Nodes: 29 73 95 374 384 476 506 683 716 811 824 868 912 955 977 988 991 1028 1116 1221 1321 1347 1376 1444 1471 1488 1502 1613 1687 1698 1790 1964 1984 1989
Compactness: 2184.844326
Weights: 435.000000 6015.000000 1868.000000
Center Node: 95

District 25
Nodes: 0 28 100 152 258 273 320 367 405 411 420 485 520 545 551 603 640 673 842 885 915 926 1034 1042 1117 1150 1177 1252 1322 1384 1533 1537 1538 1545 1558 1568 1575 1582 1650 1750 1754 1827 1915 1947 1973
Compactness: 2817.400714
Weights: 584.000000 9165.000000 2431.000000
Center Node: 1384

District 26
Nodes: 55 80 109 160 166 404 483 516 534 585 763 874 916 934 940 957 982 1052 1080 1099 1213 1280 1346 1403 1414 1461 1540 1542 1623 1773 1776 1800 1817 1857 1940 1946 1952 1961
Compactness: 1893.124409
Weights: 433.000000 9152.000000 1972.000000
Center Node: 80

District 27
Nodes: 50 168 200 278 340 523 615 843 858 914 949 951 967 970 1016 1046 1079 1086 1146 1167 1188 1201 1233 1245 1256 1304 1361 1402 1415 1510 1518 1534 1559 1597 1751 1760 1801 1822 1874 1937 1982
Compactness: 2453.234803
Weights: 438.000000 8144.000000 2385.000000
Center Node: 1167

District 28
Nodes: 85 91 119 130 227 287 316 317 428 471 579 711 808 809 815 822 830 852 865 890 1001 1006 1158 1159 1230 1247 1314 1357 1418 1482 1541 1583 1598 1606 1607 1637 1704 1712 1734 1832 1868 1951
Compactness: 2640.365739
Weights: 482.000000 8160.000000 2358.000000
Center Node: 1868

District 29
Nodes: 38 146 155 173 255 259 267 385 455 486 492 582 596 768 835 853 859 869 909 963 1004 1007 1045 1068 1082 1092 1108 1138 1182 1185 1234 1238 1243 1262 1328 1364 1375 1465 1584 1603 1627 1642 1772 1841
Compactness: 2694.874719
Weights: 499.000000 9301.000000 2636.000000
Center Node: 596

District 30
Nodes: 36 188 304 345 386 521 570 580 655 698 829 888 985 1015 1021 1219 1286 1316 1323 1396 1428 1457 1513 1550 1567 1664 1688 1695 1706 1742 1762 1767 1820 1851 1892 1905 1988
Compactness: 1865.834451
Weights: 412.000000 8393.000000 2154.000000
Center Node: 1706

District 31
Nodes: 44 51 69 105 138 154 228 236 237 249 365 416 441 555 581 586 740 789 983 1018 1204 1239 1298 1385 1437 1441 1447 1454 1485 1588 1691 1711 1714 1728 1771 1836 1932 1936 1963
Compactness: 2343.834650
Weights: 411.000000 9339.000000 2206.000000
Center Node: 237

District 32
Nodes: 22 61 72 88 106 108 176 196 220 231 353 376 409 415 572 573 604 629 642 651 694 774 880 883 1017 1039 1043 1163 1207 1222 1279 1352 1393 1475 1511 1601 1694 1729 1794 1803 1920 1970
Compactness: 2185.581308
Weights: 481.000000 8776.000000 2479.000000
Center Node: 774

District 33
Nodes: 32 132 141 145 174 197 293 336 378 381 462 500 515 569 823 989 1003 1057 1078 1104 1206 1235 1312 1392 1407 1417 1473 1493 1554 1619 1669 1732 1741 1992 1998
Compactness: 2078.107360
Weights: 429.000000 8431.000000 2356.000000
Center Node: 132

District 34
Nodes: 23 111 167 205 281 294 298 313 391 421 450 591 602 638 675 684 703 751 757 886 935 966 987 1145 1184 1237 1276 1382 1398 1401 1490 1495 1500 1553 1723 1798 1816 1826 1839 1875 1918 1986 1997
Compactness: 2348.748731
Weights: 537.000000 9184.000000 2400.000000
Center Node: 313

District 35
Nodes: 123 144 153 194 260 311 335 344 366 403 460 484 601 689 706 752 799 848 924 925 1106 1121 1128 1135 1293 1330 1339 1353 1369 1445 1506 1522 1530 1610 1668 1792 1797 1830 1865 1900 1943
Compactness: 1988.804110
Weights: 511.000000 8274.000000 2180.000000
Center Node: 311

District 36
Nodes: 64 110 209 309 337 505 624 729 747 750 764 765 766 770 772 795 797 922 930 1005 1029 1047 1067 1077 1083 1130 1200 1216 1217 1263 1267 1431 1484 1520 1602 1844 1908
Compactness: 1872.320445
Weights: 415.000000 7201.000000 2100.000000
Center Node: 729

District 37
Nodes: 17 31 68 156 175 211 253 333 342 364 437 478 510 562 594 608 656 669 686 693 710 715 748 832 903 936 1063 1070 1093 1120 1132 1311 1400 1479 1509 1512 1514 1635 1666 1805 1821 1894 1935 1948 1981
Compactness: 2539.109406
Weights: 500.000000 10107.000000 2641.000000
Center Node: 437

District 38
Nodes: 65 102 133 178 181 217 224 251 285 288 296 321 350 361 414 422 427 472 610 633 817 826 866 937 981 1027 1037 1071 1089 1236 1340 1348 1354 1425 1446 1455 1494 1548 1562 1636 1655 1779 1843 1867 1896 1919 1921
Compactness: 2835.960856
Weights: 605.000000 9568.000000 2653.000000
Center Node: 981

District 39
Nodes: 103 107 193 208 247 257 347 349 357 395 436 541 597 668 731 756 775 814 833 845 846 906 941 1013 1064 1107 1118 1172 1173 1326 1404 1412 1420 1504 1649 1708 1745 1763 1764 1869 1882 1889 1950
Compactness: 2165.749665
Weights: 473.000000 8694.000000 2391.000000
Center Node: 1064

District 40
Nodes: 9 16 25 98 126 129 136 151 229 275 327 332 351 370 434 564 607 609 663 813 851 920 939 944 945 1087 1144 1169 1170 1190 1223 1313 1363 1395 1451 1503 1690 1758 1781 1791 1831 1863 1917 1955
Compactness: 2458.165706
Weights: 548.000000 9224.000000 2532.000000
Center Node: 813

District 41
Nodes: 52 148 221 261 268 308 314 323 338 496 509 512 634 636 637 659 677 692 769 836 879 905 1142 1211 1250 1331 1336 1421 1472 1476 1491 1552 1565 1609 1686 1744 1753 1761 1784 1870 1941
Compactness: 2702.969418
Weights: 532.000000 8853.000000 2493.000000
Center Node: 692

District 42
Nodes: 53 179 390 438 495 518 583 614 620 767 819 856 887 911 923 990 1036 1044 1096 1139 1161 1174 1183 1255 1274 1344 1422 1440 1450 1462 1468 1571 1577 1581 1585 1638 1755 1871 1944 1980
Compactness: 2837.538687
Weights: 425.000000 8240.000000 2406.000000
Center Node: 1096

District 43
Nodes: 12 45 59 94 170 264 383 508 565 598 717 820 913 942 972 1030 1040 1137 1210 1290 1343 1489 1492 1499 1519 1551 1641 1673 1685 1697 1720 1731 1775 1818 1845 1916
Compactness: 1820.612839
Weights: 433.000000 7082.000000 2021.000000
Center Node: 1673

District 44
Nodes: 2 67 86 187 270 291 302 315 382 430 522 575 753 798 872 1041 1203 1251 1269 1300 1424 1452 1467 1478 1556 1573 1594 1632 1700 1710 1765 1782 1866 1899 1962
Compactness: 2066.104511
Weights: 397.000000 6613.000000 2007.000000
Center Node: 1710

District 45
Nodes: 30 74 82 127 207 238 286 346 375 448 465 531 646 697 746 960 1000 1051 1054 1056 1268 1333 1350 1410 1439 1604 1625 1785 1804 1811 1876 1903 1985
Compactness: 1992.045635
Weights: 403.000000 6094.000000 1705.000000
Center Node: 1410

District 46
Nodes: 20 37 66 203 222 242 262 329 396 399 491 560 635 660 760 796 802 1066 1085 1147 1289 1360 1370 1524 1531 1539 1547 1579 1624 1657 1660 1717 1722 1890 1893 1898 1902 1912 1939 1957
Compactness: 2160.299630
Weights: 480.000000 9094.000000 2447.000000
Center Node: 222

District 47
Nodes: 6 33 46 81 89 245 356 423 474 511 538 595 672 728 803 834 840 870 952 954 1031 1048 1110 1122 1180 1194 1285 1287 1295 1327 1342 1570 1774 1783 1924 1927 1995
Compactness: 1623.971137
Weights: 443.000000 7664.000000 2033.000000
Center Node: 1774

District 48
Nodes: 48 99 115 233 234 235 263 435 442 599 626 699 761 780 785 807 882 899 959 1011 1055 1076 1098 1103 1119 1149 1155 1166 1199 1273 1296 1405 1406 1433 1517 1528 1566 1677 1766 1807 1928 1979 1991
Compactness: 2513.197768
Weights: 544.000000 9317.000000 2509.000000
Center Node: 1677

District 49
Nodes: 113 180 186 201 202 225 283 507 524 533 544 667 804 964 973 1094 1191 1226 1248 1317 1341 1391 1397 1427 1443 1486 1526 1611 1653 1656 1746 1780 1819 1901 1959
Compactness: 2244.307911
Weights: 426.000000 8335.000000 1710.000000
Center Node: 964

District 50
Nodes: 41 101 117 143 157 163 213 216 266 299 446 501 528 558 567 628 648 666 745 783 867 931 947 1224 1249 1334 1345 1373 1390 1408 1497 1501 1515 1587 1645 1667 1705 1721 1778 1861 1880 1883 1887
Compactness: 2600.907488
Weights: 502.000000 9803.000000 2288.000000
Center Node: 1408
