BalanceViolation 3540.703000
AffinityLoss 1867.000000
Compactness 69117.006361

District 1
Nodes: 29 49 77 78 190 193 231 241 249 459 597 625 630 685 743 754 780 808 853 873 929 954
Compactness: 1077.524758
Weights: 256.000000 4160.000000 1201.000000
Center Node: 808

District 2
Nodes: 13 115 164 194 219 295 325 453 462 472 498 530 532 704 705 756 784 919 977
Compactness: 4190.292808
Weights: 253.000000 4088.000000 1178.000000
Center Node: 756

District 3
Nodes: 7 58 61 63 133 141 167 175 284 327 586 614 618 650 651 657 709 715 746 792 871 924 988
Compactness: 1894.846158
Weights: 269.000000 4269.000000 1218.000000
Center Node: 614

District 4
Nodes: 155 251 298 299 308 468 637 653 658 782 797 822 887 923 930 937 987 996
Compactness: 1097.527172
Weights: 225.000000 3962.000000 1205.000000
Center Node: 822

District 5
Nodes: 130 157 188 270 379 411 454 594 604 652 775 802 837 940 950 958 962
Compactness: 913.621574
Weights: 181.000000 3893.000000 1141.000000
Center Node: 775

District 6
Nodes: 192 242 296 313 368 506 514 537 588 591 633 739 809 810 823 866 877 895 900 947 965
Compactness: 1292.475230
Weights: 269.000000 4016.000000 1211.000000
Center Node: 809

District 7
Nodes: 38 105 116 119 260 396 413 542 647 718 726 779 812 841 870 960 997
Compactness: 927.104667
Weights: 201.000000 4362.000000 979.000000
Center Node: 413

District 8
Nodes: 14 59 221 233 250 261 275 314 344 432 509 516 553 555 666 759 765 790 826 833
Compactness: 1179.248102
Weights: 268.000000 4211.000000 1217.000000
Center Node: 432

District 9
Nodes: 2 44 99 214 334 339 350 440 563 565 649 660 691 713 720 730 753 803 820 927 961 967
Compactness: 1302.635284
Weights: 275.000000 4256.000000 1187.000000
Center Node: 713

District 10
Nodes: 110 111 137 216 229 397 400 430 479 640 703 737 778 825 851 878 879 972 976
Compactness: 981.491992
Weights: 206.000000 3964.000000 1304.000000
Center Node: 229

District 11
Nodes: 51 57 91 174 215 359 364 365 390 434 477 495 592 610 708 721 788 804 806 817 882
Compactness: 1419.122434
Weights: 238.000000 4321.000000 1194.000000
Center Node: 708

District 12
Nodes: 46 162 243 246 267 279 347 356 461 476 480 507 531 590 600 609 678 755 834 910 914 984
Compactness: 1269.041858
Weights: 321.000000 4091.000000 1301.000000
Center Node: 246

District 13
Nodes: 43 45 50 71 125 199 330 353 360 374 455 465 611 641 686 738 776 885 957 971
Compactness: 1558.203990
Weights: 226.000000 4347.000000 1193.000000
Center Node: 455

District 14
Nodes: 36 37 128 132 222 256 262 289 333 354 401 414 521 595 626 669 751 770 846 934 953
Compactness: 2210.503790
Weights: 256.000000 4359.000000 1163.000000
Center Node: 595

District 15
Nodes: 16 156 158 320 371 389 443 450 527 570 571 677 679 711 741 774 799 875 913 955
Compactness: 1018.737654
Weights: 229.000000 4281.000000 1227.000000
Center Node: 571

District 16
Nodes: 93 207 287 332 351 382 395 398 402 412 534 561 675 710 750 839 850 854 917 925
Compactness: 1106.450533
Weights: 249.000000 4285.000000 1236.000000
Center Node: 207

District 17
Nodes: 4 10 22 82 88 165 186 218 266 288 328 361 448 496 504 536 568 576 789 847 939
Compactness: 1263.637934
Weights: 243.000000 4348.000000 1216.000000
Center Node: 496

District 18
Nodes: 23 53 81 136 201 273 286 305 363 391 423 431 475 485 628 695 696 795 798 872 943
Compactness: 1092.226685
Weights: 220.000000 3971.000000 1396.000000
Center Node: 628

District 19
Nodes: 56 65 171 197 200 206 232 317 345 392 473 523 629 645 731 740 816 893 938 964
Compactness: 1581.326039
Weights: 252.000000 4263.000000 1132.000000
Center Node: 816

District 20
Nodes: 9 109 166 177 268 277 304 335 370 452 639 644 654 693 707 766 845 985
Compactness: 1266.503548
Weights: 211.000000 4504.000000 997.000000
Center Node: 268

District 21
Nodes: 48 210 300 302 421 460 481 554 634 655 692 747 772 796 814 827 896 969 974
Compactness: 1607.010267
Weights: 220.000000 4195.000000 1219.000000
Center Node: 747

District 22
Nodes: 21 95 134 154 196 202 309 366 386 503 510 538 546 585 624 717 786 807 888 906 911
Compactness: 1281.992679
Weights: 254.000000 3992.000000 1195.000000
Center Node: 196

District 23
Nodes: 62 73 159 178 292 293 444 500 526 529 550 612 674 762 828 832 840 876 884
Compactness: 1752.100012
Weights: 240.000000 4295.000000 1109.000000
Center Node: 762

District 24
Nodes: 55 107 245 247 255 369 393 438 439 482 505 518 578 587 728 763 767 794 912 931 949
Compactness: 1330.303189
Weights: 260.000000 4192.000000 1202.000000
Center Node: 728

District 25
Nodes: 69 106 142 163 189 352 466 556 598 643 670 690 712 734 748 858 868 905 932 978 981
Compactness: 1049.238169
Weights: 255.000000 4259.000000 1178.000000
Center Node: 734

District 26
Nodes: 64 100 118 152 311 329 336 367 437 493 606 638 662 836 864 916 944 992
Compactness: 1103.577241
Weights: 265.000000 4291.000000 1140.000000
Center Node: 992

District 27
Nodes: 20 76 90 92 101 173 187 220 349 408 424 471 483 547 583 603 724 735 736 835 979
Compactness: 1643.320376
Weights: 235.000000 4112.000000 1181.000000
Center Node: 187

District 28
Nodes: 6 42 150 161 170 181 235 252 326 388 399 464 544 661 745 752 771 785 849 946 975
Compactness: 1382.044355
Weights: 248.000000 4085.000000 1107.000000
Center Node: 785

District 29
Nodes: 204 225 269 285 316 362 407 539 552 620 621 663 668 673 683 819 831 867 956
Compactness: 1180.096277
Weights: 223.000000 4199.000000 1231.000000
Center Node: 956

District 30
Nodes: 60 87 103 283 323 331 355 358 372 426 486 508 551 557 558 656 659 672 818 886 901 928 942
Compactness: 1308.296689
Weights: 274.000000 4141.000000 1222.000000
Center Node: 557

District 31
Nodes: 39 54 102 168 217 223 239 315 338 342 343 429 512 559 665 700 777 801 852 881 980
Compactness: 1389.936534
Weights: 257.000000 4080.000000 1287.000000
Center Node: 512

District 32
Nodes: 27 80 117 195 248 263 394 403 405 415 422 469 545 613 622 623 671 687 829
Compactness: 1334.121818
Weights: 236.000000 4347.000000 1235.000000
Center Node: 80

District 33
Nodes: 1 5 35 68 74 83 184 203 417 548 580 599 619 898 899 966 999
Compactness: 1409.301800
Weights: 143.000000 4123.000000 1213.000000
Center Node: 619

District 34
Nodes: 85 86 89 120 121 135 183 318 322 348 409 487 517 524 540 596 684 856 926 935 963
Compactness: 1614.320037
Weights: 256.000000 4118.000000 1255.000000
Center Node: 135

District 35
Nodes: 8 12 169 205 208 253 265 337 340 378 427 457 491 502 579 760 800 855 861 874 994
Compactness: 934.975655
Weights: 247.000000 4288.000000 1211.000000
Center Node: 502

District 36
Nodes: 41 72 97 149 172 182 228 244 381 404 433 451 478 567 681 918 936 945 983 986
Compactness: 1192.954755
Weights: 267.000000 4019.000000 1216.000000
Center Node: 172

District 37
Nodes: 104 160 237 278 297 406 416 419 447 489 698 701 729 805 811 862 933
Compactness: 991.662322
Weights: 202.000000 4385.000000 720.000000
Center Node: 811

District 38
Nodes: 32 67 75 112 143 198 259 294 319 375 385 436 442 449 499 617 648 664 676 723 859 951 989
Compactness: 1838.894689
Weights: 257.000000 4246.000000 1222.000000
Center Node: 648

District 39
Nodes: 52 96 140 148 281 324 497 520 562 573 605 615 694 733 787 830 843 902 920 993
Compactness: 1502.495711
Weights: 224.000000 4107.000000 1222.000000
Center Node: 733

District 40
Nodes: 40 98 146 176 179 224 276 306 310 357 474 528 569 574 667 699 742 744 758 863 897 904
Compactness: 1113.770518
Weights: 268.000000 4265.000000 1242.000000
Center Node: 276

District 41
Nodes: 17 126 180 191 209 227 236 274 280 341 346 377 435 441 484 492 541 549 560 697 791 922 982
Compactness: 1367.578916
Weights: 227.000000 4024.000000 1252.000000
Center Node: 236

District 42
Nodes: 26 84 213 254 282 376 470 501 575 635 688 722 725 757 764 813 821 824 970
Compactness: 1175.065323
Weights: 222.000000 4467.000000 1105.000000
Center Node: 757

District 43
Nodes: 11 25 114 211 240 264 420 525 581 714 716 769 793 890 891 894 907 908 909 915 941
Compactness: 1366.156248
Weights: 262.000000 4012.000000 1243.000000
Center Node: 211

District 44
Nodes: 147 226 258 290 418 425 467 488 589 631 682 727 783 857 869 889 948 998
Compactness: 797.556795
Weights: 212.000000 4364.000000 1099.000000
Center Node: 727

District 45
Nodes: 3 34 122 129 257 271 307 373 383 384 494 513 515 522 533 702 865 883 903 921
Compactness: 1142.201564
Weights: 274.000000 4384.000000 1276.000000
Center Node: 494

District 46
Nodes: 24 30 138 145 151 230 234 380 428 445 458 602 627 761 781 815 860 991
Compactness: 811.690120
Weights: 211.000000 4375.000000 1073.000000
Center Node: 781

District 47
Nodes: 18 28 31 79 94 131 410 511 519 535 564 608 632 636 719 880 990
Compactness: 926.876172
Weights: 190.000000 4333.000000 916.000000
Center Node: 131

District 48
Nodes: 15 47 70 123 124 212 238 272 291 303 490 543 572 582 601 607 642 706 732 842 844
Compactness: 4018.194920
Weights: 249.000000 4372.000000 1216.000000
Center Node: 212

District 49
Nodes: 0 19 33 127 139 144 153 185 301 312 321 456 463 577 584 616 838 892 959 968 973 995
Compactness: 1293.764210
Weights: 234.000000 4347.000000 1195.000000
Center Node: 19

District 50
Nodes: 66 108 113 387 446 566 593 646 680 689 749 768 773 848 952
Compactness: 614.986791
Weights: 175.000000 3167.000000 764.000000
Center Node: 773
