BalanceViolation 7941.446000
AffinityLoss 1817.000000
Compactness 59338.602857

District 1
Nodes: 44 101 151 173 185 187 215 235 258 280 302 307 416 426 452 486 565 611 656 745 998
Compactness: 1238.001297
Weights: 279.000000 4101.000000 1330.000000
Center Node: 235

District 2
Nodes: 61 100 118 203 205 251 313 449 501 527 613 651 883 891 948 996
Compactness: 964.630912
Weights: 199.000000 4246.000000 912.000000
Center Node: 948

District 3
Nodes: 146 150 163 176 200 214 282 287 296 400 411 569 608 635 659 696 734 778 962 972
Compactness: 1391.909532
Weights: 231.000000 4559.000000 1055.000000
Center Node: 696

District 4
Nodes: 15 36 50 68 82 181 229 247 250 391 436 482 640 657 690 765 773 903 961
Compactness: 1387.097507
Weights: 219.000000 4018.000000 1173.000000
Center Node: 36

District 5
Nodes: 51 115 142 380 470 480 487 541 576 619 668 718 722 752 771 864 882
Compactness: 939.114905
Weights: 194.000000 4447.000000 1097.000000
Center Node: 668

District 6
Nodes: 2 64 103 152 179 365 428 523 539 570 597 629 649 694 715 726 814 923 958
Compactness: 838.644499
Weights: 204.000000 4470.000000 1058.000000
Center Node: 923

District 7
Nodes: 22 84 97 112 193 225 264 288 344 360 378 448 544 580 986 991
Compactness: 793.724188
Weights: 167.000000 3292.000000 1001.000000
Center Node: 360

District 8
Nodes: 43 174 246 252 260 394 447 450 564 571 604 687 689 748 791 811 901 924 928
Compactness: 900.181291
Weights: 193.000000 3855.000000 1086.000000
Center Node: 447

District 9
Nodes: 23 30 67 72 232 281 303 329 359 498 531 553 556 583 633 667 711 813 926 943
Compactness: 1037.159939
Weights: 243.000000 4477.000000 1310.000000
Center Node: 281

District 10
Nodes: 26 218 257 341 356 410 421 443 519 535 617 660 682 695 716 731 750 802 816 830 942 971
Compactness: 1313.395733
Weights: 254.000000 4442.000000 1210.000000
Center Node: 443

District 11
Nodes: 95 155 253 315 327 431 435 533 547 632 644 756 852 853 875 894 895
Compactness: 1027.894530
Weights: 174.000000 4411.000000 996.000000
Center Node: 853

District 12
Nodes: 58 223 238 248 293 310 337 415 517 594 609 624 713 753 762 764 782 786 868 889 987
Compactness: 1203.048508
Weights: 239.000000 4484.000000 1204.000000
Center Node: 624

District 13
Nodes: 38 105 119 268 269 295 311 316 330 475 499 540 578 586 648 663 781 788 807 999
Compactness: 1141.644692
Weights: 235.000000 4121.000000 1143.000000
Center Node: 788

District 14
Nodes: 42 74 90 98 107 134 267 271 291 339 481 485 560 615 616 671 678 888 934 966
Compactness: 814.510083
Weights: 266.000000 4432.000000 1142.000000
Center Node: 616

District 15
Nodes: 32 49 52 212 231 243 301 336 371 385 405 453 461 506 545 557 558 701 747 763 772 935
Compactness: 929.525067
Weights: 263.000000 4175.000000 1083.000000
Center Node: 52

District 16
Nodes: 20 41 46 111 165 186 262 290 304 314 324 338 383 441 463 492 493 510 698 757 758 780 847 885 941
Compactness: 1501.402254
Weights: 276.000000 4445.000000 1240.000000
Center Node: 304

District 17
Nodes: 99 148 191 322 417 472 497 500 622 630 637 653 704 712 714 730 754 767 775 792 798 954 979 989
Compactness: 1684.712582
Weights: 288.000000 4347.000000 1220.000000
Center Node: 954

District 18
Nodes: 122 135 189 219 239 468 567 574 588 670 685 720 774 849
Compactness: 717.341824
Weights: 182.000000 2921.000000 885.000000
Center Node: 849

District 19
Nodes: 114 170 244 308 364 402 432 434 529 537 573 581 639 727 793 803 837 861 863 944 974 985
Compactness: 1209.128553
Weights: 275.000000 4274.000000 1269.000000
Center Node: 434

District 20
Nodes: 11 56 141 171 204 221 319 328 351 406 508 559 561 719 766 790 794 843 920 952 967 992
Compactness: 1749.274985
Weights: 252.000000 4431.000000 1295.000000
Center Node: 351

District 21
Nodes: 29 57 91 266 398 457 599 606 627 684 738 785 800 829 831 835 880 950 965
Compactness: 829.250829
Weights: 239.000000 4322.000000 1047.000000
Center Node: 950

District 22
Nodes: 10 132 147 445 446 465 474 555 587 628 642 673 688 691 804 825 877 907 911 915 939
Compactness: 1150.701130
Weights: 275.000000 4420.000000 1176.000000
Center Node: 10

District 23
Nodes: 3 21 35 80 108 129 159 182 245 325 331 374 548 593 618 697 768 878 914
Compactness: 1110.967083
Weights: 214.000000 3798.000000 1075.000000
Center Node: 3

District 24
Nodes: 88 139 206 222 236 342 390 429 440 454 462 471 503 536 543 746 919 932 973 976 988
Compactness: 1199.370560
Weights: 268.000000 4453.000000 1170.000000
Center Node: 976

District 25
Nodes: 9 75 137 140 180 207 369 408 409 427 430 439 513 577 601 620 735 737 834 840 899
Compactness: 1349.313948
Weights: 239.000000 4454.000000 1136.000000
Center Node: 9

District 26
Nodes: 54 164 184 228 275 425 490 789 913 931 936 975 995
Compactness: 486.787118
Weights: 152.000000 2944.000000 804.000000
Center Node: 184

District 27
Nodes: 71 77 81 196 209 220 224 278 345 386 495 524 526 551 602 655 759 821 854 905 957
Compactness: 1286.808830
Weights: 260.000000 4430.000000 1185.000000
Center Node: 224

District 28
Nodes: 31 59 65 96 136 162 202 263 286 489 566 579 607 636 741 749 805 876 886 938
Compactness: 1166.529750
Weights: 245.000000 4349.000000 1062.000000
Center Node: 136

District 29
Nodes: 17 62 87 120 156 333 387 388 404 582 625 650 728 729 740 832 845 866 910 955 964 990
Compactness: 1462.973649
Weights: 297.000000 4311.000000 1160.000000
Center Node: 625

District 30
Nodes: 27 33 124 126 131 154 216 241 242 255 265 279 375 381 511 787 820 823 857 916
Compactness: 1105.530823
Weights: 266.000000 4620.000000 1104.000000
Center Node: 265

District 31
Nodes: 332 379 395 418 424 568 623 626 677 693 706 743 769 776 783 797 865 884 904 912
Compactness: 1142.645277
Weights: 228.000000 4420.000000 1077.000000
Center Node: 783

District 32
Nodes: 6 7 16 34 161 172 297 396 403 476 528 550 552 585 679 751 850 859 860 925 933 946
Compactness: 1117.583472
Weights: 284.000000 4221.000000 1223.000000
Center Node: 396

District 33
Nodes: 5 104 157 261 317 352 407 478 589 612 733 801 809 810 872 890 908 956 969 970 993
Compactness: 1870.871093
Weights: 260.000000 4319.000000 1301.000000
Center Node: 872

District 34
Nodes: 0 4 12 66 85 92 166 335 346 389 399 507 591 603 723 725 808 921 977
Compactness: 1147.841176
Weights: 216.000000 4417.000000 1199.000000
Center Node: 346

District 35
Nodes: 37 70 89 144 149 198 201 233 277 347 350 459 504 505 596 600 641 665 681 710 827 892
Compactness: 1214.099756
Weights: 254.000000 4478.000000 1108.000000
Center Node: 892

District 36
Nodes: 24 83 168 226 433 451 473 477 699 702 705 799 826 836 846 851 855 856 902 983
Compactness: 1251.501753
Weights: 255.000000 4542.000000 1119.000000
Center Node: 826

District 37
Nodes: 39 86 130 160 175 256 299 309 321 355 455 610 662 700 707 815 844 960 963
Compactness: 1031.417872
Weights: 187.000000 4465.000000 1085.000000
Center Node: 86

District 38
Nodes: 8 117 121 259 305 382 384 420 438 469 514 525 542 647 661 708 869 870 896 978
Compactness: 1300.546472
Weights: 225.000000 3423.000000 1186.000000
Center Node: 514

District 39
Nodes: 48 78 183 249 323 353 373 376 397 479 512 530 592 634 784 862 945 981 994
Compactness: 1277.652628
Weights: 219.000000 4399.000000 1075.000000
Center Node: 373

District 40
Nodes: 153 167 177 300 358 367 393 444 669 692 703 736 755 795 806 828 897 940 951 953 982
Compactness: 1675.597527
Weights: 260.000000 4606.000000 1403.000000
Center Node: 692

District 41
Nodes: 63 192 237 273 294 298 377 414 483 563 779 812 842 879 906 927 980
Compactness: 961.133637
Weights: 202.000000 4351.000000 1162.000000
Center Node: 906

District 42
Nodes: 13 14 55 60 127 227 234 340 363 372 413 491 494 521 549 676 732 817 871 874 898 984
Compactness: 1490.273216
Weights: 278.000000 4297.000000 1267.000000
Center Node: 494

District 43
Nodes: 76 123 194 210 254 274 320 509 516 518 522 532 534 643 654 672 744 881 918 997
Compactness: 1029.797956
Weights: 226.000000 4487.000000 1096.000000
Center Node: 643

District 44
Nodes: 25 110 190 211 283 292 362 423 464 488 575 605 614 675 739 777 796 824 841 893 917
Compactness: 1099.597259
Weights: 273.000000 3845.000000 1319.000000
Center Node: 777

District 45
Nodes: 1 53 69 73 93 109 195 208 230 349 422 460 467 546 674 724 760 770 867 930 949
Compactness: 1312.965165
Weights: 229.000000 4499.000000 991.000000
Center Node: 208

District 46
Nodes: 40 79 94 169 188 272 348 366 437 520 595 638 646 686 709 742 833 838 887 959
Compactness: 1040.645518
Weights: 257.000000 4105.000000 1185.000000
Center Node: 94

District 47
Nodes: 47 125 133 158 178 197 213 217 289 306 343 361 392 456 590 621 664 666
Compactness: 1042.139169
Weights: 244.000000 4138.000000 1113.000000
Center Node: 213

District 48
Nodes: 28 113 138 285 318 334 354 368 370 401 442 458 466 484 496 502 554 598 631 652 818 929
Compactness: 1317.607513
Weights: 290.000000 4444.000000 1307.000000
Center Node: 28

District 49
Nodes: 18 19 45 116 145 199 240 276 284 312 515 538 562 584 717 761 848 858 900 922 947
Compactness: 1204.452639
Weights: 274.000000 4129.000000 1142.000000
Center Node: 538

District 50
Nodes: 102 106 128 143 270 326 357 412 419 572 645 658 680 683 721 819 822 839 873 909 937 968
Compactness: 1879.657153
Weights: 256.000000 4470.000000 1228.000000
Center Node: 419
