BalanceViolation 8595.275000
AffinityLoss 1848.000000
Compactness 76607.888868

District 1
Nodes: 120 142 315 395 473 509 591 629 650 656 794 818 871 924
Compactness: 603.401550
Weights: 134.000000 3332.000000 822.000000
Center Node: 591

District 2
Nodes: 30 68 269 277 323 379 427 534 550 554 604 644 647 718 764 791 817 820 841
Compactness: 934.104293
Weights: 263.000000 4385.000000 1032.000000
Center Node: 791

District 3
Nodes: 14 150 234 247 404 406 412 418 481 511 572 586 684 698 778 804 815 897 923 960 962 990
Compactness: 3722.782062
Weights: 258.000000 4319.000000 1267.000000
Center Node: 481

District 4
Nodes: 9 31 102 207 297 349 420 441 505 527 566 630 719 738 745 812 834 918 958 982
Compactness: 1620.211414
Weights: 276.000000 4376.000000 1223.000000
Center Node: 745

District 5
Nodes: 154 169 184 200 273 380 409 435 466 522 582 610 636 649 691 730 862 903 939 966 968
Compactness: 1409.574651
Weights: 295.000000 4381.000000 1197.000000
Center Node: 435

District 6
Nodes: 1 24 40 117 191 195 227 249 338 354 407 490 654 710 722 760 771 779 980
Compactness: 1033.916425
Weights: 251.000000 4609.000000 1190.000000
Center Node: 710

District 7
Nodes: 41 101 104 124 216 291 327 374 415 642 648 701 706 739 790 847 863
Compactness: 807.005932
Weights: 205.000000 4165.000000 916.000000
Center Node: 648

District 8
Nodes: 12 25 140 203 260 334 358 460 494 622 672 714 720 795 805 856 867 959 973 978
Compactness: 1067.560325
Weights: 246.000000 4014.000000 1279.000000
Center Node: 260

District 9
Nodes: 64 79 103 321 335 351 367 416 470 489 517 523 557 579 584 655 673 809 839 889 912 953 971
Compactness: 1104.557142
Weights: 301.000000 4127.000000 1287.000000
Center Node: 335

District 10
Nodes: 57 176 284 332 382 423 425 477 486 565 619 667 689 743 782 829 879 909 915 917 941 994
Compactness: 1266.195205
Weights: 255.000000 4103.000000 1256.000000
Center Node: 477

District 11
Nodes: 0 32 44 46 56 146 301 308 389 403 475 503 734 744 789 792 813 883 892 988
Compactness: 1095.821318
Weights: 236.000000 4407.000000 1147.000000
Center Node: 734

District 12
Nodes: 90 125 224 293 313 344 372 476 539 601 617 634 726 811 837 838 977 997
Compactness: 996.493791
Weights: 170.000000 4454.000000 1106.000000
Center Node: 726

District 13
Nodes: 164 220 236 252 281 309 348 485 504 516 547 685 746 840 858 906 926 937 972
Compactness: 1020.639267
Weights: 241.000000 4182.000000 1299.000000
Center Node: 516

District 14
Nodes: 70 98 218 242 296 329 366 400 562 581 662 687 700 709 713 729 742 754 770 776 831 835
Compactness: 1133.450230
Weights: 243.000000 4225.000000 1335.000000
Center Node: 713

District 15
Nodes: 51 83 118 151 265 300 487 493 520 535 558 560 651 676 755 803 851 888 893 995
Compactness: 1158.468475
Weights: 267.000000 4443.000000 1155.000000
Center Node: 995

District 16
Nodes: 86 408 556 681 890
Compactness: 119.487232
Weights: 65.000000 978.000000 266.000000
Center Node: 890

District 17
Nodes: 10 157 168 189 264 267 275 370 464 488 567 588 631 659 708 715 740 799 854 877 921 950 974 996
Compactness: 14203.283864
Weights: 304.000000 4051.000000 1117.000000
Center Node: 488

District 18
Nodes: 4 6 28 84 235 304 316 352 437 438 449 480 498 600 623 674 695 733 810 828 864 947 963 987
Compactness: 2317.496178
Weights: 262.000000 4395.000000 1288.000000
Center Node: 498

District 19
Nodes: 7 15 19 53 122 171 222 325 357 387 439 571 633 669 716 765 816 908 933 934 948
Compactness: 1398.434082
Weights: 230.000000 4684.000000 1147.000000
Center Node: 669

District 20
Nodes: 75 266 286 287 290 295 305 355 359 417 422 454 468 510 721 774 785 861 872 913
Compactness: 1040.985277
Weights: 289.000000 4430.000000 1201.000000
Center Node: 774

District 21
Nodes: 8 71 127 153 177 208 246 282 392 551 597 696 697 768 783 788 845 956 985
Compactness: 1012.088420
Weights: 231.000000 3928.000000 1128.000000
Center Node: 392

District 22
Nodes: 131 182 190 251 254 289 303 442 515 528 628 637 640 661 725 727 761 781 814 833 852
Compactness: 1393.273964
Weights: 251.000000 4446.000000 1142.000000
Center Node: 254

District 23
Nodes: 37 49 87 93 95 97 139 144 173 221 306 310 330 446 501 620 711 751 832 836 849 905 929 964
Compactness: 1561.122108
Weights: 304.000000 4277.000000 1561.000000
Center Node: 905

District 24
Nodes: 74 81 138 194 228 346 364 377 443 645 680 752 773 798 800 859 860 866 916 922 954
Compactness: 1840.283280
Weights: 278.000000 4371.000000 1393.000000
Center Node: 916

District 25
Nodes: 3 39 96 107 126 201 320 339 429 432 434 536 543 595 748 786 823 886 902 992
Compactness: 1460.546343
Weights: 226.000000 4450.000000 1124.000000
Center Node: 886

District 26
Nodes: 63 65 110 132 166 272 353 394 410 424 518 574 585 594 609 670 692 724 857 885 927
Compactness: 1293.128977
Weights: 251.000000 4014.000000 1262.000000
Center Node: 518

District 27
Nodes: 43 58 60 91 99 114 175 187 229 294 314 371 436 531 688 703 704 705 999
Compactness: 1231.279154
Weights: 230.000000 4467.000000 1256.000000
Center Node: 175

District 28
Nodes: 16 129 137 231 262 337 457 483 573 603 606 613 614 635 772 914 932 975 981
Compactness: 705.279518
Weights: 253.000000 4368.000000 1185.000000
Center Node: 483

District 29
Nodes: 66 136 152 198 209 213 298 362 430 458 472 542 559 615 624 735 827 878 920 967
Compactness: 967.651204
Weights: 224.000000 4407.000000 1292.000000
Center Node: 624

District 30
Nodes: 23 230 331 336 388 426 445 469 491 496 546 626 638 763 777 793 848 931 952 993
Compactness: 1224.098465
Weights: 218.000000 4142.000000 1246.000000
Center Node: 931

District 31
Nodes: 26 100 185 186 223 232 241 255 324 363 369 385 401 411 467 508 513 596 625 723 732 767 925
Compactness: 2452.326504
Weights: 291.000000 4020.000000 1366.000000
Center Node: 241

District 32
Nodes: 13 47 67 115 172 199 328 342 368 399 419 463 495 639 657 671 678 756 757 822
Compactness: 926.941242
Weights: 262.000000 4467.000000 1149.000000
Center Node: 419

District 33
Nodes: 22 85 109 128 244 253 261 302 375 398 421 447 500 598 616 627 766 898 911 944
Compactness: 1105.859657
Weights: 259.000000 4630.000000 1131.000000
Center Node: 447

District 34
Nodes: 34 48 77 92 119 361 376 433 479 525 529 641 646 865 887
Compactness: 868.880934
Weights: 190.000000 4426.000000 1078.000000
Center Node: 376

District 35
Nodes: 50 88 135 145 158 179 202 248 271 341 393 459 465 497 578 587 731 736 801 842 891
Compactness: 1227.666228
Weights: 291.000000 4487.000000 1169.000000
Center Node: 891

District 36
Nodes: 52 148 161 183 192 225 278 532 540 575 577 583 737 769 796 802 830 844 899 942 961
Compactness: 1090.992054
Weights: 236.000000 4222.000000 1221.000000
Center Node: 737

District 37
Nodes: 5 55 134 147 156 243 318 340 461 502 530 561 592 652 668 855 881 884 901 904 928
Compactness: 1396.185709
Weights: 243.000000 4426.000000 1252.000000
Center Node: 530

District 38
Nodes: 174 233 238 440 471 506 526 632 664 675 699 846 853 880 896 940 957 983 984
Compactness: 1660.421315
Weights: 263.000000 4037.000000 1108.000000
Center Node: 896

District 39
Nodes: 35 80 105 178 237 259 343 365 451 456 544 553 643 653 741 825 843 910 938
Compactness: 1171.226511
Weights: 256.000000 4197.000000 1267.000000
Center Node: 741

District 40
Nodes: 11 27 45 59 82 167 181 197 210 240 263 322 347 396 499 524 621 686 759 808 935 969
Compactness: 1097.139866
Weights: 258.000000 4206.000000 1511.000000
Center Node: 167

District 41
Nodes: 69 143 196 258 268 276 311 345 462 482 507 512 537 570 602 728 750 819 826 998
Compactness: 1396.958726
Weights: 253.000000 4267.000000 1234.000000
Center Node: 196

District 42
Nodes: 38 62 76 78 149 204 279 288 299 317 326 378 397 413 431 444 533 870 873 882 945 951
Compactness: 1102.952618
Weights: 256.000000 3921.000000 1337.000000
Center Node: 397

District 43
Nodes: 72 106 130 133 212 256 283 360 391 564 580 589 605 608 665 702 780 876 895
Compactness: 966.492086
Weights: 194.000000 4241.000000 1283.000000
Center Node: 391

District 44
Nodes: 2 20 21 54 112 141 211 257 270 307 455 474 590 666 677 679 806 807 868 965
Compactness: 1034.667554
Weights: 257.000000 4418.000000 1126.000000
Center Node: 21

District 45
Nodes: 29 111 113 121 206 245 285 312 402 448 538 576 683 694 787 900 907 970
Compactness: 1171.504144
Weights: 193.000000 4230.000000 1306.000000
Center Node: 206

District 46
Nodes: 73 94 162 163 165 170 205 217 292 383 450 478 492 548 549 552 599 611 712 717 869 989 991
Compactness: 1297.679971
Weights: 249.000000 4318.000000 1268.000000
Center Node: 869

District 47
Nodes: 160 180 226 239 274 333 384 386 405 484 519 555 563 593 612 658 749 758 762 946 949
Compactness: 2052.091887
Weights: 260.000000 4456.000000 1217.000000
Center Node: 762

District 48
Nodes: 33 155 159 188 214 215 219 350 373 390 452 541 568 660 707 747 919 943 976 979 986
Compactness: 1161.854565
Weights: 253.000000 4304.000000 1130.000000
Center Node: 976

District 49
Nodes: 36 42 61 89 250 356 381 428 453 545 569 663 693 753 775 784 824 850 930 955
Compactness: 1236.042571
Weights: 259.000000 4417.000000 1283.000000
Center Node: 61

District 50
Nodes: 17 18 108 116 123 193 280 319 414 514 521 607 618 682 690 797 821 874 875 894 936
Compactness: 1447.384581
Weights: 226.000000 4423.000000 1129.000000
Center Node: 116
