BalanceViolation 21096.261000
AffinityLoss 3887.000000
Compactness 119222.602741

District 1
Nodes: 135 215 239 373 483 514 544 548 571 606 624 685 705 712 732 743 773 804 826 845 871 887 938 1129 1161 1293 1297 1329 1380 1474 1486 1555 1570 1607 1682 1694 1716 1734 1777 1894 1904
Compactness: 2240.254887
Weights: 474.000000 8168.000000 2528.000000
Center Node: 1894

District 2
Nodes: 38 115 121 151 162 166 231 237 260 314 432 440 541 543 579 626 670 676 682 720 737 862 920 940 970 990 1002 1004 1010 1023 1247 1251 1326 1401 1434 1471 1518 1525 1703 1783 1930
Compactness: 6352.957216
Weights: 507.000000 8653.000000 2208.000000
Center Node: 1004

District 3
Nodes: 3 124 147 313 363 454 465 477 493 517 637 672 780 874 942 959 965 1120 1242 1294 1431 1452 1533 1549 1572 1665 1711 1786 1787 1808 1935 1970
Compactness: 1395.870122
Weights: 393.000000 6983.000000 2088.000000
Center Node: 780

District 4
Nodes: 1 41 45 132 154 164 233 248 296 303 307 317 400 466 578 591 610 621 641 678 785 833 858 863 947 967 972 1000 1005 1033 1072 1176 1231 1237 1295 1318 1376 1417 1445 1485 1617 1658 1796 1936 1975
Compactness: 2997.647634
Weights: 519.000000 8880.000000 2553.000000
Center Node: 591

District 5
Nodes: 2 24 25 44 152 319 359 361 415 450 484 520 526 569 593 600 649 706 747 891 914 1020 1028 1118 1119 1197 1317 1375 1496 1508 1645 1659 1739 1818 1875 1895 1946 1976
Compactness: 2563.430814
Weights: 435.000000 8754.000000 2238.000000
Center Node: 891

District 6
Nodes: 18 63 100 170 194 198 320 339 353 397 425 469 646 654 675 765 769 777 820 908 934 986 1011 1017 1051 1067 1107 1160 1209 1223 1232 1284 1349 1362 1391 1478 1495 1540 1559 1577 1589 1683 1709 1725 1737 1989
Compactness: 2453.737104
Weights: 547.000000 8793.000000 2431.000000
Center Node: 397

District 7
Nodes: 109 188 203 277 443 671 713 774 798 817 840 865 911 924 1110 1150 1151 1174 1368 1378 1386 1469 1473 1553 1625 1627 1632 1641 1720 1742 1768 1882 1990
Compactness: 1478.581483
Weights: 422.000000 7158.000000 1998.000000
Center Node: 443

District 8
Nodes: 108 174 220 222 263 275 290 328 350 462 478 558 561 631 643 690 695 860 886 974 985 1210 1327 1372 1377 1398 1407 1455 1521 1530 1547 1560 1623 1650 1713 1744 1763 1819 1822 1863 1966
Compactness: 2952.138610
Weights: 538.000000 9040.000000 2249.000000
Center Node: 1623

District 9
Nodes: 89 98 139 149 161 240 244 261 329 340 370 383 403 557 576 582 592 645 796 852 921 1019 1022 1039 1043 1272 1304 1306 1347 1364 1366 1408 1427 1430 1597 1654 1747 1774 1781 1789 1815 1889 1987
Compactness: 2405.774473
Weights: 513.000000 9089.000000 2478.000000
Center Node: 1347

District 10
Nodes: 55 69 76 80 141 236 284 381 446 460 480 507 534 554 573 580 613 660 818 866 900 950 1060 1147 1167 1277 1310 1319 1387 1416 1456 1601 1745 1788 1814 1893 1939 1947 1998
Compactness: 2167.374425
Weights: 467.000000 7896.000000 2205.000000
Center Node: 534

District 11
Nodes: 29 37 53 64 96 183 224 232 273 348 584 668 696 699 857 876 926 928 943 992 1050 1082 1098 1111 1113 1141 1153 1261 1267 1275 1303 1396 1483 1517 1580 1613 1678 1700 1702 1802 1813 1877 1878
Compactness: 2819.248343
Weights: 548.000000 8422.000000 2556.000000
Center Node: 1517

District 12
Nodes: 30 128 138 197 212 283 323 437 452 468 722 763 778 808 813 843 847 893 932 983 1100 1127 1159 1274 1296 1321 1586 1636 1663 1698 1707 1756 1840 1870 1871 1898 1905 1983
Compactness: 1916.514789
Weights: 429.000000 8695.000000 2244.000000
Center Node: 1663

District 13
Nodes: 16 22 105 167 228 255 304 342 433 451 463 521 605 611 684 724 799 854 869 894 895 1061 1138 1189 1200 1219 1463 1501 1639 1749 1770 1772 1778 1793 1827 1846 1922 1941 1984
Compactness: 2272.925137
Weights: 469.000000 8714.000000 2265.000000
Center Node: 1922

District 14
Nodes: 66 78 94 114 117 118 126 133 191 199 206 238 426 492 629 708 758 770 834 848 855 856 966 1030 1059 1093 1102 1144 1165 1191 1207 1280 1301 1352 1438 1482 1484 1612 1657 1686 1688 1708 1761 1828 1857 1887
Compactness: 2844.465250
Weights: 507.000000 8328.000000 2414.000000
Center Node: 66

District 15
Nodes: 0 27 142 301 305 310 322 324 332 352 362 382 503 545 565 587 656 709 715 736 791 801 1055 1213 1227 1314 1348 1385 1534 1552 1622 1646 1648 1652 1723 1740 1741 1823 1868 1942
Compactness: 2149.669828
Weights: 475.000000 8738.000000 2392.000000
Center Node: 736

District 16
Nodes: 67 176 189 268 325 375 405 423 473 510 513 524 533 559 567 590 602 652 679 692 726 754 795 889 931 993 1095 1112 1252 1350 1405 1453 1575 1581 1695 1762 1791 1885 1916 1961 1969 1991 1992 1996
Compactness: 2450.511884
Weights: 516.000000 8728.000000 2496.000000
Center Node: 1095

District 17
Nodes: 43 144 150 245 360 367 783 792 827 892 901 903 944 994 1018 1099 1117 1155 1216 1332 1333 1341 1345 1399 1458 1459 1462 1481 1488 1545 1568 1574 1588 1590 1718 1748 1775 1792 1841 1876
Compactness: 2354.255684
Weights: 459.000000 7856.000000 2500.000000
Center Node: 43

District 18
Nodes: 14 19 62 251 294 297 386 388 401 511 609 627 628 710 742 830 838 842 844 913 1077 1246 1279 1302 1324 1334 1358 1360 1393 1420 1563 1584 1616 1619 1634 1670 1767 1842 1869 1899 1927 1993
Compactness: 3423.757154
Weights: 455.000000 8147.000000 2367.000000
Center Node: 1616

District 19
Nodes: 9 54 165 186 210 295 335 354 406 420 428 445 470 495 502 550 615 657 797 807 853 868 904 910 923 951 1026 1108 1131 1205 1206 1249 1286 1343 1390 1504 1505 1528 1638 1710 1850 1900 1937
Compactness: 2576.805344
Weights: 505.000000 10062.000000 2561.000000
Center Node: 1206

District 20
Nodes: 12 72 131 173 180 259 410 461 474 500 575 620 745 850 981 1006 1032 1044 1105 1124 1152 1236 1287 1311 1344 1370 1440 1531 1585 1596 1603 1653 1675 1779 1847 1854 1859 1862 1864 1912 1981 1997
Compactness: 2232.727612
Weights: 507.000000 8757.000000 2276.000000
Center Node: 180

District 21
Nodes: 101 157 209 271 334 357 390 413 435 505 572 622 644 702 756 757 779 805 810 875 907 927 1048 1094 1146 1258 1300 1325 1397 1461 1468 1522 1536 1566 1608 1666 1697 1699 1715 1751 1804 1892 1896
Compactness: 2396.984227
Weights: 518.000000 8825.000000 2092.000000
Center Node: 1892

District 22
Nodes: 5 39 50 111 185 216 365 441 498 501 527 603 616 665 681 697 714 925 935 979 989 1012 1013 1074 1085 1190 1198 1263 1307 1447 1479 1493 1500 1535 1551 1578 1611 1626 1637 1712 1812
Compactness: 2410.454994
Weights: 509.000000 9033.000000 2427.000000
Center Node: 1013

District 23
Nodes: 52 58 70 77 171 184 204 230 374 387 623 651 749 753 781 916 1101 1143 1183 1192 1238 1248 1257 1276 1291 1346 1354 1361 1381 1382 1449 1480 1511 1726 1780 1798 1860 1928 1982
Compactness: 2512.722326
Weights: 415.000000 8101.000000 2408.000000
Center Node: 623

District 24
Nodes: 7 123 201 344 355 364 411 422 535 608 612 669 694 718 738 755 864 941 960 1062 1139 1203 1214 1278 1312 1337 1384 1392 1428 1514 1524 1564 1600 1642 1662 1667 1680 1690 1832 1907 1926 1938 1949
Compactness: 2685.536502
Weights: 514.000000 8953.000000 2444.000000
Center Node: 1337

District 25
Nodes: 20 86 112 178 187 225 333 399 471 506 538 547 552 619 693 788 872 873 878 880 1035 1040 1045 1052 1070 1128 1162 1163 1184 1187 1221 1264 1289 1290 1415 1516 1554 1668 1704 1705 1776 1801 1838 1866 1917 1957
Compactness: 4143.827683
Weights: 577.000000 8835.000000 2794.000000
Center Node: 1704

District 26
Nodes: 15 90 182 254 274 312 347 369 427 487 542 636 688 728 816 939 945 953 978 1001 1057 1069 1078 1136 1168 1266 1357 1367 1374 1383 1394 1395 1410 1464 1537 1542 1766 1769 1785 1853 1920 1929 1931
Compactness: 2015.569386
Weights: 547.000000 8762.000000 2313.000000
Center Node: 688

District 27
Nodes: 4 6 85 168 287 337 345 351 372 412 431 459 486 546 635 683 723 746 752 771 772 800 896 906 936 997 1081 1121 1125 1133 1180 1220 1239 1260 1460 1507 1556 1732 1736 1738 1858 1891 1903 1960
Compactness: 2651.597120
Weights: 513.000000 9569.000000 2240.000000
Center Node: 723

District 28
Nodes: 153 190 218 247 250 331 338 356 481 703 719 839 949 968 1047 1056 1088 1090 1123 1202 1282 1418 1442 1448 1523 1567 1610 1633 1649 1655 1681 1691 1693 1701 1714 1721 1809 1835 1914 1956 1965
Compactness: 2348.257886
Weights: 453.000000 7546.000000 2450.000000
Center Node: 250

District 29
Nodes: 8 34 95 148 200 326 384 418 504 508 633 664 727 787 812 890 933 954 962 977 1145 1148 1149 1164 1181 1262 1288 1411 1433 1439 1497 1498 1546 1558 1609 1624 1679 1729 1731 1750 1765 1873 1908 1910
Compactness: 2380.097350
Weights: 566.000000 8751.000000 2685.000000
Center Node: 1873

District 30
Nodes: 17 51 103 272 293 380 499 551 570 674 885 1003 1058 1064 1065 1241 1265 1403 1512 1757 1795 1849 1911
Compactness: 770.378757
Weights: 287.000000 4170.000000 1340.000000
Center Node: 1265

District 31
Nodes: 32 91 136 177 205 223 262 395 398 408 630 647 659 734 775 814 836 883 963 969 984 1084 1096 1109 1166 1172 1195 1450 1465 1509 1660 1743 1826 1829 1856 1909 1915 1932 1951 1971 1986
Compactness: 2120.898700
Weights: 545.000000 8682.000000 2366.000000
Center Node: 408

District 32
Nodes: 28 49 92 97 155 243 280 407 409 497 528 532 581 707 730 789 851 948 958 961 980 1142 1156 1170 1228 1355 1412 1419 1532 1591 1593 1595 1644 1676 1717 1760 1831 1837 1925 1950 1959 1978
Compactness: 2174.452248
Weights: 563.000000 8410.000000 2483.000000
Center Node: 97

District 33
Nodes: 26 46 75 83 158 163 202 256 306 315 391 522 537 563 595 601 733 761 786 828 849 882 915 917 1092 1140 1208 1285 1435 1491 1502 1879
Compactness: 1423.578385
Weights: 359.000000 6721.000000 2105.000000
Center Node: 786

District 34
Nodes: 40 116 125 160 172 211 213 389 429 434 494 518 589 597 614 625 721 859 881 899 930 1038 1106 1196 1226 1305 1340 1389 1539 1571 1592 1672 1673 1689 1773 1810 1825 1881 1919 1944
Compactness: 2387.359057
Weights: 502.000000 8890.000000 2249.000000
Center Node: 518

District 35
Nodes: 11 21 31 61 93 193 270 316 318 378 424 449 458 516 568 607 767 922 964 1024 1054 1122 1281 1283 1299 1315 1342 1413 1422 1451 1576 1594 1628 1806 1836 1843 1924 1933 1967
Compactness: 2203.813519
Weights: 476.000000 8650.000000 2427.000000
Center Node: 31

District 36
Nodes: 74 99 129 159 175 227 246 257 286 288 298 358 392 444 588 639 663 686 704 829 929 1007 1016 1071 1086 1103 1130 1268 1338 1421 1544 1651 1753 1807 1811 1833 1852 1867
Compactness: 2357.399221
Weights: 499.000000 8395.000000 2222.000000
Center Node: 288

District 37
Nodes: 65 234 265 311 327 343 416 447 485 556 751 884 1027 1031 1204 1269 1298 1404 1429 1520 1569 1620 1656 1706 1754 1758 1834 1952 1964
Compactness: 1309.325264
Weights: 326.000000 6024.000000 1433.000000
Center Node: 1269

District 38
Nodes: 57 71 134 156 195 281 285 376 393 453 455 464 509 515 539 585 618 662 673 793 825 995 1158 1173 1222 1335 1388 1432 1487 1615 1629 1839 1848 1865 1880 1888 1973 1977 1999
Compactness: 1978.996563
Weights: 427.000000 8749.000000 2215.000000
Center Node: 1629

District 39
Nodes: 68 143 229 249 258 279 394 402 404 448 490 491 599 667 759 802 870 909 918 937 971 991 1076 1083 1115 1134 1185 1243 1244 1292 1351 1414 1437 1647 1661 1685 1719 1797 1906 1979
Compactness: 2488.533240
Weights: 483.000000 8749.000000 2475.000000
Center Node: 1906

District 40
Nodes: 87 192 208 252 266 336 519 525 661 735 744 832 837 905 976 1015 1021 1025 1037 1097 1126 1135 1199 1229 1230 1256 1308 1320 1472 1543 1550 1579 1752 1759 1800 1830 1874 1995
Compactness: 2418.671489
Weights: 443.000000 7730.000000 2213.000000
Center Node: 1230

District 41
Nodes: 79 81 127 145 146 308 309 371 396 414 476 530 574 634 658 701 762 764 766 803 806 888 898 956 1014 1080 1114 1132 1171 1177 1188 1193 1215 1218 1271 1322 1371 1457 1477 1643 1733 1771 1943 1968
Compactness: 2691.066379
Weights: 442.000000 8724.000000 2847.000000
Center Node: 1771

District 42
Nodes: 104 106 130 179 241 488 529 536 650 655 687 740 811 819 879 975 1053 1087 1091 1137 1186 1211 1259 1313 1330 1402 1426 1436 1443 1444 1476 1489 1492 1513 1526 1538 1599 1687 1755 1794 1824 1901 1972
Compactness: 2290.912647
Weights: 493.000000 8133.000000 2381.000000
Center Node: 1794

District 43
Nodes: 35 110 119 137 140 207 226 349 439 555 594 632 648 794 897 1036 1046 1073 1194 1225 1331 1369 1373 1499 1562 1606 1614 1618 1640 1671 1674 1684 1722 1816 1861 1872 1883 1923 1948 1962 1974
Compactness: 2338.391341
Weights: 483.000000 10007.000000 2458.000000
Center Node: 1861

District 44
Nodes: 23 84 107 169 196 235 276 289 346 377 417 430 596 640 653 725 768 782 824 835 841 973 1029 1042 1063 1066 1406 1424 1441 1541 1565 1602 1664 1940 1963
Compactness: 1851.379903
Weights: 401.000000 7899.000000 2299.000000
Center Node: 107

District 45
Nodes: 33 48 73 113 120 366 385 438 496 531 553 583 586 689 711 717 815 919 955 996 1049 1068 1154 1182 1201 1212 1234 1250 1273 1316 1339 1363 1506 1515 1519 1561 1583 1746 1845
Compactness: 2187.851916
Weights: 478.000000 7963.000000 2258.000000
Center Node: 366

District 46
Nodes: 10 47 59 214 217 242 300 368 442 467 475 489 523 566 617 691 952 1157 1217 1233 1255 1270 1309 1336 1353 1423 1503 1529 1621 1631 1669 1677 1790 1821 1851 1886 1921 1958 1980
Compactness: 2142.444608
Weights: 458.000000 7987.000000 2301.000000
Center Node: 1309

District 47
Nodes: 56 60 82 88 219 264 282 292 330 341 419 421 560 598 666 700 776 784 809 867 902 912 982 988 1104 1175 1235 1240 1254 1356 1466 1548 1598 1604 1605 1735 1799 1897 1902 1934 1954 1994
Compactness: 2475.422219
Weights: 517.000000 7981.000000 2612.000000
Center Node: 776

District 48
Nodes: 13 122 221 253 269 291 302 379 472 549 577 642 677 680 748 821 861 1328 1365 1446 1527 1573 1582 1692 1696 1724 1803 1805 1913 1955 1988
Compactness: 1502.615407
Weights: 415.000000 6899.000000 1782.000000
Center Node: 1805

District 49
Nodes: 36 42 102 267 278 482 512 562 564 638 698 716 729 741 750 760 823 946 998 1008 1034 1041 1079 1116 1169 1253 1323 1425 1467 1470 1475 1494 1510 1557 1730 1764 1820 1884 1890 1918 1945 1985
Compactness: 2392.037476
Weights: 507.000000 8773.000000 2210.000000
Center Node: 102

District 50
Nodes: 181 299 321 436 456 457 479 540 604 731 739 790 822 831 846 877 957 987 999 1009 1075 1089 1178 1179 1224 1245 1359 1379 1400 1409 1454 1490 1587 1630 1635 1727 1728 1782 1784 1817 1844 1855 1953
Compactness: 2123.379136
Weights: 523.000000 8738.000000 2491.000000
Center Node: 999
