BalanceViolation 7135.148000
AffinityLoss 912.000000
Compactness 28103.299411

District 1
Nodes: 35 136 225 234 238 278 366 471
Compactness: 202.582887
Weights: 109.000000 2270.000000 382.000000
Center Node: 278

District 2
Nodes: 4 50 146 265 271 296 330 337 358 362 372 465 495
Compactness: 926.009657
Weights: 154.000000 2189.000000 824.000000
Center Node: 50

District 3
Nodes: 32 58 75 287 392 393 431 441 447 468 487
Compactness: 764.139825
Weights: 122.000000 2124.000000 558.000000
Center Node: 447

District 4
Nodes: 19 65 73 79 112 177 241 249 306 428 473
Compactness: 902.600979
Weights: 144.000000 2223.000000 649.000000
Center Node: 65

District 5
Nodes: 59 71 93 95 220 332 375 401 418 435
Compactness: 604.137705
Weights: 124.000000 2144.000000 613.000000
Center Node: 375

District 6
Nodes: 0 25 43 97 117 173 176 239
Compactness: 381.744584
Weights: 103.000000 1476.000000 590.000000
Center Node: 97

District 7
Nodes: 18 89 163 226 258 304 322 351 369 450 460
Compactness: 772.907182
Weights: 119.000000 2365.000000 562.000000
Center Node: 89

District 8
Nodes: 33 44 66 165 169 186 193 209 236 288 314 352 361 424
Compactness: 1008.565141
Weights: 168.000000 2204.000000 868.000000
Center Node: 209

District 9
Nodes: 9 23 47 86 156 167 187 219 261 310 403
Compactness: 575.208253
Weights: 111.000000 1986.000000 635.000000
Center Node: 156

District 10
Nodes: 13 72 181 309 318 348 437 439 486
Compactness: 440.731976
Weights: 131.000000 2225.000000 572.000000
Center Node: 13

District 11
Nodes: 42 99 128 201 251 255 343 427 434
Compactness: 343.055005
Weights: 91.000000 2016.000000 645.000000
Center Node: 343

District 12
Nodes: 82 155 158 192 237 277 363 483 485
Compactness: 550.550971
Weights: 137.000000 2340.000000 515.000000
Center Node: 485

District 13
Nodes: 17 81 139 315 325 414 436 482 491
Compactness: 448.486512
Weights: 114.000000 2358.000000 570.000000
Center Node: 139

District 14
Nodes: 161 211 212 221 233 243 317 391 455 474
Compactness: 593.715225
Weights: 125.000000 1427.000000 552.000000
Center Node: 474

District 15
Nodes: 30 34 113 180 232 267 400 451 481
Compactness: 463.412282
Weights: 113.000000 2367.000000 612.000000
Center Node: 30

District 16
Nodes: 8 103 198 282 341 373 389 390 394 430 476 488
Compactness: 742.717817
Weights: 133.000000 2224.000000 609.000000
Center Node: 394

District 17
Nodes: 10 70 96 115 121 188 276 397 443
Compactness: 405.724325
Weights: 137.000000 2161.000000 580.000000
Center Node: 188

District 18
Nodes: 27 45 78 84 138 142 316 353 376
Compactness: 298.558860
Weights: 97.000000 2201.000000 628.000000
Center Node: 45

District 19
Nodes: 55 64 114 124 125 145 388 426 438 472 484
Compactness: 613.647054
Weights: 139.000000 2217.000000 501.000000
Center Node: 472

District 20
Nodes: 131 148 196 205 222 227 320 368
Compactness: 340.490008
Weights: 117.000000 1920.000000 429.000000
Center Node: 148

District 21
Nodes: 1 28 106 154 216 218 253 289 433 445 452 497
Compactness: 615.486273
Weights: 118.000000 2278.000000 600.000000
Center Node: 253

District 22
Nodes: 20 26 116 179 231 240 246 285 396
Compactness: 418.883110
Weights: 108.000000 2139.000000 598.000000
Center Node: 231

District 23
Nodes: 16 51 67 111 119 235 252 404 432 494
Compactness: 298.365739
Weights: 114.000000 2221.000000 675.000000
Center Node: 51

District 24
Nodes: 92 199 312 336 339 342 365 411 444
Compactness: 332.751032
Weights: 119.000000 2265.000000 480.000000
Center Node: 444

District 25
Nodes: 31 54 62 77 191 204 260 399 463
Compactness: 594.924843
Weights: 122.000000 1634.000000 681.000000
Center Node: 77

District 26
Nodes: 2 46 53 85 164 178 189 242 377 381 383 408
Compactness: 475.738748
Weights: 144.000000 2231.000000 553.000000
Center Node: 2

District 27
Nodes: 122 135 194 203 215 272 284 311 420 467
Compactness: 747.554275
Weights: 135.000000 2238.000000 586.000000
Center Node: 194

District 28
Nodes: 40 41 133 153 159 208 223 283 423 459
Compactness: 607.483303
Weights: 108.000000 2176.000000 559.000000
Center Node: 41

District 29
Nodes: 52 207 213 299 333 335 379 409 410 415 440
Compactness: 1103.186808
Weights: 118.000000 1993.000000 739.000000
Center Node: 207

District 30
Nodes: 12 60 90 123 386 419 470
Compactness: 251.998278
Weights: 94.000000 1061.000000 414.000000
Center Node: 90

District 31
Nodes: 100 129 162 175 182 200 293 346 349 374 454 498
Compactness: 849.663515
Weights: 143.000000 2095.000000 578.000000
Center Node: 100

District 32
Nodes: 6 22 183 195 256 334 378 461 462 493
Compactness: 812.630455
Weights: 131.000000 2072.000000 576.000000
Center Node: 6

District 33
Nodes: 5 57 168 190 291 313 350 367 371 380 478 480
Compactness: 584.787968
Weights: 142.000000 2186.000000 678.000000
Center Node: 5

District 34
Nodes: 83 87 88 118 144 184 250 305 319
Compactness: 312.854379
Weights: 72.000000 2320.000000 560.000000
Center Node: 87

District 35
Nodes: 3 160 166 174 245 263 274 303 307
Compactness: 439.379297
Weights: 102.000000 2304.000000 423.000000
Center Node: 307

District 36
Nodes: 11 127 143 152 244 273 295 298 429 442
Compactness: 638.347120
Weights: 113.000000 2190.000000 606.000000
Center Node: 143

District 37
Nodes: 101 105 151 202 229 248 331 364 405 449
Compactness: 550.154571
Weights: 138.000000 2086.000000 534.000000
Center Node: 202

District 38
Nodes: 7 141 157 185 259 301 321 338 354 422 446
Compactness: 518.581075
Weights: 124.000000 2364.000000 516.000000
Center Node: 321

District 39
Nodes: 24 29 49 56 120 210 269 270 302 387 412
Compactness: 375.197097
Weights: 137.000000 2380.000000 586.000000
Center Node: 56

District 40
Nodes: 14 130 132 149 247 268 329 345 355 413 489
Compactness: 697.150566
Weights: 118.000000 2155.000000 749.000000
Center Node: 329

District 41
Nodes: 15 38 61 217 275 286 328 360 479
Compactness: 474.080528
Weights: 121.000000 2187.000000 722.000000
Center Node: 15

District 42
Nodes: 21 104 107 110 137 214 344 402 406
Compactness: 360.679030
Weights: 110.000000 2111.000000 658.000000
Center Node: 406

District 43
Nodes: 69 108 262 264 280 384 456 464 477
Compactness: 262.438364
Weights: 122.000000 2039.000000 636.000000
Center Node: 464

District 44
Nodes: 48 63 266 308 327 359 370 425 448 469 496
Compactness: 758.559483
Weights: 144.000000 2280.000000 611.000000
Center Node: 308

District 45
Nodes: 68 74 76 134 150 279 297 385 398 458
Compactness: 625.647402
Weights: 140.000000 2066.000000 593.000000
Center Node: 385

District 46
Nodes: 37 94 140 171 281 294 382 466 475
Compactness: 469.272762
Weights: 109.000000 2195.000000 554.000000
Center Node: 382

District 47
Nodes: 39 147 172 257 292 326 395 421 453 499
Compactness: 454.579269
Weights: 145.000000 1641.000000 582.000000
Center Node: 292

District 48
Nodes: 80 91 109 224 228 254 300 457 492
Compactness: 807.335311
Weights: 127.000000 1939.000000 499.000000
Center Node: 80

District 49
Nodes: 36 102 126 170 197 290 416 417 490
Compactness: 571.963582
Weights: 103.000000 2012.000000 643.000000
Center Node: 490

District 50
Nodes: 98 206 230 323 324 340 347 356 357 407
Compactness: 714.638981
Weights: 123.000000 2423.000000 431.000000
Center Node: 98
