BalanceViolation 1767.695000
AffinityLoss 859.000000
Compactness 50629.165324

District 1
Nodes: 59 71 95 127 133 143 152 153 159 220 223 244 245 273 274 283 295 303 307 394 423 435 442 459
Compactness: 2322.979204
Weights: 302.000000 5488.000000 1404.000000
Center Node: 152

District 2
Nodes: 35 78 131 136 147 148 151 172 196 202 222 225 227 234 278 292 320 326 331 364 366 368 405 421 449 499
Compactness: 2381.328654
Weights: 356.000000 5528.000000 1414.000000
Center Node: 421

District 3
Nodes: 32 37 58 75 94 122 140 171 194 272 281 284 287 294 382 392 393 402 431 441 447 466 468 475 487
Compactness: 1909.347540
Weights: 304.000000 5124.000000 1455.000000
Center Node: 475

District 4
Nodes: 19 26 64 65 73 79 102 112 114 116 125 170 175 177 179 197 231 240 241 246 249 306 417 428 473 490
Compactness: 3128.744814
Weights: 294.000000 5436.000000 1548.000000
Center Node: 102

District 5
Nodes: 2 4 5 46 50 53 57 85 146 189 242 296 330 337 350 358 362 367 371 372 381 383 408 465 478 495
Compactness: 2319.302204
Weights: 289.000000 4442.000000 1569.000000
Center Node: 478

District 6
Nodes: 6 10 20 22 33 66 126 165 169 183 186 209 256 264 280 285 288 314 334 352 361 396 416 424 462 464 477
Compactness: 2833.427432
Weights: 322.000000 5055.000000 1674.000000
Center Node: 424

District 7
Nodes: 7 98 141 157 206 226 230 259 301 304 321 322 338 340 347 354 357 369 407 422 446 460 481
Compactness: 2988.530196
Weights: 273.000000 5237.000000 1054.000000
Center Node: 369

District 8
Nodes: 0 16 27 45 80 83 84 91 97 101 117 119 142 144 173 176 224 229 300 316 353 404 432 457 492 494
Compactness: 2305.132841
Weights: 309.000000 5449.000000 1506.000000
Center Node: 432

District 9
Nodes: 9 15 23 47 52 86 135 156 187 203 204 207 215 219 261 286 310 311 335 360 379 403 420 440 463 467 479
Compactness: 2851.519023
Weights: 309.000000 5114.000000 1604.000000
Center Node: 310

District 10
Nodes: 14 42 99 128 130 132 149 164 167 178 191 201 247 251 255 268 299 333 343 377 409 410 415 427 434
Compactness: 2704.981810
Weights: 273.000000 5221.000000 1673.000000
Center Node: 42

District 11
Nodes: 17 18 21 81 104 107 110 137 139 217 266 312 325 327 339 342 344 359 406 425 444 482 491 496
Compactness: 1800.191941
Weights: 284.000000 5432.000000 1427.000000
Center Node: 107

District 12
Nodes: 13 40 41 72 74 129 134 150 181 208 279 290 297 318 348 349 385 398 419 437 439 454 458 470 486
Compactness: 2463.421452
Weights: 350.000000 5478.000000 1463.000000
Center Node: 134

District 13
Nodes: 1 28 87 88 105 106 118 138 154 184 216 218 238 248 250 253 289 305 323 376 433 445 452 471 497
Compactness: 1752.655131
Weights: 263.000000 5613.000000 1399.000000
Center Node: 253

District 14
Nodes: 44 70 96 115 121 168 188 190 193 236 262 265 271 276 291 313 380 384 397 443 456 480 489
Compactness: 1643.750665
Weights: 340.000000 5107.000000 1442.000000
Center Node: 70

District 15
Nodes: 24 29 49 51 56 67 68 76 82 111 155 158 192 210 235 237 252 269 277 319 363 387 429 483 485
Compactness: 2392.176755
Weights: 325.000000 5409.000000 1561.000000
Center Node: 485

District 16
Nodes: 8 36 54 62 69 103 108 195 198 282 309 329 332 341 345 355 373 375 378 389 390 413 430 461 476 488 493
Compactness: 3033.876347
Weights: 336.000000 5045.000000 1546.000000
Center Node: 282

District 17
Nodes: 3 11 30 34 113 120 160 166 180 232 267 270 298 302 308 324 356 400 412 451 469
Compactness: 1856.510555
Weights: 247.000000 5547.000000 1281.000000
Center Node: 34

District 18
Nodes: 31 38 48 61 63 77 93 174 213 214 260 263 275 315 328 370 399 401 414 418 436 448
Compactness: 2213.631713
Weights: 264.000000 5157.000000 1578.000000
Center Node: 315

District 19
Nodes: 12 25 43 55 60 90 100 109 123 124 145 162 182 200 228 239 254 293 346 374 386 388 426 438 472 484 498
Compactness: 2368.856243
Weights: 361.000000 5382.000000 1462.000000
Center Node: 200

District 20
Nodes: 39 89 92 161 163 185 199 205 211 212 221 233 243 257 258 317 336 351 365 391 395 411 450 453 455 474
Compactness: 5358.800805
Weights: 331.000000 5454.000000 1454.000000
Center Node: 161
