BalanceViolation 12934.505000
AffinityLoss 875.000000
Compactness 44997.317013

District 1
Nodes: 25 32 41 44 47 78 85 87 90 94 106 132 135 162 179 259 270 338 368 387 388 425 464 471
Compactness: 2254.733688
Weights: 247.000000 5713.000000 1364.000000
Center Node: 162

District 2
Nodes: 10 15 19 38 49 57 73 75 98 109 145 155 218 228 236 258 279 287 295 312 347 390 392 406 408 410 418 429 458 473
Compactness: 3200.152372
Weights: 393.000000 5309.000000 1749.000000
Center Node: 145

District 3
Nodes: 21 33 82 84 88 95 99 111 113 150 152 167 172 183 211 234 252 260 265 269 292 335 342 413 414 432 478
Compactness: 2567.700733
Weights: 322.000000 4823.000000 1400.000000
Center Node: 265

District 4
Nodes: 24 28 61 80 117 174 188 192 210 220 230 337 357 386 404 417 421
Compactness: 856.558129
Weights: 206.000000 4083.000000 962.000000
Center Node: 174

District 5
Nodes: 6 17 18 31 77 102 142 153 164 248 267 271 281 285 310 315 331 332 359 361 409 444 465 466 477 485 497
Compactness: 2159.315085
Weights: 339.000000 5189.000000 1461.000000
Center Node: 409

District 6
Nodes: 11 12 35 45 56 66 79 107 116 138 143 146 149 158 159 181 193 195 196 197 257 264 277 284 311 341 348 349 376 395 456 457 468 482 498
Compactness: 3074.755293
Weights: 416.000000 6124.000000 1928.000000
Center Node: 35

District 7
Nodes: 8 22 48 51 53 54 65 112 151 154 185 189 198 219 229 237 288 305 316 403 446 449 492
Compactness: 1901.553627
Weights: 284.000000 4616.000000 1400.000000
Center Node: 112

District 8
Nodes: 42 52 125 126 127 169 182 239 240 246 318 320 326 333 373 411 436 448 469 491 494
Compactness: 1816.023370
Weights: 221.000000 4430.000000 1350.000000
Center Node: 411

District 9
Nodes: 0 1 4 60 72 105 115 130 144 165 190 225 263 268 276 278 282 283 319 323 329 340 372 379 381 385 424 428 437 447 479 484 486 496
Compactness: 4046.117255
Weights: 371.000000 5890.000000 1719.000000
Center Node: 379

District 10
Nodes: 5 20 120 124 178 199 200 206 207 216 241 262 266 290 294 302 308 351 371 391 401 426 427 431 434 445 462 488 489
Compactness: 2825.235573
Weights: 331.000000 6119.000000 1905.000000
Center Node: 266

District 11
Nodes: 2 9 55 122 141 160 170 186 208 233 280 293 309 321 324 336 339 366 377 419 435 438 439 453
Compactness: 2525.103021
Weights: 280.000000 4887.000000 1565.000000
Center Node: 122

District 12
Nodes: 3 26 27 64 83 92 96 108 156 175 222 232 256 272 286 289 303 328 352 356 364 374 375 394 402 459 493
Compactness: 2541.463553
Weights: 311.000000 5979.000000 1588.000000
Center Node: 356

District 13
Nodes: 39 40 58 62 67 81 101 147 184 209 223 242 244 245 296 298 301 314 343 397 398 452 467 476
Compactness: 1987.272047
Weights: 266.000000 4796.000000 1372.000000
Center Node: 398

District 14
Nodes: 36 74 118 123 131 214 224 253 261 353 355 378 383 430 442 490 499
Compactness: 1287.818060
Weights: 197.000000 3901.000000 915.000000
Center Node: 261

District 15
Nodes: 29 50 68 91 93 103 121 128 166 203 238 275 297 330 369 382 393 399 470 483
Compactness: 1210.972937
Weights: 224.000000 4440.000000 1209.000000
Center Node: 297

District 16
Nodes: 23 30 43 59 114 119 136 161 173 177 217 226 243 249 313 334 358 360 365 384 407 420 440 450 455 474 475 495
Compactness: 2564.706931
Weights: 318.000000 5799.000000 1376.000000
Center Node: 43

District 17
Nodes: 16 97 163 180 221 227 231 250 322 325 344 345 362 367 370
Compactness: 1120.394054
Weights: 169.000000 2988.000000 849.000000
Center Node: 345

District 18
Nodes: 7 46 70 71 76 86 110 129 133 134 148 191 202 204 205 213 215 274 291 346 380 415 443 451 463 480 487
Compactness: 2785.919658
Weights: 309.000000 5311.000000 1430.000000
Center Node: 487

District 19
Nodes: 14 34 63 104 140 157 168 176 235 251 254 273 299 300 327 363 396 416 422 441 460 472 481
Compactness: 1812.511240
Weights: 265.000000 4263.000000 1404.000000
Center Node: 176

District 20
Nodes: 13 37 69 89 100 137 139 171 187 194 201 212 247 255 304 306 307 317 350 354 389 400 405 412 423 433 454 461
Compactness: 2459.010386
Weights: 320.000000 5649.000000 1545.000000
Center Node: 171
