BalanceViolation 1859.125000
AffinityLoss 1720.000000
Compactness 95100.615668

District 1
Nodes: 26 38 48 58 80 110 128 130 172 193 211 222 231 233 261 269 289 314 322 359 376 382 388 397 424 435 455 475 538 548 554 579 586 588 593 628 632 635 637 654 669 744 752 757 761 776 784 837 885 896 930 941 974 991
Compactness: 4759.213290
Weights: 612.000000 10972.000000 3036.000000
Center Node: 128

District 2
Nodes: 19 50 64 83 104 112 135 141 156 188 216 235 247 255 279 292 321 378 396 471 505 516 521 530 537 555 581 606 617 659 663 664 667 672 683 684 691 720 736 739 750 763 770 794 801 854 892 898 925 972 983 993
Compactness: 5061.740822
Weights: 629.000000 10699.000000 3045.000000
Center Node: 396

District 3
Nodes: 6 73 99 133 153 154 155 187 220 229 256 259 272 281 296 323 347 360 362 386 400 402 425 431 469 483 549 580 607 620 662 726 746 786 804 820 826 834 864 887 897 904 911 929 965 968 995
Compactness: 5163.020873
Weights: 591.000000 10094.000000 3005.000000
Center Node: 272

District 4
Nodes: 77 81 88 93 102 117 120 132 148 208 223 278 294 298 330 339 344 345 361 379 390 408 427 432 480 514 571 578 591 604 611 626 643 682 688 712 715 747 796 810 852 863 883 900 917 936 951 961 984 985 992
Compactness: 4258.819066
Weights: 625.000000 11083.000000 3029.000000
Center Node: 796

District 5
Nodes: 28 32 114 124 145 162 167 169 177 212 224 236 243 303 309 317 354 357 387 404 412 417 445 449 468 533 568 574 582 592 608 613 702 743 775 787 790 818 835 846 870 871 876 928 933 935 937
Compactness: 5750.276246
Weights: 512.000000 10260.000000 2617.000000
Center Node: 743

District 6
Nodes: 5 22 63 68 113 140 142 161 163 204 215 218 225 242 258 288 338 353 356 443 447 501 512 528 561 563 577 594 597 624 655 678 685 686 706 710 722 730 735 769 798 811 813 816 874 878 880 884 912 919 999
Compactness: 4350.013729
Weights: 614.000000 11051.000000 3068.000000
Center Node: 215

District 7
Nodes: 42 54 75 101 115 123 136 186 206 228 244 252 260 263 302 423 439 442 456 470 486 517 520 526 601 618 647 729 738 774 777 797 803 808 819 825 851 856 866 869 872 877 915 959 980 982
Compactness: 4578.415219
Weights: 507.000000 10047.000000 2437.000000
Center Node: 877

District 8
Nodes: 45 85 87 90 171 183 191 192 214 221 240 254 299 332 399 403 407 410 411 440 477 479 492 493 509 522 524 542 576 596 675 679 697 701 703 716 725 734 759 773 783 789 817 824 829 853 868 882 899 909 960 962 963
Compactness: 4783.081806
Weights: 625.000000 11009.000000 2958.000000
Center Node: 868

District 9
Nodes: 55 57 66 67 91 149 178 205 219 262 300 320 365 372 433 453 484 490 511 562 565 566 589 640 641 648 649 650 653 661 671 673 696 721 740 751 755 764 791 831 839 845 873 916 926 938 947 957 975 987
Compactness: 4377.623465
Weights: 644.000000 10203.000000 2932.000000
Center Node: 453

District 10
Nodes: 12 23 69 105 122 126 138 152 174 232 238 284 318 342 401 418 428 461 491 499 510 531 532 535 553 557 560 573 599 610 612 670 677 681 711 742 753 772 785 788 848 850 860 886 888 945 946 953 967 981 998
Compactness: 4159.153042
Weights: 658.000000 10306.000000 2749.000000
Center Node: 284

District 11
Nodes: 10 20 24 31 52 59 60 62 70 103 131 144 213 226 227 246 251 265 301 313 324 333 341 346 384 395 414 422 457 458 473 474 551 615 622 629 644 651 668 732 733 748 758 843 857 859 881 920 922 923 966 977 986
Compactness: 6331.963594
Weights: 569.000000 10950.000000 3032.000000
Center Node: 986

District 12
Nodes: 11 13 15 17 34 44 71 76 97 108 173 182 189 197 198 202 245 291 315 325 326 334 348 349 393 394 430 454 467 495 545 550 569 590 603 634 657 674 705 724 741 754 832 836 875 890 895 913 988 989
Compactness: 4009.688483
Weights: 641.000000 9231.000000 2744.000000
Center Node: 348

District 13
Nodes: 16 49 65 95 121 129 143 150 157 176 201 267 280 306 335 340 373 413 476 478 494 496 507 525 534 536 543 552 602 614 616 625 627 645 719 731 745 749 781 822 833 844 903 943 954 958 970 971 973 978
Compactness: 4493.693446
Weights: 612.000000 11145.000000 2937.000000
Center Node: 978

District 14
Nodes: 18 46 72 86 100 109 118 134 146 151 185 234 249 250 268 271 286 287 295 336 355 375 392 419 420 441 459 463 485 502 504 515 587 609 623 656 692 717 771 815 827 842 867 879 908 927 942 955 956 964 979 996
Compactness: 4660.105934
Weights: 608.000000 11060.000000 2969.000000
Center Node: 100

District 15
Nodes: 8 9 27 30 51 61 84 94 96 119 125 166 170 175 199 217 283 293 312 363 367 380 385 398 405 406 409 426 446 465 481 488 559 600 619 631 694 698 704 723 727 767 814 821 838 847 861 894 906 931 932
Compactness: 4070.349631
Weights: 602.000000 10811.000000 2970.000000
Center Node: 96

District 16
Nodes: 0 43 82 92 106 107 116 147 160 248 257 274 276 277 327 343 364 366 371 391 452 472 497 498 500 519 546 575 583 584 585 595 598 621 658 665 666 687 695 699 700 714 766 782 793 812 891 893 921
Compactness: 4364.700884
Weights: 565.000000 10196.000000 3164.000000
Center Node: 921

District 17
Nodes: 2 3 21 29 33 35 78 89 137 158 195 196 273 285 311 319 328 329 337 383 416 421 437 444 462 487 503 506 523 540 547 558 564 652 676 689 709 728 756 802 809 828 849 902 910 939 940 944 949
Compactness: 6369.666980
Weights: 549.000000 10195.000000 2984.000000
Center Node: 540

District 18
Nodes: 7 25 39 40 41 74 111 139 159 164 165 180 190 200 209 239 297 305 307 308 331 351 358 389 415 464 482 508 544 556 605 633 639 646 660 708 718 765 779 800 805 806 830 862 934 948 969 976 994
Compactness: 5233.135471
Weights: 622.000000 10937.000000 2860.000000
Center Node: 415

District 19
Nodes: 1 36 37 47 79 98 127 168 181 194 203 207 210 237 264 290 304 310 316 352 377 434 436 460 513 518 529 539 630 638 680 707 713 760 778 792 795 799 823 841 858 865 901 914 918 924 952 990 997
Compactness: 4328.593804
Weights: 711.000000 11041.000000 2760.000000
Center Node: 434

District 20
Nodes: 4 14 53 56 179 184 230 241 253 266 270 275 282 350 368 369 370 374 381 429 438 448 450 451 466 489 527 541 567 570 572 636 642 690 693 737 762 768 780 807 840 855 889 905 907 950
Compactness: 3997.359884
Weights: 523.000000 11106.000000 2848.000000
Center Node: 527
