BalanceViolation 9598.980000
AffinityLoss 1892.000000
Compactness 67497.291235

District 1
Nodes: 36 65 117 184 195 295 366 400 523 598 628 638 673 686 813 834 908 933 957 974
Compactness: 1001.321363
Weights: 248.000000 4432.000000 1052.000000
Center Node: 628

District 2
Nodes: 28 54 103 115 116 128 183 217 299 311 519 547 629 717 826 905 921 926 928 997
Compactness: 1164.793226
Weights: 213.000000 4308.000000 1185.000000
Center Node: 103

District 3
Nodes: 505 915
Compactness: 25.692823
Weights: 22.000000 436.000000 96.000000
Center Node: 505

District 4
Nodes: 13 95 122 168 264 294 355 396 423 467 476 513 580 662 699 815 836 863 865
Compactness: 1111.856041
Weights: 219.000000 4443.000000 1118.000000
Center Node: 396

District 5
Nodes: 20 83 233 270 281 383 418 504 563 571 587 590 591 666 809 869 896 945 967 969 985 995
Compactness: 1002.952290
Weights: 236.000000 4345.000000 1305.000000
Center Node: 571

District 6
Nodes: 31 55 67 79 119 134 176 194 218 416 448 640 664 685 695 707 711 778 820 847 912 947
Compactness: 1293.418500
Weights: 265.000000 4417.000000 1152.000000
Center Node: 67

District 7
Nodes: 34 72 198 223 324 343 420 445 497 553 562 581 678 708 755 758 764 844 886 968
Compactness: 1838.457848
Weights: 245.000000 4306.000000 1182.000000
Center Node: 420

District 8
Nodes: 8 44 81 99 161 167 171 196 205 252 265 357 392 601 604 647 677 725 792 814 823 989
Compactness: 4972.700497
Weights: 264.000000 4403.000000 1175.000000
Center Node: 196

District 9
Nodes: 146 174 209 219 262 268 315 358 422 424 555 606 681 703 737 754 785 807 853 976
Compactness: 1130.015143
Weights: 261.000000 4318.000000 1180.000000
Center Node: 681

District 10
Nodes: 7 69 80 126 347 404 444 469 487 597 607 645 672 747 780 806 866 916 955 975 983
Compactness: 1607.588395
Weights: 206.000000 4355.000000 1204.000000
Center Node: 69

District 11
Nodes: 19 37 51 82 84 165 181 201 210 230 334 394 397 450 471 537 623 790 900 909
Compactness: 1123.212177
Weights: 240.000000 4407.000000 1173.000000
Center Node: 165

District 12
Nodes: 199 207 312 331 442 451 454 482 492 588 663 687 710 729 791 845 942 948 952
Compactness: 1103.843495
Weights: 228.000000 4440.000000 1172.000000
Center Node: 454

District 13
Nodes: 48 75 145 255 267 447 458 486 538 560 603 626 651 661 671 684 731 787 862 936 990
Compactness: 1416.501371
Weights: 250.000000 4479.000000 998.000000
Center Node: 48

District 14
Nodes: 25 148 162 197 356 382 409 431 500 521 536 632 642 689 810 842 903 917 962
Compactness: 959.446767
Weights: 252.000000 4485.000000 1170.000000
Center Node: 356

District 15
Nodes: 39 130 152 175 178 186 256 373 401 440 459 514 518 548 634 688 879 881 901 911 930
Compactness: 1093.301462
Weights: 289.000000 4069.000000 1150.000000
Center Node: 548

District 16
Nodes: 6 53 97 107 121 139 253 304 327 399 494 535 593 595 808 827 868 884 963 965 978
Compactness: 1329.673722
Weights: 240.000000 4254.000000 1371.000000
Center Node: 868

District 17
Nodes: 22 78 88 120 179 225 414 434 464 485 502 526 541 556 576 621 762 796 856 860 904 973
Compactness: 1289.627767
Weights: 256.000000 4332.000000 1075.000000
Center Node: 973

District 18
Nodes: 1 40 73 111 157 212 224 247 359 361 391 407 408 437 499 558 620 654 659 683 714 829 841
Compactness: 1277.409010
Weights: 282.000000 3971.000000 1238.000000
Center Node: 73

District 19
Nodes: 89 308 341 352 412 517 565 568 612 650 667 716 777 779 784 857 979 986 999
Compactness: 907.363993
Weights: 240.000000 4487.000000 1162.000000
Center Node: 565

District 20
Nodes: 5 27 108 203 273 275 475 495 540 657 819 918
Compactness: 496.357556
Weights: 158.000000 1652.000000 747.000000
Center Node: 108

District 21
Nodes: 10 102 104 211 415 419 474 507 532 583 600 658 721 765 821 885 913 951 958
Compactness: 1218.417310
Weights: 228.000000 4503.000000 1127.000000
Center Node: 583

District 22
Nodes: 16 33 49 114 125 200 269 470 484 551 675 697 736 766 789 799 816 861 880 898 923 925
Compactness: 2192.203534
Weights: 262.000000 4420.000000 1184.000000
Center Node: 114

District 23
Nodes: 11 26 127 173 182 226 276 342 344 426 429 528 543 545 578 679 741 768 775 800 931
Compactness: 1262.690703
Weights: 292.000000 4287.000000 1174.000000
Center Node: 679

District 24
Nodes: 63 86 110 260 340 354 362 367 372 385 405 417 441 665 727 745 846 849 850 899 914 937 954
Compactness: 1523.019190
Weights: 346.000000 4210.000000 1225.000000
Center Node: 954

District 25
Nodes: 43 74 132 136 202 204 232 236 322 384 428 436 457 465 512 648 668 691 828 830 876 888
Compactness: 1709.641519
Weights: 257.000000 4426.000000 1095.000000
Center Node: 436

District 26
Nodes: 38 234 263 293 338 438 456 509 530 570 577 633 732 756 763 770 883 929 943
Compactness: 1119.981447
Weights: 270.000000 4382.000000 1091.000000
Center Node: 570

District 27
Nodes: 71 105 109 137 187 229 288 314 329 360 368 375 379 386 491 698 793 801 822 833 843 907 910
Compactness: 1242.023205
Weights: 278.000000 4105.000000 1287.000000
Center Node: 375

District 28
Nodes: 61 133 310 323 349 369 413 452 463 477 557 575 594 599 652 653 655 743 744
Compactness: 1168.119065
Weights: 233.000000 4397.000000 971.000000
Center Node: 599

District 29
Nodes: 93 245 280 283 303 319 321 330 443 524 574 579 615 616 625 718 738 783 953
Compactness: 1209.979445
Weights: 239.000000 4313.000000 1156.000000
Center Node: 443

District 30
Nodes: 58 96 154 222 239 271 291 305 364 498 501 546 614 639 693 712 723 855 890 993
Compactness: 1499.435797
Weights: 265.000000 4358.000000 1168.000000
Center Node: 723

District 31
Nodes: 47 118 143 150 242 258 277 376 511 542 567 605 690 692 746 761 773 797 875 935 938 960
Compactness: 1702.049156
Weights: 260.000000 4451.000000 1176.000000
Center Node: 242

District 32
Nodes: 0 98 159 169 213 231 244 254 298 515 550 561 609 624 630 644 726 740 753 776 964
Compactness: 1269.240784
Weights: 266.000000 4147.000000 1194.000000
Center Node: 964

District 33
Nodes: 124 142 177 390 393 430 453 549 559 618 643 676 702 748 749 818 839 872 882
Compactness: 1237.641991
Weights: 241.000000 4422.000000 1038.000000
Center Node: 702

District 34
Nodes: 41 57 59 193 302 333 374 402 403 411 425 432 439 479 706 713 788 802 817 902 984
Compactness: 1143.167432
Weights: 278.000000 4406.000000 1159.000000
Center Node: 802

District 35
Nodes: 3 12 62 92 131 206 227 235 237 246 274 285 350 370 371 446 586 752 859 977
Compactness: 1182.319530
Weights: 238.000000 4324.000000 1037.000000
Center Node: 227

District 36
Nodes: 23 66 138 317 328 351 410 473 481 483 496 520 522 636 680 709 769 877 949 992 996
Compactness: 1659.904959
Weights: 265.000000 4414.000000 1240.000000
Center Node: 351

District 37
Nodes: 29 50 100 208 272 279 282 345 381 460 489 527 635 701 715 751 932 940
Compactness: 1264.766665
Weights: 218.000000 4476.000000 1168.000000
Center Node: 282

District 38
Nodes: 32 94 156 240 257 284 325 433 472 510 589 596 641 649 837 892 893 966 972
Compactness: 3082.517396
Weights: 230.000000 4118.000000 1195.000000
Center Node: 972

District 39
Nodes: 4 45 87 135 147 153 259 286 326 533 569 627 682 774 805 852 858 873 891 991
Compactness: 1374.181886
Weights: 219.000000 4308.000000 1118.000000
Center Node: 4

District 40
Nodes: 164 170 180 188 278 307 320 395 421 449 539 552 613 646 704 722 771 803 811 944 961
Compactness: 977.786939
Weights: 255.000000 4258.000000 1232.000000
Center Node: 307

District 41
Nodes: 52 68 155 216 306 318 346 427 490 493 585 631 696 730 767 824 870 920
Compactness: 1035.686274
Weights: 184.000000 4407.000000 1172.000000
Center Node: 631

District 42
Nodes: 21 60 266 336 378 387 398 468 506 572 610 637 660 720 728 781 794 795 832 864 994
Compactness: 1903.787699
Weights: 264.000000 4434.000000 1149.000000
Center Node: 794

District 43
Nodes: 2 42 46 243 250 287 300 309 377 516 564 582 750 804 854 871 934 950 959
Compactness: 938.990523
Weights: 237.000000 4483.000000 1040.000000
Center Node: 564

District 44
Nodes: 77 129 191 238 241 289 389 455 480 508 611 619 674 694 700 733 734 759 760 798 831 897
Compactness: 1207.688859
Weights: 227.000000 4372.000000 1267.000000
Center Node: 241

District 45
Nodes: 30 76 112 160 166 220 248 251 337 435 461 478 573 584 602 622 782 867 874 878 887
Compactness: 1078.087193
Weights: 262.000000 4269.000000 1082.000000
Center Node: 782

District 46
Nodes: 35 91 123 140 141 149 185 192 214 261 335 406 656 735 742 812 835 889 895
Compactness: 918.580416
Weights: 255.000000 4575.000000 1057.000000
Center Node: 123

District 47
Nodes: 9 17 64 151 190 215 297 363 365 466 488 525 554 772 786 825 838 906 956 970 982 998
Compactness: 1600.556507
Weights: 232.000000 4309.000000 1188.000000
Center Node: 17

District 48
Nodes: 15 24 70 85 221 228 290 292 462 529 531 544 566 592 757 851 894 924 941 980 987
Compactness: 1200.934733
Weights: 255.000000 4412.000000 1071.000000
Center Node: 987

District 49
Nodes: 18 90 101 106 158 163 172 189 249 301 316 348 353 380 388 534 608 617 719 848 919 922 946
Compactness: 1385.037071
Weights: 265.000000 4353.000000 1149.000000
Center Node: 101

District 50
Nodes: 14 56 113 144 296 313 332 339 503 669 670 705 724 739 840 927 939 971 981 988
Compactness: 1043.320560
Weights: 263.000000 4446.000000 1106.000000
Center Node: 56
