BalanceViolation 1292.070000
AffinityLoss 904.000000
Compactness 47513.232386

District 1
Nodes: 21 30 48 81 107 110 137 139 214 266 308 325 327 339 344 359 370 400 406 425 451 469 482 496
Compactness: 1705.331925
Weights: 313.000000 5362.000000 1562.000000
Center Node: 344

District 2
Nodes: 19 55 64 65 73 79 102 112 114 124 125 145 175 177 197 240 241 249 254 306 374 426 428 472 473 484
Compactness: 2938.647314
Weights: 323.000000 5252.000000 1476.000000
Center Node: 177

District 3
Nodes: 5 50 57 70 96 146 168 190 265 271 291 296 313 330 337 350 358 362 367 372 380 397 443 478 480 489 495
Compactness: 2230.621554
Weights: 348.000000 5001.000000 1619.000000
Center Node: 350

District 4
Nodes: 39 101 131 147 148 151 172 196 205 222 225 227 229 234 257 278 292 320 326 366 368 395 421 453 499
Compactness: 2011.094546
Weights: 348.000000 5308.000000 1336.000000
Center Node: 395

District 5
Nodes: 13 36 40 41 72 153 159 195 198 208 223 282 309 348 378 389 394 423 437 439 459 461 476 486 488
Compactness: 2276.064730
Weights: 324.000000 5290.000000 1494.000000
Center Node: 423

District 6
Nodes: 0 16 43 51 80 83 84 91 97 117 119 173 176 224 235 252 300 316 353 404 432 457 492 494
Compactness: 1800.963802
Weights: 283.000000 5160.000000 1536.000000
Center Node: 117

District 7
Nodes: 2 4 14 46 47 52 53 85 156 164 178 189 207 242 261 299 333 335 377 379 381 383 393 408 409 410 440 465
Compactness: 3525.139656
Weights: 315.000000 5182.000000 1553.000000
Center Node: 178

District 8
Nodes: 1 24 28 49 56 82 106 120 154 192 210 216 250 253 269 270 289 302 323 387 412 429 433 445 452 497
Compactness: 2401.108150
Weights: 311.000000 5533.000000 1279.000000
Center Node: 269

District 9
Nodes: 20 26 33 74 116 126 170 179 181 183 209 231 246 256 285 290 349 361 396 416 417 462 490
Compactness: 2192.826883
Weights: 268.000000 4959.000000 1586.000000
Center Node: 126

District 10
Nodes: 17 32 37 58 75 94 104 122 140 171 217 272 281 284 287 294 382 392 402 431 441 447 466 468 475 487
Compactness: 2018.449077
Weights: 313.000000 5561.000000 1404.000000
Center Node: 32

District 11
Nodes: 6 8 10 22 44 66 115 121 165 169 186 188 193 236 264 276 280 288 314 334 352 384 424 477 493
Compactness: 2534.596839
Weights: 311.000000 4991.000000 1460.000000
Center Node: 22

District 12
Nodes: 7 18 89 92 141 163 199 226 258 301 304 312 321 336 338 342 351 354 365 369 411 444 446
Compactness: 2219.187607
Weights: 260.000000 5545.000000 1108.000000
Center Node: 351

District 13
Nodes: 12 25 60 68 90 100 109 123 129 134 162 182 200 228 239 279 293 318 346 386 388 398 419 438 454 470 498
Compactness: 2280.063319
Weights: 353.000000 5193.000000 1524.000000
Center Node: 123

District 14
Nodes: 98 113 157 161 185 206 211 212 221 230 233 243 259 317 322 324 340 347 357 391 407 422 450 455 460 474 481
Compactness: 3550.678613
Weights: 344.000000 5516.000000 1415.000000
Center Node: 347

District 15
Nodes: 54 59 62 71 77 93 95 103 213 251 255 260 263 332 375 390 399 401 415 418 427 434 435 463
Compactness: 2675.419382
Weights: 277.000000 5132.000000 1664.000000
Center Node: 62

District 16
Nodes: 9 15 23 31 61 86 135 167 187 194 203 204 215 219 275 286 310 311 360 403 420 436 467 479 491
Compactness: 2077.645505
Weights: 308.000000 5053.000000 1611.000000
Center Node: 187

District 17
Nodes: 29 67 76 111 127 133 143 150 155 158 237 244 273 277 283 295 297 298 319 363 385 458 483 485
Compactness: 2770.956486
Weights: 322.000000 5582.000000 1431.000000
Center Node: 155

District 18
Nodes: 42 69 99 108 128 130 132 149 191 201 247 262 268 329 341 343 345 355 371 373 413 430 456 464
Compactness: 2113.710039
Weights: 274.000000 5028.000000 1644.000000
Center Node: 355

District 19
Nodes: 3 11 34 38 63 152 160 166 174 180 220 232 245 267 274 303 307 315 328 356 414 442 448
Compactness: 2421.925511
Weights: 268.000000 5530.000000 1390.000000
Center Node: 174

District 20
Nodes: 27 35 45 78 87 88 105 118 136 138 142 144 184 202 218 238 248 305 331 364 376 405 449 471
Compactness: 1768.801447
Weights: 269.000000 5540.000000 1422.000000
Center Node: 248
