BalanceViolation 9645.080000
AffinityLoss 1814.000000
Compactness 61957.246904

District 1
Nodes: 31 66 94 131 150 252 269 285 410 535 564 566 604 632 636 745 850 880 952 962
Compactness: 1122.521413
Weights: 232.000000 4374.000000 1136.000000
Center Node: 31

District 2
Nodes: 19 65 127 139 185 286 299 301 305 453 485 696 756 765 782 826 838 872 892 943 959 973
Compactness: 2922.592659
Weights: 270.000000 4259.000000 1239.000000
Center Node: 185

District 3
Nodes: 67 69 75 106 115 164 194 219 472 498 532 617 643 676 704 705 712 734 859 977 989
Compactness: 1425.947353
Weights: 256.000000 4240.000000 1227.000000
Center Node: 67

District 4
Nodes: 35 40 98 176 224 249 276 306 310 357 459 474 528 548 574 667 685 699 758 863 897 904 953
Compactness: 1452.415297
Weights: 263.000000 4260.000000 1304.000000
Center Node: 897

District 5
Nodes: 22 30 41 82 88 97 149 165 215 218 234 266 380 381 404 478 504 568 681 788 804
Compactness: 1139.474787
Weights: 256.000000 4031.000000 1366.000000
Center Node: 504

District 6
Nodes: 26 214 282 334 369 376 438 563 660 688 691 722 757 764 803 813 821 876 970
Compactness: 1233.732628
Weights: 248.000000 4456.000000 1111.000000
Center Node: 722

District 7
Nodes: 7 58 61 133 141 175 284 327 614 650 651 709 715 792 871 924 988
Compactness: 904.952429
Weights: 203.000000 2554.000000 940.000000
Center Node: 614

District 8
Nodes: 119 248 260 300 403 422 469 481 554 622 671 692 718 726 779 870 920 960
Compactness: 1115.937240
Weights: 237.000000 4198.000000 1001.000000
Center Node: 692

District 9
Nodes: 158 183 192 296 322 354 487 517 537 540 570 588 591 633 711 739 774 823 877 935 947
Compactness: 1284.799389
Weights: 278.000000 4193.000000 1185.000000
Center Node: 192

District 10
Nodes: 46 168 246 259 279 294 319 347 356 358 476 507 508 531 551 558 590 656 664 678 984
Compactness: 1447.122677
Weights: 302.000000 4051.000000 1262.000000
Center Node: 664

District 11
Nodes: 36 37 126 128 132 181 256 289 346 377 414 521 626 657 669 770 846 934 982
Compactness: 1280.503995
Weights: 204.000000 4366.000000 1059.000000
Center Node: 132

District 12
Nodes: 86 111 205 216 229 397 400 409 418 430 467 703 737 825 869 878 879 972 976
Compactness: 885.130154
Weights: 234.000000 4344.000000 1287.000000
Center Node: 879

District 13
Nodes: 100 152 157 247 311 336 367 581 606 662 793 836 864 890 891 912 941 944 958 991 992
Compactness: 1499.456618
Weights: 299.000000 4284.000000 1163.000000
Center Node: 336

District 14
Nodes: 32 197 200 206 232 295 317 325 345 355 392 426 473 523 731 740 790 816 818 919 938 942 964
Compactness: 1931.876405
Weights: 290.000000 4484.000000 1182.000000
Center Node: 473

District 15
Nodes: 43 95 309 353 360 465 546 585 885 888 906 911 957
Compactness: 615.780933
Weights: 141.000000 2859.000000 807.000000
Center Node: 546

District 16
Nodes: 70 73 159 178 292 424 489 526 547 550 612 642 674 698 701 762 828 832 884
Compactness: 1609.754930
Weights: 238.000000 4424.000000 1035.000000
Center Node: 178

District 17
Nodes: 1 5 15 68 83 177 184 241 417 599 619 844 845 898 899 929 966 999
Compactness: 957.508354
Weights: 159.000000 4491.000000 1237.000000
Center Node: 184

District 18
Nodes: 23 53 81 91 92 136 144 173 187 201 293 363 423 471 483 603 628 795 798 835 979 987 996
Compactness: 1580.634476
Weights: 256.000000 4358.000000 1310.000000
Center Node: 53

District 19
Nodes: 48 54 96 140 210 225 302 362 460 634 655 668 700 772 796 827 852 867 969
Compactness: 734.730831
Weights: 203.000000 4366.000000 1200.000000
Center Node: 655

District 20
Nodes: 117 142 162 189 195 198 352 466 556 598 613 670 690 748 829 834 858 868 905 932 978 981
Compactness: 1031.045570
Weights: 244.000000 4399.000000 1189.000000
Center Node: 466

District 21
Nodes: 4 118 122 129 257 288 307 338 383 384 437 494 513 515 522 638 702 789 903 921 939
Compactness: 1298.356971
Weights: 282.000000 4373.000000 1224.000000
Center Node: 515

District 22
Nodes: 2 44 99 160 278 297 339 350 406 419 440 444 447 500 565 811 862 933 961
Compactness: 1334.765171
Weights: 227.000000 4365.000000 732.000000
Center Node: 419

District 23
Nodes: 16 85 89 146 156 179 320 348 371 389 527 571 596 677 679 741 799 875 926 998
Compactness: 864.766591
Weights: 208.000000 4354.000000 1236.000000
Center Node: 571

District 24
Nodes: 28 79 121 242 318 332 382 395 398 412 511 534 608 684 710 839 917 925 963 990
Compactness: 1039.101779
Weights: 251.000000 4333.000000 1215.000000
Center Node: 395

District 25
Nodes: 17 63 180 191 209 227 236 274 280 341 435 441 484 492 541 560 586 618 697 746 791 922
Compactness: 1394.618977
Weights: 237.000000 4229.000000 1109.000000
Center Node: 227

District 26
Nodes: 8 12 169 208 240 253 265 337 340 378 427 457 491 502 579 640 760 800 855 861 874 908
Compactness: 967.823839
Weights: 263.000000 4401.000000 1202.000000
Center Node: 502

District 27
Nodes: 51 64 90 101 174 244 364 365 390 434 477 493 495 602 610 627 708 761 806 882
Compactness: 1275.413891
Weights: 230.000000 4453.000000 1179.000000
Center Node: 477

District 28
Nodes: 0 33 59 72 221 250 261 275 312 314 431 432 451 456 553 555 567 584 616 666 833 986 995
Compactness: 1564.659559
Weights: 268.000000 4328.000000 1491.000000
Center Node: 833

District 29
Nodes: 14 60 87 103 233 283 323 331 344 372 486 509 516 557 629 659 672 759 847 893 901 928
Compactness: 1620.420335
Weights: 298.000000 4393.000000 1213.000000
Center Node: 60

District 30
Nodes: 13 56 112 143 171 243 375 385 436 442 449 462 499 530 600 609 645 648 723 784 910 951
Compactness: 1229.735424
Weights: 272.000000 4194.000000 1253.000000
Center Node: 648

District 31
Nodes: 42 45 71 161 170 199 235 326 333 399 519 549 552 611 661 771 776 785 946 975
Compactness: 1188.412770
Weights: 244.000000 4326.000000 1166.000000
Center Node: 776

District 32
Nodes: 55 62 104 107 114 393 416 439 482 505 518 529 578 592 728 729 763 769 794 805 840 931 949
Compactness: 1467.403190
Weights: 282.000000 4420.000000 1437.000000
Center Node: 763

District 33
Nodes: 21 38 105 116 148 281 324 386 405 503 520 542 562 605 647 843 971 993
Compactness: 1204.579924
Weights: 230.000000 3896.000000 1252.000000
Center Node: 324

District 34
Nodes: 25 84 137 211 213 245 255 264 420 479 575 587 714 716 767 778 824 894 907 909 994
Compactness: 1109.285815
Weights: 230.000000 4291.000000 1331.000000
Center Node: 255

District 35
Nodes: 27 39 80 163 239 263 267 342 394 415 461 480 545 623 687 747 755 777 914 980
Compactness: 1314.363919
Weights: 267.000000 4170.000000 1218.000000
Center Node: 480

District 36
Nodes: 20 155 220 273 308 391 475 583 637 653 658 695 724 735 822 887 923 930 937
Compactness: 1032.623914
Weights: 212.000000 4170.000000 1316.000000
Center Node: 20

District 37
Nodes: 47 76 124 212 251 291 298 303 349 408 468 490 543 572 582 601 706 732 736 797
Compactness: 1213.096183
Weights: 232.000000 4321.000000 1247.000000
Center Node: 601

District 38
Nodes: 134 154 167 196 202 366 510 538 624 717 786 807
Compactness: 555.482522
Weights: 137.000000 2207.000000 633.000000
Center Node: 807

District 39
Nodes: 18 50 125 204 316 330 374 407 455 539 620 621 641 663 673 683 738 819 956
Compactness: 1153.177102
Weights: 214.000000 4313.000000 1204.000000
Center Node: 673

District 40
Nodes: 110 166 226 254 268 370 452 470 501 580 635 639 644 682 725 766 985
Compactness: 1033.578424
Weights: 178.000000 4437.000000 1026.000000
Center Node: 166

District 41
Nodes: 29 49 74 77 78 190 193 203 231 569 625 630 742 743 744 754 780 808 853 873 913 954 955
Compactness: 1255.469424
Weights: 273.000000 4420.000000 1318.000000
Center Node: 780

District 42
Nodes: 93 108 113 207 287 351 387 402 446 561 593 646 675 680 689 749 750 773 848 854
Compactness: 1176.191799
Weights: 232.000000 4380.000000 1029.000000
Center Node: 646

District 43
Nodes: 57 153 172 182 228 321 359 433 463 577 721 817 918 936 945 968 983
Compactness: 814.888454
Weights: 198.000000 4253.000000 906.000000
Center Node: 945

District 44
Nodes: 11 130 188 270 379 411 454 525 652 768 775 802 837 883 915 916 940 950
Compactness: 970.014370
Weights: 194.000000 4328.000000 1218.000000
Center Node: 940

District 45
Nodes: 52 396 413 421 497 573 615 686 694 733 787 812 814 830 831 841 896 902 997
Compactness: 1331.951365
Weights: 186.000000 4034.000000 1116.000000
Center Node: 615

District 46
Nodes: 120 135 147 258 290 425 443 450 488 514 524 589 597 631 727 783 851 856 857 889 948
Compactness: 1163.784462
Weights: 248.000000 4402.000000 1217.000000
Center Node: 948

District 47
Nodes: 3 10 24 138 145 151 186 230 328 329 428 445 448 458 496 536 781 815 860
Compactness: 875.866225
Weights: 226.000000 4519.000000 1158.000000
Center Node: 145

District 48
Nodes: 9 109 123 237 238 272 277 304 335 607 649 654 693 707 713 720 730 753 820 842 927 967
Compactness: 1384.175742
Weights: 285.000000 4274.000000 1176.000000
Center Node: 649

District 49
Nodes: 6 222 262 313 368 388 401 464 506 544 595 719 751 752 809 810 849 866 895 900 965
Compactness: 1207.000919
Weights: 263.000000 3534.000000 1255.000000
Center Node: 895

District 50
Nodes: 34 102 217 223 271 315 343 361 373 429 512 533 559 576 594 665 801 865 881 886 974
Compactness: 1740.319703
Weights: 255.000000 4426.000000 1325.000000
Center Node: 881
