BalanceViolation 820.012500
AffinityLoss 1652.000000
Compactness 96931.139869

District 1
Nodes: 21 25 32 43 47 49 80 125 133 158 178 197 212 213 217 243 245 252 289 301 306 325 336 343 361 371 385 392 405 447 456 461 558 564 571 593 621 646 664 666 687 748 763 768 796 811 838 878 901 914 928 935
Compactness: 4644.202373
Weights: 598.000000 10440.000000 2992.000000
Center Node: 197

District 2
Nodes: 100 114 118 170 203 244 251 273 298 313 332 379 414 418 424 434 449 483 501 527 537 568 581 613 639 651 677 706 727 779 797 803 842 861 863 865 883 884 891 904 906 927 944 948 974 985 996
Compactness: 4204.578110
Weights: 588.000000 10726.000000 2765.000000
Center Node: 891

District 3
Nodes: 8 15 36 50 54 68 82 117 164 181 184 229 247 250 259 275 305 319 382 384 391 420 425 436 438 482 490 499 514 525 542 640 647 657 661 663 690 765 789 807 869 870 896 903 931 936 961 978 995
Compactness: 5160.154999
Weights: 566.000000 9422.000000 3099.000000
Center Node: 903

District 4
Nodes: 104 146 148 157 163 176 191 200 214 248 282 287 296 322 352 400 407 411 417 472 500 569 589 608 612 635 637 653 659 696 704 714 730 733 734 754 767 775 778 782 792 798 801 890 908 954 956 962 972 979
Compactness: 4588.533286
Weights: 598.000000 10752.000000 2848.000000
Center Node: 407

District 5
Nodes: 14 27 44 83 95 101 128 131 137 143 173 226 253 255 270 315 327 357 426 427 431 435 451 473 477 491 511 533 547 549 632 645 676 699 721 756 799 817 822 826 851 852 853 855 874 875 894 895 902
Compactness: 4663.232001
Weights: 611.000000 11130.000000 3002.000000
Center Node: 533

District 6
Nodes: 23 30 31 57 59 65 67 72 91 96 136 162 202 230 232 240 263 266 276 281 286 359 398 422 489 531 556 562 566 579 584 599 606 607 636 667 684 711 717 741 749 774 805 858 876 886 926 938 943 975
Compactness: 5692.190524
Weights: 583.000000 10680.000000 2710.000000
Center Node: 263

District 7
Nodes: 6 7 16 22 34 84 97 112 130 161 172 193 225 288 297 344 360 378 396 403 465 476 528 544 550 552 580 585 587 610 662 679 707 751 804 821 850 859 860 915 925 933 939 946 960 963 986
Compactness: 3924.941980
Weights: 582.000000 10663.000000 2796.000000
Center Node: 679

District 8
Nodes: 11 56 61 103 113 121 141 153 167 204 205 221 300 308 328 334 393 444 469 554 561 570 573 597 631 649 669 692 703 708 715 736 755 766 790 795 806 818 828 837 897 920 951 952 958 967 982 992
Compactness: 4983.071187
Weights: 543.000000 11104.000000 2952.000000
Center Node: 897

District 9
Nodes: 26 37 41 63 88 99 150 192 218 222 236 294 341 347 350 356 377 390 410 421 429 440 443 462 480 497 504 519 535 541 543 596 600 617 660 665 681 682 695 710 712 731 750 802 816 830 919 932 942 971 980 988
Compactness: 5955.784777
Weights: 601.000000 11108.000000 2796.000000
Center Node: 695

District 10
Nodes: 38 53 75 102 105 119 138 171 180 207 268 269 295 311 316 326 330 351 368 369 401 406 409 412 430 442 458 466 475 484 496 508 540 546 559 586 601 620 680 719 760 770 781 788 794 819 834 843 929 999
Compactness: 4195.487361
Weights: 609.000000 10977.000000 2798.000000
Center Node: 586

District 11
Nodes: 48 60 77 78 127 168 183 206 227 249 323 342 345 353 372 373 376 397 413 433 454 471 479 487 494 512 521 524 526 530 536 592 602 619 622 630 634 655 713 753 784 862 871 905 945 973 976 981 984 989 994
Compactness: 5678.865641
Weights: 618.000000 10654.000000 2912.000000
Center Node: 376

District 12
Nodes: 4 17 18 19 45 87 92 116 120 151 155 156 185 187 190 215 235 258 280 284 302 307 312 335 388 389 416 452 486 488 515 538 565 611 625 644 656 723 728 745 761 824 832 841 848 900 921 922 947 998
Compactness: 4145.694751
Weights: 630.000000 10085.000000 2811.000000
Center Node: 452

District 13
Nodes: 76 123 165 177 186 237 254 304 314 320 324 358 364 367 383 395 402 432 463 509 510 516 518 529 532 534 563 623 626 643 672 693 743 757 758 769 776 780 783 793 812 847 879 912 918 940 941 953 997
Compactness: 4834.611628
Weights: 604.000000 10392.000000 2772.000000
Center Node: 123

District 14
Nodes: 13 39 42 55 74 86 90 98 107 134 160 220 234 267 271 278 291 299 333 339 340 363 387 404 455 481 485 495 551 560 582 615 616 650 671 678 725 729 732 740 808 845 866 888 898 910 934 955 957 966 990
Compactness: 4093.950473
Weights: 638.000000 10425.000000 2792.000000
Center Node: 98

District 15
Nodes: 3 35 108 110 122 129 135 159 174 182 189 199 211 219 239 246 260 283 292 331 362 374 394 423 450 464 468 548 567 574 575 588 604 605 614 618 670 675 685 689 697 720 739 777 791 849 893 917 924
Compactness: 5282.897443
Weights: 608.000000 10101.000000 2936.000000
Center Node: 548

District 16
Nodes: 0 12 40 52 62 66 79 85 94 166 169 175 188 231 256 264 272 309 321 346 348 355 366 399 437 448 453 506 507 520 545 557 590 591 595 603 638 686 700 701 709 742 747 772 815 833 844 887 959 964 977 991
Compactness: 4156.666906
Weights: 605.000000 10430.000000 2991.000000
Center Node: 833

District 17
Nodes: 5 10 58 71 81 132 147 196 209 223 224 238 261 293 310 317 337 386 415 445 446 474 478 517 555 594 609 624 628 642 673 688 691 759 762 764 786 809 810 825 854 868 872 877 889 907 911 969 970 987 993
Compactness: 4880.081323
Weights: 601.000000 10141.000000 3010.000000
Center Node: 764

District 18
Nodes: 24 46 51 70 89 111 115 139 142 144 149 198 201 216 233 257 262 277 279 290 338 375 380 441 459 470 492 493 503 505 576 641 668 698 702 705 716 718 722 746 752 771 823 827 836 846 856 864 882 885 892 916 983
Compactness: 5509.093160
Weights: 630.000000 11126.000000 2699.000000
Center Node: 89

District 19
Nodes: 1 29 69 73 93 106 109 145 195 208 228 303 329 349 419 457 460 467 498 553 572 578 583 627 633 648 658 674 683 724 738 773 785 800 813 829 831 835 839 867 873 880 913 930 937 949 950 965 968
Compactness: 5538.863893
Weights: 602.000000 10708.000000 2742.000000
Center Node: 109

District 20
Nodes: 2 9 20 28 33 64 124 126 140 152 154 179 194 210 241 242 265 274 285 318 354 365 370 381 408 428 439 502 513 522 523 539 577 598 629 652 654 694 726 735 737 744 787 814 820 840 857 881 899 909 923
Compactness: 4798.238053
Weights: 590.000000 11040.000000 2791.000000
Center Node: 318
