BalanceViolation 32313.551000
AffinityLoss 3712.000000
Compactness 120940.575493

District 1
Nodes: 57 118 120 133 134 156 281 285 393 455 464 509 515 539 585 618 662 673 689 793 815 825 1144 1158 1173 1182 1222 1301 1388 1432 1484 1487 1615 1629 1839 1848 1851 1865 1887 1888
Compactness: 2070.297957
Weights: 440.000000 8930.000000 2202.000000
Center Node: 1629

District 2
Nodes: 1 137 248 296 303 349 400 466 578 591 594 610 621 632 641 678 785 858 897 947 972 1000 1005 1033 1035 1176 1194 1231 1237 1295 1318 1417 1485 1554 1562 1614 1617 1618 1658 1671 1796 1936 1975
Compactness: 2742.936244
Weights: 502.000000 8986.000000 2428.000000
Center Node: 1417

District 3
Nodes: 15 38 115 151 166 231 237 260 312 314 432 440 541 543 579 626 682 737 862 939 940 945 1004 1023 1168 1251 1326 1395 1471 1525 1537 1930
Compactness: 1660.894073
Weights: 393.000000 6621.000000 1800.000000
Center Node: 1525

District 4
Nodes: 14 19 62 251 278 346 386 609 627 628 653 716 729 742 830 838 842 844 913 1042 1246 1302 1358 1360 1420 1494 1563 1584 1602 1616 1619 1842 1927
Compactness: 2098.550137
Weights: 375.000000 6241.000000 2055.000000
Center Node: 830

District 5
Nodes: 34 210 295 326 428 470 495 502 508 550 615 657 787 797 807 812 868 910 941 951 1062 1108 1131 1149 1181 1185 1206 1262 1278 1286 1343 1390 1411 1497 1528 1546 1624 1690 1710 1750 1765 1873 1900 1937
Compactness: 3554.810218
Weights: 511.000000 8985.000000 2550.000000
Center Node: 470

District 6
Nodes: 40 116 125 160 172 211 213 323 389 429 434 452 518 589 597 614 625 668 721 763 859 881 899 930 1038 1106 1159 1196 1226 1305 1340 1539 1571 1592 1672 1673 1773 1810 1825 1919 1944
Compactness: 2674.053005
Weights: 504.000000 8780.000000 2410.000000
Center Node: 1825

District 7
Nodes: 106 124 147 241 286 313 363 454 465 477 493 517 637 672 780 874 942 959 965 1007 1086 1087 1120 1242 1294 1421 1431 1452 1533 1549 1572 1651 1665 1711 1786 1787 1935 1970
Compactness: 1933.619107
Weights: 458.000000 7968.000000 2503.000000
Center Node: 147

District 8
Nodes: 43 87 144 150 245 360 367 744 783 792 827 903 944 1015 1018 1037 1099 1135 1155 1320 1333 1341 1345 1458 1459 1462 1488 1545 1568 1579 1775 1792 1800
Compactness: 1617.459656
Weights: 375.000000 7255.000000 2167.000000
Center Node: 1568

District 9
Nodes: 4 6 67 85 140 168 174 176 275 372 412 431 459 486 546 561 635 652 665 683 714 723 746 771 772 889 935 997 1121 1125 1133 1180 1198 1220 1225 1307 1377 1398 1447 1507 1581 1674 1816 1960
Compactness: 2556.845941
Weights: 526.000000 9690.000000 2453.000000
Center Node: 771

District 10
Nodes: 91 131 136 149 180 205 223 262 395 398 408 461 575 645 647 659 734 814 836 963 984 1022 1084 1096 1109 1124 1175 1195 1311 1344 1440 1465 1509 1596 1603 1660 1675 1743 1779 1826 1854 1856 1859 1862 1864 1909 1915 1932 1951 1971 1986 1997
Compactness: 2644.442909
Weights: 668.000000 10313.000000 2836.000000
Center Node: 91

District 11
Nodes: 16 22 64 105 167 228 232 255 379 433 463 521 549 563 611 684 724 748 854 869 882 895 992 1113 1189 1200 1219 1275 1410 1491 1501 1700 1749 1778 1793 1802 1827 1846 1922 1941
Compactness: 2651.187825
Weights: 503.000000 8448.000000 2285.000000
Center Node: 1778

District 12
Nodes: 20 110 112 119 127 154 164 178 187 317 333 396 399 414 506 574 619 693 872 878 967 1045 1070 1072 1128 1162 1163 1187 1218 1221 1264 1289 1290 1376 1415 1445 1640 1668 1776 1883 1917 1923 1948 1957 1962
Compactness: 3070.116026
Weights: 534.000000 8429.000000 2678.000000
Center Node: 399

District 13
Nodes: 2 24 152 165 201 319 335 344 355 359 361 422 450 484 520 526 569 612 649 706 747 891 904 1020 1026 1118 1119 1139 1197 1496 1504 1505 1508 1524 1642 1645 1659 1667 1832 1875 1946 1976
Compactness: 2552.995786
Weights: 447.000000 9032.000000 2454.000000
Center Node: 1118

District 14
Nodes: 271 334 357 390 413 435 622 644 702 756 757 779 805 810 875 907 927 1146 1300 1325 1397 1461 1522 1536 1608 1666 1697 1699 1715 1751 1892
Compactness: 1478.100267
Weights: 378.000000 6046.000000 1474.000000
Center Node: 644

District 15
Nodes: 0 27 28 142 227 246 283 298 310 324 352 362 382 545 565 587 656 709 715 736 801 1055 1071 1156 1213 1227 1273 1274 1338 1385 1532 1552 1595 1646 1740 1823 1833 1852 1868
Compactness: 2378.953932
Weights: 464.000000 8737.000000 2395.000000
Center Node: 1055

District 16
Nodes: 32 56 82 135 177 215 239 330 373 419 483 548 560 598 606 624 630 638 666 700 732 760 773 775 845 871 887 902 938 1104 1161 1172 1240 1329 1380 1425 1450 1466 1474 1486 1548 1570 1604 1607 1829 1894 1904 1954 1994
Compactness: 3701.897588
Weights: 542.000000 8908.000000 2838.000000
Center Node: 1954

District 17
Nodes: 153 190 208 218 247 250 252 356 481 507 719 839 949 968 1090 1123 1202 1282 1448 1567 1610 1633 1714 1721 1788 1809 1835 1914 1947 1956 1965
Compactness: 1602.241203
Weights: 333.000000 5869.000000 2028.000000
Center Node: 1965

District 18
Nodes: 10 47 59 70 204 300 368 387 442 467 523 566 617 691 892 901 952 994 1157 1216 1217 1255 1257 1270 1276 1309 1332 1336 1353 1423 1503 1529 1621 1631 1669 1718 1748 1790 1821 1921 1928 1980
Compactness: 2190.381291
Weights: 503.000000 7847.000000 2391.000000
Center Node: 1423

District 19
Nodes: 17 51 103 113 272 293 380 499 551 570 583 674 885 955 1003 1058 1064 1065 1068 1241 1265 1403 1506 1512 1583 1757 1795 1845 1849 1911
Compactness: 1280.883574
Weights: 371.000000 5368.000000 1705.000000
Center Node: 1403

District 20
Nodes: 74 99 129 138 159 175 197 257 288 358 392 444 468 588 639 663 686 704 722 808 813 829 843 893 929 983 1016 1100 1103 1130 1268 1296 1321 1544 1586 1707 1753 1756 1807 1811 1840 1867
Compactness: 2532.477046
Weights: 494.000000 9873.000000 2222.000000
Center Node: 639

District 21
Nodes: 29 37 53 75 96 224 273 348 522 584 595 696 699 761 849 876 928 943 1050 1082 1092 1098 1111 1141 1153 1261 1267 1285 1303 1389 1396 1483 1502 1517 1580 1613 1678 1702 1877 1878
Compactness: 2797.367283
Weights: 501.000000 8598.000000 2439.000000
Center Node: 53

District 22
Nodes: 121 162 170 225 320 397 425 471 538 646 654 675 676 720 765 803 820 898 908 934 970 1002 1010 1014 1017 1067 1107 1114 1160 1188 1209 1232 1247 1349 1362 1391 1401 1434 1518 1559 1577 1683 1705 1709 1725 1783 1838 1989
Compactness: 2912.900976
Weights: 537.000000 8784.000000 2347.000000
Center Node: 1160

District 23
Nodes: 5 39 41 45 50 111 132 185 216 233 307 350 365 441 478 498 501 603 616 681 690 697 833 860 863 925 979 989 1012 1013 1074 1085 1190 1327 1493 1500 1521 1551 1611 1626 1637 1812 1863
Compactness: 2741.879347
Weights: 524.000000 9128.000000 2372.000000
Center Node: 501

District 24
Nodes: 98 139 161 173 240 244 259 261 329 337 340 370 383 403 557 576 582 620 752 896 906 1019 1039 1043 1236 1272 1347 1408 1427 1460 1531 1585 1654 1732 1736 1738 1747 1774 1781 1789 1858 1987
Compactness: 2326.461585
Weights: 494.000000 10089.000000 2492.000000
Center Node: 1019

District 25
Nodes: 9 54 89 354 406 411 420 445 535 592 669 694 718 738 796 852 853 864 923 962 977 1164 1203 1205 1214 1249 1304 1306 1337 1364 1366 1392 1430 1564 1597 1600 1638 1731 1850 1889 1910 1926 1949
Compactness: 2766.649401
Weights: 530.000000 9140.000000 2492.000000
Center Node: 1392

District 26
Nodes: 12 23 72 84 107 196 220 235 289 328 377 388 474 500 640 643 745 782 824 835 841 981 1006 1032 1044 1066 1079 1105 1152 1279 1287 1370 1406 1424 1441 1557 1560 1653 1664 1899 1912 1963 1981
Compactness: 2666.250741
Weights: 528.000000 9065.000000 2438.000000
Center Node: 835

District 27
Nodes: 13 143 186 221 258 279 394 402 404 418 448 472 490 491 505 599 633 759 802 870 909 918 1083 1094 1115 1243 1292 1328 1351 1414 1437 1439 1573 1647 1661 1685 1797 1804 1896 1913 1979
Compactness: 2860.139749
Weights: 482.000000 8829.000000 2494.000000
Center Node: 143

District 28
Nodes: 7 66 78 94 114 117 123 126 191 206 364 492 608 629 708 755 758 834 848 855 856 960 966 969 1093 1102 1165 1166 1191 1207 1312 1352 1384 1428 1482 1514 1612 1657 1662 1680 1686 1688 1761 1828 1857 1907 1938
Compactness: 2670.615037
Weights: 545.000000 8783.000000 2459.000000
Center Node: 1686

District 29
Nodes: 8 95 148 200 287 325 351 405 423 473 504 510 602 664 692 727 795 800 921 936 954 993 1081 1112 1145 1148 1239 1252 1288 1405 1433 1556 1609 1679 1729 1762 1791 1815 1891 1908 1969 1991 1992 1996
Compactness: 2404.907553
Weights: 505.000000 9249.000000 2462.000000
Center Node: 405

District 30
Nodes: 35 189 207 226 268 375 439 524 527 555 567 648 679 726 754 794 931 1036 1046 1073 1095 1260 1263 1331 1350 1369 1373 1453 1479 1499 1575 1606 1684 1695 1712 1722 1861 1872 1885 1916 1961 1974
Compactness: 2632.541111
Weights: 513.000000 8967.000000 2444.000000
Center Node: 1073

District 31
Nodes: 44 83 256 299 321 436 456 540 600 731 733 822 846 877 914 957 987 999 1009 1028 1075 1089 1178 1245 1317 1359 1379 1400 1409 1454 1630 1727 1728 1739 1782 1784 1817 1855 1879 1895
Compactness: 2162.247178
Weights: 485.000000 8746.000000 2455.000000
Center Node: 822

District 32
Nodes: 26 46 122 158 163 202 253 269 291 302 306 315 391 537 577 601 642 677 680 786 821 828 861 915 917 1140 1208 1365 1435 1446 1527 1582 1692 1696 1724 1803 1805 1955 1988
Compactness: 2472.700159
Weights: 490.000000 8635.000000 2441.000000
Center Node: 677

District 33
Nodes: 108 222 263 276 290 345 417 462 558 596 631 695 725 886 973 974 985 1029 1063 1210 1334 1372 1407 1455 1530 1535 1541 1547 1565 1578 1623 1650 1713 1744 1763 1819 1822 1869 1903 1966
Compactness: 2350.636587
Weights: 489.000000 8814.000000 2531.000000
Center Node: 1650

District 34
Nodes: 49 92 93 97 270 280 332 409 424 497 503 528 532 581 730 789 851 922 961 964 1170 1283 1342 1355 1412 1534 1591 1593 1644 1676 1717 1723 1741 1760 1831 1836 1837 1924 1950 1959 1978
Compactness: 2541.332973
Weights: 529.000000 8681.000000 2462.000000
Center Node: 497

District 35
Nodes: 65 101 157 209 249 304 342 451 485 556 572 605 799 894 1031 1048 1061 1138 1258 1404 1463 1468 1520 1566 1656 1706 1772 1834 1964 1984
Compactness: 1468.217184
Weights: 376.000000 6243.000000 1634.000000
Center Node: 572

District 36
Nodes: 55 69 76 80 141 284 381 446 460 480 534 554 573 580 613 660 818 866 900 950 1021 1060 1147 1277 1310 1319 1387 1416 1456 1601 1814 1893 1939 1998
Compactness: 1736.159967
Weights: 423.000000 6877.000000 1996.000000
Center Node: 1310

District 37
Nodes: 52 60 77 195 219 264 282 292 341 374 651 776 784 809 867 912 982 988 995 1030 1059 1101 1235 1238 1280 1291 1354 1356 1381 1382 1438 1449 1598 1605 1708 1726 1798 1799 1902 1934
Compactness: 2165.016230
Weights: 421.000000 8651.000000 2533.000000
Center Node: 282

District 38
Nodes: 11 21 25 31 61 155 193 199 238 316 318 378 415 426 449 458 516 568 593 607 767 770 1024 1054 1122 1281 1299 1315 1375 1413 1422 1451 1576 1594 1628 1806 1818 1843 1933 1967
Compactness: 2734.447307
Weights: 502.000000 8829.000000 2426.000000
Center Node: 1422

District 39
Nodes: 3 104 130 179 488 529 536 650 655 687 740 811 819 879 975 1053 1091 1137 1186 1211 1259 1313 1330 1402 1426 1436 1443 1444 1476 1489 1492 1513 1526 1538 1599 1687 1755 1794 1808 1824 1901 1972
Compactness: 2220.278761
Weights: 503.000000 8198.000000 2393.000000
Center Node: 1794

District 40
Nodes: 36 42 88 102 169 410 421 430 482 562 564 571 698 705 712 741 768 823 826 850 883 1008 1034 1116 1253 1254 1297 1323 1467 1470 1510 1555 1734 1735 1820 1847 1890 1897 1918 1940 1945 1985
Compactness: 2524.305731
Weights: 555.000000 9786.000000 2360.000000
Center Node: 564

District 41
Nodes: 90 182 183 254 274 347 369 427 487 542 636 688 728 816 857 926 953 978 1001 1057 1069 1078 1136 1266 1357 1367 1374 1383 1394 1464 1542 1639 1766 1769 1770 1785 1813 1853 1920 1929 1931
Compactness: 1979.627306
Weights: 519.000000 7986.000000 2236.000000
Center Node: 816

District 42
Nodes: 109 188 203 214 217 242 277 438 443 489 671 713 774 798 817 840 865 911 924 1110 1150 1151 1174 1339 1368 1378 1386 1469 1473 1553 1625 1627 1632 1641 1720 1742 1768 1882 1958 1990
Compactness: 2039.962999
Weights: 501.000000 8486.000000 2374.000000
Center Node: 443

District 43
Nodes: 58 171 184 230 475 623 749 753 781 916 1117 1143 1183 1192 1233 1248 1293 1346 1361 1399 1480 1481 1511 1574 1588 1590 1677 1682 1780 1860 1876 1886 1982
Compactness: 1706.377222
Weights: 387.000000 6715.000000 2260.000000
Center Node: 749

District 44
Nodes: 30 128 181 212 243 407 437 457 479 494 604 707 739 778 790 831 847 932 948 958 980 1127 1142 1179 1224 1228 1419 1490 1587 1635 1636 1663 1689 1698 1844 1870 1871 1881 1898 1905 1925 1953 1983
Compactness: 3391.727326
Weights: 569.000000 8713.000000 2430.000000
Center Node: 1179

District 45
Nodes: 81 86 145 146 308 309 476 513 533 547 552 559 590 634 658 701 762 766 788 888 956 1052 1080 1132 1171 1177 1193 1215 1322 1371 1457 1477 1643 1704 1733 1771 1801 1943 1968
Compactness: 2051.383941
Weights: 426.000000 8732.000000 2667.000000
Center Node: 1943

District 46
Nodes: 33 48 71 73 301 305 322 366 376 385 453 496 531 553 586 711 717 791 919 996 1049 1154 1201 1212 1234 1250 1314 1316 1335 1348 1363 1515 1519 1561 1622 1648 1652 1746 1880 1942 1973 1977 1999
Compactness: 2379.906263
Weights: 511.000000 8734.000000 2437.000000
Center Node: 586

District 47
Nodes: 192 236 266 336 514 519 525 544 661 735 743 804 832 837 905 976 1025 1097 1126 1167 1199 1229 1230 1256 1308 1472 1543 1550 1694 1716 1745 1752 1759 1830 1841 1874 1995
Compactness: 2085.732632
Weights: 415.000000 7149.000000 2043.000000
Center Node: 1472

District 48
Nodes: 267 294 297 331 338 401 511 512 685 703 710 750 946 998 1041 1047 1056 1077 1088 1129 1169 1324 1393 1418 1442 1475 1523 1634 1649 1655 1670 1681 1691 1693 1701 1730 1764 1767 1777 1884 1993
Compactness: 2656.542287
Weights: 470.000000 7992.000000 2125.000000
Center Node: 294

District 49
Nodes: 18 63 68 79 100 194 198 229 339 353 371 384 469 530 667 764 769 777 806 890 933 937 971 986 991 1011 1051 1076 1134 1223 1244 1271 1284 1478 1495 1498 1540 1558 1589 1719 1737 1906
Compactness: 2630.609240
Weights: 533.000000 8730.000000 2380.000000
Center Node: 1051

District 50
Nodes: 234 265 311 327 343 416 447 670 751 873 880 884 920 990 1027 1040 1184 1204 1269 1298 1429 1516 1569 1620 1703 1754 1758 1866 1952
Compactness: 3870.507632
Weights: 340.000000 6855.000000 1571.000000
Center Node: 1269
