BalanceViolation 2377.102500
AffinityLoss 1584.000000
Compactness 93659.696890

District 1
Nodes: 1 7 40 41 57 59 60 73 111 157 193 212 224 247 302 333 359 361 367 372 374 378 391 402 403 404 408 411 425 432 437 439 479 499 558 607 620 654 683 706 714 747 780 788 795 802 806 829 841 866 916 937 975 984
Compactness: 4634.399575
Weights: 653.000000 9849.000000 2947.000000
Center Node: 984

District 2
Nodes: 6 8 44 52 53 58 68 99 121 155 196 216 222 239 253 291 305 306 318 346 357 364 427 493 494 496 498 501 505 546 595 631 639 693 712 723 730 767 824 855 868 870 884 890 915 920 963 965
Compactness: 4591.580742
Weights: 579.000000 10082.000000 2915.000000
Center Node: 239

District 3
Nodes: 9 17 38 64 81 151 161 167 171 190 205 252 263 265 293 297 317 338 363 365 392 456 466 488 520 525 554 570 577 601 604 647 677 725 732 756 763 772 786 792 814 823 825 838 906 929 943 970 989 998
Compactness: 5820.389327
Weights: 581.000000 10524.000000 2835.000000
Center Node: 190

District 4
Nodes: 27 28 54 103 108 115 116 118 128 143 150 170 180 183 188 217 242 275 277 278 299 307 311 320 376 395 421 449 475 495 519 539 547 552 613 629 646 704 717 722 771 773 797 803 826 905 921 926 935 944 960 961 997
Compactness: 4438.093255
Weights: 605.000000 10759.000000 2975.000000
Center Node: 170

District 5
Nodes: 14 19 37 43 51 56 74 82 113 136 140 141 144 165 181 192 201 204 210 236 274 296 313 322 332 345 394 446 450 457 471 503 512 517 537 623 650 667 670 691 705 724 739 742 790 812 859 889 909 939 981 988
Compactness: 4517.690725
Weights: 616.000000 11075.000000 2933.000000
Center Node: 37

District 6
Nodes: 26 33 114 117 125 146 184 246 268 280 303 315 319 321 330 354 358 370 422 443 523 524 543 551 555 574 579 615 616 675 703 718 736 738 766 783 785 789 800 816 834 853 880 923 925 933 953 974
Compactness: 4845.736716
Weights: 593.000000 10086.000000 2766.000000
Center Node: 443

District 7
Nodes: 20 77 83 91 233 270 281 323 335 349 383 389 393 413 430 452 453 455 477 508 549 559 563 571 575 587 590 591 594 611 652 653 655 698 700 702 743 748 749 809 818 896 897 907 945 967 969 985 995
Compactness: 3666.158768
Weights: 566.000000 11001.000000 2768.000000
Center Node: 896

District 8
Nodes: 13 21 95 122 168 257 264 294 325 336 355 387 396 398 423 467 468 476 506 513 572 580 589 610 637 660 662 699 720 728 781 794 815 832 836 863 865 893 994
Compactness: 3634.867666
Weights: 452.000000 8803.000000 2232.000000
Center Node: 699

District 9
Nodes: 4 45 87 124 135 142 147 153 177 194 207 211 259 286 312 326 331 390 442 454 474 492 507 540 568 569 588 643 657 663 676 682 687 710 774 791 805 811 819 845 852 873 882 891 918 928 942 952 991
Compactness: 5541.605691
Weights: 596.000000 11006.000000 2945.000000
Center Node: 569

District 10
Nodes: 23 34 66 72 96 97 107 138 154 159 169 198 213 223 231 271 304 327 351 410 420 428 445 473 483 515 534 535 561 562 614 624 636 678 680 708 709 753 755 764 769 776 808 877 949 964 968 978 992 993 996
Compactness: 4171.238645
Weights: 609.000000 10095.000000 2936.000000
Center Node: 72

District 11
Nodes: 18 90 100 101 106 158 172 189 202 215 232 249 301 316 324 328 343 348 353 380 384 388 436 465 481 497 518 522 553 581 608 617 648 668 688 719 758 828 844 848 876 879 881 886 888 911 919 922 946 956 982
Compactness: 4278.918035
Weights: 625.000000 10766.000000 2675.000000
Center Node: 353

District 12
Nodes: 3 11 12 50 62 80 92 127 131 132 173 182 195 200 206 226 227 235 237 276 285 342 344 350 366 371 426 429 444 470 528 545 586 628 638 679 715 741 751 752 768 775 799 830 861 898 931 932 957 971 977
Compactness: 5485.917730
Weights: 664.000000 11057.000000 2658.000000
Center Node: 92

District 13
Nodes: 0 35 84 98 123 137 139 149 185 214 229 230 244 254 261 288 298 300 309 329 334 375 377 379 386 397 399 406 550 582 593 609 630 644 656 726 735 740 750 793 801 822 827 835 843 854 895 900 910 950
Compactness: 4150.596540
Weights: 618.000000 10870.000000 2889.000000
Center Node: 137

District 14
Nodes: 10 69 89 102 104 308 339 341 347 352 412 418 419 469 487 504 532 565 578 583 597 600 612 618 645 658 666 669 672 716 721 765 777 779 784 821 839 840 857 869 872 913 927 951 958 979 986 999
Compactness: 5947.876857
Weights: 562.000000 11017.000000 2892.000000
Center Node: 721

District 15
Nodes: 29 39 65 70 85 130 152 163 175 178 186 208 228 234 256 272 279 282 295 373 381 400 401 438 440 459 460 489 509 514 527 530 548 598 633 634 635 673 686 701 757 770 813 883 901 930 940 980
Compactness: 3813.402644
Weights: 650.000000 10454.000000 2669.000000
Center Node: 256

District 16
Nodes: 16 32 49 63 86 94 110 126 156 174 209 219 240 260 262 266 269 284 340 362 385 405 417 424 441 484 606 641 649 665 681 697 713 727 737 745 754 807 817 846 849 850 864 892 899 902 914 954 955 972 983
Compactness: 5362.388191
Weights: 702.000000 9815.000000 2863.000000
Center Node: 954

District 17
Nodes: 5 30 31 55 67 76 79 112 119 134 160 166 176 203 218 220 248 251 273 337 407 415 416 435 448 461 478 533 573 584 602 622 627 640 659 664 685 695 707 711 778 782 820 847 858 867 874 878 885 887 912 947
Compactness: 5530.509973
Weights: 630.000000 10745.000000 2755.000000
Center Node: 55

District 18
Nodes: 2 42 46 48 61 71 75 105 109 133 145 187 243 250 255 267 287 310 314 360 368 369 447 458 463 486 490 491 516 538 557 560 564 585 599 603 626 651 661 671 684 696 731 744 787 804 833 862 871 934 936 959 990
Compactness: 5189.483811
Weights: 635.000000 11010.000000 2921.000000
Center Node: 603

District 19
Nodes: 25 47 129 148 162 164 191 197 199 238 241 258 289 356 382 409 431 451 480 482 500 511 521 536 542 567 605 619 632 642 674 689 690 692 694 729 733 734 746 759 760 761 798 810 831 842 875 903 917 938 948 962
Compactness: 4160.054432
Weights: 641.000000 11048.000000 2968.000000
Center Node: 760

District 20
Nodes: 15 22 24 36 78 88 93 120 179 221 225 245 283 290 292 414 433 434 462 464 472 485 502 510 526 529 531 541 544 556 566 576 592 596 621 625 762 796 837 851 856 860 894 904 908 924 941 966 973 976 987
Compactness: 3878.787568
Weights: 621.000000 11062.000000 2679.000000
Center Node: 485
