BalanceViolation 23581.002000
AffinityLoss 3898.000000
Compactness 118573.388184

District 1
Nodes: 21 144 202 249 291 323 371 383 479 510 529 573 589 620 706 718 775 1065 1077 1102 1218 1269 1298 1331 1352 1356 1371 1410 1458 1565 1577 1616 1689 1802 1833 1848 1910 1976
Compactness: 1893.583646
Weights: 441.000000 7809.000000 2320.000000
Center Node: 529

District 2
Nodes: 18 34 154 272 294 392 445 471 502 508 515 553 572 578 631 649 657 698 750 754 794 798 883 906 1032 1037 1175 1258 1264 1376 1438 1539 1572 1619 1687 1708 1729 1740 1769 1839 1929 1942 1978
Compactness: 4036.256362
Weights: 553.000000 9296.000000 2455.000000
Center Node: 754

District 3
Nodes: 28 192 196 390 432 490 566 628 656 799 859 865 933 965 977 1073 1088 1094 1109 1217 1219 1289 1292 1327 1473 1512 1528 1549 1654 1691 1716 1899 1918 1983
Compactness: 1467.552248
Weights: 410.000000 6312.000000 1811.000000
Center Node: 1528

District 4
Nodes: 58 129 195 310 399 442 486 635 669 766 768 797 926 1045 1071 1083 1223 1241 1281 1282 1307 1319 1346 1586 1606 1618 1628 1650 1662 1735 1881 1882 1894 1953 1958
Compactness: 1681.999304
Weights: 408.000000 6490.000000 1773.000000
Center Node: 1241

District 5
Nodes: 0 52 96 181 189 220 252 257 403 437 460 501 511 523 556 588 617 765 801 845 877 881 959 1130 1148 1167 1176 1197 1398 1435 1502 1623 1714 1724 1824 1846 1903 1908 1961
Compactness: 2121.871896
Weights: 454.000000 8756.000000 2228.000000
Center Node: 523

District 6
Nodes: 45 48 67 97 107 136 145 148 180 275 330 362 514 545 567 719 726 735 770 776 836 869 913 915 1070 1114 1139 1395 1467 1499 1649 1707 1726 1797 1888 1928
Compactness: 1918.501646
Weights: 444.000000 7556.000000 2189.000000
Center Node: 1928

District 7
Nodes: 35 47 61 127 170 217 243 262 263 300 308 318 370 472 543 593 666 680 732 780 829 861 888 914 1017 1038 1044 1190 1214 1252 1253 1259 1323 1328 1375 1394 1518 1566 1682 1705 1727 1821
Compactness: 2527.829633
Weights: 467.000000 7785.000000 2532.000000
Center Node: 780

District 8
Nodes: 78 95 283 325 337 365 387 419 467 469 489 554 795 887 905 918 934 964 1029 1093 1113 1166 1169 1195 1308 1362 1387 1464 1604 1622 1657 1677 1695 1712 1748 1773 1858 1944 1960 1968
Compactness: 2186.219204
Weights: 491.000000 8243.000000 1893.000000
Center Node: 387

District 9
Nodes: 1 2 65 81 140 158 233 258 297 305 519 602 630 639 672 696 740 872 924 944 958 994 1153 1261 1272 1486 1535 1559 1603 1625 1631 1660 1669 1670 1792 1830 1856 1997
Compactness: 2416.510183
Weights: 472.000000 8433.000000 2213.000000
Center Node: 1631

District 10
Nodes: 40 57 59 194 200 207 209 225 229 269 314 352 354 381 389 448 463 480 485 823 834 985 1035 1075 1078 1132 1191 1211 1220 1240 1248 1276 1332 1359 1372 1480 1494 1783 1857 1860 1861 1902 1964 1992
Compactness: 2735.881970
Weights: 561.000000 8108.000000 2873.000000
Center Node: 485

District 11
Nodes: 76 91 125 168 179 188 190 199 237 307 357 397 407 409 453 494 624 653 690 695 908 952 1098 1115 1135 1161 1164 1294 1415 1425 1453 1525 1595 1641 1692 1755 1760 1789 1798 1825 1924 1943 1967
Compactness: 1930.181449
Weights: 501.000000 8812.000000 2641.000000
Center Node: 307

District 12
Nodes: 23 70 75 303 340 401 414 444 488 491 592 644 674 784 792 955 963 991 1019 1066 1099 1111 1181 1202 1239 1343 1383 1406 1408 1420 1422 1490 1510 1533 1544 1556 1640 1697 1732 1884 1907 1947
Compactness: 1888.817627
Weights: 566.000000 8871.000000 2210.000000
Center Node: 1640

District 13
Nodes: 10 14 49 55 72 162 167 322 345 527 528 686 723 739 745 758 853 876 1008 1117 1121 1316 1342 1405 1459 1503 1509 1523 1611 1612 1644 1754 1781 1890 1919
Compactness: 1716.397924
Weights: 395.000000 7183.000000 1974.000000
Center Node: 758

District 14
Nodes: 53 131 149 187 216 224 264 299 359 425 560 701 882 986 1025 1068 1081 1119 1158 1260 1293 1314 1341 1374 1460 1496 1500 1505 1534 1564 1574 1575 1723 1891 1912 1932 1955
Compactness: 1616.158307
Weights: 485.000000 9035.000000 2087.000000
Center Node: 299

District 15
Nodes: 111 123 166 177 183 227 240 373 440 614 651 654 660 693 802 847 880 889 898 916 951 954 1009 1060 1107 1155 1156 1177 1228 1232 1242 1247 1303 1309 1541 1543 1568 1600 1636 1685 1703 1865 1874 1920 1996
Compactness: 2597.125444
Weights: 517.000000 8443.000000 2428.000000
Center Node: 1600

District 16
Nodes: 26 178 348 353 417 424 451 482 531 591 679 682 708 760 832 835 837 863 909 919 935 1001 1015 1034 1170 1306 1313 1333 1337 1379 1479 1481 1531 1562 1717 1728 1730 1744 1801 1889 1998
Compactness: 2873.935513
Weights: 454.000000 8450.000000 2659.000000
Center Node: 451

District 17
Nodes: 9 11 103 135 159 174 239 346 369 410 418 470 487 568 663 702 767 822 925 983 984 1131 1199 1257 1273 1349 1366 1381 1397 1488 1524 1599 1647 1706 1709 1785 1809 1842 1886 1994
Compactness: 2038.687834
Weights: 478.000000 7988.000000 2287.000000
Center Node: 487

District 18
Nodes: 7 32 108 122 206 213 215 241 311 456 533 537 544 600 615 685 727 821 895 921 937 997 1279 1335 1370 1411 1587 1592 1632 1666 1675 1771 1774 1790 1836 1841 1885 1887 1897
Compactness: 3702.637780
Weights: 457.000000 8570.000000 2109.000000
Center Node: 7

District 19
Nodes: 29 172 236 266 334 336 363 408 477 539 704 774 843 878 949 1026 1056 1174 1338 1538 1551 1570 1588 1624 1633 1725 1826 1941 1980
Compactness: 1280.099054
Weights: 356.000000 5693.000000 1740.000000
Center Node: 1725

District 20
Nodes: 24 139 165 191 268 306 313 398 441 465 498 648 673 676 747 752 789 857 929 971 974 1089 1100 1173 1203 1205 1226 1246 1287 1329 1407 1433 1602 1673 1700 1780 1837 1853 1855 1876
Compactness: 2710.960207
Weights: 515.000000 8086.000000 2434.000000
Center Node: 24

District 21
Nodes: 31 92 146 231 254 267 375 395 429 521 542 548 576 598 605 636 670 678 737 856 912 960 982 1062 1284 1302 1419 1455 1516 1596 1638 1710 1816 1866 1925 1999
Compactness: 1983.494895
Weights: 444.000000 6311.000000 1956.000000
Center Node: 598

District 22
Nodes: 43 64 80 128 205 245 278 376 434 446 512 524 563 700 707 862 920 969 1002 1047 1104 1116 1133 1188 1215 1237 1249 1340 1413 1436 1437 1452 1471 1547 1558 1630 1634 1651 1693 1753 1901
Compactness: 3036.120050
Weights: 566.000000 7850.000000 2391.000000
Center Node: 434

District 23
Nodes: 60 109 253 256 293 301 349 360 386 436 462 493 579 692 713 950 980 1004 1118 1123 1144 1165 1278 1290 1301 1353 1369 1380 1409 1431 1441 1514 1515 1629 1704 1722 1747 1838 1867 1904
Compactness: 2257.464561
Weights: 493.000000 7648.000000 2540.000000
Center Node: 1629

District 24
Nodes: 90 118 132 161 238 270 271 279 317 596 606 610 662 665 724 725 729 736 807 831 870 936 995 1033 1092 1145 1157 1208 1212 1238 1250 1416 1418 1427 1614 1663 1667 1676 1701 1738 1827 1868
Compactness: 2760.724539
Weights: 457.000000 8572.000000 2423.000000
Center Node: 1738

District 25
Nodes: 63 83 101 120 185 214 235 356 367 423 431 438 452 500 565 569 575 611 622 769 810 976 992 1023 1036 1103 1198 1209 1235 1360 1392 1432 1484 1561 1576 1593 1680 1683 1698 1751 1859 1911 1973 1995
Compactness: 3529.211045
Weights: 604.000000 9111.000000 2690.000000
Center Node: 1036

District 26
Nodes: 15 89 119 151 169 175 198 211 284 338 374 447 459 492 507 552 640 684 842 849 854 855 981 1003 1012 1146 1183 1230 1300 1351 1529 1548 1552 1578 1720 1741 1742 1938 1972
Compactness: 2152.379854
Weights: 526.000000 6936.000000 2180.000000
Center Node: 1972

District 27
Nodes: 42 79 138 327 497 541 584 586 634 646 650 668 687 699 742 746 751 833 868 873 892 961 1011 1014 1084 1095 1105 1143 1178 1236 1251 1265 1368 1384 1656 1750 1756 1777 1817 1905 1974
Compactness: 2579.626162
Weights: 464.000000 8926.000000 2327.000000
Center Node: 868

District 28
Nodes: 41 62 88 163 355 380 382 420 433 457 476 505 555 557 581 607 608 623 637 790 910 928 1007 1013 1020 1055 1090 1216 1378 1385 1430 1457 1470 1495 1520 1589 1607 1627 1818 1819 1893 1937 1959
Compactness: 2188.404945
Weights: 459.000000 7916.000000 2894.000000
Center Node: 1055

District 29
Nodes: 13 115 176 248 302 413 439 496 603 705 728 759 773 811 830 988 1031 1050 1064 1080 1142 1149 1189 1231 1315 1344 1391 1443 1454 1522 1537 1763 1778 1787 1793 1812 1840 1933 1981
Compactness: 2018.116696
Weights: 469.000000 8209.000000 2186.000000
Center Node: 1778

District 30
Nodes: 17 130 186 201 244 292 309 361 421 455 609 632 688 806 809 828 852 894 901 932 1140 1233 1270 1363 1367 1390 1424 1474 1579 1580 1608 1653 1711 1779 1788 1854 1896 1922 1927 1991
Compactness: 2162.218026
Weights: 511.000000 7655.000000 2211.000000
Center Node: 1927

District 31
Nodes: 3 4 33 54 204 280 366 391 405 468 474 478 513 595 612 613 626 734 757 867 879 917 941 975 1076 1185 1275 1310 1325 1347 1389 1448 1493 1508 1550 1621 1892 1966 1985
Compactness: 1799.851586
Weights: 517.000000 8325.000000 2361.000000
Center Node: 612

District 32
Nodes: 93 94 133 210 226 259 261 388 415 520 530 549 667 694 712 743 777 781 819 827 838 899 987 1136 1154 1171 1530 1546 1569 1584 1678 1688 1737 1739 1776 1784 1849 1862 1880 1923
Compactness: 2090.429227
Weights: 479.000000 7904.000000 2275.000000
Center Node: 1171

District 33
Nodes: 19 50 69 102 126 255 321 406 427 481 532 744 800 803 825 826 858 1030 1079 1112 1163 1206 1244 1317 1318 1377 1404 1434 1442 1615 1674 1731 1746 1799 1813 1828 1873 1883 1913 1935 1948 1954 1956 1971
Compactness: 2531.150200
Weights: 546.000000 8666.000000 2638.000000
Center Node: 1377

District 34
Nodes: 37 82 156 219 230 319 372 377 484 509 590 738 755 818 967 979 990 1072 1082 1125 1141 1186 1304 1305 1361 1477 1521 1526 1554 1605 1671 1699 1715 1749 1829 1878 1916
Compactness: 2097.859939
Weights: 427.000000 7742.000000 2202.000000
Center Node: 1304

District 35
Nodes: 74 197 277 329 378 379 416 428 458 504 506 601 619 658 671 720 721 771 923 1018 1147 1192 1224 1225 1271 1350 1517 1553 1617 1648 1767 1805 1844 1845 1852 1895 1915 1931 1934
Compactness: 1657.618649
Weights: 444.000000 8531.000000 2135.000000
Center Node: 506

District 36
Nodes: 27 105 113 160 184 315 320 331 404 475 534 538 587 616 641 655 711 805 940 946 1049 1134 1184 1227 1286 1311 1322 1355 1357 1382 1482 1497 1513 1527 1545 1610 1686 1765 1770 1794 1832 1909 1945 1975 1989
Compactness: 2642.670965
Weights: 498.000000 9964.000000 2932.000000
Center Node: 587

District 37
Nodes: 51 98 164 203 208 222 246 251 274 368 450 495 824 841 890 900 904 931 998 1057 1087 1126 1159 1160 1210 1299 1354 1400 1412 1445 1456 1483 1511 1532 1540 1585 1620 1635 1681 1782 1795 1875
Compactness: 2365.643883
Weights: 494.000000 8560.000000 2463.000000
Center Node: 931

District 38
Nodes: 20 68 87 106 157 218 228 281 333 358 411 430 540 551 661 814 953 993 1005 1027 1040 1052 1069 1127 1128 1179 1194 1256 1345 1364 1365 1373 1462 1489 1506 1659 1684 1690 1713 1762 1851 1926 1936
Compactness: 2224.208354
Weights: 528.000000 8473.000000 2282.000000
Center Node: 1506

District 39
Nodes: 114 147 182 287 394 522 564 638 763 783 791 850 874 911 945 956 978 1000 1048 1086 1122 1137 1187 1201 1229 1262 1283 1324 1348 1421 1444 1519 1582 1583 1652 1658 1702 1807 1847 1921 1930 1939 1963 1982
Compactness: 2912.166608
Weights: 583.000000 8756.000000 2268.000000
Center Node: 1086

District 40
Nodes: 6 30 39 112 134 289 295 351 384 385 412 422 562 647 652 689 709 717 764 804 816 839 851 871 902 999 1058 1097 1138 1151 1274 1492 1721 1745 1758 1803 1872 1900 1917 1949 1970 1979
Compactness: 2447.000534
Weights: 463.000000 9012.000000 2080.000000
Center Node: 385

District 41
Nodes: 36 86 100 124 223 247 339 464 503 525 559 716 762 782 785 812 815 866 886 943 1022 1059 1193 1296 1297 1428 1461 1466 1468 1536 1637 1646 1661 1775 1822 1871 1951 1969 1977 1986 1987 1990 1993
Compactness: 2405.701059
Weights: 540.000000 8461.000000 2171.000000
Center Node: 559

District 42
Nodes: 117 142 298 341 347 536 570 629 645 677 691 756 761 772 796 907 927 947 962 972 989 1041 1101 1180 1204 1213 1255 1330 1339 1581 1598 1626 1761 1804 1815 1835 1879
Compactness: 2347.921352
Weights: 456.000000 7063.000000 2133.000000
Center Node: 989

District 43
Nodes: 38 66 84 121 221 304 335 342 350 393 454 561 580 604 618 625 633 681 710 875 884 922 939 948 1061 1063 1074 1129 1207 1263 1320 1336 1447 1469 1475 1613 1639 1642 1806 1863 1946 1950
Compactness: 2438.950415
Weights: 520.000000 9484.000000 2187.000000
Center Node: 335

District 44
Nodes: 5 150 193 426 435 461 473 546 582 642 643 703 786 808 817 846 897 903 957 970 996 1054 1096 1120 1196 1200 1222 1254 1334 1429 1451 1476 1504 1567 1591 1601 1643 1694 1768 1791 1811 1869 1877 1898
Compactness: 3465.896501
Weights: 476.000000 8421.000000 2317.000000
Center Node: 957

District 45
Nodes: 22 71 85 110 143 173 232 234 250 276 288 326 518 535 577 594 675 730 749 813 885 893 968 973 1042 1053 1067 1108 1110 1245 1266 1267 1280 1439 1472 1501 1571 1573 1719 1823 1962
Compactness: 4119.201591
Weights: 503.000000 8609.000000 2274.000000
Center Node: 518

District 46
Nodes: 16 44 73 77 137 328 396 466 583 621 627 659 697 753 779 840 848 1043 1085 1124 1234 1277 1295 1399 1402 1414 1449 1491 1555 1594 1668 1696 1786 1796 1808 1814 1831 1906 1984
Compactness: 2463.236763
Weights: 409.000000 8808.000000 2319.000000
Center Node: 73

District 47
Nodes: 25 46 152 242 265 286 296 443 449 499 517 664 683 733 741 787 891 1021 1182 1285 1291 1312 1358 1417 1440 1463 1557 1590 1664 1752 1772 1810 1820 1834 1864 1965
Compactness: 1770.843906
Weights: 424.000000 7032.000000 2145.000000
Center Node: 1965

District 48
Nodes: 104 153 155 171 273 285 343 344 483 547 550 571 731 844 1024 1039 1046 1051 1150 1168 1268 1326 1386 1396 1401 1423 1426 1542 1645 1665 1734 1757 1764 1843 1850
Compactness: 1649.500861
Weights: 391.000000 7348.000000 2074.000000
Center Node: 571

District 49
Nodes: 8 116 141 212 260 290 400 402 516 526 558 585 599 722 778 820 860 896 942 966 1006 1016 1091 1152 1221 1243 1321 1388 1393 1465 1478 1485 1498 1563 1672 1733 1736 1759 1766 1914 1940 1957 1988
Compactness: 2715.992449
Weights: 509.000000 9089.000000 2301.000000
Center Node: 722

District 50
Nodes: 12 56 99 282 312 316 324 332 364 574 597 714 715 748 788 793 864 930 938 1010 1028 1106 1162 1172 1288 1403 1446 1450 1487 1507 1560 1597 1609 1655 1679 1718 1743 1800 1870 1952
Compactness: 2418.575338
Weights: 482.000000 7406.000000 2622.000000
Center Node: 332
