BalanceViolation 27217.945000
AffinityLoss 3928.000000
Compactness 113981.843744

District 1
Nodes: 39 53 179 390 438 495 498 620 767 776 819 856 887 911 923 971 990 1036 1044 1090 1096 1139 1161 1174 1274 1344 1422 1440 1462 1468 1571 1577 1581 1585 1638 1756 1856 1871 1944
Compactness: 2396.941259
Weights: 434.000000 7894.000000 2303.000000
Center Node: 179

District 2
Nodes: 47 209 276 295 330 413 426 670 695 724 742 764 788 854 889 930 1047 1059 1091 1125 1178 1267 1301 1302 1315 1367 1387 1520 1663 1665 1727 1777 1835 1846 1888 1954 1976 1999
Compactness: 1909.683903
Weights: 420.000000 8634.000000 1993.000000
Center Node: 1315

District 3
Nodes: 6 33 46 182 256 319 398 408 423 474 661 672 691 803 834 954 997 1028 1110 1122 1131 1141 1228 1258 1295 1327 1342 1366 1411 1458 1508 1612 1730 1774 1838 1840 1853 1907 1927 1964 1995
Compactness: 3216.047396
Weights: 504.000000 8264.000000 2147.000000
Center Node: 803

District 4
Nodes: 30 82 121 207 238 286 346 375 448 465 529 531 697 698 746 786 888 950 960 1000 1051 1056 1268 1333 1350 1410 1439 1470 1567 1604 1625 1785 1804 1811 1892 1903 1985
Compactness: 2158.954254
Weights: 435.000000 6778.000000 1903.000000
Center Node: 1625

District 5
Nodes: 0 28 218 224 251 288 296 339 361 367 420 472 485 566 600 640 826 866 891 915 926 937 948 981 1034 1037 1042 1071 1177 1187 1348 1354 1384 1464 1537 1538 1548 1555 1636 1655 1867 1921
Compactness: 2575.087248
Weights: 509.000000 8798.000000 2464.000000
Center Node: 1548

District 6
Nodes: 50 168 324 340 523 615 732 782 843 914 949 951 967 1046 1079 1146 1167 1188 1233 1245 1283 1304 1361 1402 1415 1510 1518 1534 1559 1751 1760 1801 1822 1937 1949
Compactness: 2243.091104
Weights: 384.000000 7334.000000 1971.000000
Center Node: 1937

District 7
Nodes: 9 98 135 136 275 303 312 327 332 341 351 431 469 609 625 657 719 744 787 813 851 864 919 920 999 1020 1061 1073 1075 1144 1170 1190 1223 1313 1358 1363 1416 1451 1469 1535 1589 1690 1758 1781 1791 1810 1863 1879 1917 1969
Compactness: 3070.776346
Weights: 601.000000 9929.000000 3029.000000
Center Node: 327

District 8
Nodes: 54 67 77 84 315 404 457 576 585 736 753 781 871 872 932 957 992 1038 1164 1165 1203 1378 1424 1461 1467 1532 1594 1632 1633 1700 1710 1782 1795 1825 1864 1899 1909 1940 1961
Compactness: 2657.028126
Weights: 466.000000 8567.000000 2197.000000
Center Node: 1633

District 9
Nodes: 70 76 131 279 290 393 467 473 489 517 543 546 593 618 650 705 709 725 730 743 895 1097 1123 1244 1320 1332 1599 1652 1738 1829 1926 1996
Compactness: 1602.582077
Weights: 399.000000 7759.000000 1931.000000
Center Node: 1996

District 10
Nodes: 87 197 310 336 369 412 583 592 612 619 653 685 700 759 784 896 897 1081 1183 1235 1257 1271 1368 1399 1432 1434 1450 1473 1572 1629 1647 1718 1741 1799 1814 1847 1885 1938 1972
Compactness: 2040.333268
Weights: 463.000000 8994.000000 2164.000000
Center Node: 1434

District 11
Nodes: 14 58 83 97 153 194 199 221 261 292 323 344 366 379 406 419 481 677 733 827 847 900 902 908 955 979 988 995 1050 1101 1128 1202 1209 1221 1325 1353 1369 1374 1421 1523 1686 1792 1806 1865 1953
Compactness: 2458.728760
Weights: 506.000000 9552.000000 2380.000000
Center Node: 1202

District 12
Nodes: 10 24 99 171 233 263 365 435 458 761 762 780 807 818 917 969 1100 1112 1119 1149 1166 1199 1239 1240 1273 1296 1405 1406 1433 1517 1569 1677 1678 1766 1802 1834 1914 1963 1991
Compactness: 2513.919745
Weights: 449.000000 7371.000000 2303.000000
Center Node: 233

District 13
Nodes: 17 79 169 208 212 267 272 328 334 380 451 454 456 480 559 577 594 606 627 715 741 853 877 936 961 1009 1208 1305 1372 1480 1505 1592 1608 1674 1689 1759 1854 1859 1965 1966
Compactness: 1929.733113
Weights: 474.000000 9084.000000 2304.000000
Center Node: 169

District 14
Nodes: 23 61 111 167 205 220 281 294 298 313 391 421 450 573 591 602 604 638 642 675 684 751 757 886 935 966 1039 1163 1176 1184 1237 1276 1382 1401 1463 1490 1495 1553 1639 1723 1749 1798 1816 1875
Compactness: 2372.732719
Weights: 550.000000 9592.000000 2453.000000
Center Node: 751

District 15
Nodes: 8 59 104 192 195 248 355 372 574 622 820 852 890 1026 1088 1158 1260 1270 1335 1356 1449 1499 1541 1580 1583 1593 1598 1614 1628 1651 1696 1748 1878 1913 1968
Compactness: 1651.002769
Weights: 462.000000 7309.000000 2051.000000
Center Node: 574

District 16
Nodes: 293 326 377 392 439 462 482 491 515 560 563 696 796 823 837 904 989 1012 1066 1078 1085 1104 1114 1206 1312 1392 1407 1417 1531 1579 1619 1657 1893 1925 1939 1957 1958
Compactness: 1765.658202
Weights: 522.000000 8017.000000 2589.000000
Center Node: 989

District 17
Nodes: 36 184 188 252 345 386 521 580 655 721 801 829 841 985 996 1015 1021 1084 1193 1241 1323 1428 1457 1496 1513 1550 1688 1706 1726 1762 1767 1820 1851 1852 1905 1978 1988
Compactness: 1789.525267
Weights: 445.000000 7346.000000 2129.000000
Center Node: 386

District 18
Nodes: 15 81 90 129 149 151 172 223 245 356 407 445 511 525 538 564 728 739 810 825 840 870 881 944 952 958 978 1031 1148 1168 1169 1180 1194 1287 1307 1329 1371 1409 1466 1503 1525 1616 1654 1675 1684 1709 1740 1860 1884 1891 1987
Compactness: 2535.539384
Weights: 611.000000 10274.000000 2862.000000
Center Node: 172

District 19
Nodes: 11 16 25 63 102 126 140 189 204 229 240 268 359 370 397 401 434 477 504 536 554 584 607 632 645 652 654 663 665 708 712 828 939 945 946 962 1002 1058 1087 1196 1236 1253 1394 1395 1487 1507 1557 1564 1565 1640 1872 1941 1955
Compactness: 3232.848964
Weights: 675.000000 11380.000000 3242.000000
Center Node: 708

District 20
Nodes: 13 139 241 254 300 343 368 384 464 499 513 526 539 571 590 714 727 734 754 758 799 884 1074 1121 1220 1423 1435 1561 1610 1662 1715 1873 1930 1931 1945
Compactness: 1983.952295
Weights: 371.000000 8287.000000 1897.000000
Center Node: 1945

District 21
Nodes: 115 134 164 400 453 487 494 549 599 636 707 726 777 785 838 857 863 898 959 1033 1055 1098 1151 1186 1197 1198 1254 1277 1308 1386 1528 1648 1681 1812 1833 1974
Compactness: 1876.296975
Weights: 466.000000 8339.000000 2206.000000
Center Node: 838

District 22
Nodes: 128 147 158 219 265 269 322 325 331 410 424 459 605 617 671 680 681 704 791 793 901 927 993 1113 1189 1264 1292 1294 1324 1389 1544 1560 1643 1671 1752 1929 1933 1967
Compactness: 2197.886811
Weights: 439.000000 7930.000000 2203.000000
Center Node: 1933

District 23
Nodes: 86 96 125 291 302 354 522 548 641 649 690 798 850 892 928 938 1019 1024 1041 1069 1153 1154 1157 1171 1205 1251 1269 1365 1478 1498 1573 1644 1707 1765 1823 1849 1866 1922 1975
Compactness: 1958.218664
Weights: 456.000000 8306.000000 2485.000000
Center Node: 1157

District 24
Nodes: 51 69 105 138 236 237 249 258 402 405 416 520 555 586 603 658 789 842 1018 1062 1089 1150 1204 1322 1385 1447 1454 1485 1545 1568 1588 1650 1691 1711 1714 1728 1771 1836 1932 1936 1947
Compactness: 2916.959727
Weights: 446.000000 8647.000000 2283.000000
Center Node: 1454

District 25
Nodes: 100 101 117 213 247 257 357 411 436 501 541 597 631 648 745 845 846 906 941 947 1013 1107 1117 1172 1173 1224 1326 1334 1345 1390 1412 1501 1515 1705 1745 1763 1764 1778 1882 1883 1950
Compactness: 2415.525519
Weights: 471.000000 8699.000000 2290.000000
Center Node: 1173

District 26
Nodes: 1 7 206 211 342 388 440 461 468 556 686 693 710 720 722 748 755 771 861 1023 1025 1109 1111 1120 1232 1275 1359 1413 1479 1512 1516 1590 1605 1630 1635 1683 1736 1809 1821 1842 1850 1897
Compactness: 2308.915267
Weights: 506.000000 9485.000000 2401.000000
Center Node: 1275

District 27
Nodes: 64 110 309 337 358 505 568 624 682 729 747 750 765 766 770 772 795 797 812 922 987 1005 1029 1053 1067 1077 1083 1130 1145 1200 1216 1217 1263 1303 1377 1398 1431 1456 1484 1500 1602 1839 1844 1908
Compactness: 2672.388339
Weights: 505.000000 8302.000000 2735.000000
Center Node: 797

District 28
Nodes: 29 73 89 95 306 374 476 506 588 595 683 687 716 811 824 868 912 977 991 1048 1116 1285 1319 1321 1347 1349 1376 1444 1471 1488 1502 1570 1613 1621 1670 1687 1698 1783 1790 1855 1911 1924 1984 1989
Compactness: 3243.132678
Weights: 533.000000 8584.000000 2525.000000
Center Node: 1698

District 29
Nodes: 35 40 49 60 72 106 137 150 176 210 246 271 307 352 371 488 497 519 589 621 639 664 694 713 738 779 1065 1095 1115 1136 1309 1380 1393 1481 1769 1794 1906 1923 1956 1983
Compactness: 2086.785652
Weights: 493.000000 9377.000000 2120.000000
Center Node: 589

District 30
Nodes: 34 57 114 118 177 226 318 479 490 518 557 614 623 674 678 702 723 878 1160 1215 1227 1281 1284 1362 1381 1383 1388 1549 1578 1618 1676 1680 1699 1701 1755 1837 1881 1904 1934 1960 1980
Compactness: 1780.635555
Weights: 521.000000 8724.000000 2428.000000
Center Node: 678

District 31
Nodes: 43 180 186 202 225 244 301 348 507 524 544 667 839 964 973 1094 1143 1191 1226 1248 1255 1317 1442 1443 1448 1459 1526 1611 1653 1656 1746 1747 1768 1788 1796 1828 1901 1959 1993
Compactness: 2336.638438
Weights: 458.000000 8814.000000 2277.000000
Center Node: 964

District 32
Nodes: 41 143 163 214 297 299 387 389 418 429 446 503 558 616 628 666 703 821 931 953 1105 1134 1162 1225 1373 1408 1436 1497 1622 1645 1716 1725 1826 1861 1880 1997
Compactness: 1794.831705
Weights: 475.000000 8898.000000 2025.000000
Center Node: 1162

District 33
Nodes: 52 56 65 75 148 178 274 308 314 321 338 496 535 634 637 659 692 769 817 836 879 905 998 1060 1102 1142 1211 1229 1250 1336 1472 1476 1491 1552 1609 1682 1744 1753 1761 1779 1784 1870
Compactness: 2656.824857
Weights: 521.000000 9229.000000 2461.000000
Center Node: 1250

District 34
Nodes: 21 38 127 243 255 360 385 444 470 475 492 547 611 643 646 778 909 1004 1007 1035 1054 1068 1082 1092 1124 1182 1262 1278 1426 1465 1603 1646 1659 1733 1757 1772 1841 1848 1876
Compactness: 2197.344559
Weights: 463.000000 8553.000000 2107.000000
Center Node: 1182

District 35
Nodes: 12 45 94 159 170 264 383 540 565 598 717 913 942 972 1030 1040 1129 1137 1210 1290 1343 1489 1492 1519 1551 1641 1673 1685 1692 1697 1720 1724 1731 1775 1818 1845 1916
Compactness: 1961.539985
Weights: 451.000000 7608.000000 1977.000000
Center Node: 1673

District 36
Nodes: 31 68 116 156 175 230 253 289 364 425 437 478 508 510 527 562 608 656 669 832 849 873 875 1063 1093 1132 1311 1400 1509 1514 1563 1666 1702 1770 1805 1894 1948 1981
Compactness: 1963.641125
Weights: 450.000000 7256.000000 2281.000000
Center Node: 1666

District 37
Nodes: 18 22 78 88 108 196 231 353 376 409 415 502 552 572 629 651 774 880 883 994 1017 1043 1072 1156 1207 1222 1231 1279 1352 1430 1453 1475 1511 1586 1600 1601 1694 1729 1803 1831 1877 1886 1920 1970 1986
Compactness: 2593.739311
Weights: 543.000000 8937.000000 2759.000000
Center Node: 108

District 38
Nodes: 3 92 190 200 215 234 235 373 443 493 578 699 844 858 893 907 918 970 976 984 1011 1014 1016 1076 1140 1179 1218 1256 1299 1337 1438 1483 1539 1576 1591 1597 1658 1743 1808 1874 1979
Compactness: 2079.273718
Weights: 465.000000 8530.000000 2517.000000
Center Node: 1337

District 39
Nodes: 85 91 119 130 198 227 287 317 428 466 471 711 808 809 815 822 830 865 903 1001 1006 1070 1159 1230 1247 1306 1314 1418 1482 1607 1637 1704 1712 1734 1832 1868
Compactness: 1855.099545
Weights: 426.000000 7884.000000 2070.000000
Center Node: 809

District 40
Nodes: 55 80 109 160 166 483 516 534 542 763 874 916 934 940 943 965 982 1052 1080 1099 1192 1213 1280 1346 1403 1414 1540 1542 1543 1617 1623 1773 1776 1800 1817 1857 1946 1952 1990
Compactness: 2353.849710
Weights: 451.000000 9585.000000 2037.000000
Center Node: 55

District 41
Nodes: 19 42 120 157 216 250 266 280 432 449 452 528 532 550 567 630 783 805 816 862 867 894 933 968 1152 1181 1249 1318 1477 1527 1587 1596 1661 1667 1721 1735 1786 1887
Compactness: 2001.986768
Weights: 440.000000 7811.000000 2046.000000
Center Node: 1661

District 42
Nodes: 2 146 155 173 187 259 270 382 430 455 486 575 582 596 768 835 859 869 963 1045 1108 1118 1138 1185 1234 1238 1243 1300 1328 1364 1375 1452 1504 1556 1584 1627 1642 1889 1962
Compactness: 3668.221202
Weights: 411.000000 7396.000000 2467.000000
Center Node: 270

District 43
Nodes: 27 32 132 141 145 162 174 278 282 284 378 381 500 569 800 921 974 1003 1057 1086 1195 1201 1261 1266 1272 1419 1493 1554 1669 1693 1719 1732 1815 1862 1982 1992 1998
Compactness: 2368.989788
Weights: 440.000000 8014.000000 2210.000000
Center Node: 141

District 44
Nodes: 71 124 154 165 228 316 433 441 533 579 581 740 929 983 1246 1259 1297 1298 1341 1351 1357 1391 1437 1441 1486 1536 1606 1634 1780 1813 1951
Compactness: 1215.417412
Weights: 317.000000 6247.000000 1619.000000
Center Node: 1780

District 45
Nodes: 123 144 260 305 311 335 403 460 484 509 512 530 601 689 706 718 752 806 831 848 860 924 925 956 1106 1135 1293 1330 1331 1339 1445 1506 1522 1530 1574 1668 1797 1830 1900 1943
Compactness: 1984.391431
Weights: 488.000000 7827.000000 2288.000000
Center Node: 1522

District 46
Nodes: 4 5 26 62 74 93 122 142 183 232 304 333 394 537 570 662 676 679 910 975 1010 1022 1049 1126 1127 1219 1242 1286 1316 1355 1396 1460 1474 1529 1631 1664 1695 1742 1935 1942 1994
Compactness: 2176.658592
Weights: 487.000000 9200.000000 2241.000000
Center Node: 62

District 47
Nodes: 44 103 107 152 193 277 320 347 349 395 545 551 668 673 731 756 775 794 814 833 885 1032 1064 1175 1212 1252 1404 1420 1533 1558 1575 1582 1649 1708 1750 1754 1787 1827 1869 1915 1973 1977
Compactness: 1824.144391
Weights: 521.000000 9104.000000 2039.000000
Center Node: 1404

District 48
Nodes: 48 112 191 239 273 363 417 442 447 463 553 561 587 626 644 735 737 855 882 899 986 1103 1133 1155 1214 1265 1282 1338 1379 1429 1521 1566 1595 1620 1679 1703 1713 1739 1807 1858 1895 1928
Compactness: 2438.641495
Weights: 519.000000 8557.000000 2636.000000
Center Node: 587

District 49
Nodes: 20 37 66 113 185 201 203 222 242 262 283 329 362 396 399 613 635 660 760 802 804 876 1008 1147 1289 1360 1370 1397 1427 1524 1547 1624 1660 1717 1722 1819 1890 1898 1902 1912
Compactness: 2319.585648
Weights: 497.000000 9472.000000 2258.000000
Center Node: 1890

District 50
Nodes: 133 161 181 217 285 350 414 422 427 514 610 633 647 688 701 749 773 790 792 980 1027 1288 1291 1310 1340 1425 1446 1455 1494 1546 1562 1615 1626 1672 1737 1789 1793 1824 1843 1896 1910 1918 1919 1971
Compactness: 2630.112677
Weights: 547.000000 9587.000000 2242.000000
Center Node: 427
