BalanceViolation 2271.132000
AffinityLoss 0.000000
Compactness 65353.821507

District 1
Nodes: 9 15 26 109 254 268 277 282 304 335 501 563 635 654 688 693 707
Compactness: 957.558823
Weights: 207.000000 4389.000000 1074.000000
Center Node: 304

District 2
Nodes: 13 75 115 171 200 295 462 472 498 499 617 648 704 705 784 859 919 938 964 989
Compactness: 1270.780757
Weights: 253.000000 4202.000000 1172.000000
Center Node: 498

District 3
Nodes: 7 58 61 63 180 227 274 284 327 541 560 586 614 618 650 651 657 709 792 871 988
Compactness: 1616.539547
Weights: 195.000000 3281.000000 1157.000000
Center Node: 650

District 4
Nodes: 0 19 23 33 41 72 127 139 250 301 451 485 555 628 795 838 892 918 943 959 973 986 995
Compactness: 1976.075693
Weights: 258.000000 4003.000000 1294.000000
Center Node: 19

District 5
Nodes: 34 54 102 122 217 225 271 302 315 338 343 512 522 700 702 801 852 881 883 950
Compactness: 1318.415144
Weights: 250.000000 4185.000000 1275.000000
Center Node: 102

District 6
Nodes: 183 192 242 296 313 506 517 537 540 588 591 633 739 809 810 823 866 877 895 947
Compactness: 1179.231682
Weights: 244.000000 3967.000000 1194.000000
Center Node: 537

District 7
Nodes: 44 70 73 159 178 237 406 408 419 424 440 444 489 500 526 572 582 698 732 832 862
Compactness: 1625.755405
Weights: 254.000000 4166.000000 916.000000
Center Node: 444

District 8
Nodes: 40 98 176 276 310 354 357 401 474 528 574 625 667 699 751 758 863 897 900 904 953
Compactness: 2284.154359
Weights: 268.000000 3639.000000 1164.000000
Center Node: 667

District 9
Nodes: 38 105 116 134 148 202 386 497 503 510 520 562 647 733 779 830 843 920 960 971
Compactness: 1485.816969
Weights: 253.000000 4196.000000 1126.000000
Center Node: 647

District 10
Nodes: 60 87 103 323 331 344 358 372 426 486 508 551 557 576 656 659 672 789 847 886 928 942
Compactness: 1248.276522
Weights: 271.000000 4342.000000 1227.000000
Center Node: 486

District 11
Nodes: 10 30 64 100 118 138 152 230 234 311 380 458 493 602 638 781 860 991 992
Compactness: 1023.580104
Weights: 241.000000 4338.000000 1188.000000
Center Node: 138

District 12
Nodes: 18 31 45 71 94 161 252 269 326 374 399 539 552 564 566 611 636 683 745 776 880
Compactness: 1372.412513
Weights: 239.000000 4307.000000 1174.000000
Center Node: 745

District 13
Nodes: 27 80 117 162 163 195 263 394 422 469 545 598 613 622 671 687 690 829 905 981
Compactness: 1270.422983
Weights: 242.000000 4394.000000 1218.000000
Center Node: 163

District 14
Nodes: 8 12 169 208 240 253 265 337 340 387 457 491 502 525 579 680 760 768 793 861 874 908
Compactness: 1070.376432
Weights: 230.000000 4243.000000 1137.000000
Center Node: 169

District 15
Nodes: 124 155 185 251 286 298 299 305 308 312 431 475 637 653 782 822 872 937
Compactness: 1756.740975
Weights: 224.000000 4087.000000 1211.000000
Center Node: 308

District 16
Nodes: 226 418 425 450 467 580 631 682 703 727 783 851 857 889 899 966 976 998
Compactness: 696.291315
Weights: 193.000000 4419.000000 1104.000000
Center Node: 889

District 17
Nodes: 82 88 97 149 165 172 186 215 218 266 288 404 445 478 504 567 568 681 788 804
Compactness: 1078.048529
Weights: 252.000000 4138.000000 1215.000000
Center Node: 215

District 18
Nodes: 62 99 104 160 297 334 350 369 416 439 529 578 722 763 805 811 813 840 876 970
Compactness: 1246.500249
Weights: 236.000000 3999.000000 1118.000000
Center Node: 416

District 19
Nodes: 36 37 126 128 132 256 289 346 377 414 492 521 626 669 746 770 846 934 982
Compactness: 1231.159892
Weights: 218.000000 4281.000000 1024.000000
Center Node: 132

District 20
Nodes: 39 48 140 239 342 362 421 429 460 461 634 655 665 668 694 747 777 812 827 867 969 974 980
Compactness: 1559.574203
Weights: 246.000000 4369.000000 1210.000000
Center Node: 969

District 21
Nodes: 90 92 101 173 187 293 349 390 471 583 603 612 674 724 735 762 828 835 979
Compactness: 1280.507824
Weights: 227.000000 4373.000000 1158.000000
Center Node: 293

District 22
Nodes: 168 223 259 267 279 283 347 356 415 480 507 531 558 559 590 755 865 914 984
Compactness: 1417.395128
Weights: 272.000000 4405.000000 1237.000000
Center Node: 531

District 23
Nodes: 1 5 35 49 74 78 190 193 203 238 249 459 548 619 630 685 743 754 808 844 853 873
Compactness: 1143.992445
Weights: 231.000000 4171.000000 1117.000000
Center Node: 35

District 24
Nodes: 43 52 95 96 125 154 196 281 330 366 455 465 585 615 738 787 885 902 906 993
Compactness: 1535.639635
Weights: 252.000000 3979.000000 1167.000000
Center Node: 43

District 25
Nodes: 14 59 221 233 261 275 314 432 456 509 516 553 584 616 629 666 759 765 790 833 901
Compactness: 1269.625219
Weights: 266.000000 4287.000000 1239.000000
Center Node: 432

District 26
Nodes: 21 133 141 167 175 309 324 405 538 546 605 624 643 715 717 786 807 888 911 924
Compactness: 2400.226771
Weights: 225.000000 4197.000000 1218.000000
Center Node: 807

District 27
Nodes: 66 108 113 130 270 285 379 411 535 594 652 689 749 773 775 837 940 952 962
Compactness: 1216.952058
Weights: 228.000000 4400.000000 1176.000000
Center Node: 411

District 28
Nodes: 46 56 143 197 243 246 294 319 375 436 442 449 476 530 556 600 609 645 664 678 834 910
Compactness: 1565.633727
Weights: 291.000000 4166.000000 1235.000000
Center Node: 243

District 29
Nodes: 55 84 107 213 245 255 264 376 438 505 518 575 587 714 728 757 764 767 821 894
Compactness: 1264.963679
Weights: 236.000000 4263.000000 1221.000000
Center Node: 245

District 30
Nodes: 3 11 24 129 145 157 328 329 336 367 428 437 454 891 915 916 944 958
Compactness: 1285.977864
Weights: 247.000000 4041.000000 1157.000000
Center Node: 944

District 31
Nodes: 16 85 89 158 320 348 371 487 570 571 596 677 679 711 741 774 799 875 926
Compactness: 903.100609
Weights: 232.000000 4182.000000 1119.000000
Center Node: 89

District 32
Nodes: 28 79 131 150 318 332 382 395 410 511 519 534 608 632 710 785 925 963 990
Compactness: 911.358938
Weights: 238.000000 4319.000000 1166.000000
Center Node: 534

District 33
Nodes: 4 22 151 257 307 361 373 383 384 448 494 496 513 515 533 536 815 903 921 939
Compactness: 1008.495715
Weights: 262.000000 4259.000000 1239.000000
Center Node: 448

District 34
Nodes: 17 50 170 191 199 209 236 280 341 353 360 435 441 484 549 641 697 771 791 922 946 957
Compactness: 1676.119416
Weights: 246.000000 4372.000000 1149.000000
Center Node: 435

District 35
Nodes: 67 69 106 112 142 164 189 194 198 219 352 466 532 670 676 712 734 748 858 868 932 977 978
Compactness: 1353.572076
Weights: 285.000000 4360.000000 1218.000000
Center Node: 532

District 36
Nodes: 119 248 260 300 396 403 413 481 542 554 623 692 718 726 814 841 870 896 997
Compactness: 1054.689465
Weights: 250.000000 4150.000000 1175.000000
Center Node: 718

District 37
Nodes: 32 65 206 232 317 325 345 355 385 392 453 473 523 723 731 740 756 816 818 826 893 951
Compactness: 1506.355580
Weights: 267.000000 4382.000000 1190.000000
Center Node: 473

District 38
Nodes: 111 120 135 147 216 229 258 290 322 397 488 514 524 589 737 825 856 869 879 935 948
Compactness: 1138.013357
Weights: 259.000000 3989.000000 1191.000000
Center Node: 147

District 39
Nodes: 6 42 181 222 235 262 333 368 388 464 544 595 661 684 719 752 849 965 975
Compactness: 1105.987757
Weights: 237.000000 4047.000000 1220.000000
Center Node: 752

District 40
Nodes: 91 174 182 228 244 359 364 381 433 434 463 483 495 577 708 721 882 936 945 983
Compactness: 1063.372690
Weights: 217.000000 4314.000000 1094.000000
Center Node: 983

District 41
Nodes: 53 57 81 136 144 153 201 273 321 363 391 423 658 695 696 798 817 968 987 996
Compactness: 1112.736011
Weights: 205.000000 3978.000000 1196.000000
Center Node: 363

District 42
Nodes: 2 123 214 272 339 565 607 642 649 660 691 713 720 730 753 803 820 842 927 961 967
Compactness: 948.956065
Weights: 269.000000 4099.000000 1122.000000
Center Node: 820

District 43
Nodes: 188 204 210 316 407 573 604 620 621 663 673 686 772 796 802 819 831 956
Compactness: 1163.325393
Weights: 173.000000 4379.000000 1236.000000
Center Node: 620

District 44
Nodes: 20 47 76 212 220 291 292 303 468 490 543 547 601 706 736 797 887 923 930
Compactness: 1276.768200
Weights: 223.000000 4054.000000 1244.000000
Center Node: 303

District 45
Nodes: 29 77 146 156 179 224 231 306 389 443 527 569 742 744 780 913 954 955
Compactness: 798.331292
Weights: 188.000000 3860.000000 1158.000000
Center Node: 569

District 46
Nodes: 93 110 137 205 378 400 427 430 470 640 725 766 800 855 878 972 985 994
Compactness: 1469.671837
Weights: 187.000000 4378.000000 1220.000000
Center Node: 137

District 47
Nodes: 86 121 207 287 351 398 402 409 412 446 561 593 646 675 750 839 848 850 854 917
Compactness: 1162.074359
Weights: 252.000000 4290.000000 1135.000000
Center Node: 402

District 48
Nodes: 68 83 166 177 184 241 370 417 452 597 599 639 644 845 898 929 999
Compactness: 782.033260
Weights: 191.000000 4396.000000 1153.000000
Center Node: 599

District 49
Nodes: 25 114 211 247 420 479 581 606 662 716 769 778 824 836 864 890 907 909 912 941
Compactness: 1408.165596
Weights: 258.000000 4093.000000 1199.000000
Center Node: 420

District 50
Nodes: 51 278 365 393 447 477 482 550 592 610 627 701 729 761 794 806 884 931 933 949
Compactness: 1862.067446
Weights: 247.000000 4407.000000 1095.000000
Center Node: 482
