BalanceViolation 322.492500
AffinityLoss 0.000000
Compactness 99851.853340

District 1
Nodes: 2 26 99 123 160 214 268 272 278 282 297 334 335 339 350 376 416 439 440 444 447 500 505 526 563 565 578 607 649 660 691 713 720 722 729 730 763 764 767 803 811 813 820 840 842 862 876 927 933 961 967 970
Compactness: 5205.925898
Weights: 657.000000 10602.000000 2783.000000
Center Node: 803

District 2
Nodes: 7 17 21 45 58 61 63 132 133 141 154 167 175 180 191 199 209 227 236 274 284 309 327 341 346 377 435 441 484 492 538 541 549 560 586 614 618 624 650 651 657 697 709 715 717 746 786 791 792 871 888 922 924 982 988
Compactness: 5826.448452
Weights: 607.000000 10280.000000 3021.000000
Center Node: 341

District 3
Nodes: 13 56 65 67 69 75 115 164 171 194 197 200 206 219 232 243 295 325 375 385 436 442 449 453 462 472 476 498 499 516 530 532 609 617 645 648 676 704 705 723 740 784 816 859 910 919 938 951 964 977 989
Compactness: 4970.815402
Weights: 625.000000 10032.000000 2945.000000
Center Node: 462

District 4
Nodes: 16 40 85 89 135 146 156 158 179 183 192 224 276 296 320 322 348 371 389 487 514 517 524 537 540 569 570 571 588 591 596 633 677 679 711 739 744 774 799 809 823 875 877 913 926 935 947 955
Compactness: 4364.506101
Weights: 564.000000 10058.000000 2695.000000
Center Node: 348

District 5
Nodes: 48 54 102 122 129 157 188 204 210 225 271 285 302 315 338 343 362 454 460 494 512 594 620 621 634 652 655 668 700 702 772 775 801 802 819 827 837 852 867 881 883 903 916 940 944 950 956 958 969
Compactness: 4479.489954
Weights: 556.000000 10764.000000 2986.000000
Center Node: 54

District 6
Nodes: 0 19 33 41 59 97 127 139 185 221 228 250 261 275 301 312 314 321 359 363 404 431 432 451 456 463 478 485 553 555 567 577 584 616 629 666 681 696 765 833 838 872 892 918 943 945 959 968 973 986 995
Compactness: 4614.757412
Weights: 608.000000 10180.000000 3040.000000
Center Node: 892

District 7
Nodes: 38 39 80 105 116 119 140 148 163 202 217 260 281 300 386 396 403 413 421 422 429 465 469 481 503 520 542 545 554 562 605 622 623 665 671 692 694 718 726 747 779 812 814 830 841 896 920 971 974 997
Compactness: 5488.073949
Weights: 614.000000 10996.000000 2882.000000
Center Node: 260

District 8
Nodes: 20 23 47 124 136 155 201 212 220 251 273 286 291 298 299 303 305 308 391 423 468 475 490 509 543 583 601 628 637 653 658 695 706 731 732 736 756 782 795 797 822 826 887 923 937 987 996
Compactness: 5849.729186
Weights: 559.000000 10041.000000 2975.000000
Center Node: 20

District 9
Nodes: 5 15 35 49 68 74 83 109 166 177 184 190 193 238 241 254 277 304 370 417 452 501 597 599 619 630 635 639 644 654 688 693 707 725 743 754 757 766 808 845 853 898 899 929 999
Compactness: 4169.400119
Weights: 505.000000 10901.000000 2770.000000
Center Node: 417

District 10
Nodes: 6 36 37 42 126 128 150 161 170 181 222 235 252 256 262 269 289 326 333 368 388 399 401 414 464 506 519 521 544 595 611 626 661 669 684 719 745 770 776 785 846 849 895 900 925 934 946 965 975 990
Compactness: 4301.001674
Weights: 625.000000 10091.000000 2919.000000
Center Node: 42

District 11
Nodes: 8 25 84 107 114 169 211 213 240 245 253 255 264 265 336 337 340 367 369 420 438 479 502 575 579 581 587 640 714 716 760 769 778 793 800 821 824 861 874 890 891 894 907 908 909 912 915 941 972 994
Compactness: 4005.433175
Weights: 623.000000 10723.000000 2961.000000
Center Node: 941

District 12
Nodes: 14 32 60 72 82 87 103 168 223 233 259 279 283 294 317 319 323 331 344 345 347 355 356 358 372 392 426 473 486 507 508 523 531 551 557 558 576 656 659 664 672 759 790 818 865 886 893 901 928 942 984
Compactness: 4591.451963
Weights: 674.000000 10031.000000 2863.000000
Center Node: 372

District 13
Nodes: 30 51 55 62 64 91 100 104 152 172 174 182 186 230 244 247 311 329 364 365 393 433 434 482 493 495 518 529 592 602 606 627 662 708 728 761 794 805 806 836 860 864 882 884 931 936 949 983 991 992
Compactness: 5251.106965
Weights: 610.000000 10255.000000 2990.000000
Center Node: 761

District 14
Nodes: 18 31 43 50 52 71 95 96 125 131 134 196 280 316 324 330 353 360 366 374 455 497 510 539 546 552 566 573 585 615 641 647 663 673 683 686 733 738 771 787 796 807 831 843 885 902 906 911 957 993
Compactness: 5355.261316
Weights: 570.000000 10887.000000 3066.000000
Center Node: 330

District 15
Nodes: 1 9 29 77 78 98 121 176 203 216 231 242 249 287 306 310 313 318 354 357 402 409 459 474 528 548 574 625 642 667 685 699 741 742 751 752 753 758 780 810 844 854 863 866 873 897 904 953 954 963 998
Compactness: 9160.550547
Weights: 588.000000 10363.000000 2841.000000
Center Node: 29

District 16
Nodes: 11 12 28 66 79 94 108 113 130 207 208 270 332 351 379 382 387 395 398 407 410 411 412 446 457 491 511 525 534 535 564 593 604 608 632 636 646 680 689 710 749 768 773 839 848 850 880 917 952 962
Compactness: 4173.918472
Weights: 576.000000 10675.000000 3036.000000
Center Node: 593

District 17
Nodes: 27 46 106 112 117 142 143 162 189 195 198 239 246 248 263 267 342 352 394 405 415 461 466 480 556 559 590 598 600 613 643 670 678 687 690 712 734 748 755 777 829 834 858 868 870 905 914 932 960 978 980 981
Compactness: 4862.029712
Weights: 651.000000 10208.000000 2950.000000
Center Node: 195

District 18
Nodes: 44 53 57 70 73 76 81 90 92 101 144 153 159 173 178 187 237 292 293 349 390 406 408 419 424 471 477 483 489 547 550 572 582 603 610 612 674 698 701 721 724 735 762 798 817 828 832 835 930 979
Compactness: 5524.397994
Weights: 542.000000 10809.000000 2828.000000
Center Node: 828

District 19
Nodes: 86 93 110 111 120 137 147 205 226 229 258 290 378 397 400 418 425 427 430 443 450 467 470 488 527 561 580 589 631 675 682 703 727 737 750 783 825 851 855 856 857 869 878 879 889 948 966 976 985
Compactness: 3660.719697
Weights: 564.000000 10902.000000 3079.000000
Center Node: 400

District 20
Nodes: 3 4 10 22 24 34 88 118 138 145 149 151 165 215 218 234 257 266 288 307 328 361 373 380 381 383 384 428 437 445 448 458 496 504 513 515 522 533 536 568 638 781 788 789 804 815 847 921 939
Compactness: 3996.835351
Weights: 617.000000 10737.000000 3012.000000
Center Node: 380
