BalanceViolation 10064.813000
AffinityLoss 0.000000
Compactness 130667.623678

District 1
Nodes: 10 47 59 70 204 217 230 300 387 475 489 515 585 618 623 691 781 825 1157 1183 1192 1217 1248 1255 1257 1276 1309 1336 1353 1361 1503 1511 1631 1669 1677 1790 1851 1860 1865 1921 1928
Compactness: 2618.823035
Weights: 487.000000 8647.000000 2410.000000
Center Node: 1790

District 2
Nodes: 20 38 86 166 225 231 333 399 440 471 506 538 552 670 676 737 862 872 873 878 888 967 1010 1162 1184 1221 1264 1290 1376 1415 1471 1516 1577 1668 1703 1704 1705 1783 1801 1838 1917 1957
Compactness: 8230.387830
Weights: 547.000000 8507.000000 2421.000000
Center Node: 1516

District 3
Nodes: 1 45 112 127 132 154 164 178 248 296 303 317 396 414 574 578 610 619 641 693 762 785 858 947 972 1033 1035 1045 1070 1072 1128 1163 1176 1218 1289 1295 1318 1417 1445 1485 1554 1617 1658 1796 1936 1975
Compactness: 4373.979184
Weights: 518.000000 8730.000000 2411.000000
Center Node: 1936

District 4
Nodes: 28 74 116 128 138 159 197 212 283 434 437 763 778 808 813 843 847 893 929 932 983 1142 1156 1159 1170 1274 1321 1593 1595 1663 1676 1698 1707 1756 1840 1867 1870 1871 1905 1983
Compactness: 2085.481604
Weights: 447.000000 8627.000000 2335.000000
Center Node: 1707

District 5
Nodes: 54 89 344 354 355 406 411 420 428 445 470 550 612 615 657 694 718 797 807 853 868 923 1108 1203 1206 1249 1286 1392 1505 1524 1528 1638 1680 1710 1850 1889 1900 1907
Compactness: 2622.087074
Weights: 470.000000 8781.000000 2299.000000
Center Node: 1249

District 6
Nodes: 14 19 62 107 251 278 386 388 417 512 596 609 627 628 716 725 729 742 830 838 842 844 913 1041 1246 1279 1302 1334 1358 1360 1420 1467 1565 1584 1616 1764 1767 1820 1842 1869 1899 1918 1927 1985 1993
Compactness: 3505.630501
Weights: 489.000000 8691.000000 2427.000000
Center Node: 1842

District 7
Nodes: 55 69 76 80 141 236 284 381 446 460 480 534 554 573 580 613 660 818 866 900 1060 1147 1167 1199 1277 1308 1310 1319 1387 1416 1745 1893 1939
Compactness: 1699.252598
Weights: 383.000000 6835.000000 1837.000000
Center Node: 534

District 8
Nodes: 145 146 187 308 309 371 476 530 533 547 559 634 658 701 766 788 880 956 1040 1052 1080 1132 1171 1177 1187 1193 1215 1322 1371 1457 1477 1643 1733 1771 1776 1866 1943 1968
Compactness: 2134.820266
Weights: 442.000000 8686.000000 2691.000000
Center Node: 1771

District 9
Nodes: 17 104 488 529 650 687 811 819 879 885 975 1053 1058 1091 1137 1186 1259 1294 1330 1402 1426 1436 1443 1444 1476 1489 1513 1526 1538 1599 1687 1755 1794 1795 1808 1824 1901
Compactness: 2136.808678
Weights: 450.000000 7101.000000 2042.000000
Center Node: 1444

District 10
Nodes: 53 64 75 158 183 202 232 253 273 302 379 522 537 549 563 584 595 786 857 882 915 926 943 992 1092 1098 1113 1140 1275 1435 1483 1491 1582 1613 1692 1700 1802 1813 1941
Compactness: 2225.613899
Weights: 473.000000 7890.000000 2324.000000
Center Node: 563

District 11
Nodes: 2 11 21 61 133 199 238 305 318 322 376 378 415 426 464 516 593 767 770 922 964 1054 1173 1299 1301 1315 1335 1484 1534 1576 1628 1648 1652 1818 1828 1836 1875 1887 1924 1967 1977
Compactness: 2664.412943
Weights: 516.000000 8742.000000 2428.000000
Center Node: 61

District 12
Nodes: 4 67 85 108 168 287 329 337 351 372 412 431 459 576 582 602 635 723 746 752 800 896 906 1032 1121 1125 1180 1210 1220 1239 1272 1347 1460 1507 1556 1581 1732 1736 1738 1858 1903
Compactness: 2489.336014
Weights: 492.000000 8751.000000 2222.000000
Center Node: 1220

District 13
Nodes: 32 82 91 131 177 262 395 398 408 410 461 630 647 659 734 775 814 850 883 963 1096 1124 1172 1175 1195 1287 1311 1450 1509 1548 1660 1743 1826 1829 1847 1856 1859 1862 1909 1932 1951 1986 1997
Compactness: 2281.578655
Weights: 584.000000 8736.000000 2433.000000
Center Node: 1096

District 14
Nodes: 101 157 209 249 271 304 357 390 413 505 572 605 622 644 702 756 779 799 875 907 927 1061 1094 1138 1247 1300 1325 1434 1461 1463 1468 1522 1536 1697 1699 1751 1804 1892 1896
Compactness: 2343.980896
Weights: 461.000000 8017.000000 1930.000000
Center Node: 875

District 15
Nodes: 135 192 215 252 336 373 483 514 519 544 548 606 624 661 685 743 804 832 845 871 905 1097 1126 1129 1161 1256 1329 1380 1486 1543 1550 1570 1607 1694 1716 1752 1777 1874 1894 1904 1995
Compactness: 2329.970244
Weights: 465.000000 7953.000000 2478.000000
Center Node: 1329

District 16
Nodes: 3 124 147 313 363 454 465 477 493 517 536 637 655 672 780 874 942 959 965 1007 1086 1120 1242 1313 1421 1431 1452 1533 1549 1572 1651 1665 1711 1786 1787 1935 1970
Compactness: 1780.514923
Weights: 455.000000 8095.000000 2414.000000
Center Node: 147

District 17
Nodes: 5 6 50 111 140 350 365 501 546 558 561 603 665 681 683 690 714 771 860 935 997 1012 1013 1074 1085 1133 1190 1198 1225 1307 1398 1447 1500 1626 1674 1812 1822 1863 1960 1966
Compactness: 2626.771194
Weights: 494.000000 8718.000000 2227.000000
Center Node: 714

District 18
Nodes: 33 48 71 73 281 285 301 382 385 393 453 496 509 531 553 586 711 717 791 919 1049 1154 1201 1212 1234 1250 1316 1363 1388 1487 1519 1561 1622 1629 1646 1880 1888 1942 1973 1999
Compactness: 2594.071807
Weights: 455.000000 8706.000000 2287.000000
Center Node: 586

District 19
Nodes: 25 49 155 181 319 321 409 449 450 457 484 526 532 540 604 706 747 831 891 948 957 987 999 1020 1075 1089 1119 1224 1245 1375 1400 1454 1496 1728 1760 1784 1837 1844 1855 1946
Compactness: 2654.921627
Weights: 446.000000 8715.000000 2401.000000
Center Node: 1728

District 20
Nodes: 0 27 142 270 310 324 352 362 424 497 503 545 565 587 656 709 715 730 736 801 1055 1071 1213 1227 1273 1314 1338 1342 1348 1385 1532 1552 1591 1644 1740 1741 1823 1852 1868
Compactness: 2315.616622
Weights: 462.000000 8472.000000 2424.000000
Center Node: 310

District 21
Nodes: 35 110 119 176 226 268 349 439 513 524 555 567 648 726 794 889 1036 1046 1073 1194 1263 1331 1369 1453 1499 1575 1606 1640 1684 1695 1722 1816 1861 1872 1883 1916 1923 1948 1961 1962 1974
Compactness: 2250.225935
Weights: 465.000000 8716.000000 2482.000000
Center Node: 1974

District 22
Nodes: 18 79 100 279 326 384 394 418 469 490 491 633 764 769 777 787 806 890 933 991 1051 1076 1115 1134 1149 1223 1243 1244 1271 1284 1439 1478 1495 1497 1498 1558 1589 1719 1750 1765
Compactness: 2090.962793
Weights: 537.000000 8440.000000 2466.000000
Center Node: 1765

District 23
Nodes: 13 16 143 167 186 221 229 255 258 291 295 402 404 448 472 502 521 577 667 680 759 854 870 918 937 971 1083 1185 1292 1328 1343 1527 1661 1685 1696 1724 1797 1803 1906 1979
Compactness: 2679.195695
Weights: 460.000000 8715.000000 2314.000000
Center Node: 1292

District 24
Nodes: 57 66 77 78 94 118 126 195 374 539 629 662 673 708 758 784 793 834 855 856 995 1030 1059 1093 1101 1102 1143 1144 1165 1191 1238 1280 1381 1382 1432 1438 1449 1657 1708 1726 1761 1798 1857
Compactness: 3140.607773
Weights: 469.000000 8446.000000 2413.000000
Center Node: 1059

District 25
Nodes: 90 182 312 347 369 427 487 542 636 688 696 728 816 876 939 945 978 1001 1057 1069 1136 1141 1168 1266 1303 1357 1367 1374 1383 1394 1537 1542 1678 1766 1769 1785 1920 1929 1931
Compactness: 1607.751898
Weights: 496.000000 8176.000000 2163.000000
Center Node: 728

District 26
Nodes: 7 114 117 123 136 191 206 223 364 492 535 608 669 738 755 836 848 960 966 969 984 1109 1166 1207 1214 1312 1337 1352 1384 1428 1465 1482 1514 1564 1600 1612 1662 1686 1688 1915 1926 1938 1949 1971
Compactness: 2641.156830
Weights: 529.000000 8675.000000 2401.000000
Center Node: 1662

District 27
Nodes: 139 149 173 180 205 240 244 259 383 500 575 592 620 645 745 852 864 981 1006 1019 1022 1039 1043 1084 1152 1236 1304 1344 1366 1427 1440 1531 1585 1596 1597 1603 1675 1747 1779 1854 1864 1912 1981 1987
Compactness: 2359.703960
Weights: 488.000000 8774.000000 2375.000000
Center Node: 620

District 28
Nodes: 12 23 72 84 169 196 220 235 289 328 377 430 474 562 640 643 698 768 782 824 835 841 1008 1034 1044 1066 1079 1105 1116 1323 1370 1406 1424 1441 1557 1560 1653 1664 1890 1940 1963
Compactness: 2179.547531
Weights: 516.000000 9229.000000 2268.000000
Center Node: 196

District 29
Nodes: 87 144 150 266 360 735 744 783 827 837 994 1015 1018 1021 1025 1037 1099 1135 1155 1229 1230 1320 1345 1456 1458 1462 1472 1488 1568 1579 1601 1759 1775 1792 1800 1814 1998
Compactness: 2133.802887
Weights: 454.000000 8599.000000 2385.000000
Center Node: 1015

District 30
Nodes: 8 81 95 189 200 325 375 405 423 473 510 590 652 679 727 754 795 931 936 954 993 1081 1095 1112 1148 1252 1260 1350 1405 1433 1729 1762 1791 1885 1891 1908 1969 1991 1992 1996
Compactness: 2009.574978
Weights: 476.000000 8754.000000 2370.000000
Center Node: 1762

District 31
Nodes: 36 42 56 88 102 239 330 419 421 482 560 564 571 598 638 666 700 705 712 741 760 823 826 902 946 998 1104 1240 1253 1254 1297 1425 1466 1470 1474 1510 1555 1604 1734 1735 1897 1945 1954 1994
Compactness: 3348.998268
Weights: 537.000000 8687.000000 2708.000000
Center Node: 421

District 32
Nodes: 153 250 267 294 297 331 338 401 511 703 710 750 1047 1056 1077 1088 1123 1169 1324 1393 1418 1442 1448 1475 1494 1523 1563 1610 1619 1634 1649 1655 1670 1681 1691 1693 1701 1714 1721 1730 1835 1884
Compactness: 2892.724855
Weights: 473.000000 8009.000000 2305.000000
Center Node: 1649

District 33
Nodes: 30 40 125 160 172 213 243 323 389 429 452 479 494 518 589 614 739 790 881 899 930 1127 1179 1226 1490 1539 1587 1592 1635 1673 1689 1810 1825 1881 1898 1925 1944 1953 1959
Compactness: 2840.448762
Weights: 516.000000 8016.000000 2224.000000
Center Node: 494

District 34
Nodes: 9 24 44 152 165 201 210 335 359 361 422 495 520 569 649 877 904 910 914 941 951 1026 1028 1062 1118 1131 1139 1197 1205 1278 1317 1390 1504 1508 1642 1659 1667 1690 1832 1937 1976
Compactness: 2570.250143
Weights: 464.000000 8751.000000 2431.000000
Center Node: 1026

District 35
Nodes: 234 265 311 327 334 343 416 435 447 541 556 751 757 805 810 884 990 1027 1204 1258 1269 1298 1397 1404 1429 1520 1569 1608 1656 1666 1715 1754 1758 1952 1964
Compactness: 1901.129399
Weights: 424.000000 7696.000000 1757.000000
Center Node: 234

District 36
Nodes: 39 174 222 263 275 276 290 345 346 462 486 631 653 695 772 886 973 974 985 1029 1042 1063 1372 1377 1407 1455 1530 1535 1541 1547 1578 1602 1611 1623 1650 1713 1744 1763 1819
Compactness: 2374.106917
Weights: 474.000000 8750.000000 2431.000000
Center Node: 1650

District 37
Nodes: 63 68 121 162 170 194 198 320 339 353 397 425 646 654 675 720 765 803 820 898 908 934 970 986 1002 1011 1014 1017 1067 1107 1114 1160 1188 1209 1232 1349 1362 1391 1401 1518 1540 1559 1683 1709 1725 1737 1989
Compactness: 2613.171375
Weights: 516.000000 8726.000000 2489.000000
Center Node: 1209

District 38
Nodes: 22 105 122 228 254 274 433 463 611 642 684 724 748 821 861 869 895 953 1078 1189 1200 1219 1410 1446 1464 1501 1573 1639 1749 1770 1778 1793 1805 1827 1846 1853 1913 1922 1955
Compactness: 2822.134171
Weights: 497.000000 8730.000000 2192.000000
Center Node: 1778

District 39
Nodes: 52 60 184 219 264 282 292 341 651 732 749 753 773 776 809 867 887 912 916 938 982 988 1233 1235 1291 1354 1356 1480 1590 1598 1605 1780 1799 1886 1902 1934 1982
Compactness: 2167.701812
Weights: 435.000000 7933.000000 2436.000000
Center Node: 809

District 40
Nodes: 41 137 185 207 216 233 307 400 441 466 478 498 527 591 594 616 621 632 678 697 833 863 897 925 979 989 1000 1005 1231 1237 1327 1373 1479 1493 1521 1551 1562 1614 1618 1637 1671 1712
Compactness: 2898.742656
Weights: 510.000000 8724.000000 2447.000000
Center Node: 925

District 41
Nodes: 34 98 148 161 261 340 370 403 504 508 557 664 692 796 812 921 962 977 1145 1164 1181 1262 1288 1306 1364 1408 1411 1430 1546 1609 1624 1654 1679 1731 1774 1781 1789 1815 1873 1910
Compactness: 2164.635825
Weights: 487.000000 8734.000000 2410.000000
Center Node: 148

District 42
Nodes: 31 92 93 97 193 280 316 332 407 458 528 568 581 607 707 789 851 958 961 980 1024 1122 1228 1281 1283 1355 1412 1413 1419 1422 1451 1594 1645 1717 1723 1806 1831 1843 1933 1950 1978
Compactness: 2764.413468
Weights: 529.000000 8728.000000 2346.000000
Center Node: 851

District 43
Nodes: 120 134 156 188 214 242 277 443 455 689 774 798 815 817 911 924 1158 1174 1182 1222 1368 1378 1386 1469 1473 1515 1553 1615 1625 1627 1632 1641 1720 1768 1839 1848 1882 1958 1990
Compactness: 2440.773765
Weights: 480.000000 8569.000000 2368.000000
Center Node: 1553

District 44
Nodes: 190 208 218 247 356 481 507 719 839 949 950 968 1090 1202 1282 1567 1633 1788 1809 1830 1914 1947 1956 1965
Compactness: 1068.931727
Weights: 278.000000 4428.000000 1533.000000
Center Node: 1809

District 45
Nodes: 29 37 96 211 224 348 597 625 668 699 721 859 928 1038 1050 1082 1106 1111 1153 1196 1261 1267 1305 1340 1389 1396 1517 1571 1580 1636 1672 1702 1773 1877 1878 1919
Compactness: 2548.593481
Weights: 463.000000 7485.000000 2154.000000
Center Node: 1389

District 46
Nodes: 43 58 171 245 367 368 442 467 523 525 566 617 792 892 901 903 944 952 976 1117 1216 1270 1293 1332 1333 1341 1346 1399 1423 1459 1481 1529 1545 1574 1588 1621 1682 1718 1748 1821 1841 1876 1980
Compactness: 2555.038543
Weights: 475.000000 8076.000000 2427.000000
Center Node: 952

District 47
Nodes: 26 46 83 163 256 269 299 306 315 391 436 456 600 601 677 731 733 761 822 828 846 849 917 1009 1178 1208 1285 1359 1365 1379 1409 1502 1630 1727 1739 1782 1817 1879 1895 1988
Compactness: 2077.682802
Weights: 464.000000 7920.000000 2466.000000
Center Node: 163

District 48
Nodes: 99 106 129 130 175 179 227 241 246 257 286 288 298 358 392 444 468 588 639 663 686 704 722 740 829 1016 1087 1100 1103 1130 1211 1268 1296 1492 1544 1586 1753 1807 1811 1833 1972
Compactness: 2709.591345
Weights: 499.000000 8725.000000 2264.000000
Center Node: 288

District 49
Nodes: 51 103 109 113 203 272 293 366 380 438 499 551 570 583 671 674 713 840 865 955 996 1003 1064 1065 1068 1110 1150 1151 1241 1265 1339 1403 1506 1512 1583 1742 1746 1757 1845 1849 1911
Compactness: 2519.545590
Weights: 510.000000 7903.000000 2412.000000
Center Node: 1845

District 50
Nodes: 15 65 115 151 237 260 314 342 432 451 485 543 579 599 626 682 802 894 909 920 940 1004 1023 1031 1048 1146 1251 1326 1351 1395 1414 1437 1525 1566 1620 1647 1706 1772 1834 1930 1984
Compactness: 4582.418901
Weights: 467.000000 7996.000000 2189.000000
Center Node: 1834
