BalanceViolation 194.007500
AffinityLoss 0.000000
Compactness 98189.300317

District 1
Nodes: 24 29 36 38 39 43 85 100 130 152 163 175 178 186 208 234 237 256 272 279 293 373 400 438 440 459 460 488 489 509 514 525 527 530 548 598 628 633 635 673 686 688 701 732 756 770 883 894 929 940
Compactness: 4699.280460
Weights: 630.000000 10457.000000 2869.000000
Center Node: 256

District 2
Nodes: 27 28 47 54 103 115 116 118 128 143 150 164 170 183 188 217 242 275 278 299 307 311 320 376 395 421 449 495 519 539 547 552 567 629 646 704 717 722 746 771 797 803 826 875 905 921 926 928 935 938 944 960 961 997
Compactness: 4425.597356
Weights: 621.000000 11022.000000 2937.000000
Center Node: 170

District 3
Nodes: 13 21 63 95 122 168 174 240 257 262 264 266 294 325 336 355 396 398 423 467 468 476 513 572 580 589 610 637 641 649 660 662 699 728 737 781 794 815 832 836 846 863 865 892 893 937 994
Compactness: 5034.082827
Weights: 544.000000 10022.000000 2779.000000
Center Node: 815

District 4
Nodes: 6 44 52 53 58 68 75 96 97 99 107 121 138 154 198 222 239 253 271 291 305 306 364 410 427 473 494 496 498 501 505 546 585 595 631 636 639 693 708 712 723 767 824 855 870 884 915 920 990 996
Compactness: 5146.202186
Weights: 624.000000 10071.000000 2885.000000
Center Node: 291

District 5
Nodes: 10 12 41 102 104 211 308 331 352 403 412 415 432 474 487 507 532 533 568 583 600 607 612 627 650 664 676 710 716 721 739 747 765 777 806 820 821 840 859 866 885 913 916 951 958 975 986
Compactness: 5055.887297
Weights: 524.000000 11005.000000 2688.000000
Center Node: 821

District 6
Nodes: 25 48 61 71 105 133 137 187 229 255 288 310 323 349 368 369 375 379 386 397 447 452 458 463 477 486 491 538 557 560 575 599 603 626 653 655 661 684 689 698 700 731 743 744 787 793 801 822 862 900 910 936 985
Compactness: 5959.434490
Weights: 629.000000 10695.000000 2866.000000
Center Node: 684

District 7
Nodes: 22 26 32 49 94 114 125 126 146 156 209 219 245 260 268 283 284 315 330 342 354 358 405 422 424 484 555 579 606 625 675 681 697 703 727 736 754 766 785 799 800 807 816 850 853 880 923 955 966 972 976
Compactness: 5249.881463
Weights: 640.000000 10165.000000 2773.000000
Center Node: 923

District 8
Nodes: 23 34 66 72 82 98 139 159 165 169 201 202 213 223 230 231 236 304 327 334 351 420 428 445 457 483 534 561 614 623 624 668 678 680 709 740 753 755 764 769 776 808 827 844 877 888 909 964 968 978 993
Compactness: 4389.613291
Weights: 597.000000 10921.000000 2949.000000
Center Node: 678

District 9
Nodes: 4 5 31 45 67 76 79 108 112 119 134 135 147 153 176 180 194 203 218 248 259 273 326 416 435 442 448 475 540 613 640 657 682 685 695 707 711 774 778 782 805 811 819 847 852 858 873 887 891 912 918
Compactness: 5579.219710
Weights: 577.000000 10291.000000 2956.000000
Center Node: 194

District 10
Nodes: 1 30 40 55 57 73 111 157 160 166 193 212 220 224 247 251 302 333 337 359 361 387 391 402 407 408 461 478 479 499 506 558 573 584 602 620 622 654 659 720 788 795 829 841 867 874 878 902 947 984
Compactness: 4394.435455
Weights: 672.000000 10039.000000 2809.000000
Center Node: 157

District 11
Nodes: 9 17 64 81 90 151 158 161 171 190 196 205 252 263 265 338 348 353 363 365 392 401 456 465 466 554 570 577 601 604 608 634 647 677 725 763 772 786 792 814 823 825 838 879 881 901 906 911 922 930 943 970 982 989
Compactness: 6714.667095
Weights: 625.000000 11011.000000 2946.000000
Center Node: 906

District 12
Nodes: 3 11 14 19 37 51 56 74 92 113 132 136 140 144 182 206 210 227 276 285 296 313 322 332 344 371 394 450 471 503 512 515 528 537 670 679 691 705 724 751 790 889 927 932 939 977 981 988
Compactness: 4239.670106
Weights: 633.000000 10763.000000 2704.000000
Center Node: 724

District 13
Nodes: 20 77 87 142 199 207 258 281 286 312 393 430 451 453 454 482 492 508 511 549 559 563 569 587 588 590 611 618 663 687 702 729 734 749 759 761 773 791 818 845 897 942 948 952 991 995
Compactness: 3770.679621
Weights: 550.000000 10119.000000 2692.000000
Center Node: 199

District 14
Nodes: 7 59 60 69 80 86 110 127 269 340 347 362 367 372 374 378 385 404 411 417 419 425 429 437 439 441 469 545 578 597 645 658 665 672 683 706 713 714 745 768 780 802 817 849 864 899 914 954 971 983
Compactness: 5599.646842
Weights: 638.000000 10121.000000 2765.000000
Center Node: 425

District 15
Nodes: 15 70 78 88 93 120 179 221 225 228 290 292 303 319 321 414 433 434 462 464 472 485 502 510 526 529 531 541 544 556 566 576 592 596 616 621 757 762 783 796 837 851 856 860 904 908 924 941 973 980 987
Compactness: 3863.241873
Weights: 633.000000 11059.000000 2650.000000
Center Node: 576

District 16
Nodes: 0 2 42 46 109 145 216 243 244 250 254 267 287 298 300 309 314 318 329 346 377 399 490 493 516 535 550 564 582 593 609 630 644 651 671 696 726 730 750 804 833 854 868 871 934 950 959 963 965
Compactness: 4681.340819
Weights: 583.000000 10385.000000 2898.000000
Center Node: 377

District 17
Nodes: 8 18 50 101 106 155 167 172 189 204 215 232 249 282 297 301 316 317 324 328 343 345 357 380 384 388 436 481 497 518 520 522 553 562 581 617 648 715 719 758 828 830 848 876 886 890 919 946 949 956 992 998
Compactness: 6589.595541
Weights: 639.000000 11048.000000 2822.000000
Center Node: 553

District 18
Nodes: 16 33 62 65 117 131 173 184 195 200 226 235 246 274 280 295 350 366 370 381 426 443 444 446 470 523 524 543 551 574 586 615 638 718 738 741 752 775 789 813 834 861 898 925 931 933 953 957 974
Compactness: 4884.175602
Weights: 625.000000 10594.000000 2693.000000
Center Node: 898

District 19
Nodes: 35 83 84 89 91 123 124 141 149 177 181 185 192 214 261 335 339 341 360 390 406 418 504 517 565 643 656 666 667 669 735 742 748 779 784 812 835 839 843 857 869 872 882 895 907 945 967 969 979 999
Compactness: 3944.699404
Weights: 627.000000 10984.000000 2662.000000
Center Node: 406

District 20
Nodes: 129 148 162 191 197 233 238 241 270 277 289 356 382 383 389 409 413 431 455 480 500 521 536 542 571 591 594 605 619 632 642 652 674 690 692 694 733 760 798 809 810 831 842 896 903 917 962
Compactness: 3967.948879
Weights: 587.000000 10352.000000 2878.000000
Center Node: 619
