BalanceViolation 342.737500
AffinityLoss 0.000000
Compactness 51279.894296

District 1
Nodes: 8 21 37 40 85 89 98 106 121 124 126 154 169 175 215 221 225 255 269 277 278 310 323 327 385 461
Compactness: 2177.954900
Weights: 326.000000 5328.000000 1515.000000
Center Node: 106

District 2
Nodes: 56 77 79 93 114 118 133 146 176 184 213 228 245 285 296 302 363 366 428 463 465 485
Compactness: 2636.107644
Weights: 269.000000 5444.000000 1368.000000
Center Node: 176

District 3
Nodes: 41 54 62 65 92 101 115 122 150 172 188 206 246 289 315 316 319 332 338 349 369 374 380 389 403 433 437
Compactness: 2692.265553
Weights: 346.000000 5199.000000 1500.000000
Center Node: 433

District 4
Nodes: 11 29 44 45 60 86 91 111 161 162 163 165 238 248 340 354 377 378 411 421 443 449 478 490 499
Compactness: 2674.811767
Weights: 326.000000 5531.000000 1382.000000
Center Node: 91

District 5
Nodes: 61 73 76 116 125 177 220 243 254 260 280 282 304 305 308 311 317 345 372 390 436 442 477
Compactness: 2577.139616
Weights: 305.000000 5261.000000 1503.000000
Center Node: 308

District 6
Nodes: 2 15 23 68 103 107 108 119 186 187 207 253 266 281 300 301 360 381 406 418 429 474 498
Compactness: 2551.717385
Weights: 294.000000 5600.000000 1335.000000
Center Node: 253

District 7
Nodes: 7 22 24 31 64 84 113 140 141 155 180 191 303 362 413 419 420 432 434 446 467 473 475 484 493 494
Compactness: 3177.963152
Weights: 323.000000 5600.000000 1461.000000
Center Node: 484

District 8
Nodes: 19 53 57 59 112 153 164 166 196 199 211 214 218 226 230 236 249 251 261 286 291 318 337 383 392 399
Compactness: 2219.433411
Weights: 299.000000 5244.000000 1507.000000
Center Node: 251

District 9
Nodes: 13 46 52 70 81 100 128 151 156 174 201 239 274 284 295 307 329 368 388 401 409 425 431 438 464 495 497
Compactness: 3428.014404
Weights: 343.000000 5165.000000 1422.000000
Center Node: 70

District 10
Nodes: 5 10 17 26 43 49 55 66 87 94 148 233 242 262 283 288 321 347 348 350 408 416 441 462 483 488
Compactness: 1907.909883
Weights: 323.000000 5491.000000 1487.000000
Center Node: 17

District 11
Nodes: 0 35 78 97 109 131 139 152 192 200 205 227 235 259 264 293 328 341 361 367 379 384 391 407 435 472
Compactness: 3323.239507
Weights: 329.000000 5317.000000 1498.000000
Center Node: 35

District 12
Nodes: 3 4 34 120 130 132 147 194 204 210 212 224 232 257 287 292 357 382 395 414 427 457 466 470
Compactness: 2669.294152
Weights: 335.000000 5142.000000 1427.000000
Center Node: 232

District 13
Nodes: 74 88 102 160 168 170 179 182 203 234 240 241 244 271 273 276 330 334 339 342 356 445 447 458 481
Compactness: 2075.864445
Weights: 306.000000 5613.000000 1275.000000
Center Node: 168

District 14
Nodes: 28 71 117 137 159 178 202 222 231 258 279 294 297 312 324 331 333 346 364 371 376 397 452 454 455
Compactness: 2224.247907
Weights: 297.000000 5218.000000 1524.000000
Center Node: 331

District 15
Nodes: 1 16 27 33 36 82 104 173 183 185 189 197 219 314 322 326 336 352 355 370 375 394 410 430 480
Compactness: 3002.666062
Weights: 279.000000 5257.000000 1520.000000
Center Node: 36

District 16
Nodes: 12 51 83 99 136 143 158 167 195 217 223 268 309 386 387 404 405 417 440 456 460 468 469 482 492
Compactness: 2686.250882
Weights: 311.000000 5499.000000 1477.000000
Center Node: 460

District 17
Nodes: 6 25 69 80 95 105 123 127 134 135 157 190 208 209 216 272 290 325 351 359 373 412 426 448 479 491
Compactness: 2577.527577
Weights: 324.000000 5585.000000 1414.000000
Center Node: 216

District 18
Nodes: 9 20 32 47 63 75 129 142 145 149 181 198 229 250 267 275 298 320 358 424 439 444 453 476 496
Compactness: 1767.765185
Weights: 264.000000 5115.000000 1366.000000
Center Node: 453

District 19
Nodes: 14 18 39 72 90 96 110 144 193 247 270 343 344 353 398 400 402 415 423 459 486 487
Compactness: 1853.204600
Weights: 271.000000 5427.000000 1324.000000
Center Node: 459

District 20
Nodes: 30 38 42 48 50 58 67 138 171 237 252 256 263 265 299 306 313 335 365 393 396 422 450 451 471 489
Compactness: 3056.516263
Weights: 324.000000 5205.000000 1488.000000
Center Node: 138
