BalanceViolation 3417.010000
AffinityLoss 0.000000
Compactness 127835.719904

District 1
Nodes: 13 217 279 286 289 342 449 467 475 529 559 609 628 668 686 691 771 883 884 892 893 905 939 960 962 1027 1032 1041 1129 1150 1168 1205 1285 1333 1452 1554 1580 1630 1777 1988
Compactness: 2530.522743
Weights: 491.000000 8676.000000 2360.000000
Center Node: 1041

District 2
Nodes: 57 117 132 141 177 265 408 438 459 461 474 618 683 729 761 778 828 858 978 1054 1230 1283 1342 1391 1406 1508 1525 1677 1724 1750 1757 1819 1847 1893 1897 1901 1916 1970 1985
Compactness: 3648.207296
Weights: 494.000000 7979.000000 2239.000000
Center Node: 1283

District 3
Nodes: 136 227 296 400 407 454 522 557 592 654 688 717 720 787 814 855 912 923 942 947 1007 1023 1035 1106 1132 1191 1220 1234 1260 1289 1367 1479 1592 1712 1725 1738 1790 1802 1826 1982 1991
Compactness: 3651.715443
Weights: 505.000000 8172.000000 2055.000000
Center Node: 400

District 4
Nodes: 98 112 128 159 258 324 363 374 431 566 584 742 763 789 866 909 919 1038 1061 1067 1139 1166 1202 1249 1320 1341 1346 1349 1466 1468 1473 1517 1535 1543 1547 1603 1684 1979
Compactness: 3134.997277
Weights: 496.000000 7890.000000 2345.000000
Center Node: 909

District 5
Nodes: 0 45 63 178 276 294 310 460 466 558 574 670 701 725 733 740 765 767 797 801 804 832 840 881 907 1013 1083 1114 1269 1305 1421 1652 1661 1770 1840 1876 1909 1974
Compactness: 2863.285177
Weights: 444.000000 8753.000000 2245.000000
Center Node: 45

District 6
Nodes: 53 70 121 226 248 292 308 333 347 533 570 591 641 703 745 837 861 863 872 895 951 1009 1050 1085 1092 1104 1123 1270 1326 1337 1431 1449 1477 1494 1737 1858 1899 1900
Compactness: 2400.313479
Weights: 452.000000 6635.000000 2244.000000
Center Node: 533

District 7
Nodes: 83 150 160 270 283 338 358 404 582 593 600 850 859 882 906 1017 1043 1049 1051 1075 1115 1140 1221 1292 1317 1335 1429 1527 1548 1561 1642 1734 1822 1842 1857 1903 1905
Compactness: 2114.940329
Weights: 451.000000 8379.000000 1859.000000
Center Node: 150

District 8
Nodes: 58 93 103 133 161 252 349 452 487 495 543 547 580 594 661 737 802 805 812 873 890 976 1005 1052 1058 1063 1187 1211 1214 1265 1287 1405 1425 1515 1611 1710 1739 1755 1787 1860 1997
Compactness: 2471.030112
Weights: 494.000000 8348.000000 2204.000000
Center Node: 1860

District 9
Nodes: 67 151 183 187 281 302 382 411 425 468 488 554 563 608 612 682 693 762 799 931 936 979 1039 1153 1182 1231 1236 1364 1386 1399 1460 1518 1534 1597 1722 1736 1744 1752 1808 1823 1878 1910 1954 1977
Compactness: 2903.576484
Weights: 478.000000 8672.000000 2356.000000
Center Node: 1722

District 10
Nodes: 122 181 220 239 288 309 362 373 377 456 510 561 590 665 732 785 815 830 967 1036 1097 1158 1169 1235 1294 1348 1350 1354 1385 1387 1443 1456 1516 1522 1570 1579 1599 1727 1741 1917
Compactness: 1868.152457
Weights: 438.000000 8569.000000 2227.000000
Center Node: 1169

District 11
Nodes: 16 92 116 147 343 369 372 442 444 532 540 623 748 758 894 949 1002 1042 1081 1107 1141 1159 1163 1185 1189 1226 1261 1273 1416 1454 1539 1541 1608 1664 1683 1723 1785 1803 1850 1908 1935 1981
Compactness: 2727.835954
Weights: 489.000000 8631.000000 2368.000000
Center Node: 540

District 12
Nodes: 25 71 79 119 148 163 209 229 285 417 473 481 573 597 672 751 769 941 996 1044 1090 1131 1244 1252 1280 1428 1461 1498 1536 1564 1624 1686 1694 1721 1759 1799 1838 1875 1896 1972 1986
Compactness: 2471.081757
Weights: 496.000000 8320.000000 2289.000000
Center Node: 1759

District 13
Nodes: 6 40 62 130 194 206 228 237 277 413 536 542 578 649 659 695 774 816 902 965 1099 1126 1128 1165 1206 1259 1315 1453 1552 1610 1649 1669 1691 1713 1719 1754 1793 1796 1955 1965
Compactness: 2156.198185
Weights: 435.000000 8579.000000 2151.000000
Center Node: 194

District 14
Nodes: 3 68 99 191 193 200 367 393 421 477 534 589 653 735 779 838 839 875 957 971 1037 1057 1069 1082 1102 1300 1319 1379 1400 1444 1511 1549 1583 1605 1613 1746 1791 1827 1852 1906 1921 1961
Compactness: 2833.449932
Weights: 498.000000 8662.000000 2327.000000
Center Node: 1319

District 15
Nodes: 7 10 72 123 208 255 325 415 420 432 470 476 523 599 607 766 768 794 897 1016 1021 1088 1149 1180 1251 1274 1360 1393 1510 1512 1591 1604 1659 1690 1715 1773 1863 1877
Compactness: 2175.742905
Weights: 507.000000 8270.000000 2178.000000
Center Node: 1510

District 16
Nodes: 11 21 105 204 211 273 317 352 424 453 478 484 503 507 537 605 610 712 724 818 927 943 995 1078 1160 1186 1276 1304 1392 1440 1521 1576 1617 1672 1696 1729 1751 1904 1934 1945
Compactness: 2022.208567
Weights: 458.000000 8108.000000 2337.000000
Center Node: 21

District 17
Nodes: 23 37 74 86 166 174 184 259 321 392 443 496 515 519 562 581 603 798 807 904 953 970 1299 1332 1373 1408 1451 1495 1504 1565 1635 1707 1709 1781 1817 1892 1959 1967 1995
Compactness: 2061.738143
Weights: 465.000000 8728.000000 2347.000000
Center Node: 970

District 18
Nodes: 24 94 213 235 266 269 355 364 508 513 598 747 749 752 821 911 920 961 1019 1076 1109 1110 1137 1245 1286 1324 1409 1415 1465 1493 1505 1585 1590 1627 1634 1670 1756 1821 1867 1880 1938 1951
Compactness: 2956.751240
Weights: 478.000000 8502.000000 2305.000000
Center Node: 355

District 19
Nodes: 36 47 49 146 378 428 451 518 545 673 679 834 845 944 950 1006 1028 1065 1068 1080 1095 1121 1122 1127 1134 1175 1198 1210 1254 1302 1344 1380 1556 1641 1666 1861 1925 1992 1993 1996
Compactness: 2846.288241
Weights: 502.000000 7935.000000 2206.000000
Center Node: 1556

District 20
Nodes: 44 64 169 390 416 433 480 499 551 604 674 676 738 841 868 885 933 963 1055 1094 1111 1207 1378 1381 1395 1396 1397 1492 1532 1567 1598 1631 1639 1687 1774 1837 1879 1933 1975
Compactness: 2087.818445
Weights: 464.000000 8602.000000 2300.000000
Center Node: 1879

District 21
Nodes: 107 126 134 199 202 224 250 301 350 380 436 437 439 448 450 520 643 791 800 813 853 860 879 908 1084 1209 1357 1376 1419 1523 1654 1685 1771 1784 1820 1834 1923 1947 1978
Compactness: 2960.069702
Weights: 472.000000 8563.000000 1980.000000
Center Node: 350

District 22
Nodes: 61 152 230 249 318 319 381 422 423 535 685 702 707 731 817 848 969 977 980 1029 1071 1096 1167 1183 1223 1318 1358 1382 1432 1514 1620 1638 1643 1695 1779 1885 1886 1928 1976
Compactness: 2250.768961
Weights: 440.000000 8514.000000 2368.000000
Center Node: 318

District 23
Nodes: 111 114 176 189 397 441 544 585 617 629 631 640 671 719 934 1030 1079 1181 1203 1228 1237 1258 1331 1398 1407 1410 1422 1475 1497 1526 1578 1663 1674 1697 1704 1740 1811 1835 1918 1949
Compactness: 2494.392417
Weights: 449.000000 7851.000000 2391.000000
Center Node: 1704

District 24
Nodes: 56 76 168 323 361 375 383 412 486 567 601 613 708 750 773 790 867 910 955 982 985 1053 1117 1295 1476 1540 1646 1656 1662 1668 1671 1673 1767 1780 1786 1869 1914 1942 1946
Compactness: 2507.245611
Weights: 437.000000 8504.000000 2370.000000
Center Node: 985

District 25
Nodes: 42 127 214 243 254 306 386 447 497 502 550 552 564 755 757 886 889 917 932 993 1091 1227 1277 1359 1372 1423 1459 1513 1559 1572 1614 1701 1762 1789 1792 1829 1941 1962
Compactness: 2156.882431
Weights: 438.000000 8503.000000 2180.000000
Center Node: 502

District 26
Nodes: 80 149 175 188 231 236 280 471 569 596 625 630 715 743 744 746 764 777 856 945 986 998 1062 1112 1177 1248 1264 1345 1355 1546 1551 1558 1562 1588 1619 1633 1644 1831 1862 1894 1922 1936 1964
Compactness: 2490.121523
Weights: 495.000000 8540.000000 2270.000000
Center Node: 596

District 27
Nodes: 4 34 91 198 353 366 406 490 506 587 621 642 652 756 819 874 899 930 966 983 1014 1048 1074 1087 1143 1172 1200 1282 1309 1313 1433 1481 1569 1589 1763 1798 1891 1939
Compactness: 1948.645125
Weights: 485.000000 8121.000000 2314.000000
Center Node: 1172

District 28
Nodes: 65 66 182 190 196 251 261 287 326 331 335 365 409 463 498 615 714 784 788 870 940 946 997 1125 1147 1152 1229 1262 1266 1310 1323 1343 1353 1609 1616 1708 1742 1797 1884 1944 1952 1980
Compactness: 2332.047426
Weights: 500.000000 8703.000000 2170.000000
Center Node: 1262

District 29
Nodes: 19 28 100 158 171 185 197 207 219 330 387 472 493 606 680 690 709 718 753 780 792 937 1072 1077 1108 1138 1171 1368 1384 1430 1471 1500 1529 1623 1733 1743 1753 1765 1855 1868 1890 1940 1998
Compactness: 3373.986100
Weights: 502.000000 8555.000000 2229.000000
Center Node: 1500

District 30
Nodes: 27 38 104 140 142 162 210 314 328 336 340 348 501 541 571 624 678 689 706 825 826 915 974 1086 1105 1178 1255 1271 1352 1403 1404 1427 1507 1582 1681 1716 1782 1815 1919
Compactness: 2622.192536
Weights: 466.000000 8653.000000 2354.000000
Center Node: 340

District 31
Nodes: 2 39 52 95 153 157 271 291 327 339 395 560 577 602 636 692 704 810 842 854 857 898 929 956 1004 1034 1100 1118 1281 1329 1334 1424 1434 1480 1489 1653 1711 1726 1926
Compactness: 2935.326321
Weights: 438.000000 8744.000000 2290.000000
Center Node: 842

District 32
Nodes: 22 31 82 268 299 313 320 368 403 440 521 524 546 568 611 635 677 700 710 728 924 958 1059 1268 1290 1347 1374 1389 1402 1501 1528 1531 1545 1577 1648 1675 1678 1698 1730 1761 1795 1841
Compactness: 2835.193369
Weights: 496.000000 8730.000000 2337.000000
Center Node: 268

District 33
Nodes: 109 222 241 245 360 399 462 469 482 505 586 648 730 760 1010 1064 1124 1130 1146 1155 1156 1161 1190 1217 1275 1301 1316 1327 1338 1442 1537 1550 1622 1676 1717 1747 1814 1853 1859 1958 1994
Compactness: 1866.553378
Weights: 499.000000 8579.000000 2208.000000
Center Node: 399

District 34
Nodes: 30 69 101 129 164 167 246 247 267 354 371 410 525 616 645 681 699 849 916 959 987 1024 1246 1328 1363 1371 1375 1436 1448 1463 1472 1575 1601 1612 1632 1655 1769 1866 1902 1932
Compactness: 2329.781340
Weights: 490.000000 8377.000000 2298.000000
Center Node: 1902

District 35
Nodes: 12 29 41 60 125 238 242 257 264 388 511 512 579 619 632 644 655 782 783 869 952 981 1008 1026 1045 1154 1170 1250 1312 1314 1401 1538 1557 1566 1628 1629 1887 1898 1990
Compactness: 2798.141863
Weights: 447.000000 8048.000000 2202.000000
Center Node: 242

District 36
Nodes: 17 55 155 165 221 223 312 370 376 509 516 637 650 684 713 796 827 846 865 921 975 1003 1033 1157 1179 1199 1219 1222 1238 1339 1438 1816 1818 1824 1825 1832 1864 1913 1953
Compactness: 1921.666636
Weights: 465.000000 8266.000000 1963.000000
Center Node: 1238

District 37
Nodes: 14 96 118 186 205 274 275 446 531 656 657 698 722 829 833 896 992 999 1031 1148 1208 1239 1291 1369 1390 1544 1595 1602 1688 1692 1693 1700 1720 1732 1806 1830 1843 1874 1895 1927 1968
Compactness: 2234.791298
Weights: 544.000000 7049.000000 2310.000000
Center Node: 274

District 38
Nodes: 5 33 225 240 253 272 304 307 356 391 419 430 435 489 491 588 627 658 697 711 795 864 901 972 989 1025 1056 1144 1232 1470 1487 1496 1509 1587 1618 1636 1703 1745 1839 1870 1912
Compactness: 2716.099104
Weights: 465.000000 8427.000000 2324.000000
Center Node: 435

District 39
Nodes: 295 332 346 396 457 500 726 741 852 888 918 922 984 991 1020 1046 1093 1136 1151 1176 1224 1233 1351 1365 1366 1383 1388 1441 1447 1482 1484 1533 1542 1573 1645 1679 1706 1764 1851 1971 1984
Compactness: 2427.809092
Weights: 492.000000 8425.000000 2366.000000
Center Node: 1482

District 40
Nodes: 106 120 145 262 379 402 530 565 662 716 721 723 759 822 844 847 887 900 948 968 1015 1173 1197 1218 1247 1279 1293 1303 1356 1413 1469 1568 1665 1731 1812 1833 1844 1848 1872 1873 1957 1999
Compactness: 3063.762794
Weights: 492.000000 7784.000000 2329.000000
Center Node: 1665

District 41
Nodes: 46 51 108 156 172 215 234 297 300 305 311 483 634 696 754 781 823 836 880 1113 1164 1225 1241 1256 1322 1336 1377 1417 1426 1435 1439 1446 1478 1491 1524 1553 1560 1571 1581 1660 1807 1810 1856 1963
Compactness: 2704.270307
Weights: 487.000000 8463.000000 2349.000000
Center Node: 311

District 42
Nodes: 48 73 88 113 195 282 322 329 385 401 434 553 556 626 664 687 739 776 803 862 994 1011 1022 1101 1116 1133 1174 1194 1412 1420 1462 1467 1499 1506 1555 1596 1705 1735 1794 1801 1845 1865 1881
Compactness: 2449.449430
Weights: 506.000000 8739.000000 2362.000000
Center Node: 803

District 43
Nodes: 8 18 32 50 81 102 135 154 232 398 426 427 492 660 669 734 736 877 903 935 988 1000 1047 1089 1135 1145 1193 1267 1272 1284 1325 1418 1458 1485 1563 1574 1594 1640 1702 1760 1766 1854
Compactness: 2568.869743
Weights: 466.000000 8477.000000 2362.000000
Center Node: 1193

District 44
Nodes: 43 77 138 143 244 278 316 334 359 384 389 445 464 504 539 555 576 646 666 808 824 928 1070 1242 1321 1370 1411 1486 1503 1606 1650 1667 1682 1748 1775 1805 1915 1931 1937 1943 1983
Compactness: 3043.208868
Weights: 510.000000 8346.000000 2160.000000
Center Node: 1805

District 45
Nodes: 9 20 84 124 131 137 298 315 458 485 517 526 583 620 651 705 913 925 938 973 990 1060 1073 1142 1162 1296 1362 1437 1450 1464 1615 1699 1718 1776 1800 1849 1948 1956
Compactness: 2343.367541
Weights: 504.000000 8197.000000 2316.000000
Center Node: 1073

District 46
Nodes: 75 85 87 110 179 180 192 212 218 233 256 337 344 465 514 527 528 548 647 667 675 727 775 811 831 871 1001 1201 1278 1298 1361 1530 1778 1828 1836 1907 1960
Compactness: 1935.943856
Weights: 497.000000 8234.000000 2174.000000
Center Node: 212

District 47
Nodes: 54 341 351 418 572 633 770 809 820 835 926 954 1098 1103 1184 1188 1192 1213 1297 1340 1445 1474 1488 1490 1519 1520 1584 1593 1600 1607 1625 1680 1758 1768 1888 1911 1924 1973
Compactness: 3390.251346
Weights: 480.000000 8110.000000 2321.000000
Center Node: 1593

District 48
Nodes: 1 15 173 201 203 290 303 357 414 479 538 663 772 793 891 1066 1120 1196 1212 1253 1263 1306 1311 1330 1414 1483 1621 1637 1647 1657 1658 1689 1728 1772 1804 1929 1950 1987 1989
Compactness: 2527.922728
Weights: 460.000000 8661.000000 2121.000000
Center Node: 1647

District 49
Nodes: 26 35 90 115 144 170 263 284 293 405 455 549 575 595 614 622 806 851 876 878 914 964 1018 1119 1216 1257 1307 1308 1394 1455 1586 1626 1749 1809 1882 1920
Compactness: 2262.797521
Weights: 418.000000 7905.000000 2321.000000
Center Node: 26

District 50
Nodes: 59 78 89 97 139 216 260 345 394 429 494 638 639 694 786 843 1012 1040 1195 1204 1215 1240 1243 1288 1457 1502 1651 1714 1783 1788 1813 1846 1871 1883 1889 1930 1966 1969
Compactness: 2418.307374
Weights: 479.000000 8468.000000 2318.000000
Center Node: 139
