BalanceViolation 3868.993000
AffinityLoss 0.000000
Compactness 29923.054514

District 1
Nodes: 82 97 125 177 243 328 345 352 436
Compactness: 589.968469
Weights: 135.000000 2231.000000 606.000000
Center Node: 352

District 2
Nodes: 79 114 142 146 213 366 428 465 485
Compactness: 636.661164
Weights: 112.000000 2064.000000 588.000000
Center Node: 146

District 3
Nodes: 41 101 150 188 268 332 349 369 374 469
Compactness: 548.737449
Weights: 114.000000 2290.000000 587.000000
Center Node: 150

District 4
Nodes: 29 86 91 161 162 165 354 377 421 449 478
Compactness: 785.791183
Weights: 140.000000 2017.000000 645.000000
Center Node: 354

District 5
Nodes: 25 80 190 208 216 325 406 426
Compactness: 355.500772
Weights: 114.000000 2268.000000 451.000000
Center Node: 80

District 6
Nodes: 19 59 164 199 226 236 251 286 337 442
Compactness: 510.243488
Weights: 140.000000 2063.000000 621.000000
Center Node: 59

District 7
Nodes: 7 31 39 113 141 193 344 432
Compactness: 384.538267
Weights: 78.000000 1315.000000 558.000000
Center Node: 39

District 8
Nodes: 63 68 102 108 207 253 281 285 424 482
Compactness: 1052.053734
Weights: 112.000000 2331.000000 609.000000
Center Node: 68

District 9
Nodes: 11 52 78 111 284 409 425 464 490 495
Compactness: 846.591046
Weights: 130.000000 2213.000000 524.000000
Center Node: 111

District 10
Nodes: 3 120 130 132 157 204 232 287 457
Compactness: 527.290156
Weights: 152.000000 2082.000000 579.000000
Center Node: 232

District 11
Nodes: 1 21 37 85 106 219 221 225 255 310 327
Compactness: 480.309261
Weights: 132.000000 2092.000000 701.000000
Center Node: 310

District 12
Nodes: 18 133 160 168 271 276 330 334 339 445 447
Compactness: 701.421488
Weights: 124.000000 2227.000000 531.000000
Center Node: 160

District 13
Nodes: 83 123 136 158 272 301 405 417 448 468
Compactness: 574.395729
Weights: 117.000000 2271.000000 556.000000
Center Node: 158

District 14
Nodes: 10 38 43 48 55 148 197 313 347 393 416 462
Compactness: 864.163957
Weights: 131.000000 2235.000000 660.000000
Center Node: 393

District 15
Nodes: 112 173 304 318 326 336 355 390 410 480
Compactness: 491.852606
Weights: 97.000000 2187.000000 587.000000
Center Node: 355

District 16
Nodes: 58 67 138 172 256 265 289 299 335 422
Compactness: 637.648498
Weights: 137.000000 2329.000000 612.000000
Center Node: 422

District 17
Nodes: 117 159 180 297 324 333 454 493
Compactness: 425.338498
Weights: 70.000000 1894.000000 605.000000
Center Node: 333

District 18
Nodes: 44 45 81 128 238 329 340 368 378 443
Compactness: 406.733153
Weights: 111.000000 2231.000000 507.000000
Center Node: 443

District 19
Nodes: 35 152 192 200 205 259 341 379 391
Compactness: 541.882267
Weights: 106.000000 1957.000000 611.000000
Center Node: 205

District 20
Nodes: 69 95 134 140 351 359 362 419 420 446 475
Compactness: 683.288714
Weights: 140.000000 2272.000000 574.000000
Center Node: 140

District 21
Nodes: 56 90 176 184 228 245 302 363 398 423
Compactness: 623.391439
Weights: 130.000000 2242.000000 520.000000
Center Node: 302

District 22
Nodes: 9 20 75 129 275 298 358 439 453 476 496
Compactness: 419.837480
Weights: 131.000000 2230.000000 619.000000
Center Node: 439

District 23
Nodes: 12 92 195 223 387 404 437 440 456 460
Compactness: 533.564959
Weights: 120.000000 2290.000000 548.000000
Center Node: 195

District 24
Nodes: 2 15 103 119 143 186 217 300 360 418
Compactness: 583.429192
Weights: 125.000000 2276.000000 529.000000
Center Node: 119

District 25
Nodes: 124 210 212 290 323 373 382 412 470 479 491
Compactness: 803.064721
Weights: 127.000000 2159.000000 624.000000
Center Node: 210

District 26
Nodes: 27 40 89 104 139 169 183 185 261 277 322
Compactness: 708.520371
Weights: 139.000000 2046.000000 716.000000
Center Node: 104

District 27
Nodes: 13 70 100 156 194 274 295 307 388 427
Compactness: 534.742048
Weights: 134.000000 2135.000000 538.000000
Center Node: 274

District 28
Nodes: 26 66 87 233 242 262 321 350 408 483
Compactness: 459.422116
Weights: 134.000000 2250.000000 576.000000
Center Node: 87

District 29
Nodes: 50 53 57 153 214 249 291 306 375 383 392 399
Compactness: 491.660115
Weights: 147.000000 2224.000000 583.000000
Center Node: 249

District 30
Nodes: 6 16 98 105 127 135 154 209 215 357 385
Compactness: 739.314915
Weights: 128.000000 2105.000000 604.000000
Center Node: 127

District 31
Nodes: 220 235 260 280 282 305 308 317 372 477
Compactness: 536.554802
Weights: 111.000000 2130.000000 601.000000
Center Node: 305

District 32
Nodes: 34 71 84 155 178 224 294 303 395 413 466
Compactness: 771.309866
Weights: 150.000000 2052.000000 675.000000
Center Node: 71

District 33
Nodes: 30 51 65 99 115 206 246 316 386 433 471
Compactness: 686.039441
Weights: 161.000000 2273.000000 689.000000
Center Node: 206

District 34
Nodes: 64 74 110 144 179 182 467 484 487
Compactness: 861.137417
Weights: 120.000000 2070.000000 394.000000
Center Node: 487

District 35
Nodes: 23 107 167 187 266 309 381 463 492
Compactness: 562.030962
Weights: 120.000000 2237.000000 610.000000
Center Node: 492

District 36
Nodes: 5 17 49 94 283 288 348 380 441 488
Compactness: 514.832232
Weights: 125.000000 2257.000000 609.000000
Center Node: 488

District 37
Nodes: 181 198 229 240 244 250 267 320 444 481
Compactness: 397.635904
Weights: 110.000000 2122.000000 602.000000
Center Node: 198

District 38
Nodes: 88 170 203 234 273 356 429 458 474 498
Compactness: 429.770015
Weights: 112.000000 2273.000000 451.000000
Center Node: 234

District 39
Nodes: 28 222 231 248 258 331 346 364 371
Compactness: 412.932111
Weights: 106.000000 2118.000000 495.000000
Center Node: 258

District 40
Nodes: 33 36 116 189 218 254 314 370 394 430
Compactness: 374.660105
Weights: 99.000000 2101.000000 668.000000
Center Node: 430

District 41
Nodes: 0 46 131 174 201 239 293 361 401 431 438 497
Compactness: 539.174805
Weights: 157.000000 2172.000000 529.000000
Center Node: 131

District 42
Nodes: 42 166 171 196 211 230 237 252 450 451 489
Compactness: 775.063132
Weights: 134.000000 2206.000000 597.000000
Center Node: 450

District 43
Nodes: 60 147 257 279 292 312 397 411 414 499
Compactness: 492.571021
Weights: 139.000000 2138.000000 450.000000
Center Node: 312

District 44
Nodes: 96 151 163 247 343 400 415 434 494
Compactness: 1500.459839
Weights: 114.000000 2284.000000 582.000000
Center Node: 415

District 45
Nodes: 22 24 137 191 202 376 452 455 473
Compactness: 338.504016
Weights: 124.000000 1354.000000 566.000000
Center Node: 473

District 46
Nodes: 32 47 77 93 118 145 149 241 296 342
Compactness: 538.936436
Weights: 120.000000 2125.000000 567.000000
Center Node: 342

District 47
Nodes: 54 62 122 263 315 319 338 365 389 396 403
Compactness: 794.272668
Weights: 136.000000 2265.000000 555.000000
Center Node: 403

District 48
Nodes: 61 73 76 109 227 264 311 384 435
Compactness: 491.406319
Weights: 132.000000 2055.000000 576.000000
Center Node: 73

District 49
Nodes: 14 72 270 353 402 459 486
Compactness: 278.036873
Weights: 89.000000 2266.000000 420.000000
Center Node: 486

District 50
Nodes: 4 8 121 126 175 269 278 367 407 461 472
Compactness: 686.369291
Weights: 128.000000 2217.000000 588.000000
Center Node: 269
