BalanceViolation 511.416000
AffinityLoss 0.000000
Compactness 121654.973040

District 1
Nodes: 74 89 128 151 196 245 284 379 416 434 458 506 601 619 658 671 695 707 720 721 862 865 923 933 977 1161 1192 1224 1249 1350 1436 1437 1517 1552 1553 1630 1741 1825 1895 1915 1931 1934
Compactness: 2600.662432
Weights: 509.000000 8096.000000 2186.000000
Center Node: 1931

District 2
Nodes: 29 153 172 236 266 273 334 336 343 344 363 408 477 539 731 774 843 878 949 1026 1046 1051 1056 1168 1174 1268 1338 1396 1538 1542 1551 1570 1588 1618 1624 1633 1645 1725 1826 1941 1980
Compactness: 1959.259113
Weights: 472.000000 7751.000000 2397.000000
Center Node: 1046

District 3
Nodes: 34 154 294 445 502 509 515 553 572 576 590 631 649 698 750 754 794 798 883 967 1032 1037 1062 1072 1082 1125 1175 1258 1264 1305 1376 1438 1477 1572 1729 1769 1816 1916 1978
Compactness: 2554.441328
Weights: 499.000000 7924.000000 2361.000000
Center Node: 572

District 4
Nodes: 109 187 224 253 256 301 349 359 360 436 462 493 579 692 713 950 980 1004 1119 1123 1144 1165 1278 1290 1301 1369 1374 1409 1431 1441 1496 1514 1534 1629 1704 1722 1747 1838 1904
Compactness: 2161.885469
Weights: 452.000000 8283.000000 2265.000000
Center Node: 1629

District 5
Nodes: 8 9 103 135 141 212 239 402 487 526 558 568 663 702 767 820 900 984 1091 1152 1199 1221 1243 1257 1321 1366 1381 1393 1498 1599 1623 1733 1736 1766 1842 1886 1914 1940 1957
Compactness: 2216.640759
Weights: 496.000000 8324.000000 2203.000000
Center Node: 767

District 6
Nodes: 26 93 178 210 353 388 417 424 451 520 530 531 549 667 679 682 694 708 712 743 781 835 909 919 1008 1034 1136 1170 1306 1333 1546 1569 1678 1717 1739 1776 1801 1849 1923
Compactness: 2145.350837
Weights: 475.000000 8151.000000 2373.000000
Center Node: 353

District 7
Nodes: 13 81 115 176 233 248 280 413 439 474 705 728 757 759 773 811 830 941 958 988 1064 1080 1189 1231 1310 1315 1344 1347 1391 1508 1522 1778 1787 1793 1812 1830 1933 1981 1985
Compactness: 2243.521598
Weights: 504.000000 8104.000000 2209.000000
Center Node: 1344

District 8
Nodes: 41 114 147 182 355 380 382 394 457 505 557 790 823 928 945 956 1000 1020 1048 1086 1137 1187 1229 1359 1372 1378 1385 1421 1430 1519 1582 1583 1589 1627 1658 1661 1702 1807 1847 1939 1963 1964
Compactness: 2800.922512
Weights: 490.000000 7858.000000 2321.000000
Center Node: 1000

District 9
Nodes: 42 138 227 265 296 449 497 541 584 586 664 668 683 687 742 833 873 891 892 961 1014 1084 1095 1105 1155 1182 1265 1312 1358 1368 1440 1463 1656 1664 1750 1756 1777 1810 1817 1905 1929
Compactness: 3156.875052
Weights: 471.000000 7967.000000 2289.000000
Center Node: 1656

District 10
Nodes: 70 139 191 298 465 498 536 629 648 673 677 691 761 772 796 857 907 929 947 964 972 989 1100 1111 1113 1173 1203 1204 1226 1255 1287 1339 1433 1533 1626 1673 1761 1804 1815 1835 1876
Compactness: 2909.774098
Weights: 495.000000 8203.000000 2187.000000
Center Node: 1255

District 11
Nodes: 38 96 108 121 221 304 342 393 456 533 561 580 604 625 633 681 710 801 875 939 948 1074 1092 1129 1207 1263 1320 1336 1370 1447 1469 1475 1502 1613 1632 1635 1639 1642 1946 1950
Compactness: 2580.401352
Weights: 482.000000 8491.000000 2220.000000
Center Node: 1642

District 12
Nodes: 12 99 130 186 244 309 312 324 421 455 597 632 666 732 788 793 809 828 894 932 938 1010 1106 1140 1162 1172 1233 1403 1424 1450 1507 1579 1580 1597 1653 1711 1854 1896 1922 1927 1952
Compactness: 2710.482590
Weights: 465.000000 7805.000000 2373.000000
Center Node: 632

District 13
Nodes: 5 27 83 105 235 315 323 356 383 431 435 473 479 480 500 575 582 616 622 711 769 786 846 946 970 1054 1065 1075 1254 1371 1504 1513 1545 1643 1683 1751 1768 1811 1859 1898 1909 1911
Compactness: 2396.887682
Weights: 461.000000 7802.000000 2361.000000
Center Node: 1054

District 14
Nodes: 43 112 140 258 305 446 512 519 524 602 630 639 647 652 672 709 740 872 924 944 969 994 1031 1133 1153 1237 1261 1272 1274 1452 1486 1631 1669 1745 1763 1792 1803 1856 1997
Compactness: 2773.738838
Weights: 457.000000 8532.000000 2229.000000
Center Node: 630

District 15
Nodes: 36 48 86 97 107 124 180 198 223 247 330 362 374 503 684 719 726 735 762 776 812 836 842 915 943 1022 1114 1183 1193 1351 1395 1425 1461 1467 1499 1707 1720 1726 1775 1822 1871 1951 1969
Compactness: 3138.197002
Weights: 495.000000 8259.000000 2248.000000
Center Node: 762

District 16
Nodes: 35 47 50 102 127 170 255 263 300 308 318 370 472 543 780 800 826 829 861 1038 1112 1198 1214 1252 1253 1317 1377 1379 1394 1479 1481 1615 1682 1799 1813 1821 1828 1873 1956 1971
Compactness: 2259.938393
Weights: 454.000000 7742.000000 2387.000000
Center Node: 170

District 17
Nodes: 16 53 77 131 137 149 216 264 299 396 425 560 701 848 882 986 1025 1068 1158 1260 1314 1341 1460 1491 1505 1520 1574 1575 1668 1723 1891 1912 1932 1955
Compactness: 1574.530144
Weights: 427.000000 8419.000000 1959.000000
Center Node: 131

District 18
Nodes: 10 14 55 72 94 104 162 171 226 322 426 527 550 609 704 723 739 745 758 806 827 853 876 897 1121 1342 1459 1503 1509 1523 1530 1584 1611 1644 1754 1781 1880 1919
Compactness: 2256.610159
Weights: 468.000000 7742.000000 2378.000000
Center Node: 1121

District 19
Nodes: 40 98 164 203 208 222 246 251 274 450 481 495 585 824 841 890 896 931 1057 1087 1126 1132 1160 1210 1220 1299 1354 1400 1442 1445 1483 1511 1532 1540 1585 1620 1681 1795 1875
Compactness: 2210.082474
Weights: 464.000000 8394.000000 2359.000000
Center Node: 1126

District 20
Nodes: 58 129 152 195 292 310 399 442 486 635 669 733 741 766 768 797 926 1045 1071 1083 1223 1241 1281 1282 1285 1307 1319 1346 1557 1586 1606 1628 1650 1662 1735 1864 1881 1882 1894 1953 1958
Compactness: 2161.336188
Weights: 506.000000 7756.000000 2184.000000
Center Node: 1958

District 21
Nodes: 37 82 156 219 230 303 319 372 377 484 645 738 792 818 979 990 1019 1050 1099 1101 1149 1186 1202 1213 1304 1361 1383 1406 1510 1521 1526 1544 1554 1605 1671 1699 1715 1749 1829 1878 1999
Compactness: 2476.922334
Weights: 512.000000 8490.000000 2187.000000
Center Node: 319

District 22
Nodes: 18 117 142 272 325 375 392 419 469 471 489 578 605 795 856 887 918 927 934 960 1166 1169 1195 1308 1330 1362 1455 1464 1516 1539 1598 1602 1604 1622 1687 1710 1712 1740 1748 1839 1858 1879 1960
Compactness: 2372.756328
Weights: 527.000000 8385.000000 2171.000000
Center Node: 1748

District 23
Nodes: 20 87 106 111 157 218 228 333 358 411 441 540 654 661 814 954 993 1005 1027 1040 1127 1128 1156 1179 1329 1345 1364 1365 1462 1489 1506 1543 1684 1690 1713 1837 1851 1855 1865 1926 1936
Compactness: 2244.877914
Weights: 486.000000 8330.000000 2404.000000
Center Node: 228

District 24
Nodes: 71 85 110 143 165 250 276 326 405 444 468 535 577 594 595 613 675 730 784 813 885 968 973 975 1042 1053 1108 1110 1181 1280 1389 1422 1472 1490 1501 1571 1823 1908
Compactness: 2424.284162
Weights: 490.000000 8489.000000 2202.000000
Center Node: 250

District 25
Nodes: 66 118 161 168 199 270 271 317 335 350 357 409 422 454 525 624 662 689 724 725 736 815 831 866 922 952 1061 1063 1145 1157 1208 1238 1250 1279 1415 1468 1525 1614 1667 1676 1827 1943 1986
Compactness: 3037.255822
Weights: 494.000000 8536.000000 2372.000000
Center Node: 1157

District 26
Nodes: 80 192 277 390 428 432 447 504 566 628 656 859 965 1018 1073 1088 1094 1109 1147 1217 1219 1225 1289 1292 1300 1327 1512 1528 1549 1634 1654 1691 1716 1767 1844 1845 1852 1899 1918 1938 1983
Compactness: 2450.448762
Weights: 510.000000 7830.000000 2236.000000
Center Node: 1219

District 27
Nodes: 150 193 348 461 482 546 642 643 703 760 808 817 832 863 903 935 957 996 1036 1096 1120 1196 1200 1222 1313 1334 1337 1392 1429 1451 1476 1531 1591 1601 1694 1730 1744 1791 1869 1877 1889 1998
Compactness: 2255.535454
Weights: 478.000000 8185.000000 2359.000000
Center Node: 1601

District 28
Nodes: 31 92 146 231 254 267 341 347 395 429 508 521 542 548 570 598 636 657 670 678 737 756 906 912 962 982 1041 1141 1180 1284 1302 1419 1420 1581 1596 1619 1638 1708 1866 1925 1942
Compactness: 2893.423920
Weights: 489.000000 8056.000000 2330.000000
Center Node: 548

District 29
Nodes: 49 61 133 217 243 259 261 316 415 593 777 819 838 852 899 914 930 987 1017 1028 1044 1154 1171 1190 1259 1316 1323 1328 1363 1375 1518 1560 1566 1688 1705 1718 1727 1737 1784 1862
Compactness: 2601.144323
Weights: 454.000000 7762.000000 2413.000000
Center Node: 61

District 30
Nodes: 21 60 144 202 249 291 371 510 529 538 573 589 620 706 718 775 1077 1102 1118 1218 1269 1298 1331 1352 1356 1380 1410 1458 1565 1577 1616 1689 1802 1833 1848 1867 1910 1976
Compactness: 1976.394666
Weights: 452.000000 7995.000000 2399.000000
Center Node: 291

District 31
Nodes: 22 24 116 232 260 268 288 290 306 313 398 400 516 518 599 676 722 747 752 789 860 966 971 974 1089 1205 1246 1407 1439 1465 1485 1672 1700 1719 1759 1762 1780 1853 1903 1988
Compactness: 2381.876715
Weights: 482.000000 8480.000000 2357.000000
Center Node: 1205

District 32
Nodes: 44 45 62 73 136 275 328 466 522 545 564 581 621 627 659 697 753 779 840 869 1043 1085 1216 1234 1277 1295 1399 1402 1414 1449 1470 1555 1594 1696 1786 1796 1808 1814 1818 1982 1984
Compactness: 2272.654805
Weights: 453.000000 8088.000000 2404.000000
Center Node: 1414

District 33
Nodes: 57 59 126 194 200 225 229 269 314 352 381 389 406 427 448 623 825 911 985 1035 1103 1191 1211 1240 1248 1276 1322 1412 1434 1482 1494 1686 1746 1765 1783 1857 1902 1992
Compactness: 2362.434306
Weights: 511.000000 7730.000000 2345.000000
Center Node: 1992

District 34
Nodes: 1 2 122 158 206 215 241 297 311 384 412 544 685 696 804 895 902 937 997 1058 1335 1492 1535 1559 1592 1625 1670 1675 1758 1771 1774 1790 1841 1885 1897 1900 1917
Compactness: 1983.003189
Weights: 457.000000 8506.000000 2098.000000
Center Node: 1675

District 35
Nodes: 0 52 181 189 220 257 403 437 460 501 511 523 556 588 617 765 845 877 881 884 942 959 1006 1130 1148 1167 1176 1197 1266 1388 1435 1478 1563 1573 1714 1724 1824 1846 1863 1961
Compactness: 2266.746579
Weights: 459.000000 8498.000000 2184.000000
Center Node: 523

District 36
Nodes: 17 155 167 201 285 345 361 483 528 547 571 686 688 844 901 1024 1039 1117 1150 1270 1326 1367 1386 1390 1401 1405 1423 1426 1474 1608 1612 1665 1734 1757 1764 1779 1788 1843 1850 1890 1991
Compactness: 2417.283378
Weights: 485.000000 8076.000000 2379.000000
Center Node: 1843

District 37
Nodes: 6 39 76 91 125 134 188 197 205 237 289 295 351 385 397 407 453 562 653 717 764 816 839 871 999 1098 1115 1151 1164 1294 1453 1595 1617 1641 1721 1755 1760 1789 1798 1805 1887 1924 1970
Compactness: 2666.855110
Weights: 482.000000 8366.000000 2406.000000
Center Node: 1164

District 38
Nodes: 11 56 159 166 282 332 346 364 369 551 614 693 714 715 748 847 864 880 889 898 951 953 983 1009 1228 1288 1309 1349 1373 1446 1487 1609 1655 1659 1679 1703 1743 1800 1809 1870 1994
Compactness: 2437.673797
Weights: 506.000000 8328.000000 2407.000000
Center Node: 1679

District 39
Nodes: 25 46 123 177 183 240 242 286 373 440 443 499 517 574 651 660 787 802 916 1021 1060 1107 1177 1232 1242 1247 1291 1303 1417 1541 1568 1590 1600 1636 1685 1752 1772 1820 1834 1874 1920 1965 1996
Compactness: 2429.362984
Weights: 488.000000 7775.000000 2289.000000
Center Node: 916

District 40
Nodes: 88 160 163 320 433 555 607 637 655 874 910 940 1007 1013 1055 1078 1090 1122 1134 1227 1332 1348 1444 1457 1495 1527 1607 1610 1770 1819 1893 1921 1937 1959
Compactness: 1767.686544
Weights: 423.000000 7739.000000 2401.000000
Center Node: 1457

District 41
Nodes: 4 23 75 340 366 391 401 414 488 491 496 592 603 644 674 755 867 955 963 991 1066 1076 1239 1343 1408 1443 1454 1537 1550 1556 1640 1697 1732 1840 1884 1892 1907 1947 1962
Compactness: 2043.166396
Weights: 503.000000 8087.000000 2200.000000
Center Node: 488

District 42
Nodes: 15 119 169 175 179 190 211 307 329 338 459 492 494 507 552 640 690 782 849 854 855 908 981 1003 1012 1135 1146 1230 1271 1473 1529 1548 1578 1648 1692 1742 1967 1972 1977 1993
Compactness: 2607.442985
Weights: 506.000000 8033.000000 2335.000000
Center Node: 981

District 43
Nodes: 63 101 120 185 214 321 367 423 438 452 565 569 591 611 680 810 837 976 992 1001 1015 1023 1209 1235 1318 1360 1432 1484 1561 1562 1567 1576 1593 1680 1698 1728 1973 1995
Compactness: 2362.938551
Weights: 500.000000 7784.000000 2395.000000
Center Node: 1209

District 44
Nodes: 28 30 64 65 278 302 376 378 490 563 700 771 799 851 920 1002 1047 1097 1104 1116 1138 1142 1188 1215 1340 1413 1471 1547 1558 1603 1651 1660 1693 1753 1872 1901 1949 1979
Compactness: 3933.803026
Weights: 514.000000 8127.000000 2209.000000
Center Node: 1340

District 45
Nodes: 113 184 293 331 386 404 420 475 476 534 583 587 608 641 805 1049 1081 1124 1184 1286 1293 1311 1353 1355 1357 1382 1497 1500 1515 1564 1794 1831 1832 1906 1945 1975 1989
Compactness: 1915.691980
Weights: 424.000000 7806.000000 2405.000000
Center Node: 1832

District 46
Nodes: 19 51 69 174 262 410 418 470 532 744 778 803 822 858 888 925 998 1016 1030 1079 1131 1163 1206 1244 1273 1397 1404 1456 1488 1524 1647 1674 1706 1709 1731 1785 1883 1913 1935 1948 1954
Compactness: 1998.056511
Weights: 488.000000 7983.000000 2396.000000
Center Node: 1731

District 47
Nodes: 84 90 132 207 209 238 279 354 368 463 485 596 606 618 638 665 729 763 807 834 850 870 904 978 995 1033 1159 1212 1262 1283 1416 1418 1427 1480 1663 1701 1738 1782 1806 1860 1861 1868
Compactness: 2791.219806
Weights: 490.000000 8450.000000 2390.000000
Center Node: 665

District 48
Nodes: 68 78 79 95 281 283 327 337 365 387 430 467 554 634 646 650 699 746 751 868 905 1011 1029 1052 1069 1093 1143 1178 1194 1236 1251 1256 1384 1387 1657 1677 1695 1773 1944 1968 1974
Compactness: 2896.390364
Weights: 517.000000 8494.000000 2173.000000
Center Node: 1657

District 49
Nodes: 67 100 145 148 287 339 464 514 559 567 610 716 770 783 785 791 886 913 936 1059 1070 1139 1201 1296 1297 1324 1428 1466 1536 1637 1646 1649 1652 1797 1888 1928 1930 1987 1990
Compactness: 2235.294604
Weights: 496.000000 8231.000000 2250.000000
Center Node: 1990

District 50
Nodes: 3 7 32 33 54 173 204 213 234 252 478 513 537 600 612 615 626 727 734 749 821 879 893 917 921 1067 1185 1245 1267 1275 1325 1398 1411 1448 1493 1587 1621 1666 1836 1966
Compactness: 2340.809706
Weights: 489.000000 8465.000000 2248.000000
Center Node: 1411
