BalanceViolation 6924.760000
AffinityLoss 0.000000
Compactness 29156.225995

District 1
Nodes: 16 51 111 119 158 235 252 404 432 494
Compactness: 291.091947
Weights: 120.000000 2116.000000 658.000000
Center Node: 51

District 2
Nodes: 4 50 53 146 296 330 337 362 372 381 465 478 495
Compactness: 951.938319
Weights: 147.000000 2203.000000 890.000000
Center Node: 362

District 3
Nodes: 32 94 171 284 294 382 402 468 475 487
Compactness: 537.536959
Weights: 132.000000 2297.000000 534.000000
Center Node: 487

District 4
Nodes: 26 116 179 231 246 285 396
Compactness: 174.920569
Weights: 78.000000 1645.000000 439.000000
Center Node: 231

District 5
Nodes: 161 196 211 212 221 233 243 317 391 453 455 474
Compactness: 864.174078
Weights: 153.000000 1906.000000 611.000000
Center Node: 474

District 6
Nodes: 71 93 95 263 303 332 375 401 418 435
Compactness: 653.103962
Weights: 115.000000 2227.000000 619.000000
Center Node: 401

District 7
Nodes: 86 187 215 219 286 310 311 360 403 479
Compactness: 423.307532
Weights: 112.000000 2127.000000 651.000000
Center Node: 187

District 8
Nodes: 114 306 428
Compactness: 135.274522
Weights: 39.000000 518.000000 203.000000
Center Node: 114

District 9
Nodes: 22 236 262 264 280 384 456 477 489
Compactness: 463.440009
Weights: 123.000000 2106.000000 609.000000
Center Node: 456

District 10
Nodes: 18 48 266 304 308 327 351 369 400 425 496
Compactness: 740.132634
Weights: 155.000000 2281.000000 582.000000
Center Node: 496

District 11
Nodes: 35 105 136 151 172 238 248 331 405 449
Compactness: 792.866626
Weights: 145.000000 2113.000000 535.000000
Center Node: 331

District 12
Nodes: 13 72 153 181 348 423 437 439 486
Compactness: 360.105590
Weights: 117.000000 2212.000000 613.000000
Center Node: 13

District 13
Nodes: 24 29 56 82 192 210 269 302 387 412
Compactness: 300.310417
Weights: 131.000000 2348.000000 566.000000
Center Node: 56

District 14
Nodes: 42 52 99 201 204 207 251 255 335 379 409 415 440
Compactness: 876.952005
Weights: 132.000000 2198.000000 810.000000
Center Node: 409

District 15
Nodes: 1 28 154 216 218 253 433 445 452 471 497
Compactness: 480.536444
Weights: 116.000000 2264.000000 567.000000
Center Node: 154

District 16
Nodes: 12 60 90 100 123 182 200 239 346 386 388 454
Compactness: 668.936074
Weights: 153.000000 2009.000000 616.000000
Center Node: 123

District 17
Nodes: 63 81 139 174 274 325 436 448 491
Compactness: 511.055344
Weights: 100.000000 2507.000000 514.000000
Center Node: 491

District 18
Nodes: 98 206 270 289 323 347 357 407
Compactness: 406.501117
Weights: 113.000000 2331.000000 303.000000
Center Node: 357

District 19
Nodes: 6 66 169 183 186 314 378 424 493
Compactness: 448.591372
Weights: 124.000000 2080.000000 552.000000
Center Node: 186

District 20
Nodes: 37 58 75 140 281 287 392 393 431 441 466
Compactness: 649.794545
Weights: 119.000000 2167.000000 656.000000
Center Node: 441

District 21
Nodes: 107 110 137 214 344 359 406 482
Compactness: 295.485603
Weights: 90.000000 2015.000000 581.000000
Center Node: 107

District 22
Nodes: 57 96 265 271 291 313 350 358 397 480
Compactness: 483.788390
Weights: 140.000000 2210.000000 589.000000
Center Node: 313

District 23
Nodes: 7 89 163 199 258 301 321 338 446 450
Compactness: 691.700676
Weights: 113.000000 2244.000000 470.000000
Center Node: 7

District 24
Nodes: 79 112 129 162 175 197 290 293 349 374 498
Compactness: 625.219347
Weights: 147.000000 2155.000000 559.000000
Center Node: 374

District 25
Nodes: 8 195 198 282 309 341 394 430 461 476 488
Compactness: 722.910937
Weights: 140.000000 2014.000000 676.000000
Center Node: 198

District 26
Nodes: 5 70 121 130 168 188 190 268 367 371 380 443
Compactness: 758.891898
Weights: 146.000000 2201.000000 696.000000
Center Node: 190

District 27
Nodes: 67 76 150 155 237 297 363 385 483 485
Compactness: 696.427443
Weights: 137.000000 2219.000000 585.000000
Center Node: 76

District 28
Nodes: 39 225 234 257 278 292 326 366 421 499
Compactness: 393.431342
Weights: 150.000000 2027.000000 543.000000
Center Node: 326

District 29
Nodes: 19 65 73 102 177 240 241 249
Compactness: 567.219572
Weights: 80.000000 1902.000000 405.000000
Center Node: 249

District 30
Nodes: 9 23 31 47 77 156 167 213 261 299 410 463
Compactness: 1216.553307
Weights: 144.000000 2143.000000 876.000000
Center Node: 9

District 31
Nodes: 0 25 43 80 97 109 117 173 224 228
Compactness: 532.000130
Weights: 118.000000 2076.000000 582.000000
Center Node: 0

District 32
Nodes: 3 160 166 180 232 267 298 307 370
Compactness: 433.064006
Weights: 118.000000 2392.000000 442.000000
Center Node: 3

District 33
Nodes: 40 41 59 152 159 208 220 223 245 459
Compactness: 896.363870
Weights: 107.000000 2280.000000 504.000000
Center Node: 223

District 34
Nodes: 87 88 106 118 184 250 305 319 376
Compactness: 296.736609
Weights: 76.000000 2165.000000 587.000000
Center Node: 305

District 35
Nodes: 21 92 104 312 336 339 342 365 411 444
Compactness: 510.197960
Weights: 139.000000 2259.000000 565.000000
Center Node: 312

District 36
Nodes: 78 91 101 176 202 229 300 364 457 492
Compactness: 758.280110
Weights: 129.000000 2086.000000 576.000000
Center Node: 457

District 37
Nodes: 10 20 44 115 165 193 209 276 288 334 352
Compactness: 1027.853032
Weights: 132.000000 2223.000000 598.000000
Center Node: 44

District 38
Nodes: 2 14 46 85 164 178 189 242 247 333 377 383 408
Compactness: 532.147024
Weights: 147.000000 2054.000000 624.000000
Center Node: 2

District 39
Nodes: 69 103 108 132 345 373 389 390 413 464
Compactness: 717.410442
Weights: 116.000000 2018.000000 592.000000
Center Node: 132

District 40
Nodes: 49 127 133 143 244 273 277 283 295 429 442
Compactness: 696.068420
Weights: 146.000000 2346.000000 583.000000
Center Node: 127

District 41
Nodes: 55 64 124 125 145 254 426 438 472 484
Compactness: 544.974067
Weights: 140.000000 2035.000000 523.000000
Center Node: 472

District 42
Nodes: 141 157 185 226 230 259 322 340 354 422 460
Compactness: 711.389166
Weights: 118.000000 2274.000000 580.000000
Center Node: 141

District 43
Nodes: 27 45 83 84 138 142 144 316 353
Compactness: 337.899654
Weights: 92.000000 2151.000000 614.000000
Center Node: 45

District 44
Nodes: 68 74 134 279 318 398 419 458 470
Compactness: 617.678363
Weights: 129.000000 1970.000000 673.000000
Center Node: 398

District 45
Nodes: 54 62 128 149 191 329 343 355 427 434
Compactness: 575.807076
Weights: 116.000000 2138.000000 682.000000
Center Node: 434

District 46
Nodes: 17 122 135 194 203 217 272 420 447 467
Compactness: 776.777606
Weights: 128.000000 2250.000000 529.000000
Center Node: 194

District 47
Nodes: 11 30 34 113 120 324 356 451 469 481
Compactness: 614.865727
Weights: 105.000000 2190.000000 613.000000
Center Node: 113

District 48
Nodes: 131 147 148 205 222 227 320 368 395
Compactness: 400.456348
Weights: 123.000000 2078.000000 551.000000
Center Node: 320

District 49
Nodes: 15 38 61 260 275 315 328 399 414
Compactness: 415.118365
Weights: 119.000000 2174.000000 768.000000
Center Node: 328

District 50
Nodes: 33 36 126 170 256 361 416 417 462 473 490
Compactness: 578.939440
Weights: 123.000000 1774.000000 820.000000
Center Node: 126
