BalanceViolation 425.770000
AffinityLoss 0.000000
Compactness 197202.889809

District 1
Nodes: 46 51 64 108 156 158 169 172 215 234 297 305 311 318 343 416 422 423 442 444 480 483 487 526 551 583 634 676 685 691 696 702 707 709 731 738 754 781 823 836 848 880 885 949 958 969 977 980 1058 1071 1081 1113 1129 1138 1142 1164 1205 1225 1241 1256 1273 1322 1336 1358 1362 1382 1384 1417 1425 1426 1430 1432 1435 1439 1446 1450 1478 1491 1514 1524 1553 1560 1571 1581 1598 1620 1631 1639 1643 1648 1660 1664 1687 1723 1774 1779 1807 1810 1856 1886 1928 1933 1940 1956 1963 1976
Compactness: 8769.425143
Weights: 1143.000000 21239.000000 5895.000000
Center Node: 1478

District 2
Nodes: 14 96 117 118 127 132 141 177 186 189 205 243 254 274 275 306 347 386 408 438 459 474 502 531 550 552 585 617 618 629 631 640 656 657 683 698 719 722 755 757 761 778 828 829 833 858 886 889 896 917 992 1091 1148 1208 1227 1230 1239 1277 1283 1291 1342 1369 1391 1398 1406 1410 1422 1508 1525 1526 1544 1559 1572 1578 1595 1614 1677 1688 1692 1693 1697 1720 1724 1732 1750 1757 1762 1789 1792 1806 1830 1843 1847 1874 1895 1901 1916 1949 1968 1970 1985
Compactness: 10711.361476
Weights: 1270.000000 19979.000000 5672.000000
Center Node: 778

District 3
Nodes: 18 50 65 66 81 83 107 134 136 154 190 196 201 227 237 251 287 296 331 335 357 365 400 404 427 436 437 439 454 463 498 520 522 557 592 615 654 717 784 800 814 855 860 870 877 908 912 923 935 942 947 988 1000 1007 1021 1023 1084 1089 1106 1132 1191 1193 1196 1209 1220 1229 1234 1260 1262 1266 1306 1310 1323 1343 1357 1367 1418 1419 1458 1479 1574 1594 1657 1708 1712 1728 1738 1742 1760 1768 1790 1797 1802 1842 1884 1923 1944 1952 1955 1978 1980 1987 1989
Compactness: 15032.527377
Weights: 1234.000000 20869.000000 5270.000000
Center Node: 463

District 4
Nodes: 36 48 70 73 88 112 128 159 195 258 269 282 322 324 363 364 374 399 401 434 482 497 553 556 566 584 586 626 664 673 679 687 742 760 763 789 803 837 862 863 866 872 909 919 950 994 1006 1011 1022 1038 1061 1067 1095 1101 1116 1121 1122 1123 1133 1134 1174 1190 1198 1202 1217 1275 1316 1341 1346 1349 1372 1420 1462 1466 1468 1473 1499 1505 1506 1517 1537 1543 1547 1555 1596 1603 1627 1684 1701 1705 1717 1735 1794 1801 1865 1881 1899 1958 1962 1979 1992
Compactness: 18136.799501
Weights: 1249.000000 20436.000000 5650.000000
Center Node: 1801

District 5
Nodes: 6 30 40 62 69 130 155 194 206 208 221 228 247 277 279 342 371 388 413 467 470 475 516 529 536 542 578 616 628 645 649 659 681 695 766 771 774 792 816 827 849 884 892 902 905 939 959 960 965 1024 1027 1041 1077 1099 1108 1128 1165 1206 1222 1246 1259 1285 1315 1339 1363 1371 1375 1436 1452 1453 1463 1472 1500 1512 1529 1552 1554 1575 1580 1591 1610 1612 1630 1632 1649 1655 1669 1691 1713 1719 1754 1765 1777 1793 1796 1818 1855 1863 1890 1902 1932 1965
Compactness: 11222.117356
Weights: 1248.000000 21856.000000 5530.000000
Center Node: 578

District 6
Nodes: 0 2 38 45 56 63 104 140 142 153 162 168 210 225 271 314 323 327 328 336 340 348 368 383 398 412 426 501 558 560 571 574 577 602 613 669 670 678 689 692 706 734 750 767 773 801 825 826 832 842 898 915 929 955 972 974 982 1047 1086 1100 1114 1145 1178 1255 1267 1269 1271 1284 1329 1334 1403 1404 1424 1427 1476 1507 1509 1540 1563 1582 1646 1653 1662 1668 1671 1681 1702 1711 1716 1770 1782 1815 1854 1909 1910 1914 1926 1974
Compactness: 8862.150543
Weights: 1181.000000 20603.000000 5875.000000
Center Node: 501

District 7
Nodes: 24 26 35 53 87 90 109 115 121 144 170 212 226 241 248 266 292 293 308 333 337 360 455 462 514 533 548 549 570 591 595 598 614 622 641 648 675 703 727 730 745 749 756 806 811 851 861 878 895 930 951 964 1001 1009 1010 1018 1019 1050 1064 1076 1085 1092 1104 1119 1124 1130 1146 1155 1156 1161 1216 1257 1270 1286 1307 1326 1327 1338 1394 1415 1431 1442 1449 1455 1477 1494 1585 1586 1626 1737 1756 1858 1859 1882 1900 1907 1938 1960 1994
Compactness: 8685.111484
Weights: 1171.000000 19862.000000 5958.000000
Center Node: 293

District 8
Nodes: 41 60 116 125 145 150 160 242 262 270 283 338 358 402 512 532 572 579 582 593 600 619 644 655 662 716 721 759 822 844 850 859 882 906 948 968 1008 1015 1017 1026 1043 1049 1051 1075 1107 1115 1140 1154 1159 1163 1173 1185 1188 1192 1218 1221 1247 1292 1297 1303 1314 1317 1335 1356 1401 1413 1429 1445 1454 1469 1490 1527 1539 1548 1561 1566 1568 1600 1629 1642 1665 1680 1683 1731 1734 1743 1822 1833 1848 1857 1872 1873 1887 1888 1898 1903 1905 1935 1998
Compactness: 9229.840453
Weights: 1171.000000 21540.000000 5320.000000
Center Node: 262

District 9
Nodes: 3 49 61 68 77 99 138 152 191 193 200 230 244 278 316 319 334 381 384 393 421 428 445 451 464 504 518 534 539 545 646 653 735 779 808 817 824 834 838 839 845 875 928 944 957 1028 1029 1037 1057 1065 1068 1069 1070 1080 1102 1175 1210 1242 1300 1302 1318 1319 1320 1344 1379 1380 1400 1411 1444 1486 1503 1511 1535 1549 1556 1583 1605 1613 1638 1641 1650 1666 1667 1682 1746 1748 1775 1791 1805 1827 1852 1861 1885 1894 1906 1915 1921 1925 1931 1937 1943 1961 1993 1996
Compactness: 10838.178599
Weights: 1201.000000 21262.000000 5481.000000
Center Node: 1827

District 10
Nodes: 13 17 55 80 149 165 175 188 217 223 231 236 280 286 289 312 367 370 376 449 471 472 477 509 535 559 569 589 596 609 625 630 637 650 668 684 686 713 715 743 744 746 764 777 796 846 856 865 883 893 921 945 962 971 975 986 998 1003 1032 1033 1062 1082 1096 1112 1126 1150 1157 1167 1168 1177 1179 1183 1199 1219 1223 1238 1248 1264 1333 1345 1355 1438 1546 1551 1558 1562 1588 1619 1633 1644 1816 1824 1825 1831 1832 1862 1864 1913 1922 1936 1953 1964 1988
Compactness: 9519.619915
Weights: 1202.000000 19840.000000 5907.000000
Center Node: 1619

District 11
Nodes: 25 42 71 79 111 119 148 163 214 222 229 240 245 285 304 356 361 375 391 417 430 435 446 447 469 473 481 491 505 564 573 588 597 658 672 711 751 769 867 901 932 941 989 993 996 999 1031 1044 1056 1079 1109 1131 1232 1244 1252 1280 1301 1359 1390 1423 1428 1459 1461 1470 1496 1498 1513 1536 1550 1564 1602 1622 1624 1634 1636 1676 1694 1700 1703 1721 1747 1759 1767 1780 1799 1814 1819 1829 1838 1839 1853 1870 1875 1893 1896 1897 1912 1927 1941 1986
Compactness: 8657.590160
Weights: 1142.000000 20245.000000 5711.000000
Center Node: 941

District 12
Nodes: 8 16 22 31 74 82 106 178 232 268 276 294 299 310 313 320 351 369 372 379 392 418 440 492 519 521 524 530 540 546 568 581 603 611 623 635 660 677 700 710 723 728 736 758 804 835 840 847 887 900 903 954 1002 1042 1059 1103 1141 1184 1189 1197 1226 1261 1272 1279 1293 1299 1332 1347 1373 1374 1389 1402 1416 1474 1501 1519 1531 1541 1545 1577 1607 1625 1635 1652 1675 1678 1698 1730 1761 1766 1795 1812 1841 1844 1850 1911 1924 1957 1959 1973 1981 1999
Compactness: 8348.531281
Weights: 1204.000000 21799.000000 5786.000000
Center Node: 954

District 13
Nodes: 7 10 12 19 28 29 72 92 100 101 123 129 147 164 167 171 185 197 207 219 238 246 255 257 264 267 325 330 354 387 410 415 420 432 476 493 511 523 525 599 606 607 632 680 690 699 718 748 753 768 780 782 783 794 869 894 897 916 937 952 981 987 1016 1045 1072 1088 1149 1170 1171 1180 1250 1251 1274 1312 1328 1360 1368 1377 1393 1448 1471 1510 1538 1557 1601 1604 1608 1623 1628 1659 1690 1715 1733 1753 1769 1773 1785 1803 1866 1868 1877 1908 1990
Compactness: 10787.414764
Weights: 1244.000000 21034.000000 5761.000000
Center Node: 420

District 14
Nodes: 43 47 91 103 105 113 133 143 146 295 329 332 346 352 378 385 389 396 406 457 500 506 555 576 580 621 652 666 726 741 852 874 888 899 918 922 925 966 984 991 1005 1014 1020 1046 1048 1052 1087 1093 1127 1136 1143 1151 1172 1176 1187 1194 1214 1224 1233 1254 1276 1282 1287 1309 1313 1351 1365 1366 1370 1383 1388 1440 1441 1447 1482 1484 1533 1542 1573 1589 1611 1645 1679 1706 1710 1755 1763 1764 1787 1798 1851 1860 1971 1984 1997
Compactness: 8178.750639
Weights: 1223.000000 20331.000000 5394.000000
Center Node: 1224

District 15
Nodes: 5 33 59 78 94 97 139 213 216 235 253 260 272 355 390 394 429 458 460 466 489 494 508 513 627 638 639 694 697 701 725 733 740 747 752 765 795 797 821 843 864 881 907 911 924 933 961 1012 1013 1025 1040 1083 1094 1110 1111 1137 1144 1195 1207 1215 1240 1243 1245 1288 1305 1324 1381 1409 1421 1487 1493 1502 1528 1590 1618 1651 1661 1670 1714 1783 1788 1813 1821 1840 1846 1867 1871 1876 1880 1883 1889 1930 1951 1966 1969 1975
Compactness: 8563.777823
Weights: 1241.000000 21848.000000 5713.000000
Center Node: 1889

District 16
Nodes: 27 39 102 122 135 181 182 220 239 261 288 291 309 326 339 362 373 377 395 407 409 456 510 541 561 590 624 636 663 665 682 688 714 720 732 762 785 787 788 810 815 830 857 940 946 956 967 997 1004 1035 1036 1097 1105 1118 1125 1135 1152 1158 1169 1235 1289 1294 1325 1348 1350 1352 1353 1354 1385 1387 1434 1443 1456 1480 1485 1489 1516 1522 1570 1579 1592 1599 1609 1640 1725 1726 1727 1741 1826 1917 1919 1950 1982 1991
Compactness: 6856.403008
Weights: 1045.000000 21040.000000 5238.000000
Center Node: 1485

District 17
Nodes: 1 15 23 32 37 54 86 120 126 166 173 174 184 199 202 203 224 250 259 290 301 303 321 341 350 380 414 443 448 450 479 496 515 538 562 565 633 643 770 772 791 793 798 807 809 813 820 853 879 891 904 926 953 970 1066 1098 1120 1147 1212 1213 1253 1263 1311 1330 1340 1376 1408 1414 1451 1483 1488 1495 1504 1520 1523 1565 1584 1593 1616 1621 1637 1647 1654 1658 1685 1689 1707 1709 1758 1771 1772 1781 1784 1804 1817 1820 1834 1892 1929 1947 1967 1995
Compactness: 8649.700598
Weights: 1219.000000 21886.000000 5619.000000
Center Node: 1120

District 18
Nodes: 52 57 67 76 95 114 151 157 176 183 187 209 265 281 302 307 382 397 411 419 425 441 461 468 486 488 544 554 563 567 601 608 612 671 693 704 708 729 790 799 854 910 931 934 936 978 979 985 1030 1034 1039 1053 1054 1090 1117 1153 1181 1182 1203 1228 1231 1236 1237 1258 1281 1295 1331 1364 1386 1399 1407 1460 1475 1497 1518 1534 1587 1597 1656 1663 1673 1674 1686 1704 1722 1736 1740 1744 1745 1752 1786 1808 1811 1823 1835 1869 1878 1918 1942 1946 1954 1972 1977
Compactness: 9371.671381
Weights: 1116.000000 21439.000000 5850.000000
Center Node: 1039

District 19
Nodes: 11 21 34 75 85 98 110 179 180 192 198 204 211 218 233 256 263 273 284 317 344 353 366 405 424 431 453 465 478 484 503 507 527 528 537 605 610 642 647 667 712 724 739 775 776 818 819 831 871 876 920 927 943 983 995 1078 1139 1160 1166 1186 1200 1201 1249 1278 1298 1304 1337 1361 1392 1412 1433 1467 1481 1521 1530 1576 1617 1672 1696 1729 1751 1778 1809 1828 1836 1845 1891 1904 1934 1939 1945
Compactness: 7613.247172
Weights: 1130.000000 19887.000000 5440.000000
Center Node: 1160

District 20
Nodes: 4 9 20 44 58 84 89 93 124 131 137 161 249 252 298 300 315 345 349 359 403 433 452 485 490 495 499 517 543 547 575 587 594 604 620 651 661 674 705 737 786 802 805 812 841 868 873 890 913 914 938 963 973 976 990 1055 1060 1063 1073 1074 1162 1204 1211 1265 1268 1290 1296 1308 1321 1378 1395 1396 1397 1405 1437 1457 1464 1465 1492 1515 1532 1567 1569 1606 1615 1695 1699 1718 1739 1749 1776 1800 1837 1849 1879 1920 1948 1983
Compactness: 9168.671136
Weights: 1220.000000 19951.000000 5929.000000
Center Node: 1073
