BalanceViolation 5696.259000
AffinityLoss 3736.000000
Compactness 131259.611955

District 1
Nodes: 35 49 72 88 137 176 220 271 307 352 358 371 415 573 589 604 664 694 713 738 774 779 812 1039 1065 1095 1115 1136 1163 1176 1309 1380 1456 1463 1511 1601 1639 1749 1769 1906 1956
Compactness: 2250.045913
Weights: 501.000000 8668.000000 2362.000000
Center Node: 779

District 2
Nodes: 87 310 369 412 592 612 685 700 759 896 897 1081 1257 1271 1368 1432 1434 1572 1629 1647 1718 1799 1814 1847 1885 1938 1972
Compactness: 1050.756567
Weights: 326.000000 6150.000000 1463.000000
Center Node: 1885

District 3
Nodes: 184 188 232 252 345 386 521 537 570 580 655 721 801 829 841 975 985 996 1015 1084 1126 1193 1241 1286 1316 1323 1428 1496 1513 1550 1688 1695 1706 1726 1762 1767 1820 1851 1852 1905 1978 1988
Compactness: 2118.928893
Weights: 505.000000 8572.000000 2389.000000
Center Node: 1550

District 4
Nodes: 123 139 241 254 305 311 403 464 484 513 530 571 601 689 714 716 718 727 734 754 758 806 831 848 860 884 956 991 1074 1106 1135 1220 1435 1445 1471 1522 1574 1662 1668 1715 1830 1931 1945
Compactness: 2522.025633
Weights: 492.000000 8887.000000 2355.000000
Center Node: 305

District 5
Nodes: 51 69 119 154 228 236 237 249 316 416 428 441 555 579 603 711 740 809 815 822 865 929 983 1006 1018 1204 1230 1298 1341 1385 1391 1437 1441 1447 1454 1606 1691 1711 1714 1728 1780 1832 1932
Compactness: 2988.665144
Weights: 441.000000 8839.000000 2315.000000
Center Node: 441

District 6
Nodes: 36 67 86 160 291 302 483 516 522 641 649 753 798 934 938 1021 1041 1153 1157 1203 1205 1251 1269 1280 1414 1457 1467 1478 1542 1573 1632 1700 1710 1765 1782 1849 1857 1866
Compactness: 3142.209342
Weights: 444.000000 8629.000000 2347.000000
Center Node: 1251

District 7
Nodes: 47 128 209 269 276 295 330 331 426 670 695 724 742 764 788 793 854 930 1047 1059 1091 1125 1178 1267 1301 1302 1315 1387 1520 1560 1602 1663 1727 1777 1835 1846 1888 1954 1967 1976
Compactness: 2257.468883
Weights: 436.000000 8949.000000 2004.000000
Center Node: 47

District 8
Nodes: 39 53 170 179 192 195 390 438 495 498 540 565 620 767 819 856 887 923 942 990 1026 1036 1044 1096 1129 1161 1174 1210 1270 1274 1449 1462 1571 1577 1581 1585 1638 1692 1818 1871 1916 1944 1959
Compactness: 2958.029060
Weights: 497.000000 8579.000000 2403.000000
Center Node: 53

District 9
Nodes: 52 102 126 133 148 178 217 268 308 314 321 338 359 496 652 654 659 692 708 769 836 962 1087 1142 1236 1250 1394 1476 1487 1491 1552 1564 1609 1682 1784 1843 1870 1872 1919
Compactness: 2555.856014
Weights: 496.000000 8299.000000 2320.000000
Center Node: 1142

District 10
Nodes: 3 92 190 200 215 235 242 373 699 844 857 858 893 907 970 976 984 1011 1016 1076 1140 1179 1299 1337 1360 1438 1483 1539 1576 1591 1597 1624 1658 1722 1743 1808 1812 1902 1979
Compactness: 2284.367928
Weights: 454.000000 8208.000000 2393.000000
Center Node: 1337

District 11
Nodes: 9 15 90 98 129 149 172 223 407 445 469 525 609 719 739 810 825 881 944 958 978 1148 1168 1169 1223 1307 1329 1363 1371 1409 1466 1503 1525 1684 1709 1740 1781 1860 1879 1884 1891 1969 1987
Compactness: 2593.353031
Weights: 499.000000 8559.000000 2383.000000
Center Node: 1884

District 12
Nodes: 1 21 38 68 121 212 255 272 360 385 451 470 475 492 594 611 643 656 748 755 778 909 1007 1068 1082 1092 1093 1109 1182 1262 1278 1413 1426 1605 1659 1757 1841 1848
Compactness: 2193.695230
Weights: 465.000000 8911.000000 2164.000000
Center Node: 778

District 13
Nodes: 41 100 101 117 143 157 297 299 446 501 503 567 597 616 628 648 666 745 783 931 941 947 953 1117 1162 1173 1224 1334 1345 1373 1390 1436 1497 1515 1645 1716 1778 1861 1880 1883 1887
Compactness: 2426.067668
Weights: 518.000000 8635.000000 2178.000000
Center Node: 931

District 14
Nodes: 5 12 26 70 93 122 131 142 183 290 383 393 467 473 517 543 593 618 679 705 709 743 895 910 1040 1097 1123 1127 1242 1290 1320 1332 1474 1599 1631 1652 1738 1942 1994 1996
Compactness: 3182.496345
Weights: 502.000000 8741.000000 2244.000000
Center Node: 1097

District 15
Nodes: 20 37 132 185 222 362 399 462 491 515 560 613 623 660 796 804 876 971 1066 1085 1104 1114 1206 1226 1281 1459 1531 1547 1554 1579 1619 1657 1699 1747 1893 1939 1957 1960 1998
Compactness: 2340.076565
Weights: 499.000000 8527.000000 2378.000000
Center Node: 1957

District 16
Nodes: 19 120 163 219 387 389 418 429 532 558 617 630 680 681 703 704 791 821 867 894 993 1105 1113 1264 1294 1318 1389 1401 1477 1527 1553 1587 1622 1643 1826 1929 1933
Compactness: 3388.075139
Weights: 462.000000 8826.000000 2194.000000
Center Node: 532

District 17
Nodes: 136 140 240 275 303 312 327 341 351 370 431 554 657 787 813 851 864 919 920 994 1020 1072 1144 1170 1190 1231 1313 1358 1416 1451 1589 1600 1690 1758 1791 1810 1831 1863 1917
Compactness: 2097.562372
Weights: 483.000000 8425.000000 2390.000000
Center Node: 1791

District 18
Nodes: 56 75 115 191 363 417 447 463 553 561 587 599 626 644 735 737 855 882 899 959 986 1055 1060 1102 1133 1155 1214 1273 1282 1338 1472 1521 1595 1679 1703 1713 1739 1858 1895 1928
Compactness: 2139.973574
Weights: 468.000000 8488.000000 2401.000000
Center Node: 1521

District 19
Nodes: 33 182 256 319 356 368 374 398 408 661 683 691 803 952 997 1028 1131 1141 1180 1194 1228 1258 1287 1327 1349 1366 1411 1458 1508 1612 1616 1654 1675 1730 1838 1840 1853 1907 1964 1984
Compactness: 2810.909328
Weights: 503.000000 8518.000000 2193.000000
Center Node: 256

District 20
Nodes: 27 32 141 145 162 174 197 293 326 336 378 381 392 439 490 500 569 653 784 800 823 878 974 1003 1057 1235 1383 1388 1399 1417 1473 1493 1669 1680 1732 1741 1992
Compactness: 4205.023053
Weights: 470.000000 8416.000000 2405.000000
Center Node: 1680

District 21
Nodes: 17 31 85 91 156 175 227 253 287 328 364 425 437 471 510 562 608 669 715 830 832 849 903 1070 1132 1311 1400 1509 1514 1563 1607 1637 1666 1702 1712 1770 1805 1894 1948 1981
Compactness: 2339.138777
Weights: 505.000000 8177.000000 2207.000000
Center Node: 156

District 22
Nodes: 79 107 208 257 259 347 349 357 455 486 541 627 768 775 833 835 845 846 853 961 1013 1064 1107 1118 1138 1172 1243 1326 1364 1412 1420 1480 1504 1584 1708 1745 1763 1764 1882 1889 1966
Compactness: 2610.046115
Weights: 478.000000 8801.000000 2388.000000
Center Node: 107

District 23
Nodes: 0 28 65 112 218 239 251 273 274 296 339 411 420 472 485 535 566 640 817 866 915 926 1034 1042 1071 1089 1177 1229 1265 1348 1384 1429 1537 1548 1575 1582 1620 1636 1655 1779 1921
Compactness: 2960.986645
Weights: 498.000000 8915.000000 2304.000000
Center Node: 251

District 24
Nodes: 14 221 260 261 323 335 344 366 453 460 494 509 512 636 677 706 707 752 908 924 925 995 1151 1198 1293 1330 1331 1339 1369 1386 1421 1506 1530 1686 1761 1792 1797 1865 1900 1943
Compactness: 2328.216662
Weights: 515.000000 8234.000000 2249.000000
Center Node: 1530

District 25
Nodes: 13 324 340 343 499 523 526 590 615 726 732 782 914 949 951 967 1046 1079 1146 1167 1188 1233 1254 1283 1304 1361 1402 1415 1423 1518 1534 1559 1561 1751 1760 1801 1822 1930 1937 1949
Compactness: 2679.980552
Weights: 450.000000 8854.000000 2405.000000
Center Node: 1415

District 26
Nodes: 6 46 81 83 89 245 423 511 538 588 595 672 687 728 834 840 870 902 954 955 1031 1122 1285 1295 1319 1342 1523 1570 1621 1670 1774 1783 1790 1855 1911 1924 1953 1989 1995
Compactness: 1550.258351
Weights: 490.000000 8452.000000 2279.000000
Center Node: 1924

District 27
Nodes: 10 43 71 124 165 171 244 348 365 458 581 762 789 818 917 969 1100 1112 1143 1166 1239 1240 1246 1259 1297 1351 1379 1448 1485 1536 1569 1634 1771 1788 1802 1813 1828 1834 1914 1936 1963 1993
Compactness: 2628.601949
Weights: 467.000000 8914.000000 2373.000000
Center Node: 1569

District 28
Nodes: 8 59 104 248 317 355 372 533 574 622 808 820 852 890 1088 1094 1158 1247 1260 1314 1335 1356 1357 1418 1486 1499 1541 1580 1583 1593 1598 1614 1628 1651 1696 1748 1868 1878 1913 1951 1968
Compactness: 2315.633106
Weights: 502.000000 8880.000000 2386.000000
Center Node: 1628

District 29
Nodes: 96 125 127 243 354 444 529 547 548 646 690 746 786 850 892 928 960 1000 1019 1024 1035 1054 1069 1154 1171 1365 1439 1465 1498 1644 1646 1707 1733 1772 1804 1823 1876 1922 1975
Compactness: 2405.470677
Weights: 473.000000 8221.000000 2403.000000
Center Node: 125

District 30
Nodes: 11 22 63 204 231 409 477 502 504 536 572 584 629 632 638 665 701 749 757 773 828 883 980 1017 1253 1291 1453 1490 1546 1586 1626 1672 1694 1737 1803 1824 1877 1886 1910 1918 1970 1971 1986
Compactness: 2902.681693
Weights: 496.000000 8409.000000 2334.000000
Center Node: 1803

District 31
Nodes: 64 110 210 309 337 505 519 568 624 639 682 729 747 750 765 766 770 772 795 797 922 1005 1029 1053 1067 1077 1083 1130 1145 1200 1216 1217 1263 1303 1377 1398 1431 1484 1844 1908
Compactness: 2399.282349
Weights: 476.000000 8177.000000 2392.000000
Center Node: 1083

District 32
Nodes: 7 30 74 82 207 238 286 304 346 375 388 448 465 531 697 698 720 722 771 888 950 1023 1051 1056 1219 1268 1333 1350 1396 1410 1470 1567 1604 1625 1683 1736 1742 1785 1811 1842 1850 1892 1903 1985
Compactness: 2552.828454
Weights: 500.000000 8876.000000 2265.000000
Center Node: 286

District 33
Nodes: 2 146 155 173 187 267 270 315 382 430 457 575 582 596 859 869 872 963 1004 1045 1108 1124 1165 1185 1234 1238 1300 1328 1375 1378 1424 1452 1556 1594 1603 1627 1633 1642 1899 1962
Compactness: 2834.099877
Weights: 444.000000 8244.000000 2438.000000
Center Node: 1962

District 34
Nodes: 23 61 111 167 205 281 294 298 313 391 421 450 591 602 642 647 675 684 688 751 886 935 966 987 1184 1225 1237 1276 1288 1382 1495 1500 1723 1725 1793 1798 1816 1839 1875 1997
Compactness: 2461.270751
Weights: 497.000000 8655.000000 2382.000000
Center Node: 313

District 35
Nodes: 4 62 206 211 333 342 394 440 461 468 478 556 662 676 686 693 710 861 1010 1022 1025 1049 1063 1111 1120 1232 1275 1355 1359 1460 1479 1512 1516 1529 1590 1630 1635 1664 1809 1821 1897 1935
Compactness: 2195.418366
Weights: 498.000000 8814.000000 2364.000000
Center Node: 556

District 36
Nodes: 34 57 114 118 177 226 318 479 518 557 583 614 619 674 678 702 723 1139 1160 1183 1215 1227 1284 1344 1362 1381 1450 1468 1549 1578 1618 1676 1701 1755 1837 1881 1904 1934 1980
Compactness: 1818.715058
Weights: 487.000000 8730.000000 2358.000000
Center Node: 1160

District 37
Nodes: 45 76 94 116 159 230 264 279 289 489 508 527 546 598 650 717 725 730 873 875 913 972 1030 1137 1244 1343 1489 1492 1519 1551 1641 1673 1685 1697 1720 1724 1731 1775 1829 1845 1926
Compactness: 2368.858588
Weights: 500.000000 8831.000000 2397.000000
Center Node: 94

District 38
Nodes: 29 73 95 144 153 194 300 306 384 474 476 506 539 799 811 824 827 868 912 977 988 1048 1050 1110 1116 1121 1128 1221 1321 1325 1347 1353 1376 1444 1488 1502 1610 1613 1687 1698 1806 1873 1927
Compactness: 3338.563520
Weights: 495.000000 8339.000000 2349.000000
Center Node: 1376

District 39
Nodes: 50 168 278 282 284 377 443 482 493 563 578 696 837 843 904 921 989 1012 1078 1086 1195 1201 1218 1245 1256 1261 1266 1272 1312 1392 1407 1419 1510 1693 1719 1815 1862 1874 1925 1958 1982
Compactness: 2716.383692
Weights: 479.000000 8491.000000 2366.000000
Center Node: 282

District 40
Nodes: 16 25 58 97 151 189 199 229 292 332 379 397 401 406 419 434 481 564 607 645 663 712 733 847 900 939 945 946 979 1002 1058 1101 1196 1202 1209 1374 1395 1507 1557 1565 1640 1941 1955
Compactness: 3818.189971
Weights: 494.000000 8931.000000 2402.000000
Center Node: 58

District 41
Nodes: 42 54 84 213 216 247 266 280 432 436 449 452 528 550 576 631 781 805 816 862 871 906 932 968 1038 1152 1181 1249 1408 1501 1532 1661 1667 1705 1721 1735 1786 1795 1825 1864 1950
Compactness: 2535.709397
Weights: 460.000000 8938.000000 2306.000000
Center Node: 1735

District 42
Nodes: 113 180 186 202 225 301 329 433 507 524 544 667 776 839 911 964 973 1008 1090 1191 1248 1255 1317 1422 1427 1440 1442 1443 1526 1611 1653 1656 1678 1746 1756 1768 1796 1819 1856 1901
Compactness: 2732.154919
Weights: 497.000000 8831.000000 2348.000000
Center Node: 1248

District 43
Nodes: 48 134 164 263 400 487 549 634 637 777 785 807 838 863 879 898 905 998 1033 1098 1103 1186 1197 1211 1277 1308 1336 1405 1528 1566 1648 1677 1681 1744 1753 1833 1974
Compactness: 2541.530731
Weights: 499.000000 8463.000000 2315.000000
Center Node: 1681

District 44
Nodes: 77 109 166 250 404 424 534 585 736 763 916 933 957 992 1052 1080 1099 1164 1213 1292 1540 1543 1596 1617 1623 1776 1909 1946 1952 1961 1990
Compactness: 1905.084375
Weights: 335.000000 6430.000000 1514.000000
Center Node: 1213

District 45
Nodes: 18 40 60 78 106 108 135 150 196 246 353 376 488 497 552 621 625 651 744 880 999 1043 1061 1073 1075 1156 1207 1222 1279 1352 1393 1430 1469 1475 1481 1535 1729 1794 1920 1923 1983
Compactness: 1959.986078
Weights: 476.000000 8834.000000 2380.000000
Center Node: 78

District 46
Nodes: 161 181 214 224 285 288 350 361 367 414 422 427 514 600 610 633 790 792 826 891 937 948 981 1027 1037 1134 1187 1310 1340 1354 1425 1446 1455 1464 1494 1555 1562 1615 1789 1867 1896
Compactness: 2268.174111
Weights: 517.000000 8097.000000 2397.000000
Center Node: 1027

District 47
Nodes: 130 169 198 277 334 380 454 456 466 480 559 577 606 658 668 741 794 877 936 1001 1009 1159 1175 1208 1305 1306 1372 1482 1505 1533 1592 1608 1674 1689 1704 1734 1759 1787 1854 1859 1965 1977
Compactness: 2370.197086
Weights: 471.000000 8944.000000 2269.000000
Center Node: 1689

District 48
Nodes: 55 80 147 158 265 322 325 410 413 459 542 605 671 874 889 901 927 940 943 965 982 1189 1192 1324 1346 1367 1403 1461 1544 1665 1671 1752 1773 1800 1817 1940 1999
Compactness: 3653.429555
Weights: 430.000000 8247.000000 2064.000000
Center Node: 1817

District 49
Nodes: 44 103 105 138 152 193 258 320 395 402 405 520 545 551 586 673 731 756 814 842 885 1032 1062 1150 1212 1252 1322 1404 1538 1545 1558 1568 1588 1649 1650 1750 1754 1827 1836 1869 1915 1947 1973
Compactness: 4495.501807
Weights: 501.000000 8761.000000 2300.000000
Center Node: 842

District 50
Nodes: 24 66 99 201 203 233 234 262 283 396 435 442 635 760 761 780 802 918 1014 1119 1147 1149 1199 1289 1296 1370 1397 1406 1433 1517 1524 1660 1717 1766 1807 1890 1898 1912 1991
Compactness: 4067.633063
Weights: 495.000000 8749.000000 2330.000000
Center Node: 24
