BalanceViolation 403.382500
AffinityLoss 3606.000000
Compactness 226215.979093

District 1
Nodes: 8 9 11 52 68 103 111 116 135 141 159 218 228 239 281 282 306 313 346 369 400 470 487 516 526 551 558 568 585 599 614 661 702 722 767 778 820 847 860 880 942 951 983 984 993 1005 1006 1040 1052 1069 1091 1127 1128 1131 1152 1176 1199 1205 1221 1228 1243 1256 1257 1273 1321 1349 1364 1365 1373 1388 1393 1465 1478 1485 1498 1506 1563 1599 1620 1647 1655 1672 1684 1690 1724 1733 1759 1762 1766 1809 1851 1853 1886 1903 1914 1936 1940 1957 1988 1994
Compactness: 14139.412423
Weights: 1218.000000 20893.000000 5563.000000
Center Node: 1914

District 2
Nodes: 28 43 64 80 192 196 197 211 277 278 284 329 338 376 379 384 390 416 432 446 447 490 512 524 563 566 628 630 647 656 658 700 720 740 771 799 859 865 920 933 944 965 977 1018 1047 1073 1088 1094 1104 1109 1116 1133 1147 1188 1192 1215 1217 1219 1224 1225 1237 1289 1292 1300 1327 1340 1413 1436 1452 1471 1473 1486 1512 1528 1535 1549 1552 1553 1558 1630 1634 1651 1654 1691 1693 1716 1753 1767 1792 1844 1845 1852 1895 1899 1901 1915 1918 1931 1934 1938 1983 1997
Compactness: 15781.918618
Weights: 1304.000000 20939.000000 5458.000000
Center Node: 965

District 3
Nodes: 21 60 109 144 163 202 224 249 253 256 264 291 293 301 320 349 359 360 386 404 433 436 462 493 510 529 546 560 573 579 589 607 620 623 655 692 706 713 775 910 950 980 1004 1007 1013 1049 1077 1081 1102 1118 1119 1123 1144 1165 1222 1269 1278 1286 1290 1298 1301 1322 1331 1352 1353 1355 1356 1374 1380 1382 1409 1431 1441 1457 1458 1496 1514 1515 1527 1534 1564 1565 1610 1616 1629 1704 1722 1747 1802 1819 1832 1838 1867 1904 1955 1989
Compactness: 12673.584557
Weights: 1173.000000 20043.000000 5997.000000
Center Node: 1118

District 4
Nodes: 31 34 78 92 146 154 230 231 254 267 283 294 310 365 377 395 429 445 484 486 502 508 509 515 521 542 548 553 554 572 576 584 590 598 631 636 645 649 650 657 670 698 737 750 754 761 794 798 818 883 892 906 912 962 982 990 1032 1037 1062 1071 1072 1082 1093 1101 1125 1142 1175 1186 1213 1258 1264 1284 1305 1376 1438 1477 1526 1554 1572 1581 1596 1619 1638 1708 1729 1735 1749 1769 1815 1816 1817 1916 1929 1942 1978 1999
Compactness: 13323.135891
Weights: 1201.000000 19469.000000 5404.000000
Center Node: 1708

District 5
Nodes: 10 25 58 153 155 172 195 236 242 266 273 285 292 309 334 336 343 344 345 361 363 399 408 426 442 477 483 517 547 571 635 669 731 733 768 774 797 843 844 878 897 926 1021 1024 1039 1045 1046 1051 1056 1083 1150 1168 1174 1223 1241 1268 1281 1285 1307 1326 1338 1346 1367 1386 1396 1417 1423 1426 1459 1538 1542 1551 1557 1570 1586 1588 1606 1618 1624 1633 1645 1650 1664 1665 1725 1734 1757 1764 1826 1834 1843 1850 1882 1941 1953 1958 1980
Compactness: 8163.626715
Weights: 1141.000000 19295.000000 5566.000000
Center Node: 1386

District 6
Nodes: 48 67 86 100 107 114 132 136 145 148 182 238 247 271 275 279 287 317 339 362 394 463 464 514 522 559 567 606 638 716 719 724 763 770 783 785 791 850 869 886 913 936 945 956 978 995 1000 1048 1059 1070 1085 1086 1122 1139 1187 1191 1201 1212 1229 1234 1250 1262 1283 1296 1297 1324 1348 1372 1395 1416 1428 1466 1467 1468 1519 1536 1582 1627 1637 1646 1649 1652 1658 1661 1702 1707 1797 1807 1847 1868 1871 1888 1928 1930 1939 1963 1987 1990
Compactness: 8559.774504
Weights: 1247.000000 19721.000000 5570.000000
Center Node: 114

District 7
Nodes: 1 2 3 4 7 13 32 33 54 65 81 108 140 158 176 213 215 233 248 258 280 295 297 302 305 351 391 413 439 456 478 513 519 533 544 602 612 615 639 672 696 727 734 757 759 773 811 821 872 895 902 917 924 941 958 988 994 1031 1050 1064 1080 1153 1185 1189 1261 1272 1310 1315 1325 1344 1347 1391 1411 1493 1508 1537 1559 1592 1603 1621 1625 1631 1660 1666 1669 1670 1721 1763 1771 1774 1787 1793 1812 1830 1836 1841 1856 1897 1966 1981
Compactness: 10142.497235
Weights: 1213.000000 21119.000000 5479.000000
Center Node: 757

District 8
Nodes: 26 35 93 120 133 178 185 210 217 259 261 318 348 353 388 417 423 424 451 482 530 531 549 565 591 642 643 667 679 680 682 694 703 708 712 760 817 819 827 832 835 837 838 863 899 903 909 919 935 987 992 1001 1015 1034 1036 1038 1096 1120 1136 1170 1171 1200 1209 1214 1235 1306 1313 1333 1334 1337 1360 1379 1392 1476 1531 1546 1562 1567 1569 1576 1591 1593 1601 1678 1680 1682 1688 1717 1728 1730 1739 1744 1776 1791 1801 1849 1877 1889 1923 1973 1998
Compactness: 10011.730110
Weights: 1193.000000 20462.000000 5952.000000
Center Node: 863

District 9
Nodes: 18 87 95 106 117 157 227 272 325 333 337 341 347 375 387 392 411 419 430 441 467 469 471 489 497 541 578 605 629 634 646 678 699 746 751 756 795 856 857 868 873 887 905 918 927 929 934 960 964 1011 1014 1029 1113 1155 1166 1169 1173 1178 1179 1194 1195 1236 1251 1302 1308 1329 1362 1368 1384 1387 1419 1455 1464 1489 1516 1539 1602 1604 1622 1626 1656 1657 1677 1687 1695 1710 1712 1740 1748 1773 1777 1804 1837 1839 1855 1858 1866 1879 1925 1944 1960 1968 1974
Compactness: 19506.728985
Weights: 1264.000000 20243.000000 5461.000000
Center Node: 341

District 10
Nodes: 12 20 42 46 79 99 123 129 138 152 177 183 212 244 265 286 290 296 327 358 373 402 440 443 449 499 540 586 632 651 654 660 664 668 683 687 741 742 766 787 802 809 814 833 889 891 916 938 954 961 1010 1027 1028 1060 1084 1095 1105 1107 1143 1156 1182 1232 1242 1247 1265 1282 1291 1303 1312 1319 1345 1358 1440 1450 1462 1463 1541 1543 1568 1590 1600 1628 1636 1662 1685 1703 1713 1736 1750 1752 1756 1772 1800 1810 1820 1864 1865 1874 1881 1894 1896 1905 1920 1926 1965 1996
Compactness: 13881.944581
Weights: 1260.000000 20722.000000 5963.000000
Center Node: 1703

District 11
Nodes: 19 40 51 57 69 83 126 164 194 200 207 209 222 229 235 251 269 314 321 352 354 368 381 389 406 427 431 438 448 450 452 480 481 485 495 569 611 665 729 807 824 825 834 858 890 931 976 985 998 1016 1035 1057 1075 1087 1126 1132 1159 1163 1210 1211 1220 1240 1248 1276 1318 1332 1377 1400 1412 1432 1434 1442 1445 1456 1480 1494 1540 1698 1701 1746 1783 1795 1857 1860 1861 1883 1902 1935 1948 1954 1964 1971 1992 1995
Compactness: 10987.070031
Weights: 1179.000000 19193.000000 5824.000000
Center Node: 354

District 12
Nodes: 0 22 24 70 71 139 142 165 189 191 232 250 260 268 288 298 303 326 398 444 465 491 498 518 536 570 594 617 644 648 673 676 677 691 730 747 752 772 784 789 796 813 881 885 907 947 955 963 966 971 972 973 974 989 991 1041 1042 1053 1066 1089 1100 1108 1180 1181 1202 1203 1204 1226 1246 1255 1280 1287 1330 1339 1343 1383 1407 1408 1422 1433 1439 1490 1501 1533 1544 1556 1573 1598 1640 1673 1700 1719 1732 1761 1780 1823 1835 1846 1876 1884 1907 1947
Compactness: 10314.607852
Weights: 1261.000000 20625.000000 5993.000000
Center Node: 139

District 13
Nodes: 30 39 66 76 91 112 122 125 128 134 168 179 188 199 205 206 237 241 245 289 307 311 342 378 385 397 409 412 422 428 434 453 504 562 604 619 652 653 685 690 707 709 717 736 764 804 816 839 851 871 908 922 937 969 997 999 1002 1058 1097 1115 1138 1151 1157 1164 1249 1274 1279 1320 1335 1350 1370 1415 1437 1453 1492 1517 1525 1547 1595 1613 1617 1632 1641 1675 1692 1745 1755 1758 1760 1789 1790 1803 1825 1827 1872 1885 1887 1900 1917 1949 1967 1979 1993
Compactness: 9348.229603
Weights: 1154.000000 21218.000000 5638.000000
Center Node: 562

District 14
Nodes: 16 41 44 45 53 62 73 77 88 131 137 149 187 216 299 328 355 380 396 420 425 457 466 476 505 545 557 564 581 583 608 621 627 637 697 701 753 840 848 874 882 928 986 1020 1025 1043 1055 1068 1090 1124 1137 1158 1216 1227 1260 1293 1311 1314 1341 1369 1378 1385 1399 1402 1421 1430 1449 1460 1470 1491 1495 1500 1505 1520 1555 1574 1575 1583 1589 1668 1696 1723 1786 1796 1808 1814 1818 1831 1891 1893 1906 1912 1932 1937 1959 1982 1984
Compactness: 9010.469932
Weights: 1108.000000 20911.000000 5995.000000
Center Node: 1520

District 15
Nodes: 38 84 90 98 121 181 203 208 220 221 246 257 270 274 304 335 350 393 403 437 454 460 501 511 523 556 561 580 588 596 618 625 633 662 681 710 765 801 831 841 845 870 875 877 884 896 900 904 939 948 959 1033 1061 1063 1074 1092 1129 1130 1148 1160 1167 1207 1238 1263 1299 1336 1354 1418 1427 1435 1447 1469 1475 1483 1502 1511 1532 1585 1623 1635 1639 1642 1663 1667 1676 1681 1714 1738 1782 1806 1824 1863 1875 1908 1946 1950 1961
Compactness: 8630.387190
Weights: 1177.000000 21250.000000 5396.000000
Center Node: 181

District 16
Nodes: 14 17 29 49 55 61 72 94 104 130 162 167 171 186 201 226 312 316 322 324 415 421 455 520 527 528 539 550 597 609 686 688 704 723 739 743 745 758 777 781 806 828 852 853 876 894 901 930 932 949 1008 1026 1117 1121 1140 1154 1162 1233 1253 1270 1316 1342 1363 1375 1390 1401 1403 1405 1424 1474 1503 1507 1509 1523 1530 1560 1566 1579 1580 1584 1608 1611 1612 1644 1653 1705 1711 1727 1737 1754 1779 1781 1784 1788 1854 1862 1880 1890 1919 1922 1927 1952 1991
Compactness: 9278.443728
Weights: 1205.000000 19487.000000 6049.000000
Center Node: 806

District 17
Nodes: 5 27 59 63 101 105 113 147 150 160 184 193 214 225 315 323 331 356 367 371 382 383 435 461 473 475 479 500 534 538 555 575 582 587 616 622 641 711 718 769 786 790 805 808 810 823 846 911 940 946 957 970 996 1023 1054 1065 1078 1103 1134 1184 1196 1218 1254 1357 1359 1371 1410 1429 1444 1451 1482 1497 1504 1513 1545 1561 1577 1607 1643 1683 1686 1689 1694 1751 1765 1768 1770 1794 1811 1833 1848 1859 1869 1898 1909 1910 1911 1921 1945 1975 1976
Compactness: 9467.567380
Weights: 1146.000000 20754.000000 6025.000000
Center Node: 1513

District 18
Nodes: 6 15 36 74 89 97 118 119 124 151 161 169 175 180 190 198 223 330 357 374 407 458 459 492 494 503 506 507 525 552 601 610 624 640 659 671 684 689 695 721 725 726 735 762 776 779 782 812 815 836 842 849 854 855 862 866 915 923 943 952 981 1003 1012 1022 1098 1114 1135 1145 1146 1161 1183 1193 1208 1230 1271 1277 1294 1295 1351 1414 1425 1461 1499 1529 1548 1578 1594 1614 1648 1720 1726 1741 1742 1775 1798 1805 1822 1924 1943 1951 1969 1970 1972 1977 1986
Compactness: 11992.744346
Weights: 1246.000000 20062.000000 5880.000000
Center Node: 374

District 19
Nodes: 23 37 75 82 85 96 110 115 143 156 173 204 219 234 252 276 319 340 366 372 401 405 414 468 474 488 496 535 537 577 592 595 600 603 613 626 674 675 705 728 738 749 755 792 830 867 879 893 921 967 968 975 979 1019 1067 1076 1099 1110 1111 1141 1149 1197 1231 1239 1245 1266 1267 1275 1304 1361 1389 1398 1406 1420 1443 1448 1454 1472 1510 1521 1522 1550 1571 1587 1605 1671 1697 1699 1715 1778 1829 1840 1878 1892 1933 1962 1985
Compactness: 11010.937852
Weights: 1246.000000 20795.000000 5546.000000
Center Node: 75

District 20
Nodes: 47 50 56 102 127 166 170 174 240 243 255 262 263 300 308 332 364 370 410 418 472 532 543 574 593 663 666 693 714 715 732 744 748 780 788 793 800 803 822 826 829 861 864 888 898 914 925 953 1009 1017 1030 1044 1079 1106 1112 1172 1177 1190 1198 1206 1244 1252 1259 1288 1309 1317 1323 1328 1366 1381 1394 1397 1404 1446 1479 1481 1484 1487 1488 1518 1524 1597 1609 1615 1659 1674 1679 1706 1709 1718 1731 1743 1785 1799 1813 1821 1828 1842 1870 1873 1913 1956
Compactness: 9991.167560
Weights: 1171.000000 19506.000000 6074.000000
Center Node: 263
