BalanceViolation 2451.465000
AffinityLoss 915.000000
Compactness 44811.138828

District 1
Nodes: 2 20 67 78 127 135 164 176 234 263 301 327 372 385 413 415 440 473
Compactness: 1253.316114
Weights: 215.000000 3671.000000 1012.000000
Center Node: 2

District 2
Nodes: 0 6 21 26 42 54 59 79 124 129 147 165 189 271 315 321 330 349 371 379 419 444 463 484 485
Compactness: 2369.822188
Weights: 323.000000 4949.000000 1512.000000
Center Node: 6

District 3
Nodes: 11 18 24 49 80 103 145 160 172 186 199 215 218 224 240 312 319 324 370 395 414 434 436 475 487
Compactness: 2831.178608
Weights: 281.000000 5331.000000 1418.000000
Center Node: 319

District 4
Nodes: 16 25 51 52 82 87 100 122 130 132 133 153 187 225 255 259 282 283 287 302 359 387 402 428 449 457
Compactness: 1922.414782
Weights: 344.000000 5304.000000 1241.000000
Center Node: 51

District 5
Nodes: 12 29 62 65 86 110 140 151 154 216 250 258 266 278 296 320 323 350 356 361 368 396 401 410 423 447 483
Compactness: 2691.755360
Weights: 345.000000 5347.000000 1378.000000
Center Node: 140

District 6
Nodes: 5 40 75 77 84 88 114 155 195 220 265 276 277 297 300 311 326 331 339 343 369 390 417 427 466 491
Compactness: 2143.371653
Weights: 305.000000 5170.000000 1521.000000
Center Node: 390

District 7
Nodes: 17 46 95 104 128 131 180 211 242 262 267 274 299 303 344 354 355 358 375 392 478 495
Compactness: 1836.329993
Weights: 276.000000 4875.000000 1336.000000
Center Node: 392

District 8
Nodes: 105 146 158 167 184 185 207 229 230 231 252 254 272 273 304 305 353 405 426 439 455 481 492
Compactness: 2220.736538
Weights: 281.000000 5154.000000 1498.000000
Center Node: 167

District 9
Nodes: 13 36 61 92 98 108 166 174 204 222 233 241 243 244 281 284 286 290 314 363 400 406 422 448 480
Compactness: 2152.026445
Weights: 287.000000 5328.000000 1430.000000
Center Node: 290

District 10
Nodes: 9 10 102 171 190 213 221 251 253 275 294 310 340 345 362 366 394 403 411 441 470 493
Compactness: 2550.176310
Weights: 265.000000 5175.000000 1529.000000
Center Node: 366

District 11
Nodes: 19 27 56 90 94 117 191 197 236 237 249 264 291 322 325 364 373 386 429 442 450 451 461 468 469
Compactness: 2085.827493
Weights: 307.000000 5307.000000 1356.000000
Center Node: 461

District 12
Nodes: 31 48 60 66 74 107 112 125 139 141 152 170 179 182 212 268 316 329 334 346 377 416 425 443 446 454 460 464 467 471 477
Compactness: 2753.927508
Weights: 326.000000 5247.000000 1540.000000
Center Node: 443

District 13
Nodes: 7 34 38 43 45 63 69 93 116 118 159 203 209 228 248 269 295 335 367 376 378 389 399 420 452
Compactness: 2122.121870
Weights: 340.000000 4943.000000 1470.000000
Center Node: 63

District 14
Nodes: 22 28 44 91 97 99 109 111 126 144 148 223 235 348 365 374 382 384 391 397 409 437 462 498
Compactness: 1989.716048
Weights: 269.000000 5318.000000 1352.000000
Center Node: 374

District 15
Nodes: 3 8 14 41 50 55 73 89 113 121 161 162 163 239 257 261 285 289 292 317 380 445 496 497
Compactness: 2371.353145
Weights: 327.000000 5143.000000 1539.000000
Center Node: 496

District 16
Nodes: 1 4 32 35 37 53 106 150 198 205 214 280 332 337 351 360 383 393 404 407 421 431 433 435 459 476 486
Compactness: 2331.746087
Weights: 294.000000 5290.000000 1474.000000
Center Node: 393

District 17
Nodes: 33 57 64 68 81 96 123 142 192 193 210 245 246 307 333 342 357 398 408 432 438 465 490 499
Compactness: 1994.311675
Weights: 304.000000 5007.000000 1492.000000
Center Node: 64

District 18
Nodes: 47 70 76 83 85 143 149 156 168 169 219 238 247 256 260 279 293 308 313 352 412 418 456 472 474 479 482 488
Compactness: 2399.790243
Weights: 327.000000 4838.000000 1569.000000
Center Node: 219

District 19
Nodes: 39 58 71 72 115 119 120 136 138 157 175 178 183 194 201 227 232 270 306 309 328 336 338 341 381 388 430 453 458 489
Compactness: 2697.684372
Weights: 395.000000 4934.000000 1737.000000
Center Node: 227

District 20
Nodes: 15 23 30 101 134 137 173 177 181 188 196 200 202 206 208 217 226 288 298 318 347 424 494
Compactness: 2093.532397
Weights: 262.000000 5250.000000 1563.000000
Center Node: 494
