BalanceViolation 470.245000
AffinityLoss 1621.000000
Compactness 103363.784148

District 1
Nodes: 26 37 41 46 63 89 111 165 186 192 198 201 218 237 277 304 324 350 356 377 410 443 459 504 505 519 535 563 596 600 617 626 660 665 682 695 710 716 731 743 750 757 769 802 812 816 830 879 892 971
Compactness: 4027.494186
Weights: 530.000000 11071.000000 2692.000000
Center Node: 37

District 2
Nodes: 3 43 47 125 129 133 158 174 178 197 213 217 243 245 246 252 260 289 306 325 331 336 343 348 361 374 392 394 447 450 456 468 564 571 590 593 604 621 664 666 687 689 697 742 748 791 811 878 901 914 928
Compactness: 4715.557613
Weights: 565.000000 10583.000000 2931.000000
Center Node: 245

District 3
Nodes: 8 15 36 50 68 82 117 121 164 171 181 229 250 259 275 305 319 351 382 384 391 406 420 436 438 469 482 508 514 525 542 559 640 647 657 661 690 765 766 789 790 794 807 843 869 870 896 903 931 936 961 978
Compactness: 6134.111746
Weights: 604.000000 10130.000000 3082.000000
Center Node: 525

District 4
Nodes: 10 132 146 147 163 172 176 200 214 238 261 296 396 411 415 445 446 465 474 478 517 528 552 555 587 589 594 624 628 642 659 673 688 691 696 762 764 786 804 809 810 825 859 872 877 907 911 915 925 933 939 946 972 993
Compactness: 5331.332298
Weights: 649.000000 10042.000000 3083.000000
Center Node: 691

District 5
Nodes: 14 17 55 87 90 95 128 155 185 234 258 271 315 327 333 339 340 404 416 431 486 491 547 549 560 565 582 611 632 644 645 650 676 678 728 732 745 822 839 845 853 873 875 894 895 910 990 998
Compactness: 4379.727817
Weights: 635.000000 10553.000000 2975.000000
Center Node: 87

District 6
Nodes: 2 11 56 64 103 113 141 152 153 167 179 204 205 221 328 334 365 428 444 523 554 561 570 597 629 631 649 694 703 708 715 736 744 755 814 818 828 881 897 920 923 951 952 958 967 982 992
Compactness: 4224.642118
Weights: 543.000000 10481.000000 2930.000000
Center Node: 897

District 7
Nodes: 18 19 30 31 57 59 65 67 96 108 122 135 136 162 190 202 219 230 239 263 266 276 283 286 362 422 489 515 556 562 566 574 579 607 614 618 670 685 717 720 741 774 805 813 824 848 849 858 876 886 924 926
Compactness: 6389.669439
Weights: 629.000000 10638.000000 3009.000000
Center Node: 886

District 8
Nodes: 0 12 32 40 49 52 66 79 94 169 188 212 231 264 272 301 309 321 346 355 366 371 405 437 448 453 506 507 520 545 557 591 595 603 638 646 686 701 709 725 747 763 772 808 815 833 838 844 887 935 959 964 977 991
Compactness: 4053.088398
Weights: 633.000000 10203.000000 2908.000000
Center Node: 545

District 9
Nodes: 48 78 88 99 139 183 191 206 222 236 249 323 342 373 376 390 397 429 440 454 462 471 472 480 487 497 503 512 526 530 536 543 622 634 653 712 713 730 746 775 784 862 919 932 973 976 981 988 994
Compactness: 4639.286945
Weights: 570.000000 10488.000000 2631.000000
Center Node: 206

District 10
Nodes: 9 28 38 53 75 105 119 138 180 207 268 269 285 295 316 318 330 354 368 369 370 401 409 430 442 458 466 475 484 496 502 539 540 546 586 598 601 620 648 652 674 680 719 737 760 781 788 834 840 929 999
Compactness: 4246.521071
Weights: 630.000000 10197.000000 2950.000000
Center Node: 929

District 11
Nodes: 13 34 58 60 71 74 77 81 98 107 127 130 134 161 196 209 220 224 227 267 278 291 297 299 310 337 345 363 372 386 403 476 481 485 495 521 524 550 551 602 609 610 616 655 671 759 854 860 889 898 905 957
Compactness: 7614.399901
Weights: 637.000000 11134.000000 2731.000000
Center Node: 860

District 12
Nodes: 20 27 33 76 83 124 126 131 140 154 216 241 242 253 255 265 274 279 338 375 381 408 435 439 441 473 477 511 513 516 532 533 534 672 699 705 726 735 787 799 820 823 826 851 852 857 899 916 918 983
Compactness: 4525.738797
Weights: 560.000000 11066.000000 2712.000000
Center Node: 265

District 13
Nodes: 4 21 25 35 45 80 92 110 116 120 151 156 159 182 187 189 199 211 292 312 335 385 388 389 423 461 464 488 548 558 567 575 588 605 625 675 723 739 768 777 796 832 841 893 900 917 921 922
Compactness: 4514.945995
Weights: 632.000000 10130.000000 2839.000000
Center Node: 292

District 14
Nodes: 61 114 170 177 194 210 244 251 254 300 308 320 358 364 367 379 393 402 432 434 509 518 522 529 537 573 581 639 643 651 654 669 692 727 793 795 803 806 837 861 863 865 940 944 953 974 985 997
Compactness: 7612.899008
Weights: 578.000000 10831.000000 2816.000000
Center Node: 795

District 15
Nodes: 24 51 70 115 142 144 149 168 226 233 257 341 347 380 413 421 433 451 470 479 493 494 541 576 592 619 641 668 681 698 702 718 722 752 771 817 827 836 846 855 856 864 871 874 882 885 902 942 984
Compactness: 5770.350704
Weights: 613.000000 11057.000000 2927.000000
Center Node: 144

District 16
Nodes: 5 104 148 150 157 223 248 282 287 293 317 322 352 353 400 407 417 500 569 608 612 630 635 637 704 714 733 734 753 754 767 778 782 792 798 801 868 890 908 945 954 956 962 969 970 979 987 989
Compactness: 4675.083187
Weights: 598.000000 11110.000000 2822.000000
Center Node: 637

District 17
Nodes: 1 23 54 69 72 73 93 102 109 184 195 208 228 232 247 281 303 311 329 349 359 412 425 457 460 467 490 498 499 531 553 578 583 633 636 663 667 683 711 724 738 770 773 835 867 913 930 938 943 949 968 975 995
Compactness: 5316.705234
Weights: 596.000000 11061.000000 2889.000000
Center Node: 69

District 18
Nodes: 29 44 91 101 106 137 143 145 173 215 235 240 270 280 284 302 307 326 357 398 419 426 427 452 538 572 577 584 599 606 627 656 658 684 721 749 756 761 785 800 819 829 831 880 909 937 947 950 965
Compactness: 5551.270217
Weights: 638.000000 10630.000000 2717.000000
Center Node: 785

District 19
Nodes: 6 7 16 22 39 42 62 84 85 86 97 112 160 166 175 193 225 256 288 344 360 378 387 399 455 544 580 585 615 662 679 700 707 729 740 751 821 850 866 888 934 955 960 963 966 986
Compactness: 4552.242007
Weights: 540.000000 10079.000000 2769.000000
Center Node: 662

District 20
Nodes: 100 118 123 203 262 273 290 294 298 313 314 332 383 395 414 418 424 449 463 483 492 501 510 527 568 613 623 677 693 706 758 776 779 780 783 797 842 847 883 884 891 904 906 912 927 941 948 980 996
Compactness: 5088.717467
Weights: 625.000000 10620.000000 2801.000000
Center Node: 884
