BalanceViolation 3823.033000
AffinityLoss 1874.000000
Compactness 66672.443103

District 1
Nodes: 80 173 226 350 426 429 444 528 545 578 645 658 679 721 768 775 931 971
Compactness: 1134.921102
Weights: 260.000000 4044.000000 1131.000000
Center Node: 931

District 2
Nodes: 44 52 58 99 155 239 291 306 357 498 505 546 631 693 767 855 870 890 915 920
Compactness: 1129.400753
Weights: 243.000000 4050.000000 1221.000000
Center Node: 155

District 3
Nodes: 28 54 103 115 116 118 143 150 170 183 299 311 376 547 629 717 797 905 921 926 935 997
Compactness: 1242.517336
Weights: 234.000000 4312.000000 1178.000000
Center Node: 183

District 4
Nodes: 38 161 171 205 252 293 338 363 601 604 647 677 725 732 763 772 814 823 929 989
Compactness: 1356.745172
Weights: 240.000000 4443.000000 1147.000000
Center Node: 647

District 5
Nodes: 20 83 91 105 185 187 261 314 329 335 360 375 386 571 575 743 801 843 945 967 969
Compactness: 1313.137880
Weights: 224.000000 4409.000000 1179.000000
Center Node: 843

District 6
Nodes: 9 23 66 317 324 328 343 351 520 522 534 553 581 844 876 886 949 992 998
Compactness: 1201.531879
Weights: 255.000000 4395.000000 1100.000000
Center Node: 522

District 7
Nodes: 13 21 111 168 355 378 387 398 437 468 506 513 610 637 660 683 728 794
Compactness: 1388.042343
Weights: 192.000000 3915.000000 1069.000000
Center Node: 794

District 8
Nodes: 5 31 67 79 119 134 194 203 259 326 416 448 540 695 707 711 778 873 918 947
Compactness: 1229.887295
Weights: 256.000000 4097.000000 1083.000000
Center Node: 711

District 9
Nodes: 22 93 179 283 319 321 414 433 472 510 531 541 544 556 596 621 856 860 893
Compactness: 1319.849939
Weights: 233.000000 4427.000000 1031.000000
Center Node: 541

District 10
Nodes: 36 85 92 131 200 237 274 366 400 470 598 628 633 638 673 686 701 752 813 861 940 957
Compactness: 1293.014640
Weights: 263.000000 4374.000000 1135.000000
Center Node: 686

District 11
Nodes: 191 199 207 258 312 451 492 588 611 663 729 734 791 845 897 942 948 952
Compactness: 1026.205988
Weights: 232.000000 4032.000000 1066.000000
Center Node: 948

District 12
Nodes: 53 98 137 139 223 244 288 300 304 399 494 535 550 582 593 740 827 868 884 965
Compactness: 1340.143029
Weights: 217.000000 4291.000000 1212.000000
Center Node: 399

District 13
Nodes: 63 122 156 240 257 264 294 325 336 396 423 467 580 641 662 737 832 863 865 892 972
Compactness: 2264.657948
Weights: 229.000000 3996.000000 1271.000000
Center Node: 264

District 14
Nodes: 41 302 333 374 402 403 411 432 439 479 620 654 706 713 788 802 817 841 864 902 975 984
Compactness: 1176.972713
Weights: 273.000000 4067.000000 1089.000000
Center Node: 302

District 15
Nodes: 25 162 197 217 241 277 431 480 500 536 619 632 642 674 733 760 826 831 842
Compactness: 1549.463778
Weights: 232.000000 4041.000000 1136.000000
Center Node: 733

District 16
Nodes: 10 89 104 127 141 390 419 568 600 618 716 765 821 839 872 882 913 958 979
Compactness: 1518.860392
Weights: 207.000000 4443.000000 1181.000000
Center Node: 716

District 17
Nodes: 48 75 133 145 250 255 349 447 458 486 538 560 626 684 696 731 787 804 862 936 990
Compactness: 1461.811934
Weights: 255.000000 4429.000000 1096.000000
Center Node: 560

District 18
Nodes: 19 37 51 56 113 140 144 296 313 332 450 503 656 669 724 739 859 889 939 981
Compactness: 886.385944
Weights: 237.000000 4363.000000 1105.000000
Center Node: 313

District 19
Nodes: 17 39 64 90 106 215 249 297 316 401 488 525 608 634 770 838 879 881 901 911 919 930 956 982
Compactness: 1762.197196
Weights: 289.000000 4423.000000 1160.000000
Center Node: 881

District 20
Nodes: 27 45 108 135 188 273 421 442 475 495 552 613 657 682 704 805 811 819 891 912 928
Compactness: 1474.967037
Weights: 255.000000 4067.000000 1292.000000
Center Node: 819

District 21
Nodes: 24 70 130 178 228 256 279 290 292 438 462 530 592 757 851 883 894 908 924 980 987
Compactness: 1402.186771
Weights: 263.000000 4357.000000 1094.000000
Center Node: 980

District 22
Nodes: 82 165 169 210 213 236 322 327 561 623 630 644 708 753 755 776 808 909 964 978
Compactness: 1312.692898
Weights: 269.000000 4428.000000 1165.000000
Center Node: 909

District 23
Nodes: 125 146 174 219 245 262 303 358 422 424 606 625 703 766 783 785 807 816 853 953 976
Compactness: 1515.807839
Weights: 261.000000 4045.000000 1163.000000
Center Node: 976

District 24
Nodes: 72 96 97 107 154 159 167 198 231 305 420 445 483 496 624 636 678 709 764 968 993
Compactness: 1522.212057
Weights: 250.000000 4150.000000 1172.000000
Center Node: 764

District 25
Nodes: 4 87 142 153 286 331 454 482 533 569 640 687 710 774 820 847 852 858 991
Compactness: 1299.977974
Weights: 202.000000 4406.000000 1175.000000
Center Node: 87

District 26
Nodes: 3 11 16 33 114 182 235 246 276 285 344 370 371 551 579 670 741 789 898 927
Compactness: 2657.307619
Weights: 249.000000 4429.000000 1126.000000
Center Node: 114

District 27
Nodes: 40 55 76 112 160 166 218 220 248 251 275 337 435 478 573 602 622 782 867 878 887
Compactness: 1418.542943
Weights: 257.000000 4011.000000 1109.000000
Center Node: 782

District 28
Nodes: 65 117 184 195 280 443 523 524 574 615 616 718 736 738 799 834 925 933 941 974
Compactness: 1060.906799
Weights: 266.000000 4155.000000 1087.000000
Center Node: 524

District 29
Nodes: 71 109 229 243 309 368 377 491 564 594 603 652 655 698 750 793 822 833 854 871 950
Compactness: 1614.010175
Weights: 266.000000 4351.000000 1158.000000
Center Node: 109

District 30
Nodes: 61 310 323 369 382 413 452 455 463 477 557 599 653 661 689 700 744 810 917 962
Compactness: 1166.203931
Weights: 210.000000 4437.000000 1033.000000
Center Node: 477

District 31
Nodes: 32 60 86 110 260 266 340 362 367 372 385 417 441 665 745 846 850 914 937 954
Compactness: 1104.504435
Weights: 311.000000 4015.000000 1152.000000
Center Node: 954

District 32
Nodes: 7 57 59 69 126 269 342 347 404 425 543 607 672 780 800 806 849 866 899 916 955 983
Compactness: 1479.852049
Weights: 248.000000 4292.000000 1141.000000
Center Node: 404

District 33
Nodes: 35 124 149 177 281 341 406 418 504 517 549 563 643 666 735 748 779 857 869 895 995
Compactness: 1179.245682
Weights: 287.000000 4254.000000 1139.000000
Center Node: 418

District 34
Nodes: 47 128 129 148 164 289 356 409 519 521 542 567 690 692 746 759 761 798 903 960
Compactness: 1376.731546
Weights: 240.000000 4289.000000 1178.000000
Center Node: 692

District 35
Nodes: 2 42 46 68 216 267 287 318 346 490 493 516 585 651 671 824 934 959 963
Compactness: 1099.702068
Weights: 221.000000 4401.000000 1166.000000
Center Node: 671

District 36
Nodes: 6 8 121 138 222 253 271 364 410 427 473 501 595 614 639 680 712 723 730 877 996
Compactness: 1556.298715
Weights: 246.000000 4379.000000 1235.000000
Center Node: 121

District 37
Nodes: 77 233 270 383 389 393 430 453 508 559 587 590 591 694 702 749 809 818 896 985
Compactness: 900.268890
Weights: 250.000000 4341.000000 1176.000000
Center Node: 590

District 38
Nodes: 102 147 176 211 407 415 469 474 487 507 597 627 659 664 676 685 747 874 885 951
Compactness: 1878.417358
Weights: 211.000000 4376.000000 1155.000000
Center Node: 415

District 39
Nodes: 26 49 94 209 268 284 315 330 354 405 484 555 675 681 697 727 754 880 923
Compactness: 1116.659370
Weights: 246.000000 4219.000000 1117.000000
Center Node: 697

District 40
Nodes: 1 30 73 157 193 212 224 247 359 361 391 408 461 499 558 572 584 714 720 795 829
Compactness: 1338.609516
Weights: 272.000000 3701.000000 1132.000000
Center Node: 212

District 41
Nodes: 29 34 43 74 100 136 175 201 202 204 272 394 428 436 457 515 562 668 715 769 888
Compactness: 1717.477494
Weights: 242.000000 4447.000000 1118.000000
Center Node: 668

District 42
Nodes: 180 238 242 278 307 320 395 449 511 539 605 646 722 771 773 803 875 938 944 961
Compactness: 1134.915638
Weights: 261.000000 4089.000000 1139.000000
Center Node: 944

District 43
Nodes: 152 163 186 208 232 295 373 381 384 440 459 460 465 489 514 527 548 635 648 688 922
Compactness: 1468.727046
Weights: 287.000000 4236.000000 1189.000000
Center Node: 688

District 44
Nodes: 0 84 123 181 214 230 254 298 334 379 397 471 609 726 812 835 900 907 910 988
Compactness: 1104.368056
Weights: 250.000000 4402.000000 1120.000000
Center Node: 900

District 45
Nodes: 95 476 589 649 699 781 815 836 994
Compactness: 451.339975
Weights: 107.000000 2293.000000 512.000000
Center Node: 815

District 46
Nodes: 14 192 308 339 352 412 532 565 583 612 650 667 705 742 777 784 840 986 999
Compactness: 1039.847163
Weights: 225.000000 4304.000000 1066.000000
Center Node: 999

District 47
Nodes: 81 151 190 196 234 263 265 365 392 456 466 509 554 570 577 756 786 792 825 906 943 970
Compactness: 1359.141634
Weights: 255.000000 4374.000000 1160.000000
Center Node: 906

District 48
Nodes: 15 78 88 120 221 225 434 464 485 502 526 529 566 576 762 796 837 904 966 973
Compactness: 1093.171736
Weights: 244.000000 4448.000000 966.000000
Center Node: 434

District 49
Nodes: 18 101 158 172 189 301 348 353 380 388 481 497 518 617 719 758 828 848 946
Compactness: 1065.856167
Weights: 228.000000 4438.000000 1122.000000
Center Node: 101

District 50
Nodes: 12 50 62 132 206 227 282 345 446 512 537 586 691 751 790 830 932 977
Compactness: 1166.745261
Weights: 248.000000 4439.000000 1074.000000
Center Node: 977
