BalanceViolation 6032.818000
AffinityLoss 934.000000
Compactness 29824.963443

District 1
Nodes: 35 136 234 238 278 292 326 366 471
Compactness: 286.845695
Weights: 128.000000 2278.000000 478.000000
Center Node: 278

District 2
Nodes: 5 50 57 146 296 330 337 350 358 362 372 478 495
Compactness: 745.878940
Weights: 140.000000 1989.000000 854.000000
Center Node: 50

District 3
Nodes: 14 58 140 287 299 333 393 410 431 441
Compactness: 1958.218204
Weights: 118.000000 2176.000000 651.000000
Center Node: 393

District 4
Nodes: 13 72 126 170 181 290 416 473 490
Compactness: 595.905965
Weights: 102.000000 2002.000000 677.000000
Center Node: 416

District 5
Nodes: 59 71 95 152 220 303 307 375 394 435
Compactness: 682.898651
Weights: 133.000000 2407.000000 531.000000
Center Node: 220

District 6
Nodes: 141 157 185 211 233 259 321 322 338 354 422 446
Compactness: 882.131904
Weights: 146.000000 2222.000000 556.000000
Center Node: 157

District 7
Nodes: 0 25 43 80 91 97 109 173 224 239
Compactness: 484.734891
Weights: 130.000000 2016.000000 671.000000
Center Node: 0

District 8
Nodes: 20 33 165 209 288 334 352 361 424 462
Compactness: 511.536225
Weights: 126.000000 1593.000000 591.000000
Center Node: 209

District 9
Nodes: 9 23 31 47 86 156 167 204 219 310 403
Compactness: 668.261012
Weights: 118.000000 2105.000000 641.000000
Center Node: 156

District 10
Nodes: 74 129 134 150 279 297 318 349 385 398 437
Compactness: 749.965787
Weights: 165.000000 2225.000000 589.000000
Center Node: 134

District 11
Nodes: 48 63 107 308 344 425 451 469 496
Compactness: 464.106562
Weights: 109.000000 2260.000000 570.000000
Center Node: 308

District 12
Nodes: 99 128 149 191 343 355 413 427 434
Compactness: 315.135869
Weights: 100.000000 2175.000000 583.000000
Center Node: 434

District 13
Nodes: 24 49 56 120 210 269 270 302 323 387 412
Compactness: 422.223226
Weights: 142.000000 2235.000000 571.000000
Center Node: 387

District 14
Nodes: 161 212 221 243 317 474
Compactness: 345.494532
Weights: 66.000000 1110.000000 374.000000
Center Node: 317

District 15
Nodes: 2 46 53 85 164 178 189 242 377 381 383 408
Compactness: 475.738748
Weights: 144.000000 2231.000000 553.000000
Center Node: 2

District 16
Nodes: 92 163 199 312 336 365 411 444
Compactness: 199.222935
Weights: 106.000000 2258.000000 444.000000
Center Node: 336

District 17
Nodes: 70 96 115 168 188 265 271 291 313 397 443
Compactness: 433.988140
Weights: 161.000000 2057.000000 641.000000
Center Node: 168

District 18
Nodes: 55 124 145 346 388 426 438 472
Compactness: 401.222246
Weights: 119.000000 1784.000000 401.000000
Center Node: 426

District 19
Nodes: 98 206 230 304 340 347 357 407 460
Compactness: 610.735137
Weights: 120.000000 2207.000000 421.000000
Center Node: 407

District 20
Nodes: 27 45 83 84 138 142 316 353
Compactness: 261.979042
Weights: 87.000000 1976.000000 575.000000
Center Node: 45

District 21
Nodes: 26 116 179 231 240 246 249 285 396
Compactness: 443.140303
Weights: 98.000000 2084.000000 572.000000
Center Node: 231

District 22
Nodes: 67 76 111 119 144 158 184 237 363 376
Compactness: 745.328571
Weights: 134.000000 2247.000000 600.000000
Center Node: 158

District 23
Nodes: 8 195 198 309 341 378 430 461 488 493
Compactness: 598.208546
Weights: 140.000000 1890.000000 587.000000
Center Node: 195

District 24
Nodes: 135 187 203 215 311 360 420 467 479
Compactness: 409.146884
Weights: 111.000000 2204.000000 576.000000
Center Node: 311

District 25
Nodes: 38 54 77 93 260 263 328 399 401 418 463
Compactness: 985.499111
Weights: 129.000000 2188.000000 872.000000
Center Node: 399

District 26
Nodes: 11 30 113 267 298 324 356 400 481
Compactness: 556.947908
Weights: 96.000000 2276.000000 585.000000
Center Node: 113

District 27
Nodes: 39 131 148 172 225 331 395 421 449 499
Compactness: 663.614816
Weights: 137.000000 2036.000000 554.000000
Center Node: 421

District 28
Nodes: 40 41 153 159 223 348 423 439 459 486
Compactness: 578.755260
Weights: 113.000000 2023.000000 566.000000
Center Node: 153

District 29
Nodes: 3 34 160 166 174 180 232 274 370 448
Compactness: 542.829991
Weights: 124.000000 2500.000000 511.000000
Center Node: 3

District 30
Nodes: 6 36 66 169 183 186 256 314 417
Compactness: 451.532685
Weights: 105.000000 1977.000000 662.000000
Center Node: 66

District 31
Nodes: 79 102 112 162 175 182 197 241 293 374 498
Compactness: 626.335356
Weights: 133.000000 2230.000000 547.000000
Center Node: 175

District 32
Nodes: 12 60 68 90 100 123 200 228 386 419 454 458 470
Compactness: 690.757173
Weights: 165.000000 2005.000000 767.000000
Center Node: 90

District 33
Nodes: 7 18 89 226 258 266 301 327 351 369 450
Compactness: 1067.018220
Weights: 135.000000 2271.000000 583.000000
Center Node: 258

District 34
Nodes: 42 52 201 207 251 255 261 335 379 409 415 440
Compactness: 817.812039
Weights: 123.000000 2064.000000 800.000000
Center Node: 335

District 35
Nodes: 78 101 151 202 229 300 364 405 457
Compactness: 491.732154
Weights: 109.000000 2041.000000 547.000000
Center Node: 405

District 36
Nodes: 15 61 81 139 275 315 414 436 491
Compactness: 480.737757
Weights: 117.000000 2291.000000 631.000000
Center Node: 436

District 37
Nodes: 82 155 192 244 277 429 483 485
Compactness: 369.709697
Weights: 102.000000 2159.000000 405.000000
Center Node: 483

District 38
Nodes: 29 87 88 105 106 118 248 250 305 319
Compactness: 449.001498
Weights: 94.000000 2241.000000 607.000000
Center Node: 250

District 39
Nodes: 4 130 190 247 268 329 367 371 380 465 480
Compactness: 867.803125
Weights: 112.000000 2182.000000 647.000000
Center Node: 268

District 40
Nodes: 17 110 137 214 217 286 325 359 406 482
Compactness: 622.019591
Weights: 116.000000 2343.000000 619.000000
Center Node: 110

District 41
Nodes: 69 108 262 264 280 456 464 477 489
Compactness: 266.139635
Weights: 124.000000 1984.000000 609.000000
Center Node: 464

District 42
Nodes: 32 37 94 171 281 294 382 466 468 475
Compactness: 512.316120
Weights: 123.000000 2219.000000 583.000000
Center Node: 382

District 43
Nodes: 62 103 132 213 282 332 345 373 389 390 476
Compactness: 712.741684
Weights: 118.000000 2115.000000 636.000000
Center Node: 390

District 44
Nodes: 147 196 205 222 227 257 320 368 391 453 455
Compactness: 670.384856
Weights: 152.000000 2071.000000 581.000000
Center Node: 196

District 45
Nodes: 16 51 117 176 235 252 404 432 492 494
Compactness: 349.700087
Weights: 119.000000 2171.000000 599.000000
Center Node: 16

District 46
Nodes: 19 64 65 73 114 125 177 254 306 428 484
Compactness: 1213.031461
Weights: 128.000000 2292.000000 536.000000
Center Node: 428

District 47
Nodes: 1 28 154 216 218 253 289 433 445 452 497
Compactness: 444.144071
Weights: 113.000000 2208.000000 523.000000
Center Node: 154

District 48
Nodes: 21 75 104 122 194 272 284 339 342 392 402 447 487
Compactness: 680.669763
Weights: 171.000000 2192.000000 777.000000
Center Node: 284

District 49
Nodes: 127 133 143 208 245 273 283 295 442
Compactness: 602.519894
Weights: 123.000000 2224.000000 497.000000
Center Node: 133

District 50
Nodes: 10 22 44 121 193 236 276 384
Compactness: 419.161475
Weights: 108.000000 1684.000000 563.000000
Center Node: 193
