BalanceViolation 4995.533000
AffinityLoss 1823.000000
Compactness 61489.954238

District 1
Nodes: 49 52 158 212 231 243 301 325 336 361 371 392 405 456 461 506 557 621 646 675 768 914
Compactness: 1089.181560
Weights: 257.000000 4287.000000 1221.000000
Center Node: 336

District 2
Nodes: 100 118 203 251 298 313 424 449 501 527 613 651 677 883 891 948 996
Compactness: 985.176572
Weights: 213.000000 4428.000000 942.000000
Center Node: 527

District 3
Nodes: 15 36 68 82 229 259 305 382 436 438 482 514 525 542 640 661 690 869 870 896 903
Compactness: 1671.745404
Weights: 248.000000 3348.000000 1318.000000
Center Node: 68

District 4
Nodes: 148 157 282 287 322 417 472 500 569 653 704 714 754 767 778 782 792 798 954 979
Compactness: 1543.353052
Weights: 208.000000 4453.000000 1177.000000
Center Node: 148

District 5
Nodes: 83 137 226 253 427 435 451 473 477 533 735 799 826 851 852 874 902
Compactness: 842.610693
Weights: 194.000000 4408.000000 1021.000000
Center Node: 473

District 6
Nodes: 31 59 91 96 136 202 263 266 286 489 566 579 607 636 717 741 749 805 876 886 938
Compactness: 2041.070342
Weights: 262.000000 4434.000000 1066.000000
Center Node: 938

District 7
Nodes: 218 257 277 356 443 504 505 519 535 617 660 665 682 695 716 731 816 830 942
Compactness: 790.344654
Weights: 225.000000 4350.000000 1024.000000
Center Node: 695

District 8
Nodes: 61 103 153 167 170 205 444 597 692 703 736 755 828 897 951 958 967 982
Compactness: 1542.270106
Weights: 222.000000 4363.000000 1156.000000
Center Node: 755

District 9
Nodes: 34 74 98 161 220 278 297 386 396 403 476 495 550 551 610 671 759 933 934 957
Compactness: 1464.520921
Weights: 247.000000 4406.000000 1154.000000
Center Node: 759

District 10
Nodes: 53 102 119 138 326 368 401 412 419 458 466 546 586 601 680 760 819 929 968
Compactness: 1552.519664
Weights: 247.000000 4316.000000 1158.000000
Center Node: 119

District 11
Nodes: 145 185 215 235 258 280 284 302 307 312 335 416 452 486 599 656 745 761 829 900 921 998
Compactness: 1427.982925
Weights: 282.000000 4459.000000 1196.000000
Center Node: 656

District 12
Nodes: 20 76 123 210 254 290 320 367 509 510 516 518 532 534 643 672 758 918 941 953 997
Compactness: 1113.982450
Weights: 255.000000 4142.000000 1090.000000
Center Node: 672

District 13
Nodes: 65 122 135 159 162 182 189 219 239 464 468 548 567 574 588 670 685 849 924
Compactness: 1496.228602
Weights: 265.000000 4510.000000 1197.000000
Center Node: 135

District 14
Nodes: 48 227 249 372 373 376 413 433 470 479 494 521 592 619 722 855 864 871 882
Compactness: 1218.700787
Weights: 240.000000 4248.000000 1202.000000
Center Node: 479

District 15
Nodes: 7 10 132 147 445 446 465 474 555 628 642 673 688 691 762 804 825 877 907 911 915
Compactness: 1243.881931
Weights: 254.000000 4324.000000 1223.000000
Center Node: 555

District 16
Nodes: 22 112 193 225 264 288 309 321 344 355 360 378 448 544 580 686 815 844 986 991
Compactness: 1178.317789
Weights: 210.000000 4366.000000 1227.000000
Center Node: 22

District 17
Nodes: 1 23 67 69 72 232 281 329 359 498 531 553 583 633 667 711 813 943
Compactness: 773.715008
Weights: 220.000000 4108.000000 1154.000000
Center Node: 498

District 18
Nodes: 43 174 178 246 252 260 289 306 343 447 450 564 571 604 664 687 689 748 791 811 901 928
Compactness: 1184.650920
Weights: 253.000000 4474.000000 1221.000000
Center Node: 564

District 19
Nodes: 12 66 85 120 156 166 272 346 388 399 507 591 603 625 709 725 808 832 833 866 959 977
Compactness: 1361.609485
Weights: 259.000000 4441.000000 1191.000000
Center Node: 808

District 20
Nodes: 2 9 124 140 152 154 179 285 365 381 428 513 539 570 629 649 694 726 814 899 923
Compactness: 1806.826705
Weights: 222.000000 4480.000000 1089.000000
Center Node: 285

District 21
Nodes: 26 63 192 237 273 294 377 410 483 563 779 797 802 842 906 927 971 980
Compactness: 1027.395429
Weights: 201.000000 4041.000000 1212.000000
Center Node: 294

District 22
Nodes: 24 70 89 115 142 144 168 216 233 338 441 493 576 698 702 705 771 827 836 846 856 885 983
Compactness: 1483.070336
Weights: 263.000000 4450.000000 1061.000000
Center Node: 846

District 23
Nodes: 8 11 56 117 121 328 334 384 420 469 561 647 708 766 790 818 920 952 978 992
Compactness: 830.476692
Weights: 219.000000 4209.000000 1189.000000
Center Node: 766

District 24
Nodes: 5 58 238 248 261 310 337 415 478 517 594 609 624 764 786 809 868 872 889 970 987
Compactness: 1246.369831
Weights: 241.000000 4039.000000 1314.000000
Center Node: 517

District 25
Nodes: 88 99 139 150 191 222 236 390 429 440 503 536 543 919 932 973 976 981 988
Compactness: 1009.291007
Weights: 241.000000 4114.000000 938.000000
Center Node: 88

District 26
Nodes: 114 244 364 379 432 434 529 537 581 639 727 793 803 837 861 863 865 944 974 985
Compactness: 930.080116
Weights: 246.000000 4052.000000 1157.000000
Center Node: 434

District 27
Nodes: 17 87 90 134 271 333 339 404 431 481 565 582 650 728 845 895 910 990
Compactness: 1019.342368
Weights: 249.000000 4106.000000 1222.000000
Center Node: 990

District 28
Nodes: 29 30 57 230 398 422 457 556 606 627 684 724 738 800 835 880 926 949 950 965
Compactness: 1107.392593
Weights: 234.000000 4268.000000 1100.000000
Center Node: 57

District 29
Nodes: 6 16 84 130 172 528 552 585 587 679 707 751 821 850 859 860 925 939 946 960 963
Compactness: 1313.393173
Weights: 275.000000 4198.000000 1208.000000
Center Node: 751

District 30
Nodes: 4 25 92 110 283 292 362 385 389 423 558 575 605 614 723 739 777 796 893 917
Compactness: 1024.600687
Weights: 256.000000 4200.000000 1221.000000
Center Node: 614

District 31
Nodes: 44 101 128 143 155 173 315 426 547 611 632 644 645 721 785 822 831 875 894
Compactness: 1093.356989
Weights: 240.000000 4358.000000 1266.000000
Center Node: 44

District 32
Nodes: 18 19 45 116 151 187 190 199 211 240 276 488 515 538 562 584 774 824 841 848 858 922 947
Compactness: 1129.947940
Weights: 291.000000 4371.000000 1245.000000
Center Node: 45

District 33
Nodes: 38 50 171 181 250 311 316 319 391 406 499 508 540 648 663 719 765 781 807 961
Compactness: 1501.340458
Weights: 216.000000 4421.000000 1009.000000
Center Node: 316

District 34
Nodes: 64 177 194 300 308 358 393 402 522 523 573 654 669 715 744 795 806 881 940
Compactness: 1405.554440
Weights: 218.000000 4209.000000 1158.000000
Center Node: 669

District 35
Nodes: 332 383 395 414 418 568 623 626 693 706 743 769 776 783 812 847 879 884 904 912
Compactness: 1151.292385
Weights: 251.000000 4355.000000 1112.000000
Center Node: 693

District 36
Nodes: 28 113 141 204 207 221 351 354 370 442 484 496 502 554 559 598 631 652 794 843
Compactness: 1115.634417
Weights: 253.000000 4063.000000 1205.000000
Center Node: 502

District 37
Nodes: 104 407 608 637 801 890 956 962 972
Compactness: 221.198846
Weights: 124.000000 2205.000000 515.000000
Center Node: 104

District 38
Nodes: 37 41 46 111 149 165 186 198 262 304 324 350 459 463 492 596 600 710 750 757 780 892
Compactness: 1070.691220
Weights: 217.000000 4396.000000 1092.000000
Center Node: 46

District 39
Nodes: 13 14 55 95 107 234 267 291 327 340 363 485 491 549 560 616 676 678 732 817 853 984
Compactness: 1687.132944
Weights: 304.000000 4468.000000 1153.000000
Center Node: 234

District 40
Nodes: 32 40 79 94 169 188 348 366 453 520 545 590 595 638 666 701 742 747 763 772 838 887 935
Compactness: 1107.193682
Weights: 282.000000 4444.000000 1345.000000
Center Node: 79

District 41
Nodes: 75 106 180 270 318 357 369 409 430 439 572 577 620 658 737 756 834 839 840 873 909 937
Compactness: 1775.740970
Weights: 246.000000 4326.000000 1151.000000
Center Node: 909

District 42
Nodes: 51 201 341 342 347 380 421 480 487 530 541 641 668 681 718 746 752 994
Compactness: 882.110868
Weights: 223.000000 4390.000000 1046.000000
Center Node: 380

District 43
Nodes: 3 21 35 47 80 108 125 129 133 197 213 217 245 331 374 394 593 618 697 720 878
Compactness: 1450.987730
Weights: 234.000000 4440.000000 1256.000000
Center Node: 878

District 44
Nodes: 78 183 206 323 353 397 454 462 471 497 512 622 630 712 730 775 862 945 989
Compactness: 1124.648777
Weights: 241.000000 4177.000000 1133.000000
Center Node: 462

District 45
Nodes: 27 33 126 131 241 242 255 265 274 279 314 375 408 511 699 787 820 823 857 916
Compactness: 1041.079563
Weights: 250.000000 4396.000000 1179.000000
Center Node: 265

District 46
Nodes: 146 163 176 200 214 293 296 317 352 400 411 589 612 635 659 696 733 734 810 908 969 993
Compactness: 1300.343534
Weights: 251.000000 4393.000000 1113.000000
Center Node: 733

District 47
Nodes: 54 164 184 228 247 275 303 349 425 490 657 773 789 913 930 931 936 975 995
Compactness: 1025.091037
Weights: 230.000000 4075.000000 1191.000000
Center Node: 54

District 48
Nodes: 0 39 42 62 86 97 160 175 256 299 387 437 455 615 662 700 729 740 888 955 964 966
Compactness: 1404.369986
Weights: 255.000000 4370.000000 1196.000000
Center Node: 39

District 49
Nodes: 60 71 77 81 127 196 209 223 224 345 524 526 602 634 655 713 753 784 854 898 905
Compactness: 1453.037789
Weights: 236.000000 4138.000000 1116.000000
Center Node: 905

District 50
Nodes: 73 93 105 109 195 208 268 269 295 330 460 467 475 578 674 683 770 788 867 999
Compactness: 1229.098863
Weights: 235.000000 4087.000000 1084.000000
Center Node: 475
