BalanceViolation 1056.470000
AffinityLoss 1773.000000
Compactness 73087.522942

District 1
Nodes: 15 109 166 214 254 268 277 304 335 370 501 635 654 693 707 725 907
Compactness: 1142.474036
Weights: 188.000000 4415.000000 1144.000000
Center Node: 268

District 2
Nodes: 13 115 295 325 449 453 462 472 498 499 617 648 676 704 705 784 859 919 964 989
Compactness: 1444.585595
Weights: 247.000000 4168.000000 1186.000000
Center Node: 498

District 3
Nodes: 7 21 61 63 106 141 167 175 189 191 284 327 403 405 560 605 618 643 709 715 792 988
Compactness: 4440.281273
Weights: 247.000000 4085.000000 1226.000000
Center Node: 715

District 4
Nodes: 19 33 127 136 139 185 201 301 363 431 451 485 567 616 628 838 892 918 943 959 968 973 986
Compactness: 1713.795449
Weights: 244.000000 4274.000000 1234.000000
Center Node: 301

District 5
Nodes: 48 54 122 188 225 271 302 315 338 460 513 522 594 652 655 700 801 852 883 950
Compactness: 1311.202429
Weights: 227.000000 4326.000000 1216.000000
Center Node: 883

District 6
Nodes: 6 183 192 242 296 313 368 506 517 537 588 591 633 739 809 810 823 866 877 947
Compactness: 1227.081948
Weights: 243.000000 4035.000000 1126.000000
Center Node: 537

District 7
Nodes: 44 76 159 178 237 278 406 408 424 444 447 489 500 526 582 698 720 736 862
Compactness: 1411.467913
Weights: 226.000000 4369.000000 898.000000
Center Node: 444

District 8
Nodes: 49 77 176 193 249 276 306 474 569 625 699 742 758 780 863 897 904 913 954
Compactness: 1142.590150
Weights: 218.000000 4200.000000 1111.000000
Center Node: 176

District 9
Nodes: 38 105 116 134 148 260 281 324 503 510 562 624 647 807 830 843 920 960 993 997
Compactness: 1635.599203
Weights: 244.000000 4216.000000 1158.000000
Center Node: 647

District 10
Nodes: 87 259 283 323 344 358 361 372 426 486 508 551 557 659 664 818 847 865 886 893
Compactness: 1275.881688
Weights: 254.000000 4034.000000 1180.000000
Center Node: 557

District 11
Nodes: 3 22 24 30 138 145 151 152 230 234 329 384 428 437 445 458 781
Compactness: 681.417480
Weights: 200.000000 4454.000000 1113.000000
Center Node: 230

District 12
Nodes: 18 31 66 71 150 407 410 519 535 539 552 564 566 632 636 819 850 880
Compactness: 971.762976
Weights: 222.000000 4306.000000 1236.000000
Center Node: 31

District 13
Nodes: 27 117 162 163 195 267 352 394 422 466 469 556 598 613 670 671 687 712 829 905 981
Compactness: 1217.159727
Weights: 242.000000 4394.000000 1197.000000
Center Node: 905

District 14
Nodes: 8 12 169 208 253 265 337 340 351 387 411 457 491 502 680 760 768 773 848 855 874
Compactness: 1960.337101
Weights: 233.000000 4203.000000 1217.000000
Center Node: 411

District 15
Nodes: 0 65 155 206 273 286 299 305 312 456 475 583 637 658 756 826 872 923 995
Compactness: 3263.402710
Weights: 228.000000 3987.000000 1169.000000
Center Node: 305

District 16
Nodes: 29 226 231 418 425 443 450 467 527 631 727 744 783 851 857 889 976 998
Compactness: 932.443845
Weights: 205.000000 4086.000000 1166.000000
Center Node: 889

District 17
Nodes: 10 41 88 97 149 165 172 186 215 218 266 380 381 404 434 504 568 681 788 804
Compactness: 1069.922862
Weights: 245.000000 4120.000000 1250.000000
Center Node: 804

District 18
Nodes: 99 104 160 297 334 350 369 416 439 518 529 578 722 763 794 805 811 813 840 876 933 970
Compactness: 1467.291756
Weights: 244.000000 4093.000000 1246.000000
Center Node: 416

District 19
Nodes: 36 126 128 132 222 256 262 354 377 521 549 586 626 657 669 751 770 846 934
Compactness: 1716.477280
Weights: 219.000000 3992.000000 1116.000000
Center Node: 132

District 20
Nodes: 39 96 140 210 217 239 342 421 429 461 512 665 694 726 747 772 777 812 841 896 969 974
Compactness: 1376.360495
Weights: 251.000000 3997.000000 1221.000000
Center Node: 974

District 21
Nodes: 20 73 90 101 173 187 220 292 293 349 547 612 701 762 797 828 832 835 887 930
Compactness: 1393.576580
Weights: 246.000000 4316.000000 1140.000000
Center Node: 173

District 22
Nodes: 46 168 223 246 279 347 356 476 480 507 531 558 559 590 656 672 755 914 980 984
Compactness: 1360.096899
Weights: 277.000000 3954.000000 1305.000000
Center Node: 531

District 23
Nodes: 1 5 35 70 74 78 190 203 238 459 548 619 630 642 685 743 754 808 844 853 873 999
Compactness: 1827.055953
Weights: 221.000000 4199.000000 1096.000000
Center Node: 853

District 24
Nodes: 43 50 52 125 170 269 330 353 366 465 497 585 615 641 733 738 885 902 957 971
Compactness: 1642.834942
Weights: 228.000000 4129.000000 1235.000000
Center Node: 43

District 25
Nodes: 14 59 221 233 250 261 275 314 432 478 553 555 584 629 666 731 765 833
Compactness: 964.424653
Weights: 221.000000 4068.000000 1215.000000
Center Node: 553

District 26
Nodes: 17 58 133 209 236 274 341 346 435 441 484 492 538 614 650 651 697 717 746 786 871 924
Compactness: 2044.280488
Weights: 248.000000 4029.000000 1241.000000
Center Node: 236

District 27
Nodes: 108 113 130 157 204 270 316 379 454 525 604 620 689 749 940 952 956 962
Compactness: 1219.610128
Weights: 213.000000 4392.000000 1161.000000
Center Node: 604

District 28
Nodes: 32 56 103 143 171 197 243 294 319 345 355 375 385 436 442 530 600 609 645 723 910 951
Compactness: 1364.631489
Weights: 285.000000 4024.000000 1185.000000
Center Node: 723

District 29
Nodes: 26 55 84 213 245 264 282 376 420 438 505 587 688 728 757 764 767 769 821 931
Compactness: 1342.709757
Weights: 251.000000 4381.000000 1187.000000
Center Node: 821

District 30
Nodes: 11 100 118 247 336 367 493 579 638 775 837 860 891 915 916 944 958 992
Compactness: 1655.584783
Weights: 253.000000 4239.000000 1124.000000
Center Node: 915

District 31
Nodes: 16 85 89 158 320 322 348 389 487 514 524 570 571 679 711 774 799 856 875 926
Compactness: 1007.052186
Weights: 252.000000 3979.000000 1138.000000
Center Node: 348

District 32
Nodes: 79 121 161 235 252 318 326 332 382 395 511 534 608 684 710 719 745 925 963 990
Compactness: 1099.750806
Weights: 243.000000 4373.000000 1227.000000
Center Node: 990

District 33
Nodes: 4 34 129 257 288 307 328 373 383 448 494 496 515 533 536 576 702 815 881 903 921 939
Compactness: 1311.387377
Weights: 302.000000 4071.000000 1214.000000
Center Node: 257

District 34
Nodes: 45 95 154 180 196 199 202 227 280 309 360 386 520 541 546 771 791 888 906 911 922 946
Compactness: 1946.021365
Weights: 255.000000 4051.000000 1185.000000
Center Node: 309

District 35
Nodes: 67 69 75 112 142 164 194 198 219 532 678 690 734 748 834 858 868 932 977 978
Compactness: 1154.773885
Weights: 260.000000 4273.000000 1119.000000
Center Node: 532

District 36
Nodes: 80 119 248 263 300 396 413 415 481 542 545 554 622 623 692 718 779 814 870
Compactness: 1138.862677
Weights: 268.000000 4377.000000 1167.000000
Center Node: 692

District 37
Nodes: 60 72 82 200 232 317 331 392 473 509 516 523 740 759 789 790 816 901 928 938 942
Compactness: 1886.818848
Weights: 255.000000 4063.000000 1139.000000
Center Node: 942

District 38
Nodes: 86 111 120 135 147 205 216 258 397 409 479 488 540 703 825 869 879 909 948
Compactness: 1249.453923
Weights: 253.000000 4149.000000 1184.000000
Center Node: 216

District 39
Nodes: 42 181 289 333 388 399 401 414 464 544 595 611 661 752 776 785 849 895 900 965 975
Compactness: 1256.519324
Weights: 248.000000 4092.000000 1199.000000
Center Node: 42

District 40
Nodes: 57 91 174 182 228 244 359 364 433 463 477 483 495 577 721 817 882 936 945 983
Compactness: 988.037514
Weights: 228.000000 4358.000000 1142.000000
Center Node: 433

District 41
Nodes: 23 53 81 92 144 153 321 391 423 603 695 696 724 735 795 798 979 987 996
Compactness: 1043.149082
Weights: 206.000000 3990.000000 1277.000000
Center Node: 81

District 42
Nodes: 2 9 123 272 339 419 440 563 565 607 649 660 691 713 730 753 803 820 842 927 961 967
Compactness: 1115.260001
Weights: 274.000000 4257.000000 1107.000000
Center Node: 272

District 43
Nodes: 102 285 343 362 374 455 573 621 634 663 668 673 683 686 787 796 802 827 831 867
Compactness: 1474.401324
Weights: 219.000000 4410.000000 1172.000000
Center Node: 663

District 44
Nodes: 47 124 212 251 291 298 303 308 468 490 543 572 601 653 706 732 782 822 937
Compactness: 1113.943333
Weights: 236.000000 4290.000000 1189.000000
Center Node: 543

District 45
Nodes: 37 40 98 146 156 179 224 310 357 371 528 574 596 667 677 741 935 953 955 982
Compactness: 2277.551247
Weights: 220.000000 4035.000000 1037.000000
Center Node: 40

District 46
Nodes: 25 110 137 177 229 255 290 400 430 470 575 589 737 766 778 824 878 894 972 985
Compactness: 1558.073536
Weights: 193.000000 4008.000000 1206.000000
Center Node: 972

District 47
Nodes: 28 93 94 131 207 287 378 398 402 412 427 446 561 593 646 675 750 800 839 854 917
Compactness: 1407.605917
Weights: 246.000000 4390.000000 1080.000000
Center Node: 750

District 48
Nodes: 68 83 184 241 417 452 580 597 599 639 644 682 845 898 899 929 966
Compactness: 839.831266
Weights: 199.000000 4365.000000 1189.000000
Center Node: 599

District 49
Nodes: 107 114 211 240 311 581 606 640 662 714 716 793 836 861 864 890 908 912 941 994
Compactness: 1320.581451
Weights: 257.000000 4189.000000 1185.000000
Center Node: 890

District 50
Nodes: 51 62 64 365 390 393 471 482 550 592 602 610 627 674 708 729 761 806 884 949 991
Compactness: 1682.106293
Weights: 251.000000 4330.000000 1187.000000
Center Node: 365
