BalanceViolation 5435.870000
AffinityLoss 1873.000000
Compactness 64778.341958

District 1
Nodes: 1 5 6 24 195 227 318 338 354 407 480 490 502 654 710 760 779 928 980
Compactness: 888.736203
Weights: 241.000000 4344.000000 1181.000000
Center Node: 407

District 2
Nodes: 155 214 350 660 747
Compactness: 92.027507
Weights: 59.000000 1022.000000 201.000000
Center Node: 660

District 3
Nodes: 9 31 207 264 267 464 505 527 567 588 631 715 719 738 745 834 854 877 918 958 982 996
Compactness: 2000.440323
Weights: 295.000000 4023.000000 1211.000000
Center Node: 527

District 4
Nodes: 41 70 101 124 216 329 374 562 581 642 648 701 706 742 754 790 831 847 863 945
Compactness: 1113.519413
Weights: 245.000000 4408.000000 1122.000000
Center Node: 124

District 5
Nodes: 15 45 87 122 139 160 321 322 325 351 489 557 579 633 751 765 809 839 912 934
Compactness: 1496.433085
Weights: 273.000000 4071.000000 1263.000000
Center Node: 809

District 6
Nodes: 52 148 161 192 278 359 422 468 532 540 575 577 583 737 796 802 807 830 844 899 942 977
Compactness: 1217.210350
Weights: 261.000000 4403.000000 1226.000000
Center Node: 737

District 7
Nodes: 30 68 88 179 202 269 271 379 427 465 497 534 550 554 593 647 718 791 817 820
Compactness: 1076.977233
Weights: 296.000000 4442.000000 1103.000000
Center Node: 820

District 8
Nodes: 14 89 250 356 381 404 412 418 428 572 693 698 770 778 824 897 930 950 960 990
Compactness: 1063.990339
Weights: 232.000000 4396.000000 1201.000000
Center Node: 404

District 9
Nodes: 66 118 151 152 332 362 382 425 472 477 487 520 558 565 651 667 689 782 803 909 941
Compactness: 1426.371082
Weights: 240.000000 4114.000000 1251.000000
Center Node: 667

District 10
Nodes: 8 26 77 127 153 177 185 246 275 282 392 440 513 551 597 625 697 732 845 853 856
Compactness: 1508.025954
Weights: 236.000000 4272.000000 1274.000000
Center Node: 127

District 11
Nodes: 164 210 220 236 252 309 485 504 507 516 547 746 759 840 858 906 926 937
Compactness: 905.192617
Weights: 239.000000 4202.000000 1185.000000
Center Node: 516

District 12
Nodes: 63 110 132 166 241 324 353 395 401 410 424 467 518 533 585 670 692 723 724 885 924
Compactness: 1470.382028
Weights: 249.000000 4039.000000 1284.000000
Center Node: 63

District 13
Nodes: 10 35 80 140 178 203 237 259 343 365 370 451 456 544 553 720 741 799 825 978
Compactness: 1539.632668
Weights: 247.000000 4106.000000 1217.000000
Center Node: 553

District 14
Nodes: 22 44 46 146 173 302 308 346 389 403 421 443 503 620 752 792 813 883 892 907 949 988
Compactness: 1435.666987
Weights: 233.000000 4159.000000 1440.000000
Center Node: 813

District 15
Nodes: 13 47 67 95 144 199 221 273 368 399 419 463 582 627 639 649 691 711 822 832 836 964
Compactness: 1245.345452
Weights: 268.000000 4428.000000 1204.000000
Center Node: 95

District 16
Nodes: 3 17 28 96 116 126 201 316 339 429 437 438 536 595 674 682 748 786 810 821 874 902
Compactness: 1540.314553
Weights: 255.000000 4423.000000 1243.000000
Center Node: 682

District 17
Nodes: 71 208 232 238 255 385 471 526 596 664 675 696 707 767 768 846 880 896 925 983 984 985 986
Compactness: 1797.913459
Weights: 306.000000 4397.000000 1259.000000
Center Node: 664

District 18
Nodes: 2 51 54 83 100 112 186 272 474 493 535 560 574 609 679 755 868 893 966 991 995
Compactness: 1434.225210
Weights: 281.000000 4391.000000 1123.000000
Center Node: 755

District 19
Nodes: 50 135 145 158 226 248 341 393 555 578 587 658 736 744 762 764 789 801 891
Compactness: 1081.736337
Weights: 257.000000 4481.000000 1066.000000
Center Node: 393

District 20
Nodes: 29 131 206 254 277 323 442 448 515 604 628 640 661 683 727 781 787 814 900 970
Compactness: 1665.855683
Weights: 256.000000 4406.000000 1164.000000
Center Node: 628

District 21
Nodes: 105 133 266 286 287 290 355 417 454 580 589 605 671 721 774 785 861 895
Compactness: 1359.557093
Weights: 239.000000 4394.000000 1249.000000
Center Node: 580

District 22
Nodes: 86 142 157 174 233 279 315 327 473 506 509 591 629 650 656 818 890 940 957
Compactness: 1582.058245
Weights: 227.000000 4426.000000 1191.000000
Center Node: 315

District 23
Nodes: 58 114 129 137 187 231 262 337 457 573 613 614 673 704 772 908 932 935 975
Compactness: 1036.466389
Weights: 248.000000 4073.000000 1143.000000
Center Node: 129

District 24
Nodes: 98 107 242 296 366 400 426 543 545 662 687 700 709 713 729 763 784 835 952 992
Compactness: 914.313610
Weights: 232.000000 4436.000000 1215.000000
Center Node: 729

District 25
Nodes: 23 73 94 162 170 176 218 331 336 383 469 491 492 496 611 626 638 717 776 793 829 989
Compactness: 1565.336824
Weights: 240.000000 4198.000000 1265.000000
Center Node: 793

District 26
Nodes: 90 223 224 344 363 369 372 411 433 476 508 590 601 634 646 726 811 837 865
Compactness: 1157.120861
Weights: 184.000000 4346.000000 1256.000000
Center Node: 90

District 27
Nodes: 85 154 183 184 409 435 447 466 500 522 610 769 862 903 920 939 944 968
Compactness: 931.911499
Weights: 260.000000 4455.000000 1033.000000
Center Node: 435

District 28
Nodes: 62 76 78 104 149 204 288 291 299 317 326 397 408 415 431 444 556 681 739 873 882 951
Compactness: 1400.915040
Weights: 257.000000 4302.000000 1253.000000
Center Node: 397

District 29
Nodes: 43 99 143 196 229 276 281 297 311 345 436 441 482 537 602 630 750 812 819
Compactness: 1182.769270
Weights: 240.000000 4240.000000 1132.000000
Center Node: 276

District 30
Nodes: 40 81 156 191 213 249 340 652 680 722 773 859 860 866 901 916 917 922 954 967
Compactness: 1431.365746
Weights: 248.000000 4365.000000 1255.000000
Center Node: 859

District 31
Nodes: 0 37 49 93 97 180 301 310 333 386 446 475 484 519 563 734 758 849 905 929
Compactness: 983.995099
Weights: 242.000000 4274.000000 1272.000000
Center Node: 929

District 32
Nodes: 12 25 260 334 358 460 479 494 529 622 659 672 714 740 783 788 795 805 956 973
Compactness: 1302.421929
Weights: 263.000000 4099.000000 1247.000000
Center Node: 460

District 33
Nodes: 11 27 59 82 115 167 172 181 263 342 347 348 495 499 524 603 621 635 685 686 756 808
Compactness: 1142.404748
Weights: 252.000000 4017.000000 1434.000000
Center Node: 59

District 34
Nodes: 72 75 106 130 256 283 295 328 360 391 564 608 657 665 678 702 757 780 876 913
Compactness: 875.307399
Weights: 213.000000 4359.000000 1252.000000
Center Node: 876

District 35
Nodes: 16 60 91 175 294 314 371 483 531 606 688 703 705 914 981 999
Compactness: 949.824880
Weights: 204.000000 4071.000000 1131.000000
Center Node: 314

District 36
Nodes: 4 55 84 134 147 319 352 449 498 514 600 618 623 668 690 733 828 864 884 904 947 963
Compactness: 1297.344240
Weights: 237.000000 4331.000000 1173.000000
Center Node: 4

District 37
Nodes: 20 21 125 141 211 225 257 270 293 307 455 539 617 666 677 806 838 965 997
Compactness: 987.085995
Weights: 214.000000 4433.000000 1145.000000
Center Node: 677

District 38
Nodes: 113 182 190 251 285 289 303 312 459 528 576 637 644 725 731 761 798 833 841 842 852
Compactness: 1656.752841
Weights: 231.000000 4418.000000 1216.000000
Center Node: 761

District 39
Nodes: 38 65 163 165 205 217 292 378 394 413 450 478 548 549 552 594 599 676 712 857 869 870 927
Compactness: 1523.580312
Weights: 238.000000 4045.000000 1255.000000
Center Node: 450

District 40
Nodes: 36 42 61 304 320 453 481 511 569 586 663 684 695 753 775 804 850 923 955 987
Compactness: 1254.836846
Weights: 253.000000 4188.000000 1220.000000
Center Node: 955

District 41
Nodes: 169 198 209 265 298 300 380 430 458 542 559 615 624 636 730 827 851 878 888 898 911
Compactness: 1410.433135
Weights: 234.000000 4160.000000 1298.000000
Center Node: 298

District 42
Nodes: 32 56 109 128 136 138 200 228 244 253 261 306 330 375 398 501 598 616 735 766 800
Compactness: 1688.521850
Weights: 288.000000 4508.000000 1127.000000
Center Node: 398

District 43
Nodes: 39 108 193 230 388 423 432 434 445 486 546 777 797 823 848 875 879 886 931 936 993
Compactness: 1084.012837
Weights: 247.000000 4399.000000 1226.000000
Center Node: 936

District 44
Nodes: 19 53 171 222 239 274 357 384 387 405 439 571 612 669 716 749 816 933 946 948
Compactness: 976.623561
Weights: 214.000000 4419.000000 1154.000000
Center Node: 171

District 45
Nodes: 34 48 92 119 305 313 361 376 510 525 641 867 872 887 910 959 961
Compactness: 1224.737164
Weights: 251.000000 4389.000000 1163.000000
Center Node: 525

District 46
Nodes: 33 120 159 168 188 215 219 373 390 452 488 541 568 632 699 708 794 871 919 943 976 979
Compactness: 1350.626687
Weights: 254.000000 4429.000000 1235.000000
Center Node: 979

District 47
Nodes: 18 57 123 243 280 284 414 461 521 530 561 592 607 619 743 855 881 894 915 994
Compactness: 1221.527382
Weights: 258.000000 4216.000000 1256.000000
Center Node: 243

District 48
Nodes: 7 64 79 102 103 197 240 335 349 367 396 416 470 517 523 566 584 655 889 953 969 971
Compactness: 2142.305242
Weights: 270.000000 4138.000000 1216.000000
Center Node: 971

District 49
Nodes: 69 189 212 258 268 420 462 512 570 643 653 728 826 843 921 938 972 974 998
Compactness: 1364.743227
Weights: 257.000000 3965.000000 1221.000000
Center Node: 826

District 50
Nodes: 74 111 117 121 150 194 234 235 245 247 364 377 402 406 538 645 694 771 815 962
Compactness: 1779.445525
Weights: 242.000000 4423.000000 1233.000000
Center Node: 121
