BalanceViolation 2252.631000
AffinityLoss 1890.000000
Compactness 70217.677619

District 1
Nodes: 63 122 240 264 417 467 476 580 589 641 649 662 781 815 836 846 937 994
Compactness: 1173.863403
Weights: 212.000000 3791.000000 1111.000000
Center Node: 589

District 2
Nodes: 52 58 68 75 99 216 306 318 427 493 498 505 585 631 767 824 870 890 915 920
Compactness: 1375.176747
Weights: 227.000000 4397.000000 1190.000000
Center Node: 631

District 3
Nodes: 28 47 103 115 128 143 150 183 217 277 311 536 542 547 797 826 903 926 935 960 997
Compactness: 1380.937460
Weights: 252.000000 4216.000000 1179.000000
Center Node: 311

District 4
Nodes: 44 81 96 138 196 205 271 305 357 363 410 501 604 677 712 723 725 814 823 989
Compactness: 7166.644118
Weights: 257.000000 4193.000000 1118.000000
Center Node: 96

District 5
Nodes: 51 56 113 140 192 214 296 313 332 339 412 503 669 705 889 939 981 988 999
Compactness: 844.391361
Weights: 217.000000 4385.000000 1109.000000
Center Node: 113

District 6
Nodes: 23 66 172 189 317 324 328 343 351 353 380 497 522 534 553 562 581 758 844 992
Compactness: 933.825527
Weights: 258.000000 4268.000000 1138.000000
Center Node: 522

District 7
Nodes: 30 40 160 166 220 248 251 337 435 461 478 572 573 602 720 782 867 874 878 887
Compactness: 882.113648
Weights: 252.000000 4180.000000 1032.000000
Center Node: 166

District 8
Nodes: 22 125 245 283 319 358 433 472 510 531 541 556 621 703 783 816 860 953
Compactness: 1167.958954
Weights: 214.000000 4416.000000 944.000000
Center Node: 283

District 9
Nodes: 61 255 310 368 369 382 447 463 486 491 557 560 575 603 626 652 655 661 684 744 787 936
Compactness: 1570.758697
Weights: 265.000000 4403.000000 1082.000000
Center Node: 661

District 10
Nodes: 62 92 131 200 227 235 246 295 370 470 489 628 635 638 673 686 701 813 861 940 957
Compactness: 1259.720364
Weights: 242.000000 4433.000000 1083.000000
Center Node: 638

District 11
Nodes: 77 191 312 430 453 455 480 508 587 590 611 663 674 694 729 734 749 831 842 897
Compactness: 1224.694880
Weights: 245.000000 4273.000000 1165.000000
Center Node: 897

District 12
Nodes: 7 41 57 59 69 80 126 333 403 404 425 432 479 607 672 706 802 806 866 916 955 975
Compactness: 1334.376228
Weights: 230.000000 4241.000000 1170.000000
Center Node: 432

District 13
Nodes: 98 137 169 231 244 254 288 300 304 399 535 550 582 593 624 644 740 827 854 884 965
Compactness: 1390.878147
Weights: 237.000000 4230.000000 1225.000000
Center Node: 740

District 14
Nodes: 9 18 64 106 186 215 249 297 301 316 481 518 608 617 634 719 838 848 879 919 949 956 998
Compactness: 1842.391541
Weights: 272.000000 4343.000000 1168.000000
Center Node: 249

District 15
Nodes: 27 45 54 76 108 116 135 218 275 299 475 495 629 657 717 805 819 891 918 921 928
Compactness: 1707.510200
Weights: 238.000000 3595.000000 1292.000000
Center Node: 657

District 16
Nodes: 24 88 120 225 290 434 462 464 502 526 529 566 592 596 762 837 851 924 966 987
Compactness: 1156.521791
Weights: 255.000000 4060.000000 1095.000000
Center Node: 290

District 17
Nodes: 148 162 197 238 241 289 356 409 431 500 521 619 632 642 733 759 760 798 810 917
Compactness: 948.546423
Weights: 239.000000 4354.000000 1179.000000
Center Node: 431

District 18
Nodes: 146 156 174 209 219 257 262 284 325 424 555 606 681 737 785 807 892 893 972
Compactness: 966.714510
Weights: 228.000000 3892.000000 1124.000000
Center Node: 424

District 19
Nodes: 1 73 157 212 224 247 359 361 387 391 407 408 499 506 558 584 620 654 659 795 829 841
Compactness: 1241.840271
Weights: 279.000000 3945.000000 1163.000000
Center Node: 73

District 20
Nodes: 42 46 48 133 145 267 287 377 458 490 516 538 651 671 696 731 804 862 934 990
Compactness: 1289.545026
Weights: 256.000000 4444.000000 1183.000000
Center Node: 651

District 21
Nodes: 35 83 91 141 233 261 281 335 360 406 504 549 571 591 735 743 843 945 967 969
Compactness: 1204.235080
Weights: 244.000000 4342.000000 1154.000000
Center Node: 967

District 22
Nodes: 87 102 142 211 286 331 474 507 568 583 588 618 627 676 710 821 839 885 951 979 991
Compactness: 1465.025934
Weights: 222.000000 4354.000000 1179.000000
Center Node: 507

District 23
Nodes: 33 65 117 184 195 280 443 523 524 551 574 615 736 738 775 799 834 898 925 933 974
Compactness: 1233.063030
Weights: 271.000000 4108.000000 1124.000000
Center Node: 117

District 24
Nodes: 19 37 43 74 82 165 181 201 202 210 236 394 450 457 537 623 668 691 715 790 830
Compactness: 1199.758001
Weights: 254.000000 4372.000000 1157.000000
Center Node: 394

District 25
Nodes: 97 107 139 154 167 198 223 327 473 496 520 614 636 680 708 755 764 993 996
Compactness: 1076.740169
Weights: 215.000000 4190.000000 1249.000000
Center Node: 636

District 26
Nodes: 90 101 136 158 163 204 232 322 348 436 465 515 561 648 828 876 886 888 922 946
Compactness: 1322.676866
Weights: 253.000000 4446.000000 1049.000000
Center Node: 828

District 27
Nodes: 6 8 53 121 155 222 239 253 291 346 364 494 546 595 639 693 730 855 868 963
Compactness: 1084.359053
Weights: 233.000000 4415.000000 1192.000000
Center Node: 364

District 28
Nodes: 4 67 176 194 416 451 454 482 492 569 640 774 845 847 852 858 873 942 948
Compactness: 3180.252406
Weights: 199.000000 4365.000000 1110.000000
Center Node: 176

District 29
Nodes: 32 49 86 260 340 362 372 385 441 484 665 727 745 780 849 850 880 899 914 954 983
Compactness: 1534.456684
Weights: 296.000000 3973.000000 1163.000000
Center Node: 260

District 30
Nodes: 3 12 132 144 206 208 237 274 285 366 371 446 512 586 724 751 752 932 977
Compactness: 1821.991169
Weights: 256.000000 4326.000000 963.000000
Center Node: 237

District 31
Nodes: 70 85 130 152 228 234 279 400 401 438 514 530 577 598 633 756 757 770 929
Compactness: 1205.759540
Weights: 252.000000 4097.000000 1072.000000
Center Node: 438

District 32
Nodes: 129 164 242 258 278 376 511 519 567 605 690 692 746 761 773 803 875 938 944 961
Compactness: 1032.989692
Weights: 241.000000 4380.000000 1090.000000
Center Node: 938

District 33
Nodes: 0 84 123 185 230 298 379 386 397 471 609 656 726 812 835 895 900 907 910
Compactness: 1131.775599
Weights: 263.000000 4345.000000 1157.000000
Center Node: 900

District 34
Nodes: 14 127 308 419 545 600 645 650 658 670 721 739 840 859 913 927 971 986
Compactness: 1192.536450
Weights: 234.000000 4229.000000 1130.000000
Center Node: 971

District 35
Nodes: 15 78 93 179 221 303 321 414 485 544 576 616 718 796 856 904 908 941 973
Compactness: 878.875045
Weights: 235.000000 4404.000000 995.000000
Center Node: 544

District 36
Nodes: 20 124 177 199 207 390 393 418 559 563 643 666 687 702 748 791 818 869 952 995
Compactness: 971.579203
Weights: 259.000000 4400.000000 1084.000000
Center Node: 177

District 37
Nodes: 25 270 323 349 383 389 413 452 477 594 599 653 689 698 700 809 896 962 985
Compactness: 1018.643125
Weights: 225.000000 4379.000000 1024.000000
Center Node: 413

District 38
Nodes: 10 147 153 193 302 347 402 415 469 487 533 597 664 685 747 788 820
Compactness: 1617.241854
Weights: 189.000000 4135.000000 1062.000000
Center Node: 747

District 39
Nodes: 16 94 114 268 315 330 354 405 422 579 625 675 697 741 754 766 789 853 923 976
Compactness: 1322.832090
Weights: 260.000000 3822.000000 1214.000000
Center Node: 923

District 40
Nodes: 34 72 159 213 334 420 428 445 483 630 678 709 753 769 776 808 877 909 964 968 978
Compactness: 1328.643313
Weights: 246.000000 4434.000000 1157.000000
Center Node: 678

District 41
Nodes: 2 71 105 109 187 229 243 250 309 314 329 375 564 750 793 801 822 833 871 950 959
Compactness: 1206.830772
Weights: 246.000000 4363.000000 1162.000000
Center Node: 109

District 42
Nodes: 13 21 95 168 294 336 355 396 423 468 513 610 637 660 699 794 832 863 865
Compactness: 962.366477
Weights: 228.000000 4103.000000 967.000000
Center Node: 95

District 43
Nodes: 5 31 55 79 112 119 134 203 259 273 326 448 540 622 695 707 711 778 912 947
Compactness: 1252.398608
Weights: 276.000000 4006.000000 1116.000000
Center Node: 711

District 44
Nodes: 60 110 111 266 367 374 378 398 411 437 439 683 713 714 728 817 864 902 984
Compactness: 1270.642088
Weights: 250.000000 4040.000000 1098.000000
Center Node: 683

District 45
Nodes: 29 39 50 100 175 178 256 272 282 345 381 384 440 459 460 509 527 688 930
Compactness: 1334.267070
Weights: 250.000000 4114.000000 1120.000000
Center Node: 175

District 46
Nodes: 118 170 180 188 307 320 395 421 442 449 539 552 613 646 682 704 722 771 811 905
Compactness: 1004.253631
Weights: 227.000000 3983.000000 1186.000000
Center Node: 320

District 47
Nodes: 36 38 161 171 190 252 263 292 293 338 456 570 601 647 732 763 772 883 894 943 980
Compactness: 1619.569842
Weights: 256.000000 4344.000000 1109.000000
Center Node: 38

District 48
Nodes: 17 151 265 365 373 388 392 466 488 525 548 554 786 792 825 881 901 906 911 970 982
Compactness: 1554.341655
Weights: 234.000000 4147.000000 1186.000000
Center Node: 17

District 49
Nodes: 11 26 173 182 226 269 276 342 344 350 426 429 444 528 543 578 679 768 800 931
Compactness: 1203.922640
Weights: 280.000000 4175.000000 1094.000000
Center Node: 426

District 50
Nodes: 89 104 149 341 352 517 532 565 612 667 716 742 765 777 779 784 857 872 882 958
Compactness: 1127.241237
Weights: 229.000000 4274.000000 1108.000000
Center Node: 565
