BalanceViolation 585.332500
AffinityLoss 3820.000000
Compactness 196355.727800

District 1
Nodes: 2 54 67 80 84 86 101 109 160 166 187 247 257 270 302 315 357 404 436 457 483 516 522 541 575 576 585 597 631 736 753 763 781 845 871 872 906 916 932 934 941 957 992 1013 1038 1064 1080 1099 1165 1172 1173 1203 1213 1251 1269 1280 1326 1378 1403 1414 1420 1424 1467 1478 1501 1532 1540 1542 1556 1573 1594 1623 1632 1633 1700 1705 1710 1745 1763 1764 1765 1782 1795 1800 1825 1857 1864 1866 1882 1899 1909 1946 1950 1961
Compactness: 10954.897624
Weights: 1069.000000 20803.000000 5275.000000
Center Node: 1165

District 2
Nodes: 32 34 57 87 114 118 132 141 145 174 197 226 293 310 318 326 336 369 378 381 392 412 439 479 490 500 518 557 569 583 592 612 614 619 653 674 678 685 700 702 723 759 784 823 878 896 897 1003 1012 1066 1081 1114 1160 1183 1215 1235 1257 1271 1281 1284 1362 1368 1381 1383 1388 1399 1417 1432 1434 1450 1473 1549 1554 1572 1618 1629 1647 1669 1680 1699 1701 1718 1732 1741 1755 1799 1814 1837 1847 1885 1934 1938 1939 1958 1960 1972 1980 1998
Compactness: 8509.428554
Weights: 1241.000000 22344.000000 5867.000000
Center Node: 369

District 3
Nodes: 6 9 15 25 33 81 90 98 126 129 136 149 172 182 223 245 303 312 341 351 356 407 408 431 445 469 474 525 552 609 625 657 719 728 739 787 810 813 825 840 864 870 881 919 920 939 944 952 958 978 994 997 1087 1110 1122 1148 1168 1169 1180 1190 1194 1228 1258 1287 1307 1313 1329 1358 1363 1366 1371 1409 1411 1416 1458 1466 1503 1525 1535 1589 1600 1616 1654 1675 1684 1709 1730 1740 1781 1810 1831 1838 1853 1860 1863 1879 1884 1891 1907 1917 1969 1987
Compactness: 11162.970365
Weights: 1249.000000 20396.000000 5721.000000
Center Node: 739

District 4
Nodes: 8 45 59 76 85 91 94 116 131 156 170 230 248 253 264 279 287 289 290 355 372 383 425 489 508 510 517 527 540 546 562 565 574 593 598 608 622 650 669 705 709 717 725 730 743 808 820 849 852 875 890 913 942 972 1026 1030 1088 1129 1137 1158 1210 1244 1270 1320 1335 1418 1449 1462 1489 1492 1499 1514 1519 1541 1551 1563 1583 1598 1628 1638 1641 1652 1673 1685 1692 1697 1702 1712 1738 1770 1775 1818 1829 1845 1868 1871 1894 1916 1926 1948 1968 1996
Compactness: 9221.764689
Weights: 1260.000000 20799.000000 5998.000000
Center Node: 1489

District 5
Nodes: 0 56 65 75 112 115 178 191 224 239 251 258 273 274 296 363 367 402 405 417 420 442 447 458 463 472 485 535 553 561 587 599 603 626 644 737 777 817 826 842 855 866 879 882 899 915 926 959 986 1034 1042 1055 1060 1062 1071 1089 1102 1133 1150 1155 1177 1214 1229 1265 1273 1282 1322 1338 1348 1429 1454 1472 1476 1491 1521 1537 1538 1545 1555 1566 1568 1595 1609 1620 1636 1648 1650 1655 1679 1682 1703 1713 1739 1744 1779 1807 1833 1858 1895 1921 1947
Compactness: 9742.055528
Weights: 1232.000000 21255.000000 5954.000000
Center Node: 986

District 6
Nodes: 18 22 35 40 49 60 72 78 88 106 108 135 137 150 176 196 210 220 231 246 271 307 352 353 358 371 376 409 415 421 488 497 519 572 573 589 591 602 604 621 629 639 642 651 664 682 694 713 738 744 751 774 779 812 880 883 935 999 1017 1020 1039 1043 1061 1065 1073 1075 1095 1115 1136 1156 1163 1176 1207 1222 1279 1303 1309 1352 1377 1380 1393 1430 1456 1469 1475 1481 1511 1586 1601 1639 1694 1729 1769 1794 1803 1816 1906 1920 1923 1956 1970 1983
Compactness: 8273.158231
Weights: 1237.000000 21750.000000 6009.000000
Center Node: 694

District 7
Nodes: 13 48 92 99 139 168 190 200 254 263 305 324 340 343 403 435 443 499 513 523 526 530 578 590 615 714 718 726 732 761 782 785 806 807 843 844 848 857 858 860 884 907 914 921 949 951 956 967 970 976 984 1016 1033 1046 1074 1079 1098 1103 1140 1146 1149 1167 1179 1188 1201 1220 1245 1256 1277 1283 1296 1299 1304 1337 1361 1402 1405 1415 1423 1510 1518 1528 1534 1559 1561 1576 1597 1662 1677 1751 1760 1801 1808 1812 1822 1874 1928 1930 1937 1945 1949 1982
Compactness: 10975.966045
Weights: 1186.000000 22180.000000 5988.000000
Center Node: 1079

District 8
Nodes: 23 47 61 64 110 111 205 209 269 276 281 295 309 313 330 337 391 410 413 426 450 505 542 568 605 624 638 670 684 695 724 729 742 747 750 757 764 765 766 770 772 788 795 797 854 889 922 930 943 966 987 1005 1029 1047 1053 1059 1067 1077 1083 1091 1125 1145 1178 1184 1189 1216 1217 1237 1263 1267 1276 1294 1301 1302 1315 1367 1382 1387 1398 1431 1463 1484 1500 1520 1602 1617 1663 1665 1671 1727 1749 1777 1798 1835 1839 1844 1846 1888 1908 1954 1976 1990 1999
Compactness: 10856.239589
Weights: 1154.000000 21512.000000 5649.000000
Center Node: 1047

District 9
Nodes: 1 7 30 36 74 82 121 206 207 212 238 286 304 345 346 360 375 386 388 440 448 465 468 470 475 478 521 531 611 643 655 697 698 720 722 746 748 755 771 888 950 960 985 1000 1021 1023 1025 1051 1056 1063 1109 1219 1232 1268 1275 1323 1333 1350 1359 1396 1410 1413 1426 1428 1439 1457 1470 1512 1516 1567 1590 1604 1605 1625 1659 1683 1688 1706 1736 1742 1757 1762 1785 1804 1809 1811 1842 1850 1892 1903 1905 1985 1988
Compactness: 8431.589692
Weights: 1108.000000 20332.000000 5284.000000
Center Node: 720

District 10
Nodes: 39 43 53 113 177 179 180 185 192 195 201 202 225 244 283 348 362 390 438 495 498 507 524 544 613 620 623 667 760 767 776 802 804 819 856 876 887 911 923 964 971 973 990 1008 1036 1044 1090 1096 1139 1143 1161 1174 1191 1226 1227 1248 1255 1259 1260 1274 1317 1344 1397 1422 1440 1442 1443 1448 1459 1468 1524 1526 1571 1577 1578 1581 1585 1593 1611 1614 1651 1653 1656 1660 1676 1696 1746 1747 1756 1768 1788 1819 1828 1856 1878 1881 1890 1901 1904 1944 1959 1993
Compactness: 9661.809396
Weights: 1243.000000 22013.000000 5845.000000
Center Node: 1901

District 11
Nodes: 17 44 68 79 103 107 130 152 169 193 198 208 227 272 277 320 328 334 347 349 380 395 451 454 456 466 471 480 486 545 551 559 577 594 606 627 656 658 668 715 731 741 756 775 794 814 833 835 877 885 903 936 961 1001 1006 1009 1032 1070 1093 1118 1175 1208 1212 1243 1252 1305 1306 1372 1384 1404 1480 1482 1504 1505 1533 1558 1575 1582 1592 1607 1608 1649 1674 1689 1704 1708 1714 1750 1754 1759 1787 1827 1836 1854 1859 1869 1889 1915 1932 1965 1966 1973 1977
Compactness: 9107.905890
Weights: 1225.000000 22242.000000 5561.000000
Center Node: 1977

District 12
Nodes: 28 41 100 117 143 157 161 163 167 181 214 218 288 294 297 298 299 339 387 389 411 418 427 429 446 501 502 503 514 558 566 600 610 616 628 633 640 647 648 675 688 701 703 749 821 886 891 931 937 947 948 953 980 981 1027 1105 1117 1134 1162 1187 1224 1225 1288 1291 1334 1354 1373 1390 1401 1436 1464 1490 1494 1495 1497 1515 1548 1553 1562 1615 1622 1645 1716 1723 1725 1737 1778 1793 1826 1861 1867 1875 1877 1880 1883 1896 1910 1918 1971 1986 1997
Compactness: 13683.898856
Weights: 1225.000000 22024.000000 5518.000000
Center Node: 502

District 13
Nodes: 11 16 58 63 102 140 151 189 199 204 229 240 268 275 285 292 327 332 350 359 370 397 401 406 414 419 434 477 481 504 511 536 538 554 564 584 607 632 645 652 654 663 665 672 687 708 712 733 773 828 836 847 851 900 945 946 962 979 1002 1031 1058 1072 1101 1142 1144 1170 1196 1202 1223 1231 1236 1253 1295 1310 1319 1394 1395 1446 1451 1453 1487 1507 1546 1552 1557 1564 1565 1621 1626 1640 1672 1690 1758 1791 1824 1843 1855 1870 1872 1886 1941 1953 1955
Compactness: 9886.046383
Weights: 1251.000000 21651.000000 5788.000000
Center Node: 708

District 14
Nodes: 3 20 27 37 50 66 162 203 215 222 234 235 242 262 278 282 284 329 373 377 396 399 462 482 491 493 515 560 563 635 660 696 699 780 796 800 837 893 904 918 974 989 1011 1014 1057 1076 1078 1085 1086 1104 1147 1195 1199 1206 1218 1233 1261 1266 1272 1289 1312 1360 1370 1392 1406 1407 1419 1427 1433 1438 1483 1493 1531 1539 1547 1579 1591 1619 1624 1657 1658 1693 1717 1719 1722 1743 1766 1815 1862 1893 1898 1902 1912 1925 1957 1979 1992
Compactness: 8436.950177
Weights: 1157.000000 20770.000000 6047.000000
Center Node: 563

District 15
Nodes: 19 42 55 77 120 128 147 158 213 216 219 250 265 266 280 322 325 331 424 432 449 452 459 528 532 534 550 567 617 630 666 671 680 681 704 745 783 791 793 805 816 862 867 874 894 901 927 933 940 965 968 982 993 1052 1113 1130 1152 1164 1181 1192 1200 1249 1264 1292 1318 1324 1345 1346 1389 1408 1461 1477 1527 1543 1544 1560 1587 1596 1643 1661 1667 1721 1735 1752 1773 1776 1786 1817 1887 1929 1933 1940 1952 1967
Compactness: 8779.414485
Weights: 1117.000000 20533.000000 5367.000000
Center Node: 894

District 16
Nodes: 29 46 73 83 89 95 97 144 153 194 241 256 300 306 319 344 368 374 379 384 398 423 464 476 506 539 571 588 595 661 683 691 716 727 734 754 758 799 803 811 824 831 834 868 902 912 954 955 977 988 991 995 1028 1048 1116 1121 1128 1131 1141 1209 1221 1285 1321 1325 1327 1342 1347 1349 1374 1376 1435 1444 1471 1488 1502 1508 1523 1570 1574 1610 1612 1613 1670 1687 1698 1715 1774 1783 1790 1792 1840 1873 1911 1924 1927 1931 1964 1984 1989 1995
Compactness: 9625.363848
Weights: 1150.000000 20652.000000 5675.000000
Center Node: 29

District 17
Nodes: 4 5 12 26 31 62 70 93 122 142 159 175 183 184 188 211 232 252 333 342 364 393 394 437 461 467 473 537 543 556 570 580 618 662 676 679 686 693 710 721 801 829 832 841 861 873 895 910 975 996 1010 1015 1022 1040 1049 1084 1097 1111 1120 1123 1126 1127 1132 1193 1241 1242 1286 1290 1311 1316 1332 1343 1355 1400 1460 1474 1479 1496 1509 1513 1529 1550 1599 1630 1631 1635 1664 1666 1695 1720 1724 1726 1731 1767 1805 1820 1821 1851 1852 1897 1935 1942 1978 1981 1994
Compactness: 10494.397552
Weights: 1275.000000 21907.000000 5546.000000
Center Node: 662

District 18
Nodes: 10 24 51 69 71 104 105 119 124 138 154 165 171 186 228 233 236 237 249 301 316 317 365 416 428 433 441 520 533 555 579 581 586 673 711 735 740 762 789 809 815 818 822 830 839 865 917 929 969 983 1018 1094 1100 1112 1119 1159 1166 1204 1230 1239 1240 1246 1247 1297 1298 1314 1341 1351 1356 1357 1379 1385 1391 1437 1441 1447 1485 1486 1517 1536 1569 1580 1588 1606 1634 1637 1678 1691 1711 1728 1734 1748 1771 1780 1796 1802 1813 1832 1834 1913 1914 1936 1951 1963 1991
Compactness: 9854.984556
Weights: 1126.000000 22059.000000 6016.000000
Center Node: 1441

District 19
Nodes: 21 38 96 125 127 146 155 173 243 255 259 267 291 354 382 385 430 444 455 492 529 547 548 582 596 641 646 649 690 768 778 786 798 846 850 853 859 869 892 909 928 938 963 1004 1007 1019 1024 1035 1041 1045 1054 1068 1069 1082 1092 1107 1108 1124 1138 1153 1154 1157 1171 1182 1185 1205 1234 1238 1262 1278 1300 1328 1364 1365 1375 1412 1452 1465 1498 1584 1603 1627 1642 1644 1646 1707 1733 1772 1823 1841 1848 1849 1876 1922 1962 1975
Compactness: 8639.639391
Weights: 1127.000000 20353.000000 5819.000000
Center Node: 1733

District 20
Nodes: 14 52 123 133 134 148 164 217 221 260 261 308 311 314 321 323 335 338 361 366 400 422 453 460 484 487 494 496 509 512 549 601 634 636 637 659 677 689 692 706 707 752 769 790 792 827 838 863 898 905 908 924 925 998 1037 1050 1106 1135 1151 1186 1197 1198 1211 1250 1254 1293 1308 1330 1331 1336 1339 1340 1353 1369 1386 1421 1425 1445 1455 1506 1522 1530 1668 1681 1686 1753 1761 1784 1789 1797 1806 1830 1865 1900 1919 1943 1974
Compactness: 10057.246950
Weights: 1254.000000 20490.000000 5618.000000
Center Node: 752
