BalanceViolation 509.680000
AffinityLoss 928.000000
Compactness 49164.500241

District 1
Nodes: 8 21 37 85 106 121 124 126 132 175 215 219 225 255 269 277 278 310 327 357 367 382 385 407 457 461 472
Compactness: 2155.727420
Weights: 330.000000 5293.000000 1533.000000
Center Node: 121

District 2
Nodes: 56 77 79 93 114 118 146 176 213 228 245 296 302 342 363 366 423 428 465
Compactness: 1782.362843
Weights: 247.000000 5208.000000 1216.000000
Center Node: 366

District 3
Nodes: 30 41 54 62 65 101 115 150 188 246 263 268 289 315 319 332 338 349 369 374 389 403 433 437 469 471
Compactness: 2193.615634
Weights: 333.000000 5636.000000 1399.000000
Center Node: 338

District 4
Nodes: 29 44 45 81 86 91 111 128 151 161 162 163 165 238 329 340 354 377 397 411 421 443 449 478 490 499
Compactness: 2722.798398
Weights: 325.000000 5344.000000 1497.000000
Center Node: 81

District 5
Nodes: 36 116 164 177 218 220 235 254 260 280 282 304 305 308 317 318 326 355 370 372 379 390 410 477 480
Compactness: 2661.229897
Weights: 282.000000 5230.000000 1518.000000
Center Node: 370

District 6
Nodes: 7 31 39 74 96 110 113 144 193 247 297 343 344 353 400 402 415 432 434 459 485 486 487 494
Compactness: 2531.191474
Weights: 303.000000 5604.000000 1360.000000
Center Node: 247

District 7
Nodes: 2 15 80 88 102 103 119 123 136 186 203 207 208 234 253 266 300 301 360 406 418 429 458 474 498
Compactness: 2206.235815
Weights: 306.000000 5545.000000 1309.000000
Center Node: 103

District 8
Nodes: 19 48 57 59 112 153 166 171 196 199 211 214 226 230 236 249 251 286 291 306 337 383 392 399 442 489
Compactness: 2131.284735
Weights: 305.000000 5331.000000 1505.000000
Center Node: 251

District 9
Nodes: 12 23 51 92 107 167 187 195 206 223 281 309 381 387 404 405 440 456 460 463 468 482 492
Compactness: 2177.902638
Weights: 286.000000 5469.000000 1454.000000
Center Node: 440

District 10
Nodes: 4 11 13 46 52 60 70 78 100 131 147 156 174 194 239 274 284 295 307 368 378 388 401 409 414 438 464
Compactness: 2911.720212
Weights: 363.000000 5502.000000 1395.000000
Center Node: 295

District 11
Nodes: 3 24 28 34 71 120 130 178 202 204 224 231 232 257 279 287 292 294 312 331 346 371 376 427 466
Compactness: 2264.670267
Weights: 341.000000 5083.000000 1480.000000
Center Node: 3

District 12
Nodes: 5 17 26 49 66 83 94 99 143 158 217 242 262 272 283 288 348 350 386 408 417 441 448 483
Compactness: 1695.498582
Weights: 310.000000 5157.000000 1416.000000
Center Node: 66

District 13
Nodes: 14 18 47 72 90 133 160 168 170 182 184 198 240 241 244 270 271 273 276 330 334 339 398 445 447 481
Compactness: 2283.208487
Weights: 296.000000 5240.000000 1369.000000
Center Node: 160

District 14
Nodes: 33 40 61 82 89 97 139 169 173 185 189 221 227 243 261 311 314 328 336 345 352 375 394 430
Compactness: 2602.761472
Weights: 296.000000 5265.000000 1576.000000
Center Node: 314

District 15
Nodes: 9 20 32 63 68 75 108 129 142 145 149 181 229 250 267 275 285 298 320 358 424 439 444 453 476 496
Compactness: 2049.467948
Weights: 275.000000 5507.000000 1490.000000
Center Node: 267

District 16
Nodes: 25 69 95 105 134 140 157 179 190 212 216 323 351 356 359 362 373 413 419 420 426 446 470 475 479 491
Compactness: 2970.297980
Weights: 326.000000 5533.000000 1421.000000
Center Node: 420

District 17
Nodes: 1 6 16 27 38 43 50 53 87 98 104 127 135 148 154 183 197 209 210 233 290 321 322 325 347 412 416 462
Compactness: 2990.634885
Weights: 348.000000 5522.000000 1478.000000
Center Node: 148

District 18
Nodes: 0 35 73 76 109 125 152 192 200 201 205 259 264 293 341 361 384 391 425 431 435 436 495 497
Compactness: 2424.045627
Weights: 329.000000 5259.000000 1394.000000
Center Node: 205

District 19
Nodes: 10 42 55 58 67 122 138 172 237 252 256 265 299 313 316 335 365 380 393 396 422 450 451 488
Compactness: 3792.764219
Weights: 301.000000 5162.000000 1476.000000
Center Node: 316

District 20
Nodes: 22 64 84 117 137 141 155 159 180 191 222 248 258 303 324 333 364 395 452 454 455 467 473 484 493
Compactness: 2617.081707
Weights: 292.000000 5351.000000 1507.000000
Center Node: 473
