BalanceViolation 824.947500
AffinityLoss 3421.000000
Compactness 197763.186981

District 1
Nodes: 11 21 48 74 84 114 117 118 120 127 148 193 197 201 209 231 240 257 265 268 274 325 346 402 417 419 455 472 474 559 566 569 602 615 628 664 679 686 687 706 721 729 761 827 835 862 896 903 910 924 927 930 933 934 953 1000 1018 1045 1048 1055 1078 1080 1144 1225 1231 1232 1239 1252 1253 1255 1256 1278 1284 1293 1308 1339 1340 1355 1406 1410 1446 1452 1493 1614 1641 1722 1759 1805 1962 1963 1987 1997 1998
Compactness: 7809.741787
Weights: 1155.000000 19795.000000 5893.000000
Center Node: 1446

District 2
Nodes: 8 10 12 50 64 116 129 132 135 137 144 149 157 170 171 216 234 244 253 266 272 293 299 301 336 355 378 380 385 395 428 457 480 488 492 493 532 540 541 552 663 666 676 685 688 704 709 712 714 790 807 825 845 929 948 971 990 1009 1037 1070 1152 1165 1172 1190 1236 1295 1299 1320 1389 1399 1415 1416 1476 1488 1496 1512 1535 1537 1538 1541 1555 1558 1574 1590 1640 1683 1690 1707 1717 1733 1741 1761 1842 1847 1854 1860 1887 1915 1957
Compactness: 11001.064943
Weights: 1129.000000 21816.000000 5825.000000
Center Node: 385

District 3
Nodes: 104 110 115 125 160 169 176 195 229 245 280 309 348 357 359 364 369 398 412 466 467 471 489 513 526 565 567 576 577 578 598 601 604 618 640 649 660 699 730 735 747 791 810 853 860 891 892 909 913 919 991 1016 1027 1033 1034 1044 1061 1084 1085 1120 1162 1191 1233 1291 1319 1321 1334 1371 1395 1426 1430 1442 1482 1511 1523 1582 1591 1602 1605 1611 1613 1615 1620 1635 1675 1710 1770 1774 1780 1802 1828 1831 1840 1846 1886 1902 1969 1986 1990 1995
Compactness: 7984.025288
Weights: 1195.000000 20905.000000 5806.000000
Center Node: 1611

District 4
Nodes: 42 43 60 86 102 136 138 256 260 267 288 297 362 400 447 468 501 504 537 586 590 600 612 613 625 650 697 701 758 762 799 816 912 960 969 973 983 987 1074 1082 1095 1105 1136 1151 1195 1199 1219 1245 1259 1307 1314 1348 1376 1380 1392 1397 1421 1434 1457 1464 1470 1494 1510 1532 1544 1562 1578 1585 1604 1629 1634 1644 1650 1678 1711 1716 1719 1724 1730 1760 1773 1814 1836 1839 1867 1883 1894 1918 1928 1944 1973
Compactness: 8331.030299
Weights: 1189.000000 19661.000000 5511.000000
Center Node: 1711

District 5
Nodes: 3 7 57 58 62 83 122 172 173 190 202 208 210 221 281 300 316 356 360 394 431 476 479 490 533 550 570 581 583 592 607 623 627 642 646 653 654 670 675 705 750 752 783 801 804 882 883 887 897 926 944 968 1003 1005 1021 1040 1056 1075 1093 1103 1126 1147 1167 1186 1197 1218 1222 1249 1265 1268 1274 1275 1311 1318 1345 1351 1353 1358 1366 1377 1391 1394 1419 1435 1439 1458 1481 1485 1486 1498 1499 1573 1586 1637 1684 1718 1757 1766 1771 1793 1809 1826 1844 1850 1864 1985
Compactness: 10708.108819
Weights: 1245.000000 19988.000000 6019.000000
Center Node: 1366

District 6
Nodes: 27 28 35 69 87 111 143 151 198 214 217 219 226 230 247 252 302 320 347 361 374 403 464 508 515 525 536 548 624 643 655 669 674 682 694 707 713 722 723 742 811 814 833 841 854 855 880 894 900 904 940 954 956 1028 1053 1064 1066 1106 1153 1178 1200 1203 1313 1325 1327 1331 1333 1337 1343 1396 1417 1449 1495 1503 1508 1515 1570 1576 1661 1662 1689 1698 1704 1709 1712 1729 1734 1742 1744 1748 1808 1825 1829 1851 1879 1898 1922 1924 1952 1955 1960 1988 1994
Compactness: 11074.547519
Weights: 1188.000000 19907.000000 6100.000000
Center Node: 1396

District 7
Nodes: 5 6 26 34 63 66 76 77 81 82 90 133 158 162 218 261 283 289 303 334 406 496 520 553 571 632 658 665 671 693 737 739 796 805 830 832 859 884 907 918 938 1031 1057 1068 1069 1088 1091 1104 1135 1146 1164 1173 1198 1243 1277 1287 1296 1329 1341 1401 1403 1424 1437 1444 1447 1492 1546 1553 1556 1564 1583 1589 1594 1598 1619 1622 1626 1628 1645 1652 1667 1720 1721 1726 1727 1731 1735 1749 1750 1763 1764 1790 1827 1871 1889 1895 1897 1904 1919 1920 1933 1965 1984 1993
Compactness: 8246.100140
Weights: 1248.000000 21511.000000 5929.000000
Center Node: 1556

District 8
Nodes: 41 67 80 94 95 134 146 152 154 168 177 183 196 223 275 326 338 368 401 409 415 438 453 454 463 465 483 518 519 529 545 574 684 692 703 727 733 741 748 768 774 817 836 842 872 898 928 945 982 1023 1035 1038 1049 1100 1117 1122 1161 1177 1179 1193 1210 1214 1244 1251 1266 1267 1310 1336 1361 1364 1374 1387 1390 1455 1474 1513 1565 1568 1592 1595 1623 1663 1665 1680 1691 1695 1700 1754 1769 1783 1807 1833 1848 1905 1945 1948 1978
Compactness: 12364.192192
Weights: 1161.000000 21398.000000 5644.000000
Center Node: 1374

District 9
Nodes: 9 59 100 131 184 207 220 241 264 273 296 306 313 317 332 349 358 372 396 462 475 516 524 589 594 596 652 657 668 754 771 775 806 818 834 843 871 873 874 893 899 902 906 939 946 977 978 1020 1043 1063 1077 1115 1116 1128 1145 1157 1159 1174 1213 1223 1237 1242 1262 1292 1303 1304 1400 1429 1472 1473 1484 1489 1514 1519 1539 1584 1617 1621 1668 1671 1679 1703 1705 1708 1736 1745 1782 1819 1821 1837 1849 1911 1912 1931 1950 1980
Compactness: 9254.670994
Weights: 1213.000000 19597.000000 5720.000000
Center Node: 1115

District 10
Nodes: 14 25 39 68 75 78 107 128 139 145 163 174 185 203 205 236 242 271 311 339 343 344 352 387 393 407 411 421 426 432 436 437 439 481 502 522 527 561 633 634 641 700 711 736 753 770 776 779 803 844 861 868 885 901 952 958 966 972 985 986 989 1013 1029 1090 1097 1125 1163 1166 1230 1238 1240 1257 1279 1285 1312 1346 1350 1363 1375 1454 1460 1469 1501 1526 1542 1566 1596 1638 1643 1658 1664 1692 1699 1715 1732 1796 1800 1843 1853 1878 1899 1939 1953 1967
Compactness: 8850.981612
Weights: 1191.000000 21386.000000 6007.000000
Center Node: 1899

District 11
Nodes: 17 36 47 101 103 113 126 150 228 251 254 310 353 366 429 433 461 473 487 507 512 514 538 549 556 580 595 597 608 629 631 636 672 683 702 717 731 749 809 821 889 895 908 942 943 950 951 988 1019 1067 1073 1076 1083 1087 1101 1118 1127 1132 1169 1185 1226 1246 1290 1324 1360 1368 1383 1405 1411 1412 1413 1428 1450 1453 1505 1516 1609 1630 1657 1660 1681 1688 1747 1751 1777 1787 1794 1797 1835 1882 1913 1916 1923 1925 1937 1949 1971 1981 1982
Compactness: 7899.879019
Weights: 1256.000000 21518.000000 5877.000000
Center Node: 1981

District 12
Nodes: 1 16 18 19 22 24 29 53 56 91 108 119 165 166 167 181 182 187 194 206 238 249 262 279 292 386 399 404 425 427 430 441 445 446 477 511 563 647 667 720 732 734 743 769 780 828 839 848 851 863 875 888 921 932 937 997 1010 1022 1032 1108 1119 1138 1192 1201 1205 1209 1234 1270 1305 1323 1328 1367 1370 1372 1386 1407 1414 1431 1461 1465 1491 1536 1549 1552 1610 1633 1654 1659 1666 1673 1682 1686 1702 1728 1788 1789 1806 1810 1841 1863 1869 1880 1914 1932 1936 1946 1977 1979
Compactness: 10424.543983
Weights: 1248.000000 20456.000000 6114.000000
Center Node: 732

District 13
Nodes: 49 52 79 88 96 105 109 123 153 179 215 259 277 295 304 314 342 408 420 459 460 470 484 486 491 497 498 506 517 531 539 547 557 610 620 622 726 744 764 812 819 820 847 941 955 965 975 994 1012 1036 1046 1051 1137 1149 1155 1160 1180 1215 1250 1282 1297 1347 1356 1357 1369 1393 1427 1432 1433 1466 1487 1490 1497 1506 1554 1563 1571 1581 1601 1616 1648 1713 1781 1795 1801 1812 1813 1832 1855 1877 1881 1900 1964 1970 1992
Compactness: 8085.843184
Weights: 1174.000000 19878.000000 5229.000000
Center Node: 1180

District 14
Nodes: 31 33 45 54 61 65 71 175 200 213 233 278 286 307 327 329 371 375 389 405 410 416 423 469 500 503 543 599 609 617 661 677 696 766 767 778 784 800 802 831 856 920 923 935 957 996 1014 1015 1026 1030 1111 1129 1176 1187 1206 1207 1260 1264 1269 1289 1315 1335 1344 1352 1398 1409 1445 1456 1462 1467 1518 1575 1587 1597 1618 1669 1676 1706 1714 1738 1740 1755 1758 1762 1767 1768 1784 1792 1822 1824 1862 1885 1908 1910 1951 1983
Compactness: 15685.478470
Weights: 1121.000000 20960.000000 5708.000000
Center Node: 1335

District 15
Nodes: 4 51 85 89 99 124 141 211 212 282 287 298 305 312 330 337 354 422 444 449 450 494 510 521 542 678 689 690 698 724 751 757 759 773 782 786 787 793 797 798 808 822 824 826 852 877 878 947 970 974 1025 1054 1059 1071 1112 1130 1139 1142 1148 1183 1184 1189 1224 1247 1294 1332 1338 1349 1354 1459 1463 1478 1483 1504 1509 1520 1524 1551 1579 1603 1631 1649 1656 1670 1693 1737 1746 1778 1811 1815 1817 1838 1872 1891 1903 1921 1975
Compactness: 10792.680482
Weights: 1099.000000 21304.000000 5305.000000
Center Node: 798

District 16
Nodes: 15 20 32 40 92 142 147 156 159 186 225 235 284 291 308 315 370 379 381 388 391 392 413 424 434 478 544 554 555 560 568 588 593 603 616 638 639 838 850 870 911 914 979 980 1001 1039 1052 1102 1110 1133 1150 1168 1258 1271 1272 1276 1280 1362 1365 1382 1384 1385 1440 1441 1471 1522 1525 1527 1529 1531 1547 1561 1567 1577 1593 1600 1639 1646 1672 1674 1677 1743 1752 1765 1772 1775 1776 1791 1799 1816 1823 1868 1892 1909 1929 1935 1940 1956 1958 1966
Compactness: 8103.935486
Weights: 1210.000000 21348.000000 5749.000000
Center Node: 291

District 17
Nodes: 30 37 38 46 112 155 248 269 294 333 365 384 390 435 448 509 534 572 579 582 584 591 606 637 651 656 662 681 708 738 740 765 772 785 823 837 864 865 867 890 922 931 959 962 963 964 967 984 1004 1008 1017 1050 1098 1131 1140 1141 1143 1156 1158 1175 1194 1196 1204 1208 1216 1220 1227 1235 1301 1309 1373 1381 1404 1468 1477 1479 1480 1530 1548 1550 1569 1580 1588 1607 1608 1624 1625 1651 1653 1694 1697 1756 1779 1798 1818 1820 1834 1845 1852 1874 1884 1906 1927 1954 1959 1961
Compactness: 8668.440674
Weights: 1247.000000 21431.000000 6056.000000
Center Node: 1196

District 18
Nodes: 13 23 70 98 121 164 192 246 250 255 258 263 270 276 322 323 324 331 340 345 350 367 418 440 452 505 523 535 551 573 614 621 626 644 648 673 719 725 728 760 763 781 788 815 840 846 857 881 905 992 1006 1024 1047 1060 1065 1079 1089 1109 1113 1114 1121 1124 1134 1170 1171 1181 1202 1211 1248 1254 1261 1273 1300 1359 1379 1388 1420 1438 1475 1500 1502 1507 1540 1545 1606 1632 1636 1642 1687 1701 1723 1739 1858 1865 1870 1873 1888 1930 1934 1938 1943 1947 1989 1996
Compactness: 11760.244736
Weights: 1200.000000 19765.000000 6020.000000
Center Node: 440

District 19
Nodes: 0 44 55 72 93 178 188 189 191 227 232 237 243 328 351 363 376 382 397 414 442 458 495 499 546 564 575 587 611 619 630 659 680 710 715 716 718 745 755 756 777 789 792 794 795 813 829 858 869 886 916 917 925 949 961 981 993 998 999 1041 1042 1058 1081 1086 1092 1107 1154 1188 1217 1221 1263 1281 1302 1326 1342 1378 1408 1423 1425 1436 1451 1521 1543 1557 1559 1572 1612 1627 1647 1655 1685 1725 1786 1857 1861 1893 1896 1901 1917 1926 1941 1968 1991 1999
Compactness: 10967.670030
Weights: 1256.000000 21374.000000 5982.000000
Center Node: 55

District 20
Nodes: 2 73 97 106 130 140 161 180 199 204 222 224 239 285 290 318 319 321 335 341 373 377 383 443 451 456 482 485 528 530 558 562 585 605 635 645 691 695 746 849 866 876 879 915 936 976 995 1002 1007 1011 1062 1072 1094 1096 1099 1123 1182 1212 1228 1229 1241 1283 1286 1288 1298 1306 1316 1317 1322 1330 1402 1418 1422 1443 1448 1517 1528 1533 1534 1560 1599 1696 1753 1785 1803 1804 1830 1856 1859 1866 1875 1876 1890 1907 1942 1972 1974 1976
Compactness: 9750.007328
Weights: 1254.000000 21602.000000 5772.000000
Center Node: 1002
