BalanceViolation 1181.502000
AffinityLoss 1786.000000
Compactness 76097.809826

District 1
Nodes: 70 109 166 214 238 268 277 282 304 370 501 639 642 654 693 725 845 907
Compactness: 1523.366132
Weights: 212.000000 4449.000000 1041.000000
Center Node: 268

District 2
Nodes: 65 67 75 200 219 286 295 325 453 472 509 617 629 705 731 756 765 826 919 964 989
Compactness: 3797.003514
Weights: 275.000000 4089.000000 1248.000000
Center Node: 756

District 3
Nodes: 7 58 61 63 141 191 227 274 284 327 377 541 560 586 614 618 650 651 657 709 792 871 924 988
Compactness: 1976.181971
Weights: 248.000000 4005.000000 1278.000000
Center Node: 650

District 4
Nodes: 0 19 127 139 185 301 312 431 451 456 485 584 696 838 872 892 918 943 959 973 986 995
Compactness: 1159.435324
Weights: 234.000000 4171.000000 1229.000000
Center Node: 973

District 5
Nodes: 34 48 54 102 210 225 239 271 302 315 343 362 460 512 559 634 668 801 852 881
Compactness: 1246.711843
Weights: 218.000000 4370.000000 1224.000000
Center Node: 343

District 6
Nodes: 6 120 183 216 242 296 313 368 398 409 506 537 540 588 591 809 810 823 877 947
Compactness: 1617.295210
Weights: 255.000000 4025.000000 1126.000000
Center Node: 537

District 7
Nodes: 44 123 159 178 237 292 424 444 447 489 526 572 582 607 612 698 720 732 832 842
Compactness: 2083.130643
Weights: 248.000000 4094.000000 1113.000000
Center Node: 444

District 8
Nodes: 98 176 192 310 354 474 528 570 596 625 633 699 739 741 758 863 866 897 904 953 982
Compactness: 3200.780035
Weights: 259.000000 4000.000000 1165.000000
Center Node: 528

District 9
Nodes: 38 105 116 134 148 154 196 202 281 324 366 386 503 510 562 605 647 779 843 920
Compactness: 1496.500987
Weights: 257.000000 4177.000000 1116.000000
Center Node: 562

District 10
Nodes: 60 259 283 319 323 331 358 361 372 426 486 533 557 576 659 672 847 865 886 901 928
Compactness: 1512.993766
Weights: 241.000000 4390.000000 1214.000000
Center Node: 486

District 11
Nodes: 10 100 138 151 152 230 234 247 311 329 380 458 493 602 662 781 860 991
Compactness: 973.908223
Weights: 234.000000 4291.000000 1117.000000
Center Node: 138

District 12
Nodes: 28 31 79 94 131 150 170 269 410 511 539 566 593 632 636 661 745 776 880 946
Compactness: 1127.130296
Weights: 235.000000 4191.000000 1070.000000
Center Node: 94

District 13
Nodes: 27 117 163 195 352 394 422 466 556 598 613 622 670 671 690 712 734 748 829 905 981
Compactness: 1131.414664
Weights: 243.000000 4355.000000 1213.000000
Center Node: 352

District 14
Nodes: 12 18 66 108 113 169 240 253 265 387 446 457 491 535 646 680 689 749 773 848 874 952
Compactness: 1528.434483
Weights: 237.000000 4359.000000 1133.000000
Center Node: 773

District 15
Nodes: 155 201 251 273 298 299 305 308 423 475 583 637 653 658 724 782 822 923 937 987
Compactness: 1373.186928
Weights: 238.000000 4326.000000 1235.000000
Center Node: 923

District 16
Nodes: 78 184 226 418 425 443 450 467 580 597 631 743 754 783 808 889 899 929 998
Compactness: 1365.098168
Weights: 225.000000 4203.000000 1168.000000
Center Node: 631

District 17
Nodes: 30 33 149 165 172 186 215 218 381 404 434 445 478 504 555 567 568 681 788 804
Compactness: 1276.682079
Weights: 239.000000 4163.000000 1224.000000
Center Node: 215

District 18
Nodes: 99 160 297 334 350 376 416 439 505 578 722 763 764 811 813 840 862 876 933 961 970
Compactness: 1501.586031
Weights: 252.000000 4105.000000 1133.000000
Center Node: 813

District 19
Nodes: 17 36 37 126 128 132 222 256 346 484 492 521 626 669 746 751 770 900 934
Compactness: 1569.135426
Weights: 238.000000 4192.000000 1053.000000
Center Node: 132

District 20
Nodes: 39 96 217 300 342 421 429 461 655 665 700 726 747 772 777 827 896 902 969 974
Compactness: 1203.750417
Weights: 232.000000 4254.000000 1168.000000
Center Node: 974

District 21
Nodes: 51 57 90 91 101 359 390 471 592 610 674 708 721 762 817 828
Compactness: 1037.219182
Weights: 177.000000 4430.000000 889.000000
Center Node: 91

District 22
Nodes: 168 223 246 267 279 347 415 480 507 508 531 551 558 590 656 755 914 980 984
Compactness: 1332.919564
Weights: 257.000000 3954.000000 1252.000000
Center Node: 531

District 23
Nodes: 1 15 29 35 49 74 77 190 193 203 249 459 548 619 630 685 780 844 853 873 954
Compactness: 1211.275576
Weights: 207.000000 4153.000000 1212.000000
Center Node: 630

District 24
Nodes: 43 52 95 330 353 465 497 520 573 585 615 686 733 738 787 830 831 971 993
Compactness: 1314.971181
Weights: 222.000000 4093.000000 1222.000000
Center Node: 497

District 25
Nodes: 14 41 59 72 97 221 233 250 261 275 314 344 432 553 616 666 759 818 833 942
Compactness: 1388.363536
Weights: 240.000000 3988.000000 1257.000000
Center Node: 261

District 26
Nodes: 21 80 106 133 167 175 248 403 405 469 538 624 643 715 717 786 807 888 960 978
Compactness: 4361.598402
Weights: 243.000000 4028.000000 1182.000000
Center Node: 21

District 27
Nodes: 122 130 188 270 285 379 411 594 604 652 768 775 802 837 883 940 950 962
Compactness: 1010.957956
Weights: 196.000000 4300.000000 1186.000000
Center Node: 775

District 28
Nodes: 13 46 56 143 197 294 356 436 442 449 462 476 498 499 530 609 648 664 784 910 951
Compactness: 1403.864274
Weights: 281.000000 4152.000000 1231.000000
Center Node: 436

District 29
Nodes: 55 84 107 114 213 245 254 369 420 438 575 587 635 688 728 757 767 769 821
Compactness: 1233.147340
Weights: 228.000000 4282.000000 1149.000000
Center Node: 821

District 30
Nodes: 3 11 22 24 129 145 157 383 428 437 454 525 579 908 915 916 921 939 944 958
Compactness: 2399.764323
Weights: 246.000000 4228.000000 1210.000000
Center Node: 579

District 31
Nodes: 89 158 258 320 322 389 400 571 677 679 703 711 774 799 851 856 869 875 935 948
Compactness: 1287.921844
Weights: 222.000000 4300.000000 1213.000000
Center Node: 679

District 32
Nodes: 121 252 318 326 332 382 399 412 519 534 564 608 684 710 719 785 925 963 990
Compactness: 1120.399592
Weights: 239.000000 4090.000000 1220.000000
Center Node: 990

District 33
Nodes: 4 82 88 257 266 288 307 328 338 373 384 448 494 496 513 515 522 536 702 789 815 903
Compactness: 1352.601730
Weights: 298.000000 4040.000000 1246.000000
Center Node: 257

District 34
Nodes: 45 180 199 209 236 280 309 341 360 435 441 546 549 697 771 791 885 906 911 922 957
Compactness: 1510.481306
Weights: 202.000000 4244.000000 1210.000000
Center Node: 435

District 35
Nodes: 69 112 115 142 162 164 189 194 198 243 532 600 676 678 704 834 858 859 868 932 977
Compactness: 1685.222493
Weights: 279.000000 4211.000000 1186.000000
Center Node: 532

District 36
Nodes: 119 140 260 263 396 413 481 542 545 554 623 687 692 694 718 812 814 841 870 997
Compactness: 1258.280007
Weights: 255.000000 4138.000000 1140.000000
Center Node: 718

District 37
Nodes: 32 87 103 171 206 232 317 345 355 375 385 392 473 516 523 645 723 740 790 816 893 938
Compactness: 1419.673545
Weights: 274.000000 4297.000000 1141.000000
Center Node: 345

District 38
Nodes: 85 86 111 135 137 147 229 290 348 397 487 488 514 517 524 589 825 854 879 926
Compactness: 1413.355696
Weights: 248.000000 4066.000000 1185.000000
Center Node: 147

District 39
Nodes: 42 161 181 235 262 289 333 388 401 414 464 544 595 611 752 846 849 895 965 975
Compactness: 1059.689134
Weights: 235.000000 4298.000000 1227.000000
Center Node: 42

District 40
Nodes: 144 153 174 182 228 244 321 363 364 365 433 463 477 495 577 882 936 945 968 983
Compactness: 1370.343521
Weights: 234.000000 4026.000000 1186.000000
Center Node: 433

District 41
Nodes: 23 53 81 92 136 173 187 220 293 391 483 603 628 695 735 795 798 835 979 996
Compactness: 1259.106340
Weights: 226.000000 3979.000000 1227.000000
Center Node: 979

District 42
Nodes: 2 9 26 272 335 339 419 440 563 565 649 660 691 707 713 730 753 803 820 927 967
Compactness: 1167.641421
Weights: 255.000000 4379.000000 1087.000000
Center Node: 660

District 43
Nodes: 50 71 125 204 316 374 407 455 552 620 621 641 663 673 683 796 819 867 956
Compactness: 1135.493903
Weights: 223.000000 4235.000000 1205.000000
Center Node: 673

District 44
Nodes: 20 47 73 76 124 212 291 303 349 408 468 490 543 547 601 706 736 797 887 930
Compactness: 1274.775973
Weights: 235.000000 4360.000000 1209.000000
Center Node: 303

District 45
Nodes: 16 40 146 156 179 224 231 276 306 357 371 527 569 574 667 742 744 913 955
Compactness: 1445.981951
Weights: 214.000000 4113.000000 1188.000000
Center Node: 40

District 46
Nodes: 25 110 255 264 340 430 470 479 640 714 737 766 778 824 878 894 909 941 972
Compactness: 1382.828971
Weights: 214.000000 4027.000000 1188.000000
Center Node: 778

District 47
Nodes: 93 205 207 208 287 337 351 378 395 402 427 561 675 750 760 800 839 850 855 917
Compactness: 1315.802280
Weights: 265.000000 4038.000000 1126.000000
Center Node: 93

District 48
Nodes: 5 68 83 177 241 417 452 599 644 682 727 857 898 966 976 985 999
Compactness: 1032.426532
Weights: 165.000000 4408.000000 1099.000000
Center Node: 83

District 49
Nodes: 8 118 211 336 367 502 581 606 638 716 793 836 861 864 890 891 912 992 994
Compactness: 1310.409134
Weights: 280.000000 4330.000000 1112.000000
Center Node: 890

District 50
Nodes: 62 64 104 278 393 406 482 500 518 529 550 627 701 729 761 794 805 806 884 931 949
Compactness: 1937.566975
Weights: 255.000000 4139.000000 1189.000000
Center Node: 62
