BalanceViolation 2251.948000
AffinityLoss 3858.000000
Compactness 125478.609451

District 1
Nodes: 4 20 84 103 137 161 252 284 315 332 396 406 452 490 500 506 517 575 580 587 594 620 621 652 705 890 914 925 966 1060 1074 1093 1143 1187 1214 1224 1615 1763 1800 1851 1997
Compactness: 2576.949319
Weights: 546.000000 7843.000000 2385.000000
Center Node: 1074

District 2
Nodes: 107 126 136 227 296 400 436 439 454 522 557 592 654 720 855 860 908 912 923 942 947 1088 1106 1132 1191 1209 1220 1234 1310 1357 1376 1419 1708 1712 1738 1771 1790 1802 1820 1923 1952 1978 1980
Compactness: 3162.730927
Weights: 499.000000 8473.000000 2154.000000
Center Node: 1220

District 3
Nodes: 6 62 130 194 206 223 228 277 413 437 536 542 649 695 774 816 849 902 965 1024 1099 1126 1128 1165 1206 1222 1259 1339 1436 1552 1610 1649 1669 1691 1713 1719 1754 1793 1955 1965
Compactness: 2266.277144
Weights: 447.000000 8702.000000 2175.000000
Center Node: 194

District 4
Nodes: 14 117 141 177 186 438 459 474 531 617 640 683 719 761 828 858 896 1230 1283 1342 1369 1391 1406 1410 1475 1508 1525 1526 1544 1677 1693 1724 1750 1757 1806 1847 1901 1916 1949 1970 1985
Compactness: 2634.556427
Weights: 531.000000 8013.000000 2188.000000
Center Node: 438

District 5
Nodes: 16 106 145 172 268 372 379 524 530 532 623 662 710 723 847 887 900 949 1002 1042 1103 1107 1141 1159 1185 1197 1226 1261 1279 1374 1389 1413 1539 1541 1568 1698 1841 1844 1850 1898 1981 1999
Compactness: 2705.617248
Weights: 499.000000 8612.000000 2253.000000
Center Node: 900

District 6
Nodes: 52 157 162 181 271 291 339 395 560 577 602 636 682 692 704 706 762 810 842 854 857 898 936 956 1004 1034 1118 1281 1329 1334 1364 1424 1480 1534 1582 1653 1668 1711 1815 1926
Compactness: 2716.514550
Weights: 459.000000 8580.000000 2347.000000
Center Node: 898

District 7
Nodes: 17 80 149 231 236 280 367 471 477 569 589 596 609 625 630 715 735 743 744 764 777 856 893 945 986 1057 1062 1112 1177 1199 1248 1355 1546 1558 1562 1619 1633 1644 1831 1862 1922 1936 1964
Compactness: 2248.468570
Weights: 477.000000 8176.000000 2323.000000
Center Node: 596

District 8
Nodes: 53 109 121 243 292 306 347 386 462 497 533 570 703 755 757 837 861 863 889 951 1009 1010 1050 1091 1104 1123 1130 1156 1190 1270 1275 1372 1431 1477 1559 1614 1701 1737 1859 1899 1958 1962
Compactness: 2271.786910
Weights: 478.000000 7916.000000 2365.000000
Center Node: 570

District 9
Nodes: 94 97 139 253 429 460 466 508 513 627 638 733 740 767 795 864 881 907 1013 1040 1137 1144 1195 1240 1245 1288 1305 1421 1487 1590 1618 1651 1661 1788 1821 1840 1880 1889 1969
Compactness: 2266.175595
Weights: 490.000000 8601.000000 2351.000000
Center Node: 460

District 10
Nodes: 48 73 88 282 324 329 363 385 553 584 626 664 687 779 803 852 1022 1061 1065 1101 1116 1133 1174 1194 1198 1320 1349 1511 1535 1543 1596 1705 1735 1746 1794 1894 1992
Compactness: 4633.936150
Weights: 424.000000 7920.000000 1922.000000
Center Node: 1194

District 11
Nodes: 7 10 12 29 255 257 358 476 511 579 599 632 644 680 753 783 794 859 869 952 981 1045 1140 1221 1312 1393 1561 1566 1628 1629 1690 1715 1743 1773 1842 1877 1990 1998
Compactness: 2532.036689
Weights: 506.000000 8154.000000 2144.000000
Center Node: 257

District 12
Nodes: 32 50 86 102 201 203 232 303 321 414 479 496 615 877 988 1066 1089 1135 1196 1212 1306 1325 1330 1418 1495 1504 1574 1616 1621 1647 1709 1728 1804 1892 1950 1987 1989 1995
Compactness: 2304.910986
Weights: 414.000000 8655.000000 2187.000000
Center Node: 479

District 13
Nodes: 51 156 215 300 416 422 423 487 526 583 676 696 702 731 738 781 802 848 885 977 1058 1142 1225 1241 1358 1362 1405 1417 1425 1450 1553 1581 1631 1643 1695 1779 1810 1856 1928 1956 1963 1976
Compactness: 2160.349232
Weights: 446.000000 8735.000000 2226.000000
Center Node: 977

District 14
Nodes: 54 83 224 338 402 404 450 572 600 716 793 879 882 891 906 926 1015 1043 1051 1173 1192 1213 1218 1297 1303 1340 1356 1445 1488 1527 1600 1642 1654 1680 1731 1768 1888 1903 1967
Compactness: 2151.114677
Weights: 480.000000 8664.000000 2131.000000
Center Node: 1173

District 15
Nodes: 34 70 75 85 179 180 192 218 233 256 337 344 453 465 548 641 647 667 712 724 871 927 995 1160 1201 1249 1278 1298 1392 1530 1617 1696 1729 1751 1828 1858 1907 1945
Compactness: 2057.916989
Weights: 502.000000 7900.000000 2353.000000
Center Node: 75

District 16
Nodes: 57 71 79 111 119 209 229 265 285 361 417 461 491 693 729 751 769 867 941 989 1044 1079 1090 1117 1131 1153 1461 1536 1624 1636 1703 1759 1767 1819 1823 1838 1839 1897 1972
Compactness: 2324.279451
Weights: 431.000000 7991.000000 2354.000000
Center Node: 1839

District 17
Nodes: 138 316 359 384 445 464 518 534 646 808 824 838 839 845 928 1028 1037 1068 1069 1080 1175 1210 1242 1302 1344 1379 1400 1486 1514 1549 1556 1613 1641 1666 1667 1805 1861 1925 1931 1943 1996
Compactness: 2836.441349
Weights: 495.000000 8015.000000 2147.000000
Center Node: 518

District 18
Nodes: 69 167 246 247 279 286 330 342 387 410 467 475 525 628 771 883 892 905 939 959 960 1041 1205 1285 1371 1375 1448 1463 1580 1601 1630 1632 1769 1777 1818 1866 1890 1932 1988
Compactness: 2204.891262
Weights: 496.000000 8612.000000 2312.000000
Center Node: 1375

District 19
Nodes: 0 22 38 45 140 178 276 310 368 427 501 571 574 660 669 689 728 734 736 797 804 840 903 974 1105 1255 1272 1402 1403 1404 1427 1594 1652 1681 1766 1770 1795
Compactness: 2489.248571
Weights: 401.000000 8669.000000 2151.000000
Center Node: 804

District 20
Nodes: 9 24 26 35 90 170 266 353 355 405 549 598 614 749 752 756 851 876 920 961 973 1019 1076 1146 1200 1216 1286 1308 1338 1455 1481 1569 1585 1749 1756 1867 1882 1920 1938 1939
Compactness: 2480.426024
Weights: 488.000000 8219.000000 2224.000000
Center Node: 920

District 21
Nodes: 25 42 127 214 254 447 502 550 552 564 657 672 886 917 932 993 1031 1148 1208 1227 1239 1244 1277 1359 1423 1428 1459 1513 1572 1732 1762 1789 1792 1829 1830 1874 1875 1896 1941 1986
Compactness: 2573.530017
Weights: 503.000000 8383.000000 2245.000000
Center Node: 1227

District 22
Nodes: 39 182 196 239 288 309 326 373 377 456 510 561 665 688 787 815 940 967 1158 1260 1294 1348 1350 1352 1354 1385 1387 1434 1443 1485 1516 1522 1570 1592 1599 1609 1725 1727 1742 1919 1944 1982 1991
Compactness: 2439.177586
Weights: 495.000000 8732.000000 2335.000000
Center Node: 1725

District 23
Nodes: 59 78 89 298 458 499 604 651 747 868 933 1110 1111 1204 1215 1243 1296 1324 1378 1381 1396 1409 1465 1492 1493 1502 1532 1670 1699 1714 1776 1783 1846 1849 1871 1948 1966 1975
Compactness: 1978.573719
Weights: 474.000000 8662.000000 2298.000000
Center Node: 1783

District 24
Nodes: 3 61 68 77 99 152 175 191 193 200 278 319 334 381 393 421 653 875 957 1082 1102 1167 1223 1300 1318 1319 1411 1444 1503 1583 1605 1650 1748 1791 1827 1852 1885 1886 1906 1915 1921 1937 1961
Compactness: 2548.378979
Weights: 492.000000 8671.000000 2313.000000
Center Node: 191

District 25
Nodes: 1 15 134 173 199 202 250 290 301 350 357 380 443 448 520 538 643 772 791 800 813 853 1084 1120 1147 1253 1311 1414 1523 1565 1584 1637 1658 1685 1689 1772 1781 1784 1834 1929 1947
Compactness: 2453.274810
Weights: 505.000000 8553.000000 2185.000000
Center Node: 1685

District 26
Nodes: 56 63 76 142 168 307 314 323 383 412 558 567 613 670 750 773 801 825 979 982 985 1086 1114 1269 1271 1460 1476 1507 1509 1540 1646 1716 1782 1786 1909 1914 1974
Compactness: 2293.902035
Weights: 474.000000 8220.000000 2345.000000
Center Node: 1114

District 27
Nodes: 21 113 195 273 317 346 352 434 478 484 537 763 776 818 862 888 918 991 1020 1078 1136 1151 1186 1233 1276 1304 1366 1440 1462 1467 1468 1499 1533 1672 1706 1801 1845 1865
Compactness: 2229.607290
Weights: 476.000000 7574.000000 2262.000000
Center Node: 1151

District 28
Nodes: 55 155 165 221 312 370 376 509 516 559 616 637 650 684 686 713 796 827 846 865 921 962 975 1003 1033 1150 1157 1168 1179 1219 1238 1315 1333 1438 1796 1816 1824 1825 1832 1864 1913 1953
Compactness: 2137.281916
Weights: 496.000000 8573.000000 2314.000000
Center Node: 376

District 29
Nodes: 216 260 294 320 345 369 390 394 403 494 521 635 639 674 694 701 725 765 786 843 924 1012 1083 1094 1207 1268 1290 1395 1397 1457 1528 1531 1675 1730 1813 1876 1883 1930
Compactness: 2163.526337
Weights: 477.000000 7957.000000 2294.000000
Center Node: 345

District 30
Nodes: 148 213 222 235 241 245 269 360 364 399 469 482 505 586 648 658 730 760 1064 1109 1124 1155 1161 1217 1252 1301 1316 1327 1442 1505 1537 1550 1564 1622 1634 1676 1694 1717 1747 1814 1853 1994
Compactness: 1995.822155
Weights: 493.000000 8683.000000 2329.000000
Center Node: 1301

District 31
Nodes: 67 95 151 187 302 362 407 425 468 488 608 612 790 799 814 929 931 946 978 1035 1036 1039 1053 1054 1231 1236 1289 1295 1399 1518 1662 1673 1722 1736 1744 1808 1826 1869 1878 1910 1946 1977
Compactness: 4512.557048
Weights: 470.000000 8732.000000 2167.000000
Center Node: 790

District 32
Nodes: 41 60 125 150 160 238 242 262 270 283 512 582 593 619 655 721 759 822 844 850 948 1008 1017 1026 1049 1075 1115 1247 1292 1314 1317 1335 1401 1429 1469 1474 1548 1734 1822 1833 1848 1857 1872 1873 1905
Compactness: 2777.092323
Weights: 494.000000 8732.000000 2339.000000
Center Node: 262

District 33
Nodes: 28 108 147 219 234 297 311 343 483 690 709 754 792 836 880 884 894 937 980 1113 1138 1171 1256 1322 1336 1368 1377 1382 1384 1430 1435 1471 1500 1560 1571 1608 1753 1785 1855 1868 1908 1940
Compactness: 2555.849913
Weights: 489.000000 8312.000000 2273.000000
Center Node: 483

District 34
Nodes: 2 18 27 104 122 153 154 210 327 328 336 340 348 398 426 541 624 678 732 826 915 935 1047 1097 1100 1145 1178 1193 1235 1267 1284 1456 1458 1489 1563 1640 1702 1726 1760 1854 1917
Compactness: 2153.429493
Weights: 456.000000 8737.000000 2358.000000
Center Node: 348

District 35
Nodes: 87 115 212 226 248 293 308 333 455 514 528 591 595 622 727 745 806 811 872 878 895 1001 1018 1085 1092 1119 1307 1326 1394 1415 1449 1494 1586 1836 1900 1960
Compactness: 2246.893792
Weights: 456.000000 7925.000000 2326.000000
Center Node: 1307

District 36
Nodes: 23 37 74 120 166 184 341 515 562 565 581 603 633 770 798 807 809 820 904 953 968 970 1098 1188 1293 1299 1332 1408 1451 1490 1520 1593 1607 1665 1707 1758 1817 1957 1959
Compactness: 2116.065815
Weights: 496.000000 8192.000000 2237.000000
Center Node: 23

District 37
Nodes: 30 40 72 101 129 164 208 237 267 371 415 432 470 578 607 645 659 681 699 766 897 987 1016 1021 1149 1180 1246 1274 1328 1360 1363 1453 1472 1512 1575 1591 1604 1612 1655 1863 1902
Compactness: 2409.695487
Weights: 498.000000 8456.000000 2274.000000
Center Node: 1655

District 38
Nodes: 114 176 183 189 281 382 397 411 441 544 554 563 585 631 671 934 1030 1181 1182 1203 1228 1237 1258 1331 1386 1398 1407 1422 1497 1578 1597 1663 1674 1697 1704 1740 1752 1811 1835 1918 1954
Compactness: 2291.139126
Weights: 468.000000 7911.000000 2359.000000
Center Node: 411

District 39
Nodes: 58 93 124 131 249 349 495 539 547 661 666 737 805 812 841 873 913 938 976 990 1063 1070 1073 1162 1211 1265 1321 1437 1464 1515 1606 1718 1739 1755 1775 1787 1837 1860 1983
Compactness: 2403.034941
Weights: 500.000000 8162.000000 2372.000000
Center Node: 805

District 40
Nodes: 13 158 185 188 217 230 289 318 449 472 529 535 668 685 691 707 746 817 969 971 998 1029 1032 1096 1108 1129 1183 1264 1345 1432 1452 1529 1551 1554 1588 1620 1638 1733 1765
Compactness: 2657.911852
Weights: 474.000000 8600.000000 2366.000000
Center Node: 1264

District 41
Nodes: 65 66 135 190 220 251 261 287 331 335 365 409 463 498 590 663 714 717 784 785 788 830 870 997 1007 1023 1125 1152 1169 1229 1262 1263 1266 1323 1343 1353 1367 1479 1483 1579 1657 1741 1797 1884
Compactness: 2867.242567
Weights: 495.000000 8749.000000 2303.000000
Center Node: 1884

District 42
Nodes: 91 105 110 144 198 263 366 457 527 642 675 775 819 831 874 899 930 964 983 1014 1048 1087 1172 1257 1282 1313 1361 1388 1433 1441 1576 1589 1626 1778 1798 1809 1891 1934
Compactness: 2145.103076
Weights: 454.000000 8028.000000 2186.000000
Center Node: 819

District 43
Nodes: 96 118 132 163 205 274 275 408 446 473 481 597 618 629 656 698 722 778 829 833 992 996 999 1280 1291 1390 1498 1595 1602 1688 1692 1700 1720 1721 1799 1843 1893 1895 1927 1968
Compactness: 2008.161334
Weights: 494.000000 8031.000000 2366.000000
Center Node: 833

District 44
Nodes: 19 92 100 116 123 171 197 207 264 325 354 388 420 493 523 540 606 718 748 768 780 782 916 1027 1072 1077 1154 1163 1170 1250 1251 1454 1510 1538 1557 1623 1659 1683 1803 1887 1935
Compactness: 3636.947178
Weights: 489.000000 8639.000000 2240.000000
Center Node: 1250

District 45
Nodes: 11 98 159 204 211 258 322 374 424 431 503 507 556 605 610 739 789 866 909 919 943 994 1011 1067 1139 1166 1202 1337 1346 1412 1420 1517 1521 1547 1555 1603 1684 1881 1904
Compactness: 2151.571698
Weights: 469.000000 7988.000000 2286.000000
Center Node: 1011

District 46
Nodes: 5 33 225 240 272 304 356 375 391 419 430 435 486 489 573 588 601 697 708 711 821 901 910 911 955 972 1025 1056 1232 1470 1496 1587 1627 1656 1671 1686 1745 1780 1870 1912 1942 1951
Compactness: 3124.966117
Weights: 496.000000 8552.000000 2224.000000
Center Node: 391

District 47
Nodes: 8 31 81 82 174 259 299 351 392 418 440 492 519 546 568 611 677 700 832 835 954 1000 1059 1184 1347 1373 1501 1519 1545 1577 1625 1635 1678 1761 1812 1911 1924 1973
Compactness: 1969.877180
Weights: 439.000000 8755.000000 2331.000000
Center Node: 835

District 48
Nodes: 43 47 133 143 295 378 389 504 543 555 576 726 741 922 984 1005 1046 1052 1127 1176 1287 1309 1351 1365 1370 1383 1447 1482 1573 1611 1645 1679 1710 1764 1971 1984
Compactness: 1926.133060
Weights: 472.000000 8640.000000 2090.000000
Center Node: 922

District 49
Nodes: 36 49 112 128 146 244 401 428 451 545 566 673 679 742 834 944 950 1006 1038 1095 1121 1122 1134 1254 1341 1380 1466 1473 1484 1506 1542 1682 1979 1993
Compactness: 2734.780105
Weights: 379.000000 6895.000000 2035.000000
Center Node: 1006

District 50
Nodes: 44 46 64 169 305 313 433 442 444 480 485 551 634 758 823 958 963 1055 1071 1081 1164 1189 1273 1416 1426 1439 1446 1478 1491 1524 1567 1598 1639 1648 1660 1664 1687 1723 1774 1807 1879 1933
Compactness: 2952.454431
Weights: 472.000000 8452.000000 2255.000000
Center Node: 1446
