BalanceViolation 65.995000
AffinityLoss 0.000000
Compactness 187452.484088

District 1
Nodes: 10 57 59 70 77 118 134 156 171 184 195 204 214 217 230 242 281 282 285 374 387 393 442 475 489 509 515 539 566 585 618 623 651 662 673 691 774 781 793 825 834 916 952 995 1030 1059 1093 1101 1143 1144 1157 1158 1174 1183 1192 1222 1233 1238 1248 1255 1257 1270 1276 1291 1309 1336 1346 1353 1354 1361 1381 1382 1388 1432 1438 1449 1469 1480 1487 1503 1511 1529 1615 1629 1669 1677 1708 1726 1780 1790 1798 1839 1848 1851 1860 1865 1886 1888 1921 1928 1958 1990
Compactness: 8781.200204
Weights: 1128.000000 20801.000000 6088.000000
Center Node: 70

District 2
Nodes: 15 37 38 65 90 115 151 166 182 183 231 237 254 260 265 274 311 312 314 327 343 347 369 427 432 440 447 485 487 541 542 543 556 579 626 636 682 688 696 728 737 816 857 862 876 920 926 939 940 945 953 978 990 1001 1004 1023 1027 1031 1057 1069 1078 1136 1141 1168 1251 1266 1275 1303 1326 1357 1367 1374 1383 1394 1395 1404 1464 1471 1520 1525 1537 1542 1569 1620 1639 1656 1678 1700 1703 1706 1754 1758 1766 1769 1770 1785 1793 1813 1834 1853 1920 1929 1930 1931 1984
Compactness: 9896.922582
Weights: 1252.000000 21239.000000 5593.000000
Center Node: 15

District 3
Nodes: 1 20 35 41 45 112 119 132 137 154 164 207 216 226 233 248 296 303 307 317 333 349 399 400 441 466 527 578 591 594 610 616 619 621 632 641 648 678 785 833 858 863 897 925 947 967 972 989 1000 1005 1033 1035 1046 1072 1128 1163 1176 1194 1221 1231 1237 1264 1289 1290 1295 1318 1331 1373 1376 1415 1417 1445 1479 1485 1493 1499 1554 1562 1614 1617 1618 1637 1640 1658 1671 1712 1722 1796 1861 1872 1883 1923 1936 1948 1957 1975
Compactness: 8553.347547
Weights: 1155.000000 19867.000000 5596.000000
Center Node: 400

District 4
Nodes: 30 40 49 74 116 128 172 181 197 212 243 257 321 323 407 409 429 434 437 452 456 457 468 479 494 518 540 589 597 604 614 639 663 668 704 707 722 731 739 763 778 790 808 813 831 847 859 881 893 899 930 932 948 957 958 980 983 987 999 1009 1089 1106 1127 1142 1159 1179 1224 1226 1228 1245 1268 1321 1340 1400 1419 1490 1571 1587 1592 1635 1636 1663 1673 1689 1698 1707 1728 1756 1784 1810 1825 1844 1855 1867 1870 1871 1881 1898 1905 1925 1944 1953 1983
Compactness: 10324.940183
Weights: 1248.000000 21848.000000 5989.000000
Center Node: 452

District 5
Nodes: 9 34 54 79 89 98 148 161 210 279 295 326 335 354 355 384 406 411 418 420 428 445 470 495 504 508 550 557 612 615 633 657 694 718 764 777 787 796 797 807 812 853 868 890 910 921 923 933 941 951 962 977 1026 1062 1083 1108 1131 1149 1164 1181 1203 1205 1206 1249 1262 1278 1286 1288 1306 1364 1390 1392 1411 1430 1439 1497 1498 1505 1524 1528 1546 1558 1564 1589 1638 1679 1690 1710 1731 1750 1765 1774 1815 1850 1873 1889 1900 1907 1910 1926 1937 1949
Compactness: 9839.690432
Weights: 1251.000000 21628.000000 6063.000000
Center Node: 1900

District 6
Nodes: 14 19 23 62 84 107 131 139 169 173 180 196 235 240 244 276 289 346 377 383 386 388 410 430 474 500 562 609 627 640 653 698 741 742 745 746 768 782 823 824 830 835 838 842 844 896 973 981 1006 1008 1029 1032 1034 1039 1042 1066 1079 1105 1116 1152 1236 1246 1253 1279 1302 1323 1334 1358 1360 1370 1420 1424 1427 1441 1460 1467 1531 1541 1557 1565 1584 1602 1616 1619 1664 1732 1736 1738 1779 1820 1858 1859 1869 1890 1899 1912 1918 1927 1940 1963 1981 1985 1987
Compactness: 10587.124822
Weights: 1182.000000 21824.000000 5542.000000
Center Node: 1424

District 7
Nodes: 55 69 76 80 87 141 153 190 208 218 236 247 250 252 266 284 331 356 360 381 446 460 480 481 507 534 554 573 580 613 660 661 703 719 735 818 837 839 866 900 905 949 950 968 1015 1021 1025 1037 1047 1060 1088 1090 1123 1135 1147 1167 1199 1202 1229 1277 1282 1308 1310 1319 1387 1416 1442 1448 1456 1462 1523 1550 1563 1567 1579 1601 1610 1633 1655 1681 1691 1693 1701 1714 1721 1745 1752 1788 1800 1809 1814 1830 1835 1893 1914 1939 1947 1956 1965 1998
Compactness: 9440.255971
Weights: 1188.000000 19783.000000 5903.000000
Center Node: 719

District 8
Nodes: 17 48 51 103 109 113 120 188 203 272 277 293 366 380 382 438 443 453 455 496 499 551 570 583 650 671 674 689 709 713 717 798 815 817 840 865 879 885 911 919 924 955 996 1003 1049 1058 1064 1065 1068 1110 1150 1151 1182 1212 1241 1250 1265 1316 1339 1363 1368 1378 1386 1403 1473 1506 1512 1513 1515 1519 1526 1538 1552 1553 1561 1583 1599 1625 1627 1632 1641 1646 1720 1740 1742 1746 1755 1757 1768 1795 1824 1845 1849 1882 1911 1973 1999
Compactness: 9263.532413
Weights: 1213.000000 19937.000000 5558.000000
Center Node: 1506

District 9
Nodes: 26 29 44 46 53 64 75 83 96 125 158 160 163 202 211 213 224 232 256 273 299 306 315 348 361 389 391 436 520 522 537 563 584 595 600 625 699 721 733 761 786 822 828 846 849 877 882 914 917 928 943 992 1028 1038 1050 1075 1082 1092 1098 1111 1113 1140 1153 1178 1196 1208 1261 1267 1285 1305 1317 1359 1379 1389 1396 1409 1435 1454 1483 1491 1502 1517 1539 1580 1613 1630 1659 1672 1702 1727 1739 1773 1782 1802 1817 1877 1878 1879 1895 1919
Compactness: 9595.235961
Weights: 1220.000000 21661.000000 6087.000000
Center Node: 1285

District 10
Nodes: 63 81 86 95 100 127 145 146 170 178 187 194 225 308 309 320 353 396 397 414 471 476 506 530 533 547 552 574 590 634 646 654 658 670 693 701 727 762 765 766 788 803 872 873 878 880 888 898 908 954 956 986 1014 1017 1040 1045 1052 1070 1080 1107 1114 1132 1148 1162 1171 1177 1184 1187 1188 1193 1215 1218 1232 1322 1349 1362 1371 1433 1457 1477 1495 1516 1540 1577 1643 1668 1704 1705 1709 1725 1729 1733 1771 1776 1801 1866 1917 1943 1968
Compactness: 8064.236775
Weights: 1159.000000 20648.000000 6093.000000
Center Node: 701

District 11
Nodes: 2 7 11 21 24 25 61 66 78 94 114 117 133 152 155 165 199 201 238 316 318 319 344 359 415 422 426 449 450 458 484 516 526 528 532 568 569 581 593 607 629 649 706 708 747 755 758 767 770 848 851 855 891 904 966 1020 1024 1102 1118 1119 1122 1139 1165 1191 1197 1281 1299 1301 1312 1315 1352 1355 1375 1412 1413 1422 1428 1484 1496 1504 1508 1576 1594 1612 1642 1645 1667 1680 1686 1717 1760 1806 1818 1828 1831 1832 1837 1843 1857 1875 1887 1938 1946 1967 1976
Compactness: 10567.606322
Weights: 1242.000000 21856.000000 5874.000000
Center Node: 2

District 12
Nodes: 8 67 110 168 176 189 200 261 268 287 325 329 337 340 351 370 372 375 403 405 412 423 431 459 473 510 513 524 555 559 567 576 582 602 635 652 664 679 692 723 726 752 754 772 794 795 800 889 906 931 936 993 1019 1036 1073 1081 1095 1112 1121 1145 1180 1220 1239 1252 1260 1272 1347 1350 1369 1405 1408 1453 1507 1556 1575 1581 1606 1609 1654 1674 1684 1695 1747 1762 1781 1789 1791 1816 1885 1891 1908 1916 1961 1962 1969 1974 1991 1992 1996
Compactness: 8181.117222
Weights: 1144.000000 20163.000000 5621.000000
Center Node: 189

District 13
Nodes: 12 32 72 82 91 123 136 149 177 191 205 206 223 259 262 364 395 398 408 461 492 535 575 592 608 620 630 645 647 659 669 700 734 738 775 814 836 850 852 864 883 902 960 963 969 984 1022 1043 1044 1084 1096 1109 1124 1166 1172 1175 1195 1207 1214 1287 1304 1311 1337 1344 1366 1384 1440 1450 1465 1466 1482 1509 1514 1548 1585 1596 1597 1600 1603 1604 1653 1660 1662 1675 1688 1743 1826 1829 1847 1854 1856 1862 1864 1909 1915 1932 1951 1971 1986 1994 1997
Compactness: 7972.624303
Weights: 1256.000000 20120.000000 5754.000000
Center Node: 1440

District 14
Nodes: 18 68 101 121 157 162 198 209 229 234 249 271 304 334 339 357 371 390 394 413 416 425 435 469 505 538 572 599 622 644 675 676 702 720 751 756 757 769 779 805 806 810 820 875 884 894 907 909 927 934 970 971 1002 1010 1011 1048 1051 1067 1094 1134 1138 1146 1160 1204 1209 1223 1247 1258 1269 1271 1284 1298 1300 1325 1391 1397 1401 1429 1434 1461 1463 1468 1478 1518 1522 1536 1559 1566 1608 1647 1666 1683 1697 1699 1715 1719 1737 1751 1783 1804 1838 1892 1896 1952 1964 1989
Compactness: 11434.859199
Weights: 1267.000000 21792.000000 5527.000000
Center Node: 702

District 15
Nodes: 36 42 56 88 102 135 239 251 264 267 278 292 294 297 330 338 373 401 419 421 482 483 511 512 514 519 544 560 564 571 598 606 624 628 638 666 685 705 710 712 716 729 743 750 760 776 804 826 845 887 913 946 998 1041 1056 1077 1104 1129 1161 1169 1240 1254 1297 1324 1329 1380 1393 1418 1425 1470 1474 1475 1486 1494 1510 1555 1570 1598 1605 1607 1634 1649 1670 1694 1716 1730 1734 1735 1764 1767 1777 1799 1842 1884 1894 1897 1904 1945 1954 1993
Compactness: 9707.607406
Weights: 1176.000000 19894.000000 5830.000000
Center Node: 1297

District 16
Nodes: 3 99 104 106 124 129 130 147 159 175 179 227 241 246 286 288 298 313 358 363 392 444 454 465 477 488 493 517 529 536 588 637 655 672 686 687 740 780 811 819 829 843 874 929 942 959 965 975 1007 1016 1053 1086 1087 1091 1103 1120 1130 1137 1186 1211 1242 1259 1294 1313 1330 1402 1421 1426 1431 1436 1443 1444 1452 1476 1489 1492 1533 1544 1549 1572 1651 1665 1687 1711 1753 1786 1787 1794 1807 1808 1811 1833 1901 1935 1970 1972
Compactness: 8625.593034
Weights: 1183.000000 19816.000000 5779.000000
Center Node: 1313

District 17
Nodes: 0 27 28 31 33 71 73 92 93 97 138 142 193 270 280 283 301 305 310 322 324 332 352 362 376 378 385 424 464 497 503 531 545 553 565 586 587 656 711 715 730 736 789 791 801 922 961 964 1054 1055 1071 1100 1154 1156 1170 1173 1201 1213 1227 1234 1273 1274 1283 1296 1314 1335 1338 1342 1348 1385 1451 1532 1534 1586 1591 1593 1595 1622 1628 1644 1648 1652 1676 1723 1741 1823 1836 1840 1852 1868 1880 1924 1933 1942 1950 1959 1977 1978
Compactness: 8683.054928
Weights: 1177.000000 20847.000000 5908.000000
Center Node: 715

District 18
Nodes: 43 47 52 58 60 126 144 150 192 215 219 245 300 336 341 367 368 467 523 525 548 617 732 744 749 753 773 783 784 792 809 827 832 856 867 871 892 901 903 912 938 944 976 982 988 994 1018 1097 1099 1117 1126 1155 1216 1217 1230 1235 1256 1280 1293 1320 1332 1333 1341 1345 1356 1399 1423 1458 1459 1472 1481 1488 1543 1545 1568 1574 1588 1590 1621 1631 1657 1682 1718 1748 1759 1761 1775 1792 1821 1841 1874 1876 1902 1934 1980 1982 1995
Compactness: 10940.028347
Weights: 1091.000000 19792.000000 6040.000000
Center Node: 1333

District 19
Nodes: 13 16 22 105 122 143 167 186 221 228 253 255 258 269 291 302 342 379 402 404 433 448 451 463 472 490 491 502 521 549 577 601 605 611 642 667 677 680 684 724 748 759 799 802 821 854 861 869 870 895 915 918 937 991 1061 1076 1115 1185 1189 1200 1219 1243 1244 1292 1328 1343 1351 1365 1410 1414 1437 1446 1501 1527 1573 1582 1624 1661 1685 1692 1696 1724 1749 1772 1778 1797 1803 1805 1827 1846 1906 1913 1922 1941 1955 1979 1988
Compactness: 8814.062505
Weights: 1227.000000 21674.000000 5703.000000
Center Node: 1913

District 20
Nodes: 4 5 6 39 50 85 108 111 140 174 185 220 222 263 275 290 328 345 350 365 417 439 462 478 486 498 501 546 558 561 596 603 631 643 665 681 683 690 695 697 714 725 771 841 860 886 935 974 979 985 997 1012 1013 1063 1074 1085 1125 1133 1190 1198 1210 1225 1263 1307 1327 1372 1377 1398 1406 1407 1447 1455 1500 1521 1530 1535 1547 1551 1560 1578 1611 1623 1626 1650 1713 1744 1763 1812 1819 1822 1863 1903 1960 1966
Compactness: 8179.443932
Weights: 1165.000000 21320.000000 5519.000000
Center Node: 1377
