BalanceViolation 1796.968000
AffinityLoss 0.000000
Compactness 63003.080025

District 1
Nodes: 90 100 223 255 369 372 411 476 508 513 601 634 677 726 732 767 811 925 997
Compactness: 1324.247520
Weights: 201.000000 4372.000000 1247.000000
Center Node: 811

District 2
Nodes: 30 53 68 179 269 277 323 379 387 427 439 465 534 550 554 604 718 791 817 820
Compactness: 1043.813576
Weights: 285.000000 4396.000000 1070.000000
Center Node: 379

District 3
Nodes: 14 89 250 356 381 404 418 453 481 572 586 693 698 778 804 824 897 923 930 990
Compactness: 912.008299
Weights: 229.000000 4202.000000 1216.000000
Center Node: 356

District 4
Nodes: 7 9 31 102 231 349 371 436 505 566 655 688 705 719 738 745 834 877 908 918 982
Compactness: 3012.637883
Weights: 266.000000 4201.000000 1148.000000
Center Node: 349

District 5
Nodes: 136 169 209 213 298 362 458 559 615 619 624 680 800 827 866 878 911 917 920 967
Compactness: 1063.109722
Weights: 217.000000 4421.000000 1248.000000
Center Node: 209

District 6
Nodes: 79 103 129 137 240 262 335 367 396 416 470 523 584 621 673 772 932 935 953 969 971
Compactness: 1047.716134
Weights: 270.000000 4107.000000 1209.000000
Center Node: 673

District 7
Nodes: 76 101 104 216 279 288 291 327 415 581 648 701 706 739 790 831 847 863 873 945
Compactness: 1120.035441
Weights: 223.000000 4424.000000 1246.000000
Center Node: 706

District 8
Nodes: 72 105 106 237 266 286 287 290 355 417 422 454 605 721 774 785 861 910 913
Compactness: 992.151211
Weights: 257.000000 4045.000000 1230.000000
Center Node: 266

District 9
Nodes: 29 111 150 195 206 234 235 247 338 354 402 406 448 576 640 683 771 787 815 900
Compactness: 966.742157
Weights: 234.000000 4214.000000 1218.000000
Center Node: 150

District 10
Nodes: 33 155 168 214 215 219 350 373 452 488 541 568 660 708 747 919 943 976 979
Compactness: 907.013387
Weights: 213.000000 4060.000000 915.000000
Center Node: 214

District 11
Nodes: 4 55 84 134 147 316 352 437 449 498 600 618 668 690 733 828 864 881 884 904 947 963
Compactness: 1243.435796
Weights: 219.000000 4381.000000 1256.000000
Center Node: 4

District 12
Nodes: 51 54 83 118 151 493 520 535 558 560 651 676 679 717 755 803 806 868 893 995
Compactness: 1124.577652
Weights: 280.000000 4420.000000 1132.000000
Center Node: 893

District 13
Nodes: 44 46 50 146 173 190 303 403 503 620 731 744 752 789 792 813 842 892 949 988
Compactness: 1106.215784
Weights: 248.000000 4297.000000 1215.000000
Center Node: 46

District 14
Nodes: 78 86 142 149 157 233 299 315 397 408 412 444 506 556 681 890 940 950 951 957 960
Compactness: 3401.472704
Weights: 264.000000 4077.000000 1210.000000
Center Node: 556

District 15
Nodes: 39 57 176 193 230 336 383 423 429 432 434 445 486 595 626 777 786 797 823 875 915 936 993
Compactness: 1206.026367
Weights: 231.000000 4461.000000 1226.000000
Center Node: 193

District 16
Nodes: 12 25 92 260 376 460 494 529 622 672 740 788 795 805 856 887 973 978
Compactness: 1006.517720
Weights: 227.000000 3997.000000 1222.000000
Center Node: 460

District 17
Nodes: 13 47 67 82 95 144 221 342 399 419 639 671 711 756 808 832 836 964
Compactness: 820.051946
Weights: 211.000000 4197.000000 1219.000000
Center Node: 836

District 18
Nodes: 58 60 91 114 175 187 294 314 457 482 483 504 531 573 606 613 703 704 975
Compactness: 1074.490967
Weights: 239.000000 4370.000000 1197.000000
Center Node: 114

District 19
Nodes: 10 80 178 189 259 264 370 420 456 464 544 553 588 715 799 843 854 921 938 974 996
Compactness: 1273.824389
Weights: 274.000000 3739.000000 1169.000000
Center Node: 189

District 20
Nodes: 52 148 161 183 192 225 278 295 368 463 468 532 540 575 649 737 796 807 830 872 942
Compactness: 1296.782263
Weights: 227.000000 4336.000000 1200.000000
Center Node: 737

District 21
Nodes: 70 98 107 242 296 366 400 428 545 662 663 687 700 709 713 729 770 784 835
Compactness: 796.802856
Weights: 216.000000 4296.000000 1250.000000
Center Node: 662

District 22
Nodes: 19 171 222 239 274 357 384 405 555 587 612 658 669 716 765 816 933 946 948
Compactness: 813.228169
Weights: 210.000000 4077.000000 1131.000000
Center Node: 555

District 23
Nodes: 8 26 127 153 177 185 267 275 282 361 392 551 567 631 659 697 768 783 845 956
Compactness: 2340.301743
Weights: 248.000000 4333.000000 1153.000000
Center Node: 956

District 24
Nodes: 48 77 119 305 313 344 433 510 525 577 583 625 646 802 844 865 961 977
Compactness: 1538.024923
Weights: 236.000000 4379.000000 1083.000000
Center Node: 119

District 25
Nodes: 38 62 65 165 204 205 217 326 378 394 410 413 431 450 552 594 670 712 724 870 882 927 991
Compactness: 1627.686599
Weights: 246.000000 4264.000000 1256.000000
Center Node: 65

District 26
Nodes: 40 117 156 191 249 340 502 530 538 561 592 645 652 722 855 859 860 901 922 928
Compactness: 1234.423241
Weights: 244.000000 4283.000000 1236.000000
Center Node: 156

District 27
Nodes: 131 251 254 289 442 497 515 628 644 647 661 725 727 781 814 833 841 852
Compactness: 824.163402
Weights: 211.000000 3939.000000 927.000000
Center Node: 131

District 28
Nodes: 37 49 93 97 139 301 306 308 310 386 446 484 519 563 734 751 758 849 905 929
Compactness: 918.117859
Weights: 247.000000 4032.000000 1207.000000
Center Node: 929

District 29
Nodes: 133 164 210 236 252 507 516 580 589 603 685 746 759 858 895 906 914 937 981
Compactness: 1185.015249
Weights: 226.000000 4287.000000 1262.000000
Center Node: 252

District 30
Nodes: 28 36 42 61 126 304 320 511 569 623 674 684 695 748 753 775 810 850 902 955 987
Compactness: 1434.746226
Weights: 275.000000 4123.000000 1165.000000
Center Node: 955

District 31
Nodes: 66 123 284 332 382 414 425 461 472 477 487 565 667 689 743 782 829 888 909 941 994
Compactness: 1159.847902
Weights: 247.000000 4066.000000 1265.000000
Center Node: 332

District 32
Nodes: 85 152 198 265 300 380 409 430 447 466 542 636 730 769 851 899 903 939 944 966
Compactness: 1446.109604
Weights: 272.000000 4160.000000 1191.000000
Center Node: 903

District 33
Nodes: 120 159 174 188 232 390 471 473 509 591 632 650 656 675 699 707 794 818 846 871 986
Compactness: 1355.818112
Weights: 249.000000 4278.000000 1184.000000
Center Node: 471

District 34
Nodes: 23 73 94 162 163 170 218 292 331 478 492 546 548 549 599 611 638 793 848 869 931 989
Compactness: 1372.732340
Weights: 248.000000 4302.000000 1262.000000
Center Node: 989

District 35
Nodes: 2 20 21 112 125 141 211 224 257 270 293 307 455 474 539 590 609 617 666 837 838 965
Compactness: 1152.729553
Weights: 234.000000 4410.000000 1206.000000
Center Node: 307

District 36
Nodes: 74 81 113 182 194 285 312 346 364 377 637 694 761 773 798 907 916 954 970
Compactness: 1257.811843
Weights: 223.000000 4098.000000 1256.000000
Center Node: 285

District 37
Nodes: 0 22 32 56 128 138 200 302 330 389 398 421 443 475 501 616 735 766 883
Compactness: 1209.104893
Weights: 244.000000 4226.000000 1164.000000
Center Node: 302

District 38
Nodes: 88 135 145 158 202 226 248 271 341 393 459 528 578 593 736 749 762 764 801 891
Compactness: 901.176432
Weights: 259.000000 4405.000000 1082.000000
Center Node: 801

District 39
Nodes: 43 69 99 143 207 229 276 297 345 441 527 537 630 728 750 812 819 958 999
Compactness: 1249.871788
Weights: 247.000000 4395.000000 1157.000000
Center Node: 143

District 40
Nodes: 1 5 6 24 121 227 245 318 407 438 480 490 654 710 760 779 962 980
Compactness: 1375.164419
Weights: 236.000000 4149.000000 1155.000000
Center Node: 407

District 41
Nodes: 41 124 329 374 388 426 469 491 496 543 562 642 742 754 763 776 886 952 992
Compactness: 811.661953
Weights: 237.000000 4376.000000 1130.000000
Center Node: 776

District 42
Nodes: 75 130 199 256 283 328 359 360 391 564 608 657 665 678 702 757 780 822 876
Compactness: 790.792561
Weights: 231.000000 4354.000000 1170.000000
Center Node: 665

District 43
Nodes: 34 35 140 203 334 343 358 365 451 479 641 643 653 714 720 741 825 867 959
Compactness: 1257.919857
Weights: 255.000000 4135.000000 1211.000000
Center Node: 203

District 44
Nodes: 109 154 184 228 244 253 261 273 375 435 500 522 582 598 610 627 691 862 898 968
Compactness: 1176.211871
Weights: 268.000000 4315.000000 1097.000000
Center Node: 598

District 45
Nodes: 71 208 238 241 246 363 385 440 467 526 596 597 664 696 723 853 880 896 983 984 985
Compactness: 1648.485894
Weights: 259.000000 3970.000000 1198.000000
Center Node: 526

District 46
Nodes: 11 16 27 45 59 87 115 167 172 181 197 263 322 337 347 348 495 499 524 614 635 686
Compactness: 1088.813024
Weights: 286.000000 3989.000000 1416.000000
Center Node: 167

District 47
Nodes: 196 212 220 258 268 281 309 311 462 485 512 547 570 602 826 840 926 972 998
Compactness: 1065.444937
Weights: 241.000000 4097.000000 1359.000000
Center Node: 998

District 48
Nodes: 63 110 132 166 186 272 317 324 353 395 401 424 518 533 574 585 629 692 857 885 924
Compactness: 1510.212276
Weights: 264.000000 4216.000000 1249.000000
Center Node: 63

District 49
Nodes: 3 17 18 96 108 116 201 243 280 319 339 514 521 536 607 682 821 874 879 894
Compactness: 1406.246927
Weights: 253.000000 4356.000000 1220.000000
Center Node: 821

District 50
Nodes: 15 64 122 160 180 321 325 333 351 489 517 557 571 579 633 809 839 889 912 934
Compactness: 1111.542656
Weights: 279.000000 4016.000000 1249.000000
Center Node: 351
