BalanceViolation 106.677500
AffinityLoss 0.000000
Compactness 47693.031393

District 1
Nodes: 4 8 13 34 84 120 130 132 194 204 232 257 274 292 307 323 367 382 395 407 413 427 457 461 475
Compactness: 2868.489512
Weights: 325.000000 5369.000000 1391.000000
Center Node: 132

District 2
Nodes: 41 51 54 62 65 101 115 150 188 206 246 268 288 315 316 319 332 338 349 369 374 389 403 433 482
Compactness: 2329.545184
Weights: 325.000000 5521.000000 1491.000000
Center Node: 315

District 3
Nodes: 20 47 75 79 90 93 114 146 149 176 213 245 296 302 334 342 363 366 423 428 465 485
Compactness: 2276.083623
Weights: 287.000000 5630.000000 1353.000000
Center Node: 176

District 4
Nodes: 61 73 82 116 125 177 220 235 243 260 264 280 282 305 308 317 345 352 372 390 435 436 477
Compactness: 2096.461456
Weights: 301.000000 5248.000000 1461.000000
Center Node: 260

District 5
Nodes: 2 15 25 80 88 103 119 123 136 143 186 207 208 234 253 300 350 360 406 417 418 429 448 474 498
Compactness: 2177.075594
Weights: 316.000000 5428.000000 1386.000000
Center Node: 119

District 6
Nodes: 19 50 53 57 59 112 153 164 166 196 199 211 214 218 226 236 249 251 286 291 306 318 337 383 392 399 442
Compactness: 2319.869009
Weights: 325.000000 5194.000000 1485.000000
Center Node: 251

District 7
Nodes: 7 14 31 39 64 110 113 141 159 191 193 247 303 353 398 402 415 432 434 459 467 484 487 493 494
Compactness: 2307.026761
Weights: 315.000000 5365.000000 1493.000000
Center Node: 494

District 8
Nodes: 29 60 86 91 96 117 161 162 163 279 297 312 343 344 346 354 371 377 397 400 411 421 478 499
Compactness: 4147.567793
Weights: 323.000000 5469.000000 1473.000000
Center Node: 499

District 9
Nodes: 0 35 46 76 78 131 152 156 174 192 201 205 239 259 293 341 361 379 388 391 401 425 431 438 472 495 497
Compactness: 2136.818808
Weights: 359.000000 5250.000000 1364.000000
Center Node: 131

District 10
Nodes: 6 16 27 43 98 105 124 126 127 135 148 154 175 209 210 212 215 278 290 357 385 393 412 416 462 479 491
Compactness: 2276.360091
Weights: 320.000000 5319.000000 1421.000000
Center Node: 127

District 11
Nodes: 12 23 83 92 107 158 167 187 195 217 223 266 301 309 387 404 405 437 440 456 460 463 468 469 492
Compactness: 2402.245175
Weights: 295.000000 5595.000000 1464.000000
Center Node: 387

District 12
Nodes: 9 63 68 77 108 118 129 142 145 181 229 244 250 267 275 281 285 298 320 358 381 424 439 453 476 496
Compactness: 2484.570119
Weights: 284.000000 5532.000000 1472.000000
Center Node: 267

District 13
Nodes: 18 32 56 72 74 102 133 144 160 168 182 184 198 228 240 241 270 271 276 330 339 444 445 447 481 486
Compactness: 2154.565413
Weights: 295.000000 5536.000000 1376.000000
Center Node: 160

District 14
Nodes: 5 17 26 49 55 66 87 94 99 122 172 233 242 262 272 283 321 347 348 380 386 408 441 483 488
Compactness: 1695.832533
Weights: 322.000000 5227.000000 1447.000000
Center Node: 262

District 15
Nodes: 33 36 97 109 173 183 185 189 197 254 261 304 311 314 322 326 336 355 370 375 394 410 430 480
Compactness: 2523.228731
Weights: 262.000000 5168.000000 1494.000000
Center Node: 36

District 16
Nodes: 69 95 134 140 155 157 170 179 190 203 216 273 325 351 356 359 362 373 419 420 426 446 458 470
Compactness: 2468.546449
Weights: 323.000000 5293.000000 1367.000000
Center Node: 95

District 17
Nodes: 11 44 45 52 70 81 100 111 128 147 151 165 238 284 295 329 340 368 378 409 414 443 449 464 490
Compactness: 2460.764588
Weights: 318.000000 5213.000000 1417.000000
Center Node: 340

District 18
Nodes: 3 22 24 28 71 137 178 180 202 222 224 231 248 258 287 294 324 331 333 364 376 452 454 455 466 473
Compactness: 2122.659354
Weights: 298.000000 5129.000000 1467.000000
Center Node: 455

District 19
Nodes: 10 30 38 42 48 58 67 138 171 230 237 252 256 263 265 289 299 313 335 365 396 422 450 451 471 489
Compactness: 2794.438869
Weights: 311.000000 5603.000000 1505.000000
Center Node: 138

District 20
Nodes: 1 21 37 40 85 89 104 106 121 139 169 200 219 221 225 227 255 269 277 310 327 328 384
Compactness: 1650.882332
Weights: 290.000000 5152.000000 1466.000000
Center Node: 221
