BalanceViolation 9825.611000
AffinityLoss 0.000000
Compactness 27107.589967

District 1
Nodes: 38 63 116 203 376 378 389 420 452
Compactness: 407.614123
Weights: 147.000000 2068.000000 416.000000
Center Node: 389

District 2
Nodes: 106 383 387 404 459
Compactness: 244.388796
Weights: 59.000000 1255.000000 244.000000
Center Node: 404

District 3
Nodes: 6 42 59 124 189 371 444 463
Compactness: 273.431649
Weights: 112.000000 2153.000000 541.000000
Center Node: 59

District 4
Nodes: 78 102 171 176 234 251 310 362 415 440
Compactness: 330.540723
Weights: 132.000000 1972.000000 711.000000
Center Node: 251

District 5
Nodes: 134 200 206 208 217 226 288 298 347
Compactness: 452.093370
Weights: 85.000000 2013.000000 651.000000
Center Node: 200

District 6
Nodes: 185 229 231 272 304 305 405 450 481
Compactness: 537.585343
Weights: 106.000000 1898.000000 565.000000
Center Node: 305

District 7
Nodes: 60 66 125 139 170 179 182 212 268 346 454 477
Compactness: 700.623152
Weights: 137.000000 2217.000000 561.000000
Center Node: 170

District 8
Nodes: 5 40 114 155 195 220 265 311 331 339 417
Compactness: 473.125391
Weights: 116.000000 1957.000000 684.000000
Center Node: 195

District 9
Nodes: 17 46 95 104 128 299 303 344 354 375
Compactness: 611.148762
Weights: 107.000000 2504.000000 582.000000
Center Node: 344

District 10
Nodes: 22 28 97 109 126 144 148 348 374 384 397
Compactness: 601.023358
Weights: 124.000000 2152.000000 607.000000
Center Node: 144

District 11
Nodes: 16 25 51 87 130 187 225 282 287 402 457
Compactness: 498.783401
Weights: 132.000000 1783.000000 442.000000
Center Node: 16

District 12
Nodes: 80 160 172 199 218 224 240 312 324 395 436
Compactness: 1269.369104
Weights: 132.000000 1896.000000 637.000000
Center Node: 172

District 13
Nodes: 110 140 250 308 323 412 423 472 474 479
Compactness: 649.042250
Weights: 144.000000 2114.000000 603.000000
Center Node: 423

District 14
Nodes: 21 146 147 184 252 254 349 439 492
Compactness: 495.443103
Weights: 125.000000 1715.000000 638.000000
Center Node: 492

District 15
Nodes: 19 24 90 236 264 325 442 469
Compactness: 476.097829
Weights: 104.000000 1881.000000 435.000000
Center Node: 325

District 16
Nodes: 213 221 253 294 340 394
Compactness: 304.757661
Weights: 60.000000 1342.000000 474.000000
Center Node: 221

District 17
Nodes: 13 33 241 243 244 284 333 363 408
Compactness: 428.290383
Weights: 107.000000 1963.000000 575.000000
Center Node: 284

District 18
Nodes: 72 91 92 120 178 194 232 306 430 458
Compactness: 510.181677
Weights: 126.000000 2132.000000 553.000000
Center Node: 306

District 19
Nodes: 34 43 93 209 228 269 343 367 399 491
Compactness: 620.160672
Weights: 116.000000 1849.000000 660.000000
Center Node: 34

District 20
Nodes: 4 35 53 198 214 332 360 407 433
Compactness: 283.267068
Weights: 95.000000 1540.000000 511.000000
Center Node: 433

District 21
Nodes: 58 175 277 300 326 328 470 489 493 498
Compactness: 561.711308
Weights: 131.000000 2063.000000 607.000000
Center Node: 277

District 22
Nodes: 69 76 149 156 219 256 293 352 456 482 488
Compactness: 563.407512
Weights: 134.000000 1845.000000 644.000000
Center Node: 352

District 23
Nodes: 12 29 62 216 266 278 296 350 356 361 401 447
Compactness: 735.760723
Weights: 145.000000 2109.000000 580.000000
Center Node: 361

District 24
Nodes: 68 192 193 211 246 307 342 355 398 465 478 490 499
Compactness: 639.075880
Weights: 141.000000 2279.000000 854.000000
Center Node: 246

District 25
Nodes: 0 89 163 165 271 315 330 379 380 485
Compactness: 498.535791
Weights: 131.000000 1639.000000 470.000000
Center Node: 271

District 26
Nodes: 27 56 94 117 237 291 320 364 373 461 468
Compactness: 391.587518
Weights: 137.000000 2137.000000 510.000000
Center Node: 291

District 27
Nodes: 15 30 101 137 177 196 202 494
Compactness: 321.779060
Weights: 107.000000 1697.000000 523.000000
Center Node: 177

District 28
Nodes: 82 108 153 166 255 281 359 400 448
Compactness: 542.470872
Weights: 116.000000 2821.000000 549.000000
Center Node: 153

District 29
Nodes: 3 55 73 113 162 239 257 285 289 292 317 445 496
Compactness: 989.069221
Weights: 167.000000 2319.000000 810.000000
Center Node: 3

District 30
Nodes: 14 26 41 50 54 79 129 161 321 419 484 497
Compactness: 988.776316
Weights: 140.000000 2382.000000 859.000000
Center Node: 79

District 31
Nodes: 7 11 45 103 118 145 159 215 295
Compactness: 466.564930
Weights: 96.000000 2110.000000 542.000000
Center Node: 45

District 32
Nodes: 47 70 83 85 143 168 169 238 247 260 279 313 418
Compactness: 786.350695
Weights: 133.000000 2034.000000 654.000000
Center Node: 238

District 33
Nodes: 105 158 167 207 273 353 426 455
Compactness: 669.041186
Weights: 100.000000 1945.000000 455.000000
Center Node: 273

District 34
Nodes: 131 180 242 262 267 274 358 392 495
Compactness: 469.001285
Weights: 148.000000 1806.000000 561.000000
Center Node: 131

District 35
Nodes: 31 48 107 112 141 152 316 329 334 416 443 446
Compactness: 462.306409
Weights: 124.000000 2029.000000 601.000000
Center Node: 141

District 36
Nodes: 75 77 84 88 276 297 369 390 427 466
Compactness: 499.458695
Weights: 124.000000 2087.000000 526.000000
Center Node: 466

District 37
Nodes: 1 150 205 280 302 337 393 421 431 435 486
Compactness: 548.428443
Weights: 115.000000 1801.000000 667.000000
Center Node: 421

District 38
Nodes: 61 99 222 235 314 365 382 391 437 462
Compactness: 469.398084
Weights: 108.000000 2139.000000 639.000000
Center Node: 437

District 39
Nodes: 2 20 67 127 135 164 263 301 327 385 473
Compactness: 660.703966
Weights: 109.000000 2277.000000 560.000000
Center Node: 164

District 40
Nodes: 86 151 154 248 258 335 410 483 487
Compactness: 503.063264
Weights: 125.000000 1935.000000 538.000000
Center Node: 154

District 41
Nodes: 57 64 81 96 123 142 210 245 357 432 438
Compactness: 518.381063
Weights: 149.000000 2648.000000 599.000000
Center Node: 357

District 42
Nodes: 191 197 230 249 322 368 386 429 451
Compactness: 359.916800
Weights: 108.000000 2131.000000 614.000000
Center Node: 386

District 43
Nodes: 71 115 136 138 183 270 309 336 338 341 372 413 453
Compactness: 814.249631
Weights: 172.000000 2143.000000 616.000000
Center Node: 336

District 44
Nodes: 18 49 186 319 370 414 434 475
Compactness: 285.964149
Weights: 87.000000 1830.000000 463.000000
Center Node: 475

District 45
Nodes: 9 10 190 275 345 366 403 411 441
Compactness: 453.034565
Weights: 124.000000 2039.000000 562.000000
Center Node: 441

District 46
Nodes: 52 100 122 132 133 259 283 428 449
Compactness: 341.768888
Weights: 123.000000 1931.000000 489.000000
Center Node: 122

District 47
Nodes: 39 44 111 119 157 201 223 227 381 388 409
Compactness: 567.076536
Weights: 145.000000 1958.000000 682.000000
Center Node: 409

District 48
Nodes: 32 37 74 351 377 425 460 464 467 471 476
Compactness: 905.867358
Weights: 110.000000 1985.000000 591.000000
Center Node: 467

District 49
Nodes: 8 23 65 121 173 181 188 261 318 396 424
Compactness: 472.905786
Weights: 140.000000 3129.000000 641.000000
Center Node: 23

District 50
Nodes: 36 98 174 204 233 286 290 406 422 480
Compactness: 454.966218
Weights: 118.000000 1929.000000 471.000000
Center Node: 36
