BalanceViolation 4.912500
AffinityLoss 1567.000000
Compactness 115008.374791

District 1
Nodes: 9 55 99 107 114 160 214 254 255 272 297 334 335 339 350 376 416 420 438 439 501 505 563 565 587 607 635 649 688 691 707 713 722 725 728 730 753 757 763 767 769 794 803 811 813 824 907 912 931 961 970
Compactness: 5502.983107
Weights: 626.000000 10847.000000 2973.000000
Center Node: 722

District 2
Nodes: 0 13 65 69 106 115 139 164 171 185 189 194 200 206 295 301 312 325 352 431 451 453 466 472 473 516 523 532 556 643 645 676 704 723 734 740 748 756 838 858 859 872 905 918 919 951 964 973 977 986 995
Compactness: 11829.925755
Weights: 626.000000 10140.000000 3010.000000
Center Node: 453

District 3
Nodes: 17 36 37 61 63 126 128 132 180 181 191 209 222 227 236 256 262 274 280 284 289 309 341 346 360 368 377 388 401 441 484 492 521 541 549 560 586 595 614 618 626 650 651 657 669 697 709 746 770 791 846 934 957 965 982 988
Compactness: 6348.353587
Weights: 592.000000 10937.000000 2979.000000
Center Node: 346

District 4
Nodes: 19 23 33 51 53 57 81 91 127 136 144 153 172 182 221 228 233 261 286 305 321 359 363 381 404 423 433 456 463 475 478 483 485 553 555 567 577 584 616 628 629 696 721 795 817 833 892 943 945 959 968 983 996
Compactness: 5729.530168
Weights: 623.000000 10523.000000 3046.000000
Center Node: 968

District 5
Nodes: 4 48 54 96 102 140 210 225 271 300 302 316 338 343 362 373 421 460 522 533 573 576 594 615 620 621 634 652 655 663 668 694 700 726 772 787 796 801 812 827 831 841 852 867 870 883 896 902 950 969
Compactness: 4582.474388
Weights: 571.000000 10796.000000 3059.000000
Center Node: 655

District 6
Nodes: 86 89 120 121 135 137 147 158 183 192 242 287 296 313 348 354 397 398 402 409 412 487 514 517 524 537 540 561 570 588 591 596 633 675 677 679 711 739 774 809 823 825 854 866 875 877 926 935 947
Compactness: 4677.683384
Weights: 591.000000 10422.000000 2798.000000
Center Node: 540

District 7
Nodes: 16 40 49 74 78 98 123 146 176 179 193 203 224 249 276 306 310 320 357 371 459 474 528 548 569 571 574 625 630 642 660 667 685 699 741 742 744 758 808 820 842 863 873 897 904 927 953 967
Compactness: 6259.226459
Weights: 587.000000 10104.000000 2813.000000
Center Node: 176

District 8
Nodes: 20 47 70 76 124 155 173 187 201 212 220 251 273 291 293 298 299 303 308 349 391 408 468 490 543 547 572 583 601 637 653 658 695 706 724 732 735 736 782 797 798 822 828 835 887 923 930 937 979 987
Compactness: 4568.148664
Weights: 582.000000 10632.000000 3058.000000
Center Node: 887

District 9
Nodes: 8 11 12 93 157 169 208 211 240 253 264 265 270 336 337 367 378 387 427 446 454 457 491 502 525 579 581 680 714 716 750 760 768 775 793 800 836 837 848 855 861 874 890 891 908 909 915 916 941 944 958 994
Compactness: 4112.267542
Weights: 614.000000 10916.000000 2964.000000
Center Node: 169

District 10
Nodes: 7 21 34 39 105 116 119 134 148 168 217 223 239 248 260 283 315 342 361 386 396 403 405 413 429 461 481 503 512 542 545 554 559 623 659 665 692 718 747 777 779 792 814 865 881 960 974 980
Compactness: 9389.244670
Weights: 592.000000 9983.000000 2989.000000
Center Node: 980

District 11
Nodes: 32 46 56 60 87 103 197 232 259 279 294 317 319 323 331 344 345 355 356 358 372 375 385 392 426 436 442 449 462 476 498 499 508 530 551 558 609 648 656 664 705 784 816 818 847 886 893 901 910 938 984 989
Compactness: 5178.117928
Weights: 625.000000 10345.000000 2792.000000
Center Node: 294

District 12
Nodes: 3 22 24 30 82 88 118 122 129 145 151 165 215 218 234 247 257 266 288 307 311 328 380 383 384 437 445 448 494 496 504 513 515 536 568 606 638 662 702 789 804 815 864 903 921 928 939 949 992
Compactness: 4367.968956
Weights: 624.000000 10321.000000 2887.000000
Center Node: 22

District 13
Nodes: 18 28 31 50 66 71 94 108 113 130 131 150 170 188 204 269 285 353 379 407 410 411 511 535 539 552 564 566 593 604 632 636 641 646 683 689 745 749 773 802 819 850 880 917 940 952 962
Compactness: 3777.525578
Weights: 571.000000 10400.000000 2815.000000
Center Node: 636

District 14
Nodes: 27 67 75 80 112 117 142 143 162 163 195 198 219 243 246 263 267 347 394 415 422 469 480 486 507 531 557 590 598 600 613 617 622 670 671 672 678 687 690 712 755 829 834 868 914 932 978 981
Compactness: 4840.545842
Weights: 626.000000 10181.000000 2867.000000
Center Node: 195

District 15
Nodes: 2 44 62 73 90 92 101 104 159 174 178 237 278 292 390 393 406 419 424 440 444 447 471 482 489 500 518 526 529 550 578 582 592 603 610 612 674 698 701 708 720 729 762 805 832 840 862 876 884 933
Compactness: 5673.078482
Weights: 590.000000 10972.000000 2792.000000
Center Node: 701

District 16
Nodes: 29 77 83 85 111 156 184 216 226 229 231 241 258 290 322 389 400 418 425 443 450 467 488 527 589 597 631 703 727 743 754 780 783 799 851 856 857 869 878 879 889 899 913 929 948 954 955 976 985 998 999
Compactness: 4120.760304
Weights: 568.000000 10843.000000 3068.000000
Center Node: 889

District 17
Nodes: 6 42 45 79 161 199 207 235 252 318 326 332 333 351 382 395 399 414 435 464 506 519 534 544 608 611 661 684 710 719 751 752 771 776 785 810 839 849 895 900 922 925 946 963 975 990
Compactness: 3883.461400
Weights: 574.000000 10007.000000 2866.000000
Center Node: 785

District 18
Nodes: 38 43 52 58 95 125 133 141 154 167 175 196 202 281 324 327 330 366 374 455 465 497 510 520 538 546 562 585 605 624 647 673 686 715 717 733 738 786 807 830 843 871 885 888 906 911 920 924 956 971 993 997
Compactness: 5858.478671
Weights: 622.000000 10071.000000 3012.000000
Center Node: 585

District 19
Nodes: 10 14 41 59 64 72 97 100 138 149 152 186 230 244 250 275 314 329 364 365 428 432 434 458 477 493 495 509 602 627 666 681 731 759 761 765 781 788 790 806 826 860 882 936 942 991
Compactness: 8523.227199
Weights: 569.000000 10128.000000 2821.000000
Center Node: 493

District 20
Nodes: 1 5 15 25 26 35 68 84 109 110 166 177 190 205 213 238 245 268 277 282 304 340 369 370 417 430 452 470 479 575 580 599 619 639 640 644 654 682 693 737 764 766 778 821 844 845 853 894 898 966 972
Compactness: 5785.372707
Weights: 562.000000 10967.000000 3033.000000
Center Node: 166
