BalanceViolation 301.435000
AffinityLoss 865.000000
Compactness 50226.340939

District 1
Nodes: 3 11 30 34 63 113 160 166 180 226 230 232 267 274 304 308 340 369 370 407 451 460 469 481
Compactness: 2104.458792
Weights: 299.000000 5497.000000 1397.000000
Center Node: 30

District 2
Nodes: 19 20 26 65 73 79 102 112 116 126 177 179 197 231 240 241 246 249 285 306 361 396 424 428 473
Compactness: 2961.944040
Weights: 312.000000 5293.000000 1542.000000
Center Node: 241

District 3
Nodes: 4 46 50 53 57 85 96 146 189 265 271 291 296 313 330 333 337 350 358 362 372 381 383 397 408 495
Compactness: 2766.584765
Weights: 313.000000 5067.000000 1574.000000
Center Node: 57

District 4
Nodes: 35 39 136 147 148 196 205 218 222 225 227 234 238 257 278 292 320 326 366 368 391 395 421 453 471 499
Compactness: 2006.094168
Weights: 367.000000 5506.000000 1380.000000
Center Node: 39

District 5
Nodes: 0 16 25 51 67 68 76 80 83 91 97 117 144 150 173 176 184 237 252 353 385 404 432 492 494
Compactness: 2132.926876
Weights: 294.000000 5093.000000 1549.000000
Center Node: 404

District 6
Nodes: 32 37 58 75 94 122 135 140 171 194 272 281 284 287 294 382 392 393 431 441 447 466 468 475 487
Compactness: 1956.384953
Weights: 300.000000 5288.000000 1443.000000
Center Node: 32

District 7
Nodes: 6 40 41 108 153 195 198 223 282 309 341 345 355 375 389 394 413 423 430 437 439 461 476 486 488
Compactness: 2753.754561
Weights: 312.000000 5046.000000 1498.000000
Center Node: 198

District 8
Nodes: 9 23 31 47 52 54 86 156 187 203 204 215 219 260 261 310 311 360 379 399 403 420 440 467 479
Compactness: 2641.151953
Weights: 284.000000 5137.000000 1548.000000
Center Node: 23

District 9
Nodes: 1 28 29 87 106 111 119 120 154 158 216 235 250 253 269 270 289 302 305 319 323 363 387 445 497
Compactness: 3615.420100
Weights: 287.000000 5483.000000 1369.000000
Center Node: 363

District 10
Nodes: 13 72 74 100 129 134 162 170 175 181 182 279 290 293 297 318 346 348 349 374 398 416 454 490 498
Compactness: 2497.271318
Weights: 306.000000 5233.000000 1481.000000
Center Node: 129

District 11
Nodes: 10 22 33 36 44 66 115 165 169 183 186 188 193 209 236 256 276 288 314 334 352 378 384 417 462
Compactness: 2691.844736
Weights: 300.000000 5101.000000 1591.000000
Center Node: 334

District 12
Nodes: 7 98 141 157 161 185 206 211 212 221 233 243 259 317 321 322 324 347 354 356 357 422 433 446 452 455 474
Compactness: 3284.775724
Weights: 322.000000 5465.000000 1401.000000
Center Node: 422

District 13
Nodes: 18 21 89 92 104 107 137 163 199 258 266 301 312 327 336 338 339 342 351 359 365 402 406 411 444 450
Compactness: 2376.376396
Weights: 315.000000 5508.000000 1505.000000
Center Node: 342

District 14
Nodes: 24 49 56 82 127 133 143 152 155 192 208 210 244 273 277 283 295 298 412 429 459 483 485
Compactness: 1993.776938
Weights: 289.000000 5510.000000 1320.000000
Center Node: 429

District 15
Nodes: 2 14 42 99 128 130 132 149 164 167 178 191 201 207 247 251 299 329 335 343 373 377 390 409 410 427 434
Compactness: 3104.185477
Weights: 306.000000 5062.000000 1540.000000
Center Node: 42

District 16
Nodes: 5 8 69 70 121 168 190 242 262 264 268 280 367 371 380 443 456 464 465 477 478 480 489 493
Compactness: 2224.247879
Weights: 310.000000 5132.000000 1536.000000
Center Node: 489

District 17
Nodes: 15 17 38 48 61 81 110 139 214 217 275 286 315 325 328 344 400 414 425 436 482 496
Compactness: 1877.222430
Weights: 291.000000 5481.000000 1440.000000
Center Node: 139

District 18
Nodes: 59 62 71 77 93 95 103 159 174 213 220 245 255 263 303 307 332 401 415 418 435 442 448 463 491
Compactness: 2987.461101
Weights: 285.000000 5448.000000 1518.000000
Center Node: 401

District 19
Nodes: 27 45 78 84 88 101 105 118 131 138 142 151 172 202 229 248 300 316 331 364 376 405 449 457
Compactness: 1942.118293
Weights: 291.000000 5264.000000 1474.000000
Center Node: 27

District 20
Nodes: 12 43 55 60 64 90 109 114 123 124 125 145 200 224 228 239 254 386 388 419 426 438 458 470 472 484
Compactness: 2308.340439
Weights: 349.000000 5104.000000 1408.000000
Center Node: 228
