BalanceViolation 2234.064000
AffinityLoss 950.000000
Compactness 31454.389448

District 1
Nodes: 1 16 27 85 106 169 200 219 221 277 310 327
Compactness: 674.121465
Weights: 137.000000 2030.000000 839.000000
Center Node: 219

District 2
Nodes: 77 79 114 142 146 176 213 366 428 465
Compactness: 737.384394
Weights: 133.000000 2225.000000 627.000000
Center Node: 146

District 3
Nodes: 41 62 101 150 188 268 319 349 369
Compactness: 449.180128
Weights: 119.000000 2064.000000 581.000000
Center Node: 41

District 4
Nodes: 29 151 162 163 165 329 354 377 421 449
Compactness: 565.674842
Weights: 136.000000 2023.000000 641.000000
Center Node: 421

District 5
Nodes: 177 220 235 280 304 305 308 317 372 442
Compactness: 899.247737
Weights: 125.000000 2029.000000 634.000000
Center Node: 305

District 6
Nodes: 119 136 143 217 253 300 301 360 405 417 418
Compactness: 536.759024
Weights: 113.000000 2029.000000 657.000000
Center Node: 360

District 7
Nodes: 24 31 84 110 141 247 303 432 467 484
Compactness: 719.060506
Weights: 122.000000 2035.000000 639.000000
Center Node: 31

District 8
Nodes: 19 59 164 199 211 226 236 237 251 337
Compactness: 556.463527
Weights: 130.000000 2059.000000 636.000000
Center Node: 59

District 9
Nodes: 0 52 70 78 174 388 438 495
Compactness: 444.354568
Weights: 100.000000 2209.000000 326.000000
Center Node: 388

District 10
Nodes: 17 26 55 242 262 313 347 348 483 488
Compactness: 431.492572
Weights: 109.000000 2258.000000 609.000000
Center Node: 17

District 11
Nodes: 35 76 152 192 205 341 384 391 435 497
Compactness: 592.721955
Weights: 111.000000 2021.000000 601.000000
Center Node: 35

District 12
Nodes: 34 130 132 157 178 204 224 232 287 470
Compactness: 837.007323
Weights: 145.000000 2049.000000 575.000000
Center Node: 34

District 13
Nodes: 32 74 133 145 160 182 240 270 271 330 339
Compactness: 633.674993
Weights: 123.000000 2235.000000 545.000000
Center Node: 182

District 14
Nodes: 22 117 137 159 222 297 324 333 376 454
Compactness: 516.465813
Weights: 114.000000 2031.000000 749.000000
Center Node: 454

District 15
Nodes: 33 36 112 185 189 218 291 314 326 394 430
Compactness: 778.135449
Weights: 112.000000 2119.000000 661.000000
Center Node: 36

District 16
Nodes: 92 167 195 223 309 437 440 460 482 492
Compactness: 545.331826
Weights: 105.000000 2136.000000 544.000000
Center Node: 223

District 17
Nodes: 6 95 105 216 290 321 359 412 479 491
Compactness: 590.213592
Weights: 106.000000 2273.000000 579.000000
Center Node: 105

District 18
Nodes: 20 47 129 149 250 267 275 298 334 439 453
Compactness: 560.232641
Weights: 131.000000 2249.000000 667.000000
Center Node: 298

District 19
Nodes: 90 228 245 302 343 344 398 400 423 485
Compactness: 739.476860
Weights: 115.000000 2262.000000 527.000000
Center Node: 398

District 20
Nodes: 42 171 196 265 286 299 335 422 450 451 489
Compactness: 744.061016
Weights: 156.000000 1969.000000 642.000000
Center Node: 171

District 21
Nodes: 45 111 147 279 312 340 378 397 411 414 490
Compactness: 706.482974
Weights: 147.000000 2258.000000 540.000000
Center Node: 414

District 22
Nodes: 5 30 49 51 115 206 283 288 316 471
Compactness: 676.369279
Weights: 133.000000 2171.000000 588.000000
Center Node: 316

District 23
Nodes: 53 153 183 214 249 261 375 383 392 399
Compactness: 452.144900
Weights: 110.000000 2160.000000 604.000000
Center Node: 249

District 24
Nodes: 21 37 46 156 201 225 239 255 367 401 472
Compactness: 676.454407
Weights: 150.000000 2098.000000 563.000000
Center Node: 472

District 25
Nodes: 134 140 155 212 351 373 395 413 420 446 475
Compactness: 891.601987
Weights: 125.000000 2218.000000 538.000000
Center Node: 446

District 26
Nodes: 73 82 116 125 243 254 260 345 352 436
Compactness: 634.597655
Weights: 137.000000 2277.000000 550.000000
Center Node: 82

District 27
Nodes: 38 43 50 98 135 148 197 322 393 416 462
Compactness: 517.313220
Weights: 128.000000 2151.000000 597.000000
Center Node: 416

District 28
Nodes: 28 71 191 202 231 258 294 452 455 466 473
Compactness: 717.408649
Weights: 136.000000 1998.000000 624.000000
Center Node: 455

District 29
Nodes: 12 66 83 99 158 272 386 441 456 468
Compactness: 767.089661
Weights: 123.000000 2212.000000 542.000000
Center Node: 99

District 30
Nodes: 2 88 234 273 276 356 429 445 458 498
Compactness: 548.775291
Weights: 125.000000 2207.000000 541.000000
Center Node: 234

District 31
Nodes: 56 75 93 118 184 241 296 342 363
Compactness: 480.807363
Weights: 122.000000 2174.000000 560.000000
Center Node: 296

District 32
Nodes: 10 48 57 94 166 172 230 252 306 380
Compactness: 804.357650
Weights: 130.000000 2188.000000 602.000000
Center Node: 252

District 33
Nodes: 124 127 154 209 210 215 278 323 357 382 385
Compactness: 610.858485
Weights: 160.000000 2052.000000 542.000000
Center Node: 357

District 34
Nodes: 40 89 97 104 109 139 227 311 328
Compactness: 482.870286
Weights: 129.000000 2126.000000 602.000000
Center Node: 328

District 35
Nodes: 7 39 96 113 180 193 415 434 493 494
Compactness: 565.280316
Weights: 117.000000 2023.000000 612.000000
Center Node: 7

District 36
Nodes: 173 282 318 336 355 370 390 410 477 480
Compactness: 381.636779
Weights: 99.000000 2214.000000 618.000000
Center Node: 410

District 37
Nodes: 4 13 100 194 257 274 284 292 295 307 409
Compactness: 543.059605
Weights: 127.000000 2096.000000 579.000000
Center Node: 194

District 38
Nodes: 102 181 198 229 244 320 424 444 481
Compactness: 291.146672
Weights: 101.000000 2219.000000 557.000000
Center Node: 229

District 39
Nodes: 25 87 123 208 233 325 350 408 448
Compactness: 571.392413
Weights: 137.000000 2239.000000 548.000000
Center Node: 123

District 40
Nodes: 9 63 68 108 281 285 358 463 476 496
Compactness: 1893.342768
Weights: 87.000000 2234.000000 556.000000
Center Node: 463

District 41
Nodes: 23 107 187 207 266 381 387 404
Compactness: 479.433155
Weights: 124.000000 2063.000000 576.000000
Center Node: 107

District 42
Nodes: 64 69 144 168 170 179 203 362 419 447
Compactness: 730.499341
Weights: 126.000000 2264.000000 540.000000
Center Node: 179

District 43
Nodes: 61 131 259 264 293 361 379 425 431
Compactness: 695.613649
Weights: 132.000000 2040.000000 546.000000
Center Node: 293

District 44
Nodes: 8 120 121 126 175 269 407 427 457 461
Compactness: 634.143567
Weights: 128.000000 2147.000000 578.000000
Center Node: 8

District 45
Nodes: 14 18 72 353 402 459 486 487
Compactness: 349.762884
Weights: 110.000000 2271.000000 374.000000
Center Node: 486

District 46
Nodes: 54 58 67 122 138 256 263 365 389 396
Compactness: 515.835433
Weights: 108.000000 2247.000000 541.000000
Center Node: 396

District 47
Nodes: 3 86 161 248 331 346 364 371 478 499
Compactness: 756.588546
Weights: 127.000000 2108.000000 584.000000
Center Node: 248

District 48
Nodes: 65 246 289 315 332 338 374 403 433 469
Compactness: 528.178588
Weights: 141.000000 2053.000000 480.000000
Center Node: 315

District 49
Nodes: 11 44 60 81 91 128 238 368 443 464
Compactness: 545.338789
Weights: 127.000000 2157.000000 558.000000
Center Node: 443

District 50
Nodes: 15 80 103 186 190 406 426 474
Compactness: 454.944904
Weights: 106.000000 2271.000000 274.000000
Center Node: 474
