BalanceViolation 4.165000
AffinityLoss 3189.000000
Compactness 252417.393422

District 1
Nodes: 11 56 111 127 159 166 212 218 240 255 262 263 282 300 312 324 332 346 364 369 410 472 487 543 551 568 574 614 666 693 702 714 715 732 748 780 793 800 814 826 847 861 864 880 889 898 914 951 953 983 1009 1030 1079 1106 1112 1156 1162 1172 1177 1199 1228 1257 1288 1309 1328 1364 1373 1381 1394 1404 1446 1462 1487 1568 1599 1609 1615 1636 1655 1659 1674 1679 1703 1705 1736 1743 1809 1821 1828 1870 1873 1913 1948 1952 1956 1971 1994
Compactness: 13662.360599
Weights: 1144.000000 19388.000000 5745.000000
Center Node: 1674

District 2
Nodes: 28 64 80 86 91 97 128 151 180 192 196 205 277 329 330 338 376 390 416 428 432 434 458 492 494 506 563 566 628 656 695 697 720 726 735 762 771 776 854 859 865 933 943 965 977 1018 1043 1073 1088 1094 1104 1109 1115 1116 1146 1161 1192 1193 1215 1217 1219 1224 1225 1230 1277 1289 1300 1327 1340 1350 1395 1402 1414 1436 1467 1473 1499 1512 1517 1528 1529 1548 1549 1552 1555 1595 1617 1630 1654 1691 1716 1726 1767 1786 1796 1814 1845 1852 1895 1899 1901 1915 1918 1938 1951 1983
Compactness: 20601.756720
Weights: 1265.000000 21033.000000 5725.000000
Center Node: 1938

District 3
Nodes: 16 53 60 77 109 144 149 187 224 253 264 291 293 299 301 331 349 359 360 386 396 425 436 462 475 510 529 546 560 579 589 620 642 692 701 706 713 817 840 882 903 950 980 986 1004 1025 1077 1102 1118 1119 1144 1158 1165 1260 1278 1290 1293 1298 1301 1314 1331 1341 1352 1353 1355 1356 1357 1369 1374 1380 1409 1431 1441 1458 1491 1496 1500 1505 1515 1534 1574 1575 1577 1629 1704 1722 1747 1802 1831 1832 1833 1838 1848 1877 1891 1904 1912 1955
Compactness: 14039.532699
Weights: 1231.000000 20669.000000 5973.000000
Center Node: 1118

District 4
Nodes: 31 37 82 92 146 154 156 219 254 267 294 303 319 372 375 377 395 401 484 496 502 508 509 515 521 542 548 553 572 590 631 636 649 657 670 698 737 738 750 754 755 792 794 798 883 906 963 979 982 991 1032 1037 1072 1082 1099 1101 1125 1141 1149 1175 1186 1202 1231 1258 1264 1305 1361 1376 1383 1391 1406 1455 1477 1510 1522 1537 1544 1556 1572 1596 1605 1619 1640 1671 1699 1708 1715 1729 1749 1787 1816 1829 1878 1929 1933 1942
Compactness: 11287.345402
Weights: 1254.000000 19451.000000 5466.000000
Center Node: 1072

District 5
Nodes: 40 66 90 100 118 132 147 161 164 182 200 207 238 270 271 279 287 317 354 368 380 448 485 525 559 606 610 637 638 662 665 724 725 729 736 783 785 791 807 823 831 850 874 890 904 922 936 956 1000 1020 1078 1086 1122 1132 1137 1145 1157 1191 1201 1208 1220 1238 1250 1262 1296 1324 1348 1354 1372 1378 1416 1418 1428 1466 1475 1519 1532 1536 1540 1582 1583 1607 1614 1637 1661 1667 1701 1702 1738 1775 1782 1783 1827 1868 1930 1943 1963 1970 1987
Compactness: 10777.177174
Weights: 1150.000000 19505.000000 5743.000000
Center Node: 279

District 6
Nodes: 0 4 13 22 23 33 34 65 81 108 115 173 176 230 248 258 276 278 302 305 391 405 413 445 446 474 478 490 519 602 617 630 672 696 740 759 799 811 818 821 867 872 895 941 958 967 990 1031 1047 1064 1142 1153 1197 1237 1261 1292 1304 1310 1315 1347 1398 1413 1438 1452 1471 1486 1501 1508 1521 1526 1550 1554 1558 1571 1587 1621 1625 1631 1632 1634 1651 1660 1693 1763 1769 1771 1774 1778 1792 1793 1812 1840 1846 1916 1966 1978 1985 1997
Compactness: 21840.374736
Weights: 1195.000000 21029.000000 5902.000000
Center Node: 1142

District 7
Nodes: 26 72 93 150 185 193 202 210 214 217 249 259 261 318 348 353 367 426 451 461 482 520 530 531 565 591 593 643 667 679 680 694 703 708 712 745 760 775 786 808 832 863 897 909 919 935 957 992 1001 1034 1036 1096 1120 1170 1196 1200 1209 1222 1235 1252 1269 1306 1313 1333 1334 1360 1392 1410 1429 1451 1476 1562 1565 1567 1569 1576 1588 1591 1593 1601 1616 1643 1644 1680 1694 1717 1728 1730 1744 1776 1791 1801 1849 1869 1889 1973 1998
Compactness: 11530.507274
Weights: 1146.000000 20055.000000 6012.000000
Center Node: 1567

District 8
Nodes: 104 129 153 155 172 236 266 273 285 292 310 334 336 343 344 361 363 399 408 415 477 483 486 547 550 571 731 741 768 774 788 797 828 843 844 878 901 926 930 1017 1024 1039 1045 1046 1051 1056 1083 1150 1168 1223 1241 1253 1259 1268 1281 1282 1307 1319 1323 1326 1338 1346 1386 1396 1401 1426 1507 1538 1542 1551 1560 1566 1570 1586 1597 1618 1624 1633 1645 1650 1665 1711 1725 1727 1734 1735 1757 1764 1779 1788 1826 1843 1850 1882 1894 1941 1953 1958 1980
Compactness: 10284.233651
Weights: 1211.000000 19619.000000 5994.000000
Center Node: 1386

District 9
Nodes: 18 70 79 142 231 272 283 298 325 326 341 347 392 419 429 444 465 469 471 491 497 536 570 576 578 584 598 605 629 644 645 648 673 677 678 691 756 761 772 795 796 856 857 873 907 912 927 947 955 960 962 972 989 1011 1041 1062 1093 1100 1180 1195 1204 1213 1236 1246 1251 1255 1284 1287 1302 1308 1330 1339 1362 1368 1419 1422 1433 1516 1533 1539 1581 1598 1602 1626 1638 1673 1687 1700 1710 1732 1740 1761 1804 1815 1835 1839 1866 1879 1905 1925 1947 1974 1999
Compactness: 13294.922035
Weights: 1242.000000 20345.000000 5469.000000
Center Node: 772

District 10
Nodes: 8 9 38 52 87 96 103 110 116 121 135 141 174 189 220 234 239 246 252 257 288 304 335 400 403 454 460 470 501 511 516 523 526 558 585 588 599 663 722 765 767 778 820 877 881 884 900 921 939 942 959 966 993 1005 1006 1016 1040 1067 1069 1074 1091 1130 1131 1152 1221 1243 1245 1266 1267 1273 1321 1336 1365 1366 1388 1456 1465 1478 1485 1498 1506 1524 1573 1639 1647 1672 1684 1724 1759 1762 1780 1842 1863 1903 1908 1914 1954 1957 1961 1988
Compactness: 14068.017820
Weights: 1174.000000 21154.000000 5559.000000
Center Node: 9

District 11
Nodes: 41 44 45 62 73 88 114 131 136 137 145 216 328 339 355 382 389 394 420 433 457 466 476 505 514 522 545 555 557 564 581 621 627 659 719 753 770 779 790 834 836 848 869 886 915 928 945 978 1013 1048 1055 1068 1090 1114 1139 1187 1211 1216 1227 1229 1295 1297 1311 1332 1359 1385 1399 1421 1430 1444 1449 1457 1460 1470 1495 1520 1589 1594 1627 1649 1652 1658 1668 1696 1723 1797 1807 1808 1818 1847 1893 1921 1928 1932 1937 1939 1959 1964 1982 1984
Compactness: 10013.979991
Weights: 1163.000000 20794.000000 6008.000000
Center Node: 557

District 12
Nodes: 15 36 48 67 74 76 89 107 119 124 148 168 169 175 179 188 190 197 198 199 211 223 245 247 275 284 307 357 362 374 379 447 459 464 503 504 507 552 567 601 624 640 653 658 671 684 690 716 721 782 812 815 842 849 855 862 866 908 913 923 952 981 1003 1012 1022 1059 1070 1085 1135 1147 1183 1234 1271 1351 1425 1461 1468 1553 1578 1646 1648 1692 1707 1720 1741 1742 1789 1805 1822 1825 1844 1871 1888 1931 1934 1969 1972 1977 1986 1990 1993
Compactness: 10343.288038
Weights: 1263.000000 19420.000000 5574.000000
Center Node: 1183

District 13
Nodes: 19 50 51 57 59 63 69 83 102 120 126 170 194 222 229 235 251 269 308 321 352 370 381 406 418 427 431 438 450 452 480 481 495 532 569 611 744 803 822 824 825 829 837 858 888 925 931 976 985 1015 1035 1038 1057 1075 1087 1126 1163 1198 1206 1210 1244 1248 1276 1317 1318 1349 1377 1379 1397 1400 1412 1432 1434 1442 1445 1479 1481 1484 1488 1494 1686 1698 1706 1709 1731 1746 1785 1795 1799 1813 1883 1902 1935 1995
Compactness: 9234.013328
Weights: 1151.000000 19520.000000 5900.000000
Center Node: 1434

District 14
Nodes: 3 24 54 71 75 85 139 143 165 191 204 232 250 260 280 340 366 398 414 439 468 488 498 513 518 535 577 592 594 595 603 612 613 674 675 676 705 728 730 734 747 773 784 789 813 830 860 879 885 968 971 973 975 988 1019 1042 1050 1053 1066 1076 1080 1089 1108 1110 1111 1181 1185 1189 1203 1205 1226 1239 1275 1280 1325 1343 1344 1389 1407 1408 1420 1439 1443 1454 1472 1490 1493 1697 1719 1823 1876 1884 1892 1907 1962 1981
Compactness: 11058.731666
Weights: 1260.000000 20116.000000 5466.000000
Center Node: 1472

District 15
Nodes: 6 39 84 98 122 125 134 181 203 208 209 221 241 274 311 384 385 397 407 409 422 437 463 561 562 580 596 604 618 625 633 689 717 763 841 845 870 871 896 902 948 995 998 999 1033 1061 1063 1092 1098 1129 1138 1148 1159 1160 1164 1167 1176 1212 1263 1283 1294 1299 1320 1415 1427 1435 1447 1453 1480 1483 1492 1502 1511 1563 1585 1620 1623 1635 1641 1642 1663 1675 1676 1681 1714 1755 1798 1806 1824 1860 1861 1875 1887 1924 1946 1949 1950 1967 1979
Compactness: 14863.225596
Weights: 1193.000000 21285.000000 5659.000000
Center Node: 1033

District 16
Nodes: 10 14 17 29 35 47 49 55 61 94 130 133 162 167 171 178 186 201 226 243 316 322 345 388 417 421 424 455 527 528 539 549 597 609 682 686 688 704 723 739 743 758 777 781 806 819 827 835 838 852 853 876 899 949 987 1008 1026 1044 1117 1121 1136 1140 1154 1171 1174 1190 1214 1270 1316 1337 1342 1363 1375 1390 1405 1423 1424 1459 1474 1503 1509 1518 1523 1530 1531 1546 1580 1584 1608 1611 1612 1653 1678 1682 1688 1718 1737 1739 1754 1781 1784 1854 1862 1880 1890 1919 1923 1927 1991
Compactness: 11286.551736
Weights: 1259.000000 20257.000000 6008.000000
Center Node: 1523

District 17
Nodes: 12 25 42 46 58 99 123 138 152 183 195 242 244 265 296 309 373 442 443 449 499 517 586 632 635 646 650 660 668 669 683 687 733 742 746 751 766 787 802 809 833 868 891 892 894 916 932 938 961 1010 1014 1021 1028 1071 1095 1105 1107 1143 1182 1232 1233 1242 1247 1265 1285 1312 1367 1403 1417 1440 1450 1463 1541 1557 1579 1590 1606 1628 1656 1662 1664 1750 1752 1756 1772 1777 1800 1810 1817 1820 1834 1864 1881 1896 1920 1922 1965
Compactness: 9130.652803
Weights: 1149.000000 19531.000000 5514.000000
Center Node: 1752

District 18
Nodes: 5 21 27 101 105 113 160 163 184 225 256 314 315 320 323 356 371 383 404 423 435 473 479 493 500 534 538 573 575 582 583 587 607 608 616 622 623 641 655 711 718 769 805 810 846 910 911 940 946 970 996 1007 1023 1049 1054 1065 1081 1103 1123 1124 1134 1184 1218 1240 1254 1286 1322 1371 1382 1482 1497 1504 1513 1514 1527 1545 1561 1564 1610 1683 1689 1751 1765 1768 1770 1794 1811 1819 1857 1859 1867 1898 1906 1909 1910 1911 1945 1975 1976 1989 1992
Compactness: 9333.333670
Weights: 1142.000000 21057.000000 6027.000000
Center Node: 1945

District 19
Nodes: 1 2 7 30 32 43 112 140 158 206 213 215 233 237 289 295 297 342 350 351 378 393 412 453 456 512 524 533 537 544 556 600 615 619 626 639 647 652 681 685 700 707 709 710 727 749 757 764 801 804 816 839 851 875 893 917 920 924 937 944 969 994 997 1002 1058 1097 1133 1151 1188 1207 1249 1272 1274 1279 1335 1370 1411 1437 1448 1469 1525 1535 1547 1559 1592 1603 1613 1666 1669 1670 1721 1745 1753 1758 1760 1790 1803 1830 1836 1841 1856 1872 1885 1897 1900 1917
Compactness: 11867.927596
Weights: 1261.000000 21276.000000 5569.000000
Center Node: 1058

District 20
Nodes: 20 68 78 95 106 117 157 177 227 228 268 281 286 290 306 313 327 333 337 358 365 387 402 411 430 440 441 467 489 540 541 554 634 651 654 661 664 699 752 887 905 918 929 934 954 964 974 984 1027 1029 1052 1060 1084 1113 1127 1128 1155 1166 1169 1173 1178 1179 1194 1256 1291 1303 1329 1345 1358 1384 1387 1393 1464 1489 1543 1600 1604 1622 1657 1677 1685 1690 1695 1712 1713 1733 1748 1766 1773 1837 1851 1853 1855 1858 1865 1874 1886 1926 1936 1940 1944 1960 1968 1996
Compactness: 13899.460888
Weights: 1254.000000 21203.000000 5520.000000
Center Node: 467
