BalanceViolation 428.032000
AffinityLoss 3838.000000
Compactness 137830.016295

District 1
Nodes: 20 159 166 218 332 346 358 364 402 540 551 614 654 693 702 714 715 748 847 864 880 953 1127 1199 1228 1288 1364 1373 1446 1462 1609 1659 1679 1690 1736 1743 1809 1870 1988 1994
Compactness: 2435.511887
Weights: 497.000000 7741.000000 2402.000000
Center Node: 1659

District 2
Nodes: 28 64 80 277 278 432 446 490 566 656 771 799 859 865 969 1047 1073 1088 1104 1215 1219 1224 1237 1292 1327 1340 1413 1471 1512 1528 1634 1691 1693 1767 1899 1901 1918 1983
Compactness: 2412.733057
Weights: 504.000000 7988.000000 2254.000000
Center Node: 80

District 3
Nodes: 44 107 149 180 187 253 264 659 692 701 753 779 836 882 950 986 1025 1043 1119 1123 1144 1158 1165 1290 1341 1369 1374 1402 1409 1441 1496 1534 1555 1574 1723 1726 1747 1796 1838 1912
Compactness: 4469.839932
Weights: 481.000000 8065.000000 2318.000000
Center Node: 1341

District 4
Nodes: 34 154 267 294 395 445 502 509 542 572 631 649 657 698 750 754 794 798 818 1032 1037 1072 1082 1125 1175 1258 1264 1305 1376 1438 1477 1572 1619 1708 1729 1769 1816 1978
Compactness: 2311.401918
Weights: 489.000000 7741.000000 2364.000000
Center Node: 572

District 5
Nodes: 90 114 145 161 182 207 279 354 567 596 606 638 724 785 791 807 831 850 870 936 956 978 1086 1092 1122 1191 1201 1262 1348 1359 1372 1418 1466 1519 1582 1583 1614 1637 1661 1702 1738 1963
Compactness: 3539.010903
Weights: 504.000000 8271.000000 2362.000000
Center Node: 850

District 6
Nodes: 3 33 81 176 233 248 280 305 413 439 602 615 696 705 734 757 759 811 821 872 958 988 1031 1080 1153 1261 1315 1344 1347 1391 1508 1774 1787 1793 1812 1856 1897 1981
Compactness: 2527.157484
Weights: 449.000000 8510.000000 2180.000000
Center Node: 81

District 7
Nodes: 150 214 348 367 482 642 643 703 760 808 817 832 903 957 992 1023 1036 1096 1102 1120 1196 1200 1209 1222 1235 1337 1392 1451 1476 1562 1567 1591 1601 1730 1791 1869 1877 1889 1973 1998
Compactness: 2515.263815
Weights: 451.000000 7733.000000 2296.000000
Center Node: 1791

District 8
Nodes: 29 172 236 266 285 334 336 344 345 363 408 477 483 539 547 686 704 774 878 897 949 1026 1046 1051 1056 1117 1168 1174 1268 1396 1405 1551 1570 1588 1612 1645 1725 1734 1764 1826 1941 1980
Compactness: 2093.570310
Weights: 500.000000 7697.000000 2449.000000
Center Node: 1980

District 9
Nodes: 78 325 337 365 387 419 489 554 578 650 746 795 873 887 905 918 1029 1093 1166 1169 1236 1308 1384 1387 1516 1604 1622 1657 1687 1695 1712 1748 1773 1839 1858 1879 1944 1960 1974
Compactness: 2420.113979
Weights: 495.000000 8337.000000 2206.000000
Center Node: 1604

District 10
Nodes: 0 22 52 96 257 276 288 403 437 460 501 511 523 556 617 765 801 877 881 942 959 1006 1074 1130 1148 1167 1176 1197 1336 1388 1398 1563 1639 1824 1846 1863 1903 1908 1961
Compactness: 2064.631828
Weights: 463.000000 8518.000000 2178.000000
Center Node: 523

District 11
Nodes: 45 62 73 328 355 382 394 396 457 466 522 555 581 621 697 790 915 945 1020 1048 1114 1187 1277 1314 1378 1414 1421 1449 1460 1470 1520 1607 1668 1696 1786 1814 1818 1893 1982 1984
Compactness: 3547.567470
Weights: 459.000000 8413.000000 2396.000000
Center Node: 62

District 12
Nodes: 36 48 86 97 124 211 223 330 447 459 684 726 812 842 849 855 943 965 981 1003 1012 1059 1094 1161 1183 1230 1300 1467 1468 1499 1720 1742 1775 1822 1938 1951 1972 1977
Compactness: 3195.669420
Weights: 517.000000 7737.000000 2230.000000
Center Node: 842

District 13
Nodes: 50 69 102 126 229 255 321 381 427 448 452 481 532 744 800 824 825 826 976 985 1030 1035 1057 1079 1206 1244 1276 1377 1412 1442 1494 1674 1795 1799 1883 1902 1913 1948 1971 1992
Compactness: 2759.945206
Weights: 492.000000 7737.000000 2390.000000
Center Node: 481

District 14
Nodes: 23 71 85 303 340 366 444 488 491 498 644 673 674 691 784 907 955 972 991 1019 1041 1066 1181 1202 1226 1239 1343 1383 1422 1490 1510 1556 1640 1697 1732 1835 1884 1907 1947 1962
Compactness: 1896.654681
Weights: 501.000000 8491.000000 2200.000000
Center Node: 1343

District 15
Nodes: 6 39 66 125 134 179 199 270 307 350 357 397 407 454 562 685 690 736 764 816 839 851 875 922 999 1098 1138 1151 1294 1335 1447 1475 1525 1760 1798 1825 1827 1887 1949 1970 1993
Compactness: 2744.208794
Weights: 494.000000 8340.000000 2280.000000
Center Node: 6

District 16
Nodes: 14 49 55 72 94 133 162 226 424 520 527 546 682 723 739 745 781 827 852 853 876 899 1008 1118 1121 1154 1316 1334 1342 1356 1363 1380 1458 1459 1503 1509 1523 1584 1611 1688 1923
Compactness: 4749.822254
Weights: 489.000000 7826.000000 2402.000000
Center Node: 1008

District 17
Nodes: 42 46 152 265 286 296 440 443 449 499 664 683 741 787 891 916 1014 1060 1107 1182 1232 1265 1285 1291 1312 1319 1358 1368 1440 1463 1590 1664 1752 1756 1772 1810 1817 1820 1834 1965
Compactness: 2114.633037
Weights: 489.000000 7851.000000 2303.000000
Center Node: 499

District 18
Nodes: 5 27 105 113 184 315 320 352 435 473 475 587 622 623 655 711 769 805 846 910 946 1065 1075 1103 1322 1357 1382 1457 1482 1504 1513 1686 1751 1768 1819 1832 1909 1911 1975 1989
Compactness: 2883.112619
Weights: 457.000000 8454.000000 2397.000000
Center Node: 315

District 19
Nodes: 30 112 237 289 376 378 385 412 434 453 512 563 700 707 709 717 720 920 937 997 1097 1116 1133 1164 1188 1274 1279 1436 1437 1452 1517 1547 1558 1630 1651 1745 1753 1758 1885 1917 1979
Compactness: 3108.987260
Weights: 504.000000 8508.000000 2233.000000
Center Node: 30

District 20
Nodes: 87 95 106 111 117 227 228 281 333 411 430 465 467 541 661 814 927 929 964 993 1027 1040 1084 1113 1128 1155 1156 1173 1179 1256 1329 1489 1506 1602 1626 1677 1684 1713 1837 1851 1855 1926 1936 1968
Compactness: 3272.304895
Weights: 524.000000 8271.000000 2181.000000
Center Node: 430

District 21
Nodes: 18 92 146 231 254 272 341 347 375 392 429 471 508 521 548 576 598 605 636 645 678 737 756 856 912 960 982 1062 1284 1302 1419 1455 1596 1638 1710 1815 1866 1925 1942 1999
Compactness: 2348.339660
Weights: 487.000000 7822.000000 2125.000000
Center Node: 1638

District 22
Nodes: 41 88 147 163 380 420 433 476 505 557 564 607 627 637 874 911 928 1000 1007 1013 1055 1078 1090 1137 1216 1295 1332 1385 1399 1430 1444 1495 1527 1589 1594 1627 1765 1808 1921 1964
Compactness: 2578.940655
Weights: 473.000000 7926.000000 2384.000000
Center Node: 1055

District 23
Nodes: 12 25 123 130 183 242 244 309 316 361 455 517 597 632 660 733 766 809 828 894 932 1021 1028 1233 1242 1367 1403 1417 1424 1450 1507 1557 1560 1579 1606 1628 1653 1662 1711 1864 1896 1922 1927
Compactness: 2724.524912
Weights: 491.000000 7797.000000 2357.000000
Center Node: 1579

District 24
Nodes: 40 51 164 208 222 246 274 450 495 845 858 890 904 931 998 1033 1087 1126 1159 1160 1163 1210 1243 1299 1354 1400 1427 1445 1456 1483 1511 1532 1585 1623 1681 1701 1782 1806 1935 1954
Compactness: 2576.748820
Weights: 454.000000 8502.000000 2400.000000
Center Node: 1483

District 25
Nodes: 4 13 65 75 82 115 156 302 391 401 414 474 496 592 603 728 755 773 830 867 1050 1064 1142 1149 1189 1231 1443 1454 1522 1537 1550 1603 1669 1699 1763 1778 1840 1933 1985
Compactness: 2982.852605
Weights: 504.000000 8501.000000 2175.000000
Center Node: 728

District 26
Nodes: 35 47 170 217 300 308 318 370 472 591 666 679 732 780 829 837 861 935 1001 1015 1038 1112 1214 1253 1313 1317 1318 1328 1333 1379 1394 1479 1481 1593 1680 1682 1728 1744 1821 1828 1873 1956
Compactness: 3235.570765
Weights: 457.000000 7855.000000 2402.000000
Center Node: 1214

District 27
Nodes: 193 202 249 291 323 331 371 461 479 529 534 573 589 616 641 706 718 775 996 1184 1218 1269 1298 1410 1429 1497 1545 1565 1577 1616 1689 1694 1794 1811 1833 1848 1910 1945 1976
Compactness: 2235.877575
Weights: 431.000000 8466.000000 2318.000000
Center Node: 573

District 28
Nodes: 67 136 148 247 275 287 362 503 514 545 719 735 762 770 776 869 886 913 1070 1085 1139 1193 1229 1234 1297 1324 1395 1461 1646 1649 1652 1658 1707 1797 1807 1847 1871 1888 1928 1939 1969 1990
Compactness: 2561.039966
Weights: 506.000000 7944.000000 2365.000000
Center Node: 1797

District 29
Nodes: 31 79 138 283 327 469 486 497 515 553 584 586 634 646 668 670 687 699 742 833 868 883 892 906 934 961 1011 1071 1095 1105 1178 1195 1251 1307 1362 1464 1539 1656 1740 1777 1905 1929
Compactness: 6170.424573
Weights: 487.000000 8275.000000 2176.000000
Center Node: 1251

District 30
Nodes: 15 76 91 119 151 169 175 190 198 205 245 329 374 428 458 494 507 619 640 653 671 695 721 854 862 1002 1115 1135 1271 1350 1351 1425 1453 1553 1578 1595 1617 1641 1692 1755 1805 1852 1967
Compactness: 2668.599282
Weights: 504.000000 8351.000000 2364.000000
Center Node: 862

District 31
Nodes: 32 108 122 158 206 213 215 241 252 295 311 342 351 478 533 537 544 600 626 727 749 895 917 921 941 1067 1267 1320 1370 1411 1613 1632 1666 1771 1790 1830 1836 1946 1966
Compactness: 2554.672517
Weights: 451.000000 8516.000000 2054.000000
Center Node: 533

District 32
Nodes: 11 103 141 189 212 239 290 369 400 418 470 487 558 568 663 722 767 820 983 984 1091 1257 1321 1349 1366 1381 1485 1524 1599 1706 1724 1733 1785 1842 1886 1940 1957
Compactness: 2464.182849
Weights: 485.000000 8296.000000 2201.000000
Center Node: 239

District 33
Nodes: 16 53 77 131 137 216 224 293 299 359 425 436 560 583 608 840 848 1068 1081 1227 1260 1293 1311 1353 1491 1500 1505 1564 1575 1610 1831 1891 1932 1937 1955 1959
Compactness: 2293.407543
Weights: 462.000000 8515.000000 2368.000000
Center Node: 1575

District 34
Nodes: 63 83 101 120 185 235 269 356 383 423 431 438 480 500 565 569 575 582 611 786 810 970 1054 1198 1254 1360 1371 1432 1434 1484 1561 1576 1643 1683 1698 1813 1859 1898 1995
Compactness: 2782.812805
Weights: 495.000000 7754.000000 2411.000000
Center Node: 101

District 35
Nodes: 54 110 143 173 204 234 250 326 405 468 513 535 577 595 612 613 675 879 885 893 968 973 975 1053 1076 1108 1110 1185 1245 1275 1280 1310 1325 1389 1448 1472 1493 1571 1621 1892
Compactness: 2243.660698
Weights: 504.000000 8377.000000 2272.000000
Center Node: 595

District 36
Nodes: 7 38 84 121 181 221 304 335 393 422 456 561 580 588 604 618 625 633 681 689 710 884 939 948 1061 1063 1129 1207 1263 1435 1469 1502 1587 1635 1642 1663 1714 1950
Compactness: 2578.031659
Weights: 457.000000 8485.000000 2179.000000
Center Node: 561

District 37
Nodes: 37 219 230 319 372 377 484 536 570 590 738 792 962 963 967 979 990 1099 1101 1111 1141 1186 1213 1304 1361 1406 1420 1521 1526 1533 1544 1554 1581 1605 1671 1715 1749 1829 1878 1916
Compactness: 2093.704591
Weights: 490.000000 7824.000000 2254.000000
Center Node: 1715

District 38
Nodes: 57 59 194 200 209 225 238 251 314 368 389 406 463 485 665 729 763 823 834 940 995 1132 1134 1211 1212 1220 1240 1248 1283 1480 1540 1746 1770 1783 1857 1860 1861 1868
Compactness: 2778.761327
Weights: 468.000000 7781.000000 2416.000000
Center Node: 1860

District 39
Nodes: 61 243 261 312 324 415 421 543 593 609 680 712 777 788 793 838 914 930 1017 1044 1140 1172 1190 1252 1259 1323 1375 1518 1530 1566 1597 1705 1718 1727 1737 1784 1854 1862 1880 1952
Compactness: 2921.743230
Weights: 477.000000 7823.000000 2397.000000
Center Node: 61

District 40
Nodes: 8 116 220 232 260 268 306 313 516 518 594 599 730 752 789 813 860 966 971 1005 1042 1089 1152 1205 1266 1365 1393 1439 1465 1498 1501 1573 1672 1719 1759 1762 1766 1780 1823 1853
Compactness: 2554.209835
Weights: 466.000000 8183.000000 2329.000000
Center Node: 966

District 41
Nodes: 100 118 132 168 188 271 317 339 409 464 525 559 610 624 662 716 725 782 783 815 866 908 952 1022 1145 1157 1208 1238 1250 1296 1415 1416 1428 1536 1667 1676 1789 1924 1930 1943 1986 1987
Compactness: 3004.743808
Weights: 494.000000 8527.000000 2379.000000
Center Node: 725

District 42
Nodes: 1 2 43 140 258 297 384 519 524 630 639 647 652 672 740 804 871 902 924 944 994 1058 1272 1486 1492 1535 1559 1592 1625 1631 1660 1670 1675 1721 1792 1803 1841 1872 1900 1997
Compactness: 2327.018310
Weights: 509.000000 8541.000000 2179.000000
Center Node: 140

District 43
Nodes: 26 93 178 210 259 353 388 417 451 530 531 549 667 694 708 743 819 835 863 909 919 987 1034 1136 1170 1171 1306 1531 1546 1569 1678 1717 1739 1776 1801 1849
Compactness: 1782.931603
Weights: 460.000000 8283.000000 2250.000000
Center Node: 353

District 44
Nodes: 10 17 104 155 167 171 186 201 273 322 426 528 550 571 688 758 806 844 901 1024 1270 1390 1401 1423 1426 1474 1580 1608 1644 1665 1754 1757 1779 1781 1788 1843 1890 1919 1991
Compactness: 2084.750519
Weights: 461.000000 8381.000000 2249.000000
Center Node: 104

District 45
Nodes: 9 19 56 98 127 135 174 203 262 263 282 410 526 585 778 803 822 841 888 896 900 925 1016 1106 1131 1221 1273 1397 1404 1478 1488 1615 1620 1647 1655 1709 1731 1875 1914
Compactness: 3760.781382
Weights: 475.000000 7879.000000 2347.000000
Center Node: 1221

District 46
Nodes: 24 70 139 142 165 191 298 398 441 629 648 676 677 747 761 772 796 857 947 974 989 1100 1180 1203 1204 1246 1255 1287 1330 1339 1407 1408 1433 1598 1673 1700 1761 1804 1876
Compactness: 2501.141915
Weights: 482.000000 7793.000000 2259.000000
Center Node: 648

District 47
Nodes: 68 99 157 177 240 373 574 651 751 802 889 898 938 951 954 1009 1010 1052 1069 1143 1162 1177 1194 1247 1303 1309 1345 1487 1541 1543 1568 1600 1636 1685 1703 1750 1800 1865 1874 1920 1996
Compactness: 2856.479994
Weights: 498.000000 7858.000000 2236.000000
Center Node: 1600

District 48
Nodes: 21 60 109 144 160 256 301 349 360 386 404 462 493 510 538 579 620 713 980 1004 1049 1077 1124 1278 1286 1301 1331 1352 1355 1431 1514 1515 1629 1704 1722 1802 1867 1904 1906
Compactness: 2614.118753
Weights: 442.000000 8101.000000 2404.000000
Center Node: 1278

District 49
Nodes: 74 89 128 192 196 197 284 338 379 390 416 492 504 506 552 601 628 658 923 933 977 1018 1109 1146 1147 1192 1217 1225 1249 1289 1473 1529 1548 1549 1552 1648 1654 1716 1741 1844 1845 1895 1915 1931 1934
Compactness: 2482.274563
Weights: 503.000000 8436.000000 2269.000000
Center Node: 1147

District 50
Nodes: 58 129 153 195 292 310 343 399 442 635 669 731 768 797 843 926 1039 1045 1083 1150 1223 1241 1281 1282 1326 1338 1346 1386 1538 1542 1586 1618 1624 1633 1650 1735 1850 1881 1882 1894 1953 1958
Compactness: 2005.528832
Weights: 475.000000 7686.000000 2293.000000
Center Node: 442
