BalanceViolation 1209.091000
AffinityLoss 3810.000000
Compactness 130036.063727

District 1
Nodes: 32 56 60 82 264 292 330 341 419 598 647 700 776 809 814 867 902 912 982 1096 1104 1172 1175 1195 1240 1356 1450 1466 1509 1598 1604 1605 1660 1743 1799 1909 1932 1951 1986 1994
Compactness: 2113.891484
Weights: 512.000000 8097.000000 2397.000000
Center Node: 56

District 2
Nodes: 38 115 151 166 231 237 260 312 314 432 440 471 541 543 579 626 670 682 737 862 873 939 940 990 1010 1023 1040 1168 1184 1251 1326 1395 1471 1516 1525 1537 1703 1705 1866
Compactness: 6264.790446
Weights: 495.000000 8233.000000 2069.000000
Center Node: 1023

District 3
Nodes: 1 20 112 154 164 248 303 317 333 400 466 578 591 610 619 621 641 858 967 972 1000 1005 1035 1072 1128 1163 1176 1289 1295 1318 1376 1415 1445 1485 1554 1617 1796 1936 1975
Compactness: 2618.069958
Weights: 458.000000 7714.000000 2150.000000
Center Node: 1936

District 4
Nodes: 124 129 147 241 313 358 363 454 465 477 493 517 536 637 672 780 942 959 1007 1016 1071 1086 1087 1120 1421 1431 1452 1533 1549 1572 1651 1665 1786 1787 1811 1833 1852 1970
Compactness: 2283.564797
Weights: 455.000000 8637.000000 2415.000000
Center Node: 1120

District 5
Nodes: 18 34 326 339 384 394 469 490 508 769 777 787 890 933 977 991 1051 1076 1115 1149 1164 1181 1223 1243 1244 1284 1288 1478 1497 1498 1558 1589 1679 1719 1731 1750 1765 1873 1910
Compactness: 2220.454802
Weights: 493.000000 8078.000000 2401.000000
Center Node: 1750

District 6
Nodes: 97 181 243 280 299 321 457 479 540 604 730 731 739 831 846 877 957 987 999 1009 1075 1089 1178 1179 1224 1245 1359 1379 1400 1409 1454 1630 1635 1644 1728 1782 1784 1844 1855
Compactness: 2140.848001
Weights: 500.000000 8063.000000 2355.000000
Center Node: 999

District 7
Nodes: 55 141 247 284 360 446 507 554 573 580 613 660 719 818 866 949 950 968 1018 1037 1060 1147 1277 1282 1310 1319 1416 1462 1567 1579 1601 1633 1788 1800 1809 1893 1939 1947 1956
Compactness: 2769.103484
Weights: 462.000000 7986.000000 2315.000000
Center Node: 1893

District 8
Nodes: 23 84 107 169 263 276 289 290 346 377 417 430 462 558 653 695 768 886 973 985 1029 1042 1063 1246 1334 1372 1424 1441 1455 1535 1541 1547 1565 1602 1664 1713 1819 1822 1940 1966
Compactness: 2756.634786
Weights: 456.000000 8582.000000 2441.000000
Center Node: 1541

District 9
Nodes: 51 103 109 113 188 203 272 293 380 438 443 583 671 674 713 840 865 924 955 996 1068 1110 1150 1151 1241 1265 1378 1403 1469 1506 1583 1615 1625 1720 1742 1757 1845 1849 1882 1990
Compactness: 2530.322612
Weights: 490.000000 7964.000000 2430.000000
Center Node: 840

District 10
Nodes: 43 87 144 150 245 367 368 467 523 617 783 792 827 892 901 903 944 994 1015 1099 1155 1216 1270 1320 1332 1333 1341 1345 1423 1458 1488 1545 1568 1621 1718 1748 1775 1792 1821 1841 1980
Compactness: 2220.721235
Weights: 492.000000 7929.000000 2375.000000
Center Node: 245

District 11
Nodes: 139 149 240 244 259 329 337 340 383 461 575 582 620 645 752 864 896 906 1019 1022 1039 1043 1152 1236 1272 1311 1344 1347 1408 1427 1460 1531 1585 1596 1732 1736 1738 1747 1858 1864 1987
Compactness: 2458.456056
Weights: 464.000000 8721.000000 2260.000000
Center Node: 383

District 12
Nodes: 11 31 61 93 193 270 305 316 318 324 332 378 424 516 568 607 715 801 922 964 1054 1122 1173 1227 1281 1283 1314 1342 1348 1355 1422 1451 1534 1576 1594 1628 1723 1836 1843 1924 1933
Compactness: 2217.167246
Weights: 500.000000 8556.000000 2340.000000
Center Node: 193

District 13
Nodes: 88 239 267 278 421 482 511 512 560 571 638 705 712 750 760 826 845 883 946 998 1041 1161 1169 1254 1297 1425 1474 1475 1486 1494 1510 1555 1730 1734 1735 1764 1884 1897 1904 1954
Compactness: 2270.480883
Weights: 493.000000 7911.000000 2262.000000
Center Node: 712

District 14
Nodes: 22 105 122 228 232 253 255 302 379 433 463 472 521 549 611 684 748 854 869 895 1113 1189 1200 1219 1275 1501 1573 1582 1692 1700 1749 1778 1827 1846 1913 1922 1941 1955
Compactness: 2231.867100
Weights: 492.000000 8719.000000 2164.000000
Center Node: 228

District 15
Nodes: 9 165 210 335 355 411 445 495 520 612 649 694 904 910 941 951 1026 1062 1108 1131 1197 1214 1278 1312 1337 1390 1504 1505 1524 1564 1659 1680 1690 1850 1907 1926 1937 1938 1949 1976
Compactness: 2100.368235
Weights: 476.000000 8553.000000 2234.000000
Center Node: 1690

District 16
Nodes: 86 127 178 187 396 399 506 547 552 574 693 762 766 788 872 878 880 888 956 1045 1052 1070 1114 1162 1171 1187 1193 1218 1221 1264 1290 1477 1668 1704 1776 1801 1917 1957
Compactness: 2275.310479
Weights: 454.000000 7804.000000 2545.000000
Center Node: 552

District 17
Nodes: 101 121 271 334 357 390 413 425 435 622 644 702 756 757 779 805 810 875 907 927 970 1002 1067 1146 1247 1258 1300 1325 1397 1401 1434 1461 1468 1522 1536 1559 1666 1683 1697 1699 1751 1892
Compactness: 2706.900743
Weights: 501.000000 8583.000000 1944.000000
Center Node: 927

District 18
Nodes: 6 67 85 140 176 412 431 439 524 555 567 603 652 665 679 683 714 771 794 889 935 997 1073 1198 1225 1260 1263 1307 1350 1369 1398 1447 1551 1581 1606 1674 1684 1695 1816 1891
Compactness: 2254.840001
Weights: 472.000000 8711.000000 2265.000000
Center Node: 176

District 19
Nodes: 74 99 159 175 212 227 246 257 283 286 288 298 392 444 468 588 639 663 686 704 722 808 829 847 929 1103 1130 1268 1321 1338 1385 1544 1753 1756 1807 1840 1867 1870 1871 1905
Compactness: 2215.859473
Weights: 501.000000 8730.000000 2201.000000
Center Node: 639

District 20
Nodes: 0 27 104 130 142 310 352 362 382 529 531 545 565 587 656 687 709 736 740 879 1055 1091 1137 1186 1211 1213 1259 1273 1402 1426 1436 1444 1476 1492 1552 1599 1646 1740 1823 1824 1868
Compactness: 2495.499867
Weights: 501.000000 8325.000000 2393.000000
Center Node: 142

District 21
Nodes: 29 37 53 64 75 96 183 202 273 348 522 563 584 595 696 699 857 876 882 926 928 992 1050 1082 1098 1141 1153 1261 1267 1303 1396 1435 1491 1517 1580 1678 1802 1813 1877 1878
Compactness: 2397.505008
Weights: 498.000000 8470.000000 2434.000000
Center Node: 64

District 22
Nodes: 12 36 42 72 102 177 262 395 410 562 564 630 659 666 698 741 775 823 850 1008 1034 1044 1079 1116 1124 1253 1287 1323 1370 1470 1548 1653 1820 1829 1847 1862 1890 1945
Compactness: 2436.690843
Weights: 511.000000 8587.000000 2231.000000
Center Node: 42

District 23
Nodes: 57 70 77 118 120 134 156 195 281 285 393 455 509 515 539 585 618 662 673 689 781 793 825 995 1030 1101 1144 1182 1222 1388 1432 1449 1487 1629 1726 1839 1848 1851 1865 1888 1973
Compactness: 2037.742398
Weights: 453.000000 8735.000000 2421.000000
Center Node: 673

District 24
Nodes: 58 135 215 219 373 483 514 519 525 544 548 606 624 685 732 743 753 773 804 871 887 916 938 976 988 1235 1293 1329 1380 1481 1570 1607 1682 1694 1716 1777 1876 1894 1902
Compactness: 2304.054574
Weights: 429.000000 7893.000000 2401.000000
Center Node: 871

District 25
Nodes: 7 91 123 136 191 205 206 223 364 398 408 492 608 669 734 755 836 960 963 969 984 1084 1109 1166 1207 1384 1428 1440 1465 1482 1514 1603 1662 1675 1688 1826 1854 1856 1915 1971 1997
Compactness: 2230.663667
Weights: 502.000000 8152.000000 2325.000000
Center Node: 1465

District 26
Nodes: 63 100 162 170 194 198 225 320 353 397 538 646 654 675 676 720 765 803 820 898 908 934 986 1011 1014 1017 1107 1160 1188 1209 1232 1349 1362 1391 1495 1518 1577 1709 1725 1737 1783 1838 1989
Compactness: 2317.285422
Weights: 495.000000 7972.000000 2292.000000
Center Node: 1160

District 27
Nodes: 8 95 148 189 200 261 325 403 405 423 473 504 510 602 664 692 727 795 921 936 954 993 1081 1112 1145 1148 1239 1252 1405 1433 1609 1729 1762 1789 1791 1815 1908 1969 1991 1992 1996
Compactness: 2041.867320
Weights: 500.000000 8175.000000 2408.000000
Center Node: 405

District 28
Nodes: 2 24 25 152 201 319 344 359 361 415 422 450 458 484 526 569 593 706 747 891 1020 1024 1118 1119 1139 1299 1317 1375 1413 1496 1508 1642 1645 1667 1806 1818 1832 1875 1946
Compactness: 2300.849095
Weights: 428.000000 8547.000000 2434.000000
Center Node: 1508

District 29
Nodes: 4 39 108 168 174 275 287 345 351 372 459 486 501 546 561 635 723 746 772 800 1012 1085 1121 1125 1133 1180 1190 1210 1220 1377 1500 1507 1556 1578 1611 1623 1650 1903 1960
Compactness: 2904.340331
Weights: 502.000000 8462.000000 2270.000000
Center Node: 486

District 30
Nodes: 26 44 46 83 158 163 256 269 291 306 315 391 436 456 537 577 600 601 642 677 733 786 822 828 861 914 915 917 1028 1092 1140 1365 1724 1727 1739 1805 1817 1879 1895 1988
Compactness: 2158.732972
Weights: 498.000000 8073.000000 2433.000000
Center Node: 391

District 31
Nodes: 13 186 258 279 295 418 428 448 470 491 502 550 615 633 680 797 807 812 868 918 962 1083 1185 1206 1262 1286 1292 1328 1343 1411 1439 1527 1546 1624 1685 1696 1803 1979
Compactness: 3833.790691
Weights: 444.000000 8670.000000 2264.000000
Center Node: 633

District 32
Nodes: 65 157 209 234 265 311 327 343 416 447 485 556 572 751 884 894 920 1004 1027 1031 1048 1204 1269 1298 1404 1429 1463 1520 1566 1569 1608 1620 1656 1706 1715 1754 1758 1834 1930 1952 1964 1984
Compactness: 2457.779908
Weights: 464.000000 8523.000000 2190.000000
Center Node: 1520

District 33
Nodes: 28 49 92 155 407 409 449 497 528 532 581 707 778 789 851 948 958 961 980 1100 1142 1156 1170 1228 1274 1296 1412 1419 1532 1586 1591 1593 1595 1676 1717 1760 1831 1837 1950 1959 1978
Compactness: 2485.537714
Weights: 498.000000 8528.000000 2348.000000
Center Node: 1959

District 34
Nodes: 35 110 119 137 207 226 296 349 414 594 648 726 897 1036 1046 1194 1231 1237 1331 1373 1417 1453 1499 1562 1575 1618 1640 1671 1722 1861 1872 1883 1916 1923 1948 1962 1974
Compactness: 2055.925647
Weights: 407.000000 8411.000000 2275.000000
Center Node: 1499

District 35
Nodes: 15 90 182 254 274 347 369 427 487 542 636 688 724 728 816 945 953 978 1001 1057 1069 1078 1136 1266 1357 1367 1374 1383 1394 1410 1464 1542 1639 1766 1769 1770 1785 1793 1853 1920 1929 1931
Compactness: 1991.619029
Weights: 523.000000 8653.000000 2177.000000
Center Node: 816

District 36
Nodes: 153 190 208 218 250 252 294 297 331 338 356 401 481 703 710 839 1047 1077 1088 1090 1123 1129 1202 1324 1418 1448 1523 1610 1634 1649 1655 1681 1691 1693 1701 1714 1721 1830 1835 1914 1965
Compactness: 2351.288638
Weights: 432.000000 8270.000000 2393.000000
Center Node: 1418

District 37
Nodes: 30 40 116 128 138 197 323 434 437 452 494 589 668 763 790 813 843 881 893 899 932 983 1106 1127 1159 1340 1490 1587 1636 1663 1689 1698 1707 1810 1881 1898 1925 1944 1953 1983
Compactness: 2537.708232
Weights: 500.000000 8529.000000 2382.000000
Center Node: 1159

District 38
Nodes: 69 76 80 192 236 266 336 381 460 480 534 661 735 744 832 837 900 905 1021 1025 1097 1126 1135 1167 1199 1229 1230 1256 1308 1387 1456 1459 1472 1543 1550 1745 1752 1759 1814 1874 1995 1998
Compactness: 2550.858426
Weights: 502.000000 7997.000000 2415.000000
Center Node: 837

District 39
Nodes: 54 89 98 161 354 370 406 420 535 557 576 592 657 718 738 796 852 853 923 1203 1205 1249 1304 1306 1364 1366 1392 1430 1528 1597 1600 1638 1654 1710 1774 1781 1889 1900
Compactness: 2141.737569
Weights: 461.000000 8583.000000 2383.000000
Center Node: 718

District 40
Nodes: 131 173 180 196 220 222 235 328 388 474 500 596 631 640 643 725 745 782 824 835 841 974 981 1006 1032 1066 1105 1279 1406 1407 1530 1557 1560 1744 1763 1779 1859 1912 1963 1981
Compactness: 5899.256910
Weights: 467.000000 8658.000000 2232.000000
Center Node: 173

District 41
Nodes: 33 48 71 73 301 322 366 376 385 453 496 503 553 586 711 717 791 815 919 1049 1154 1158 1201 1212 1234 1250 1316 1335 1339 1363 1515 1519 1561 1622 1648 1652 1741 1746 1880 1942 1977 1999
Compactness: 2235.381727
Weights: 498.000000 8660.000000 2434.000000
Center Node: 586

District 42
Nodes: 10 47 59 214 217 242 277 300 489 566 691 774 798 817 911 1157 1174 1192 1217 1255 1257 1309 1336 1353 1368 1386 1473 1503 1553 1627 1631 1632 1641 1669 1768 1790 1921 1928 1958
Compactness: 2346.248648
Weights: 451.000000 8747.000000 2384.000000
Center Node: 489

District 43
Nodes: 14 19 62 251 386 609 627 628 690 716 729 742 830 838 842 844 860 913 1056 1302 1358 1360 1393 1420 1442 1467 1563 1584 1616 1619 1670 1767 1812 1842 1863 1869 1899 1918 1927 1985 1993
Compactness: 3755.565694
Weights: 473.000000 7993.000000 2231.000000
Center Node: 830

District 44
Nodes: 21 52 66 78 94 114 117 126 133 199 238 374 426 464 629 708 758 767 770 784 834 848 855 856 966 1059 1093 1102 1165 1191 1280 1301 1315 1352 1382 1438 1484 1612 1657 1686 1761 1828 1857 1887 1967
Compactness: 2666.527335
Weights: 493.000000 8611.000000 2435.000000
Center Node: 1165

District 45
Nodes: 79 81 145 146 268 308 309 371 375 476 513 530 533 559 590 634 658 701 754 764 806 931 1080 1095 1132 1177 1215 1271 1322 1371 1457 1540 1643 1733 1771 1885 1943 1961 1968
Compactness: 3949.917932
Weights: 423.000000 8221.000000 2428.000000
Center Node: 375

District 46
Nodes: 16 68 143 167 221 229 249 304 342 402 404 451 505 599 605 667 759 799 802 821 870 909 937 971 1061 1094 1134 1138 1351 1414 1437 1446 1647 1661 1772 1797 1804 1896 1906
Compactness: 2362.459979
Weights: 492.000000 8400.000000 2213.000000
Center Node: 1351

District 47
Nodes: 125 160 172 211 213 224 389 429 518 597 614 625 721 761 849 859 930 943 1038 1111 1196 1208 1226 1285 1305 1389 1483 1502 1539 1571 1592 1613 1672 1673 1702 1773 1825 1919
Compactness: 2083.425270
Weights: 464.000000 7993.000000 2336.000000
Center Node: 614

District 48
Nodes: 171 184 204 230 282 387 442 475 623 651 749 952 1117 1143 1183 1233 1238 1248 1276 1291 1346 1354 1361 1381 1399 1480 1511 1529 1574 1588 1590 1677 1708 1780 1798 1860 1886 1934 1982
Compactness: 2520.509393
Weights: 443.000000 8017.000000 2417.000000
Center Node: 1233

District 49
Nodes: 5 41 45 50 111 132 185 216 233 307 350 365 441 478 498 527 616 632 678 681 697 785 833 863 925 947 979 989 1013 1033 1074 1327 1479 1493 1521 1614 1626 1637 1658 1712
Compactness: 2712.429914
Weights: 505.000000 8035.000000 2206.000000
Center Node: 216

District 50
Nodes: 3 17 106 179 488 499 551 570 650 655 811 819 874 885 965 975 1003 1053 1058 1064 1065 1242 1294 1313 1330 1443 1489 1512 1513 1526 1538 1687 1711 1755 1794 1795 1808 1901 1911 1935 1972
Compactness: 2823.211752
Weights: 501.000000 8049.000000 2319.000000
Center Node: 650
