BalanceViolation 727.145000
AffinityLoss 3531.000000
Compactness 200715.971403

District 1
Nodes: 1 5 6 41 45 50 67 85 111 132 140 176 185 207 216 233 248 296 303 307 350 365 412 431 439 441 466 478 498 501 527 555 591 594 603 616 621 632 641 652 665 678 679 681 683 697 714 771 785 794 833 860 863 889 925 935 947 979 989 997 1000 1012 1013 1033 1073 1074 1121 1190 1198 1225 1231 1260 1263 1307 1327 1331 1350 1369 1417 1447 1479 1493 1500 1521 1551 1581 1606 1614 1618 1626 1637 1658 1674 1684 1695 1712 1722 1812 1816 1861 1863 1872 1975
Compactness: 9732.750467
Weights: 1205.000000 21522.000000 5829.000000
Center Node: 979

District 2
Nodes: 17 51 103 106 109 124 129 147 203 214 241 242 272 277 293 313 358 380 443 454 465 488 489 499 551 570 637 650 671 672 674 713 774 780 798 817 865 874 879 885 911 924 959 965 1003 1058 1064 1065 1087 1110 1120 1150 1174 1211 1217 1241 1242 1265 1294 1368 1378 1386 1403 1431 1452 1473 1492 1503 1512 1513 1526 1533 1538 1572 1599 1631 1632 1641 1687 1711 1720 1742 1755 1757 1768 1786 1795 1808 1824 1849 1882 1911 1958 1970 1972
Compactness: 18155.398208
Weights: 1137.000000 19808.000000 5523.000000
Center Node: 1720

District 3
Nodes: 38 65 101 157 166 187 209 231 234 249 265 271 304 311 327 334 343 416 432 435 440 447 485 541 543 547 556 572 622 644 670 737 751 756 757 779 788 805 810 862 872 875 878 884 894 907 909 920 940 990 1004 1023 1027 1031 1048 1061 1138 1146 1187 1200 1204 1258 1269 1298 1326 1397 1404 1429 1463 1468 1471 1520 1522 1566 1569 1608 1620 1656 1666 1697 1699 1703 1706 1715 1751 1754 1758 1776 1834 1892 1896 1917 1930 1952 1964 1984
Compactness: 11801.462102
Weights: 1174.000000 19816.000000 5096.000000
Center Node: 805

District 4
Nodes: 55 69 76 80 87 141 153 190 208 218 236 247 250 252 266 284 294 297 338 356 381 401 446 460 480 481 507 511 534 554 573 580 613 660 703 710 719 735 744 750 818 839 866 900 905 949 950 968 1015 1021 1025 1047 1056 1060 1077 1090 1123 1135 1147 1167 1199 1202 1229 1277 1282 1308 1310 1319 1387 1416 1418 1442 1448 1456 1475 1550 1567 1579 1601 1610 1633 1634 1649 1655 1670 1681 1714 1721 1745 1788 1800 1809 1814 1830 1884 1893 1914 1939 1947 1956 1965 1998
Compactness: 10146.635022
Weights: 1182.000000 20294.000000 5850.000000
Center Node: 719

District 5
Nodes: 2 7 9 24 54 89 123 152 165 191 201 210 295 335 344 354 355 359 406 411 415 420 422 428 445 470 492 495 502 535 550 608 612 615 649 657 669 694 718 738 755 797 807 853 864 868 904 910 923 941 951 960 966 1026 1062 1108 1118 1131 1139 1185 1203 1205 1206 1207 1214 1249 1278 1286 1312 1337 1343 1352 1364 1384 1390 1392 1428 1482 1504 1505 1514 1524 1528 1564 1600 1612 1638 1642 1667 1680 1688 1690 1710 1818 1828 1832 1850 1875 1900 1907 1926 1937 1938 1949
Compactness: 9556.902969
Weights: 1244.000000 21618.000000 5919.000000
Center Node: 9

District 6
Nodes: 18 63 68 100 121 145 162 170 194 198 225 308 320 339 353 357 371 390 397 413 425 469 471 505 530 538 634 646 654 675 676 701 702 720 765 769 777 787 803 806 820 873 880 898 908 927 934 970 986 1002 1010 1011 1014 1017 1040 1051 1067 1094 1107 1114 1132 1160 1184 1188 1209 1215 1223 1232 1244 1247 1271 1284 1300 1322 1325 1349 1362 1371 1391 1401 1434 1457 1461 1477 1478 1495 1516 1518 1536 1540 1559 1577 1643 1683 1705 1709 1725 1737 1765 1783 1804 1838 1866 1968 1989
Compactness: 8969.796373
Weights: 1228.000000 21145.000000 5694.000000
Center Node: 908

District 7
Nodes: 10 43 47 59 70 113 120 134 144 150 188 217 245 300 360 368 438 455 467 475 523 566 583 617 691 781 783 792 815 827 840 892 901 903 955 994 996 1018 1037 1068 1099 1143 1151 1155 1157 1158 1192 1216 1222 1233 1248 1255 1257 1270 1309 1320 1332 1336 1341 1345 1353 1423 1458 1462 1469 1488 1506 1529 1545 1553 1568 1583 1615 1621 1625 1627 1669 1677 1718 1748 1775 1790 1792 1821 1839 1845 1851 1865 1886 1921 1928 1980 1990
Compactness: 10894.929222
Weights: 1140.000000 19817.000000 5583.000000
Center Node: 1309

District 8
Nodes: 26 29 44 46 53 75 83 96 125 158 160 163 211 213 224 253 256 299 306 315 361 389 391 429 436 450 456 484 520 522 537 540 584 595 597 600 601 614 625 699 706 721 731 733 761 786 822 828 846 849 859 891 915 917 928 930 943 1009 1038 1092 1140 1153 1178 1197 1208 1226 1245 1285 1305 1317 1359 1379 1389 1396 1409 1454 1483 1502 1539 1580 1592 1613 1630 1659 1692 1702 1727 1739 1773 1782 1817 1825 1877 1878 1879 1895 1976
Compactness: 9663.918241
Weights: 1186.000000 20221.000000 6069.000000
Center Node: 1285

District 9
Nodes: 12 14 19 23 36 42 62 72 84 102 169 239 251 267 278 289 331 386 410 430 482 512 562 564 571 609 624 627 628 638 698 712 716 729 741 742 760 768 823 824 830 842 844 845 850 913 946 998 1008 1034 1041 1044 1079 1088 1116 1161 1169 1253 1297 1302 1323 1324 1358 1360 1370 1380 1393 1424 1425 1441 1467 1470 1474 1486 1494 1510 1523 1555 1557 1563 1584 1616 1653 1664 1691 1693 1701 1730 1734 1764 1767 1820 1835 1842 1847 1869 1890 1894 1899 1904 1918 1927 1940 1945 1985 1993
Compactness: 10225.937281
Weights: 1254.000000 21532.000000 6067.000000
Center Node: 1985

District 10
Nodes: 13 16 22 105 122 143 167 186 221 228 229 255 258 269 279 291 302 342 379 394 402 404 418 433 448 451 463 472 490 491 521 549 577 599 605 611 633 642 667 677 680 684 748 759 799 802 812 821 854 861 869 870 918 937 971 991 1076 1083 1115 1134 1189 1243 1292 1328 1351 1365 1414 1437 1439 1446 1527 1573 1582 1624 1647 1661 1685 1696 1719 1724 1772 1778 1797 1803 1805 1827 1906 1913 1922 1955 1979 1988
Compactness: 8135.312349
Weights: 1188.000000 20165.000000 5555.000000
Center Node: 404

District 11
Nodes: 8 34 79 95 98 148 161 168 189 200 261 287 325 326 329 337 340 351 370 384 403 405 423 459 473 504 508 510 524 557 567 576 582 602 664 692 726 727 754 764 795 796 800 890 906 921 933 936 954 962 977 993 1019 1081 1095 1112 1145 1148 1149 1164 1181 1239 1252 1262 1272 1288 1306 1347 1405 1408 1411 1430 1433 1453 1497 1498 1507 1546 1556 1558 1575 1589 1609 1654 1679 1729 1731 1747 1750 1762 1774 1781 1789 1791 1815 1873 1885 1889 1891 1908 1910 1916 1969 1991 1992 1996
Compactness: 8615.371890
Weights: 1255.000000 21732.000000 6056.000000
Center Node: 1112

District 12
Nodes: 0 3 27 33 48 93 104 130 142 179 270 301 305 310 322 324 332 352 362 366 382 385 503 529 531 536 545 553 565 586 587 655 656 687 709 711 715 717 736 740 791 801 811 819 919 922 942 964 975 1053 1054 1055 1091 1137 1186 1201 1212 1213 1227 1234 1250 1259 1273 1313 1314 1316 1330 1339 1348 1385 1402 1422 1426 1436 1443 1444 1451 1476 1489 1519 1532 1534 1552 1561 1622 1628 1646 1652 1723 1740 1741 1746 1794 1823 1836 1868 1880 1901 1924 1935 1942
Compactness: 10292.050891
Weights: 1218.000000 20804.000000 6072.000000
Center Node: 1213

District 13
Nodes: 52 58 60 88 135 171 184 192 204 215 230 292 336 367 373 387 419 421 442 483 514 519 525 544 548 560 606 623 651 661 685 705 732 743 749 753 773 776 804 826 832 837 867 871 887 912 916 938 944 952 976 982 1097 1117 1126 1129 1183 1230 1238 1254 1256 1276 1293 1329 1333 1346 1356 1361 1381 1399 1459 1472 1480 1481 1511 1543 1570 1574 1588 1590 1598 1607 1682 1694 1716 1735 1752 1759 1777 1780 1799 1841 1860 1874 1876 1897 1902 1934 1954 1982 1995
Compactness: 9961.812290
Weights: 1140.000000 20443.000000 6088.000000
Center Node: 1682

District 14
Nodes: 20 35 81 86 110 112 119 127 137 146 154 164 178 226 268 309 317 333 349 375 396 399 400 414 476 506 513 533 552 559 574 578 590 610 619 648 658 693 762 766 858 888 897 931 956 967 972 1005 1035 1036 1045 1046 1052 1070 1072 1080 1128 1162 1163 1171 1176 1177 1193 1194 1218 1221 1237 1264 1289 1290 1295 1318 1373 1376 1415 1445 1485 1499 1554 1562 1617 1640 1668 1671 1704 1733 1771 1796 1801 1883 1923 1936 1943 1948 1957 1961 1962 1974
Compactness: 9407.475601
Weights: 1131.000000 20915.000000 6092.000000
Center Node: 178

District 15
Nodes: 28 30 74 99 116 128 138 159 175 197 212 227 246 257 283 286 288 298 323 363 392 434 437 444 468 477 493 517 588 589 639 663 668 686 704 707 722 763 778 808 813 829 843 847 881 893 929 932 983 1007 1016 1071 1086 1100 1103 1106 1127 1130 1142 1156 1159 1170 1228 1268 1274 1296 1321 1338 1340 1421 1544 1549 1571 1586 1593 1595 1636 1651 1663 1665 1676 1698 1707 1753 1756 1787 1807 1810 1811 1833 1840 1852 1867 1870 1871 1898 1905 1925 1944 1983
Compactness: 8936.154559
Weights: 1254.000000 21772.000000 5925.000000
Center Node: 1871

District 16
Nodes: 11 21 57 61 66 71 73 77 78 94 114 117 118 126 133 156 195 199 219 238 264 281 282 285 318 341 374 376 378 393 426 453 464 496 509 515 539 585 618 629 662 673 689 708 758 767 770 784 793 809 825 834 848 855 856 988 995 1030 1049 1059 1093 1101 1102 1144 1154 1165 1173 1182 1191 1235 1280 1291 1301 1315 1335 1354 1363 1382 1388 1432 1438 1449 1484 1487 1515 1576 1605 1629 1648 1657 1686 1708 1726 1761 1798 1848 1857 1887 1888 1967 1973 1977 1999
Compactness: 9902.866221
Weights: 1136.000000 20978.000000 6084.000000
Center Node: 1144

District 17
Nodes: 32 56 82 91 136 139 149 173 177 180 205 206 223 240 244 259 262 330 364 383 395 398 408 461 500 575 592 598 620 630 645 647 659 666 700 734 752 775 814 836 852 883 902 963 969 981 984 1022 1039 1043 1084 1096 1104 1109 1124 1152 1166 1172 1175 1195 1236 1240 1287 1304 1311 1344 1366 1427 1440 1450 1465 1466 1509 1531 1548 1585 1596 1597 1603 1604 1660 1662 1675 1732 1743 1779 1826 1829 1854 1856 1859 1862 1864 1909 1915 1932 1951 1971 1986 1987 1994 1997
Compactness: 10223.804264
Weights: 1252.000000 20578.000000 5752.000000
Center Node: 1104

District 18
Nodes: 25 31 40 49 92 97 155 172 181 193 243 280 316 319 321 407 409 424 449 452 457 458 479 494 497 516 518 526 528 532 568 569 581 593 604 607 730 739 747 789 790 831 851 877 899 914 948 957 958 961 980 987 999 1020 1024 1028 1075 1089 1119 1122 1179 1224 1281 1283 1299 1342 1355 1375 1400 1412 1413 1419 1490 1496 1508 1587 1591 1594 1635 1644 1645 1673 1689 1717 1728 1760 1784 1806 1831 1837 1843 1844 1855 1881 1933 1946 1950 1953 1959 1978
Compactness: 9061.088406
Weights: 1200.000000 21706.000000 5787.000000
Center Node: 49

District 19
Nodes: 4 39 107 108 131 174 196 220 222 235 263 275 276 290 328 345 346 372 377 388 417 462 474 486 546 558 561 596 631 635 640 643 653 690 695 723 725 745 746 772 782 835 838 841 886 896 973 974 985 1006 1029 1032 1042 1063 1066 1085 1105 1125 1133 1180 1210 1220 1246 1279 1334 1372 1377 1398 1406 1407 1420 1455 1460 1530 1535 1541 1547 1560 1565 1578 1602 1611 1619 1623 1650 1713 1736 1738 1744 1763 1819 1822 1858 1903 1912 1960 1963 1966 1981
Compactness: 8920.812536
Weights: 1202.000000 21809.000000 5817.000000
Center Node: 1406

District 20
Nodes: 15 37 64 90 115 151 182 183 202 232 237 254 260 273 274 312 314 347 348 369 427 487 542 563 579 626 636 682 688 696 724 728 816 857 876 882 895 926 939 945 953 978 992 1001 1050 1057 1069 1078 1082 1098 1111 1113 1136 1141 1168 1196 1219 1251 1261 1266 1267 1275 1303 1357 1367 1374 1383 1394 1395 1410 1435 1464 1491 1501 1517 1525 1537 1542 1639 1672 1678 1700 1749 1766 1769 1770 1785 1793 1802 1813 1846 1853 1919 1920 1929 1931 1941
Compactness: 8111.492509
Weights: 1198.000000 19835.000000 5209.000000
Center Node: 90
