BalanceViolation 81.007500
AffinityLoss 3193.000000
Compactness 243013.136304

District 1
Nodes: 21 30 37 112 118 127 182 209 248 269 333 353 365 384 474 509 534 572 582 591 597 602 637 651 662 664 672 679 681 761 765 821 823 837 864 865 867 890 910 931 933 934 964 967 984 1004 1008 1055 1080 1131 1140 1143 1156 1158 1175 1194 1196 1208 1216 1225 1253 1255 1301 1309 1355 1404 1446 1479 1530 1548 1550 1569 1588 1607 1608 1614 1624 1630 1641 1651 1653 1697 1700 1722 1756 1759 1779 1798 1805 1807 1834 1845 1852 1906 1927 1954 1959 1997 1998
Compactness: 18535.755222
Weights: 1213.000000 20658.000000 5528.000000
Center Node: 1225

District 2
Nodes: 8 10 12 44 55 72 116 129 132 137 157 178 188 189 191 232 253 272 299 301 397 414 428 442 458 493 495 575 587 611 680 685 688 704 714 755 777 792 794 807 813 829 858 916 917 925 929 961 971 1026 1042 1058 1081 1086 1111 1152 1154 1165 1190 1236 1263 1281 1295 1320 1378 1389 1399 1408 1416 1425 1436 1451 1496 1541 1543 1557 1558 1574 1619 1627 1683 1685 1690 1725 1741 1786 1842 1847 1857 1860 1887 1893 1896 1901 1926 1941 1957 1968 1999
Compactness: 9061.952190
Weights: 1114.000000 21725.000000 5801.000000
Center Node: 575

District 3
Nodes: 104 110 115 125 160 169 176 195 220 245 280 348 357 358 364 369 398 412 452 466 467 471 475 489 513 526 565 567 576 589 598 601 604 640 652 660 699 730 791 810 820 834 853 860 891 892 893 899 902 909 913 919 991 1016 1027 1033 1034 1044 1061 1077 1084 1085 1120 1137 1157 1159 1162 1191 1223 1233 1262 1291 1321 1334 1395 1442 1473 1482 1489 1511 1514 1523 1582 1605 1611 1613 1615 1620 1636 1675 1710 1774 1780 1802 1831 1837 1840 1846 1886 1888 1902 1911 1969 1980 1995
Compactness: 10245.391117
Weights: 1251.000000 21443.000000 6011.000000
Center Node: 1334

District 4
Nodes: 14 25 39 75 92 107 139 145 163 174 185 186 198 203 214 217 230 242 311 315 339 352 387 407 411 421 432 439 478 481 502 515 522 536 554 560 561 568 588 593 603 633 634 641 711 753 770 776 779 803 833 855 868 880 885 900 911 914 940 952 956 972 985 986 1013 1029 1039 1090 1097 1150 1163 1166 1238 1240 1279 1312 1325 1331 1346 1362 1363 1454 1547 1561 1570 1638 1643 1646 1674 1687 1689 1699 1732 1776 1843 1868 1878 1909 1929 1940 1953 1955 1967
Compactness: 15711.608440
Weights: 1200.000000 19801.000000 5532.000000
Center Node: 593

District 5
Nodes: 76 81 86 89 102 133 136 138 162 218 267 285 288 297 334 337 362 400 406 468 496 520 537 571 590 632 650 658 665 671 693 739 762 805 884 938 960 973 987 1057 1069 1074 1082 1088 1105 1112 1130 1136 1146 1164 1199 1219 1243 1302 1307 1329 1341 1348 1401 1424 1444 1464 1470 1492 1532 1544 1553 1562 1578 1583 1594 1603 1604 1629 1634 1650 1711 1716 1719 1726 1727 1730 1731 1735 1749 1750 1760 1763 1773 1785 1883 1894 1917 1918 1919 1928 1933 1944 1965 1993
Compactness: 8771.633865
Weights: 1233.000000 20816.000000 5762.000000
Center Node: 1243

District 6
Nodes: 7 31 54 61 62 65 144 172 173 184 207 208 210 213 216 233 241 286 290 296 300 307 321 327 356 360 371 389 394 431 456 479 480 533 583 592 642 646 653 654 657 675 677 696 752 754 784 790 801 804 843 887 923 926 944 968 995 1003 1014 1020 1021 1062 1063 1123 1129 1147 1174 1207 1212 1222 1265 1268 1275 1298 1318 1335 1353 1366 1377 1391 1462 1486 1519 1539 1573 1599 1637 1684 1736 1757 1762 1767 1809 1822 1824 1844 1862 1864 1885 1910 1950
Compactness: 10395.655412
Weights: 1231.000000 20099.000000 5770.000000
Center Node: 307

District 7
Nodes: 18 22 23 29 70 91 111 121 143 151 164 166 187 215 250 252 258 270 292 320 324 403 425 427 445 446 477 525 570 614 621 643 647 673 682 719 720 722 769 781 788 815 828 840 846 848 894 904 905 937 975 997 1010 1024 1028 1060 1064 1066 1089 1106 1109 1119 1134 1209 1254 1305 1323 1343 1379 1431 1438 1475 1495 1500 1503 1507 1552 1576 1606 1610 1642 1659 1661 1666 1673 1704 1712 1723 1739 1744 1748 1829 1841 1865 1873 1900 1922 1934 1943 1988 1989
Compactness: 9304.966948
Weights: 1226.000000 20549.000000 5863.000000
Center Node: 1305

District 8
Nodes: 4 51 60 82 94 99 134 141 154 158 177 183 212 338 422 449 450 454 465 501 510 521 529 542 574 678 690 698 724 733 741 759 768 773 774 782 786 787 793 797 798 808 817 822 824 826 836 842 852 877 898 912 928 947 970 982 983 1038 1059 1091 1139 1148 1184 1189 1193 1224 1251 1259 1267 1294 1310 1326 1361 1387 1390 1463 1483 1504 1520 1565 1579 1626 1631 1649 1656 1665 1680 1693 1737 1746 1769 1778 1811 1827 1833 1872 1921 1978
Compactness: 11505.214068
Weights: 1208.000000 21783.000000 5585.000000
Center Node: 1520

District 9
Nodes: 1 13 53 56 58 83 101 108 140 167 181 202 206 221 224 238 262 281 294 331 386 390 441 461 476 482 490 511 549 550 558 562 563 581 670 683 705 734 743 839 863 875 876 882 888 897 921 943 1022 1056 1093 1126 1138 1167 1192 1201 1234 1249 1270 1274 1286 1311 1328 1351 1358 1370 1386 1394 1407 1414 1419 1435 1485 1491 1528 1536 1586 1601 1633 1654 1657 1682 1686 1688 1702 1718 1771 1794 1803 1806 1810 1869 1880 1914 1932 1976 1979 1982 1985
Compactness: 10094.114007
Weights: 1188.000000 20525.000000 5531.000000
Center Node: 108

District 10
Nodes: 5 6 34 63 77 90 93 244 261 283 289 303 328 341 363 376 377 382 485 499 553 564 585 659 691 695 718 737 745 756 796 832 859 869 886 907 918 976 981 993 998 1031 1041 1068 1072 1096 1099 1104 1107 1135 1188 1217 1228 1241 1277 1287 1288 1296 1316 1322 1342 1402 1403 1418 1422 1423 1437 1447 1534 1546 1556 1559 1564 1572 1589 1598 1628 1652 1667 1696 1720 1721 1764 1790 1804 1854 1861 1871 1876 1889 1890 1895 1897 1904 1920 1972 1984 1991
Compactness: 9898.843743
Weights: 1238.000000 20054.000000 5616.000000
Center Node: 1296

District 11
Nodes: 9 64 100 135 149 243 264 266 273 293 313 317 332 349 372 380 395 396 408 416 462 488 516 524 532 540 543 594 599 619 661 668 710 716 767 771 775 800 806 818 845 873 874 906 948 949 977 978 999 1009 1037 1043 1115 1116 1128 1145 1213 1242 1264 1303 1344 1400 1429 1472 1484 1488 1512 1535 1584 1612 1617 1621 1640 1655 1668 1671 1676 1703 1705 1707 1708 1714 1717 1761 1782 1819 1821 1908 1912 1931
Compactness: 30144.808073
Weights: 1145.000000 19946.000000 5546.000000
Center Node: 64

District 12
Nodes: 2 17 36 47 73 97 103 106 130 161 204 222 239 251 254 310 318 319 335 373 383 429 433 443 451 473 487 528 530 556 580 605 607 608 631 635 636 645 702 717 746 750 849 866 879 883 895 908 915 936 988 1002 1005 1007 1011 1040 1067 1073 1075 1083 1094 1103 1127 1132 1182 1185 1186 1218 1229 1246 1283 1290 1306 1317 1330 1360 1368 1383 1411 1412 1443 1448 1481 1516 1517 1533 1560 1747 1753 1850 1856 1859 1866 1875 1907 1916 1923 1925 1942 1971 1974
Compactness: 10022.082908
Weights: 1214.000000 21741.000000 5895.000000
Center Node: 443

District 13
Nodes: 0 33 45 50 71 170 171 175 200 227 234 237 278 329 336 351 355 375 378 385 405 410 423 457 469 492 500 503 541 546 552 596 609 617 630 663 666 676 709 712 715 766 778 789 795 802 825 830 831 856 920 935 957 990 996 1015 1030 1070 1092 1172 1176 1187 1198 1206 1221 1260 1269 1289 1299 1315 1352 1398 1409 1415 1445 1456 1467 1476 1518 1521 1537 1538 1555 1575 1587 1590 1597 1618 1622 1645 1647 1669 1706 1733 1738 1740 1755 1758 1768 1784 1792 1830 1915 1951 1983
Compactness: 10203.344324
Weights: 1211.000000 21816.000000 6056.000000
Center Node: 1768

District 14
Nodes: 3 49 52 57 59 79 88 96 109 122 123 131 153 179 190 229 259 277 295 304 306 316 342 420 459 460 470 484 486 491 498 506 517 531 547 557 610 620 622 623 627 744 764 783 812 819 847 871 939 941 946 955 965 994 1012 1046 1051 1149 1155 1160 1180 1197 1215 1237 1250 1282 1292 1297 1304 1319 1345 1347 1357 1369 1371 1393 1426 1430 1432 1433 1439 1458 1466 1498 1499 1554 1563 1571 1581 1616 1648 1679 1745 1766 1781 1801 1812 1813 1826 1832 1849 1855 1877 1881 1930 1964 1970
Compactness: 9586.268698
Weights: 1257.000000 21561.000000 5893.000000
Center Node: 1155

District 15
Nodes: 11 15 16 19 20 24 38 68 78 120 147 159 165 180 199 201 225 235 265 274 279 291 343 344 346 379 393 399 417 430 472 544 628 639 667 700 729 732 838 851 932 953 958 966 979 980 1001 1052 1108 1110 1125 1168 1232 1239 1256 1258 1271 1272 1276 1278 1280 1293 1339 1367 1372 1382 1385 1440 1441 1460 1469 1522 1525 1527 1566 1577 1593 1596 1639 1664 1692 1715 1728 1788 1791 1793 1800 1816 1823 1892 1899 1935 1936 1956 1958 1987
Compactness: 10735.614760
Weights: 1160.000000 19753.000000 5661.000000
Center Node: 1168

District 16
Nodes: 26 42 43 66 85 113 124 146 150 152 211 256 260 282 287 305 312 326 330 415 438 444 447 504 519 586 595 600 612 613 625 684 697 701 703 751 757 758 799 816 872 878 942 969 974 1025 1035 1054 1071 1087 1095 1117 1173 1177 1183 1214 1226 1245 1247 1314 1332 1336 1338 1349 1364 1374 1376 1380 1392 1397 1421 1434 1453 1457 1459 1505 1509 1510 1513 1585 1609 1660 1695 1724 1797 1814 1815 1817 1835 1836 1838 1839 1848 1867 1882 1891 1905 1913 1948 1973 1975
Compactness: 12417.770079
Weights: 1224.000000 21464.000000 6080.000000
Center Node: 1421

District 17
Nodes: 46 48 67 74 84 114 117 128 148 193 197 205 231 236 240 257 268 275 325 401 402 419 426 435 436 437 455 527 559 566 569 579 606 615 686 687 706 708 721 736 738 772 827 835 844 861 862 896 901 903 924 927 930 963 989 1000 1018 1045 1048 1078 1098 1144 1161 1204 1210 1227 1230 1231 1244 1252 1257 1284 1285 1308 1340 1350 1375 1406 1410 1452 1468 1480 1493 1501 1526 1542 1568 1580 1658 1818 1820 1853 1884 1939 1962 1963
Compactness: 11166.121981
Weights: 1100.000000 20051.000000 6074.000000
Center Node: 1493

District 18
Nodes: 41 80 95 126 155 168 196 223 228 298 354 366 368 409 448 453 463 483 494 507 512 514 518 538 545 584 629 656 689 692 727 731 740 748 749 785 809 889 922 945 950 951 959 962 1017 1019 1023 1049 1050 1076 1100 1101 1118 1122 1141 1142 1151 1169 1179 1195 1220 1235 1266 1324 1354 1373 1381 1405 1413 1428 1450 1455 1474 1477 1478 1494 1524 1551 1592 1595 1623 1625 1644 1663 1670 1678 1681 1691 1694 1751 1754 1777 1783 1787 1874 1903 1937 1945 1949 1961 1981
Compactness: 13911.202909
Weights: 1251.000000 21789.000000 5915.000000
Center Node: 1754

District 19
Nodes: 28 32 35 40 69 119 142 156 194 226 247 249 271 284 302 308 347 361 370 381 388 391 392 404 413 424 434 508 555 616 624 638 655 669 674 694 707 713 723 742 780 811 814 841 850 854 870 954 1032 1053 1102 1133 1153 1178 1203 1205 1313 1327 1333 1365 1384 1396 1417 1449 1461 1465 1471 1508 1515 1529 1531 1549 1567 1600 1662 1672 1677 1709 1729 1742 1743 1752 1765 1772 1775 1789 1796 1799 1808 1825 1851 1863 1898 1946 1960 1966 1977 1994
Compactness: 10660.628235
Weights: 1122.000000 20173.000000 6053.000000
Center Node: 1365

District 20
Nodes: 27 87 98 105 192 219 246 255 263 276 309 314 322 323 340 345 350 359 367 374 418 440 464 497 505 523 535 539 548 551 573 577 578 618 626 644 648 649 725 726 728 735 747 760 763 857 881 992 1006 1036 1047 1065 1079 1113 1114 1121 1124 1170 1171 1181 1200 1202 1211 1248 1261 1273 1300 1337 1356 1359 1388 1420 1427 1487 1490 1497 1502 1506 1540 1545 1591 1602 1632 1635 1698 1701 1713 1734 1770 1795 1828 1858 1870 1879 1924 1938 1947 1952 1986 1990 1992 1996
Compactness: 10640.159323
Weights: 1193.000000 19853.000000 6094.000000
Center Node: 535
