BalanceViolation 71.605000
AffinityLoss 870.000000
Compactness 52965.610241

District 1
Nodes: 1 16 21 37 40 85 98 106 121 126 154 175 197 210 215 221 255 269 277 278 310 322 327 357 385
Compactness: 2142.544777
Weights: 320.000000 5150.000000 1503.000000
Center Node: 327

District 2
Nodes: 56 77 79 93 108 114 118 146 176 213 245 268 285 296 302 363 366 423 428 465 482 485
Compactness: 3618.558533
Weights: 284.000000 5605.000000 1419.000000
Center Node: 176

District 3
Nodes: 41 58 62 65 67 101 115 138 150 188 206 256 289 299 315 316 319 338 349 369 380 403 422 433
Compactness: 2691.984401
Weights: 325.000000 5262.000000 1408.000000
Center Node: 433

District 4
Nodes: 29 44 45 60 81 86 91 151 161 162 163 165 238 329 340 354 377 378 411 414 421 443 449 478 499
Compactness: 2417.707666
Weights: 319.000000 5200.000000 1448.000000
Center Node: 91

District 5
Nodes: 61 73 82 116 125 177 220 235 254 260 280 282 305 308 311 317 345 372 390 394 430 435 477 480
Compactness: 2308.705242
Weights: 291.000000 5436.000000 1500.000000
Center Node: 308

District 6
Nodes: 2 15 23 102 103 107 119 123 136 181 186 187 208 253 266 281 300 360 381 418 424 429 498
Compactness: 2535.135436
Weights: 307.000000 5170.000000 1381.000000
Center Node: 15

District 7
Nodes: 22 24 31 64 84 141 144 155 159 191 247 303 395 413 420 432 434 446 454 466 467 475 484 487 493 494
Compactness: 3133.904035
Weights: 314.000000 5443.000000 1462.000000
Center Node: 484

District 8
Nodes: 57 59 112 153 166 183 196 199 211 214 226 230 236 237 249 251 261 286 291 306 337 375 392 399 450 489
Compactness: 2244.351355
Weights: 320.000000 5131.000000 1505.000000
Center Node: 251

District 9
Nodes: 11 13 46 52 70 78 100 111 128 156 174 194 201 239 274 284 295 367 368 391 407 431 438 464 472 490 497
Compactness: 3118.086715
Weights: 332.000000 5283.000000 1375.000000
Center Node: 70

District 10
Nodes: 17 26 38 43 49 66 99 143 148 217 233 242 262 272 283 288 348 350 393 408 416 441 448 462 483
Compactness: 2300.014315
Weights: 304.000000 5492.000000 1413.000000
Center Node: 483

District 11
Nodes: 0 35 76 109 131 152 169 192 200 205 225 243 259 264 293 341 352 361 379 384 388 401 425 436 495
Compactness: 2916.398050
Weights: 326.000000 5346.000000 1433.000000
Center Node: 205

District 12
Nodes: 4 8 34 71 120 130 132 157 178 204 224 232 257 287 292 294 307 382 409 427 457 461 470
Compactness: 2457.739300
Weights: 327.000000 5107.000000 1376.000000
Center Node: 204

District 13
Nodes: 74 88 140 160 168 170 179 182 203 234 240 244 267 271 273 276 330 334 356 362 419 444 445 447 458 481
Compactness: 2410.543498
Weights: 304.000000 5644.000000 1375.000000
Center Node: 168

District 14
Nodes: 3 28 117 137 147 180 202 222 231 248 258 279 297 312 324 331 333 346 364 371 376 397 452 455 473
Compactness: 2636.441054
Weights: 308.000000 5286.000000 1507.000000
Center Node: 371

District 15
Nodes: 19 27 33 36 89 97 104 139 164 173 185 189 218 219 227 304 314 318 326 328 336 355 370 410 442
Compactness: 3007.072083
Weights: 296.000000 5123.000000 1502.000000
Center Node: 36

District 16
Nodes: 12 51 83 92 158 167 195 223 246 301 309 332 374 386 387 404 405 417 437 440 456 460 463 468 469 492
Compactness: 2586.143086
Weights: 302.000000 5592.000000 1507.000000
Center Node: 460

District 17
Nodes: 6 25 69 80 95 105 124 127 134 135 190 209 212 216 290 321 323 325 351 359 373 406 412 426 474 479 491
Compactness: 2667.416833
Weights: 325.000000 5565.000000 1418.000000
Center Node: 491

District 18
Nodes: 9 20 32 47 63 68 75 129 142 145 149 184 198 207 229 241 250 275 298 320 342 358 439 453 476 496
Compactness: 2154.598336
Weights: 295.000000 5479.000000 1456.000000
Center Node: 453

District 19
Nodes: 7 14 18 39 72 90 96 110 113 133 193 228 270 339 343 344 353 398 400 402 415 459 486
Compactness: 2155.998113
Weights: 270.000000 5568.000000 1357.000000
Center Node: 459

District 20
Nodes: 5 10 30 42 48 50 53 54 55 87 94 122 171 172 252 263 265 313 335 347 365 383 389 396 451 471 488
Compactness: 3462.267414
Weights: 325.000000 5359.000000 1448.000000
Center Node: 172
