BalanceViolation 0.000000
AffinityLoss 2739.000000
Compactness 228569.889949

District 1
Nodes: 57 111 114 132 151 163 176 177 183 189 205 209 229 265 274 275 281 302 382 397 408 411 441 473 474 481 544 554 563 585 608 617 618 629 631 640 671 693 719 722 729 751 769 778 799 833 858 934 978 992 996 1030 1039 1053 1054 1079 1117 1153 1181 1182 1203 1228 1237 1258 1291 1390 1398 1406 1407 1422 1475 1497 1498 1518 1526 1536 1595 1597 1602 1624 1663 1674 1677 1688 1692 1697 1700 1704 1720 1721 1736 1740 1750 1759 1799 1819 1823 1835 1838 1893 1895 1897 1901 1918 1927 1977 1986
Compactness: 10422.163802
Weights: 1247.000000 21437.000000 5907.000000
Center Node: 1030

District 2
Nodes: 6 30 40 62 101 123 129 130 155 164 167 171 197 206 208 221 223 228 246 247 267 277 279 354 371 387 410 413 415 420 432 437 493 525 536 542 578 606 607 616 645 649 659 681 695 699 718 766 768 774 780 792 827 849 892 959 960 965 987 1021 1024 1126 1128 1149 1206 1222 1246 1259 1315 1328 1339 1360 1363 1371 1436 1438 1448 1453 1463 1472 1512 1575 1591 1601 1604 1610 1612 1632 1655 1659 1691 1713 1754 1769 1793 1796 1818 1824 1855 1866 1890 1902 1913 1932
Compactness: 9767.455605
Weights: 1243.000000 21850.000000 5695.000000
Center Node: 1453

District 3
Nodes: 11 21 48 88 98 112 113 195 204 211 218 233 256 258 273 322 324 344 363 374 385 424 431 434 453 465 503 507 553 556 605 610 667 673 712 739 742 763 789 811 818 831 852 862 866 871 909 919 927 995 1011 1038 1101 1116 1139 1151 1166 1201 1202 1249 1278 1298 1304 1341 1349 1392 1412 1420 1462 1466 1467 1468 1473 1499 1506 1517 1521 1530 1535 1547 1555 1576 1603 1672 1684 1696 1729 1801 1828 1865 1881 1904
Compactness: 8903.802061
Weights: 1182.000000 19929.000000 5658.000000
Center Node: 507

District 4
Nodes: 1 7 12 29 54 107 126 134 173 194 199 202 224 237 242 250 257 290 301 341 350 380 404 414 436 439 443 448 450 470 476 511 538 599 632 643 654 680 753 772 782 791 793 794 800 813 853 855 860 869 879 882 891 902 908 926 952 1045 1051 1084 1088 1120 1165 1191 1192 1209 1213 1253 1303 1311 1340 1357 1376 1414 1419 1488 1523 1552 1637 1649 1654 1658 1669 1680 1685 1689 1719 1768 1771 1773 1820 1834 1842 1863 1923 1929 1947 1955 1965 1967 1995 1998
Compactness: 20783.930423
Weights: 1209.000000 21753.000000 5409.000000
Center Node: 224

District 5
Nodes: 59 64 78 139 169 172 215 260 305 311 345 372 390 394 403 416 433 442 444 480 494 499 551 604 623 634 635 638 639 674 676 694 701 725 738 758 781 786 823 880 885 924 949 958 963 1040 1055 1094 1111 1141 1164 1207 1215 1261 1268 1273 1290 1322 1378 1381 1395 1396 1397 1416 1426 1446 1457 1478 1492 1524 1528 1532 1541 1553 1560 1567 1598 1639 1648 1660 1664 1687 1714 1723 1730 1774 1783 1807 1810 1813 1856 1871 1879 1883 1930 1933 1975
Compactness: 8384.382093
Weights: 1171.000000 20833.000000 5708.000000
Center Node: 1774

District 6
Nodes: 53 70 85 109 127 159 243 248 254 292 306 308 333 337 347 360 386 399 446 462 497 502 514 533 548 550 552 564 570 586 591 622 641 657 683 703 730 755 757 837 861 863 872 878 886 889 895 917 932 951 1009 1050 1064 1085 1091 1092 1104 1123 1130 1146 1148 1155 1156 1190 1217 1227 1239 1270 1275 1277 1307 1326 1327 1337 1346 1372 1431 1442 1449 1459 1477 1494 1559 1572 1614 1701 1732 1737 1747 1757 1762 1789 1792 1829 1836 1858 1859 1874 1899 1900 1907 1941 1958 1962 1994
Compactness: 11942.343350
Weights: 1242.000000 20794.000000 5894.000000
Center Node: 570

District 7
Nodes: 13 51 61 68 80 108 149 175 191 200 230 231 236 280 319 367 393 421 449 477 535 569 589 596 625 630 653 715 743 744 746 764 777 779 817 839 848 875 971 980 998 1029 1032 1062 1065 1069 1071 1096 1112 1113 1167 1177 1199 1223 1225 1248 1264 1300 1318 1345 1355 1379 1380 1411 1430 1432 1435 1491 1511 1546 1551 1558 1562 1571 1588 1619 1620 1633 1638 1644 1650 1666 1748 1791 1831 1852 1862 1894 1922 1936 1961 1963 1964 1996
Compactness: 9717.304446
Weights: 1138.000000 20667.000000 5404.000000
Center Node: 743

District 8
Nodes: 2 27 95 122 135 153 157 162 181 182 239 251 261 271 288 291 309 327 328 336 339 395 427 456 510 541 560 561 571 577 602 636 678 692 706 762 787 810 815 842 854 898 915 929 935 936 940 946 956 979 997 1004 1007 1035 1086 1097 1100 1145 1158 1169 1178 1193 1231 1235 1267 1294 1325 1329 1334 1352 1364 1387 1418 1424 1456 1480 1485 1489 1522 1534 1570 1582 1592 1594 1599 1609 1653 1668 1673 1702 1711 1725 1726 1727 1797 1815 1910 1917 1919 1926 1982
Compactness: 11793.165268
Weights: 1153.000000 21879.000000 5644.000000
Center Node: 1489

District 9
Nodes: 10 16 19 41 60 72 92 100 116 125 147 150 160 207 238 255 262 264 325 358 388 512 523 579 593 619 644 655 690 748 783 859 894 897 981 1008 1016 1026 1042 1049 1072 1075 1077 1107 1115 1140 1154 1159 1163 1170 1180 1185 1221 1226 1250 1251 1274 1312 1314 1317 1335 1368 1393 1401 1413 1454 1469 1471 1500 1510 1538 1548 1557 1561 1566 1623 1628 1629 1683 1690 1715 1734 1743 1753 1785 1803 1822 1848 1850 1857 1868 1877 1887 1898 1905 1908 1935 1990
Compactness: 10401.318731
Weights: 1155.000000 21224.000000 5393.000000
Center Node: 1743

District 10
Nodes: 34 47 75 91 105 110 146 179 180 192 212 315 317 329 332 346 352 366 396 457 478 484 490 506 517 527 537 626 642 647 664 724 741 775 776 803 819 851 888 899 918 925 930 943 950 964 966 983 991 1014 1020 1022 1046 1048 1074 1078 1087 1093 1127 1133 1134 1136 1143 1160 1172 1174 1176 1186 1194 1198 1224 1233 1254 1276 1282 1309 1313 1365 1366 1383 1388 1440 1441 1447 1482 1484 1533 1542 1573 1589 1617 1645 1705 1706 1751 1794 1845 1851 1891 1934 1945 1971 1984
Compactness: 9968.924689
Weights: 1251.000000 20734.000000 5873.000000
Center Node: 1533

District 11
Nodes: 33 45 71 76 94 97 216 225 253 269 272 285 307 310 361 375 419 429 460 461 466 482 486 489 505 508 513 521 558 601 613 627 648 670 697 708 728 733 747 749 750 752 765 795 821 843 864 867 907 910 955 985 1012 1025 1090 1110 1144 1195 1240 1243 1245 1288 1295 1461 1476 1487 1502 1537 1587 1618 1627 1634 1651 1652 1656 1661 1662 1670 1671 1686 1745 1749 1767 1780 1821 1839 1840 1867 1869 1880 1889 1912 1914 1942 1946 1951 1966 1969 1972
Compactness: 15549.339814
Weights: 1152.000000 20380.000000 5838.000000
Center Node: 955

District 12
Nodes: 17 28 55 69 128 158 165 185 188 217 219 286 289 312 330 342 370 376 467 472 475 483 509 516 529 559 566 584 609 628 637 650 668 684 685 686 691 709 713 771 796 816 846 856 865 883 884 893 905 916 921 937 939 945 962 975 986 1003 1027 1033 1041 1061 1067 1099 1108 1129 1138 1150 1157 1168 1171 1179 1183 1205 1219 1238 1285 1320 1333 1336 1375 1377 1382 1384 1452 1529 1543 1554 1580 1630 1733 1765 1777 1816 1825 1832 1864 1940 1953 1988
Compactness: 14468.494126
Weights: 1169.000000 19890.000000 5421.000000
Center Node: 1041

District 13
Nodes: 5 14 25 42 79 96 117 118 119 141 148 186 213 214 222 240 245 304 356 391 417 430 435 438 447 459 469 491 531 573 588 597 656 658 672 698 711 760 761 828 829 896 901 941 989 993 999 1031 1044 1056 1109 1131 1161 1208 1230 1232 1244 1252 1280 1283 1301 1316 1331 1342 1359 1369 1391 1410 1423 1428 1470 1496 1505 1508 1513 1525 1544 1550 1564 1578 1622 1636 1676 1693 1694 1703 1717 1724 1806 1811 1814 1830 1843 1847 1853 1870 1875 1896 1916 1949 1968 1970 1985
Compactness: 15579.830605
Weights: 1232.000000 20195.000000 5902.000000
Center Node: 573

District 14
Nodes: 15 39 50 65 66 102 136 190 196 201 203 227 287 296 326 331 335 357 362 365 373 377 400 407 409 454 463 498 522 557 590 592 615 663 665 688 714 717 720 784 785 788 814 830 870 877 912 923 942 947 1023 1036 1066 1106 1125 1132 1147 1152 1220 1229 1234 1260 1262 1263 1266 1289 1310 1323 1330 1343 1348 1353 1354 1367 1385 1443 1479 1483 1574 1579 1616 1621 1647 1657 1708 1712 1728 1738 1741 1742 1772 1790 1802 1804 1826 1884 1944 1950 1952 1980 1987 1989 1991
Compactness: 9477.622441
Weights: 1217.000000 21092.000000 5474.000000
Center Node: 498

District 15
Nodes: 23 37 74 83 86 120 166 184 270 283 303 321 338 351 379 392 402 479 496 515 519 520 565 572 582 600 603 633 662 716 721 759 770 798 807 809 820 822 844 847 850 904 906 948 953 968 970 1015 1017 1043 1098 1173 1188 1212 1218 1247 1292 1293 1297 1299 1332 1356 1408 1429 1445 1451 1474 1490 1495 1527 1565 1568 1584 1593 1600 1642 1665 1707 1709 1731 1758 1781 1784 1812 1817 1833 1872 1873 1888 1892 1903 1957 1959 1978 1981
Compactness: 9210.989888
Weights: 1195.000000 19842.000000 5369.000000
Center Node: 1098

District 16
Nodes: 36 49 73 77 99 133 138 143 152 244 278 282 295 316 334 359 378 384 389 401 428 445 451 464 471 500 504 518 534 539 543 545 547 576 580 646 666 679 687 726 735 808 824 834 838 845 922 928 944 957 984 994 1006 1028 1037 1052 1057 1068 1070 1080 1095 1121 1122 1175 1187 1210 1214 1242 1265 1287 1302 1319 1344 1370 1400 1444 1486 1503 1515 1549 1556 1583 1596 1605 1613 1641 1667 1679 1682 1735 1746 1755 1764 1805 1827 1860 1861 1906 1915 1921 1925 1931 1937 1943 1979 1992 1993
Compactness: 12794.278880
Weights: 1252.000000 20907.000000 5543.000000
Center Node: 1805

District 17
Nodes: 0 22 38 52 56 63 67 104 140 142 154 168 187 210 220 276 314 323 340 348 383 398 412 425 426 468 488 501 567 574 612 624 669 682 689 704 732 740 767 773 790 797 801 804 825 826 832 857 881 931 967 972 974 982 1013 1034 1047 1105 1114 1118 1135 1236 1255 1269 1271 1281 1284 1305 1350 1386 1399 1403 1404 1421 1427 1434 1460 1507 1509 1516 1540 1563 1577 1640 1646 1681 1716 1722 1744 1752 1770 1782 1786 1808 1854 1876 1878 1909 1954 1974
Compactness: 12682.910055
Weights: 1171.000000 21751.000000 5822.000000
Center Node: 501

District 18
Nodes: 3 20 43 44 58 84 93 103 124 131 156 161 193 249 252 300 318 349 381 422 423 452 458 485 487 495 526 555 583 594 651 661 696 702 705 707 731 737 802 805 812 841 868 873 890 913 933 938 969 976 977 990 1005 1058 1060 1063 1073 1082 1102 1142 1162 1211 1241 1296 1321 1351 1358 1362 1405 1417 1425 1437 1450 1464 1514 1581 1606 1611 1631 1643 1695 1699 1710 1718 1739 1775 1779 1787 1837 1885 1886 1928 1948 1956 1976 1983 1997
Compactness: 8900.422467
Weights: 1156.000000 20600.000000 5687.000000
Center Node: 812

District 19
Nodes: 4 9 24 26 35 87 89 90 115 121 137 144 170 198 226 235 241 263 266 284 293 298 353 355 364 405 406 455 528 549 575 587 595 598 614 620 621 652 675 727 745 756 806 874 876 911 914 920 961 973 1001 1010 1018 1019 1076 1119 1124 1137 1200 1204 1216 1257 1286 1308 1324 1338 1361 1394 1409 1415 1433 1455 1465 1481 1493 1569 1585 1586 1590 1615 1626 1756 1763 1776 1778 1788 1798 1800 1809 1846 1849 1882 1920 1938 1939 1960
Compactness: 8663.578790
Weights: 1185.000000 20387.000000 5785.000000
Center Node: 1216

District 20
Nodes: 8 18 31 32 46 81 82 106 145 174 178 232 234 259 268 294 297 299 313 320 343 368 369 418 440 492 524 530 532 540 546 562 568 581 611 660 677 700 710 723 734 736 754 835 836 840 887 900 903 954 988 1000 1002 1059 1081 1083 1089 1103 1184 1189 1196 1197 1256 1272 1279 1306 1347 1373 1374 1389 1402 1439 1458 1501 1504 1519 1520 1531 1539 1545 1607 1608 1625 1635 1675 1678 1698 1760 1761 1766 1795 1841 1844 1911 1924 1973 1999
Compactness: 9157.632414
Weights: 1134.000000 20802.000000 5573.000000
Center Node: 700
