BalanceViolation 946.691000
AffinityLoss 1885.000000
Compactness 66938.533342

District 1
Nodes: 35 141 149 341 352 412 517 565 656 667 735 777 784 857 869 872 889 895 999
Compactness: 1094.642409
Weights: 255.000000 4389.000000 1142.000000
Center Node: 857

District 2
Nodes: 81 151 161 171 196 205 252 265 338 363 466 601 604 647 677 725 786 814 823 906 989
Compactness: 1356.434919
Weights: 236.000000 4298.000000 1142.000000
Center Node: 363

District 3
Nodes: 13 95 168 294 336 355 396 398 423 468 476 513 610 637 660 699 794 832 863 865
Compactness: 1047.469705
Weights: 248.000000 4276.000000 1067.000000
Center Node: 95

District 4
Nodes: 52 99 155 216 239 306 318 427 493 498 505 631 767 824 855 870 890 915 920
Compactness: 1071.710023
Weights: 225.000000 4156.000000 1182.000000
Center Node: 870

District 5
Nodes: 25 162 197 217 277 356 382 409 431 500 521 619 632 642 733 810 826 917 926
Compactness: 1663.043289
Weights: 241.000000 4157.000000 1127.000000
Center Node: 521

District 6
Nodes: 117 245 280 303 319 443 523 524 551 574 579 615 625 675 736 738 783 799 925 953
Compactness: 1184.271270
Weights: 237.000000 4154.000000 1081.000000
Center Node: 738

District 7
Nodes: 23 66 189 317 324 328 343 481 497 520 522 553 581 758 769 844 949 992
Compactness: 735.239403
Weights: 260.000000 4290.000000 1061.000000
Center Node: 522

District 8
Nodes: 5 27 31 55 76 79 112 119 134 176 218 248 275 407 435 695 707 711 778 874 887 912 947
Compactness: 1768.132973
Weights: 294.000000 4021.000000 1209.000000
Center Node: 778

District 9
Nodes: 71 105 185 187 255 360 368 375 486 491 538 560 575 599 652 655 684 787 801 843 985
Compactness: 1704.278316
Weights: 256.000000 4420.000000 1145.000000
Center Node: 105

District 10
Nodes: 7 57 59 60 110 302 372 402 425 439 706 780 817 864 902 914 954 983 984
Compactness: 1200.257240
Weights: 267.000000 4160.000000 1127.000000
Center Node: 59

District 11
Nodes: 3 11 50 62 132 206 227 285 344 371 512 586 691 715 751 830 932 977
Compactness: 1092.755667
Weights: 240.000000 4396.000000 919.000000
Center Node: 932

District 12
Nodes: 98 223 244 298 300 304 309 399 535 582 593 644 708 726 740 750 755 827 950
Compactness: 1212.558697
Weights: 225.000000 4030.000000 1181.000000
Center Node: 399

District 13
Nodes: 77 191 238 241 430 480 508 511 611 674 692 694 729 734 749 759 760 798 831 897
Compactness: 1177.734931
Weights: 235.000000 4026.000000 1157.000000
Center Node: 191

District 14
Nodes: 22 146 219 262 283 358 422 531 541 556 606 621 662 703 737 785 807 860 893 976
Compactness: 2065.696341
Weights: 212.000000 4328.000000 1128.000000
Center Node: 146

District 15
Nodes: 17 39 64 152 186 256 373 401 488 514 525 530 548 554 634 635 881 911 930 982
Compactness: 1113.494099
Weights: 244.000000 4046.000000 1111.000000
Center Node: 401

District 16
Nodes: 24 78 88 221 225 290 292 434 462 502 526 529 566 596 762 851 894 924 941 980 987
Compactness: 1115.232852
Weights: 265.000000 4251.000000 1072.000000
Center Node: 24

District 17
Nodes: 87 153 207 286 312 331 492 569 588 663 682 687 774 791 845 852 942 952 991
Compactness: 1298.572271
Weights: 231.000000 4381.000000 1184.000000
Center Node: 286

District 18
Nodes: 1 30 160 166 212 220 251 337 461 478 499 506 572 573 602 622 720 782 795 867 878
Compactness: 1062.808930
Weights: 274.000000 4195.000000 1160.000000
Center Node: 602

District 19
Nodes: 45 67 108 135 194 203 259 273 326 442 448 475 495 540 613 805 811 891 918
Compactness: 1451.534686
Weights: 216.000000 4137.000000 1174.000000
Center Node: 891

District 20
Nodes: 26 127 173 182 226 276 350 426 429 444 528 543 545 600 679 741 775 800 971
Compactness: 1215.152956
Weights: 262.000000 4175.000000 1162.000000
Center Node: 679

District 21
Nodes: 72 96 97 107 138 139 198 351 410 473 483 496 614 636 680 709 764 877 978 993 996
Compactness: 962.749841
Weights: 245.000000 4011.000000 1264.000000
Center Node: 680

District 22
Nodes: 0 19 37 51 165 210 214 230 236 334 450 471 537 623 812 939 981 988
Compactness: 914.787436
Weights: 226.000000 4389.000000 1101.000000
Center Node: 19

District 23
Nodes: 20 83 91 233 383 393 406 418 504 549 587 590 591 743 809 896 945 967 969
Compactness: 1011.563688
Weights: 224.000000 4086.000000 1131.000000
Center Node: 233

District 24
Nodes: 48 61 75 133 145 267 369 447 458 557 585 603 651 661 696 731 804 862 936 990
Compactness: 1429.372695
Weights: 238.000000 4415.000000 979.000000
Center Node: 862

District 25
Nodes: 10 102 104 308 474 487 532 583 612 645 716 765 821 840 885 913 951 958 986
Compactness: 966.103846
Weights: 201.000000 4483.000000 1034.000000
Center Node: 583

District 26
Nodes: 36 65 70 85 130 178 228 279 400 438 509 598 633 673 686 701 757 813 908 940
Compactness: 993.319097
Weights: 261.000000 4418.000000 985.000000
Center Node: 598

District 27
Nodes: 118 150 170 180 188 278 307 320 376 395 421 449 539 552 646 704 722 771 935 961
Compactness: 923.818422
Weights: 239.000000 4027.000000 1136.000000
Center Node: 722

District 28
Nodes: 40 73 86 111 157 224 247 266 359 361 378 387 437 558 584 659 683 714 728 829
Compactness: 1606.706377
Weights: 244.000000 4144.000000 1187.000000
Center Node: 73

District 29
Nodes: 16 33 49 114 235 246 260 330 340 354 362 385 405 441 484 697 727 745 766 789 923
Compactness: 1808.831294
Weights: 275.000000 4040.000000 1139.000000
Center Node: 484

District 30
Nodes: 6 53 58 121 222 253 271 291 364 494 546 595 639 712 723 730 868 884 963 965
Compactness: 1037.413598
Weights: 238.000000 4159.000000 1178.000000
Center Node: 6

District 31
Nodes: 270 310 323 349 389 413 452 455 463 477 594 626 653 689 698 700 744 842 962
Compactness: 985.572806
Weights: 233.000000 4409.000000 1095.000000
Center Node: 594

District 32
Nodes: 34 74 136 202 204 232 322 348 380 384 428 515 534 561 562 753 828 876 886 888 946
Compactness: 1181.780164
Weights: 234.000000 4413.000000 1060.000000
Center Node: 888

District 33
Nodes: 41 193 333 374 391 403 408 411 415 432 479 533 620 627 654 664 713 747 788 802 841 866 975
Compactness: 1669.331643
Weights: 279.000000 4330.000000 1127.000000
Center Node: 479

District 34
Nodes: 47 129 148 164 242 258 289 536 542 567 605 690 746 761 773 803 875 903 938 944 960
Compactness: 1386.650587
Weights: 272.000000 4014.000000 1190.000000
Center Node: 875

District 35
Nodes: 2 42 46 68 109 229 243 250 287 346 377 490 516 564 671 833 871 934 959
Compactness: 1068.879913
Weights: 225.000000 4073.000000 1164.000000
Center Node: 959

District 36
Nodes: 12 14 56 113 140 144 192 296 313 332 339 503 650 669 670 705 724 739 742 859 927
Compactness: 992.881137
Weights: 254.000000 4376.000000 1178.000000
Center Node: 503

District 37
Nodes: 92 131 184 195 200 237 274 295 366 370 446 470 628 638 752 834 861 898 933 957 974
Compactness: 2390.527563
Weights: 255.000000 4279.000000 1072.000000
Center Node: 446

District 38
Nodes: 89 124 177 199 281 390 451 453 454 482 559 563 571 643 666 702 748 779 818 882 948 995
Compactness: 1344.007968
Weights: 252.000000 4371.000000 1175.000000
Center Node: 177

District 39
Nodes: 8 9 44 154 167 215 297 305 357 365 392 501 693 792 825 838 919 956 970 998
Compactness: 4869.479248
Weights: 258.000000 3987.000000 1083.000000
Center Node: 297

District 40
Nodes: 29 43 100 163 175 208 272 282 345 381 436 440 459 460 489 527 668 688 922
Compactness: 953.794791
Weights: 232.000000 4020.000000 1184.000000
Center Node: 29

District 41
Nodes: 125 156 174 209 240 257 268 284 315 325 424 555 641 681 754 816 853 892 972
Compactness: 1273.061138
Weights: 246.000000 4027.000000 1192.000000
Center Node: 209

District 42
Nodes: 84 123 137 181 254 261 288 314 329 335 379 386 397 550 609 793 822 835 854 900 907 910
Compactness: 1243.476141
Weights: 254.000000 4291.000000 1165.000000
Center Node: 137

District 43
Nodes: 21 32 63 94 122 264 367 417 467 580 589 649 665 781 815 836 846 850 937 994
Compactness: 1713.706354
Weights: 249.000000 4035.000000 1182.000000
Center Node: 846

District 44
Nodes: 15 93 120 179 321 414 433 472 485 510 544 576 616 718 796 837 856 904 966 973
Compactness: 915.371421
Weights: 263.000000 4394.000000 1067.000000
Center Node: 904

District 45
Nodes: 18 90 101 106 158 172 249 301 316 353 388 465 518 608 617 648 719 848 879 901
Compactness: 981.408972
Weights: 228.000000 4143.000000 1028.000000
Center Node: 848

District 46
Nodes: 82 159 169 201 213 231 327 394 420 445 457 624 630 678 776 790 808 909 964 968
Compactness: 1048.254972
Weights: 238.000000 4377.000000 1092.000000
Center Node: 159

District 47
Nodes: 38 190 234 263 293 456 464 570 577 592 732 756 763 770 772 883 929 943
Compactness: 954.344201
Weights: 237.000000 4276.000000 1067.000000
Center Node: 263

District 48
Nodes: 4 142 147 211 416 507 568 618 640 676 685 710 820 839 847 858 873 979
Compactness: 1642.060383
Weights: 196.000000 4440.000000 1084.000000
Center Node: 211

District 49
Nodes: 28 54 103 115 116 128 143 183 299 311 519 547 629 657 717 797 819 905 921 928 997
Compactness: 1364.642709
Weights: 226.000000 4096.000000 1181.000000
Center Node: 103

District 50
Nodes: 69 80 126 269 342 347 404 419 469 578 597 607 658 672 721 768 806 849 880 899 916 931 955
Compactness: 1673.613958
Weights: 253.000000 4315.000000 1170.000000
Center Node: 578
