BalanceViolation 8.032500
AffinityLoss 3267.000000
Compactness 231970.708975

District 1
Nodes: 8 9 20 52 87 116 141 165 189 212 228 232 239 250 257 260 268 288 290 306 313 358 398 400 402 437 441 465 511 516 518 599 661 676 730 747 752 767 789 813 820 845 860 881 929 942 966 971 984 1005 1006 1027 1040 1042 1053 1069 1089 1108 1127 1128 1152 1173 1203 1205 1280 1365 1388 1439 1465 1472 1478 1485 1498 1506 1563 1573 1672 1690 1700 1713 1719 1724 1733 1736 1759 1762 1766 1780 1823 1851 1853 1855 1957 1988
Compactness: 9061.585433
Weights: 1196.000000 19566.000000 5457.000000
Center Node: 1759

District 2
Nodes: 16 44 109 131 137 144 160 180 187 224 253 256 264 293 299 301 320 349 359 360 386 396 404 436 462 466 493 538 560 583 607 620 692 701 713 753 776 848 882 950 965 980 986 1004 1025 1043 1049 1068 1081 1109 1118 1119 1123 1124 1144 1158 1278 1286 1289 1290 1293 1311 1314 1341 1353 1355 1356 1369 1374 1380 1382 1431 1441 1458 1496 1500 1514 1515 1527 1534 1564 1574 1575 1610 1629 1704 1722 1723 1747 1765 1814 1831 1832 1838 1891 1904 1906 1912 1918 1955 1989
Compactness: 12578.606263
Weights: 1257.000000 21320.000000 6023.000000
Center Node: 359

District 3
Nodes: 15 28 64 74 80 89 119 128 192 196 277 278 284 329 376 379 390 416 428 432 434 446 458 490 492 504 506 507 552 563 566 601 619 628 640 656 658 671 720 771 799 842 849 854 855 859 865 920 923 933 977 1003 1018 1047 1073 1088 1094 1104 1116 1146 1147 1192 1215 1217 1219 1224 1225 1230 1249 1292 1327 1340 1350 1413 1437 1473 1512 1517 1528 1529 1548 1549 1552 1553 1634 1648 1651 1654 1669 1691 1716 1741 1767 1805 1844 1845 1852 1895 1899 1901 1915 1931 1934 1983
Compactness: 9394.261931
Weights: 1254.000000 20445.000000 5666.000000
Center Node: 1018

District 4
Nodes: 10 29 58 104 153 155 167 171 172 195 236 266 273 285 322 334 336 343 344 345 361 363 399 408 426 442 477 483 528 539 547 550 571 635 669 686 704 731 768 774 797 843 844 878 897 926 949 1024 1026 1039 1045 1046 1051 1056 1083 1117 1150 1168 1174 1241 1268 1281 1326 1338 1346 1386 1396 1401 1405 1423 1426 1538 1542 1551 1570 1586 1588 1608 1612 1618 1624 1633 1645 1650 1665 1725 1734 1735 1754 1757 1764 1781 1826 1843 1850 1882 1890 1941 1953 1958 1980
Compactness: 7857.548866
Weights: 1150.000000 20019.000000 5689.000000
Center Node: 1396

District 5
Nodes: 100 114 118 124 132 161 182 200 207 209 222 238 271 279 317 354 382 389 448 450 464 485 525 559 564 596 606 610 637 665 716 724 725 729 763 783 785 791 807 815 823 834 870 886 890 936 945 956 1020 1022 1059 1078 1086 1122 1145 1191 1201 1208 1229 1250 1262 1283 1296 1299 1324 1354 1359 1372 1378 1416 1418 1427 1428 1466 1468 1480 1532 1536 1583 1607 1614 1627 1637 1649 1658 1661 1676 1701 1738 1775 1847 1860 1861 1868 1921 1930 1963 1964 1969 1986 1987 1990
Compactness: 10868.955922
Weights: 1188.000000 19856.000000 5987.000000
Center Node: 1262

District 6
Nodes: 26 35 93 120 178 185 210 217 226 243 259 261 318 348 353 388 417 424 451 482 520 531 546 549 591 593 642 643 667 679 680 682 694 708 712 743 760 781 817 819 832 835 837 863 903 909 919 935 987 1001 1015 1034 1036 1038 1044 1120 1136 1154 1170 1171 1200 1209 1252 1306 1313 1333 1334 1337 1360 1379 1476 1479 1484 1531 1546 1562 1567 1576 1584 1591 1593 1601 1678 1680 1717 1728 1730 1739 1744 1776 1791 1801 1849 1877 1889 1998
Compactness: 9502.919761
Weights: 1151.000000 19347.000000 5818.000000
Center Node: 1801

District 7
Nodes: 1 2 3 13 32 33 65 81 115 140 158 176 213 215 233 248 258 280 297 302 305 413 439 474 513 519 524 533 602 615 630 639 647 672 696 705 709 727 734 740 757 759 811 821 872 879 895 924 941 944 958 988 994 1031 1064 1076 1080 1142 1153 1185 1189 1237 1261 1272 1310 1315 1325 1344 1347 1391 1448 1486 1493 1508 1522 1559 1592 1603 1621 1625 1631 1632 1660 1670 1763 1771 1774 1778 1787 1792 1793 1812 1830 1836 1841 1856 1897 1966 1981 1985 1997
Compactness: 10539.196408
Weights: 1249.000000 21165.000000 5750.000000
Center Node: 1508

District 8
Nodes: 24 37 70 82 117 139 142 154 173 191 294 298 325 326 341 347 372 405 429 478 484 489 498 515 535 537 548 553 570 578 600 626 629 648 649 675 677 691 737 750 756 761 772 798 818 857 887 907 912 917 947 962 967 968 972 974 989 990 1041 1071 1072 1100 1101 1125 1180 1204 1226 1231 1246 1255 1264 1287 1302 1307 1330 1339 1407 1411 1422 1433 1516 1521 1554 1626 1638 1673 1699 1710 1712 1729 1748 1749 1761 1804 1815 1858 1876 1929 1978 1999
Compactness: 16403.323346
Weights: 1177.000000 20075.000000 5578.000000
Center Node: 142

District 9
Nodes: 12 25 42 46 79 99 111 123 129 138 152 166 183 242 244 292 309 310 373 443 486 497 499 517 586 646 654 660 668 687 733 741 751 766 802 809 868 880 889 892 894 916 932 938 961 1010 1021 1028 1095 1107 1177 1223 1228 1232 1233 1242 1247 1282 1285 1303 1312 1319 1358 1367 1403 1417 1440 1450 1487 1541 1543 1579 1590 1600 1606 1628 1636 1662 1685 1703 1711 1743 1752 1772 1777 1788 1800 1817 1820 1834 1864 1865 1881 1894 1896 1905 1922 1965
Compactness: 9682.747411
Weights: 1180.000000 19342.000000 5478.000000
Center Node: 1820

District 10
Nodes: 11 19 47 50 56 69 102 103 135 159 170 174 251 255 262 282 300 308 346 369 370 410 418 470 481 487 526 532 551 558 568 585 663 702 714 722 744 778 800 803 822 829 841 858 861 888 896 925 931 953 1016 1030 1079 1091 1106 1112 1126 1131 1206 1214 1221 1244 1273 1317 1321 1349 1366 1373 1377 1381 1393 1397 1404 1434 1445 1456 1481 1488 1524 1540 1599 1647 1655 1674 1682 1706 1709 1731 1785 1799 1809 1821 1828 1842 1873 1883 1913 1914 1935 1940 1948 1954 1956 1971 1994
Compactness: 9757.513717
Weights: 1215.000000 20733.000000 6020.000000
Center Node: 822

District 11
Nodes: 41 45 53 62 67 73 77 88 145 147 149 216 247 275 287 328 355 380 394 420 425 433 457 476 505 514 522 545 555 557 567 581 608 621 623 627 638 659 697 779 790 840 850 874 913 928 978 1000 1013 1048 1055 1085 1090 1114 1137 1139 1187 1216 1227 1234 1260 1277 1295 1348 1385 1399 1402 1414 1421 1430 1449 1457 1460 1470 1491 1505 1519 1520 1555 1582 1589 1594 1652 1668 1696 1702 1786 1796 1797 1807 1808 1818 1888 1893 1932 1937 1939 1959 1982 1984
Compactness: 9467.736081
Weights: 1149.000000 21347.000000 5958.000000
Center Node: 557

District 12
Nodes: 30 39 43 76 91 112 122 125 134 151 175 179 197 199 205 206 237 245 289 295 307 311 351 357 378 384 385 397 407 409 412 494 512 544 562 652 653 695 700 707 721 764 782 804 839 851 862 871 902 908 969 981 999 1002 1097 1115 1133 1135 1138 1161 1164 1183 1188 1271 1274 1351 1415 1425 1436 1452 1453 1471 1492 1535 1547 1558 1578 1595 1617 1630 1641 1675 1693 1721 1742 1745 1753 1755 1758 1760 1789 1790 1803 1825 1872 1900 1917 1949 1967 1977 1979 1993
Compactness: 10228.854512
Weights: 1253.000000 21254.000000 5671.000000
Center Node: 764

District 13
Nodes: 5 27 59 63 83 101 105 113 163 184 193 194 202 214 225 229 235 315 323 331 352 356 367 381 383 423 431 435 452 473 479 500 534 573 575 587 611 616 622 655 711 718 769 786 808 810 846 910 911 940 946 976 985 1007 1023 1054 1065 1103 1134 1196 1211 1222 1235 1298 1322 1332 1371 1432 1444 1482 1495 1497 1513 1545 1561 1577 1643 1683 1686 1689 1694 1751 1770 1783 1794 1811 1819 1833 1848 1859 1869 1898 1902 1909 1910 1911 1945 1975 1995
Compactness: 9361.561508
Weights: 1183.000000 20278.000000 5944.000000
Center Node: 1898

District 14
Nodes: 14 17 49 55 61 72 94 130 133 162 186 201 312 316 324 332 415 421 455 472 527 530 543 597 609 632 666 688 715 723 739 745 758 777 780 788 793 806 827 828 838 852 853 876 899 901 914 930 1008 1017 1121 1140 1162 1190 1253 1259 1270 1288 1316 1323 1328 1342 1363 1375 1390 1394 1424 1446 1459 1474 1503 1507 1509 1518 1523 1530 1560 1566 1569 1580 1597 1611 1644 1653 1679 1688 1705 1718 1727 1737 1779 1784 1854 1862 1880 1919 1923 1927 1952 1991
Compactness: 9348.690707
Weights: 1184.000000 19442.000000 5949.000000
Center Node: 852

District 15
Nodes: 18 31 34 78 92 146 231 254 267 272 283 375 387 392 395 419 445 469 471 502 508 509 521 542 572 576 584 598 605 631 634 636 645 650 657 670 678 698 699 746 754 794 795 796 856 883 905 906 918 927 934 960 964 982 1011 1029 1032 1037 1062 1082 1113 1166 1175 1195 1236 1258 1284 1305 1308 1362 1376 1384 1387 1419 1438 1455 1464 1477 1539 1572 1596 1598 1602 1604 1619 1622 1677 1687 1695 1708 1740 1769 1816 1839 1866 1879 1925 1942 1944 1960
Compactness: 13059.229957
Weights: 1269.000000 20016.000000 5450.000000
Center Node: 1419

District 16
Nodes: 0 7 22 38 84 96 108 110 121 143 181 203 208 220 234 246 252 274 276 304 335 342 350 393 403 456 460 501 523 556 588 594 617 618 625 633 681 710 749 765 801 875 877 884 885 893 900 921 939 948 959 973 1033 1067 1074 1129 1130 1148 1167 1176 1197 1207 1243 1245 1266 1267 1320 1336 1370 1398 1435 1469 1483 1501 1502 1511 1571 1585 1587 1613 1623 1635 1639 1642 1663 1666 1681 1714 1806 1824 1846 1863 1875 1903 1908 1946 1961
Compactness: 8107.440402
Weights: 1145.000000 20631.000000 5479.000000
Center Node: 556

District 17
Nodes: 4 23 54 71 75 85 156 204 219 230 303 319 340 366 377 391 401 414 444 468 488 491 496 536 577 590 592 595 603 612 613 644 673 674 728 738 755 773 784 792 830 867 955 963 975 979 991 1019 1050 1066 1099 1110 1111 1141 1149 1181 1186 1202 1213 1239 1275 1304 1343 1361 1383 1389 1406 1408 1420 1443 1454 1490 1510 1526 1533 1537 1544 1550 1556 1581 1605 1640 1671 1697 1715 1732 1829 1835 1840 1878 1884 1892 1907 1916 1933 1947 1962
Compactness: 9927.724581
Weights: 1262.000000 20569.000000 5459.000000
Center Node: 1947

District 18
Nodes: 6 36 48 66 86 90 97 107 136 148 168 169 188 190 198 211 221 223 241 270 330 338 339 362 374 422 447 453 454 459 503 561 580 604 624 662 684 685 689 690 717 719 726 735 736 762 770 812 816 831 836 866 869 915 922 937 943 952 997 1012 1058 1061 1063 1070 1092 1098 1151 1157 1193 1238 1263 1279 1294 1297 1300 1335 1395 1447 1461 1467 1475 1499 1525 1646 1667 1692 1707 1720 1726 1798 1822 1827 1871 1885 1887 1924 1928 1938 1943 1950 1951 1970 1972
Compactness: 20972.736610
Weights: 1235.000000 21238.000000 5737.000000
Center Node: 1263

District 19
Nodes: 21 40 51 57 60 98 126 150 164 249 269 291 314 321 368 371 406 427 438 461 463 475 480 495 510 529 565 569 579 582 589 641 703 706 775 805 824 825 826 904 957 970 992 995 996 998 1035 1057 1075 1077 1087 1096 1102 1132 1159 1160 1163 1165 1184 1198 1210 1212 1218 1220 1240 1248 1254 1269 1276 1301 1318 1331 1352 1357 1392 1400 1409 1410 1412 1429 1442 1451 1494 1504 1565 1616 1620 1698 1746 1768 1782 1795 1802 1813 1857 1867 1973 1976 1992
Compactness: 20081.672402
Weights: 1233.000000 20599.000000 6020.000000
Center Node: 1057

District 20
Nodes: 68 95 106 127 157 177 218 227 240 263 265 281 286 296 327 333 337 364 365 411 430 440 449 467 540 541 554 574 614 651 664 683 693 732 742 748 787 814 833 847 864 873 891 898 951 954 983 993 1009 1014 1052 1060 1084 1093 1105 1143 1155 1156 1169 1172 1178 1179 1182 1194 1199 1251 1256 1257 1265 1291 1309 1329 1345 1364 1368 1462 1463 1489 1557 1568 1609 1615 1656 1657 1659 1664 1684 1750 1756 1773 1810 1837 1870 1874 1886 1920 1926 1936 1968 1974 1996
Compactness: 15768.403156
Weights: 1177.000000 19465.000000 5700.000000
Center Node: 833
