BalanceViolation 1741.435000
AffinityLoss 1877.000000
Compactness 61660.565057

District 1
Nodes: 95 128 253 315 327 431 491 533 632 645 658 817 822 839 852 853 873 875 894
Compactness: 1111.855873
Weights: 225.000000 4481.000000 1057.000000
Center Node: 327

District 2
Nodes: 146 163 176 200 214 282 287 296 400 411 635 659 696 733 734 972
Compactness: 765.041174
Weights: 192.000000 3525.000000 847.000000
Center Node: 200

District 3
Nodes: 47 178 243 245 246 252 260 289 306 343 361 371 450 456 564 621 646 664 687 748 811 901 928
Compactness: 1750.101066
Weights: 252.000000 4425.000000 1176.000000
Center Node: 178

District 4
Nodes: 61 100 118 203 251 298 313 424 449 483 501 527 613 865 883 884 948 980 996
Compactness: 1372.512512
Weights: 239.000000 4454.000000 1142.000000
Center Node: 527

District 5
Nodes: 15 36 50 68 82 181 250 391 425 438 525 542 657 661 690 765 807 870 896 903 961
Compactness: 1455.327601
Weights: 250.000000 4029.000000 1237.000000
Center Node: 903

District 6
Nodes: 22 86 112 175 193 225 264 288 321 344 355 360 378 448 544 580 815 844 986
Compactness: 1164.214915
Weights: 193.000000 4501.000000 1122.000000
Center Node: 22

District 7
Nodes: 51 222 347 380 429 440 480 541 543 576 668 718 746 752 864 932 988
Compactness: 1114.569313
Weights: 231.000000 4392.000000 940.000000
Center Node: 718

District 8
Nodes: 43 174 199 202 219 239 276 394 447 468 571 574 588 604 685 774 791 848 858 886
Compactness: 2487.423321
Weights: 254.000000 4052.000000 1202.000000
Center Node: 588

District 9
Nodes: 103 152 153 205 285 365 444 523 539 570 597 649 692 703 715 736 755 828 923 951 958 982
Compactness: 1411.977800
Weights: 250.000000 4313.000000 1159.000000
Center Node: 951

District 10
Nodes: 71 77 81 107 196 209 224 278 291 345 386 485 495 551 602 671 759 854 905 934
Compactness: 1208.613031
Weights: 264.000000 4272.000000 1187.000000
Center Node: 224

District 11
Nodes: 20 76 123 126 274 304 314 324 338 383 441 510 516 532 534 758 823 847 857 918 941
Compactness: 1305.968852
Weights: 275.000000 4150.000000 1083.000000
Center Node: 532

District 12
Nodes: 25 32 49 52 212 231 301 336 385 405 423 461 557 558 575 675 739 768 777 796 838 917 935
Compactness: 1241.906239
Weights: 283.000000 4340.000000 1197.000000
Center Node: 461

District 13
Nodes: 1 69 73 93 109 195 208 329 349 457 460 467 475 583 633 674 683 770 773 867 930 943
Compactness: 1444.466261
Weights: 252.000000 4316.000000 1129.000000
Center Node: 1

District 14
Nodes: 148 157 248 322 417 472 500 622 630 653 704 714 730 754 767 775 782 954 989
Compactness: 1147.355394
Weights: 239.000000 4024.000000 1107.000000
Center Node: 472

District 15
Nodes: 10 132 147 415 445 446 465 474 478 555 587 628 642 673 688 691 825 877 907 911 939
Compactness: 1089.849151
Weights: 273.000000 4213.000000 1186.000000
Center Node: 555

District 16
Nodes: 28 138 207 351 354 368 401 409 430 442 458 466 484 496 502 598 601 652 843 929
Compactness: 820.802709
Weights: 254.000000 4074.000000 1129.000000
Center Node: 496

District 17
Nodes: 26 63 186 192 294 377 410 443 504 519 535 563 660 665 802 830 927 971
Compactness: 1223.675671
Weights: 186.000000 4382.000000 1051.000000
Center Node: 535

District 18
Nodes: 40 79 94 169 188 348 366 453 506 545 590 595 638 666 701 742 747 763 772 887
Compactness: 1064.757696
Weights: 253.000000 4058.000000 1226.000000
Center Node: 79

District 19
Nodes: 114 170 244 308 364 379 434 529 537 573 581 639 706 727 803 837 861 863 944 974 985
Compactness: 1125.964870
Weights: 247.000000 4414.000000 1155.000000
Center Node: 434

District 20
Nodes: 42 74 90 98 134 256 271 333 339 404 481 582 615 616 650 866 888 955 966
Compactness: 1091.733931
Weights: 245.000000 4061.000000 1197.000000
Center Node: 615

District 21
Nodes: 24 70 115 144 149 168 216 233 375 493 698 702 705 771 827 836 846 856 885 916 983
Compactness: 1330.296371
Weights: 249.000000 4075.000000 1112.000000
Center Node: 846

District 22
Nodes: 29 91 240 398 584 599 606 627 684 717 749 761 800 829 880 947 950
Compactness: 773.923892
Weights: 228.000000 4505.000000 997.000000
Center Node: 684

District 23
Nodes: 35 108 122 129 135 159 189 211 331 362 374 548 567 618 670 689 697 720 849 924
Compactness: 1506.728929
Weights: 247.000000 4144.000000 1188.000000
Center Node: 35

District 24
Nodes: 8 117 121 259 305 319 382 384 406 420 469 508 514 559 561 647 708 766 794 869 978
Compactness: 1140.687487
Weights: 234.000000 4057.000000 1231.000000
Center Node: 384

District 25
Nodes: 2 64 154 179 194 210 241 242 381 428 522 629 654 694 726 744 814 881
Compactness: 1325.120027
Weights: 202.000000 4333.000000 1140.000000
Center Node: 210

District 26
Nodes: 5 58 238 261 293 317 337 517 594 609 624 762 764 786 809 872 889 970 987
Compactness: 1069.105500
Weights: 212.000000 4181.000000 1199.000000
Center Node: 517

District 27
Nodes: 39 84 97 160 220 299 455 585 610 662 679 700 707 740 751 821 850 860 957 960 963
Compactness: 1343.518174
Weights: 244.000000 4439.000000 1196.000000
Center Node: 707

District 28
Nodes: 48 60 127 142 227 267 372 413 433 470 479 521 524 592 619 655 722 871 882 898
Compactness: 1332.663294
Weights: 227.000000 4051.000000 1185.000000
Center Node: 372

District 29
Nodes: 0 62 66 85 166 272 309 399 437 507 520 591 603 686 709 725 729 808 833 959 991
Compactness: 1225.787452
Weights: 254.000000 4275.000000 1214.000000
Center Node: 0

District 30
Nodes: 89 198 201 218 257 277 341 356 421 459 505 596 617 641 681 695 710 716 731 816 892 942
Compactness: 1064.376181
Weights: 247.000000 4366.000000 1100.000000
Center Node: 277

District 31
Nodes: 23 31 59 65 72 96 136 162 232 286 489 498 553 579 607 636 667 741 805 876 938
Compactness: 1967.203350
Weights: 226.000000 4430.000000 1201.000000
Center Node: 162

District 32
Nodes: 273 332 395 418 568 623 651 677 693 776 779 783 797 842 891 904 906 912
Compactness: 1014.504215
Weights: 223.000000 4423.000000 1086.000000
Center Node: 783

District 33
Nodes: 54 164 184 228 229 247 275 303 436 482 490 531 640 789 913 931 936 975 995
Compactness: 1098.256131
Weights: 228.000000 4201.000000 1177.000000
Center Node: 931

District 34
Nodes: 13 14 55 234 340 363 435 451 477 494 549 560 676 678 732 851 855 874 984
Compactness: 1225.029280
Weights: 247.000000 4076.000000 1109.000000
Center Node: 984

District 35
Nodes: 18 19 45 116 151 187 190 283 292 312 389 488 515 538 562 605 614 723 824 841 922
Compactness: 1245.906245
Weights: 251.000000 4075.000000 1264.000000
Center Node: 488

District 36
Nodes: 53 101 102 143 145 173 180 284 326 412 419 546 572 620 680 721 760 785 819 937 968
Compactness: 1608.744831
Weights: 243.000000 4349.000000 1181.000000
Center Node: 419

District 37
Nodes: 4 12 17 92 120 156 215 280 307 335 346 387 388 452 625 728 832 900 910 921 964 977
Compactness: 1427.498636
Weights: 285.000000 4433.000000 1157.000000
Center Node: 92

District 38
Nodes: 104 352 407 569 589 608 612 637 778 792 798 801 810 890 908 956 962 969 979 993
Compactness: 985.386266
Weights: 246.000000 4042.000000 1137.000000
Center Node: 407

District 39
Nodes: 3 21 80 110 125 133 158 182 197 213 217 325 392 464 593 878 893 914
Compactness: 1064.830141
Weights: 232.000000 4081.000000 1205.000000
Center Node: 21

District 40
Nodes: 177 254 300 320 358 367 393 402 432 509 518 643 669 672 793 795 806 940 953 997
Compactness: 1221.425906
Weights: 234.000000 4456.000000 1175.000000
Center Node: 367

District 41
Nodes: 27 33 83 131 226 255 265 279 408 473 511 699 735 787 799 820 826 902
Compactness: 970.355839
Weights: 225.000000 4413.000000 1108.000000
Center Node: 699

District 42
Nodes: 6 7 16 34 130 161 172 297 396 403 476 528 550 552 804 859 915 925 933 946
Compactness: 1077.107264
Weights: 246.000000 4060.000000 1151.000000
Center Node: 396

District 43
Nodes: 38 105 119 171 268 269 295 311 316 330 499 540 578 586 648 663 719 781 788 999
Compactness: 1156.373867
Weights: 241.000000 4226.000000 1175.000000
Center Node: 999

District 44
Nodes: 11 56 113 141 167 204 221 328 334 554 631 790 818 897 920 952 967 992
Compactness: 786.812273
Weights: 224.000000 4050.000000 1217.000000
Center Node: 818

District 45
Nodes: 78 183 223 249 310 323 353 373 376 397 487 512 526 634 713 753 784 862 868 945 994
Compactness: 1387.112273
Weights: 238.000000 4361.000000 1042.000000
Center Node: 323

District 46
Nodes: 37 41 46 111 165 237 262 290 350 414 463 492 600 626 682 743 750 757 769 780 812 879
Compactness: 1052.908430
Weights: 238.000000 4426.000000 1179.000000
Center Node: 41

District 47
Nodes: 88 99 139 150 191 206 236 342 390 454 462 471 497 503 530 536 712 919 973 976 981
Compactness: 1096.717265
Weights: 245.000000 4351.000000 1110.000000
Center Node: 536

District 48
Nodes: 9 75 106 124 137 140 270 318 357 369 370 427 439 513 547 577 737 756 834 840 899 909
Compactness: 1354.728500
Weights: 253.000000 4451.000000 1149.000000
Center Node: 899

District 49
Nodes: 30 57 67 230 263 266 281 359 422 556 566 711 724 738 813 831 835 926 949 965
Compactness: 1181.195538
Weights: 230.000000 4288.000000 1094.000000
Center Node: 30

District 50
Nodes: 44 87 155 185 235 258 302 416 426 486 565 611 644 656 745 845 895 990 998
Compactness: 1228.144119
Weights: 249.000000 4010.000000 1206.000000
Center Node: 416
