BalanceViolation 9716.944000
AffinityLoss 981.000000
Compactness 27217.852363

District 1
Nodes: 52 100 122 130 132 133 259 283 428 449
Compactness: 380.513733
Weights: 137.000000 1950.000000 510.000000
Center Node: 122

District 2
Nodes: 18 80 103 172 199 215 218 240 319 324 395
Compactness: 599.981349
Weights: 127.000000 2086.000000 607.000000
Center Node: 80

District 3
Nodes: 78 115 136 138 176 234 251 309 310 362 372 413 415 440
Compactness: 737.012063
Weights: 197.000000 2328.000000 854.000000
Center Node: 440

District 4
Nodes: 26 129 321 419 484
Compactness: 66.047750
Weights: 66.000000 740.000000 376.000000
Center Node: 321

District 5
Nodes: 47 83 85 101 196 260 308 412 418 472 474 479
Compactness: 786.718453
Weights: 157.000000 2083.000000 660.000000
Center Node: 260

District 6
Nodes: 60 66 125 139 170 179 268 346 460 464 471 477
Compactness: 775.938560
Weights: 141.000000 1959.000000 505.000000
Center Node: 60

District 7
Nodes: 191 197 230 322 353 386 429 450 451
Compactness: 300.082735
Weights: 100.000000 2103.000000 600.000000
Center Node: 451

District 8
Nodes: 40 88 114 155 195 220 265 311 339 390 417 466
Compactness: 481.175982
Weights: 128.000000 1939.000000 667.000000
Center Node: 195

District 9
Nodes: 3 8 23 55 121 257 261 292 445
Compactness: 503.075855
Weights: 121.000000 2091.000000 478.000000
Center Node: 445

District 10
Nodes: 35 53 214 351 393 407 476 486
Compactness: 420.010131
Weights: 82.000000 1172.000000 569.000000
Center Node: 351

District 11
Nodes: 72 91 120 157 178 201 306 338 388 458
Compactness: 416.832599
Weights: 140.000000 2255.000000 615.000000
Center Node: 388

District 12
Nodes: 33 166 210 244 245 400 408 432 448
Compactness: 458.961280
Weights: 89.000000 2166.000000 541.000000
Center Node: 408

District 13
Nodes: 154 203 224 248 258 293 312 335 376 436 483
Compactness: 699.248325
Weights: 143.000000 2225.000000 557.000000
Center Node: 248

District 14
Nodes: 17 46 95 104 128 299 303 344 354 375
Compactness: 611.148762
Weights: 107.000000 2504.000000 582.000000
Center Node: 344

District 15
Nodes: 110 140 229 250 296 323 356 410 423
Compactness: 609.196414
Weights: 136.000000 2014.000000 504.000000
Center Node: 140

District 16
Nodes: 2 20 67 127 135 164 263 301 327 385 473
Compactness: 660.703966
Weights: 109.000000 2277.000000 560.000000
Center Node: 164

District 17
Nodes: 9 175 190 277 300 328 411 470 489 493
Compactness: 586.231827
Weights: 137.000000 2083.000000 514.000000
Center Node: 411

District 18
Nodes: 24 49 186 264 325 370 414 434 475
Compactness: 365.510496
Weights: 110.000000 2267.000000 391.000000
Center Node: 414

District 19
Nodes: 0 50 89 163 165 271 315 330 379 380 485
Compactness: 591.184131
Weights: 141.000000 1767.000000 559.000000
Center Node: 163

District 20
Nodes: 1 150 280 302 337 421 435
Compactness: 295.324837
Weights: 68.000000 1285.000000 377.000000
Center Node: 421

District 21
Nodes: 105 158 167 207 273 304 426 455 481
Compactness: 558.094991
Weights: 105.000000 2198.000000 516.000000
Center Node: 273

District 22
Nodes: 28 44 111 126 144 148 223 348 384 397 409
Compactness: 601.259870
Weights: 132.000000 2175.000000 563.000000
Center Node: 397

District 23
Nodes: 34 43 63 93 116 209 228 269 389 399 420
Compactness: 654.880856
Weights: 137.000000 2126.000000 620.000000
Center Node: 43

District 24
Nodes: 68 192 193 211 246 307 342 355 398 465 478 490 499
Compactness: 639.075880
Weights: 141.000000 2279.000000 854.000000
Center Node: 246

District 25
Nodes: 27 86 94 117 151 237 249 291 320 368 468
Compactness: 465.781295
Weights: 137.000000 2147.000000 569.000000
Center Node: 94

District 26
Nodes: 36 61 92 98 204 222 233 314 382 406 422 480
Compactness: 708.049380
Weights: 148.000000 2105.000000 597.000000
Center Node: 233

District 27
Nodes: 21 54 79 146 147 254 349 497
Compactness: 449.162225
Weights: 104.000000 1935.000000 570.000000
Center Node: 147

District 28
Nodes: 15 30 137 177 200 202 217 347 494
Compactness: 412.985789
Weights: 102.000000 2090.000000 616.000000
Center Node: 137

District 29
Nodes: 69 76 149 156 331 343 352 367 482 488 491
Compactness: 737.313515
Weights: 122.000000 1982.000000 737.000000
Center Node: 76

District 30
Nodes: 22 99 109 235 365 374 391 437 462
Compactness: 372.340843
Weights: 77.000000 2154.000000 580.000000
Center Node: 365

District 31
Nodes: 39 71 119 183 194 227 232 270 336 341 381 430 453
Compactness: 741.837508
Weights: 146.000000 2153.000000 778.000000
Center Node: 183

District 32
Nodes: 6 42 59 124 189 371 444 463
Compactness: 273.431649
Weights: 112.000000 2153.000000 541.000000
Center Node: 59

District 33
Nodes: 102 171 221 253 294 340 394
Compactness: 277.275749
Weights: 81.000000 1535.000000 490.000000
Center Node: 253

District 34
Nodes: 106 205 383 387 404 431 459
Compactness: 364.355710
Weights: 85.000000 1696.000000 408.000000
Center Node: 404

District 35
Nodes: 14 41 73 113 161 162 239 285 289 317 496
Compactness: 754.009522
Weights: 153.000000 2381.000000 732.000000
Center Node: 496

District 36
Nodes: 7 11 38 45 118 145 159 295 378 452
Compactness: 769.369653
Weights: 132.000000 2158.000000 606.000000
Center Node: 11

District 37
Nodes: 131 180 242 262 267 274 358 392 495
Compactness: 469.001285
Weights: 148.000000 1806.000000 561.000000
Center Node: 131

District 38
Nodes: 70 143 168 169 219 238 247 256 279 313 456
Compactness: 567.444834
Weights: 133.000000 2200.000000 590.000000
Center Node: 456

District 39
Nodes: 4 32 37 74 198 332 360 377 425 433 467
Compactness: 582.040300
Weights: 120.000000 1978.000000 544.000000
Center Node: 37

District 40
Nodes: 5 10 58 213 275 345 366 403 441
Compactness: 591.552403
Weights: 116.000000 1856.000000 657.000000
Center Node: 441

District 41
Nodes: 19 56 90 160 236 364 373 442 461 469 487
Compactness: 813.229161
Weights: 149.000000 2237.000000 700.000000
Center Node: 56

District 42
Nodes: 134 173 181 188 208 226 298 318 424
Compactness: 699.674449
Weights: 93.000000 1971.000000 645.000000
Center Node: 318

District 43
Nodes: 75 77 84 97 276 297 326 369 427 498
Compactness: 562.713278
Weights: 128.000000 2279.000000 624.000000
Center Node: 75

District 44
Nodes: 57 64 81 96 123 142 333 357 438
Compactness: 433.174685
Weights: 126.000000 2303.000000 589.000000
Center Node: 57

District 45
Nodes: 31 48 107 112 141 152 316 329 334 416 443 446
Compactness: 462.306409
Weights: 124.000000 2029.000000 601.000000
Center Node: 141

District 46
Nodes: 13 174 206 241 243 284 286 288 290 363
Compactness: 580.365713
Weights: 127.000000 2258.000000 555.000000
Center Node: 243

District 47
Nodes: 16 25 51 87 187 225 282 287 402 457
Compactness: 455.972389
Weights: 118.000000 1764.000000 421.000000
Center Node: 402

District 48
Nodes: 82 108 153 182 212 255 281 359 454
Compactness: 602.316839
Weights: 109.000000 2545.000000 507.000000
Center Node: 281

District 49
Nodes: 12 29 65 216 266 278 350 361 396 401 447
Compactness: 548.418835
Weights: 122.000000 1853.000000 531.000000
Center Node: 350

District 50
Nodes: 62 184 185 231 252 272 305 405 439 492
Compactness: 725.518100
Weights: 110.000000 1941.000000 639.000000
Center Node: 272
