BalanceViolation 2731.712500
AffinityLoss 857.000000
Compactness 44753.547592

District 1
Nodes: 12 29 62 65 134 140 173 181 188 208 216 226 229 250 266 278 296 298 318 350 356 361 396 401 424 447
Compactness: 2287.438487
Weights: 311.000000 5290.000000 1458.000000
Center Node: 396

District 2
Nodes: 10 58 78 102 115 136 138 171 175 176 213 221 234 251 253 277 294 300 309 310 328 340 345 362 394 415 440 489
Compactness: 2576.959442
Weights: 367.000000 4677.000000 1793.000000
Center Node: 234

District 3
Nodes: 1 4 32 35 37 53 106 198 205 214 280 332 337 351 360 393 404 407 421 425 431 433 435 459 476 486
Compactness: 2184.846365
Weights: 280.000000 4859.000000 1482.000000
Center Node: 53

District 4
Nodes: 7 11 18 24 45 49 80 103 145 172 186 199 215 218 240 295 319 324 370 395 414 434 436 475
Compactness: 2489.611716
Weights: 270.000000 5154.000000 1330.000000
Center Node: 172

District 5
Nodes: 22 61 72 91 92 99 109 120 126 178 204 222 233 235 306 314 365 374 382 391 406 422 437 458 462 480
Compactness: 2299.145341
Weights: 303.000000 5349.000000 1477.000000
Center Node: 382

District 6
Nodes: 17 46 95 104 128 131 180 211 242 262 267 274 299 303 344 354 358 375 392 478 495
Compactness: 1725.391031
Weights: 272.000000 4603.000000 1284.000000
Center Node: 392

District 7
Nodes: 0 6 26 42 54 59 79 124 129 165 189 271 315 321 330 371 379 419 444 463 484 485 497
Compactness: 1943.453335
Weights: 287.000000 4609.000000 1378.000000
Center Node: 6

District 8
Nodes: 5 40 69 76 77 88 114 155 156 195 220 265 276 297 311 331 339 343 367 390 403 417 427 466 488 491
Compactness: 2397.572487
Weights: 293.000000 4947.000000 1586.000000
Center Node: 265

District 9
Nodes: 19 27 56 90 94 117 191 197 230 236 237 249 264 291 322 325 364 368 386 429 442 451 461 468 469
Compactness: 2054.592865
Weights: 300.000000 5331.000000 1415.000000
Center Node: 461

District 10
Nodes: 31 48 60 66 74 107 112 125 139 141 152 170 179 182 212 268 316 329 334 346 377 416 443 446 454 460 464 467 471 477
Compactness: 2471.969646
Weights: 317.000000 5215.000000 1452.000000
Center Node: 443

District 11
Nodes: 13 15 30 47 70 83 85 101 137 168 169 177 196 200 202 206 217 238 247 260 279 288 313 347 363 418 494
Compactness: 3110.497868
Weights: 304.000000 5266.000000 1519.000000
Center Node: 47

District 12
Nodes: 2 20 39 67 71 119 127 135 164 183 194 201 227 232 263 270 301 327 336 338 341 372 381 385 388 413 430 453 473
Compactness: 2222.341942
Weights: 318.000000 5378.000000 1614.000000
Center Node: 183

District 13
Nodes: 57 64 68 81 96 123 142 192 193 210 245 246 307 333 342 355 357 398 432 438 465 490 499
Compactness: 1768.850693
Weights: 282.000000 4984.000000 1408.000000
Center Node: 81

District 14
Nodes: 9 28 44 75 84 97 111 144 148 157 190 223 275 326 348 366 369 384 397 409 411 441 470 493 498
Compactness: 2370.322372
Weights: 324.000000 5717.000000 1483.000000
Center Node: 326

District 15
Nodes: 3 8 14 23 41 50 55 73 89 113 121 161 162 163 239 257 261 285 289 292 317 380 445 496
Compactness: 2362.151308
Weights: 329.000000 5294.000000 1494.000000
Center Node: 496

District 16
Nodes: 86 110 143 149 151 154 219 248 256 258 293 308 320 323 335 352 410 412 423 456 472 474 479 482 483
Compactness: 2356.919807
Weights: 344.000000 5004.000000 1502.000000
Center Node: 258

District 17
Nodes: 16 25 51 52 87 100 122 130 132 133 150 187 225 259 282 283 287 302 383 387 402 428 449 457
Compactness: 1583.931100
Weights: 298.000000 4467.000000 1172.000000
Center Node: 51

District 18
Nodes: 21 105 146 147 158 167 184 185 207 231 252 254 272 273 304 305 349 353 405 426 439 450 455 481 492
Compactness: 2670.406370
Weights: 311.000000 5267.000000 1616.000000
Center Node: 184

District 19
Nodes: 34 38 43 63 93 116 118 159 160 203 209 224 228 269 312 373 376 378 389 399 420 452 487
Compactness: 2274.362982
Weights: 319.000000 4810.000000 1337.000000
Center Node: 389

District 20
Nodes: 33 36 82 98 108 153 166 174 241 243 244 255 281 284 286 290 359 400 408 448
Compactness: 1602.782437
Weights: 244.000000 5360.000000 1167.000000
Center Node: 166
