BalanceViolation 58.105000
AffinityLoss 3116.000000
Compactness 231628.204753

District 1
Nodes: 30 37 38 101 112 126 182 228 265 269 294 310 333 353 365 366 383 386 390 429 435 461 474 482 534 538 549 572 582 597 629 672 681 683 729 740 748 785 821 823 849 863 864 879 890 931 943 950 953 967 984 1008 1011 1076 1118 1127 1131 1140 1141 1158 1175 1194 1196 1216 1220 1301 1309 1373 1381 1411 1412 1528 1530 1569 1588 1608 1624 1625 1630 1651 1653 1657 1688 1694 1697 1722 1751 1756 1779 1818 1834 1845 1856 1874 1906 1925 1954 1961 1982 1998
Compactness: 9258.110979
Weights: 1290.000000 21637.000000 5528.000000
Center Node: 333

District 2
Nodes: 5 8 12 55 93 116 129 132 149 170 171 188 189 232 253 272 293 355 363 380 385 428 442 458 493 495 532 541 575 587 611 663 685 688 755 777 792 794 813 829 845 858 869 917 925 949 961 971 1026 1037 1081 1086 1111 1152 1154 1165 1190 1217 1236 1263 1295 1378 1399 1416 1425 1436 1437 1451 1488 1496 1538 1543 1558 1559 1598 1619 1627 1667 1683 1685 1725 1733 1741 1761 1786 1857 1860 1887 1893 1901 1926 1941 1957 1968 1999
Compactness: 10027.058130
Weights: 1112.000000 21770.000000 5559.000000
Center Node: 458

District 3
Nodes: 27 28 87 104 160 176 192 214 229 230 246 280 302 308 350 359 361 367 387 412 466 467 489 505 508 523 526 548 551 567 573 576 577 604 624 626 649 660 674 699 713 725 730 747 791 810 833 850 853 855 860 880 891 892 900 909 913 919 940 954 956 991 1047 1066 1084 1114 1120 1191 1200 1203 1233 1291 1313 1321 1331 1333 1337 1442 1449 1482 1508 1570 1582 1611 1620 1636 1675 1687 1689 1710 1742 1772 1774 1828 1846 1851 1879 1888 1898 1952 1955 1995
Compactness: 36470.868691
Weights: 1195.000000 20007.000000 5928.000000
Center Node: 1570

District 4
Nodes: 14 25 39 68 75 78 128 145 163 174 185 198 203 205 242 268 271 311 339 343 344 352 393 407 411 421 426 432 436 439 481 502 522 527 561 633 634 641 700 736 753 770 776 779 803 844 861 868 885 901 952 958 966 972 985 986 1013 1090 1125 1163 1166 1230 1238 1240 1257 1279 1285 1312 1327 1346 1350 1363 1375 1454 1460 1469 1501 1526 1542 1566 1596 1638 1643 1658 1664 1692 1699 1715 1796 1800 1843 1853 1878 1899 1939 1953 1967 1994
Compactness: 7999.006522
Weights: 1143.000000 20894.000000 5599.000000
Center Node: 1899

District 5
Nodes: 6 43 64 66 81 82 102 133 135 136 138 158 162 218 243 288 289 297 334 362 397 406 496 520 537 571 590 619 632 658 671 680 697 710 714 716 737 739 762 796 805 807 832 859 884 907 912 916 948 960 973 999 1074 1082 1091 1136 1146 1173 1219 1243 1259 1281 1302 1326 1341 1401 1408 1424 1444 1470 1553 1556 1557 1562 1578 1585 1589 1594 1612 1626 1634 1640 1650 1655 1716 1719 1721 1731 1735 1749 1750 1763 1773 1827 1836 1839 1883 1889 1917 1919 1944 1993
Compactness: 14714.656342
Weights: 1219.000000 21158.000000 6058.000000
Center Node: 158

District 6
Nodes: 31 33 54 61 65 144 173 208 213 216 233 241 286 290 306 307 313 321 356 360 371 375 389 408 431 480 503 530 533 543 592 596 599 617 642 653 654 666 677 778 784 790 800 831 856 915 920 996 1002 1003 1014 1030 1062 1070 1075 1123 1129 1147 1174 1176 1197 1206 1207 1212 1265 1269 1275 1289 1298 1318 1335 1353 1366 1377 1391 1429 1445 1458 1462 1467 1518 1519 1555 1575 1597 1599 1618 1684 1703 1706 1755 1757 1762 1767 1809 1821 1822 1824 1844 1864 1875 1885
Compactness: 10871.674744
Weights: 1247.000000 21816.000000 6061.000000
Center Node: 431

District 7
Nodes: 22 23 29 35 70 111 121 143 151 164 166 215 219 250 270 276 292 320 324 374 403 424 464 525 621 643 655 673 682 694 720 722 723 728 763 769 781 788 814 815 828 840 846 854 894 904 905 975 1028 1053 1060 1064 1106 1109 1113 1134 1153 1181 1305 1323 1343 1379 1396 1417 1420 1475 1495 1500 1503 1507 1576 1606 1642 1661 1662 1672 1673 1698 1704 1709 1712 1723 1729 1734 1739 1744 1748 1825 1829 1865 1922 1924 1934 1943 1960 1988
Compactness: 9048.293376
Weights: 1140.000000 19853.000000 5899.000000
Center Node: 151

District 8
Nodes: 4 51 60 99 134 154 211 212 256 287 312 354 422 447 449 450 465 501 504 510 519 521 542 600 612 613 625 650 678 690 698 701 724 757 758 768 773 782 787 793 797 798 799 808 817 822 824 826 836 852 877 947 970 974 983 1054 1059 1071 1100 1139 1148 1151 1195 1199 1224 1245 1251 1294 1310 1314 1332 1338 1361 1374 1376 1390 1392 1421 1434 1457 1459 1463 1483 1504 1520 1524 1551 1604 1629 1631 1649 1656 1680 1693 1737 1746 1811 1815 1833 1838 1867 1872 1903 1921 1973
Compactness: 9772.787296
Weights: 1222.000000 21796.000000 5885.000000
Center Node: 510

District 9
Nodes: 1 18 19 53 56 108 140 165 167 180 181 199 202 206 221 238 262 404 427 430 441 446 476 477 490 511 550 562 563 614 646 670 705 732 734 743 839 848 875 876 882 888 932 1005 1010 1022 1040 1056 1093 1103 1119 1138 1186 1192 1201 1234 1249 1274 1286 1311 1317 1328 1351 1358 1370 1372 1386 1407 1414 1431 1435 1481 1485 1491 1536 1549 1552 1586 1633 1659 1686 1702 1728 1771 1788 1793 1794 1803 1806 1810 1863 1869 1873 1880 1914 1932 1936 1976 1979 1985
Compactness: 9084.928475
Weights: 1192.000000 19755.000000 5678.000000
Center Node: 1633

District 10
Nodes: 0 34 63 76 77 227 244 261 283 303 328 341 376 377 378 382 410 414 485 492 499 546 552 553 564 630 676 691 695 718 745 756 795 825 830 886 918 929 938 976 981 990 993 998 1031 1041 1057 1068 1069 1072 1088 1092 1096 1099 1107 1135 1188 1221 1277 1288 1296 1316 1322 1329 1342 1402 1403 1415 1418 1447 1492 1521 1546 1564 1572 1628 1645 1652 1696 1720 1726 1764 1790 1830 1854 1861 1871 1890 1895 1897 1904 1915 1933 1972 1984 1991
Compactness: 9518.265176
Weights: 1178.000000 19787.000000 5582.000000
Center Node: 886

District 11
Nodes: 9 52 59 100 131 184 207 220 245 264 273 327 332 342 349 357 358 398 416 462 475 486 506 513 516 589 594 601 652 657 668 696 754 775 818 834 847 871 873 893 902 906 923 939 946 977 978 1012 1020 1027 1043 1044 1063 1077 1115 1116 1128 1157 1159 1162 1213 1223 1237 1262 1264 1292 1303 1304 1319 1334 1371 1400 1426 1430 1466 1473 1484 1489 1514 1539 1605 1615 1617 1621 1668 1669 1679 1714 1736 1745 1781 1802 1812 1819 1837 1849 1902 1910 1911 1912 1931 1980
Compactness: 10722.566855
Weights: 1256.000000 20934.000000 6005.000000
Center Node: 1484

District 12
Nodes: 2 7 26 36 47 62 73 90 97 103 106 130 161 172 204 210 222 224 239 254 285 318 319 335 337 373 433 443 451 456 473 528 558 580 585 605 631 635 636 645 665 675 693 717 731 746 801 866 908 936 988 995 1007 1025 1073 1083 1094 1104 1112 1132 1164 1182 1185 1218 1228 1229 1241 1246 1283 1287 1290 1306 1330 1360 1368 1422 1443 1448 1516 1517 1533 1534 1560 1573 1583 1727 1747 1753 1785 1804 1859 1866 1876 1907 1916 1920 1942 1965 1971 1974 1975
Compactness: 10004.902797
Weights: 1238.000000 21742.000000 5528.000000
Center Node: 106

District 13
Nodes: 10 44 45 50 71 72 137 157 175 178 191 200 234 237 266 278 296 299 301 317 329 336 351 372 395 396 405 423 457 469 488 500 524 540 609 659 661 704 709 712 715 766 767 771 789 802 806 843 874 899 935 957 1009 1015 1042 1058 1145 1172 1187 1198 1242 1260 1299 1315 1320 1344 1352 1389 1398 1409 1423 1456 1472 1476 1512 1535 1537 1541 1574 1584 1587 1590 1622 1647 1671 1676 1690 1705 1707 1708 1717 1738 1740 1758 1768 1782 1784 1792 1842 1847 1896 1908 1950 1951 1983
Compactness: 16097.172104
Weights: 1233.000000 20464.000000 6082.000000
Center Node: 1574

District 14
Nodes: 3 13 57 58 79 83 88 122 123 153 179 190 255 258 259 281 295 300 304 316 323 331 394 420 459 470 479 484 491 498 539 557 570 581 583 607 610 620 622 623 627 719 744 750 752 764 783 804 812 881 883 887 897 926 941 944 965 968 994 1021 1024 1046 1051 1089 1126 1155 1160 1167 1180 1215 1222 1250 1254 1268 1282 1345 1347 1369 1393 1394 1419 1433 1438 1439 1486 1498 1499 1554 1563 1581 1601 1616 1637 1648 1718 1766 1813 1826 1832 1850 1855 1862 1870 1877 1881 1900 1930 1964 1970 1989
Compactness: 10706.484002
Weights: 1230.000000 21377.000000 6103.000000
Center Node: 783

District 15
Nodes: 11 16 20 21 24 32 84 120 127 139 156 194 201 225 235 249 274 279 346 370 399 417 472 509 615 616 628 667 687 711 721 780 835 838 851 862 896 914 921 924 927 933 979 980 1000 1001 1029 1032 1039 1048 1052 1078 1108 1110 1143 1150 1168 1205 1232 1239 1252 1255 1256 1271 1272 1278 1280 1293 1308 1339 1355 1367 1384 1385 1406 1440 1461 1471 1522 1525 1527 1531 1641 1646 1674 1682 1805 1892 1909 1940 1958 1987 1997
Compactness: 8645.588717
Weights: 1147.000000 20031.000000 5652.000000
Center Node: 1272

District 16
Nodes: 17 42 85 86 89 113 124 146 150 251 260 267 282 305 330 400 444 468 487 507 514 556 586 595 608 702 751 759 809 816 878 895 942 945 951 969 987 1019 1035 1067 1087 1095 1101 1105 1130 1169 1183 1226 1247 1307 1324 1348 1349 1364 1380 1383 1397 1405 1413 1428 1450 1453 1464 1478 1494 1505 1509 1510 1532 1544 1603 1609 1644 1660 1678 1681 1711 1724 1730 1760 1777 1778 1787 1797 1814 1817 1882 1891 1894 1913 1918 1923 1928 1937 1981
Compactness: 9654.776418
Weights: 1247.000000 20469.000000 5731.000000
Center Node: 85

District 17
Nodes: 46 48 67 74 114 117 118 148 193 197 209 231 236 240 257 275 325 384 401 402 419 437 448 455 545 559 566 569 579 584 591 602 606 637 651 662 664 679 686 706 708 738 761 765 772 827 837 865 867 903 910 922 930 934 959 962 963 989 1004 1018 1045 1055 1080 1098 1144 1161 1204 1208 1210 1225 1227 1231 1244 1253 1284 1340 1404 1410 1446 1452 1468 1477 1479 1480 1493 1548 1568 1580 1607 1614 1759 1798 1807 1820 1852 1884 1927 1959 1962 1963
Compactness: 8750.208234
Weights: 1141.000000 20080.000000 6057.000000
Center Node: 559

District 18
Nodes: 41 80 94 95 141 152 155 168 177 183 196 223 248 298 326 338 368 409 415 438 453 454 463 483 494 512 518 529 574 656 684 689 692 703 727 733 741 749 774 786 842 872 889 898 928 964 982 1017 1023 1038 1049 1050 1117 1122 1142 1156 1177 1179 1184 1189 1193 1214 1235 1266 1267 1336 1354 1387 1455 1474 1513 1550 1565 1579 1592 1595 1623 1663 1665 1670 1691 1695 1700 1754 1769 1783 1835 1848 1905 1945 1948 1949 1978
Compactness: 9860.653687
Weights: 1158.000000 21031.000000 5562.000000
Center Node: 368

District 19
Nodes: 15 40 69 91 92 107 119 142 147 159 186 187 217 226 247 252 284 291 315 347 379 381 388 391 392 413 425 434 445 478 515 536 544 554 555 560 568 588 593 603 638 639 647 669 707 742 811 841 870 911 937 997 1097 1102 1133 1178 1209 1258 1270 1276 1325 1362 1365 1382 1441 1465 1515 1529 1547 1561 1567 1577 1593 1600 1610 1639 1654 1666 1677 1732 1743 1752 1765 1775 1776 1789 1791 1799 1808 1816 1823 1841 1868 1929 1935 1946 1956 1966 1977
Compactness: 9458.405405
Weights: 1141.000000 19853.000000 5667.000000
Center Node: 1966

District 20
Nodes: 49 96 98 105 109 110 115 125 169 195 263 277 309 314 322 340 345 348 364 369 418 440 452 460 471 497 517 531 535 547 565 578 598 618 640 644 648 726 735 760 819 820 857 955 992 1006 1016 1033 1034 1036 1061 1065 1079 1085 1121 1124 1137 1149 1170 1171 1202 1211 1248 1261 1273 1297 1300 1356 1357 1359 1388 1395 1427 1432 1487 1490 1497 1502 1506 1511 1523 1540 1545 1571 1591 1602 1613 1632 1635 1701 1713 1770 1780 1795 1801 1831 1840 1858 1886 1938 1947 1969 1986 1990 1992 1996
Compactness: 10961.796803
Weights: 1250.000000 21146.000000 6102.000000
Center Node: 1261
