BalanceViolation 315.815000
AffinityLoss 780.000000
Compactness 56556.568845

District 1
Nodes: 6 8 59 108 132 153 159 195 198 223 282 309 329 341 345 355 413 423 430 439 461 476 488 493
Compactness: 2604.149383
Weights: 291.000000 5049.000000 1539.000000
Center Node: 198

District 2
Nodes: 78 80 101 131 147 148 151 172 176 196 202 205 222 224 227 229 300 320 364 368 395 405 421 457 499
Compactness: 3532.857555
Weights: 330.000000 5161.000000 1414.000000
Center Node: 421

District 3
Nodes: 32 37 58 75 94 140 167 171 261 281 287 294 299 333 382 392 393 410 431 441 466 468 475 487
Compactness: 3492.560156
Weights: 276.000000 5058.000000 1513.000000
Center Node: 475

District 4
Nodes: 26 33 65 73 79 102 112 126 170 175 177 197 240 241 246 249 256 290 293 306 374 416 462 473 498
Compactness: 2798.797815
Weights: 276.000000 5024.000000 1540.000000
Center Node: 102

District 5
Nodes: 2 4 14 46 50 53 57 85 96 146 164 178 189 265 271 296 330 337 358 362 367 372 377 381 383 408 465 478 495
Compactness: 2950.521525
Weights: 344.000000 5027.000000 1536.000000
Center Node: 478

District 6
Nodes: 3 11 30 34 98 113 120 230 267 269 270 298 302 323 324 340 356 357 387 400 407 451 469 481
Compactness: 2433.228743
Weights: 295.000000 5483.000000 1379.000000
Center Node: 356

District 7
Nodes: 9 23 31 47 52 81 86 139 156 204 207 219 255 260 310 315 335 379 403 409 414 415 420 436 440 448
Compactness: 4455.240565
Weights: 301.000000 5487.000000 1542.000000
Center Node: 436

District 8
Nodes: 0 16 27 43 51 83 84 90 91 97 111 117 119 142 173 235 239 316 353 386 404 432 492 494
Compactness: 1963.153636
Weights: 294.000000 5496.000000 1534.000000
Center Node: 16

District 9
Nodes: 20 22 36 44 66 116 169 179 183 186 209 231 264 285 288 314 334 361 378 384 396 417 424 490
Compactness: 2671.342966
Weights: 312.000000 5070.000000 1566.000000
Center Node: 424

District 10
Nodes: 5 10 69 70 115 121 165 168 188 193 236 262 276 280 291 313 350 352 397 443 456 464 477 480
Compactness: 2182.203585
Weights: 321.000000 5176.000000 1547.000000
Center Node: 121

District 11
Nodes: 13 40 41 68 72 74 129 133 134 150 152 181 208 283 297 318 348 349 385 398 419 437 459 470 486
Compactness: 2830.129731
Weights: 324.000000 5084.000000 1450.000000
Center Node: 318

District 12
Nodes: 7 92 141 157 163 185 199 226 258 259 304 312 321 322 336 338 339 342 354 365 369 411 444 446 460
Compactness: 2824.250982
Weights: 295.000000 5572.000000 1326.000000
Center Node: 7

District 13
Nodes: 18 21 48 63 89 104 107 110 137 160 232 266 284 308 327 344 351 359 370 402 406 425 491 496
Compactness: 3497.635573
Weights: 292.000000 5504.000000 1433.000000
Center Node: 18

District 14
Nodes: 28 154 161 206 211 212 216 218 221 233 243 257 289 301 317 347 391 422 433 450 452 453 455 471 474 497
Compactness: 3361.442517
Weights: 327.000000 5413.000000 1358.000000
Center Node: 212

District 15
Nodes: 42 54 62 99 103 128 130 149 190 191 201 242 247 251 268 343 371 373 380 390 394 427 434 489
Compactness: 2296.105172
Weights: 276.000000 5028.000000 1563.000000
Center Node: 434

District 16
Nodes: 71 77 93 95 143 166 174 180 213 220 245 263 273 274 295 303 307 332 375 389 399 401 418 435 442 463
Compactness: 2675.228435
Weights: 320.000000 5545.000000 1444.000000
Center Node: 435

District 17
Nodes: 1 35 39 45 87 88 105 106 118 136 138 225 234 238 248 250 253 278 292 305 326 331 366 376 445 449
Compactness: 2143.495307
Weights: 297.000000 5561.000000 1431.000000
Center Node: 248

District 18
Nodes: 12 19 25 55 60 64 100 109 114 123 124 125 145 162 182 200 228 254 279 346 388 426 428 438 454 472 484
Compactness: 2437.775787
Weights: 349.000000 5257.000000 1417.000000
Center Node: 388

District 19
Nodes: 15 17 38 61 122 135 187 194 203 214 215 217 272 275 286 311 325 328 360 447 467 479 482
Compactness: 3018.331117
Weights: 301.000000 5176.000000 1540.000000
Center Node: 38

District 20
Nodes: 24 29 49 56 67 76 82 127 144 155 158 184 192 210 237 244 252 277 319 363 412 429 458 483 485
Compactness: 2388.118297
Weights: 311.000000 5547.000000 1442.000000
Center Node: 485
