BalanceViolation 1458.863000
AffinityLoss 0.000000
Compactness 59546.800075

District 1
Nodes: 39 42 85 130 160 166 220 256 299 399 455 610 707 740 808 821 888 955 957 960 966
Compactness: 1183.103894
Weights: 238.000000 4434.000000 1199.000000
Center Node: 299

District 2
Nodes: 61 100 118 153 203 205 251 313 444 449 501 613 651 828 865 883 948
Compactness: 2111.568210
Weights: 211.000000 4362.000000 1054.000000
Center Node: 651

District 3
Nodes: 36 50 82 181 229 250 316 319 391 436 482 508 640 657 690 765 781 807 961
Compactness: 1627.994639
Weights: 231.000000 4353.000000 1086.000000
Center Node: 391

District 4
Nodes: 88 99 139 150 191 222 236 390 429 440 454 503 536 543 746 919 932 973 976 988
Compactness: 1080.069334
Weights: 252.000000 4372.000000 1013.000000
Center Node: 88

District 5
Nodes: 2 33 124 140 154 179 241 242 381 428 439 513 629 694 726 787 814 820 899
Compactness: 1039.739319
Weights: 212.000000 4388.000000 1061.000000
Center Node: 124

District 6
Nodes: 23 31 59 65 96 136 162 202 263 286 489 579 607 636 717 741 805 876 886 938
Compactness: 1223.075242
Weights: 242.000000 4282.000000 1141.000000
Center Node: 136

District 7
Nodes: 47 174 178 246 252 260 289 343 447 450 564 664 687 689 748 791 811 901 928
Compactness: 937.592502
Weights: 214.000000 4080.000000 1098.000000
Center Node: 564

District 8
Nodes: 146 163 176 200 214 282 287 296 352 400 411 589 612 635 659 696 733 734 801 908
Compactness: 1009.695835
Weights: 230.000000 4118.000000 1107.000000
Center Node: 146

District 9
Nodes: 37 41 46 111 149 165 262 290 304 324 350 463 492 600 682 698 743 750 757 780 847
Compactness: 1010.849723
Weights: 246.000000 4443.000000 1078.000000
Center Node: 111

District 10
Nodes: 101 145 173 185 215 235 258 280 284 302 416 426 452 486 656 745 761 829 900 947 998
Compactness: 1260.523899
Weights: 298.000000 4040.000000 1123.000000
Center Node: 302

District 11
Nodes: 64 177 300 320 358 364 367 402 432 523 669 692 715 793 795 806 940 953 958
Compactness: 1487.558331
Weights: 239.000000 4173.000000 1179.000000
Center Node: 940

District 12
Nodes: 11 56 113 117 141 204 221 328 420 554 631 766 790 818 920 952 967 992
Compactness: 836.583273
Weights: 210.000000 4021.000000 1183.000000
Center Node: 992

District 13
Nodes: 13 55 60 127 142 227 234 363 372 413 433 470 479 494 521 524 722 855 864 871 984
Compactness: 1391.944388
Weights: 242.000000 4163.000000 1175.000000
Center Node: 871

District 14
Nodes: 1 69 73 93 105 195 208 268 269 295 330 349 467 578 648 788 867 930 949 999
Compactness: 1191.465337
Weights: 244.000000 4471.000000 1099.000000
Center Node: 73

District 15
Nodes: 25 52 110 283 292 385 423 464 557 558 575 605 614 675 723 739 768 777 893 917
Compactness: 964.327903
Weights: 249.000000 4024.000000 1220.000000
Center Node: 605

District 16
Nodes: 7 16 297 445 465 474 528 552 587 673 691 804 825 859 907 915 933 939 946
Compactness: 900.569577
Weights: 240.000000 4059.000000 1246.000000
Center Node: 946

District 17
Nodes: 58 78 196 223 238 310 337 517 594 609 624 634 713 753 762 764 784 786 862 868 889
Compactness: 1252.217612
Weights: 257.000000 4111.000000 1087.000000
Center Node: 58

District 18
Nodes: 32 40 49 79 94 169 188 272 348 366 520 590 595 638 646 709 742 833 838 887 935
Compactness: 979.956698
Weights: 264.000000 4164.000000 1188.000000
Center Node: 595

District 19
Nodes: 104 407 569 608 637 653 704 714 730 775 778 792 798 890 956 962 972 979
Compactness: 1191.719130
Weights: 239.000000 4034.000000 1010.000000
Center Node: 792

District 20
Nodes: 18 122 135 159 189 211 219 239 468 548 567 574 588 670 685 720 824 848 849
Compactness: 1257.777581
Weights: 251.000000 4257.000000 1172.000000
Center Node: 588

District 21
Nodes: 28 38 119 138 171 351 368 401 430 442 458 466 484 496 540 559 586 620 652 719 929
Compactness: 960.208787
Weights: 248.000000 4390.000000 1111.000000
Center Node: 368

District 22
Nodes: 192 218 257 356 410 443 504 505 519 535 617 660 665 695 716 731 802 816 830 942 971
Compactness: 1099.922041
Weights: 234.000000 4426.000000 1187.000000
Center Node: 443

District 23
Nodes: 20 76 123 194 210 254 509 516 518 522 532 534 643 654 672 744 758 881 918 997
Compactness: 1055.957760
Weights: 242.000000 4412.000000 1100.000000
Center Node: 672

District 24
Nodes: 103 152 167 285 354 365 502 539 570 597 598 649 703 736 755 843 897 923 951 982
Compactness: 1169.073982
Weights: 244.000000 4110.000000 1119.000000
Center Node: 570

District 25
Nodes: 74 87 90 98 107 134 271 333 339 340 404 481 560 565 582 616 650 678 732 990
Compactness: 938.416741
Weights: 260.000000 4309.000000 1197.000000
Center Node: 90

District 26
Nodes: 14 137 253 327 408 435 451 473 477 491 533 549 676 735 817 851 852 853 874
Compactness: 1253.352742
Weights: 222.000000 4278.000000 1185.000000
Center Node: 435

District 27
Nodes: 51 89 198 201 277 341 347 380 421 459 480 541 596 668 681 710 718 752 892
Compactness: 1067.772927
Weights: 220.000000 4462.000000 977.000000
Center Node: 347

District 28
Nodes: 22 84 112 193 225 264 288 309 321 344 360 378 448 544 580 686 844 986 991
Compactness: 1080.893679
Weights: 192.000000 3970.000000 1252.000000
Center Node: 22

District 29
Nodes: 332 383 395 414 418 424 527 568 623 626 677 693 706 769 776 783 797 884 891 904 912
Compactness: 1160.990002
Weights: 246.000000 4410.000000 1101.000000
Center Node: 783

District 30
Nodes: 29 57 91 266 398 556 566 599 606 627 684 738 749 785 800 831 835 880 950 965
Compactness: 893.365370
Weights: 242.000000 4425.000000 1156.000000
Center Node: 950

District 31
Nodes: 9 106 207 270 318 326 357 370 419 427 547 572 577 658 737 756 819 834 840 909 937
Compactness: 1653.558232
Weights: 240.000000 4246.000000 1155.000000
Center Node: 909

District 32
Nodes: 26 63 186 237 273 294 298 377 483 563 779 812 842 879 906 927 980 996
Compactness: 1096.933208
Weights: 221.000000 4252.000000 1187.000000
Center Node: 906

District 33
Nodes: 8 15 68 121 259 305 334 382 384 406 438 469 514 525 542 561 647 661 708 794 869 870 896 903 978
Compactness: 1950.289612
Weights: 283.000000 3895.000000 1510.000000
Center Node: 514

District 34
Nodes: 19 45 116 151 187 190 199 240 276 307 312 362 488 515 538 562 584 774 841 858 922
Compactness: 1070.383236
Weights: 249.000000 4008.000000 1183.000000
Center Node: 45

District 35
Nodes: 30 67 72 230 232 281 329 359 422 498 531 553 583 633 667 711 724 813 926 943
Compactness: 1060.651496
Weights: 235.000000 4255.000000 1188.000000
Center Node: 281

District 36
Nodes: 54 164 184 228 247 275 303 311 425 490 499 663 773 789 913 931 936 975 995
Compactness: 1115.567671
Weights: 221.000000 3988.000000 1171.000000
Center Node: 490

District 37
Nodes: 48 206 249 342 353 373 376 397 462 471 487 497 512 530 592 619 712 882 981 994
Compactness: 1325.695418
Weights: 228.000000 4403.000000 1102.000000
Center Node: 397

District 38
Nodes: 24 70 115 144 168 216 233 338 441 493 510 576 641 702 705 771 827 836 846 856 885 941 983
Compactness: 1680.504256
Weights: 261.000000 4400.000000 1041.000000
Center Node: 233

District 39
Nodes: 4 17 62 92 120 156 335 387 388 389 625 725 728 729 832 845 866 910 921 964 977
Compactness: 1227.280791
Weights: 281.000000 4451.000000 1168.000000
Center Node: 388

District 40
Nodes: 125 133 158 197 212 213 217 231 243 245 301 306 336 361 371 392 405 456 461 621 666
Compactness: 1117.937815
Weights: 240.000000 4297.000000 1128.000000
Center Node: 621

District 41
Nodes: 71 77 81 209 224 267 278 291 345 485 495 526 551 602 615 655 671 898 905 934
Compactness: 1288.462640
Weights: 255.000000 4269.000000 1160.000000
Center Node: 224

District 42
Nodes: 5 10 132 147 261 317 415 446 478 555 628 642 688 809 810 872 877 911 969 970 987 993
Compactness: 1589.488884
Weights: 255.000000 4048.000000 1208.000000
Center Node: 478

District 43
Nodes: 6 34 97 161 172 386 396 403 476 550 585 662 679 751 759 850 854 860 925 963
Compactness: 1109.110025
Weights: 250.000000 4307.000000 1112.000000
Center Node: 172

District 44
Nodes: 0 12 66 86 175 346 355 437 453 506 507 545 591 603 700 701 747 763 772 815 959
Compactness: 1259.713169
Weights: 254.000000 4356.000000 1149.000000
Center Node: 507

District 45
Nodes: 3 21 35 43 80 108 129 182 325 331 374 394 571 593 604 618 697 796 878 914 924
Compactness: 1291.132895
Weights: 234.000000 4213.000000 1197.000000
Center Node: 697

District 46
Nodes: 27 83 126 131 226 255 265 274 279 314 375 511 699 799 823 826 857 902 916
Compactness: 947.123957
Weights: 237.000000 4383.000000 1189.000000
Center Node: 27

District 47
Nodes: 53 75 102 109 180 369 409 412 457 460 475 546 601 674 680 683 760 770 968
Compactness: 1163.415820
Weights: 235.000000 4200.000000 1026.000000
Center Node: 680

District 48
Nodes: 148 157 183 248 293 322 323 417 472 500 622 630 754 767 782 945 954 989
Compactness: 998.698575
Weights: 220.000000 4234.000000 1129.000000
Center Node: 754

District 49
Nodes: 114 170 244 308 379 393 434 529 537 573 581 639 727 803 837 861 863 944 974 985
Compactness: 1073.260919
Weights: 226.000000 4106.000000 1125.000000
Center Node: 434

District 50
Nodes: 44 95 128 143 155 315 431 611 632 644 645 721 822 839 873 875 894 895
Compactness: 909.304997
Weights: 221.000000 4252.000000 1182.000000
Center Node: 822
