BalanceViolation 3313.444000
AffinityLoss 0.000000
Compactness 29384.927835

District 1
Nodes: 98 149 162 194 221 250 355 361 461 487
Compactness: 444.326227
Weights: 111.000000 1898.000000 595.000000
Center Node: 221

District 2
Nodes: 67 77 262 298 370 466
Compactness: 498.148172
Weights: 67.000000 1106.000000 478.000000
Center Node: 466

District 3
Nodes: 3 86 151 189 232 257 271 302 364 427 472
Compactness: 922.911454
Weights: 126.000000 2131.000000 595.000000
Center Node: 232

District 4
Nodes: 23 27 36 43 59 115 214 327 394
Compactness: 438.221731
Weights: 95.000000 1950.000000 583.000000
Center Node: 59

District 5
Nodes: 34 66 113 256 301 304 322 406 439 458 468
Compactness: 442.441559
Weights: 137.000000 2010.000000 565.000000
Center Node: 304

District 6
Nodes: 7 54 71 93 138 238 311 342 360 430 454
Compactness: 867.078615
Weights: 102.000000 2090.000000 622.000000
Center Node: 342

District 7
Nodes: 31 147 209 253 334 367 416 467
Compactness: 439.380376
Weights: 95.000000 2029.000000 559.000000
Center Node: 467

District 8
Nodes: 38 70 131 143 261 273 280 291 313 419
Compactness: 559.956446
Weights: 96.000000 2153.000000 543.000000
Center Node: 280

District 9
Nodes: 15 76 101 170 288 348 422 425 471 497
Compactness: 533.415998
Weights: 129.000000 2083.000000 581.000000
Center Node: 497

District 10
Nodes: 2 107 116 173 182 400 442 456 469 477
Compactness: 757.820554
Weights: 126.000000 2128.000000 610.000000
Center Node: 456

District 11
Nodes: 29 69 120 187 335 350 363 373 377 396 438
Compactness: 590.864987
Weights: 116.000000 2129.000000 591.000000
Center Node: 438

District 12
Nodes: 39 122 213 223 337 372 376 415 455
Compactness: 509.044974
Weights: 108.000000 2101.000000 526.000000
Center Node: 213

District 13
Nodes: 20 28 33 63 140 144 169 378 451 475 480 483
Compactness: 974.698484
Weights: 122.000000 2056.000000 560.000000
Center Node: 378

District 14
Nodes: 51 87 136 137 150 168 282 326 332 347 488
Compactness: 675.712444
Weights: 108.000000 2199.000000 601.000000
Center Node: 332

District 15
Nodes: 24 83 100 318 362 365 368 393 441 476
Compactness: 331.604170
Weights: 123.000000 1931.000000 549.000000
Center Node: 441

District 16
Nodes: 5 11 42 80 106 117 165 201 205 224 346
Compactness: 717.423742
Weights: 112.000000 2002.000000 687.000000
Center Node: 11

District 17
Nodes: 37 44 50 91 157 178 203 220 289 340 366
Compactness: 879.876905
Weights: 138.000000 1963.000000 597.000000
Center Node: 340

District 18
Nodes: 155 164 185 207 226 264 343 411 496
Compactness: 380.569822
Weights: 142.000000 2033.000000 546.000000
Center Node: 155

District 19
Nodes: 48 61 154 163 191 287 320 329 354 386 443
Compactness: 883.011390
Weights: 133.000000 2155.000000 523.000000
Center Node: 354

District 20
Nodes: 14 16 21 176 197 297 358 387 444 452
Compactness: 644.359483
Weights: 112.000000 1903.000000 576.000000
Center Node: 297

District 21
Nodes: 1 8 141 193 249 263 309 382 421 460 493
Compactness: 550.206395
Weights: 168.000000 2151.000000 540.000000
Center Node: 249

District 22
Nodes: 134 146 192 199 222 228 321 349 457 486
Compactness: 688.529355
Weights: 89.000000 2081.000000 497.000000
Center Node: 228

District 23
Nodes: 118 153 172 180 217 268 286 299 307 423 489
Compactness: 880.609081
Weights: 124.000000 2058.000000 612.000000
Center Node: 153

District 24
Nodes: 12 64 121 148 186 206 231 310 338 440 450
Compactness: 799.557557
Weights: 128.000000 2051.000000 608.000000
Center Node: 12

District 25
Nodes: 41 68 94 103 196 241 276 325 428 431 448
Compactness: 789.352379
Weights: 136.000000 1968.000000 574.000000
Center Node: 241

District 26
Nodes: 17 105 145 198 247 259 316 330 388 485
Compactness: 409.276493
Weights: 102.000000 2072.000000 605.000000
Center Node: 198

District 27
Nodes: 22 40 79 89 132 208 229 292 312 336 392 433 434 474 490
Compactness: 1248.660309
Weights: 156.000000 1898.000000 902.000000
Center Node: 392

District 28
Nodes: 78 97 156 210 243 285 294 323 390 407
Compactness: 615.882626
Weights: 101.000000 2151.000000 446.000000
Center Node: 156

District 29
Nodes: 25 26 82 102 167 190 219 409 413 417
Compactness: 650.052082
Weights: 128.000000 2168.000000 605.000000
Center Node: 417

District 30
Nodes: 242 272 278 284 306 315 352 402 420 429
Compactness: 449.997356
Weights: 103.000000 1959.000000 623.000000
Center Node: 272

District 31
Nodes: 56 57 62 123 166 181 212 319 410 470
Compactness: 493.399002
Weights: 136.000000 2057.000000 593.000000
Center Node: 470

District 32
Nodes: 0 6 45 142 204 333 389 404 498
Compactness: 599.071306
Weights: 111.000000 1874.000000 606.000000
Center Node: 404

District 33
Nodes: 9 46 53 81 183 233 240 383 463
Compactness: 473.800918
Weights: 102.000000 2143.000000 578.000000
Center Node: 233

District 34
Nodes: 19 125 218 227 239 412 418 479
Compactness: 525.031483
Weights: 92.000000 2145.000000 450.000000
Center Node: 479

District 35
Nodes: 58 95 104 152 160 254 275 283 432 435
Compactness: 391.454736
Weights: 118.000000 2147.000000 490.000000
Center Node: 152

District 36
Nodes: 109 119 133 161 195 344 414 446 462 478 491 499
Compactness: 615.924341
Weights: 149.000000 2171.000000 567.000000
Center Node: 414

District 37
Nodes: 49 108 235 265 269 274 293 374 375 445
Compactness: 520.047473
Weights: 125.000000 1940.000000 556.000000
Center Node: 293

District 38
Nodes: 92 135 234 270 339 437 447 465
Compactness: 372.623581
Weights: 124.000000 2124.000000 466.000000
Center Node: 447

District 39
Nodes: 55 90 216 258 290 351 379 401 481 492
Compactness: 698.191045
Weights: 96.000000 2049.000000 540.000000
Center Node: 401

District 40
Nodes: 18 35 96 296 314 353 359 397 403 473
Compactness: 353.552286
Weights: 120.000000 2165.000000 555.000000
Center Node: 473

District 41
Nodes: 84 99 114 308 369 384 385 426 464 494
Compactness: 547.356832
Weights: 139.000000 2090.000000 531.000000
Center Node: 84

District 42
Nodes: 75 139 174 177 215 237 244 248 260 267 357 398 449 495
Compactness: 924.300457
Weights: 178.000000 1935.000000 820.000000
Center Node: 267

District 43
Nodes: 30 52 179 184 200 230 252 305 482
Compactness: 337.036625
Weights: 116.000000 2186.000000 650.000000
Center Node: 179

District 44
Nodes: 65 85 112 124 158 255 324 356 436
Compactness: 499.734146
Weights: 101.000000 1952.000000 512.000000
Center Node: 356

District 45
Nodes: 110 129 202 211 328 395 408 453 459
Compactness: 303.314801
Weights: 117.000000 2044.000000 587.000000
Center Node: 328

District 46
Nodes: 60 175 251 295 341 391 399 405 484
Compactness: 478.333213
Weights: 90.000000 2042.000000 567.000000
Center Node: 175

District 47
Nodes: 32 111 171 188 281 300 303 317 331
Compactness: 375.886740
Weights: 111.000000 2139.000000 582.000000
Center Node: 331

District 48
Nodes: 73 88 127 130 159 245 345 380
Compactness: 489.380438
Weights: 93.000000 2136.000000 496.000000
Center Node: 345

District 49
Nodes: 4 47 74 126 225 236 277 279 371 424
Compactness: 412.430476
Weights: 118.000000 2157.000000 597.000000
Center Node: 225

District 50
Nodes: 10 13 72 128 246 266 381
Compactness: 401.066768
Weights: 67.000000 1964.000000 383.000000
Center Node: 128
