BalanceViolation 921.602000
AffinityLoss 0.000000
Compactness 64750.932378

District 1
Nodes: 15 122 171 180 222 239 325 384 571 612 633 658 669 736 758 765 933 934 948
Compactness: 952.048184
Weights: 214.000000 4422.000000 1205.000000
Center Node: 15

District 2
Nodes: 33 155 168 188 214 215 219 350 452 488 541 568 650 660 708 747 794 919 976 979
Compactness: 1101.854241
Weights: 226.000000 4360.000000 938.000000
Center Node: 33

District 3
Nodes: 14 42 250 356 366 381 400 404 418 428 572 698 770 775 778 824 897 923 930 990
Compactness: 1440.082798
Weights: 227.000000 4103.000000 1230.000000
Center Node: 404

District 4
Nodes: 10 80 178 189 259 264 456 544 567 588 631 653 843 918 921 938 974 982 996
Compactness: 1417.462777
Weights: 254.000000 3997.000000 1185.000000
Center Node: 921

District 5
Nodes: 2 21 51 54 141 257 270 307 474 535 677 679 755 803 806 838 851 868 966
Compactness: 1283.623540
Weights: 250.000000 4304.000000 1146.000000
Center Node: 54

District 6
Nodes: 1 5 6 24 191 195 227 318 354 407 437 480 490 654 710 760 779 928 980
Compactness: 928.029269
Weights: 246.000000 4084.000000 1197.000000
Center Node: 407

District 7
Nodes: 23 41 62 76 78 101 216 218 279 291 327 638 648 701 706 739 790 847 863 945
Compactness: 1113.014640
Weights: 228.000000 4419.000000 1156.000000
Center Node: 706

District 8
Nodes: 11 27 59 172 181 210 283 342 347 348 399 499 589 671 678 686 759 808 937
Compactness: 1090.229437
Weights: 229.000000 4116.000000 1301.000000
Center Node: 808

District 9
Nodes: 12 92 127 177 185 282 334 361 370 464 529 659 672 715 783 788 795 799 854 856 887
Compactness: 2183.806944
Weights: 256.000000 4109.000000 1229.000000
Center Node: 12

District 10
Nodes: 17 39 96 108 116 176 193 201 423 432 434 445 486 514 595 786 797 821 875 879 915 936
Compactness: 1078.295129
Weights: 244.000000 4047.000000 1221.000000
Center Node: 797

District 11
Nodes: 22 109 138 228 244 253 261 302 375 389 398 421 443 522 582 627 691 766 862 883 968
Compactness: 1398.862693
Weights: 255.000000 4426.000000 1172.000000
Center Node: 109

District 12
Nodes: 131 251 254 289 442 459 497 515 628 640 644 647 725 727 731 761 814 833 842 852
Compactness: 1204.878041
Weights: 238.000000 4283.000000 1084.000000
Center Node: 251

District 13
Nodes: 63 83 110 132 166 217 324 353 410 424 518 548 560 585 692 724 857 885 924 927 991
Compactness: 1642.537236
Weights: 236.000000 4057.000000 1249.000000
Center Node: 518

District 14
Nodes: 43 58 99 102 114 175 187 229 276 297 349 371 436 537 566 688 705 750 999
Compactness: 1470.534011
Weights: 225.000000 4470.000000 1138.000000
Center Node: 229

District 15
Nodes: 72 106 133 266 286 287 290 355 417 454 580 702 721 774 785 858 861 895 913 926
Compactness: 1068.930310
Weights: 241.000000 4042.000000 1258.000000
Center Node: 861

District 16
Nodes: 64 129 137 321 335 351 367 457 470 517 523 557 584 673 809 839 889 912 932 953
Compactness: 1221.329038
Weights: 279.000000 4019.000000 1222.000000
Center Node: 335

District 17
Nodes: 304 316 339 438 453 481 511 586 618 674 682 684 695 804 810 864 874 902 947 962 987
Compactness: 1602.871938
Weights: 223.000000 4254.000000 1137.000000
Center Node: 304

District 18
Nodes: 70 98 242 296 426 469 545 581 662 687 700 709 713 729 742 763 784 831 835 952
Compactness: 868.253650
Weights: 235.000000 4317.000000 1253.000000
Center Node: 729

District 19
Nodes: 154 192 273 278 368 380 409 435 463 466 610 636 649 730 769 796 822 899 903 939
Compactness: 1481.469892
Weights: 264.000000 4444.000000 1118.000000
Center Node: 939

District 20
Nodes: 65 73 94 104 162 163 165 170 205 292 331 394 415 450 478 492 549 552 599 611 869 989
Compactness: 1276.342999
Weights: 234.000000 4087.000000 1238.000000
Center Node: 478

District 21
Nodes: 30 68 88 179 269 277 323 379 427 465 534 550 554 604 764 781 791 817 820 841
Compactness: 1021.993738
Weights: 318.000000 4346.000000 1047.000000
Center Node: 820

District 22
Nodes: 152 198 213 298 300 332 362 425 458 472 477 542 559 565 624 667 689 909 917 967
Compactness: 922.223586
Weights: 225.000000 4145.000000 1256.000000
Center Node: 472

District 23
Nodes: 148 161 183 225 293 313 372 455 476 540 575 577 583 617 737 802 807 830 844 942 961 977
Compactness: 1338.382123
Weights: 256.000000 4242.000000 1216.000000
Center Node: 540

District 24
Nodes: 159 174 232 241 373 390 467 471 526 632 664 675 699 707 723 846 871 896 943 986
Compactness: 1170.101874
Weights: 265.000000 4150.000000 1105.000000
Center Node: 390

District 25
Nodes: 60 91 164 220 236 252 294 314 504 516 531 547 573 613 703 704 840 906 975
Compactness: 1162.756368
Weights: 250.000000 4380.000000 1247.000000
Center Node: 504

District 26
Nodes: 25 140 260 343 358 460 479 494 553 622 643 720 740 741 805 867 959 973 978
Compactness: 1155.487103
Weights: 247.000000 4020.000000 1191.000000
Center Node: 973

District 27
Nodes: 29 44 81 113 182 190 285 303 312 346 576 637 694 744 752 789 798 907 970
Compactness: 1219.718989
Weights: 225.000000 4105.000000 1176.000000
Center Node: 694

District 28
Nodes: 37 45 49 87 97 139 160 167 306 310 322 333 386 446 484 501 563 751 849 905 929 988
Compactness: 1217.899612
Weights: 262.000000 3983.000000 1339.000000
Center Node: 849

District 29
Nodes: 69 196 258 281 309 311 345 462 482 485 507 512 570 602 746 826 972 998
Compactness: 1005.246565
Weights: 219.000000 4030.000000 1267.000000
Center Node: 998

District 30
Nodes: 18 57 123 243 280 284 340 414 461 521 530 561 592 619 680 743 782 855 894 994
Compactness: 1219.560756
Weights: 257.000000 4210.000000 1147.000000
Center Node: 243

District 31
Nodes: 86 120 142 157 233 315 395 412 473 506 509 591 629 656 818 890 940 950 957 960
Compactness: 2978.003472
Weights: 235.000000 4060.000000 1234.000000
Center Node: 315

District 32
Nodes: 0 32 46 56 93 95 128 146 173 200 301 308 403 475 616 620 734 792 813 832 892
Compactness: 1542.041810
Weights: 237.000000 4349.000000 1244.000000
Center Node: 301

District 33
Nodes: 111 121 150 206 234 235 245 247 338 402 406 448 661 683 771 787 815 900
Compactness: 815.713263
Weights: 193.000000 4032.000000 1145.000000
Center Node: 150

District 34
Nodes: 38 149 204 288 299 317 326 378 397 408 413 431 444 533 556 594 670 681 870 873 882 951
Compactness: 1251.585734
Weights: 272.000000 4021.000000 1224.000000
Center Node: 413

District 35
Nodes: 9 31 143 207 267 420 441 505 527 630 719 728 738 745 812 819 834 877 958
Compactness: 1499.710723
Weights: 253.000000 4281.000000 1121.000000
Center Node: 738

District 36
Nodes: 50 135 145 158 202 226 248 274 341 393 405 503 519 528 555 578 587 762 801 891 949
Compactness: 1255.967877
Weights: 257.000000 4386.000000 1132.000000
Center Node: 393

District 37
Nodes: 20 112 125 186 211 224 255 272 369 401 411 539 574 590 609 666 726 811 965 997
Compactness: 1152.401347
Weights: 232.000000 4433.000000 1204.000000
Center Node: 666

District 38
Nodes: 52 75 130 256 295 305 359 360 391 422 468 510 532 564 608 665 780 872 876
Compactness: 884.340661
Weights: 236.000000 4398.000000 1200.000000
Center Node: 359

District 39
Nodes: 3 36 61 89 107 126 320 429 536 569 663 693 748 753 850 955 992
Compactness: 876.390093
Weights: 236.000000 4050.000000 1213.000000
Center Node: 569

District 40
Nodes: 4 28 55 84 134 147 319 352 449 498 600 607 623 668 690 733 828 881 884 904 963
Compactness: 1265.189890
Weights: 235.000000 4406.000000 1139.000000
Center Node: 4

District 41
Nodes: 8 71 153 208 246 275 392 440 551 597 696 697 768 845 853 880 956 984 985
Compactness: 898.570517
Weights: 236.000000 4155.000000 1213.000000
Center Node: 71

District 42
Nodes: 16 197 240 262 263 337 396 483 524 603 606 614 621 635 685 772 914 935 969 981
Compactness: 801.975693
Weights: 268.000000 3985.000000 1246.000000
Center Node: 337

District 43
Nodes: 124 230 329 374 388 491 496 543 546 562 642 754 776 777 793 823 848 886 931 993
Compactness: 1142.251146
Weights: 241.000000 4379.000000 1185.000000
Center Node: 496

District 44
Nodes: 66 118 151 265 336 382 383 487 493 520 558 626 651 676 712 717 829 888 893 941 995
Compactness: 1493.601177
Weights: 242.000000 4254.000000 1197.000000
Center Node: 520

District 45
Nodes: 7 19 53 79 103 231 271 357 387 416 439 489 579 593 655 716 718 749 816 908 946 971
Compactness: 3094.453487
Weights: 253.000000 4424.000000 1225.000000
Center Node: 19

District 46
Nodes: 40 74 117 156 194 249 364 377 502 538 645 652 722 773 860 901 916 922 954
Compactness: 1104.203573
Weights: 231.000000 4393.000000 1155.000000
Center Node: 249

District 47
Nodes: 34 35 48 105 119 203 212 237 268 365 376 451 525 605 641 646 714 825 910
Compactness: 1708.608065
Weights: 255.000000 4250.000000 1212.000000
Center Node: 451

District 48
Nodes: 13 47 67 82 115 144 199 221 328 330 419 495 639 657 711 756 757 836 964
Compactness: 963.563874
Weights: 262.000000 4294.000000 1243.000000
Center Node: 836

District 49
Nodes: 26 77 90 100 223 238 344 363 385 433 508 513 596 601 625 634 732 767 837 865 925 983
Compactness: 1358.747195
Weights: 252.000000 4182.000000 1232.000000
Center Node: 601

District 50
Nodes: 85 136 169 184 209 430 447 500 598 615 735 800 827 859 866 878 898 911 920 944
Compactness: 1405.785298
Weights: 252.000000 4340.000000 1252.000000
Center Node: 827
