BalanceViolation 3675.380000
AffinityLoss 0.000000
Compactness 29859.684241

District 1
Nodes: 107 110 137 214 266 327 344 359 425 496
Compactness: 408.230304
Weights: 121.000000 2127.000000 632.000000
Center Node: 107

District 2
Nodes: 19 64 65 73 79 112 114 125 177 306 428
Compactness: 999.764185
Weights: 143.000000 2011.000000 517.000000
Center Node: 177

District 3
Nodes: 50 96 146 271 296 330 337 350 358 372 495
Compactness: 793.284140
Weights: 132.000000 2135.000000 677.000000
Center Node: 50

District 4
Nodes: 131 151 172 202 225 364 405 421 499
Compactness: 610.852277
Weights: 123.000000 2000.000000 514.000000
Center Node: 172

District 5
Nodes: 40 41 153 208 223 283 423 459
Compactness: 313.360951
Weights: 86.000000 1998.000000 436.000000
Center Node: 41

District 6
Nodes: 9 47 52 77 204 207 213 379 409 415 440 463
Compactness: 916.959498
Weights: 132.000000 1993.000000 741.000000
Center Node: 204

District 7
Nodes: 44 66 165 169 186 193 209 236 288 314 334 352
Compactness: 816.749030
Weights: 130.000000 2056.000000 672.000000
Center Node: 334

District 8
Nodes: 161 211 233 243 301 317 338 391 450 455 474
Compactness: 1055.981488
Weights: 135.000000 1527.000000 557.000000
Center Node: 243

District 9
Nodes: 0 25 80 97 109 173 224 228 254 438 484
Compactness: 630.054450
Weights: 138.000000 2200.000000 633.000000
Center Node: 25

District 10
Nodes: 24 29 56 82 120 210 269 302 387 412
Compactness: 282.668192
Weights: 126.000000 2237.000000 523.000000
Center Node: 56

District 11
Nodes: 58 140 287 299 333 393 410 431 441
Compactness: 1395.991138
Weights: 99.000000 2150.000000 625.000000
Center Node: 58

District 12
Nodes: 108 130 132 149 268 329 345 355 413 427
Compactness: 453.790764
Weights: 103.000000 2030.000000 690.000000
Center Node: 355

District 13
Nodes: 174 220 245 263 274 295 303 401 435
Compactness: 478.312722
Weights: 97.000000 2177.000000 526.000000
Center Node: 303

District 14
Nodes: 100 162 175 182 279 293 374 398 419 454
Compactness: 666.020884
Weights: 110.000000 2226.000000 585.000000
Center Node: 182

District 15
Nodes: 2 46 53 85 164 178 189 242 377 381 383 408
Compactness: 475.738748
Weights: 144.000000 2231.000000 553.000000
Center Node: 2

District 16
Nodes: 45 83 84 119 158 184 353 432 494
Compactness: 380.267816
Weights: 106.000000 2122.000000 589.000000
Center Node: 353

District 17
Nodes: 135 187 194 215 217 286 311 360 467 479
Compactness: 487.887815
Weights: 114.000000 2200.000000 687.000000
Center Node: 360

District 18
Nodes: 7 18 89 141 163 226 258 321 351 446
Compactness: 658.227027
Weights: 104.000000 2192.000000 440.000000
Center Node: 7

District 19
Nodes: 20 26 116 179 231 285 361 396 424
Compactness: 553.093127
Weights: 119.000000 2114.000000 617.000000
Center Node: 285

District 20
Nodes: 10 70 115 168 188 265 276 291 313 397 443
Compactness: 507.136770
Weights: 154.000000 2153.000000 636.000000
Center Node: 168

District 21
Nodes: 147 148 196 205 222 227 257 320 368 453
Compactness: 500.334131
Weights: 149.000000 2140.000000 532.000000
Center Node: 320

District 22
Nodes: 28 154 212 221 270 289 433 452 497
Compactness: 409.648922
Weights: 108.000000 2332.000000 475.000000
Center Node: 28

District 23
Nodes: 92 199 312 336 339 342 365 411 444
Compactness: 332.751032
Weights: 119.000000 2265.000000 480.000000
Center Node: 444

District 24
Nodes: 67 68 76 150 237 297 318 385 458 470
Compactness: 606.167003
Weights: 149.000000 2004.000000 609.000000
Center Node: 150

District 25
Nodes: 230 304 322 340 354 356 369 407 460 481
Compactness: 638.943061
Weights: 116.000000 2226.000000 476.000000
Center Node: 230

District 26
Nodes: 59 71 95 159 282 373 375 389 394 430 488
Compactness: 566.018806
Weights: 126.000000 2169.000000 492.000000
Center Node: 394

District 27
Nodes: 36 183 256 348 378 416 417 439 486
Compactness: 518.495441
Weights: 120.000000 1987.000000 632.000000
Center Node: 36

District 28
Nodes: 127 133 143 152 244 273 277 429 442 483
Compactness: 522.220508
Weights: 123.000000 2123.000000 567.000000
Center Node: 127

District 29
Nodes: 6 8 22 195 198 309 341 384 461 476 493
Compactness: 838.575585
Weights: 152.000000 2168.000000 661.000000
Center Node: 8

District 30
Nodes: 12 55 60 123 124 145 200 346 388 426 472 498
Compactness: 843.819105
Weights: 162.000000 2190.000000 622.000000
Center Node: 472

District 31
Nodes: 27 78 91 101 142 176 229 300 316 457 492
Compactness: 745.391078
Weights: 147.000000 2104.000000 639.000000
Center Node: 300

District 32
Nodes: 54 62 93 99 103 191 260 332 390 399 418
Compactness: 908.024019
Weights: 138.000000 2051.000000 723.000000
Center Node: 93

District 33
Nodes: 4 5 57 190 362 367 371 380 465 478 480
Compactness: 827.341934
Weights: 129.000000 2046.000000 676.000000
Center Node: 371

District 34
Nodes: 21 75 104 122 272 284 392 402 406 447 487
Compactness: 408.287964
Weights: 142.000000 2106.000000 662.000000
Center Node: 284

District 35
Nodes: 17 63 139 325 448 482 491
Compactness: 342.867796
Weights: 82.000000 2085.000000 404.000000
Center Node: 491

District 36
Nodes: 35 39 136 234 278 292 326 366 395
Compactness: 331.617168
Weights: 119.000000 2021.000000 423.000000
Center Node: 136

District 37
Nodes: 14 42 128 201 247 251 255 335 343 434
Compactness: 485.357889
Weights: 116.000000 2163.000000 679.000000
Center Node: 42

District 38
Nodes: 98 157 185 206 259 323 324 347 357 422
Compactness: 712.125577
Weights: 126.000000 2270.000000 479.000000
Center Node: 347

District 39
Nodes: 3 11 34 113 166 180 267 298 307
Compactness: 431.152131
Weights: 111.000000 2282.000000 525.000000
Center Node: 267

District 40
Nodes: 49 111 144 155 192 319 363 485
Compactness: 599.383637
Weights: 106.000000 2121.000000 550.000000
Center Node: 363

District 41
Nodes: 33 102 126 170 197 240 241 246 249 462 473 490
Compactness: 1102.850698
Weights: 122.000000 2013.000000 801.000000
Center Node: 473

District 42
Nodes: 13 72 74 129 134 181 290 349 437
Compactness: 459.691538
Weights: 126.000000 2135.000000 583.000000
Center Node: 349

District 43
Nodes: 16 43 51 90 117 235 239 252 386 404
Compactness: 553.176941
Weights: 119.000000 2180.000000 638.000000
Center Node: 252

District 44
Nodes: 69 121 262 264 280 456 464 477 489
Compactness: 319.656594
Weights: 126.000000 2035.000000 667.000000
Center Node: 464

District 45
Nodes: 32 37 94 171 281 294 382 466 468 475
Compactness: 512.316120
Weights: 123.000000 2219.000000 583.000000
Center Node: 382

District 46
Nodes: 88 105 118 218 238 248 331 449 471
Compactness: 466.802940
Weights: 117.000000 1949.000000 576.000000
Center Node: 105

District 47
Nodes: 1 87 106 138 216 250 253 305 376 445
Compactness: 451.435116
Weights: 75.000000 2142.000000 566.000000
Center Node: 250

District 48
Nodes: 23 31 86 156 167 203 219 261 310 403 420
Compactness: 760.298813
Weights: 127.000000 2026.000000 659.000000
Center Node: 156

District 49
Nodes: 30 48 160 232 308 370 400 451 469
Compactness: 364.274165
Weights: 124.000000 2233.000000 572.000000
Center Node: 400

District 50
Nodes: 15 38 61 81 275 315 328 414 436
Compactness: 416.287201
Weights: 117.000000 2054.000000 713.000000
Center Node: 328
