BalanceViolation 418.162500
AffinityLoss 0.000000
Compactness 185818.546872

District 1
Nodes: 9 34 54 89 98 148 161 261 295 326 340 354 403 405 406 418 420 428 470 504 508 535 550 557 576 615 633 657 664 692 718 738 796 797 807 812 852 853 868 921 923 941 951 962 977 993 1083 1108 1112 1131 1145 1164 1181 1203 1205 1206 1214 1249 1252 1262 1286 1288 1304 1306 1343 1364 1366 1390 1392 1408 1411 1430 1439 1497 1528 1546 1564 1600 1609 1624 1638 1654 1679 1710 1731 1762 1774 1781 1789 1791 1815 1850 1873 1889 1900 1908 1910 1926 1937 1949 1991 1992
Compactness: 9306.044648
Weights: 1245.000000 21678.000000 6006.000000
Center Node: 1364

District 2
Nodes: 3 17 51 103 106 124 129 130 147 179 241 272 288 293 313 358 363 380 454 465 477 488 493 499 517 536 551 570 583 637 650 655 672 674 740 780 811 819 840 874 885 942 955 959 965 975 1003 1007 1016 1053 1058 1064 1065 1068 1086 1087 1091 1120 1241 1242 1265 1294 1313 1330 1402 1403 1421 1431 1443 1444 1452 1489 1512 1513 1526 1533 1538 1549 1572 1583 1651 1665 1687 1711 1755 1757 1786 1787 1794 1795 1808 1811 1833 1845 1849 1901 1911 1935 1970 1972
Compactness: 10511.382124
Weights: 1216.000000 19862.000000 5929.000000
Center Node: 1053

District 3
Nodes: 55 69 76 80 141 153 190 208 218 236 247 250 252 266 284 294 331 336 338 356 381 401 446 460 480 481 507 534 554 573 580 613 660 710 719 735 818 837 839 866 900 905 949 950 968 1021 1025 1041 1047 1056 1060 1088 1090 1123 1147 1167 1199 1202 1230 1277 1282 1308 1310 1319 1324 1387 1393 1416 1418 1442 1448 1456 1472 1523 1550 1567 1601 1610 1633 1634 1649 1655 1670 1681 1691 1693 1701 1714 1721 1745 1759 1764 1788 1809 1814 1830 1835 1893 1914 1939 1947 1956 1965 1993 1998
Compactness: 10350.856732
Weights: 1208.000000 20041.000000 5980.000000
Center Node: 1090

District 4
Nodes: 15 38 65 101 115 151 157 166 182 209 225 231 234 237 260 265 271 311 312 314 327 343 416 432 435 440 447 485 487 541 543 556 572 579 626 644 670 682 737 751 756 805 810 862 873 875 884 920 939 940 945 990 1004 1014 1023 1027 1031 1048 1146 1168 1184 1204 1251 1258 1264 1269 1298 1326 1383 1394 1395 1397 1404 1429 1463 1468 1471 1520 1522 1525 1537 1566 1569 1608 1620 1656 1699 1703 1705 1706 1715 1751 1754 1758 1785 1834 1892 1930 1952 1964 1984
Compactness: 12472.861551
Weights: 1246.000000 20270.000000 5363.000000
Center Node: 1952

District 5
Nodes: 1 20 35 41 45 110 112 119 132 137 154 164 207 226 233 248 296 303 307 317 333 349 400 423 466 510 524 527 567 578 591 594 610 616 619 621 632 641 648 678 726 754 785 795 833 858 863 897 925 947 967 972 989 1000 1005 1033 1035 1036 1046 1072 1095 1128 1163 1176 1194 1221 1231 1237 1289 1290 1295 1318 1331 1373 1376 1415 1417 1445 1453 1479 1485 1493 1499 1554 1562 1575 1614 1617 1618 1640 1658 1671 1712 1796 1861 1883 1885 1916 1936 1957 1962 1974 1975
Compactness: 10122.738543
Weights: 1199.000000 20743.000000 5953.000000
Center Node: 137

District 6
Nodes: 10 48 57 70 77 94 109 118 120 134 156 184 188 195 203 217 277 281 285 393 443 453 455 475 496 509 515 539 585 618 629 651 662 671 673 689 691 713 781 793 798 815 825 834 865 911 924 995 996 1030 1049 1059 1101 1110 1143 1144 1150 1158 1182 1222 1238 1248 1255 1257 1316 1361 1363 1368 1378 1381 1388 1432 1449 1469 1473 1480 1487 1511 1515 1553 1615 1625 1627 1629 1632 1641 1708 1720 1726 1742 1798 1839 1848 1851 1860 1865 1882 1888 1921 1928 1958 1973 1990
Compactness: 9222.226529
Weights: 1169.000000 21749.000000 5961.000000
Center Node: 156

District 7
Nodes: 29 40 96 116 125 160 172 181 211 213 224 299 321 389 429 434 456 457 479 494 518 540 589 597 604 614 625 699 721 731 739 761 790 822 831 846 859 881 899 928 930 943 957 980 987 999 1009 1038 1075 1106 1111 1153 1178 1179 1196 1224 1226 1245 1261 1285 1305 1340 1359 1379 1389 1396 1400 1409 1419 1454 1483 1490 1502 1539 1571 1580 1587 1592 1613 1630 1635 1672 1673 1702 1773 1782 1784 1810 1825 1844 1855 1877 1878 1881 1919 1944 1953
Compactness: 8876.961190
Weights: 1213.000000 20613.000000 5661.000000
Center Node: 1592

District 8
Nodes: 14 19 23 62 84 102 107 169 196 220 251 263 276 289 290 328 346 377 386 388 417 430 462 558 562 596 609 627 628 631 643 653 690 698 716 725 729 741 742 768 782 823 824 830 838 841 842 844 886 913 946 973 985 1008 1029 1034 1042 1063 1116 1246 1253 1279 1302 1323 1334 1358 1360 1372 1406 1407 1420 1424 1441 1455 1467 1530 1535 1541 1560 1563 1565 1584 1602 1616 1619 1623 1650 1664 1713 1763 1767 1820 1822 1842 1869 1890 1899 1918 1927 1940 1963 1966 1985
Compactness: 8894.536687
Weights: 1202.000000 21861.000000 6056.000000
Center Node: 1869

District 9
Nodes: 18 63 68 100 121 143 162 170 194 198 229 279 320 334 339 353 357 390 394 397 413 425 469 471 490 491 505 538 622 646 654 667 675 676 702 720 757 765 769 777 779 803 820 898 907 908 927 934 937 970 971 986 991 1002 1010 1011 1017 1051 1067 1076 1094 1107 1114 1115 1134 1160 1188 1209 1223 1232 1243 1244 1247 1284 1300 1325 1349 1362 1391 1401 1434 1461 1478 1495 1518 1536 1559 1577 1666 1683 1685 1697 1709 1719 1725 1737 1783 1804 1838 1896 1906 1989
Compactness: 9394.100924
Weights: 1211.000000 21054.000000 5392.000000
Center Node: 675

District 10
Nodes: 2 11 21 24 25 31 49 61 117 152 155 165 193 199 201 210 238 316 318 319 335 355 359 409 415 422 426 449 450 458 484 495 516 526 532 568 569 593 607 612 649 706 747 767 770 891 904 910 922 948 966 1020 1024 1026 1054 1062 1089 1118 1119 1122 1139 1197 1278 1281 1283 1299 1301 1315 1352 1355 1375 1413 1422 1451 1496 1504 1505 1508 1524 1576 1594 1612 1628 1642 1645 1667 1690 1717 1728 1760 1806 1818 1828 1832 1837 1843 1875 1924 1933 1946 1967 1976
Compactness: 9777.664257
Weights: 1172.000000 21846.000000 6045.000000
Center Node: 1413

District 11
Nodes: 13 16 22 105 122 158 167 186 202 221 228 249 253 255 258 269 291 302 304 342 379 402 404 433 448 451 463 472 502 521 549 577 599 601 605 611 642 677 680 684 724 748 759 799 802 821 828 854 861 869 870 894 895 909 915 917 918 1061 1138 1185 1189 1200 1219 1292 1328 1351 1365 1414 1437 1446 1501 1527 1573 1582 1647 1661 1692 1696 1724 1749 1772 1778 1797 1803 1805 1827 1846 1913 1922 1941 1955 1979 1988
Compactness: 7969.612058
Weights: 1146.000000 21341.000000 5542.000000
Center Node: 1913

District 12
Nodes: 58 88 135 177 192 215 219 239 264 267 278 292 297 341 373 419 421 482 483 511 512 514 519 544 548 560 564 571 598 606 624 638 661 666 685 703 705 712 732 743 750 760 773 804 809 826 832 845 871 887 938 976 982 988 998 1077 1097 1126 1129 1161 1169 1235 1240 1254 1256 1293 1297 1329 1380 1425 1474 1475 1486 1494 1510 1543 1548 1555 1570 1605 1607 1682 1694 1716 1730 1734 1735 1752 1777 1799 1829 1874 1884 1894 1897 1902 1904 1945 1954 1995
Compactness: 8711.622357
Weights: 1192.000000 19810.000000 6078.000000
Center Node: 1161

District 13
Nodes: 8 79 81 86 95 127 145 146 178 187 200 268 308 309 371 375 384 396 399 414 476 506 513 530 533 547 552 559 574 590 634 658 693 701 727 762 764 766 787 788 806 872 878 880 888 890 931 933 954 956 1040 1045 1052 1070 1080 1132 1148 1149 1162 1171 1177 1187 1193 1215 1218 1271 1322 1371 1433 1457 1477 1498 1516 1540 1558 1589 1643 1668 1704 1729 1733 1750 1765 1771 1776 1801 1866 1917 1923 1943 1948 1961 1968 1996
Compactness: 7872.156775
Weights: 1077.000000 19795.000000 6073.000000
Center Node: 1080

District 14
Nodes: 5 6 39 50 67 85 111 140 168 174 176 185 189 216 222 275 325 345 350 365 372 412 431 439 441 473 478 486 498 501 546 555 561 602 603 652 665 679 681 683 695 697 714 771 794 860 889 935 936 974 979 997 1012 1013 1073 1074 1081 1085 1121 1133 1190 1198 1210 1225 1239 1260 1263 1307 1327 1350 1369 1377 1398 1405 1447 1500 1521 1547 1551 1578 1581 1606 1611 1626 1637 1674 1684 1695 1722 1744 1812 1816 1819 1863 1872 1891 1960 1969
Compactness: 8877.393560
Weights: 1198.000000 21732.000000 5450.000000
Center Node: 665

District 15
Nodes: 0 27 33 71 73 93 104 113 133 142 270 301 305 310 322 324 332 352 362 366 376 378 382 385 424 438 464 497 503 528 529 531 545 553 565 586 587 656 687 709 711 715 717 736 791 801 851 879 919 964 1055 1137 1151 1154 1173 1186 1201 1211 1212 1213 1227 1234 1250 1259 1273 1314 1335 1339 1342 1348 1385 1412 1426 1436 1476 1484 1492 1506 1519 1534 1552 1561 1599 1622 1646 1648 1652 1723 1740 1741 1746 1823 1824 1836 1868 1880 1887 1942 1977 1999
Compactness: 9401.648896
Weights: 1227.000000 21115.000000 5944.000000
Center Node: 1622

District 16
Nodes: 7 32 52 56 60 66 78 82 114 123 126 136 191 205 206 223 262 282 330 344 364 374 398 408 411 445 492 608 647 669 694 700 708 734 755 758 776 784 814 836 848 855 856 867 902 912 960 969 984 1084 1093 1096 1102 1104 1109 1165 1166 1172 1175 1191 1195 1207 1280 1291 1312 1337 1354 1356 1382 1384 1428 1438 1450 1465 1466 1482 1509 1514 1598 1603 1604 1657 1660 1662 1675 1680 1686 1688 1743 1761 1826 1854 1856 1857 1907 1909 1915 1932 1934 1938 1951 1971 1986 1994
Compactness: 8659.748275
Weights: 1256.000000 20712.000000 5809.000000
Center Node: 398

District 17
Nodes: 43 47 59 87 144 150 171 204 214 230 242 245 300 360 367 368 387 442 467 489 523 525 566 617 623 744 749 753 774 783 792 817 827 892 901 903 916 944 952 994 1015 1018 1037 1099 1117 1135 1155 1157 1174 1183 1192 1216 1217 1229 1233 1270 1276 1309 1320 1332 1333 1336 1341 1345 1346 1353 1386 1399 1423 1458 1459 1462 1481 1488 1503 1529 1545 1568 1574 1579 1588 1590 1621 1631 1669 1677 1718 1748 1768 1775 1780 1790 1792 1800 1821 1841 1876 1886 1980 1982
Compactness: 8493.084128
Weights: 1137.000000 20911.000000 6078.000000
Center Node: 442

District 18
Nodes: 28 30 74 92 97 99 128 138 159 175 197 212 227 243 246 257 280 283 286 298 323 392 407 437 444 452 468 581 588 639 663 668 686 704 707 722 730 763 778 789 808 813 829 843 847 893 929 932 958 961 983 1071 1100 1103 1127 1130 1142 1156 1159 1170 1228 1268 1274 1296 1321 1338 1532 1544 1586 1591 1593 1595 1636 1644 1663 1676 1689 1698 1707 1753 1756 1807 1831 1840 1852 1867 1870 1871 1898 1905 1925 1950 1959 1978 1983
Compactness: 7373.253530
Weights: 1222.000000 20016.000000 5586.000000
Center Node: 1321

District 19
Nodes: 4 12 36 42 72 91 108 131 139 149 173 180 235 240 244 259 287 329 337 351 370 383 395 410 459 461 474 500 575 582 592 620 630 635 640 645 659 723 745 746 752 772 775 800 835 850 864 883 896 906 963 981 1006 1019 1022 1032 1039 1043 1044 1066 1079 1105 1124 1125 1152 1180 1220 1236 1272 1287 1311 1344 1347 1370 1427 1440 1460 1470 1507 1531 1556 1557 1585 1596 1597 1653 1732 1736 1738 1747 1779 1847 1858 1859 1862 1864 1903 1912 1981 1987 1997
Compactness: 8913.816925
Weights: 1225.000000 21601.000000 5543.000000
Center Node: 981

District 20
Nodes: 26 37 44 46 53 64 75 83 90 163 183 232 254 256 273 274 306 315 347 348 361 369 391 427 436 520 522 537 542 563 584 595 600 636 688 696 728 733 786 816 849 857 876 877 882 914 926 953 978 992 1001 1028 1050 1057 1069 1078 1082 1092 1098 1113 1136 1140 1141 1208 1266 1267 1275 1303 1317 1357 1367 1374 1410 1435 1464 1491 1517 1542 1639 1659 1678 1700 1727 1739 1766 1769 1770 1793 1802 1813 1817 1853 1879 1895 1920 1929 1931
Compactness: 10616.837184
Weights: 1163.000000 19760.000000 5618.000000
Center Node: 1275
