BalanceViolation 878.319000
AffinityLoss 0.000000
Compactness 131510.227323

District 1
Nodes: 46 112 228 310 333 365 435 572 681 823 864 931 967 984 1004 1008 1098 1118 1140 1158 1204 1208 1227 1301 1309 1413 1480 1530 1588 1607 1608 1625 1653 1694 1697 1751 1818 1845 1874 1925 1927
Compactness: 2794.924383
Weights: 500.000000 8584.000000 2225.000000
Center Node: 1694

District 2
Nodes: 8 10 64 116 129 132 135 149 232 272 293 336 380 493 532 704 710 714 807 845 948 949 999 1009 1037 1152 1190 1295 1389 1496 1512 1535 1558 1612 1640 1741 1761 1847 1887 1926
Compactness: 2140.496289
Weights: 451.000000 8611.000000 2395.000000
Center Node: 1152

District 3
Nodes: 104 110 115 125 160 280 359 369 398 412 471 489 513 598 660 791 853 860 892 991 1016 1033 1034 1061 1084 1085 1157 1191 1321 1395 1482 1511 1605 1611 1613 1620 1675 1802 1837 1980
Compactness: 3012.888727
Weights: 495.000000 8400.000000 2256.000000
Center Node: 280

District 4
Nodes: 75 198 203 242 311 339 352 387 407 411 432 522 527 561 633 770 779 803 868 952 986 1013 1090 1238 1279 1346 1350 1363 1375 1638 1643 1699 1843 1878 1899 1967
Compactness: 2001.243709
Weights: 388.000000 7968.000000 2095.000000
Center Node: 986

District 5
Nodes: 82 136 162 218 267 297 334 400 496 571 590 632 960 973 987 1069 1082 1146 1173 1219 1243 1341 1348 1470 1626 1634 1650 1716 1719 1730 1749 1773 1827 1883 1917 1918 1928 1993
Compactness: 2120.988991
Weights: 466.000000 8645.000000 2264.000000
Center Node: 82

District 6
Nodes: 7 57 123 172 173 184 208 307 356 360 394 431 479 533 583 623 642 675 677 784 801 804 887 944 1003 1020 1075 1207 1222 1275 1318 1335 1353 1366 1377 1637 1684 1757 1762 1809 1813 1824 1844 1862
Compactness: 2902.216434
Weights: 503.000000 8410.000000 2422.000000
Center Node: 479

District 7
Nodes: 27 87 143 214 219 270 350 361 374 403 464 548 573 626 674 722 747 781 788 815 900 940 1064 1066 1106 1200 1337 1661 1689 1698 1701 1704 1729 1748 1829 1851 1879 1922 1924 1952
Compactness: 3146.397929
Weights: 495.000000 8146.000000 2347.000000
Center Node: 219

District 8
Nodes: 51 141 177 678 690 698 733 793 797 822 824 826 852 877 898 947 970 1148 1184 1189 1224 1361 1387 1390 1463 1483 1520 1565 1579 1649 1656 1693 1746 1833 1921
Compactness: 1631.008812
Weights: 432.000000 8229.000000 2034.000000
Center Node: 877

District 9
Nodes: 1 13 18 22 56 83 206 221 258 331 427 446 476 477 563 570 581 875 888 1010 1022 1089 1119 1126 1134 1192 1234 1407 1552 1601 1633 1654 1702 1806 1810 1869 1870 1873 1914 1932 1943 1979
Compactness: 2546.802145
Weights: 500.000000 7954.000000 2276.000000
Center Node: 563

District 10
Nodes: 0 44 178 227 237 244 328 351 376 382 492 630 659 715 745 756 789 795 825 830 886 990 993 1041 1072 1092 1107 1188 1198 1221 1342 1423 1447 1521 1589 1622 1645 1647 1652 1720 1861
Compactness: 2553.972934
Weights: 497.000000 8423.000000 2433.000000
Center Node: 795

District 11
Nodes: 59 100 207 220 264 273 332 349 358 475 589 594 652 668 771 806 818 834 873 893 899 902 906 978 1077 1115 1116 1159 1213 1223 1237 1262 1304 1400 1472 1473 1489 1514 1617 1708
Compactness: 2275.292676
Weights: 500.000000 8706.000000 2329.000000
Center Node: 1116

District 12
Nodes: 36 73 90 101 106 161 204 318 319 335 443 473 528 558 605 717 746 866 908 915 936 988 1083 1182 1228 1246 1360 1368 1403 1422 1443 1448 1516 1533 1876 1920 1942 1971 1974
Compactness: 2757.924188
Weights: 498.000000 8333.000000 2232.000000
Center Node: 908

District 13
Nodes: 71 170 234 266 317 329 395 462 488 500 516 541 609 688 709 712 766 767 1026 1111 1172 1187 1264 1299 1315 1344 1416 1537 1538 1574 1668 1683 1707 1714 1733 1738 1758 1782 1908 1912 1983
Compactness: 3522.525009
Weights: 498.000000 8347.000000 2387.000000
Center Node: 1538

District 14
Nodes: 49 96 109 259 277 323 420 517 539 547 610 620 728 764 812 819 820 941 955 965 1036 1051 1149 1155 1180 1215 1369 1432 1433 1506 1554 1563 1571 1616 1648 1801 1858 1877 1900 1930 1964
Compactness: 2761.776494
Weights: 496.000000 8480.000000 2401.000000
Center Node: 812

District 15
Nodes: 20 147 159 225 291 343 379 544 560 711 838 979 980 1001 1029 1110 1168 1232 1256 1280 1339 1382 1385 1440 1471 1522 1525 1527 1577 1593 1639 1791 1816 1823 1892 1909 1935 1956 1958
Compactness: 1663.263206
Weights: 486.000000 8336.000000 2432.000000
Center Node: 1639

District 16
Nodes: 17 85 113 146 150 211 251 444 487 507 556 580 702 809 895 942 951 969 1019 1035 1067 1087 1195 1380 1397 1405 1421 1428 1478 1644 1797 1817 1882 1903 1913 1923 1937 1975
Compactness: 2231.518758
Weights: 480.000000 7881.000000 2426.000000
Center Node: 1087

District 17
Nodes: 38 48 117 197 231 240 257 265 402 455 474 559 566 569 602 664 706 708 721 729 761 910 930 1055 1194 1216 1231 1255 1340 1452 1580 1722 1756 1759 1779 1906 1962 1963 1997
Compactness: 3635.942841
Weights: 501.000000 7965.000000 2320.000000
Center Node: 197

District 18
Nodes: 80 94 95 168 183 196 223 338 368 453 529 545 574 727 741 768 774 836 842 928 982 1038 1049 1193 1244 1267 1455 1477 1595 1663 1665 1783 1945 1978
Compactness: 2099.700567
Weights: 439.000000 8131.000000 2040.000000
Center Node: 80

District 19
Nodes: 28 217 226 230 302 308 347 381 508 515 536 624 713 833 850 855 880 914 954 956 1153 1178 1203 1313 1325 1327 1331 1333 1449 1508 1547 1570 1600 1662 1734 1742 1743 1772 1775 1898 1955
Compactness: 2525.267596
Weights: 466.000000 7909.000000 2378.000000
Center Node: 1178

District 20
Nodes: 105 192 255 263 314 322 345 367 418 440 497 505 523 531 535 551 648 725 726 857 881 1047 1065 1079 1121 1124 1170 1171 1273 1300 1356 1357 1388 1427 1497 1502 1545 1687 1795 1938 1947 1992 1996
Compactness: 2661.211331
Weights: 493.000000 8410.000000 2416.000000
Center Node: 535

District 21
Nodes: 43 60 138 256 288 362 447 450 537 586 612 613 625 650 697 757 758 816 983 1074 1095 1136 1199 1245 1314 1338 1376 1434 1457 1464 1562 1585 1604 1629 1711 1815 1836 1867 1973
Compactness: 2444.113177
Weights: 495.000000 8526.000000 2350.000000
Center Node: 1245

District 22
Nodes: 55 72 188 189 243 397 442 458 575 587 619 716 755 777 792 794 813 829 858 916 961 1042 1081 1086 1154 1263 1281 1378 1425 1436 1543 1627 1655 1685 1725 1786 1857 1893 1896 1941 1968 1999
Compactness: 2609.551876
Weights: 472.000000 8383.000000 2396.000000
Center Node: 1725

District 23
Nodes: 97 140 190 202 224 373 482 490 607 670 705 750 883 1005 1011 1040 1056 1093 1103 1186 1218 1249 1274 1306 1311 1317 1330 1351 1358 1435 1481 1485 1517 1771 1793 1803 1850 1856 1907 1985
Compactness: 2448.723722
Weights: 472.000000 7935.000000 2431.000000
Center Node: 1485

District 24
Nodes: 6 34 77 283 285 377 485 520 553 585 665 671 693 796 832 907 918 938 1031 1057 1068 1088 1099 1104 1112 1164 1241 1287 1322 1444 1546 1556 1564 1583 1727 1785 1790 1890 1895 1904 1933 1965
Compactness: 2385.737047
Weights: 500.000000 8151.000000 2214.000000
Center Node: 1546

District 25
Nodes: 23 29 70 121 164 215 250 276 324 340 621 719 760 763 840 846 905 975 1060 1109 1113 1181 1202 1254 1297 1305 1420 1438 1475 1490 1500 1606 1632 1642 1723 1739 1744 1865 1934 1989
Compactness: 2304.419960
Weights: 497.000000 8472.000000 2421.000000
Center Node: 846

District 26
Nodes: 9 296 327 372 375 396 416 524 543 599 657 661 696 754 800 843 923 935 977 1014 1063 1129 1145 1197 1242 1352 1458 1539 1584 1621 1669 1671 1676 1703 1705 1736 1740 1822 1855 1910 1931 1950
Compactness: 3379.856462
Weights: 498.000000 8727.000000 2424.000000
Center Node: 1671

District 27
Nodes: 5 63 76 133 261 289 303 363 406 564 611 737 739 869 917 925 976 1135 1217 1277 1296 1329 1401 1424 1451 1559 1598 1619 1628 1667 1721 1726 1731 1735 1750 1764 1871 1897 1919 1984
Compactness: 2993.358150
Weights: 500.000000 8699.000000 2432.000000
Center Node: 1329

District 28
Nodes: 12 50 137 157 171 191 253 299 301 355 385 414 428 457 495 540 546 663 680 685 718 929 971 998 1058 1165 1236 1320 1399 1408 1476 1488 1541 1690 1717 1842 1860 1901 1957
Compactness: 2588.338507
Weights: 417.000000 8394.000000 2432.000000
Center Node: 1399

District 29
Nodes: 78 128 145 163 205 236 268 344 426 436 437 439 481 634 700 736 844 861 901 966 989 1125 1144 1230 1240 1257 1285 1460 1501 1526 1542 1566 1596 1658 1664 1692 1715 1853 1939 1987
Compactness: 2256.934915
Weights: 475.000000 7962.000000 2400.000000
Center Node: 901

District 30
Nodes: 33 45 175 278 341 378 405 410 469 499 503 552 666 676 691 778 802 920 957 981 996 1070 1260 1289 1398 1409 1415 1456 1467 1555 1572 1575 1587 1590 1618 1768 1792 1830 1854 1915 1951 1991
Compactness: 2788.624315
Weights: 503.000000 8446.000000 2426.000000
Center Node: 802

District 31
Nodes: 2 62 130 144 210 239 290 321 456 480 530 592 635 646 695 995 1002 1007 1062 1094 1096 1123 1212 1229 1265 1288 1316 1402 1418 1534 1599 1696 1753 1767 1804 1859 1875 1972
Compactness: 2521.651912
Weights: 499.000000 8106.000000 2281.000000
Center Node: 1123

District 32
Nodes: 16 19 53 108 180 199 238 294 353 383 386 390 430 461 549 562 597 672 683 743 821 849 876 879 1138 1201 1286 1328 1491 1528 1630 1657 1686 1794 1880 1936 1976 1982
Compactness: 2554.544528
Weights: 500.000000 7989.000000 2232.000000
Center Node: 1794

District 33
Nodes: 32 40 91 119 142 166 187 262 292 404 425 441 445 511 555 647 720 732 769 848 904 937 997 1133 1209 1270 1323 1370 1386 1414 1431 1529 1610 1659 1666 1673 1677 1709 1752 1789 1841 1946 1977
Compactness: 2465.687928
Weights: 458.000000 8452.000000 2388.000000
Center Node: 1666

District 34
Nodes: 3 58 122 281 295 300 304 316 470 550 614 627 744 752 783 882 897 926 968 994 1021 1024 1046 1160 1167 1268 1345 1347 1394 1419 1439 1486 1498 1499 1536 1581 1586 1718 1766 1826 1832 1881 1970
Compactness: 2566.346756
Weights: 486.000000 8476.000000 2434.000000
Center Node: 1826

District 35
Nodes: 24 127 165 167 181 182 194 201 249 279 346 388 399 413 417 472 509 628 667 734 839 851 863 921 932 953 1032 1108 1143 1205 1308 1372 1461 1465 1549 1651 1682 1688 1728 1788 1863
Compactness: 2913.249743
Weights: 500.000000 8375.000000 2227.000000
Center Node: 1108

District 36
Nodes: 52 79 88 131 153 179 241 306 313 342 408 459 484 486 491 498 506 557 622 775 847 871 939 946 1012 1043 1128 1174 1250 1282 1292 1303 1393 1484 1519 1679 1745 1781 1819 1821 1849 1911
Compactness: 2381.617306
Weights: 502.000000 8488.000000 2436.000000
Center Node: 871

District 37
Nodes: 176 229 245 348 357 460 466 467 526 567 576 601 604 640 699 730 810 891 909 913 919 1027 1044 1162 1233 1291 1319 1334 1371 1426 1430 1442 1466 1523 1615 1710 1774 1846 1902 1969 1995
Compactness: 2289.120526
Weights: 503.000000 8315.000000 2410.000000
Center Node: 1846

District 38
Nodes: 47 103 126 254 366 429 433 514 538 595 629 631 636 731 740 749 943 950 1050 1076 1101 1127 1132 1169 1185 1220 1290 1324 1381 1383 1411 1412 1453 1505 1569 1660 1681 1747 1787 1916 1981
Compactness: 2246.519311
Weights: 483.000000 8680.000000 2212.000000
Center Node: 1383

District 39
Nodes: 26 42 66 81 89 102 222 260 337 451 468 608 645 751 762 884 1025 1073 1105 1130 1226 1247 1283 1307 1509 1510 1532 1544 1553 1560 1578 1594 1603 1609 1760 1814 1839 1866 1891 1894 1944
Compactness: 2436.191357
Weights: 521.000000 8032.000000 2232.000000
Center Node: 1130

District 40
Nodes: 67 74 114 193 275 401 448 579 584 591 606 637 651 662 686 738 765 772 827 865 867 903 922 959 962 963 1018 1045 1161 1210 1284 1404 1468 1479 1548 1568 1798 1820 1852 1884
Compactness: 2514.187159
Weights: 451.000000 7972.000000 2406.000000
Center Node: 1468

District 41
Nodes: 11 21 84 118 120 148 209 274 325 419 615 679 687 835 862 896 924 927 933 934 1000 1048 1078 1080 1225 1239 1252 1253 1355 1406 1410 1446 1493 1614 1641 1805 1998
Compactness: 1732.196124
Weights: 470.000000 7956.000000 2430.000000
Center Node: 1355

District 42
Nodes: 41 152 154 330 415 438 454 465 483 512 519 692 872 889 945 1023 1100 1117 1177 1179 1214 1310 1336 1364 1374 1450 1474 1513 1592 1623 1691 1695 1769 1777 1835 1848 1905 1948
Compactness: 2244.345910
Weights: 463.000000 7899.000000 2218.000000
Center Node: 1623

District 43
Nodes: 14 25 39 68 107 139 174 185 186 271 393 421 478 502 554 568 641 753 776 885 958 972 985 1097 1163 1166 1276 1312 1454 1469 1646 1674 1732 1776 1796 1800 1868 1929 1940 1953 1994
Compactness: 2193.391324
Weights: 485.000000 8162.000000 2246.000000
Center Node: 1454

District 44
Nodes: 30 37 155 248 269 326 384 409 463 518 534 582 656 684 703 748 785 837 890 964 1017 1122 1131 1141 1156 1175 1196 1235 1266 1373 1550 1624 1700 1754 1807 1834 1949 1954 1959 1961
Compactness: 2235.137303
Weights: 459.000000 8415.000000 2399.000000
Center Node: 1141

District 45
Nodes: 98 169 195 246 309 364 452 565 577 578 618 644 649 735 992 1006 1114 1120 1137 1211 1248 1261 1359 1487 1540 1582 1591 1602 1635 1636 1713 1770 1780 1812 1828 1831 1840 1886 1888 1986 1990
Compactness: 2397.084428
Weights: 499.000000 8142.000000 2303.000000
Center Node: 1990

District 46
Nodes: 4 86 124 134 212 282 287 305 312 422 501 504 510 521 600 701 724 759 798 799 817 878 974 1054 1071 1151 1183 1251 1294 1332 1349 1392 1459 1494 1678 1680 1724 1778 1811 1838
Compactness: 2404.316244
Weights: 482.000000 8691.000000 2204.000000
Center Node: 759

District 47
Nodes: 93 99 158 298 354 449 494 542 658 689 773 782 786 787 805 808 859 912 1059 1091 1139 1142 1259 1302 1326 1354 1437 1492 1504 1524 1551 1557 1631 1670 1737 1763 1872 1889
Compactness: 7967.312879
Weights: 405.000000 8749.000000 2068.000000
Center Node: 542

District 48
Nodes: 35 69 111 151 247 252 320 525 643 655 673 682 694 707 723 742 811 814 828 841 854 894 1028 1053 1343 1365 1379 1396 1417 1495 1503 1507 1515 1576 1712 1808 1825 1960 1988
Compactness: 2258.990507
Weights: 442.000000 8140.000000 2431.000000
Center Node: 1343

District 49
Nodes: 15 92 156 235 284 315 370 391 392 424 434 588 593 603 616 638 639 669 780 870 911 1039 1052 1102 1150 1258 1271 1272 1278 1293 1362 1367 1384 1441 1531 1561 1567 1672 1765 1799 1966
Compactness: 3048.383720
Weights: 491.000000 8313.000000 2310.000000
Center Node: 1799

District 50
Nodes: 31 54 61 65 200 213 216 233 286 371 389 423 596 617 653 654 790 831 856 874 1015 1030 1147 1176 1206 1269 1298 1391 1429 1445 1462 1518 1573 1597 1706 1755 1784 1864 1885
Compactness: 2954.931207
Weights: 467.000000 8685.000000 2365.000000
Center Node: 1445
