BalanceViolation 44.810000
AffinityLoss 0.000000
Compactness 90581.367849

District 1
Nodes: 77 87 124 142 153 177 199 207 211 258 286 312 331 390 393 430 451 453 454 474 482 492 507 508 549 559 563 568 588 611 618 643 663 676 687 702 710 729 734 749 761 773 791 818 845 882 897 948 952
Compactness: 4068.027523
Weights: 601.000000 10760.000000 2701.000000
Center Node: 199

District 2
Nodes: 9 17 38 64 81 151 161 171 190 196 205 215 252 263 265 293 297 338 363 365 392 456 466 481 488 502 525 554 570 601 604 647 677 725 756 763 772 786 792 814 823 825 838 906 919 943 949 956 970 989 998
Compactness: 5675.595837
Weights: 587.000000 10515.000000 2794.000000
Center Node: 466

District 3
Nodes: 21 63 86 95 122 168 240 247 264 266 294 336 355 367 372 387 396 398 417 423 467 468 476 506 513 572 580 589 610 637 641 649 660 662 699 728 781 794 815 836 846 850 863 865 937 954 994
Compactness: 4835.720146
Weights: 586.000000 10220.000000 2759.000000
Center Node: 699

District 4
Nodes: 6 8 42 44 46 52 58 68 96 99 138 154 155 167 216 222 239 271 287 291 305 306 318 357 364 427 493 494 498 501 505 546 595 631 671 693 712 723 730 767 824 855 868 870 877 890 915 920 934 993
Compactness: 4982.149415
Weights: 612.000000 10794.000000 2948.000000
Center Node: 239

District 5
Nodes: 11 26 33 65 80 114 117 126 173 182 184 195 200 226 235 245 269 276 280 303 330 342 350 426 429 443 470 524 528 543 579 615 616 625 736 738 741 775 783 789 799 800 834 861 880 898 925 953 955 957 974
Compactness: 5218.322091
Weights: 631.000000 10777.000000 2827.000000
Center Node: 789

District 6
Nodes: 18 23 34 90 101 106 158 172 189 202 232 249 301 316 317 324 328 343 348 353 380 420 428 445 465 497 520 522 534 553 561 562 581 608 617 648 668 719 753 758 776 828 844 848 876 886 888 922 946 968 992
Compactness: 4069.181139
Weights: 612.000000 11066.000000 2804.000000
Center Node: 158

District 7
Nodes: 1 31 40 55 67 73 79 112 119 134 157 160 166 176 193 212 218 220 248 251 337 359 361 407 408 415 435 461 469 478 487 499 558 573 584 602 622 627 659 664 685 695 747 782 795 820 841 867 874 878 887 947
Compactness: 5079.108887
Weights: 633.000000 10097.000000 2801.000000
Center Node: 874

District 8
Nodes: 2 48 61 71 75 109 133 145 229 243 250 255 267 309 310 349 368 369 375 377 447 458 486 490 491 538 557 560 564 585 603 626 651 661 684 696 731 744 750 787 793 804 822 833 854 862 871 936 950 959 990
Compactness: 4938.369746
Weights: 613.000000 10970.000000 2797.000000
Center Node: 603

District 9
Nodes: 0 19 37 51 56 84 98 137 140 165 169 181 201 210 214 230 236 254 288 296 298 313 314 322 329 332 334 379 386 394 397 399 450 471 512 537 550 593 609 623 630 644 656 726 742 812 835 889 900 910 939 981 988
Compactness: 4418.873274
Weights: 635.000000 10620.000000 2909.000000
Center Node: 397

District 10
Nodes: 28 47 54 103 115 116 118 128 143 150 164 170 183 188 217 242 277 278 299 307 311 320 376 395 519 539 547 552 567 629 646 704 717 722 746 771 797 803 826 875 905 921 926 928 935 938 944 960 961 997
Compactness: 3831.750158
Weights: 574.000000 10223.000000 2839.000000
Center Node: 935

District 11
Nodes: 16 22 32 49 94 125 146 156 174 209 219 257 260 262 268 283 284 315 325 340 354 358 405 422 424 484 531 541 551 555 606 621 665 675 681 697 727 737 745 754 766 785 807 816 853 892 893 914 923 972 976
Compactness: 4536.043965
Weights: 625.000000 10164.000000 2902.000000
Center Node: 315

District 12
Nodes: 36 39 70 85 130 152 163 175 178 186 228 234 256 279 373 388 400 401 438 440 459 509 514 518 527 530 548 577 598 628 633 634 635 638 673 686 701 732 770 813 879 881 883 901 911 929 930 982
Compactness: 4097.180388
Weights: 640.000000 10135.000000 2737.000000
Center Node: 152

District 13
Nodes: 15 24 78 88 93 120 179 221 225 290 292 319 321 414 433 434 462 464 472 485 510 523 526 529 544 556 566 574 576 592 596 703 718 757 762 796 837 851 856 860 894 904 908 924 933 941 966 973 980 987
Compactness: 3733.047351
Weights: 635.000000 10655.000000 2684.000000
Center Node: 576

District 14
Nodes: 7 41 57 59 60 69 110 111 224 302 333 362 374 378 385 391 402 403 404 411 425 432 437 439 441 444 479 578 607 620 654 672 683 706 713 714 780 788 802 806 817 829 849 864 866 899 902 916 975 983 984
Compactness: 4075.730966
Weights: 631.000000 10243.000000 2724.000000
Center Node: 333

District 15
Nodes: 4 5 13 27 30 45 76 108 135 147 180 194 203 259 273 275 326 416 421 442 448 449 475 495 533 540 569 613 640 657 682 707 711 720 774 778 805 811 819 832 847 852 858 873 891 912 918 942 991
Compactness: 6306.196853
Weights: 580.000000 10481.000000 2855.000000
Center Node: 259

District 16
Nodes: 53 66 72 82 97 107 121 139 159 198 213 223 231 244 253 300 304 327 346 351 410 473 483 496 515 516 535 582 614 624 636 639 678 680 708 709 740 755 764 769 808 827 884 909 963 964 965 978 996
Compactness: 4271.866518
Weights: 597.000000 10113.000000 2932.000000
Center Node: 708

District 17
Nodes: 10 14 89 102 104 113 127 308 339 341 347 352 412 419 532 545 565 583 597 600 612 645 650 658 669 679 705 716 721 765 768 777 784 821 839 840 857 872 885 913 927 931 951 958 971 979 986 999
Compactness: 4094.781619
Weights: 588.000000 11046.000000 2869.000000
Center Node: 308

District 18
Nodes: 25 129 148 162 191 197 238 241 289 323 356 382 389 409 431 455 463 477 480 500 511 521 536 542 599 605 619 632 642 653 674 689 690 692 694 700 733 759 760 798 810 831 842 903 917 962
Compactness: 3368.030931
Weights: 540.000000 10234.000000 2760.000000
Center Node: 162

District 19
Nodes: 3 12 29 43 50 62 74 92 100 131 132 136 144 204 206 208 227 237 246 272 274 282 285 295 344 345 366 370 371 381 384 436 446 457 460 489 503 586 670 688 691 715 724 739 751 752 790 830 859 932 940 977
Compactness: 4722.469859
Weights: 639.000000 11082.000000 2827.000000
Center Node: 446

District 20
Nodes: 20 35 83 91 105 123 141 149 185 187 192 233 261 270 281 335 360 383 406 413 418 452 504 517 571 575 587 590 591 594 652 655 666 667 698 735 743 748 779 801 809 843 869 895 896 907 945 967 969 985 995
Compactness: 4258.921184
Weights: 639.000000 10929.000000 2752.000000
Center Node: 967
