BalanceViolation 573.875000
AffinityLoss 0.000000
Compactness 187923.862687

District 1
Nodes: 14 25 42 117 118 127 148 163 186 205 214 222 254 274 275 306 417 446 447 469 481 491 502 505 531 550 552 564 586 597 656 657 672 698 751 755 760 769 778 829 833 886 889 917 932 941 993 996 999 1031 1131 1148 1208 1227 1239 1244 1277 1280 1291 1359 1369 1423 1428 1459 1461 1513 1544 1550 1564 1572 1602 1622 1636 1676 1692 1693 1694 1720 1721 1732 1747 1759 1762 1789 1792 1799 1806 1814 1829 1830 1843 1853 1874 1875 1895 1896 1927 1941 1968 1986
Compactness: 9289.787286
Weights: 1251.000000 20572.000000 5796.000000
Center Node: 42

District 2
Nodes: 6 10 30 40 62 101 123 130 164 167 194 206 208 228 237 255 267 277 371 413 415 432 437 470 525 536 542 578 599 616 645 649 659 681 695 699 766 768 774 816 827 849 902 959 965 987 1021 1024 1099 1126 1128 1149 1165 1206 1222 1246 1259 1315 1339 1360 1363 1371 1393 1436 1453 1463 1472 1510 1512 1552 1575 1591 1601 1604 1610 1612 1649 1655 1669 1690 1691 1713 1719 1754 1769 1793 1796 1863 1866 1902 1955 1965
Compactness: 8231.057425
Weights: 1120.000000 19799.000000 5233.000000
Center Node: 371

District 3
Nodes: 29 65 66 107 126 136 173 190 196 201 202 227 238 251 257 287 296 331 335 357 365 400 436 439 454 463 498 511 512 522 557 592 615 654 717 720 753 783 784 791 800 855 860 869 870 908 912 923 942 947 981 997 1007 1023 1045 1088 1106 1132 1147 1154 1159 1163 1170 1191 1209 1220 1229 1234 1260 1262 1266 1310 1323 1343 1357 1367 1376 1419 1479 1592 1616 1708 1712 1738 1742 1743 1771 1772 1784 1790 1797 1802 1804 1820 1884 1887 1923 1935 1944 1952 1978 1980 1991
Compactness: 15493.867858
Weights: 1234.000000 21889.000000 5174.000000
Center Node: 331

District 4
Nodes: 36 47 48 49 73 88 112 113 128 146 195 282 322 324 329 346 363 374 385 401 434 451 553 556 566 584 626 664 673 687 742 763 789 803 834 852 862 866 888 909 918 950 994 1006 1022 1038 1061 1067 1095 1101 1116 1121 1122 1133 1134 1136 1174 1176 1194 1198 1202 1254 1320 1341 1346 1349 1380 1462 1466 1468 1473 1482 1484 1499 1506 1517 1535 1542 1543 1547 1573 1596 1603 1645 1684 1705 1706 1735 1794 1801 1845 1865 1979 1992
Compactness: 8393.690964
Weights: 1131.000000 20210.000000 5321.000000
Center Node: 1022

District 5
Nodes: 8 22 31 82 139 169 216 234 260 268 294 299 310 313 320 345 369 372 394 403 433 442 444 480 494 521 524 530 532 540 551 611 623 635 674 677 694 710 723 725 758 765 786 823 832 900 924 949 958 1002 1042 1059 1081 1083 1094 1111 1141 1164 1185 1189 1207 1215 1226 1240 1261 1268 1273 1279 1290 1374 1389 1395 1397 1402 1416 1446 1457 1519 1528 1531 1541 1567 1598 1648 1652 1664 1675 1678 1683 1698 1723 1730 1761 1774 1795 1841 1844 1850 1883 1924 1930 1933 1999
Compactness: 9324.807759
Weights: 1158.000000 21803.000000 5805.000000
Center Node: 320

District 6
Nodes: 2 38 52 56 67 76 95 153 157 162 187 210 271 302 314 323 340 383 412 425 468 486 488 544 554 560 601 602 608 692 693 704 706 762 790 799 801 825 842 854 898 910 929 931 936 979 982 985 1034 1039 1053 1100 1117 1153 1231 1236 1269 1281 1295 1329 1334 1364 1386 1399 1404 1424 1460 1476 1480 1507 1518 1534 1582 1646 1653 1656 1662 1668 1673 1686 1711 1716 1722 1736 1744 1752 1782 1786 1808 1815 1823 1869 1878 1910 1914 1926 1942 1946 1977
Compactness: 8819.863178
Weights: 1155.000000 21035.000000 5930.000000
Center Node: 979

District 7
Nodes: 3 61 68 77 80 99 138 175 191 193 200 230 231 236 278 280 305 319 334 367 393 421 449 471 477 569 589 596 630 634 653 685 707 715 735 743 746 764 779 817 875 957 971 980 1029 1032 1037 1057 1062 1065 1069 1071 1082 1096 1102 1112 1113 1167 1177 1223 1241 1248 1264 1300 1318 1319 1345 1358 1400 1411 1432 1444 1478 1503 1511 1546 1549 1551 1558 1562 1583 1605 1613 1620 1633 1638 1644 1650 1667 1746 1748 1791 1805 1807 1810 1852 1862 1885 1894 1906 1915 1921 1922 1936 1937 1961 1964
Compactness: 10024.766314
Weights: 1251.000000 21452.000000 5880.000000
Center Node: 68

District 8
Nodes: 4 9 20 24 26 35 84 89 91 115 131 137 161 170 198 252 263 266 284 298 315 353 355 366 405 406 455 458 490 517 527 549 575 587 598 614 620 621 651 652 675 705 747 749 752 756 806 819 851 874 876 890 914 920 930 933 961 964 966 973 1014 1019 1060 1076 1087 1093 1110 1119 1172 1200 1216 1245 1257 1296 1308 1324 1415 1433 1455 1465 1481 1569 1585 1615 1626 1670 1749 1756 1763 1776 1788 1798 1800 1809 1849 1867 1882 1891 1920 1938 1939
Compactness: 8564.990980
Weights: 1210.000000 20704.000000 5918.000000
Center Node: 587

District 9
Nodes: 16 41 60 83 106 125 145 150 160 242 262 270 283 338 358 379 402 404 418 572 579 582 593 600 619 644 655 662 716 721 759 822 844 847 850 859 882 887 906 948 952 968 1008 1015 1017 1026 1043 1049 1051 1075 1107 1115 1140 1173 1188 1192 1197 1218 1221 1247 1292 1293 1297 1312 1314 1317 1335 1356 1401 1413 1429 1469 1474 1490 1527 1548 1561 1566 1568 1628 1629 1642 1665 1680 1731 1734 1812 1822 1833 1842 1848 1857 1872 1873 1888 1898 1903 1905 1957 1981 1990
Compactness: 9081.553471
Weights: 1192.000000 20280.000000 5450.000000
Center Node: 1247

District 10
Nodes: 0 18 32 37 50 63 74 81 102 104 140 154 174 178 232 276 321 336 348 368 392 414 426 427 440 479 492 496 546 562 568 574 581 624 660 663 669 670 689 728 734 736 797 798 804 835 840 877 903 974 988 1000 1047 1066 1089 1105 1135 1145 1184 1193 1196 1212 1255 1267 1271 1272 1284 1306 1347 1373 1403 1408 1418 1427 1451 1458 1504 1520 1563 1574 1577 1594 1621 1635 1640 1657 1681 1702 1728 1760 1766 1770 1854 1950 1959 1974 1987 1989
Compactness: 8830.542717
Weights: 1193.000000 21853.000000 5676.000000
Center Node: 1760

District 11
Nodes: 5 33 45 79 94 119 168 213 225 240 253 272 285 304 307 356 361 375 391 419 429 430 435 460 466 489 508 513 558 567 573 588 613 627 638 639 658 697 701 708 711 733 740 750 767 773 795 821 843 864 867 881 901 907 911 955 972 989 1012 1013 1025 1040 1044 1056 1090 1109 1114 1137 1144 1195 1232 1252 1288 1305 1409 1421 1470 1487 1493 1496 1505 1509 1537 1540 1587 1590 1618 1651 1661 1671 1703 1745 1767 1780 1813 1821 1840 1870 1876 1880 1889 1909 1912 1951 1969
Compactness: 10455.070576
Weights: 1240.000000 21885.000000 5818.000000
Center Node: 627

District 12
Nodes: 7 12 19 28 46 69 72 92 100 116 129 147 171 172 185 197 207 219 246 264 279 297 311 325 330 343 354 387 388 410 420 476 483 493 523 529 606 607 632 680 690 709 718 748 754 780 782 792 794 836 884 894 897 916 937 1016 1072 1077 1129 1138 1171 1180 1250 1251 1256 1274 1328 1336 1368 1377 1384 1430 1435 1439 1454 1471 1491 1500 1529 1538 1539 1557 1560 1571 1608 1623 1632 1659 1715 1733 1753 1765 1773 1785 1803 1855 1868 1877 1890 1908 1940 1998
Compactness: 10336.956575
Weights: 1201.000000 20739.000000 5674.000000
Center Node: 100

District 13
Nodes: 57 71 96 111 114 132 141 151 176 177 183 189 209 229 265 281 382 397 408 411 438 441 459 461 473 474 563 585 617 618 629 631 640 671 683 719 722 729 761 828 858 896 934 978 992 1030 1054 1079 1181 1182 1203 1228 1230 1237 1258 1283 1331 1342 1390 1391 1398 1406 1407 1410 1422 1475 1497 1498 1508 1525 1526 1536 1578 1595 1597 1624 1663 1674 1677 1688 1697 1700 1704 1724 1740 1750 1757 1811 1819 1835 1838 1839 1847 1893 1897 1901 1916 1918 1949 1954 1970 1972 1985
Compactness: 9955.588498
Weights: 1222.000000 19807.000000 5807.000000
Center Node: 189

District 14
Nodes: 44 58 59 64 78 97 124 152 156 215 249 300 318 349 359 381 390 416 422 423 464 485 487 495 499 526 583 604 666 676 696 702 731 737 738 781 802 805 812 841 868 885 913 938 963 969 976 977 990 1055 1058 1063 1073 1142 1162 1204 1211 1243 1362 1378 1381 1396 1405 1417 1425 1426 1437 1450 1464 1492 1502 1514 1524 1532 1553 1581 1631 1639 1643 1660 1687 1695 1699 1714 1718 1739 1755 1779 1783 1837 1846 1856 1871 1879 1886 1928 1948 1956 1966 1975 1976
Compactness: 9083.641000
Weights: 1186.000000 21575.000000 5924.000000
Center Node: 1142

District 15
Nodes: 11 21 34 75 98 105 110 159 179 180 192 204 211 212 256 258 273 317 332 344 352 424 431 453 457 465 478 484 503 507 528 537 548 605 610 642 647 667 712 724 739 775 776 811 818 831 871 899 919 927 943 983 991 995 1011 1020 1048 1078 1139 1151 1160 1166 1186 1201 1233 1249 1276 1278 1282 1298 1304 1313 1337 1361 1366 1388 1392 1412 1420 1440 1467 1521 1530 1533 1555 1576 1589 1617 1672 1696 1729 1751 1778 1828 1851 1881 1904 1934 1945
Compactness: 7877.184121
Weights: 1252.000000 20179.000000 5900.000000
Center Node: 21

District 16
Nodes: 53 70 85 87 90 109 121 144 218 226 233 235 241 243 245 248 269 292 293 308 333 337 347 360 364 386 399 462 482 497 514 533 570 591 595 622 641 648 703 727 730 745 757 837 861 863 872 878 895 951 1001 1009 1010 1018 1050 1064 1085 1091 1092 1104 1123 1124 1130 1146 1155 1156 1161 1190 1217 1270 1275 1286 1301 1307 1316 1326 1327 1338 1372 1394 1431 1442 1449 1477 1494 1559 1586 1614 1627 1634 1701 1717 1737 1836 1858 1859 1899 1900 1907 1958 1960 1962 1994
Compactness: 9369.715779
Weights: 1236.000000 21374.000000 5922.000000
Center Node: 1737

District 17
Nodes: 43 93 103 133 143 244 295 316 378 384 389 396 428 445 452 500 504 506 518 534 539 543 545 547 555 576 580 594 646 661 679 726 741 808 824 838 839 845 873 922 925 928 944 984 1005 1028 1046 1052 1068 1070 1074 1080 1127 1143 1175 1187 1210 1214 1224 1242 1265 1287 1302 1309 1321 1344 1351 1365 1370 1379 1383 1441 1447 1486 1515 1556 1606 1611 1641 1666 1679 1682 1710 1764 1775 1787 1827 1860 1861 1925 1931 1943 1971 1983 1984 1993 1996 1997
Compactness: 8920.091028
Weights: 1252.000000 20257.000000 5464.000000
Center Node: 576

District 18
Nodes: 1 15 23 54 86 120 134 166 184 199 203 224 250 259 290 301 303 341 350 351 380 443 448 450 515 519 520 538 565 603 633 643 700 770 772 793 807 809 813 820 853 879 891 904 926 953 954 970 1084 1098 1103 1120 1213 1253 1263 1299 1303 1311 1330 1332 1340 1414 1445 1483 1488 1495 1501 1523 1545 1565 1584 1593 1600 1607 1625 1637 1647 1654 1658 1685 1689 1707 1709 1758 1768 1781 1817 1834 1892 1911 1929 1947 1967 1973 1995
Compactness: 8592.943969
Weights: 1168.000000 19775.000000 5339.000000
Center Node: 1781

District 19
Nodes: 13 17 51 55 108 149 155 158 165 188 217 221 223 247 286 289 312 342 370 376 467 472 475 509 516 535 559 609 625 628 637 650 668 684 686 691 713 744 771 777 796 846 848 856 865 880 883 892 893 905 921 939 945 960 962 975 986 998 1003 1027 1033 1041 1108 1150 1157 1168 1179 1183 1199 1205 1219 1225 1238 1285 1322 1333 1355 1375 1382 1438 1448 1452 1554 1580 1588 1619 1630 1777 1816 1818 1824 1825 1831 1832 1864 1913 1932 1953 1963 1988
Compactness: 9551.724128
Weights: 1189.000000 20564.000000 5568.000000
Center Node: 1333

District 20
Nodes: 27 39 122 135 142 181 182 220 239 261 288 291 309 326 327 328 339 362 373 377 395 398 407 409 456 501 510 541 561 571 577 590 612 636 665 678 682 688 714 732 785 787 788 810 814 815 826 830 857 915 935 940 946 956 967 1004 1035 1036 1086 1097 1118 1125 1152 1158 1169 1178 1235 1289 1294 1325 1348 1350 1352 1353 1354 1385 1387 1434 1443 1456 1485 1489 1516 1522 1570 1579 1599 1609 1725 1726 1727 1741 1826 1917 1919 1982
Compactness: 7726.019060
Weights: 1013.000000 21194.000000 5400.000000
Center Node: 1727
