BalanceViolation 82.667500
AffinityLoss 0.000000
Compactness 91472.116140

District 1
Nodes: 25 56 81 102 117 120 148 184 200 298 305 308 330 344 351 379 384 427 432 451 494 508 514 525 552 578 591 604 625 626 633 660 682 708 718 745 796 800 833 844 883 900 917 934 961 969 985 992
Compactness: 3255.487083
Weights: 572.000000 11137.000000 2872.000000
Center Node: 591

District 2
Nodes: 1 36 73 98 133 153 155 168 181 187 210 229 237 259 290 296 304 323 347 425 434 460 469 483 513 529 549 620 638 662 680 707 726 760 778 792 864 865 887 897 911 914 924 929 952 965 968 997
Compactness: 4146.483696
Weights: 630.000000 10453.000000 2933.000000
Center Node: 864

District 3
Nodes: 28 29 89 145 195 196 236 285 303 309 317 328 357 387 412 416 417 421 437 444 449 468 506 523 540 547 564 568 574 608 613 689 709 728 743 756 775 802 809 818 828 870 871 928 935 937 944
Compactness: 5230.426192
Weights: 543.000000 10340.000000 2874.000000
Center Node: 728

District 4
Nodes: 45 72 86 87 90 92 171 183 191 192 204 240 248 249 336 338 366 399 403 410 411 440 479 493 502 509 522 542 546 596 609 623 675 679 700 701 703 716 717 725 759 771 783 824 842 868 874 882 899 912 956 964 979
Compactness: 5907.000749
Weights: 629.000000 11145.000000 2885.000000
Center Node: 183

District 5
Nodes: 57 63 66 68 74 113 137 140 164 178 205 225 242 258 262 365 372 443 453 490 503 519 544 565 566 583 640 649 650 653 655 666 686 721 730 755 764 779 806 831 839 873 880 884 893 910 916 926 938 948 949 957 975 987
Compactness: 4569.673499
Weights: 623.000000 10690.000000 3041.000000
Center Node: 566

District 6
Nodes: 9 26 48 58 61 84 94 157 166 170 222 233 263 283 293 363 376 382 385 397 424 435 446 455 481 488 538 586 588 600 619 628 631 632 637 654 694 698 731 738 752 757 761 767 784 838 861 896 906 932 974 982 991
Compactness: 4602.532429
Weights: 609.000000 10947.000000 2925.000000
Center Node: 382

District 7
Nodes: 8 30 42 51 54 75 101 119 123 136 186 206 228 244 252 260 302 312 423 439 442 456 465 470 486 517 520 526 601 642 647 693 704 723 727 729 774 777 797 803 808 825 851 856 866 869 872 877 915 931 959 980
Compactness: 4725.202851
Weights: 584.000000 10739.000000 2775.000000
Center Node: 517

District 8
Nodes: 19 50 64 83 104 141 146 156 188 216 227 235 247 255 279 292 321 378 395 396 504 505 516 521 530 537 555 581 606 617 659 664 672 683 684 691 720 736 739 750 770 794 801 854 892 898 972 983 993
Compactness: 4129.916742
Weights: 588.000000 10084.000000 2831.000000
Center Node: 530

District 9
Nodes: 6 105 122 138 152 154 220 232 256 272 281 284 318 360 362 386 400 401 418 428 431 461 510 535 539 553 557 560 580 599 607 610 612 670 677 711 746 753 785 786 788 804 826 834 848 860 886 904 967 981 995 998
Compactness: 4889.174205
Weights: 629.000000 10181.000000 3022.000000
Center Node: 785

District 10
Nodes: 5 22 39 41 111 142 161 163 165 180 190 209 215 218 234 239 288 297 307 331 353 356 415 447 501 512 528 556 561 563 594 597 624 656 678 685 706 710 722 735 765 769 798 813 816 862 878 919 994 999
Compactness: 4485.184321
Weights: 628.000000 10873.000000 2902.000000
Center Node: 678

District 11
Nodes: 0 85 107 127 194 203 214 221 254 257 264 274 299 310 316 332 364 377 407 436 477 492 498 518 524 576 584 630 687 697 699 734 773 789 817 823 829 853 858 891 901 909 918 960 962 963 990
Compactness: 4127.040294
Weights: 630.000000 10428.000000 2909.000000
Center Node: 858

District 12
Nodes: 12 32 33 78 99 114 124 162 167 169 174 177 212 224 238 243 273 319 329 354 383 402 404 445 462 484 487 499 531 533 573 582 592 652 673 681 702 742 787 790 820 835 846 850 876 902 933 939 940 946
Compactness: 5474.923155
Weights: 585.000000 10904.000000 2916.000000
Center Node: 790

District 13
Nodes: 7 16 49 65 67 95 121 129 139 143 150 159 201 267 280 306 320 335 358 373 380 413 476 482 496 507 534 536 543 554 605 616 627 639 645 646 696 719 749 751 781 811 822 885 894 903 947 954 976 978
Compactness: 4552.618788
Weights: 602.000000 11016.000000 2992.000000
Center Node: 627

District 14
Nodes: 2 3 11 15 21 35 38 55 71 91 108 110 128 130 149 158 172 189 211 219 231 261 289 300 314 322 359 388 433 467 475 511 548 562 579 589 635 641 648 657 661 669 671 676 740 744 776 791 837 845 973
Compactness: 4266.257808
Weights: 629.000000 10148.000000 2980.000000
Center Node: 110

District 15
Nodes: 4 14 27 53 96 125 175 176 179 199 217 241 253 270 282 340 367 370 398 405 406 409 426 448 450 478 489 541 559 567 570 572 602 614 636 762 768 814 819 821 847 855 889 907 943 958 970 971
Compactness: 3861.210223
Weights: 544.000000 11152.000000 2767.000000
Center Node: 768

District 16
Nodes: 20 40 52 60 62 70 88 103 112 131 135 144 213 226 246 301 313 324 339 341 389 414 457 458 464 473 474 571 615 629 644 651 663 667 668 732 748 763 805 810 830 843 857 881 920 922 966 977 986
Compactness: 4707.802755
Weights: 580.000000 10209.000000 3028.000000
Center Node: 651

District 17
Nodes: 10 18 24 31 46 59 100 109 118 134 151 185 250 251 265 268 271 286 287 295 333 346 355 375 392 419 420 422 441 459 463 471 485 515 551 577 587 622 692 733 758 815 827 859 867 879 908 923 925 927 942 955 996
Compactness: 4664.807921
Weights: 590.000000 10713.000000 2852.000000
Center Node: 118

District 18
Nodes: 13 17 34 44 76 80 97 173 182 193 197 198 202 245 269 291 315 325 326 334 348 349 393 394 430 454 495 545 550 558 569 590 593 603 634 674 705 724 741 754 832 836 875 890 895 913 930 941 988 989
Compactness: 4631.528017
Weights: 639.000000 10099.000000 2919.000000
Center Node: 348

District 19
Nodes: 77 93 115 132 208 223 230 266 275 278 294 345 350 361 368 369 374 381 390 408 429 438 466 480 527 611 618 643 688 690 712 715 737 747 780 807 840 852 863 905 936 950 951 984
Compactness: 4047.995228
Weights: 575.000000 10578.000000 2748.000000
Center Node: 936

District 20
Nodes: 23 37 43 47 69 79 82 106 116 126 147 160 207 276 277 311 327 337 342 343 352 371 391 452 472 491 497 500 532 575 585 595 598 621 658 665 695 713 714 766 772 782 793 795 799 812 841 849 888 921 945 953
Compactness: 5196.850186
Weights: 610.000000 10560.000000 2973.000000
Center Node: 277
