BalanceViolation 190.751000
AffinityLoss 3843.000000
Compactness 126874.744144

District 1
Nodes: 91 93 103 198 315 332 366 396 406 452 490 506 575 620 621 652 873 874 890 899 913 914 925 966 1014 1048 1074 1087 1093 1143 1172 1308 1309 1388 1615 1763 1800 1891 1920 1984
Compactness: 2467.311614
Weights: 499.000000 7957.000000 2163.000000
Center Node: 621

District 2
Nodes: 107 136 227 251 395 400 436 454 522 557 561 592 612 654 682 720 814 855 860 908 942 946 1007 1023 1106 1132 1191 1209 1220 1234 1289 1310 1357 1419 1480 1712 1738 1790 1802 1820 1923 1991
Compactness: 4324.335535
Weights: 503.000000 8684.000000 2140.000000
Center Node: 1023

District 3
Nodes: 6 40 62 194 206 228 237 413 536 542 616 649 695 774 865 902 959 965 1021 1099 1126 1128 1165 1206 1222 1259 1315 1339 1371 1436 1463 1552 1610 1612 1649 1669 1719 1793 1796 1955 1965
Compactness: 2674.643646
Weights: 484.000000 8740.000000 2235.000000
Center Node: 194

District 4
Nodes: 14 96 117 118 141 186 438 474 531 617 640 657 683 719 778 828 858 896 1203 1230 1283 1342 1391 1406 1410 1508 1525 1526 1674 1693 1724 1750 1757 1806 1847 1901 1916 1949 1970 1985
Compactness: 2731.390509
Weights: 503.000000 7925.000000 2197.000000
Center Node: 438

District 5
Nodes: 106 145 313 320 379 418 519 524 532 540 603 710 723 900 968 1002 1159 1163 1185 1188 1189 1197 1261 1279 1332 1374 1416 1538 1568 1625 1665 1675 1683 1698 1812 1841 1844 1848 1850 1957 1981 1999
Compactness: 2893.855761
Weights: 497.000000 8676.000000 2231.000000
Center Node: 900

District 6
Nodes: 27 39 52 104 153 157 327 339 348 560 577 636 692 704 706 762 810 842 854 898 929 936 956 1004 1034 1036 1100 1118 1178 1281 1284 1334 1350 1364 1489 1534 1582 1653 1711 1726 1926
Compactness: 3213.287940
Weights: 452.000000 8692.000000 2338.000000
Center Node: 706

District 7
Nodes: 17 80 149 175 231 236 280 367 471 569 589 596 625 630 715 743 744 764 777 779 856 971 986 1057 1062 1112 1177 1199 1248 1355 1511 1546 1558 1562 1619 1633 1831 1862 1894 1922 1936 1964
Compactness: 2202.723664
Weights: 479.000000 8246.000000 2292.000000
Center Node: 1062

District 8
Nodes: 53 109 226 243 306 347 386 462 497 533 570 703 755 757 837 861 863 889 951 1009 1010 1085 1091 1123 1155 1156 1190 1270 1275 1372 1431 1442 1449 1477 1559 1614 1701 1737 1859 1899 1958 1962
Compactness: 2319.669582
Weights: 500.000000 8074.000000 2359.000000
Center Node: 570

District 9
Nodes: 33 94 139 216 225 429 460 466 508 513 638 670 697 733 740 795 797 843 881 907 1012 1013 1040 1195 1240 1288 1305 1421 1487 1590 1661 1821 1840 1876 1889 1951
Compactness: 1788.913705
Weights: 488.000000 8452.000000 2155.000000
Center Node: 429

District 10
Nodes: 21 73 112 128 195 282 317 322 352 363 385 401 434 478 537 664 687 742 776 816 818 862 994 1022 1037 1065 1078 1151 1160 1304 1349 1440 1466 1467 1473 1499 1549 1555 1754 1794 1845
Compactness: 5913.435244
Weights: 502.000000 7917.000000 2225.000000
Center Node: 1151

District 11
Nodes: 7 10 12 29 72 125 255 257 325 470 476 511 599 606 632 644 753 766 783 794 869 952 981 1008 1026 1045 1088 1180 1251 1312 1314 1393 1401 1510 1628 1690 1773 1863 1877 1990
Compactness: 2784.477254
Weights: 490.000000 8343.000000 2318.000000
Center Node: 476

District 12
Nodes: 32 37 86 102 122 203 290 303 321 414 479 496 538 663 665 798 830 970 988 1000 1066 1212 1306 1325 1330 1408 1495 1574 1621 1647 1658 1709 1728 1741 1892 1950 1987 1989
Compactness: 2527.159832
Weights: 457.000000 8634.000000 2317.000000
Center Node: 1066

District 13
Nodes: 44 156 215 300 311 422 423 487 526 583 696 702 707 731 781 848 969 977 1055 1058 1071 1142 1225 1358 1362 1417 1425 1430 1450 1478 1524 1560 1571 1581 1631 1643 1779 1810 1856 1928 1940 1956 1976
Compactness: 2493.089614
Weights: 449.000000 8482.000000 2348.000000
Center Node: 977

District 14
Nodes: 54 224 338 404 443 448 450 572 582 643 716 844 850 882 906 926 948 1043 1051 1173 1192 1213 1218 1247 1297 1303 1340 1429 1488 1527 1584 1642 1654 1680 1731 1768 1784 1888 1903 1967 1978
Compactness: 2660.304175
Weights: 487.000000 8732.000000 2171.000000
Center Node: 1173

District 15
Nodes: 34 70 75 105 159 180 192 233 256 344 431 453 605 610 647 667 712 871 919 1011 1061 1067 1201 1249 1298 1337 1361 1392 1468 1517 1576 1603 1617 1696 1729 1828 1904 1934 1945
Compactness: 3140.523610
Weights: 493.000000 7923.000000 2339.000000
Center Node: 453

District 16
Nodes: 71 163 209 229 265 285 356 361 375 473 486 491 567 708 751 769 867 901 955 985 999 1044 1079 1117 1131 1461 1536 1624 1636 1686 1759 1767 1780 1819 1838 1839 1897 1942 1946 1972
Compactness: 2359.499686
Weights: 437.000000 8205.000000 2366.000000
Center Node: 361

District 17
Nodes: 36 49 244 316 393 428 445 451 518 545 646 653 824 834 838 839 845 944 1028 1068 1069 1080 1122 1175 1210 1302 1344 1379 1380 1400 1556 1613 1641 1666 1667 1682 1861 1925 1931 1943 1993 1996
Compactness: 2440.842779
Weights: 493.000000 7940.000000 2285.000000
Center Node: 1925

District 18
Nodes: 69 167 171 246 247 279 342 354 387 467 475 525 628 668 771 883 884 892 905 916 939 1041 1150 1171 1264 1285 1375 1448 1452 1580 1588 1601 1630 1765 1769 1777 1866 1890 1932
Compactness: 2349.292979
Weights: 499.000000 8695.000000 2306.000000
Center Node: 1630

District 19
Nodes: 0 8 18 22 31 45 50 63 140 178 268 276 336 368 427 571 611 660 728 734 736 804 832 840 903 924 974 1083 1089 1145 1196 1272 1402 1418 1458 1577 1594 1652 1681 1766 1770 1795
Compactness: 2919.808379
Weights: 454.000000 8687.000000 2257.000000
Center Node: 1272

District 20
Nodes: 24 170 235 241 266 284 353 355 364 405 455 598 749 752 876 911 920 961 1018 1019 1076 1119 1124 1137 1146 1216 1286 1324 1394 1409 1415 1455 1493 1569 1585 1670 1749 1756 1880 1938
Compactness: 2541.070305
Weights: 447.000000 7964.000000 2272.000000
Center Node: 1756

District 21
Nodes: 25 42 127 214 254 447 459 502 550 552 564 672 886 917 932 993 1148 1227 1239 1244 1277 1359 1369 1423 1428 1459 1513 1544 1572 1602 1732 1762 1789 1792 1829 1830 1896 1941
Compactness: 2539.693868
Weights: 489.000000 8016.000000 2293.000000
Center Node: 1227

District 22
Nodes: 181 182 196 220 288 291 309 362 377 407 456 688 785 787 815 857 940 967 1035 1158 1169 1229 1260 1262 1294 1348 1385 1387 1443 1485 1516 1570 1592 1599 1609 1725 1727 1826 1944 1982
Compactness: 2168.326620
Weights: 482.000000 8649.000000 2173.000000
Center Node: 688

District 23
Nodes: 9 59 78 89 97 298 458 604 651 747 868 933 963 973 1110 1111 1204 1215 1243 1245 1378 1381 1396 1465 1492 1502 1651 1714 1776 1783 1788 1837 1846 1849 1867 1871 1948 1966 1969
Compactness: 1925.396065
Weights: 484.000000 8641.000000 2336.000000
Center Node: 1783

District 24
Nodes: 3 68 77 99 138 152 191 193 200 278 334 381 421 464 477 534 735 808 875 957 1029 1082 1102 1223 1300 1319 1411 1444 1486 1503 1583 1605 1650 1746 1748 1791 1827 1852 1885 1906 1915 1921 1937 1961
Compactness: 2408.536255
Weights: 483.000000 8594.000000 2215.000000
Center Node: 191

District 25
Nodes: 15 65 66 126 134 173 199 202 250 301 350 357 380 439 520 772 791 793 800 813 853 879 891 923 1084 1120 1147 1253 1311 1376 1414 1523 1616 1637 1685 1689 1771 1772 1834 1947
Compactness: 2345.546567
Weights: 497.000000 8390.000000 2150.000000
Center Node: 772

District 26
Nodes: 38 56 142 162 271 314 323 383 412 501 558 574 613 750 767 773 801 825 972 982 1086 1114 1269 1271 1329 1404 1476 1507 1509 1646 1662 1668 1716 1782 1786 1815 1909 1974
Compactness: 2430.084295
Weights: 455.000000 8051.000000 2282.000000
Center Node: 1716

District 27
Nodes: 48 88 113 329 346 457 484 553 626 803 852 888 918 991 1020 1046 1101 1116 1133 1136 1186 1194 1198 1233 1276 1282 1313 1366 1441 1533 1589 1705 1706 1735 1801 1851
Compactness: 2476.334912
Weights: 436.000000 7908.000000 2171.000000
Center Node: 888

District 28
Nodes: 55 155 165 221 223 286 312 370 376 509 516 559 637 650 684 686 713 796 827 846 893 921 962 975 1003 1033 1157 1168 1179 1219 1238 1333 1438 1816 1818 1824 1825 1832 1864 1913 1953 1988
Compactness: 2047.546326
Weights: 492.000000 8645.000000 2235.000000
Center Node: 376

District 29
Nodes: 260 294 310 345 369 390 394 403 494 499 521 623 635 639 674 694 701 725 765 786 958 1094 1207 1268 1290 1395 1397 1457 1528 1531 1532 1541 1730 1813 1883 1930 1975
Compactness: 2086.559280
Weights: 456.000000 8381.000000 2254.000000
Center Node: 1397

District 30
Nodes: 148 213 222 240 245 269 360 399 417 469 482 505 586 648 658 730 760 941 1064 1109 1130 1161 1217 1252 1301 1316 1327 1338 1505 1537 1550 1564 1622 1634 1676 1694 1717 1747 1814 1853 1994
Compactness: 1872.919202
Weights: 489.000000 8470.000000 2356.000000
Center Node: 1301

District 31
Nodes: 57 67 95 151 187 302 425 461 468 488 544 554 601 602 608 693 729 790 799 931 979 1039 1053 1054 1153 1231 1236 1295 1386 1399 1424 1460 1673 1722 1744 1752 1808 1823 1869 1878 1910 1977
Compactness: 2350.493866
Weights: 456.000000 8507.000000 2324.000000
Center Node: 608

District 32
Nodes: 83 150 160 242 262 270 283 358 579 593 600 619 655 662 721 822 847 859 1015 1017 1049 1075 1115 1140 1221 1292 1317 1335 1413 1469 1490 1548 1561 1566 1629 1734 1822 1833 1842 1857 1872 1873 1905
Compactness: 2819.428023
Weights: 496.000000 8707.000000 2232.000000
Center Node: 1822

District 33
Nodes: 19 28 46 100 108 116 147 158 185 219 234 297 330 343 483 529 690 709 754 937 1027 1108 1129 1138 1256 1336 1368 1377 1384 1435 1471 1500 1529 1608 1632 1733 1753 1785 1855 1868 1908
Compactness: 2518.946416
Weights: 494.000000 7951.000000 2312.000000
Center Node: 219

District 34
Nodes: 2 135 154 210 239 328 340 398 426 541 624 669 678 689 732 826 877 915 935 1047 1097 1105 1135 1193 1235 1255 1267 1352 1403 1427 1434 1456 1563 1640 1702 1854 1917 1919
Compactness: 2035.574150
Weights: 410.000000 8650.000000 2343.000000
Center Node: 1105

District 35
Nodes: 85 115 121 212 218 248 292 293 308 333 337 465 514 528 548 591 595 622 641 727 745 811 872 878 895 1001 1050 1092 1104 1278 1307 1326 1494 1530 1836 1858 1900 1907 1960
Compactness: 2197.572918
Weights: 483.000000 7940.000000 2414.000000
Center Node: 1900

District 36
Nodes: 1 23 74 120 166 184 232 341 402 515 565 581 633 759 770 807 809 820 904 953 1098 1293 1299 1356 1445 1474 1504 1565 1593 1600 1607 1707 1758 1781 1817 1929 1959 1995
Compactness: 2233.052691
Weights: 495.000000 8317.000000 2160.000000
Center Node: 807

District 37
Nodes: 30 101 123 130 164 208 267 277 371 410 432 437 578 607 645 659 681 699 768 780 849 897 960 987 1016 1024 1149 1246 1274 1328 1360 1363 1453 1472 1512 1575 1591 1604 1655 1691 1713 1902
Compactness: 2621.892526
Weights: 500.000000 8655.000000 2332.000000
Center Node: 267

District 38
Nodes: 114 176 183 189 281 382 397 411 441 563 585 618 631 671 761 934 978 992 1030 1181 1182 1228 1237 1258 1331 1407 1475 1497 1518 1578 1597 1663 1677 1697 1704 1736 1740 1811 1835 1918 1954
Compactness: 2516.819711
Weights: 488.000000 8146.000000 2348.000000
Center Node: 411

District 39
Nodes: 20 58 84 124 131 137 161 249 252 349 485 495 517 594 705 737 802 805 812 841 938 976 990 1060 1063 1073 1162 1211 1296 1405 1437 1464 1514 1695 1699 1718 1739 1860
Compactness: 2119.988225
Weights: 474.000000 8111.000000 2329.000000
Center Node: 1211

District 40
Nodes: 13 51 61 188 217 230 289 318 319 449 472 535 609 685 691 746 817 880 945 980 998 1032 1096 1113 1167 1183 1205 1241 1318 1322 1345 1382 1432 1551 1554 1620 1638 1644 1886 1963
Compactness: 2600.508787
Weights: 471.000000 8374.000000 2326.000000
Center Node: 535

District 41
Nodes: 190 201 261 287 296 326 331 335 365 373 409 463 498 510 590 615 714 717 784 788 870 912 947 997 1125 1152 1263 1266 1323 1343 1353 1354 1367 1479 1483 1522 1579 1657 1708 1742 1797 1804 1884 1952 1980
Compactness: 2681.145873
Weights: 480.000000 8521.000000 2196.000000
Center Node: 1884

District 42
Nodes: 4 26 35 87 90 110 144 179 263 527 549 587 614 642 675 756 775 806 819 831 851 930 964 983 995 1200 1257 1433 1481 1586 1626 1778 1798 1809 1882 1939
Compactness: 1809.594563
Weights: 457.000000 8215.000000 2251.000000
Center Node: 964

District 43
Nodes: 111 132 177 205 274 275 408 446 481 597 629 656 698 722 829 833 996 1031 1208 1280 1291 1390 1398 1422 1498 1595 1688 1692 1700 1720 1721 1799 1843 1874 1875 1893 1895 1927 1968 1986
Compactness: 2140.459145
Weights: 482.000000 8063.000000 2230.000000
Center Node: 833

District 44
Nodes: 16 41 60 92 129 197 207 238 264 388 415 420 493 512 523 680 718 748 782 792 894 1042 1072 1077 1107 1154 1170 1226 1250 1454 1557 1623 1659 1715 1743 1803 1887 1898 1935 1998
Compactness: 3053.589329
Weights: 478.000000 8522.000000 2148.000000
Center Node: 1072

District 45
Nodes: 11 98 204 211 258 273 324 374 424 503 507 556 566 584 724 739 763 789 866 909 927 943 1139 1166 1202 1320 1346 1412 1420 1462 1521 1535 1543 1547 1672 1684 1751 1865 1881
Compactness: 2661.670583
Weights: 477.000000 7911.000000 2355.000000
Center Node: 1881

District 46
Nodes: 5 76 79 119 168 253 272 304 307 391 419 430 435 489 573 588 627 711 821 864 910 989 1025 1056 1090 1144 1232 1470 1496 1540 1587 1618 1627 1656 1671 1703 1745 1870 1912 1914
Compactness: 2640.302831
Weights: 473.000000 8057.000000 2166.000000
Center Node: 391

District 47
Nodes: 81 82 174 259 299 351 392 440 492 530 546 562 568 677 700 835 887 954 1059 1103 1184 1347 1373 1389 1451 1501 1519 1520 1545 1635 1678 1760 1761 1911 1924 1973
Compactness: 1727.686522
Weights: 444.000000 8730.000000 2203.000000
Center Node: 1911

District 48
Nodes: 43 133 143 359 384 389 500 504 539 543 547 555 576 580 661 666 928 1005 1052 1070 1187 1214 1242 1265 1287 1321 1370 1515 1606 1611 1710 1755 1764 1775 1787 1805 1983 1997
Compactness: 1846.438380
Weights: 509.000000 8333.000000 2157.000000
Center Node: 1611

District 49
Nodes: 47 146 295 378 673 679 726 741 922 950 984 1006 1038 1095 1121 1127 1134 1174 1176 1224 1254 1341 1351 1365 1383 1447 1482 1484 1506 1542 1573 1596 1645 1679 1971 1979 1992
Compactness: 2698.815701
Weights: 455.000000 8430.000000 2145.000000
Center Node: 295

District 50
Nodes: 64 169 172 305 372 416 433 442 444 480 551 634 676 738 758 823 836 885 949 1081 1141 1164 1273 1426 1439 1446 1491 1539 1553 1567 1598 1639 1648 1660 1664 1687 1723 1774 1807 1879 1933
Compactness: 2554.184701
Weights: 456.000000 8093.000000 2249.000000
Center Node: 1446
