BalanceViolation 699.545000
AffinityLoss 3896.000000
Compactness 121919.170389

District 1
Nodes: 161 214 218 285 288 350 387 389 414 429 503 514 566 600 616 688 891 937 948 953 980 1105 1134 1162 1187 1225 1288 1354 1436 1464 1546 1562 1615 1626 1672 1725 1737 1824 1867 1910
Compactness: 2322.122492
Weights: 500.000000 8369.000000 2261.000000
Center Node: 161

District 2
Nodes: 87 310 369 392 412 490 583 592 612 614 619 653 685 700 759 878 896 897 1081 1183 1257 1271 1368 1383 1388 1432 1434 1450 1572 1629 1647 1680 1718 1755 1799 1814 1847 1885 1972 1980
Compactness: 2486.696587
Weights: 503.000000 8622.000000 2179.000000
Center Node: 759

District 3
Nodes: 36 184 188 232 252 345 386 521 537 580 721 801 829 841 888 975 985 996 1010 1015 1021 1084 1126 1193 1241 1428 1496 1513 1529 1550 1567 1688 1706 1726 1762 1767 1820 1851 1852 1905 1978 1988
Compactness: 2249.376265
Weights: 496.000000 8210.000000 2390.000000
Center Node: 1550

District 4
Nodes: 33 182 256 306 319 368 374 398 408 595 661 683 691 758 803 997 1028 1048 1116 1131 1141 1228 1258 1327 1342 1349 1366 1411 1458 1508 1570 1612 1698 1730 1838 1840 1853 1907 1927 1964 1995
Compactness: 3068.828054
Weights: 514.000000 8304.000000 2181.000000
Center Node: 691

District 5
Nodes: 47 209 276 295 330 410 413 426 605 670 695 724 742 764 854 889 930 1059 1091 1125 1178 1267 1301 1302 1315 1387 1520 1663 1665 1727 1777 1835 1888 1954 1976 1999
Compactness: 1715.254200
Weights: 383.000000 8189.000000 1955.000000
Center Node: 1315

District 6
Nodes: 8 104 195 248 316 355 372 533 574 622 808 852 890 1088 1094 1158 1247 1260 1314 1335 1356 1357 1418 1486 1541 1580 1583 1593 1598 1606 1614 1628 1651 1696 1748 1878 1913 1951 1968
Compactness: 2065.221935
Weights: 472.000000 8263.000000 2196.000000
Center Node: 8

District 7
Nodes: 13 92 134 164 190 200 324 400 487 494 499 526 549 615 726 732 782 863 898 907 949 984 1079 1179 1188 1197 1254 1283 1304 1308 1402 1559 1576 1808 1937 1949 1974
Compactness: 2081.236529
Weights: 452.000000 8492.000000 2386.000000
Center Node: 726

District 8
Nodes: 86 96 291 302 354 522 548 641 649 690 753 798 850 892 928 938 1041 1069 1153 1154 1157 1171 1203 1205 1251 1269 1467 1478 1498 1573 1644 1700 1710 1765 1823 1849 1866 1975
Compactness: 1919.234895
Weights: 437.000000 8149.000000 2393.000000
Center Node: 641

District 9
Nodes: 16 25 136 223 275 303 312 327 332 341 351 370 431 469 609 657 719 787 813 851 864 919 920 1144 1170 1190 1223 1313 1358 1451 1589 1690 1758 1781 1791 1810 1863 1879 1917
Compactness: 1931.511825
Weights: 492.000000 8108.000000 2375.000000
Center Node: 327

District 10
Nodes: 10 112 171 363 365 417 447 458 463 535 553 555 561 587 626 644 735 737 855 986 1062 1133 1166 1214 1239 1240 1265 1273 1282 1379 1447 1521 1595 1620 1679 1703 1713 1739 1802 1807 1895
Compactness: 2272.658082
Weights: 486.000000 8404.000000 2383.000000
Center Node: 1133

District 11
Nodes: 1 17 21 272 360 388 437 440 475 478 594 611 656 715 741 748 755 771 778 877 936 1007 1063 1068 1082 1109 1120 1232 1278 1413 1426 1512 1516 1605 1759 1809 1848 1850
Compactness: 1782.832984
Weights: 476.000000 8933.000000 2216.000000
Center Node: 1426

District 12
Nodes: 35 49 72 137 176 220 271 307 409 505 568 624 664 682 694 713 738 765 766 770 774 779 795 922 935 1039 1053 1095 1136 1303 1309 1380 1463 1511 1749 1816 1844 1906 1908 1920 1956
Compactness: 3355.617936
Weights: 454.000000 8907.000000 2389.000000
Center Node: 1095

District 13
Nodes: 58 89 178 199 268 292 308 321 338 379 406 423 474 481 496 588 687 733 769 827 834 836 900 902 954 979 1050 1101 1209 1285 1319 1325 1374 1552 1621 1670 1779 1783 1784 1855 1870 1924 1941 1953
Compactness: 3936.680525
Weights: 458.000000 8876.000000 2395.000000
Center Node: 58

District 14
Nodes: 37 66 201 203 215 222 242 262 329 399 491 635 660 699 760 780 1119 1289 1360 1370 1397 1427 1517 1524 1531 1539 1547 1579 1591 1624 1657 1717 1722 1766 1890 1893 1898 1902 1912 1991
Compactness: 2149.454764
Weights: 485.000000 8840.000000 2315.000000
Center Node: 1289

District 15
Nodes: 19 42 77 84 120 147 250 280 424 432 449 452 532 550 576 617 630 680 781 805 867 871 894 932 933 1152 1164 1192 1264 1292 1318 1477 1527 1532 1596 1643 1661 1786 1929
Compactness: 2193.023015
Weights: 470.000000 8452.000000 2193.000000
Center Node: 452

District 16
Nodes: 5 31 70 116 122 131 142 211 230 289 290 333 342 364 393 467 517 543 593 618 650 676 693 710 873 910 1040 1097 1123 1311 1332 1355 1400 1479 1509 1599 1635 1738 1770 1805 1821 1981
Compactness: 3939.971733
Weights: 496.000000 8533.000000 2193.000000
Center Node: 1770

District 17
Nodes: 44 103 105 152 193 277 320 395 454 520 545 586 668 673 731 756 775 794 814 833 885 1032 1175 1212 1252 1372 1404 1533 1558 1575 1649 1750 1754 1787 1827 1836 1869 1915 1973 1977
Compactness: 2012.567519
Weights: 481.000000 8961.000000 2119.000000
Center Node: 668

District 18
Nodes: 39 53 177 179 185 390 438 495 498 620 623 767 776 819 856 876 887 911 923 971 990 1036 1044 1090 1096 1139 1161 1174 1227 1274 1344 1440 1468 1571 1577 1581 1585 1756 1856 1871 1944
Compactness: 2576.730781
Weights: 471.000000 8459.000000 2370.000000
Center Node: 1571

District 19
Nodes: 27 50 141 162 174 282 284 326 377 439 443 482 493 563 696 800 837 904 921 974 1012 1057 1086 1195 1218 1256 1261 1266 1272 1419 1493 1693 1719 1815 1862 1874 1925 1958 1992
Compactness: 2089.360371
Weights: 466.000000 8136.000000 2383.000000
Center Node: 1419

District 20
Nodes: 11 63 102 133 140 204 217 240 359 397 477 504 536 554 584 632 652 654 665 708 773 790 792 828 962 1072 1142 1196 1236 1253 1310 1340 1394 1640 1789 1831 1843 1872 1919
Compactness: 1901.329770
Weights: 508.000000 8263.000000 2204.000000
Center Node: 828

District 21
Nodes: 7 30 74 82 121 207 238 286 346 448 465 531 697 698 720 722 746 786 950 1023 1051 1056 1219 1268 1275 1333 1350 1410 1439 1470 1604 1625 1683 1707 1736 1785 1804 1811 1842 1892 1903 1985
Compactness: 2510.226821
Weights: 490.000000 8110.000000 2226.000000
Center Node: 346

District 22
Nodes: 2 54 101 146 187 247 270 315 382 430 436 541 575 631 768 846 859 869 872 906 1038 1107 1165 1172 1300 1328 1375 1412 1424 1452 1501 1504 1556 1594 1705 1795 1825 1864 1889 1899 1950 1962
Compactness: 2909.869123
Weights: 479.000000 8122.000000 2524.000000
Center Node: 1107

District 23
Nodes: 52 56 75 115 221 261 509 512 599 634 636 637 692 707 777 879 905 959 998 1055 1060 1102 1211 1229 1250 1331 1336 1338 1421 1429 1472 1609 1648 1682 1744 1753 1761 1833
Compactness: 2948.579939
Weights: 494.000000 8540.000000 2368.000000
Center Node: 1609

District 24
Nodes: 139 241 254 305 343 384 403 464 513 530 571 590 714 716 718 727 734 754 806 831 848 860 884 956 991 1074 1220 1423 1435 1444 1471 1488 1502 1561 1574 1662 1715 1760 1873 1930 1931 1945
Compactness: 2663.252154
Weights: 459.000000 8697.000000 2316.000000
Center Node: 727

District 25
Nodes: 15 46 81 90 98 149 172 356 445 525 728 810 825 840 870 881 944 952 958 978 1110 1122 1148 1168 1180 1194 1287 1307 1329 1409 1466 1525 1616 1654 1675 1684 1740 1774 1860 1891 1969 1987
Compactness: 1997.429633
Weights: 495.000000 8520.000000 2401.000000
Center Node: 1684

District 26
Nodes: 22 61 88 106 108 196 231 353 415 502 572 573 604 629 638 642 647 651 701 749 757 880 883 1017 1163 1207 1222 1291 1352 1475 1490 1601 1694 1729 1793 1794 1803 1877 1918 1970 1971 1986
Compactness: 2487.323280
Weights: 497.000000 8706.000000 2354.000000
Center Node: 231

District 27
Nodes: 48 99 191 233 263 435 442 761 785 807 838 857 882 899 918 1014 1033 1076 1098 1103 1149 1155 1186 1199 1277 1296 1299 1405 1406 1433 1483 1528 1566 1677 1681 1812 1858 1928
Compactness: 2125.029045
Weights: 482.000000 8258.000000 2386.000000
Center Node: 1528

District 28
Nodes: 68 85 91 130 156 198 227 287 317 328 428 471 510 577 606 711 809 830 865 903 1001 1006 1070 1093 1159 1230 1305 1482 1505 1514 1607 1608 1637 1704 1712 1734 1832 1859 1868
Compactness: 2218.868034
Weights: 463.000000 8938.000000 2222.000000
Center Node: 130

District 29
Nodes: 24 43 71 124 165 180 244 348 396 433 581 762 818 917 929 969 983 1100 1112 1143 1147 1246 1259 1297 1341 1351 1391 1437 1441 1448 1536 1569 1634 1678 1780 1788 1796 1813 1828 1834 1914
Compactness: 2244.737166
Weights: 435.000000 8915.000000 2350.000000
Center Node: 1297

District 30
Nodes: 55 67 80 109 160 166 404 457 483 516 585 736 763 916 934 957 992 1052 1080 1099 1213 1280 1378 1403 1414 1457 1461 1540 1542 1623 1632 1633 1782 1857 1909 1940 1946 1961
Compactness: 2553.372409
Weights: 429.000000 8871.000000 2116.000000
Center Node: 1414

District 31
Nodes: 4 26 62 93 183 206 304 394 461 468 556 570 655 662 679 686 861 1022 1025 1049 1111 1127 1242 1286 1316 1323 1359 1396 1460 1474 1590 1630 1631 1664 1695 1742 1897 1935 1942 1994
Compactness: 2036.475396
Weights: 491.000000 8913.000000 2184.000000
Center Node: 4

District 32
Nodes: 64 110 128 210 309 331 337 352 358 519 681 729 747 750 772 793 797 812 1005 1029 1047 1065 1067 1077 1083 1130 1176 1200 1216 1217 1263 1377 1389 1431 1456 1484 1602 1769
Compactness: 2855.018632
Weights: 472.000000 8361.000000 2176.000000
Center Node: 110

District 33
Nodes: 20 34 57 114 118 226 318 479 518 557 560 674 678 702 723 796 1066 1085 1114 1160 1215 1281 1284 1362 1381 1549 1578 1618 1676 1699 1701 1837 1881 1904 1934 1939 1957 1960
Compactness: 2006.034597
Weights: 495.000000 8129.000000 2313.000000
Center Node: 1934

District 34
Nodes: 65 181 224 239 251 273 274 296 361 402 405 422 427 472 610 633 817 826 866 981 1027 1037 1071 1348 1425 1446 1455 1476 1491 1494 1538 1545 1548 1636 1650 1655 1896 1921
Compactness: 2437.895548
Weights: 501.000000 8296.000000 2272.000000
Center Node: 224

District 35
Nodes: 158 219 265 269 322 325 459 534 542 671 704 788 791 874 901 927 940 943 965 982 993 1113 1189 1294 1324 1346 1367 1543 1544 1560 1617 1671 1752 1773 1776 1800 1817 1846 1933 1952 1967 1990
Compactness: 2497.009670
Weights: 491.000000 8534.000000 2195.000000
Center Node: 1324

District 36
Nodes: 23 111 163 167 205 281 294 298 313 391 421 450 558 591 602 675 684 703 751 886 966 987 1145 1184 1237 1276 1382 1398 1401 1495 1500 1553 1587 1622 1639 1723 1798 1826 1839 1875 1997
Compactness: 2293.151460
Weights: 502.000000 8821.000000 2389.000000
Center Node: 450

District 37
Nodes: 12 45 59 159 170 192 383 540 565 598 717 820 913 942 972 1026 1030 1129 1137 1210 1270 1290 1343 1449 1462 1492 1499 1519 1551 1638 1641 1673 1685 1692 1697 1720 1731 1818 1845 1916
Compactness: 2170.660322
Weights: 487.000000 8308.000000 2250.000000
Center Node: 717

District 38
Nodes: 38 125 127 155 173 243 375 385 444 470 492 529 547 582 643 646 909 960 963 1000 1019 1024 1035 1045 1054 1108 1182 1185 1234 1262 1365 1465 1627 1646 1659 1733 1757 1772 1841 1876 1922
Compactness: 2491.297491
Weights: 468.000000 8902.000000 2369.000000
Center Node: 547

District 39
Nodes: 14 29 73 83 95 97 148 153 314 344 419 476 506 659 677 811 824 868 908 912 955 977 988 995 1202 1221 1321 1347 1353 1376 1523 1610 1613 1686 1687 1790 1792 1806 1911 1984 1989
Compactness: 3450.517798
Weights: 501.000000 8152.000000 2189.000000
Center Node: 955

District 40
Nodes: 123 144 194 260 300 311 323 335 366 453 460 484 539 601 689 706 752 799 924 925 1106 1121 1128 1135 1151 1198 1293 1330 1339 1369 1386 1445 1506 1522 1530 1668 1797 1830 1865 1900 1943
Compactness: 2134.862996
Weights: 495.000000 8623.000000 2322.000000
Center Node: 311

District 41
Nodes: 41 117 143 157 213 216 266 297 299 418 446 501 528 567 628 648 666 745 783 816 821 862 931 968 1181 1249 1345 1373 1408 1497 1515 1645 1667 1716 1721 1735 1778 1861 1880 1887
Compactness: 2275.853350
Weights: 479.000000 8906.000000 2311.000000
Center Node: 666

District 42
Nodes: 113 186 202 225 283 301 362 507 524 544 613 667 802 804 839 964 973 1008 1191 1226 1248 1255 1317 1422 1442 1443 1459 1526 1611 1653 1656 1660 1746 1747 1768 1819 1901 1959 1993
Compactness: 2284.813207
Weights: 492.000000 8946.000000 2154.000000
Center Node: 544

District 43
Nodes: 32 132 145 197 293 336 378 381 462 500 515 569 784 823 989 1003 1078 1104 1206 1235 1312 1392 1399 1407 1417 1473 1554 1619 1669 1732 1741 1938 1998
Compactness: 1820.562308
Weights: 402.000000 8147.000000 2216.000000
Center Node: 1998

District 44
Nodes: 76 94 175 253 264 279 425 473 489 508 527 546 562 608 669 705 709 725 730 743 832 849 875 895 1132 1244 1320 1489 1563 1652 1666 1702 1724 1775 1829 1894 1926 1948 1996
Compactness: 2244.446706
Weights: 486.000000 8305.000000 2366.000000
Center Node: 1829

District 45
Nodes: 51 69 119 138 154 228 236 237 249 258 416 441 466 579 603 658 740 789 815 822 842 1018 1042 1089 1150 1204 1298 1306 1322 1385 1454 1485 1568 1588 1691 1711 1714 1728 1771 1932 1936 1947 1963
Compactness: 3210.691357
Weights: 462.000000 8652.000000 2349.000000
Center Node: 1691

District 46
Nodes: 6 9 126 129 151 189 229 245 401 407 434 511 538 564 607 645 663 672 712 739 847 939 945 946 1002 1031 1058 1087 1169 1295 1363 1371 1395 1487 1503 1507 1557 1564 1565 1709 1884 1955
Compactness: 3110.267818
Weights: 500.000000 8614.000000 2363.000000
Center Node: 434

District 47
Nodes: 79 107 169 208 212 255 259 267 334 380 451 455 456 480 486 559 596 627 835 853 961 1004 1009 1092 1118 1124 1138 1208 1238 1243 1364 1480 1584 1592 1603 1642 1674 1689 1854 1965 1966
Compactness: 2122.929404
Weights: 475.000000 8528.000000 2394.000000
Center Node: 1966

District 48
Nodes: 0 28 100 257 339 347 349 357 367 411 420 485 551 597 640 845 915 926 941 947 1013 1034 1064 1117 1173 1177 1224 1326 1334 1384 1390 1420 1537 1555 1582 1708 1745 1763 1764 1882 1883
Compactness: 2518.816869
Weights: 497.000000 8929.000000 2223.000000
Center Node: 845

District 49
Nodes: 3 168 234 235 278 340 373 523 578 843 844 858 893 914 951 967 970 976 1011 1016 1046 1140 1146 1167 1201 1233 1245 1337 1361 1415 1438 1510 1518 1534 1597 1658 1743 1751 1801 1822 1979 1982
Compactness: 2899.027532
Weights: 480.000000 8201.000000 2387.000000
Center Node: 843

District 50
Nodes: 18 40 60 78 135 150 246 371 376 488 497 552 589 621 625 639 744 994 999 1020 1043 1061 1073 1075 1115 1156 1231 1279 1393 1416 1430 1453 1469 1481 1535 1586 1600 1886 1923 1983
Compactness: 2350.440062
Weights: 487.000000 8651.000000 2384.000000
Center Node: 60
