BalanceViolation 24.185000
AffinityLoss 1527.000000
Compactness 113071.156387

District 1
Nodes: 1 4 5 6 24 40 55 74 84 117 156 191 195 227 235 249 304 318 338 352 354 364 406 407 437 480 490 502 511 530 592 600 652 654 684 710 722 760 771 779 804 928 962 963 980 987
Compactness: 5331.044019
Weights: 590.000000 10588.000000 2884.000000
Center Node: 24

District 2
Nodes: 8 12 26 34 71 92 127 142 157 168 233 255 275 315 334 344 376 392 460 494 506 513 526 529 551 625 641 672 697 708 732 767 768 783 788 795 867 880 887 925 940 956 957 959 985
Compactness: 6731.111592
Weights: 588.000000 10865.000000 2925.000000
Center Node: 26

District 3
Nodes: 9 31 43 58 60 91 99 102 114 143 175 187 220 229 276 281 294 297 309 311 314 345 349 371 436 441 482 505 537 566 602 688 703 705 719 738 745 746 750 812 819 834 840 877 918 982 999
Compactness: 4969.203338
Weights: 586.000000 10608.000000 2865.000000
Center Node: 43

District 4
Nodes: 41 70 76 101 104 124 170 216 218 279 288 291 296 327 329 366 374 388 400 415 426 428 469 491 562 581 611 642 648 687 701 706 709 713 729 739 742 754 763 770 776 784 790 831 847 863 945 952
Compactness: 3923.021435
Weights: 581.000000 10581.000000 2946.000000
Center Node: 124

District 5
Nodes: 15 45 64 87 122 139 160 180 197 222 239 321 322 325 333 337 351 367 396 405 446 484 489 523 555 557 571 579 584 612 621 633 635 658 669 751 758 762 765 809 839 849 905 912 933 934 948 969
Compactness: 5003.730972
Weights: 618.000000 10107.000000 3072.000000
Center Node: 839

District 6
Nodes: 52 75 95 130 148 154 161 169 183 184 192 225 257 270 273 278 293 295 305 359 422 435 454 455 463 466 468 510 522 532 575 583 608 610 617 649 721 730 737 769 774 796 830 872 899 903 939 942
Compactness: 4400.804041
Weights: 609.000000 10828.000000 2845.000000
Center Node: 575

District 7
Nodes: 30 53 68 88 113 131 135 158 182 202 251 254 269 277 289 312 323 341 379 427 439 442 459 465 497 515 528 534 550 554 576 593 604 637 644 647 694 718 725 727 731 761 781 791 801 817 820 833 841 852 891 970
Compactness: 6745.408108
Weights: 665.000000 10872.000000 2844.000000
Center Node: 731

District 8
Nodes: 3 14 28 36 39 42 61 89 98 126 201 242 250 320 356 381 404 412 418 429 432 434 453 481 536 545 569 572 586 595 662 663 682 693 695 698 700 748 753 775 778 824 835 850 897 902 923 930 950 955 960 990
Compactness: 4733.463489
Weights: 632.000000 11049.000000 3131.000000
Center Node: 42

District 9
Nodes: 51 57 73 107 118 151 162 163 176 230 284 292 332 336 362 382 383 423 477 486 487 492 496 520 543 546 548 549 565 624 626 638 667 676 712 717 743 777 782 793 803 823 829 848 851 869 886 909 915 931 941 967 989 992 993
Compactness: 5573.589295
Weights: 598.000000 11072.000000 3124.000000
Center Node: 626

District 10
Nodes: 10 25 48 77 90 100 119 153 177 185 186 223 224 260 282 313 361 363 369 370 372 401 411 433 476 479 508 525 540 577 590 601 634 646 659 677 726 740 799 802 805 807 811 837 838 844 845 856 865 910 961 973 977
Compactness: 7236.047877
Weights: 629.000000 10572.000000 3061.000000
Center Node: 433

District 11
Nodes: 35 72 105 106 133 164 196 212 236 237 252 258 263 268 343 348 391 417 462 485 504 507 512 516 524 547 564 570 580 603 605 643 678 685 728 741 757 780 825 826 858 895 906 914 926 972 981 998
Compactness: 5311.656903
Weights: 609.000000 10146.000000 3094.000000
Center Node: 212

District 12
Nodes: 38 62 63 65 78 86 110 132 149 166 204 272 299 317 324 326 353 378 394 395 397 408 410 413 424 431 444 467 518 533 539 552 556 574 585 594 629 666 670 681 692 724 857 870 873 882 885 890 924 927 951 997
Compactness: 5483.993669
Weights: 608.000000 10046.000000 2993.000000
Center Node: 670

District 13
Nodes: 69 80 140 178 189 203 207 256 259 264 266 267 286 287 290 355 358 360 365 420 451 456 464 527 544 553 567 588 622 630 631 653 665 702 714 715 720 785 843 854 861 876 913 921 938 958 974 978 996
Compactness: 6371.700265
Weights: 612.000000 10030.000000 3076.000000
Center Node: 544

District 14
Nodes: 0 22 32 37 46 49 50 56 93 97 109 128 145 146 244 248 253 261 301 302 306 308 310 375 386 389 398 403 421 443 447 475 500 501 503 563 578 598 616 620 627 734 766 792 813 827 883 892 898 911 920 929 944 988
Compactness: 5542.884235
Weights: 637.000000 11068.000000 3128.000000
Center Node: 883

District 15
Nodes: 11 13 27 47 59 67 82 85 115 144 167 172 181 199 200 210 221 283 328 330 342 347 368 399 409 419 430 495 499 582 589 639 657 671 686 691 711 756 759 808 822 832 836 862 937 964 968
Compactness: 3967.454081
Weights: 581.000000 10366.000000 2915.000000
Center Node: 399

District 16
Nodes: 17 18 96 108 116 123 134 147 193 213 243 280 316 319 339 340 414 438 445 449 458 461 498 514 521 561 607 618 619 623 668 674 680 690 733 786 797 810 821 828 855 864 874 875 879 881 884 894 901 904 917 936 947 994
Compactness: 6182.530431
Weights: 592.000000 10914.000000 3066.000000
Center Node: 280

District 17
Nodes: 33 120 155 159 174 188 208 214 215 219 232 238 241 246 350 373 385 390 440 452 471 473 488 509 541 568 591 596 597 632 650 656 660 664 675 696 699 707 723 747 794 818 846 853 871 896 919 943 976 979 983 984 986
Compactness: 5320.219294
Weights: 627.000000 10379.000000 2933.000000
Center Node: 159

District 18
Nodes: 2 20 21 23 54 66 83 94 112 125 141 152 165 198 205 211 217 265 298 300 307 331 380 425 450 472 474 478 493 535 542 558 559 560 599 609 636 651 679 689 755 806 868 888 893 965 966 991 995
Compactness: 5627.759398
Weights: 612.000000 10119.000000 2843.000000
Center Node: 493

District 19
Nodes: 7 16 19 79 103 129 137 171 173 179 226 231 240 262 271 274 335 357 384 387 393 416 457 470 483 517 519 531 573 587 606 613 614 655 673 704 716 736 749 764 772 816 889 908 932 935 946 949 953 971 975
Compactness: 8420.632769
Weights: 638.000000 10342.000000 2861.000000
Center Node: 7

District 20
Nodes: 29 44 81 111 121 136 138 150 190 194 206 209 228 234 245 247 285 303 346 377 402 448 538 615 628 640 645 661 683 735 744 752 773 787 789 798 800 814 815 842 859 860 866 878 900 907 916 922 954
Compactness: 6194.901178
Weights: 594.000000 10491.000000 3078.000000
Center Node: 377
