BalanceViolation 3323.932000
AffinityLoss 981.000000
Compactness 28270.778088

District 1
Nodes: 69 262 280 345 413 456 464 477
Compactness: 349.087580
Weights: 107.000000 2003.000000 620.000000
Center Node: 280

District 2
Nodes: 147 148 196 205 222 257 320 368 391 453 455
Compactness: 668.799223
Weights: 152.000000 2070.000000 518.000000
Center Node: 205

District 3
Nodes: 32 37 94 171 281 294 382 466 468 475
Compactness: 512.316120
Weights: 123.000000 2219.000000 583.000000
Center Node: 382

District 4
Nodes: 19 65 73 102 177 241 249 306 428
Compactness: 626.225513
Weights: 102.000000 2221.000000 491.000000
Center Node: 19

District 5
Nodes: 24 29 49 56 82 120 210 269 387 412 429
Compactness: 389.989195
Weights: 140.000000 2195.000000 544.000000
Center Node: 24

District 6
Nodes: 9 23 47 86 156 167 219 261 310 403 410
Compactness: 767.339337
Weights: 123.000000 2035.000000 672.000000
Center Node: 156

District 7
Nodes: 0 16 25 43 80 91 97 117 173 224 239
Compactness: 623.925281
Weights: 138.000000 2103.000000 667.000000
Center Node: 97

District 8
Nodes: 141 157 185 230 259 301 321 322 354 422 446
Compactness: 542.837257
Weights: 126.000000 2273.000000 519.000000
Center Node: 141

District 9
Nodes: 4 50 57 146 296 330 337 358 362 383 465 478 495
Compactness: 779.412456
Weights: 144.000000 2056.000000 854.000000
Center Node: 362

District 10
Nodes: 72 74 129 134 181 279 318 349 437
Compactness: 451.476885
Weights: 128.000000 2167.000000 541.000000
Center Node: 74

District 11
Nodes: 48 139 308 325 400 425 451 469 496
Compactness: 532.568505
Weights: 132.000000 2046.000000 547.000000
Center Node: 308

District 12
Nodes: 10 20 33 165 209 288 314 334 352 361 424 462
Compactness: 798.971907
Weights: 149.000000 1973.000000 775.000000
Center Node: 209

District 13
Nodes: 88 105 118 202 238 248 331 405 471
Compactness: 509.726234
Weights: 124.000000 2120.000000 537.000000
Center Node: 248

District 14
Nodes: 59 71 93 95 159 332 375 394 401 418
Compactness: 608.382698
Weights: 121.000000 2190.000000 581.000000
Center Node: 95

District 15
Nodes: 161 211 212 221 233 243 317 338 433 450 474 497
Compactness: 1331.910483
Weights: 149.000000 2033.000000 673.000000
Center Node: 161

District 16
Nodes: 14 42 52 178 201 207 247 251 255 335 379 440
Compactness: 790.912079
Weights: 144.000000 2006.000000 704.000000
Center Node: 335

District 17
Nodes: 70 96 115 168 188 265 271 291 313 372 397
Compactness: 462.162832
Weights: 146.000000 2101.000000 638.000000
Center Node: 397

District 18
Nodes: 26 116 126 179 231 240 246 285 396 473
Compactness: 491.234517
Weights: 114.000000 2130.000000 643.000000
Center Node: 116

District 19
Nodes: 122 135 187 194 203 215 272 311 420 467
Compactness: 638.668766
Weights: 126.000000 2003.000000 594.000000
Center Node: 135

District 20
Nodes: 40 41 133 153 208 223 283 442 459
Compactness: 576.302618
Weights: 94.000000 2183.000000 460.000000
Center Node: 41

District 21
Nodes: 98 206 270 302 323 347 357 407
Compactness: 479.715346
Weights: 116.000000 2234.000000 374.000000
Center Node: 357

District 22
Nodes: 67 68 76 150 252 297 385 398 404 419 458 470
Compactness: 730.842842
Weights: 155.000000 2052.000000 815.000000
Center Node: 68

District 23
Nodes: 55 64 114 124 125 145 254 426 438 472 484
Compactness: 681.493439
Weights: 145.000000 2085.000000 563.000000
Center Node: 472

District 24
Nodes: 7 92 163 199 258 336 365 411
Compactness: 420.665308
Weights: 111.000000 2261.000000 440.000000
Center Node: 365

District 25
Nodes: 38 61 81 315 328 414 436 491
Compactness: 364.758973
Weights: 92.000000 1910.000000 587.000000
Center Node: 436

District 26
Nodes: 13 36 195 309 348 378 423 439 461 486
Compactness: 414.522919
Weights: 157.000000 1987.000000 706.000000
Center Node: 439

District 27
Nodes: 3 11 34 180 267 298 324 356 481
Compactness: 446.080221
Weights: 100.000000 2182.000000 515.000000
Center Node: 34

District 28
Nodes: 5 190 268 350 367 371 380 443 480 489
Compactness: 475.956734
Weights: 123.000000 2082.000000 590.000000
Center Node: 190

District 29
Nodes: 87 111 138 144 184 305 319 376
Compactness: 254.027513
Weights: 72.000000 2226.000000 542.000000
Center Node: 87

District 30
Nodes: 8 22 44 121 193 236 264 276 384 493
Compactness: 745.765735
Weights: 124.000000 2160.000000 565.000000
Center Node: 384

District 31
Nodes: 35 39 136 225 234 278 292 326 366 395
Compactness: 369.029777
Weights: 131.000000 2173.000000 447.000000
Center Node: 326

District 32
Nodes: 30 89 113 226 304 340 351 369 460
Compactness: 573.096457
Weights: 87.000000 2204.000000 524.000000
Center Node: 460

District 33
Nodes: 21 104 284 312 339 342 402 406 444 487
Compactness: 659.669440
Weights: 131.000000 2084.000000 611.000000
Center Node: 312

District 34
Nodes: 27 45 78 101 142 176 300 316 457 492
Compactness: 589.556544
Weights: 123.000000 2124.000000 649.000000
Center Node: 78

District 35
Nodes: 131 151 172 227 229 364 421 449 499
Compactness: 633.898172
Weights: 135.000000 2045.000000 609.000000
Center Node: 172

District 36
Nodes: 103 108 132 198 282 341 373 389 390 430 476 488
Compactness: 663.133503
Weights: 137.000000 2201.000000 593.000000
Center Node: 282

District 37
Nodes: 99 128 130 149 191 329 343 355 427 434
Compactness: 370.327005
Weights: 99.000000 2077.000000 616.000000
Center Node: 434

District 38
Nodes: 6 66 169 170 183 186 256 416 417 490
Compactness: 668.399460
Weights: 105.000000 2001.000000 700.000000
Center Node: 183

District 39
Nodes: 2 46 53 85 164 189 242 333 377 381 408
Compactness: 434.157534
Weights: 129.000000 2087.000000 577.000000
Center Node: 2

District 40
Nodes: 15 17 217 275 286 360 479 482
Compactness: 537.789528
Weights: 108.000000 2009.000000 576.000000
Center Node: 286

District 41
Nodes: 58 75 140 287 299 392 393 431 441 447
Compactness: 640.791615
Weights: 105.000000 2156.000000 558.000000
Center Node: 441

District 42
Nodes: 12 60 90 100 109 123 162 182 200 228 386 454
Compactness: 654.388811
Weights: 144.000000 2143.000000 586.000000
Center Node: 123

District 43
Nodes: 79 112 175 197 290 293 346 374 388 498
Compactness: 643.784145
Weights: 140.000000 2189.000000 524.000000
Center Node: 293

District 44
Nodes: 63 160 166 174 232 274 307 370 448
Compactness: 457.300900
Weights: 104.000000 2213.000000 426.000000
Center Node: 274

District 45
Nodes: 127 155 192 244 277 363 483 485
Compactness: 399.994129
Weights: 103.000000 2232.000000 503.000000
Center Node: 483

District 46
Nodes: 1 28 106 154 216 218 250 253 289 445 452
Compactness: 497.432744
Weights: 101.000000 2144.000000 529.000000
Center Node: 445

District 47
Nodes: 143 152 220 245 263 273 295 303 435
Compactness: 409.591327
Weights: 112.000000 2160.000000 549.000000
Center Node: 245

District 48
Nodes: 31 54 62 77 204 213 260 399 409 415 463
Compactness: 716.605972
Weights: 130.000000 1997.000000 858.000000
Center Node: 77

District 49
Nodes: 18 107 110 137 214 266 327 344 359
Compactness: 438.229069
Weights: 106.000000 1985.000000 569.000000
Center Node: 107

District 50
Nodes: 51 83 84 119 158 235 237 353 432 494
Compactness: 447.523442
Weights: 125.000000 2188.000000 652.000000
Center Node: 494
