BalanceViolation 58.115000
AffinityLoss 1650.000000
Compactness 118343.141235

District 1
Nodes: 26 34 38 44 48 58 76 80 128 130 150 157 172 193 211 222 231 233 269 289 315 376 382 397 424 435 455 475 538 548 554 579 586 588 593 628 632 637 654 752 754 757 784 832 836 885 896 930 941 973 974 991
Compactness: 4898.175417
Weights: 653.000000 10098.000000 3049.000000
Center Node: 222

District 2
Nodes: 19 20 50 64 83 104 134 141 146 156 216 227 235 247 255 279 321 378 395 396 471 504 505 516 521 530 537 551 555 606 617 659 664 672 683 684 691 720 736 739 750 770 794 801 854 859 892 898 920 923 925 972 993 996
Compactness: 4875.025709
Weights: 629.000000 11142.000000 3049.000000
Center Node: 83

District 3
Nodes: 6 73 105 133 154 155 174 187 210 220 229 256 259 272 281 360 362 386 400 431 469 529 539 560 580 599 607 612 620 662 670 677 711 746 785 786 788 804 826 834 864 865 886 897 904 929 965 968 981 995 997
Compactness: 5889.359291
Weights: 626.000000 10171.000000 3044.000000
Center Node: 607

District 4
Nodes: 42 77 88 93 102 123 208 223 230 266 275 278 294 339 345 350 361 368 369 374 381 390 408 429 432 438 480 571 611 642 688 690 693 712 747 780 810 840 852 863 866 872 883 905 936 950 951 984
Compactness: 9108.173407
Weights: 610.000000 11117.000000 2874.000000
Center Node: 368

District 5
Nodes: 12 28 32 114 124 145 162 167 169 177 196 212 224 236 238 243 303 309 317 387 404 412 416 417 445 449 499 531 533 568 574 582 592 613 702 743 787 790 818 835 846 850 870 876 928 933 935 937 946
Compactness: 5913.002354
Weights: 573.000000 11152.000000 2806.000000
Center Node: 876

District 6
Nodes: 5 22 63 68 113 140 142 161 163 204 215 218 225 242 258 288 297 338 353 356 447 500 501 512 528 561 563 577 594 597 624 655 656 678 685 686 706 710 722 730 735 798 811 813 816 874 878 884 912 919 999
Compactness: 4419.097435
Weights: 630.000000 10974.000000 3039.000000
Center Node: 215

District 7
Nodes: 8 30 51 54 75 101 115 119 132 136 186 206 228 244 252 260 263 302 423 439 442 456 466 470 486 517 520 526 601 618 643 647 729 738 774 777 797 803 807 808 819 825 851 856 869 877 915 959 980 982
Compactness: 5732.099454
Weights: 578.000000 10695.000000 2789.000000
Center Node: 877

District 8
Nodes: 72 87 90 127 183 191 192 240 249 254 299 310 332 336 403 407 410 411 477 479 492 493 509 522 542 596 623 630 675 679 697 701 703 717 725 734 759 773 783 789 817 824 853 858 868 882 899 909 960 962 963
Compactness: 4455.483136
Weights: 626.000000 10301.000000 2826.000000
Center Node: 868

District 9
Nodes: 55 57 66 67 110 149 178 205 219 261 262 300 314 320 365 388 453 484 490 507 511 562 565 566 635 640 641 648 649 650 653 661 669 696 721 740 751 764 776 791 831 839 845 873 916 947 957 975 987
Compactness: 4772.469760
Weights: 612.000000 10210.000000 2844.000000
Center Node: 453

District 10
Nodes: 23 69 99 116 122 126 138 147 152 232 273 276 277 284 311 318 337 342 343 401 402 418 428 452 461 491 510 532 535 553 557 573 595 598 610 665 681 714 742 753 766 772 795 812 820 848 860 888 945 953 967 998
Compactness: 4955.259091
Weights: 625.000000 10450.000000 2892.000000
Center Node: 532

District 11
Nodes: 10 24 31 52 59 60 62 70 103 112 131 135 144 188 213 226 246 251 292 301 313 324 333 341 389 414 457 458 473 474 581 615 622 629 644 651 663 667 668 732 748 758 763 805 830 843 857 881 922 977 983 986
Compactness: 5963.970064
Weights: 595.000000 10750.000000 3011.000000
Center Node: 474

District 12
Nodes: 2 11 13 15 17 21 71 91 97 108 158 182 197 198 202 245 291 322 325 334 348 349 359 393 394 430 433 454 467 495 545 550 569 589 590 603 634 657 671 674 676 705 724 741 744 837 875 890 895 913 988 989
Compactness: 4759.957930
Weights: 628.000000 10129.000000 2895.000000
Center Node: 895

District 13
Nodes: 14 16 49 65 95 121 129 143 159 200 201 267 280 306 308 335 340 351 373 380 413 476 496 525 534 536 543 552 614 616 625 627 645 646 719 731 745 749 781 822 894 903 934 943 954 958 976 978
Compactness: 4159.196993
Weights: 574.000000 10742.000000 2828.000000
Center Node: 121

District 14
Nodes: 18 45 46 86 100 109 118 151 171 185 234 250 265 268 271 286 287 295 346 355 375 392 419 420 422 441 459 463 485 502 515 587 609 692 716 733 771 815 827 842 867 879 908 927 942 955 956 964 979
Compactness: 3710.579818
Weights: 578.000000 10499.000000 2774.000000
Center Node: 100

District 15
Nodes: 9 27 53 61 84 94 96 125 166 170 175 199 283 293 312 363 367 385 398 405 406 426 446 465 481 488 559 570 600 619 631 636 694 698 704 723 727 761 767 814 821 838 861 889 906 931 932
Compactness: 3745.466971
Weights: 536.000000 10738.000000 2811.000000
Center Node: 446

District 16
Nodes: 37 43 47 79 82 85 92 106 107 160 214 221 248 257 274 327 352 364 366 371 391 399 440 472 497 498 518 519 524 546 575 576 583 584 585 621 658 687 695 699 700 782 799 829 880 891 921
Compactness: 4106.514120
Weights: 576.000000 10170.000000 3027.000000
Center Node: 699

District 17
Nodes: 3 29 33 35 78 89 137 173 189 195 285 319 326 328 329 354 357 372 383 421 437 444 462 468 487 503 506 523 540 547 558 564 608 652 673 689 709 728 756 775 802 809 828 849 871 902 910 938 939 940 944 949
Compactness: 15354.819823
Weights: 578.000000 10835.000000 3029.000000
Center Node: 938

District 18
Nodes: 7 25 39 40 41 74 111 117 139 164 165 180 190 209 239 305 307 331 358 384 415 443 464 482 508 514 544 556 604 605 633 639 660 666 708 718 755 765 769 779 800 806 862 893 926 948 966 969 994
Compactness: 12342.117978
Weights: 594.000000 10816.000000 2762.000000
Center Node: 893

District 19
Nodes: 0 1 36 98 153 168 181 194 203 207 237 264 290 296 304 316 323 347 377 425 434 436 460 483 513 549 638 680 707 713 726 760 778 792 793 823 841 887 901 911 914 918 924 952 990
Compactness: 4360.172301
Weights: 627.000000 10332.000000 2763.000000
Center Node: 237

District 20
Nodes: 4 56 81 120 148 176 179 184 217 241 253 270 282 298 330 344 370 379 409 427 448 450 451 478 489 494 527 541 567 572 578 591 602 626 682 715 737 762 768 796 833 844 847 855 900 907 917 961 970 971 985 992
Compactness: 4822.200185
Weights: 571.000000 11075.000000 3032.000000
Center Node: 572
