BalanceViolation 335.343000
AffinityLoss 1795.000000
Compactness 73775.178042

District 1
Nodes: 110 214 277 282 304 369 370 376 470 501 649 654 688 693 707 722 725 878 907
Compactness: 1714.784194
Weights: 223.000000 4355.000000 1144.000000
Center Node: 282

District 2
Nodes: 13 69 115 194 295 453 462 472 498 530 648 676 704 705 859 919 964 977 989
Compactness: 1329.399624
Weights: 252.000000 4073.000000 1152.000000
Center Node: 498

District 3
Nodes: 7 58 61 133 141 167 175 327 346 492 586 614 618 651 657 715 717 746 792 871 924 988
Compactness: 2019.733061
Weights: 250.000000 4354.000000 1192.000000
Center Node: 58

District 4
Nodes: 0 19 23 127 139 185 221 301 363 451 485 616 628 795 833 838 892 918 943 959 973 995
Compactness: 1482.508454
Weights: 220.000000 4014.000000 1232.000000
Center Node: 19

District 5
Nodes: 48 54 102 122 168 188 217 239 271 283 285 315 338 512 559 801 802 865 881 883 950
Compactness: 1730.273738
Weights: 260.000000 4062.000000 1204.000000
Center Node: 102

District 6
Nodes: 6 120 121 135 183 242 296 313 537 540 588 633 719 739 809 810 823 866 877 895 990
Compactness: 1536.230422
Weights: 250.000000 4199.000000 1132.000000
Center Node: 537

District 7
Nodes: 2 44 47 73 159 212 237 406 419 424 440 444 447 489 500 526 572 582 698 720
Compactness: 1663.970301
Weights: 235.000000 4352.000000 1030.000000
Center Node: 444

District 8
Nodes: 29 49 77 98 176 193 249 306 459 474 569 625 699 744 758 780 863 873 897 904 954
Compactness: 1283.561120
Weights: 245.000000 4282.000000 1198.000000
Center Node: 625

District 9
Nodes: 106 116 119 148 281 405 520 542 562 605 643 647 694 779 812 830 841 843 920 971 997
Compactness: 2267.327367
Weights: 235.000000 4258.000000 1191.000000
Center Node: 830

District 10
Nodes: 4 87 307 323 355 358 361 372 486 513 533 551 557 656 659 672 789 847 886 893
Compactness: 1558.878819
Weights: 249.000000 3984.000000 1143.000000
Center Node: 557

District 11
Nodes: 10 30 138 186 230 234 247 380 445 458 493 602 627 761 781 860 949 991 992
Compactness: 1022.758108
Weights: 233.000000 4383.000000 1227.000000
Center Node: 860

District 12
Nodes: 18 28 31 66 71 94 131 150 252 399 407 410 539 566 632 636 683 689 745 850 880
Compactness: 1138.933321
Weights: 238.000000 4285.000000 1167.000000
Center Node: 31

District 13
Nodes: 27 117 195 263 352 394 415 422 466 469 545 556 598 671 687 690 712 829 905 981
Compactness: 1305.319738
Weights: 247.000000 4220.000000 1160.000000
Center Node: 905

District 14
Nodes: 11 12 113 157 169 208 211 240 253 411 457 491 502 525 680 749 760 773 793 891 958 994
Compactness: 2083.118849
Weights: 234.000000 4391.000000 1222.000000
Center Node: 411

District 15
Nodes: 65 155 206 286 312 314 431 432 456 475 584 629 637 731 756 765 782 826
Compactness: 3092.435199
Weights: 254.000000 4066.000000 1167.000000
Center Node: 314

District 16
Nodes: 156 177 226 231 418 425 443 450 467 527 631 682 727 783 851 889 899 948 998
Compactness: 918.100765
Weights: 212.000000 4396.000000 1198.000000
Center Node: 889

District 17
Nodes: 41 82 97 149 165 172 215 218 266 288 381 404 434 504 567 568 576 681 788 804
Compactness: 1078.569611
Weights: 248.000000 4003.000000 1147.000000
Center Node: 215

District 18
Nodes: 62 99 104 160 297 350 393 416 439 482 529 578 763 794 805 811 813 840 862 876 933 970
Compactness: 1506.975652
Weights: 257.000000 4094.000000 1108.000000
Center Node: 416

District 19
Nodes: 17 37 45 126 128 132 209 256 333 377 414 549 611 661 669 770 776 846 934 946
Compactness: 1236.234476
Weights: 250.000000 4191.000000 1150.000000
Center Node: 669

District 20
Nodes: 140 300 302 342 343 421 429 460 481 634 655 665 700 777 814 827 852 896 969 974
Compactness: 1161.486196
Weights: 231.000000 4133.000000 1214.000000
Center Node: 969

District 21
Nodes: 53 81 90 91 92 173 182 187 292 293 349 359 471 483 583 603 721 724 798 828
Compactness: 1464.422109
Weights: 223.000000 4387.000000 1208.000000
Center Node: 92

District 22
Nodes: 39 162 223 246 267 279 347 356 461 480 507 508 531 590 613 747 755 914 980 984
Compactness: 1325.798658
Weights: 256.000000 4071.000000 1222.000000
Center Node: 531

District 23
Nodes: 1 5 35 68 74 78 184 190 203 548 597 619 630 685 743 754 808 853 898 929 999
Compactness: 1091.778029
Weights: 210.000000 4079.000000 1230.000000
Center Node: 190

District 24
Nodes: 43 50 52 96 125 170 269 330 353 497 615 686 733 738 771 787 831 902 906 993
Compactness: 1707.267871
Weights: 222.000000 4099.000000 1229.000000
Center Node: 330

District 25
Nodes: 14 33 59 72 233 250 261 275 331 478 509 553 555 666 759 790 901 928 942 986
Compactness: 1229.382698
Weights: 253.000000 4058.000000 1232.000000
Center Node: 555

District 26
Nodes: 21 95 134 154 180 196 202 227 309 366 386 465 503 510 538 585 624 786 791 807 885 888
Compactness: 1632.138933
Weights: 246.000000 4015.000000 1125.000000
Center Node: 196

District 27
Nodes: 118 129 130 204 270 379 437 454 535 594 604 652 768 775 837 940 952 962
Compactness: 1215.890096
Weights: 197.000000 4306.000000 1189.000000
Center Node: 940

District 28
Nodes: 46 56 75 103 259 294 319 375 436 442 449 476 499 558 609 664 723 784 910
Compactness: 1375.096559
Weights: 252.000000 4041.000000 1124.000000
Center Node: 609

District 29
Nodes: 55 84 213 245 254 420 438 505 518 575 587 635 728 757 764 767 769 821 824
Compactness: 1250.616794
Weights: 224.000000 4394.000000 1130.000000
Center Node: 821

District 30
Nodes: 3 24 64 100 152 265 329 336 367 384 428 579 638 815 874 915 916 944
Compactness: 1876.181765
Weights: 250.000000 4196.000000 1175.000000
Center Node: 915

District 31
Nodes: 16 89 158 192 320 322 371 487 514 524 570 571 596 677 711 741 774 799 935 947
Compactness: 1060.179875
Weights: 243.000000 4177.000000 1201.000000
Center Node: 935

District 32
Nodes: 79 318 332 351 382 395 412 511 519 534 564 608 684 710 839 917 925 963
Compactness: 895.699977
Weights: 239.000000 4093.000000 1186.000000
Center Node: 925

District 33
Nodes: 22 34 88 145 151 257 328 373 383 448 494 496 515 522 536 702 903 921 939
Compactness: 963.075953
Weights: 249.000000 4035.000000 1217.000000
Center Node: 448

District 34
Nodes: 63 191 199 236 274 280 284 341 360 435 441 484 541 546 560 650 697 709 911 922 957
Compactness: 1804.710099
Weights: 228.000000 4007.000000 1135.000000
Center Node: 441

District 35
Nodes: 67 112 142 143 164 189 198 219 243 532 600 617 670 678 734 748 834 858 868 932 978
Compactness: 1115.977522
Weights: 259.000000 3999.000000 1144.000000
Center Node: 198

District 36
Nodes: 38 80 105 163 248 260 324 396 403 413 554 622 623 692 718 726 870 960
Compactness: 1242.237913
Weights: 246.000000 4184.000000 1202.000000
Center Node: 960

District 37
Nodes: 32 60 171 197 200 232 317 325 344 345 385 392 426 473 516 523 645 740 816 818 938 951
Compactness: 1537.217641
Weights: 258.000000 4302.000000 1151.000000
Center Node: 392

District 38
Nodes: 85 147 216 258 290 348 409 488 517 589 591 679 703 825 854 856 869 875 926
Compactness: 1117.934052
Weights: 235.000000 4057.000000 1162.000000
Center Node: 147

District 39
Nodes: 42 161 181 235 262 289 326 354 368 388 401 464 506 544 595 752 785 849 900 965 975
Compactness: 1361.901256
Weights: 249.000000 4067.000000 1211.000000
Center Node: 752

District 40
Nodes: 51 57 144 153 174 228 244 321 364 433 463 495 577 610 696 817 882 936 945 968 983
Compactness: 1377.263262
Weights: 236.000000 4346.000000 1146.000000
Center Node: 433

District 41
Nodes: 20 136 201 220 273 299 305 308 391 423 658 695 735 822 835 872 923 930 979 987 996
Compactness: 2024.752489
Weights: 217.000000 4201.000000 1241.000000
Center Node: 979

District 42
Nodes: 9 26 123 272 334 335 339 563 565 607 660 691 713 730 753 803 820 842 927 961 967
Compactness: 971.295547
Weights: 269.000000 3994.000000 1117.000000
Center Node: 660

District 43
Nodes: 210 225 316 362 374 455 552 573 620 621 641 663 668 673 772 796 819 867 956
Compactness: 1291.725675
Weights: 222.000000 4120.000000 1226.000000
Center Node: 620

District 44
Nodes: 70 76 124 251 291 298 303 408 468 490 543 547 601 653 706 732 736 797 887 937
Compactness: 1312.082508
Weights: 243.000000 4283.000000 1133.000000
Center Node: 601

District 45
Nodes: 36 40 146 179 222 224 276 310 357 389 521 528 574 626 667 742 751 913 953 955 982
Compactness: 3708.969924
Weights: 238.000000 4246.000000 1159.000000
Center Node: 40

District 46
Nodes: 8 25 111 205 229 340 397 400 430 640 737 778 857 861 879 894 972 976 985
Compactness: 1439.372820
Weights: 233.000000 4271.000000 1199.000000
Center Node: 430

District 47
Nodes: 86 93 108 207 287 337 378 387 398 402 427 446 561 593 646 675 750 800 848 855
Compactness: 1180.327197
Weights: 241.000000 4358.000000 1124.000000
Center Node: 93

District 48
Nodes: 15 83 109 166 238 241 268 417 452 580 599 639 642 644 766 844 845 966
Compactness: 1240.238207
Weights: 192.000000 4396.000000 1137.000000
Center Node: 639

District 49
Nodes: 107 114 137 255 264 311 479 581 606 662 714 716 836 864 890 908 909 912 931 941
Compactness: 1544.781007
Weights: 259.000000 4283.000000 1221.000000
Center Node: 890

District 50
Nodes: 101 178 278 365 390 477 550 592 612 674 701 708 729 762 806 832 884
Compactness: 1286.262593
Weights: 223.000000 4375.000000 1088.000000
Center Node: 674
