BalanceViolation 13.810000
AffinityLoss 1559.000000
Compactness 105147.526221

District 1
Nodes: 7 41 57 59 69 73 80 104 193 302 333 347 359 374 391 402 403 404 408 411 419 425 432 439 444 469 479 558 578 597 607 620 645 654 658 672 706 713 714 721 747 768 788 802 806 829 841 866 902 913 916 975 984
Compactness: 4988.376700
Weights: 639.000000 10863.000000 2904.000000
Center Node: 802

District 2
Nodes: 2 42 44 46 48 53 68 96 97 99 107 121 145 216 222 250 253 267 271 287 305 346 357 377 490 494 496 498 505 516 535 564 582 593 595 651 671 696 730 804 862 868 884 915 934 959 963 965
Compactness: 5218.377246
Weights: 578.000000 10660.000000 2888.000000
Center Node: 346

District 3
Nodes: 17 24 38 64 81 130 151 161 171 178 190 196 205 234 252 263 265 290 293 338 363 365 392 438 456 464 466 502 509 554 570 577 601 604 647 677 725 732 756 762 763 772 786 792 814 823 825 838 894 906 929 943 970 989
Compactness: 5405.460294
Weights: 631.000000 10898.000000 2892.000000
Center Node: 772

District 4
Nodes: 27 28 45 54 103 108 115 116 118 128 143 180 183 188 217 299 307 311 320 421 449 475 511 519 536 539 547 552 605 613 629 657 704 717 722 771 797 803 811 819 826 905 921 926 928 935 938 944 960 961 997
Compactness: 4675.875970
Weights: 583.000000 10197.000000 2925.000000
Center Node: 704

District 5
Nodes: 19 37 43 50 51 56 74 82 132 136 144 165 181 201 202 204 210 232 236 296 313 322 332 334 345 384 394 397 428 436 446 450 457 471 512 515 537 562 623 648 668 691 715 724 790 830 888 932 939 981 988
Compactness: 4332.814129
Weights: 618.000000 10833.000000 2675.000000
Center Node: 394

District 6
Nodes: 16 22 32 94 114 117 209 226 268 280 283 315 330 340 358 422 424 443 523 524 551 555 574 579 615 621 675 679 681 697 718 736 738 741 745 754 766 783 789 799 807 853 923 925 933 953 966 974 976
Compactness: 5435.493760
Weights: 640.000000 10516.000000 2710.000000
Center Node: 443

District 7
Nodes: 25 83 162 197 233 281 310 323 356 382 393 413 431 452 455 463 477 480 549 563 571 587 590 591 594 619 626 652 653 655 661 674 689 694 698 700 733 743 744 809 810 831 842 896 917 936 945 962 985
Compactness: 4367.982297
Weights: 581.000000 10694.000000 2879.000000
Center Node: 700

District 8
Nodes: 1 13 30 40 60 111 122 157 168 212 224 240 247 251 264 294 325 336 361 378 387 396 398 423 437 461 467 468 476 499 506 572 573 580 602 622 637 660 662 683 720 781 794 795 815 832 836 863 865 878 893
Compactness: 7190.785549
Weights: 607.000000 10736.000000 2924.000000
Center Node: 794

District 9
Nodes: 4 67 87 124 135 142 147 153 194 199 207 211 259 273 286 312 326 331 390 416 442 451 453 454 474 482 492 507 569 588 643 676 682 687 710 774 779 791 805 818 845 852 858 873 882 891 912 942 948 952 991
Compactness: 5519.048241
Weights: 599.000000 11059.000000 2868.000000
Center Node: 286

District 10
Nodes: 9 23 34 66 72 138 139 154 159 167 169 198 213 223 231 304 327 351 410 420 445 473 483 520 534 561 614 624 636 678 680 708 709 753 755 764 769 776 808 844 877 909 949 964 968 978 992 993 996
Compactness: 4022.361692
Weights: 596.000000 10117.000000 2827.000000
Center Node: 72

District 11
Nodes: 18 90 101 106 158 172 186 189 215 249 297 301 316 317 324 328 343 348 353 373 380 388 401 465 481 488 497 518 522 525 553 581 608 617 634 719 758 770 828 848 876 879 881 886 901 911 919 922 946 956 982 998
Compactness: 4583.813850
Weights: 629.000000 10896.000000 2882.000000
Center Node: 848

District 12
Nodes: 3 11 12 33 62 126 127 131 149 173 182 192 206 227 235 246 276 285 339 342 344 350 366 370 371 412 426 429 503 528 543 545 586 600 638 686 739 751 752 775 800 840 859 898 927 931 971 977
Compactness: 5495.133404
Weights: 620.000000 10586.000000 2679.000000
Center Node: 3

District 13
Nodes: 0 71 84 91 98 105 137 185 187 214 229 230 244 254 288 298 300 309 314 329 335 360 368 375 379 386 399 491 550 575 609 630 644 726 740 750 793 801 812 822 827 833 835 843 854 900 907 910
Compactness: 3539.387110
Weights: 585.000000 10317.000000 2703.000000
Center Node: 329

District 14
Nodes: 14 20 35 89 102 113 123 140 141 177 261 341 406 418 504 517 565 568 583 612 618 650 656 666 667 669 670 702 705 716 735 742 748 777 784 821 839 857 869 872 889 895 951 958 967 969 979 995 999
Compactness: 4405.372923
Weights: 585.000000 10489.000000 2934.000000
Center Node: 517

District 15
Nodes: 29 36 39 65 70 85 92 100 152 163 175 184 195 200 208 228 237 256 272 274 279 282 295 381 400 440 459 460 470 489 514 527 530 548 598 628 633 635 673 688 701 757 813 834 861 883 930 940 957
Compactness: 4175.002586
Weights: 637.000000 10471.000000 2679.000000
Center Node: 701

District 16
Nodes: 21 26 49 63 86 95 110 156 174 257 260 266 269 284 354 355 362 367 372 385 405 417 441 484 513 589 606 610 641 649 665 699 727 728 737 780 817 846 849 850 864 880 892 899 914 937 954 955 972 983 994
Compactness: 6204.269180
Weights: 636.000000 10190.000000 2903.000000
Center Node: 954

District 17
Nodes: 5 10 31 55 76 79 112 119 134 160 166 176 203 218 220 248 275 308 337 352 407 415 435 448 478 487 495 532 533 540 584 627 640 659 664 685 695 707 711 765 778 782 820 847 867 874 885 887 918 947 986
Compactness: 7034.306942
Weights: 634.000000 10344.000000 2853.000000
Center Node: 947

District 18
Nodes: 6 8 52 58 61 75 109 133 155 239 243 255 291 306 318 349 364 369 427 447 458 486 493 501 538 546 557 560 585 599 603 631 639 684 693 712 723 731 767 787 824 855 870 871 890 920 950 990
Compactness: 9216.479988
Weights: 567.000000 10206.000000 2691.000000
Center Node: 8

District 19
Nodes: 47 77 129 148 150 164 170 191 238 241 242 258 270 277 278 289 376 383 389 395 409 430 500 508 521 542 559 567 611 632 642 646 663 690 692 729 734 746 749 759 760 761 773 798 875 897 903
Compactness: 4552.220325
Weights: 593.000000 10058.000000 2680.000000
Center Node: 238

District 20
Nodes: 15 78 88 93 120 125 146 179 219 221 225 245 262 292 303 319 321 414 433 434 462 472 485 510 526 529 531 541 544 556 566 576 592 596 616 625 703 785 796 816 837 851 856 860 904 908 924 941 973 980 987
Compactness: 4784.964033
Weights: 640.000000 10994.000000 2725.000000
Center Node: 485
