BalanceViolation 2037.467000
AffinityLoss 918.000000
Compactness 30058.519604

District 1
Nodes: 14 16 21 197 297 358 374 387 445 452
Compactness: 603.841706
Weights: 108.000000 1932.000000 674.000000
Center Node: 452

District 2
Nodes: 34 45 66 113 204 301 304 322 333 458
Compactness: 466.879447
Weights: 150.000000 2148.000000 601.000000
Center Node: 458

District 3
Nodes: 150 151 166 212 232 271 302 349 364 427 457
Compactness: 931.139403
Weights: 112.000000 1938.000000 613.000000
Center Node: 271

District 4
Nodes: 155 185 226 251 295 399 411 496
Compactness: 341.561293
Weights: 101.000000 2175.000000 507.000000
Center Node: 411

District 5
Nodes: 29 90 120 148 187 335 338 350 363 377 438
Compactness: 521.614524
Weights: 122.000000 2129.000000 538.000000
Center Node: 377

District 6
Nodes: 28 67 132 140 144 284 306 352 370 372 378 429 475
Compactness: 1563.422495
Weights: 140.000000 1943.000000 777.000000
Center Node: 140

District 7
Nodes: 80 174 214 215 244 260 267 299 398 449 495
Compactness: 562.941289
Weights: 112.000000 1920.000000 612.000000
Center Node: 495

District 8
Nodes: 110 129 202 328 339 395 408 453
Compactness: 279.144650
Weights: 115.000000 2097.000000 543.000000
Center Node: 110

District 9
Nodes: 52 179 184 200 209 253 329 416 467
Compactness: 284.777695
Weights: 126.000000 2073.000000 565.000000
Center Node: 52

District 10
Nodes: 2 47 74 107 116 126 173 400 442 456
Compactness: 807.215699
Weights: 118.000000 2091.000000 594.000000
Center Node: 456

District 11
Nodes: 56 57 62 93 121 123 319 410 430 470
Compactness: 626.764448
Weights: 118.000000 1913.000000 603.000000
Center Node: 62

District 12
Nodes: 10 13 77 128 262 266 298 381 466
Compactness: 501.213170
Weights: 91.000000 2125.000000 586.000000
Center Node: 13

District 13
Nodes: 25 182 190 219 238 296 409 417
Compactness: 297.386284
Weights: 112.000000 1966.000000 545.000000
Center Node: 417

District 14
Nodes: 48 61 154 163 191 287 320 354 386 439 443 468
Compactness: 1204.858489
Weights: 131.000000 2137.000000 594.000000
Center Node: 443

District 15
Nodes: 38 70 131 143 261 273 280 291 313 419
Compactness: 559.956446
Weights: 96.000000 2153.000000 543.000000
Center Node: 280

District 16
Nodes: 23 27 36 59 118 153 172 248 268 286
Compactness: 514.316107
Weights: 132.000000 1891.000000 563.000000
Center Node: 118

District 17
Nodes: 32 78 97 210 281 285 303 323 361
Compactness: 523.904233
Weights: 107.000000 2034.000000 535.000000
Center Node: 210

District 18
Nodes: 3 20 33 63 169 208 257 292 312 336 434 480
Compactness: 738.598039
Weights: 123.000000 1953.000000 639.000000
Center Node: 33

District 19
Nodes: 5 11 42 106 117 156 201 205 243 294 390 407
Compactness: 789.715903
Weights: 109.000000 1959.000000 618.000000
Center Node: 11

District 20
Nodes: 64 206 282 305 326 332 347 440 462 488
Compactness: 562.801256
Weights: 94.000000 2134.000000 537.000000
Center Node: 282

District 21
Nodes: 105 159 198 247 316 330 388 396 481 485
Compactness: 502.848251
Weights: 103.000000 2082.000000 558.000000
Center Node: 388

District 22
Nodes: 0 6 37 44 91 142 256 389 404 406 498
Compactness: 581.903637
Weights: 124.000000 1911.000000 605.000000
Center Node: 498

District 23
Nodes: 134 146 192 199 222 228 321 482 486
Compactness: 707.694192
Weights: 95.000000 1939.000000 403.000000
Center Node: 134

District 24
Nodes: 7 12 54 71 310 311 342 446 450 454 499
Compactness: 878.299588
Weights: 107.000000 2133.000000 611.000000
Center Node: 311

District 25
Nodes: 1 65 102 158 193 249 263 309 382 421 460
Compactness: 671.771177
Weights: 149.000000 2098.000000 465.000000
Center Node: 249

District 26
Nodes: 49 72 108 112 235 265 269 274 293 375
Compactness: 482.029571
Weights: 120.000000 2025.000000 541.000000
Center Node: 265

District 27
Nodes: 15 35 76 240 307 348 359 403 422 471 497
Compactness: 566.219817
Weights: 131.000000 2040.000000 600.000000
Center Node: 403

District 28
Nodes: 84 99 157 164 207 264 289 343 369 385 494
Compactness: 698.037893
Weights: 167.000000 1953.000000 558.000000
Center Node: 369

District 29
Nodes: 95 109 133 152 195 344 373 414 435 478 491
Compactness: 699.465627
Weights: 132.000000 2304.000000 528.000000
Center Node: 109

District 30
Nodes: 26 55 82 167 186 231 351 379 413 477
Compactness: 643.280594
Weights: 112.000000 1973.000000 559.000000
Center Node: 379

District 31
Nodes: 138 242 272 278 315 360 402 420 451 483
Compactness: 567.546290
Weights: 111.000000 2064.000000 617.000000
Center Node: 315

District 32
Nodes: 4 75 225 236 277 279 346 357 371 424
Compactness: 435.593454
Weights: 111.000000 1891.000000 676.000000
Center Node: 424

District 33
Nodes: 41 94 103 139 196 237 241 276 428 431 448
Compactness: 651.666679
Weights: 145.000000 1891.000000 570.000000
Center Node: 241

District 34
Nodes: 92 127 135 234 270 437 447 465
Compactness: 383.016735
Weights: 113.000000 2113.000000 463.000000
Center Node: 465

District 35
Nodes: 85 101 124 170 255 288 324 356 425 436
Compactness: 442.319899
Weights: 120.000000 2137.000000 592.000000
Center Node: 324

District 36
Nodes: 31 58 104 119 147 161 275 334 367 432
Compactness: 658.658866
Weights: 114.000000 2067.000000 628.000000
Center Node: 58

District 37
Nodes: 43 81 115 176 177 217 327 394 444
Compactness: 955.567008
Weights: 98.000000 1928.000000 568.000000
Center Node: 394

District 38
Nodes: 50 178 203 220 308 340 366 426 459 464
Compactness: 645.549732
Weights: 110.000000 2098.000000 594.000000
Center Node: 340

District 39
Nodes: 22 40 79 86 89 189 229 392 433 472 474 490
Compactness: 690.471577
Weights: 132.000000 1950.000000 680.000000
Center Node: 79

District 40
Nodes: 111 171 188 194 224 300 317 331
Compactness: 434.380162
Weights: 103.000000 1947.000000 409.000000
Center Node: 188

District 41
Nodes: 60 68 165 175 325 341 391 405 484
Compactness: 433.558987
Weights: 98.000000 1987.000000 580.000000
Center Node: 60

District 42
Nodes: 8 18 96 141 314 353 397 473 493
Compactness: 288.810607
Weights: 132.000000 2078.000000 594.000000
Center Node: 353

District 43
Nodes: 30 51 87 136 137 168 181 230 252
Compactness: 1079.417917
Weights: 118.000000 1939.000000 574.000000
Center Node: 30

District 44
Nodes: 39 122 213 223 246 337 376 415 455
Compactness: 477.956201
Weights: 117.000000 2091.000000 534.000000
Center Node: 213

District 45
Nodes: 9 46 53 180 183 233 383 423 463 489
Compactness: 448.029100
Weights: 110.000000 2087.000000 595.000000
Center Node: 233

District 46
Nodes: 19 125 218 227 239 412 418 479
Compactness: 525.031483
Weights: 92.000000 2145.000000 450.000000
Center Node: 479

District 47
Nodes: 73 88 130 160 245 254 283 345 380
Compactness: 354.945203
Weights: 111.000000 2189.000000 554.000000
Center Node: 73

District 48
Nodes: 98 114 149 162 221 250 355 384 461 487
Compactness: 448.496514
Weights: 112.000000 2125.000000 593.000000
Center Node: 162

District 49
Nodes: 17 69 145 216 258 259 290 401 469 492
Compactness: 588.849624
Weights: 93.000000 2147.000000 561.000000
Center Node: 290

District 50
Nodes: 24 83 100 211 318 362 365 368 393 441 476
Compactness: 435.050644
Weights: 139.000000 2024.000000 578.000000
Center Node: 441
