BalanceViolation 2206.775000
AffinityLoss 942.000000
Compactness 32018.382501

District 1
Nodes: 21 37 85 106 121 175 219 225 310 327
Compactness: 472.033791
Weights: 119.000000 2178.000000 597.000000
Center Node: 310

District 2
Nodes: 77 79 114 118 146 176 366 428 465 485
Compactness: 602.837781
Weights: 126.000000 2111.000000 600.000000
Center Node: 146

District 3
Nodes: 41 62 101 150 188 268 319 349 369
Compactness: 449.180128
Weights: 119.000000 2064.000000 581.000000
Center Node: 41

District 4
Nodes: 29 151 161 162 163 165 354 377 421 449
Compactness: 508.433864
Weights: 141.000000 1969.000000 642.000000
Center Node: 421

District 5
Nodes: 177 220 260 280 304 305 308 345 372
Compactness: 551.856609
Weights: 106.000000 2258.000000 578.000000
Center Node: 308

District 6
Nodes: 63 68 108 207 253 281 320 424
Compactness: 594.870816
Weights: 78.000000 2042.000000 487.000000
Center Node: 63

District 7
Nodes: 64 84 141 191 247 303 459 467 487
Compactness: 759.394674
Weights: 126.000000 2294.000000 543.000000
Center Node: 467

District 8
Nodes: 19 59 164 166 211 226 236 237 286 337
Compactness: 596.203061
Weights: 131.000000 2211.000000 615.000000
Center Node: 226

District 9
Nodes: 0 11 52 78 111 284 307 388 425 438
Compactness: 846.741479
Weights: 136.000000 2068.000000 420.000000
Center Node: 388

District 10
Nodes: 10 17 49 55 87 262 347 348 483
Compactness: 270.042895
Weights: 109.000000 2207.000000 573.000000
Center Node: 17

District 11
Nodes: 1 35 40 89 169 200 221 277 384
Compactness: 670.742946
Weights: 105.000000 2134.000000 617.000000
Center Node: 89

District 12
Nodes: 3 34 130 178 204 224 232 287 395 413
Compactness: 690.059046
Weights: 146.000000 2033.000000 572.000000
Center Node: 34

District 13
Nodes: 160 168 182 240 241 330 334 339 342
Compactness: 434.547589
Weights: 94.000000 2292.000000 453.000000
Center Node: 160

District 14
Nodes: 22 24 117 137 159 180 297 376 452 454 473
Compactness: 631.913040
Weights: 119.000000 2056.000000 766.000000
Center Node: 137

District 15
Nodes: 33 36 116 189 218 314 318 355 394 430
Compactness: 651.162721
Weights: 85.000000 2127.000000 723.000000
Center Node: 36

District 16
Nodes: 12 92 195 374 386 437 440 456 460 468
Compactness: 631.011333
Weights: 93.000000 2007.000000 518.000000
Center Node: 456

District 17
Nodes: 25 80 123 216 290 321 325 491
Compactness: 415.881460
Weights: 103.000000 2281.000000 516.000000
Center Node: 290

District 18
Nodes: 9 20 75 129 267 275 298 358 439 453 496
Compactness: 373.715930
Weights: 130.000000 2189.000000 610.000000
Center Node: 439

District 19
Nodes: 96 113 245 302 343 398 400 423 493
Compactness: 888.252124
Weights: 115.000000 2045.000000 596.000000
Center Node: 343

District 20
Nodes: 58 67 122 138 171 256 299 335 422 451
Compactness: 481.543932
Weights: 126.000000 2257.000000 612.000000
Center Node: 422

District 21
Nodes: 45 60 91 279 312 340 378 397 414 443
Compactness: 487.838128
Weights: 131.000000 2035.000000 494.000000
Center Node: 45

District 22
Nodes: 26 51 66 99 206 283 288 316 380 441
Compactness: 558.946164
Weights: 145.000000 2254.000000 542.000000
Center Node: 283

District 23
Nodes: 50 53 57 112 199 249 251 291 306 375 383 392 399
Compactness: 634.553351
Weights: 175.000000 2199.000000 600.000000
Center Node: 249

District 24
Nodes: 46 131 156 174 201 239 255 269 367 401 431 472
Compactness: 746.938557
Weights: 154.000000 2247.000000 529.000000
Center Node: 239

District 25
Nodes: 134 140 155 157 351 359 373 420 446 475
Compactness: 780.893799
Weights: 115.000000 2055.000000 553.000000
Center Node: 420

District 26
Nodes: 61 73 76 82 125 243 264 352 435 436
Compactness: 506.745678
Weights: 162.000000 2191.000000 603.000000
Center Node: 125

District 27
Nodes: 6 16 27 98 105 127 135 148 322 416 462
Compactness: 849.913950
Weights: 123.000000 2090.000000 633.000000
Center Node: 416

District 28
Nodes: 28 71 202 231 258 294 331 371 455 466
Compactness: 549.064887
Weights: 117.000000 2078.000000 590.000000
Center Node: 28

District 29
Nodes: 83 136 143 158 217 301 360 417 418 448
Compactness: 374.973826
Weights: 120.000000 2143.000000 570.000000
Center Node: 158

District 30
Nodes: 88 170 203 234 273 276 356 429 445 458
Compactness: 397.378631
Weights: 118.000000 2286.000000 538.000000
Center Node: 203

District 31
Nodes: 56 93 133 149 184 228 271 296 363
Compactness: 500.892008
Weights: 106.000000 2265.000000 496.000000
Center Node: 271

District 32
Nodes: 5 42 48 94 153 172 214 230 252 450 488
Compactness: 747.849679
Weights: 123.000000 2270.000000 582.000000
Center Node: 252

District 33
Nodes: 124 126 154 209 210 212 215 278 323 357 385 412 479
Compactness: 724.884206
Weights: 172.000000 2057.000000 614.000000
Center Node: 357

District 34
Nodes: 97 104 109 139 183 185 227 261 311 328
Compactness: 710.083506
Weights: 129.000000 2052.000000 674.000000
Center Node: 328

District 35
Nodes: 7 31 39 110 193 344 415 432 434 484 494
Compactness: 486.710139
Weights: 140.000000 2116.000000 620.000000
Center Node: 494

District 36
Nodes: 173 254 282 326 336 370 390 410 477 480
Compactness: 347.827370
Weights: 105.000000 2255.000000 596.000000
Center Node: 410

District 37
Nodes: 13 70 100 147 194 257 274 292 295 427
Compactness: 537.120270
Weights: 122.000000 2182.000000 535.000000
Center Node: 194

District 38
Nodes: 32 47 102 145 181 198 229 244 444 481
Compactness: 406.981451
Weights: 124.000000 2058.000000 610.000000
Center Node: 481

District 39
Nodes: 38 43 197 233 242 272 313 350 393 408
Compactness: 950.770375
Weights: 111.000000 2215.000000 625.000000
Center Node: 233

District 40
Nodes: 142 167 213 223 250 285 309 463 476 482 492
Compactness: 1871.780115
Weights: 121.000000 2018.000000 678.000000
Center Node: 492

District 41
Nodes: 23 107 187 266 381 387 404 405
Compactness: 483.465045
Weights: 125.000000 2049.000000 539.000000
Center Node: 23

District 42
Nodes: 69 74 95 179 190 362 406 419 426 447
Compactness: 844.702255
Weights: 143.000000 2212.000000 483.000000
Center Node: 95

District 43
Nodes: 152 192 205 235 259 293 317 341 361 379 391 497
Compactness: 1324.703624
Weights: 157.000000 2146.000000 676.000000
Center Node: 341

District 44
Nodes: 4 8 120 132 382 407 457 461 470
Compactness: 597.951813
Weights: 114.000000 2073.000000 630.000000
Center Node: 457

District 45
Nodes: 14 18 72 90 144 270 353 402 486
Compactness: 463.022676
Weights: 101.000000 2195.000000 502.000000
Center Node: 486

District 46
Nodes: 30 196 263 265 289 365 389 396 442 471 489
Compactness: 1356.860393
Weights: 134.000000 2184.000000 588.000000
Center Node: 396

District 47
Nodes: 86 222 248 324 333 346 364 411 478 499
Compactness: 737.004170
Weights: 118.000000 2107.000000 556.000000
Center Node: 364

District 48
Nodes: 54 65 115 246 315 332 338 403 433 469
Compactness: 519.867189
Weights: 134.000000 2069.000000 553.000000
Center Node: 246

District 49
Nodes: 44 81 128 238 329 368 409 464 490 495
Compactness: 652.189960
Weights: 122.000000 2197.000000 550.000000
Center Node: 128

District 50
Nodes: 2 15 103 119 186 208 300 474 498
Compactness: 346.044067
Weights: 126.000000 2120.000000 415.000000
Center Node: 103
