BalanceViolation 13144.085000
AffinityLoss 922.000000
Compactness 45277.400949

District 1
Nodes: 35 66 92 96 116 158 168 175 178 195 196 200 206 207 241 254 257 264 266 277 284 294 302 327 348 375 395 431 468
Compactness: 2699.432358
Weights: 353.000000 5042.000000 1743.000000
Center Node: 257

District 2
Nodes: 33 82 95 99 111 113 152 167 172 211 234 252 265 269 292 335 342 413 414 478
Compactness: 1171.606880
Weights: 256.000000 3129.000000 962.000000
Center Node: 234

District 3
Nodes: 10 15 19 38 49 57 73 75 98 145 155 218 228 236 258 279 295 347 390 392 406 408 410 418 429 458
Compactness: 2449.383723
Weights: 350.000000 4348.000000 1575.000000
Center Node: 392

District 4
Nodes: 29 50 54 68 91 93 103 121 128 166 203 238 275 288 297 305 316 330 369 382 393 399 470 483
Compactness: 1648.053580
Weights: 271.000000 5385.000000 1424.000000
Center Node: 393

District 5
Nodes: 2 9 17 77 101 102 147 208 242 267 271 281 301 309 310 315 321 331 336 339 359 361 366 377 409 419 435 453 465 466 467
Compactness: 3772.670265
Weights: 406.000000 5264.000000 1928.000000
Center Node: 310

District 6
Nodes: 13 37 89 139 171 182 187 194 201 212 240 247 255 306 320 333 350 373 400 405 412 423 436 454 461 469 491 494
Compactness: 3025.766337
Weights: 318.000000 6269.000000 1507.000000
Center Node: 187

District 7
Nodes: 24 28 36 61 80 117 123 131 174 188 192 210 220 230 261 337 355 357 386 404 417 421 490
Compactness: 1379.421087
Weights: 280.000000 5257.000000 1261.000000
Center Node: 220

District 8
Nodes: 25 32 41 44 47 78 85 87 90 94 135 162 179 202 204 259 270 338 368 387 388 425 464 471
Compactness: 1844.329034
Weights: 246.000000 5668.000000 1314.000000
Center Node: 387

District 9
Nodes: 3 26 27 64 83 108 156 222 232 256 272 286 289 303 328 352 356 364 374 394 402 459 493
Compactness: 1944.547332
Weights: 253.000000 5294.000000 1358.000000
Center Node: 64

District 10
Nodes: 16 55 97 160 163 170 180 186 221 227 231 250 293 322 324 325 344 345 362 367 370 438 439
Compactness: 2625.806001
Weights: 238.000000 4730.000000 1283.000000
Center Node: 231

District 11
Nodes: 4 60 67 81 105 130 144 165 184 190 209 223 225 268 276 278 283 314 319 329 340 372 379 381 428 447
Compactness: 2842.934449
Weights: 273.000000 5033.000000 1395.000000
Center Node: 144

District 12
Nodes: 39 40 58 62 69 100 109 137 244 245 287 296 298 304 307 312 317 343 354 389 397 398 433 452 473 476
Compactness: 2196.122075
Weights: 291.000000 5355.000000 1461.000000
Center Node: 433

District 13
Nodes: 5 6 18 20 31 120 124 142 153 164 199 216 248 262 285 290 308 332 351 391 401 426 427 434 444 445 462 477 485 488 489 497
Compactness: 3728.755989
Weights: 381.000000 7370.000000 1860.000000
Center Node: 248

District 14
Nodes: 0 1 21 72 84 88 115 150 183 260 263 282 323 385 424 432 437 479 484 486 496
Compactness: 1412.171129
Weights: 213.000000 4039.000000 1157.000000
Center Node: 496

District 15
Nodes: 7 46 70 71 76 86 106 110 129 132 133 134 148 191 205 213 215 274 291 346 380 415 443 451 463 480 487
Compactness: 2607.126815
Weights: 310.000000 5356.000000 1480.000000
Center Node: 487

District 16
Nodes: 11 12 45 56 79 107 118 138 143 146 149 159 181 193 197 224 311 341 349 353 371 376 383 442 456 457 482 498
Compactness: 2605.786036
Weights: 305.000000 5039.000000 1602.000000
Center Node: 12

District 17
Nodes: 23 30 43 59 114 122 136 141 173 217 226 233 243 249 280 358 360 365 420 440 450 455 475 495
Compactness: 2052.035785
Weights: 278.000000 5030.000000 1200.000000
Center Node: 450

District 18
Nodes: 42 52 125 126 127 169 239 246 318 326 411 448
Compactness: 644.959869
Weights: 134.000000 1997.000000 819.000000
Center Node: 246

District 19
Nodes: 14 34 63 74 104 140 157 176 214 235 251 253 273 299 300 363 378 396 416 422 430 441 460 472 481 499
Compactness: 1990.652830
Weights: 302.000000 5470.000000 1536.000000
Center Node: 300

District 20
Nodes: 8 22 48 51 53 65 112 119 151 154 161 177 185 189 198 219 229 237 313 334 384 403 407 446 449 474 492
Compactness: 2635.839375
Weights: 331.000000 5234.000000 1626.000000
Center Node: 403
