BalanceViolation 141.997500
AffinityLoss 826.000000
Compactness 51724.526428

District 1
Nodes: 7 22 31 39 64 110 113 137 141 144 191 193 247 344 353 376 415 432 434 459 467 487 493 494
Compactness: 2133.962478
Weights: 314.000000 5091.000000 1409.000000
Center Node: 494

District 2
Nodes: 33 36 82 97 177 189 220 235 243 260 280 282 305 308 311 317 326 336 345 372 394 430 436 477
Compactness: 2272.325042
Weights: 280.000000 5247.000000 1523.000000
Center Node: 308

District 3
Nodes: 41 62 65 92 101 115 150 188 195 246 263 265 268 289 315 319 332 338 349 369 374 403 433 489
Compactness: 2373.114472
Weights: 321.000000 5128.000000 1377.000000
Center Node: 338

District 4
Nodes: 11 44 45 52 78 81 111 128 151 163 165 238 284 307 329 340 368 388 397 409 411 414 438 443 464 490
Compactness: 2864.186872
Weights: 324.000000 5452.000000 1444.000000
Center Node: 340

District 5
Nodes: 1 6 16 43 98 104 105 127 134 135 148 154 197 209 210 215 233 278 290 321 327 373 385 393 412 416 479
Compactness: 2481.394814
Weights: 317.000000 5335.000000 1437.000000
Center Node: 154

District 6
Nodes: 9 63 77 79 102 118 129 142 146 181 213 229 250 267 276 298 320 358 424 439 444 453 476 496
Compactness: 2575.520008
Weights: 253.000000 5439.000000 1383.000000
Center Node: 453

District 7
Nodes: 28 29 60 86 91 117 159 161 162 180 202 222 258 297 324 331 333 354 364 377 378 421 449 454 478 499
Compactness: 3045.214238
Weights: 307.000000 5602.000000 1486.000000
Center Node: 364

District 8
Nodes: 20 32 47 75 93 114 145 149 176 198 228 240 244 245 275 296 302 342 343 363 366 423 428 447 481
Compactness: 2863.380220
Weights: 325.000000 5559.000000 1375.000000
Center Node: 47

District 9
Nodes: 19 42 59 67 138 153 166 171 196 199 211 214 226 230 236 237 251 252 286 299 306 335 389 422 450 451
Compactness: 2493.335853
Weights: 324.000000 5616.000000 1511.000000
Center Node: 237

District 10
Nodes: 34 69 88 95 140 155 157 170 179 190 234 351 356 359 362 406 413 419 420 426 446 466 470 474 475
Compactness: 2518.278941
Weights: 335.000000 5519.000000 1384.000000
Center Node: 69

District 11
Nodes: 12 26 49 51 66 83 99 206 242 262 283 288 301 316 348 360 386 417 441 456 468 483 488
Compactness: 1926.150161
Weights: 285.000000 5221.000000 1430.000000
Center Node: 99

District 12
Nodes: 35 40 61 73 76 89 109 125 139 169 185 192 200 201 219 221 227 264 277 314 328 352 384 391 435
Compactness: 2381.644086
Weights: 344.000000 5089.000000 1505.000000
Center Node: 384

District 13
Nodes: 27 53 57 112 116 164 173 183 218 249 254 261 291 304 318 337 355 370 375 383 390 392 399 410 442 480
Compactness: 2867.702014
Weights: 292.000000 5107.000000 1502.000000
Center Node: 291

District 14
Nodes: 4 8 37 85 106 120 121 124 126 130 132 175 204 212 232 255 269 310 323 357 382 407 427 457 461
Compactness: 2386.793244
Weights: 323.000000 5498.000000 1511.000000
Center Node: 461

District 15
Nodes: 3 24 71 84 100 147 178 194 224 231 248 257 279 287 292 294 303 312 346 371 395 452 455 473 484
Compactness: 2703.060375
Weights: 317.000000 5168.000000 1410.000000
Center Node: 224

District 16
Nodes: 14 18 56 72 74 90 96 133 160 168 182 184 241 270 271 330 334 339 398 400 402 445 465 485 486
Compactness: 2471.249521
Weights: 294.000000 5563.000000 1424.000000
Center Node: 133

District 17
Nodes: 5 10 17 30 38 48 50 54 55 58 87 94 122 172 256 272 313 322 347 350 365 380 396 408 448 462 471
Compactness: 3762.373897
Weights: 323.000000 5317.000000 1425.000000
Center Node: 87

District 18
Nodes: 0 13 21 46 70 131 152 156 174 205 225 239 259 274 293 295 341 361 367 379 401 425 431 472 495 497
Compactness: 2315.102723
Weights: 331.000000 5383.000000 1402.000000
Center Node: 131

District 19
Nodes: 2 15 23 25 80 103 119 123 136 143 158 186 203 208 216 217 253 273 300 325 418 429 458 491 498
Compactness: 2870.924465
Weights: 312.000000 5457.000000 1399.000000
Center Node: 300

District 20
Nodes: 68 107 108 167 187 207 223 266 281 285 309 381 387 404 405 437 440 460 463 469 482 492
Compactness: 2418.813004
Weights: 273.000000 5450.000000 1456.000000
Center Node: 492
