BalanceViolation 1067.114000
AffinityLoss 1802.000000
Compactness 69330.261434

District 1
Nodes: 9 26 109 254 268 277 282 304 335 370 501 635 649 654 688 693 707 730
Compactness: 998.915666
Weights: 211.000000 4338.000000 1047.000000
Center Node: 304

District 2
Nodes: 13 67 75 164 197 200 219 295 462 472 498 499 617 704 705 784 859 964 977 989
Compactness: 1216.781741
Weights: 260.000000 4035.000000 1234.000000
Center Node: 989

District 3
Nodes: 7 61 63 141 175 191 274 284 327 341 377 484 560 586 614 618 650 657 709 715 746 792 982 988
Compactness: 2304.790288
Weights: 249.000000 4295.000000 1169.000000
Center Node: 650

District 4
Nodes: 0 19 33 127 136 139 185 221 363 431 451 485 555 567 616 628 838 892 943 973 986 995
Compactness: 1705.473517
Weights: 240.000000 3982.000000 1257.000000
Center Node: 19

District 5
Nodes: 54 102 122 217 271 302 315 338 343 460 512 594 652 700 801 852 865 881 883 950
Compactness: 1247.026778
Weights: 249.000000 4046.000000 1209.000000
Center Node: 102

District 6
Nodes: 121 183 192 242 296 313 354 506 537 540 588 633 739 752 809 810 823 866 877 947
Compactness: 1182.746588
Weights: 242.000000 3986.000000 1117.000000
Center Node: 537

District 7
Nodes: 2 70 73 159 178 237 278 406 408 419 424 440 444 447 500 526 572 582 698 862
Compactness: 1415.486853
Weights: 238.000000 4398.000000 863.000000
Center Node: 444

District 8
Nodes: 29 77 98 176 203 231 249 306 310 357 474 528 569 625 685 699 744 758 863 897 954
Compactness: 1376.537743
Weights: 235.000000 4024.000000 1167.000000
Center Node: 897

District 9
Nodes: 21 38 105 134 148 324 386 403 405 469 503 520 562 605 647 779 843 920 971 993
Compactness: 1712.022930
Weights: 242.000000 4381.000000 1219.000000
Center Node: 324

District 10
Nodes: 34 60 72 87 259 317 323 344 358 361 426 473 486 551 557 659 818 847 886 901 928
Compactness: 1522.560685
Weights: 256.000000 4308.000000 1204.000000
Center Node: 486

District 11
Nodes: 10 30 64 100 138 145 151 230 329 458 493 602 627 761 781 860 991
Compactness: 732.054805
Weights: 200.000000 4360.000000 1159.000000
Center Node: 860

District 12
Nodes: 18 31 66 71 94 131 150 269 407 410 511 539 566 632 636 683 689 850 880
Compactness: 976.929134
Weights: 231.000000 4387.000000 1167.000000
Center Node: 31

District 13
Nodes: 27 80 106 117 162 163 195 263 394 422 556 613 622 670 671 687 712 829 834 978
Compactness: 1456.466086
Weights: 250.000000 4398.000000 1228.000000
Center Node: 117

District 14
Nodes: 130 169 253 265 340 411 427 457 502 680 716 760 768 800 861 894 909 941 994
Compactness: 2348.488910
Weights: 230.000000 4295.000000 1187.000000
Center Node: 411

District 15
Nodes: 20 155 273 286 299 305 308 312 391 475 637 756 765 782 822 826 872 923
Compactness: 2466.903834
Weights: 234.000000 4160.000000 1242.000000
Center Node: 155

District 16
Nodes: 226 418 425 443 450 467 580 631 727 783 851 856 857 889 899 948 966 998
Compactness: 902.052105
Weights: 196.000000 4362.000000 1092.000000
Center Node: 631

District 17
Nodes: 41 82 97 149 165 172 186 215 218 228 266 331 381 434 445 504 568 681 788 804
Compactness: 1135.671119
Weights: 215.000000 4262.000000 1229.000000
Center Node: 215

District 18
Nodes: 55 99 104 160 297 350 376 416 439 505 529 578 722 763 764 794 813 840 876 961 970
Compactness: 1437.519053
Weights: 253.000000 4181.000000 1163.000000
Center Node: 876

District 19
Nodes: 36 37 126 128 132 222 256 262 388 414 521 549 595 626 669 751 770 846 849
Compactness: 1397.248803
Weights: 246.000000 4162.000000 1125.000000
Center Node: 846

District 20
Nodes: 39 96 140 239 342 421 429 461 481 655 665 694 726 747 772 777 812 814 827 902 969 974
Compactness: 1387.689469
Weights: 251.000000 4136.000000 1231.000000
Center Node: 974

District 21
Nodes: 76 90 92 101 173 187 292 293 349 471 612 762 828 832 835 930
Compactness: 863.642719
Weights: 201.000000 4135.000000 986.000000
Center Node: 828

District 22
Nodes: 46 168 223 246 267 283 347 356 415 480 507 531 559 590 672 755 914 980 984
Compactness: 1253.885234
Weights: 269.000000 4179.000000 1224.000000
Center Node: 531

District 23
Nodes: 1 5 15 35 49 74 78 190 193 238 459 548 619 630 743 754 780 808 844 853 873 999
Compactness: 1232.279627
Weights: 230.000000 4182.000000 1228.000000
Center Node: 35

District 24
Nodes: 43 52 95 210 281 353 455 465 497 546 573 615 634 641 686 733 787 796 906
Compactness: 1591.203397
Weights: 210.000000 4043.000000 1234.000000
Center Node: 52

District 25
Nodes: 14 59 233 250 261 275 314 404 432 456 478 553 584 629 666 731 759 833 942
Compactness: 1191.048502
Weights: 231.000000 4121.000000 1222.000000
Center Node: 553

District 26
Nodes: 58 133 154 167 180 196 202 236 366 441 510 538 541 585 624 651 717 786 791 807 871 885 924
Compactness: 1713.379016
Weights: 240.000000 3988.000000 1116.000000
Center Node: 786

District 27
Nodes: 108 113 157 204 270 285 379 604 773 775 802 837 891 916 940 944 952 958 962
Compactness: 1199.841041
Weights: 245.000000 4237.000000 1206.000000
Center Node: 940

District 28
Nodes: 56 143 171 243 279 294 436 442 449 476 508 530 558 600 609 648 656 664 678 723 910 938 951
Compactness: 1783.400851
Weights: 303.000000 4032.000000 1210.000000
Center Node: 609

District 29
Nodes: 25 84 107 114 213 245 369 420 438 575 728 757 767 769 778 821 824 912 931 949
Compactness: 1473.991584
Weights: 254.000000 4130.000000 1144.000000
Center Node: 821

District 30
Nodes: 3 11 24 118 129 336 367 383 428 437 448 454 525 579 638 815 874 903 915 939
Compactness: 2396.979013
Weights: 267.000000 4211.000000 1218.000000
Center Node: 579

District 31
Nodes: 85 120 156 158 258 320 322 348 389 487 527 571 679 711 774 799 926 935
Compactness: 956.891604
Weights: 227.000000 3967.000000 1082.000000
Center Node: 348

District 32
Nodes: 79 170 252 318 332 382 395 399 519 534 564 608 611 661 710 745 776 925 946 963
Compactness: 1346.097169
Weights: 248.000000 4031.000000 1203.000000
Center Node: 519

District 33
Nodes: 4 22 88 234 257 288 307 328 373 380 384 494 496 513 515 522 533 536 576 702 789 921
Compactness: 1335.713448
Weights: 285.000000 4304.000000 1209.000000
Center Node: 257

District 34
Nodes: 17 45 50 199 209 227 280 309 346 360 435 492 697 771 888 911 922 934 957
Compactness: 1257.906232
Weights: 215.000000 4177.000000 1135.000000
Center Node: 435

District 35
Nodes: 69 112 115 142 189 194 198 352 466 532 598 643 676 690 734 748 858 868 905 919 932 981
Compactness: 1560.363111
Weights: 264.000000 4357.000000 1225.000000
Center Node: 932

District 36
Nodes: 116 119 248 260 300 396 413 542 545 554 623 692 718 830 841 870 896 960 997
Compactness: 1084.024343
Weights: 240.000000 4406.000000 1120.000000
Center Node: 870

District 37
Nodes: 32 65 103 206 232 319 325 345 355 372 375 385 392 453 509 516 523 645 740 790 816 893
Compactness: 1514.952059
Weights: 282.000000 4358.000000 1194.000000
Center Node: 345

District 38
Nodes: 86 135 147 216 290 400 409 488 514 517 524 589 591 675 703 825 854 869 879 976
Compactness: 1224.714647
Weights: 225.000000 4037.000000 1209.000000
Center Node: 216

District 39
Nodes: 6 42 161 181 235 289 326 333 368 401 464 544 684 719 785 895 900 965 975 990
Compactness: 1226.145075
Weights: 238.000000 3998.000000 1213.000000
Center Node: 464

District 40
Nodes: 57 174 182 244 301 359 364 433 463 477 495 577 806 817 882 918 936 945 959 968 983
Compactness: 1321.800364
Weights: 250.000000 4378.000000 1220.000000
Center Node: 433

District 41
Nodes: 23 53 81 144 153 201 220 321 423 483 583 603 658 695 696 724 735 795 798 979 987 996
Compactness: 1548.375211
Weights: 221.000000 4013.000000 1290.000000
Center Node: 979

District 42
Nodes: 44 123 214 272 334 339 563 565 607 642 660 691 713 720 753 803 820 842 927 967
Compactness: 989.044993
Weights: 267.000000 4040.000000 1124.000000
Center Node: 272

District 43
Nodes: 48 125 188 225 316 330 362 374 535 552 620 621 663 668 673 738 819 831 867 956
Compactness: 1375.913730
Weights: 224.000000 4365.000000 1235.000000
Center Node: 620

District 44
Nodes: 47 124 212 251 291 298 303 468 490 543 547 601 653 706 732 736 797 887 937
Compactness: 1137.590107
Weights: 228.000000 4208.000000 1195.000000
Center Node: 601

District 45
Nodes: 16 40 89 146 179 224 276 371 570 574 596 667 677 741 742 875 904 913 953 955
Compactness: 1347.970860
Weights: 218.000000 4289.000000 1103.000000
Center Node: 741

District 46
Nodes: 110 111 137 205 229 378 397 430 470 479 561 640 725 737 766 878 907 972 985
Compactness: 1292.415263
Weights: 209.000000 4066.000000 1221.000000
Center Node: 137

District 47
Nodes: 12 28 93 207 208 287 351 387 398 402 412 446 491 593 646 749 750 839 848 855 917
Compactness: 1253.214020
Weights: 236.000000 4222.000000 1149.000000
Center Node: 646

District 48
Nodes: 68 83 166 177 184 241 417 452 597 599 639 644 682 845 898 929
Compactness: 737.819264
Weights: 186.000000 4088.000000 1136.000000
Center Node: 599

District 49
Nodes: 8 152 211 240 247 255 264 311 337 581 587 606 662 714 793 836 864 890 908 992
Compactness: 1430.402956
Weights: 258.000000 4160.000000 1172.000000
Center Node: 890

District 50
Nodes: 51 62 91 365 390 393 482 489 518 550 592 610 674 701 708 721 729 805 811 884 933
Compactness: 1765.889885
Weights: 236.000000 4317.000000 1110.000000
Center Node: 550
