BalanceViolation 0.000000
AffinityLoss 3275.000000
Compactness 247192.570782

District 1
Nodes: 11 19 56 102 111 127 159 166 212 218 255 262 263 282 308 312 324 332 346 358 364 369 373 418 470 532 551 574 614 660 663 666 702 714 715 732 748 793 800 802 803 814 824 826 864 880 888 898 938 951 953 983 1009 1030 1079 1106 1112 1156 1162 1163 1172 1177 1199 1228 1242 1253 1257 1309 1349 1364 1366 1373 1394 1397 1442 1446 1450 1462 1524 1568 1609 1615 1655 1659 1679 1703 1706 1785 1795 1799 1800 1809 1813 1821 1870 1883 1948 1956 1971 1994
Compactness: 14976.124933
Weights: 1212.000000 19348.000000 5833.000000
Center Node: 1956

District 2
Nodes: 28 64 74 76 89 91 119 125 128 151 192 196 197 211 245 277 307 338 376 378 379 390 397 407 416 428 432 447 458 459 504 506 507 563 566 601 619 628 640 653 656 671 720 771 842 854 855 859 865 923 933 965 977 981 1018 1073 1094 1109 1116 1146 1147 1192 1215 1217 1219 1224 1225 1230 1289 1292 1300 1327 1351 1436 1473 1512 1517 1528 1529 1548 1549 1617 1641 1648 1654 1691 1693 1716 1741 1742 1767 1789 1805 1825 1845 1852 1895 1899 1901 1915 1918 1931 1934 1967 1972 1983
Compactness: 9783.386905
Weights: 1264.000000 20871.000000 5972.000000
Center Node: 416

District 3
Nodes: 16 53 60 77 88 109 131 137 149 187 202 224 249 253 256 264 293 299 301 349 359 360 404 420 425 436 462 475 476 510 546 560 579 583 589 608 620 692 701 703 713 775 848 882 950 980 986 1004 1068 1077 1081 1090 1118 1119 1123 1144 1158 1165 1260 1269 1290 1298 1301 1331 1341 1352 1353 1356 1369 1374 1409 1429 1431 1441 1458 1460 1496 1500 1505 1534 1564 1574 1577 1629 1704 1722 1747 1802 1838 1848 1877 1891 1904 1912 1932 1989
Compactness: 14506.863893
Weights: 1177.000000 21337.000000 5925.000000
Center Node: 713

District 4
Nodes: 18 31 34 37 82 92 146 154 156 219 231 254 267 294 303 319 377 395 401 471 502 508 515 521 536 542 553 570 572 576 590 592 636 657 670 677 691 698 738 750 754 755 761 792 798 818 883 906 907 947 962 963 979 991 1019 1032 1037 1050 1072 1082 1099 1111 1141 1231 1239 1258 1264 1304 1361 1376 1383 1406 1420 1438 1477 1510 1521 1533 1539 1544 1556 1596 1605 1619 1671 1699 1708 1715 1749 1815 1829 1878 1884 1907 1929 1942
Compactness: 11173.453080
Weights: 1228.000000 19394.000000 5457.000000
Center Node: 590

District 5
Nodes: 40 66 90 114 161 164 182 200 209 222 238 251 270 271 279 287 317 354 368 389 450 463 525 559 606 610 638 665 716 724 725 729 736 783 785 791 807 815 823 831 834 850 874 904 922 936 956 978 995 1059 1086 1098 1132 1137 1159 1201 1208 1211 1212 1220 1238 1250 1262 1294 1296 1324 1348 1427 1428 1445 1466 1468 1475 1480 1483 1511 1532 1536 1540 1582 1583 1614 1637 1658 1661 1663 1667 1676 1738 1782 1798 1827 1860 1861 1871 1930 1939 1964 1987
Compactness: 10749.173433
Weights: 1165.000000 20080.000000 5790.000000
Center Node: 279

District 6
Nodes: 1 4 13 23 32 33 65 115 158 173 176 230 248 276 302 305 405 413 439 445 474 478 496 509 519 602 603 649 672 696 727 759 773 784 811 830 872 941 944 958 967 988 990 1031 1064 1066 1080 1125 1133 1142 1149 1153 1175 1186 1189 1261 1315 1325 1344 1347 1391 1413 1443 1490 1501 1508 1522 1526 1537 1550 1554 1571 1621 1625 1631 1660 1669 1729 1763 1769 1771 1774 1778 1787 1792 1793 1812 1830 1840 1856 1897 1908 1916 1933 1966 1978 1981 1985
Compactness: 16741.095397
Weights: 1206.000000 21215.000000 5543.000000
Center Node: 1142

District 7
Nodes: 26 63 101 150 185 193 214 217 235 261 318 348 353 367 388 417 424 451 461 479 482 530 591 593 642 643 667 679 680 682 694 712 760 808 810 817 819 832 835 838 863 903 909 919 935 957 987 992 996 1001 1015 1034 1036 1044 1096 1102 1120 1171 1196 1200 1222 1235 1306 1313 1333 1337 1360 1375 1392 1451 1476 1531 1561 1562 1565 1567 1569 1576 1591 1593 1601 1643 1680 1694 1728 1730 1739 1744 1751 1791 1801 1811 1833 1869 1889 1923 1973 1998
Compactness: 10173.905737
Weights: 1152.000000 19335.000000 5873.000000
Center Node: 1567

District 8
Nodes: 17 58 104 153 155 171 172 186 195 201 236 266 273 292 322 334 336 343 344 361 363 408 426 442 477 483 539 550 571 597 632 635 669 704 731 768 788 809 843 844 878 894 901 926 930 949 1024 1045 1046 1051 1056 1083 1140 1150 1168 1233 1241 1259 1268 1281 1326 1334 1338 1346 1367 1380 1386 1396 1401 1423 1424 1426 1474 1507 1538 1542 1551 1570 1579 1586 1597 1618 1624 1633 1645 1665 1705 1711 1725 1727 1734 1757 1764 1779 1788 1826 1843 1850 1882 1941 1952 1953 1980
Compactness: 11212.210479
Weights: 1250.000000 21335.000000 5939.000000
Center Node: 1764

District 9
Nodes: 70 79 191 272 298 325 337 341 347 372 375 387 392 419 429 469 484 489 548 554 578 584 598 605 629 631 634 645 646 648 650 678 687 737 746 756 772 794 795 856 857 887 905 912 918 927 929 960 964 972 982 989 1029 1041 1062 1101 1166 1173 1180 1195 1204 1213 1226 1236 1255 1284 1302 1305 1308 1362 1387 1408 1419 1455 1464 1516 1572 1581 1598 1602 1604 1622 1638 1687 1710 1712 1740 1748 1761 1804 1816 1835 1839 1858 1866 1876 1905 1925 1960 1974 1999
Compactness: 15966.704047
Weights: 1257.000000 20601.000000 5470.000000
Center Node: 298

District 10
Nodes: 7 8 9 38 110 116 121 135 141 174 220 234 252 257 268 290 313 335 400 403 437 460 487 501 511 516 523 526 558 561 568 588 599 661 722 765 778 789 820 845 860 877 884 900 917 921 942 948 966 971 1005 1006 1067 1074 1089 1127 1130 1131 1152 1167 1197 1221 1243 1245 1273 1321 1381 1388 1393 1398 1435 1448 1465 1478 1485 1498 1502 1563 1599 1623 1639 1647 1672 1709 1724 1759 1762 1824 1842 1846 1853 1855 1863 1914 1957 1961 1988
Compactness: 15001.697425
Weights: 1168.000000 21349.000000 5489.000000
Center Node: 135

District 11
Nodes: 41 44 45 48 62 73 107 136 145 147 148 207 216 247 275 328 355 380 382 394 396 457 505 514 522 545 557 564 607 637 659 719 753 763 779 790 840 869 910 913 915 928 945 1000 1007 1013 1020 1025 1043 1048 1055 1070 1078 1114 1122 1139 1187 1191 1229 1234 1283 1314 1332 1359 1372 1378 1421 1430 1444 1449 1457 1470 1491 1495 1519 1520 1575 1594 1607 1627 1649 1652 1668 1696 1702 1723 1796 1797 1807 1814 1819 1847 1868 1893 1921 1937 1955 1959 1963 1982 1984
Compactness: 10595.011224
Weights: 1234.000000 20730.000000 6021.000000
Center Node: 62

District 12
Nodes: 15 36 67 86 97 100 124 169 175 179 180 198 223 284 329 330 339 357 362 374 464 466 492 494 503 552 567 581 621 627 658 684 690 695 697 721 726 735 762 770 776 782 812 836 849 862 866 886 908 943 952 1003 1012 1022 1085 1135 1161 1183 1193 1216 1271 1277 1295 1297 1385 1395 1399 1402 1414 1425 1461 1467 1499 1552 1553 1555 1578 1589 1646 1692 1707 1720 1726 1775 1786 1808 1818 1822 1844 1888 1928 1938 1951 1969 1977 1986 1990 1993
Compactness: 13083.836401
Weights: 1169.000000 19863.000000 5570.000000
Center Node: 503

District 13
Nodes: 35 47 50 51 57 69 83 98 120 126 170 194 229 269 300 321 352 370 381 406 410 427 431 438 448 452 472 480 481 485 495 543 565 569 611 744 780 822 825 829 837 858 861 914 925 976 985 998 1016 1035 1038 1057 1075 1087 1126 1198 1206 1209 1210 1214 1240 1244 1248 1276 1317 1318 1328 1377 1379 1404 1412 1432 1434 1456 1479 1481 1484 1488 1494 1620 1674 1682 1698 1731 1746 1783 1828 1857 1873 1902 1913 1935 1954 1992 1995
Compactness: 9731.405952
Weights: 1146.000000 19629.000000 5942.000000
Center Node: 1434

District 14
Nodes: 0 3 22 24 52 54 71 75 81 85 139 143 165 189 204 232 233 250 260 280 288 326 340 366 391 398 414 444 468 488 491 498 513 518 535 577 594 595 612 613 617 644 673 674 675 705 728 730 734 757 813 867 879 881 885 955 959 968 973 974 975 1042 1053 1076 1108 1110 1176 1181 1185 1202 1203 1266 1275 1280 1310 1343 1389 1407 1422 1439 1454 1472 1493 1573 1640 1697 1719 1732 1823 1892 1903 1947 1962
Compactness: 9593.723709
Weights: 1178.000000 20248.000000 5486.000000
Center Node: 1472

District 15
Nodes: 6 30 84 118 122 132 134 168 181 188 190 199 203 205 206 208 221 241 246 274 304 311 342 393 409 412 422 453 454 556 562 580 585 596 604 618 624 625 633 652 662 685 689 710 717 764 816 839 841 851 870 871 875 890 896 931 937 939 997 999 1033 1061 1063 1092 1097 1115 1129 1145 1148 1151 1157 1160 1164 1207 1263 1299 1320 1335 1336 1354 1400 1415 1416 1418 1447 1453 1525 1585 1595 1613 1635 1642 1681 1701 1714 1755 1760 1806 1841 1872 1875 1887 1917 1924 1943 1946 1950 1970
Compactness: 17528.041019
Weights: 1260.000000 21062.000000 5614.000000
Center Node: 1033

District 16
Nodes: 10 14 29 49 55 61 72 93 94 130 133 162 167 178 210 226 243 259 285 316 345 415 421 455 520 527 528 531 547 549 609 686 688 708 723 739 743 745 758 774 777 781 806 827 828 852 853 876 897 899 1008 1017 1026 1117 1121 1136 1154 1170 1174 1190 1252 1270 1316 1323 1342 1363 1390 1405 1459 1503 1509 1518 1523 1530 1546 1566 1580 1584 1588 1608 1611 1612 1644 1653 1678 1688 1717 1718 1737 1754 1776 1781 1784 1849 1854 1862 1880 1890 1919 1927 1991
Compactness: 10037.074060
Weights: 1172.000000 19404.000000 6024.000000
Center Node: 1530

District 17
Nodes: 12 25 46 99 123 129 138 152 177 183 240 242 244 265 296 309 310 399 443 449 486 499 517 586 651 654 664 668 683 693 733 741 742 766 787 797 833 847 868 889 891 892 916 932 954 961 1010 1021 1028 1039 1071 1095 1105 1107 1182 1223 1232 1247 1282 1285 1288 1303 1307 1312 1319 1345 1358 1403 1417 1440 1463 1487 1541 1543 1557 1560 1590 1600 1606 1628 1636 1650 1662 1664 1735 1743 1752 1772 1777 1810 1817 1820 1834 1864 1865 1874 1881 1894 1896 1920 1922 1958 1965 1996
Compactness: 10149.967776
Weights: 1203.000000 19418.000000 5957.000000
Center Node: 1965

District 18
Nodes: 5 21 27 59 105 113 144 160 163 184 225 291 314 315 320 323 331 356 371 383 386 423 433 435 473 493 500 529 534 538 555 573 575 582 587 616 622 623 641 655 706 711 718 769 786 805 846 911 940 946 970 1023 1049 1054 1065 1103 1124 1134 1184 1218 1227 1254 1278 1286 1293 1311 1322 1355 1357 1371 1382 1410 1482 1497 1504 1513 1514 1515 1527 1545 1610 1616 1683 1686 1689 1765 1768 1770 1794 1831 1832 1859 1867 1898 1906 1909 1910 1911 1945 1975 1976
Compactness: 9079.091502
Weights: 1149.000000 20442.000000 5961.000000
Center Node: 1945

District 19
Nodes: 2 39 43 80 96 108 112 140 213 215 237 258 278 289 295 297 350 351 384 385 434 446 456 490 512 524 533 537 544 600 615 626 630 639 647 681 700 707 709 740 749 799 801 804 821 893 895 902 920 924 969 994 1002 1047 1058 1088 1104 1138 1188 1237 1249 1267 1272 1274 1279 1340 1350 1370 1411 1437 1452 1469 1471 1486 1492 1535 1547 1558 1559 1587 1592 1603 1630 1632 1634 1651 1666 1670 1675 1721 1745 1753 1758 1790 1803 1836 1885 1900 1949 1979 1997
Compactness: 12134.747465
Weights: 1262.000000 21302.000000 5480.000000
Center Node: 902

District 20
Nodes: 20 42 68 78 87 95 103 106 117 142 157 227 228 239 281 283 286 306 327 333 365 402 411 430 440 441 465 467 497 540 541 676 699 747 751 752 767 796 873 934 984 993 1011 1014 1027 1040 1052 1060 1069 1084 1091 1093 1100 1113 1128 1143 1155 1169 1178 1179 1194 1205 1246 1251 1256 1265 1287 1291 1329 1330 1339 1365 1368 1384 1433 1489 1506 1626 1656 1657 1673 1677 1684 1685 1690 1695 1700 1713 1733 1736 1750 1756 1766 1773 1780 1837 1851 1879 1886 1926 1936 1940 1944 1968
Compactness: 14975.056345
Weights: 1255.000000 19744.000000 5487.000000
Center Node: 467
