BalanceViolation 868.536000
AffinityLoss 1887.000000
Compactness 67011.372853

District 1
Nodes: 52 68 75 133 145 216 318 458 493 557 585 651 696 731 804 824 862 990
Compactness: 1305.780077
Weights: 209.000000 4111.000000 1070.000000
Center Node: 696

District 2
Nodes: 13 95 168 294 336 396 423 467 468 476 513 580 610 637 660 699 781 794 815 865
Compactness: 1151.592609
Weights: 254.000000 4296.000000 1081.000000
Center Node: 95

District 3
Nodes: 81 151 161 171 205 252 265 293 338 363 466 601 604 647 677 725 772 786 814 823 906 989
Compactness: 1429.666276
Weights: 255.000000 4382.000000 1169.000000
Center Node: 823

District 4
Nodes: 27 54 116 118 150 170 188 278 299 421 552 629 646 657 704 717 771 819 921 928
Compactness: 1412.434859
Weights: 232.000000 4054.000000 1236.000000
Center Node: 704

District 5
Nodes: 12 14 127 182 206 276 412 419 545 600 650 670 679 739 859 927 971
Compactness: 1045.304118
Weights: 243.000000 4183.000000 1072.000000
Center Node: 927

District 6
Nodes: 18 101 158 232 324 343 348 353 380 465 497 553 608 634 648 758 828 876 886 946
Compactness: 1161.160694
Weights: 253.000000 4408.000000 1085.000000
Center Node: 158

District 7
Nodes: 22 245 283 303 330 472 510 541 556 621 625 783 816 837 856 860 953 966
Compactness: 1224.296065
Weights: 230.000000 4452.000000 962.000000
Center Node: 283

District 8
Nodes: 25 162 356 382 452 463 480 594 619 652 653 674 689 694 733 810 831 842 917 962
Compactness: 1273.229923
Weights: 230.000000 4422.000000 1177.000000
Center Node: 962

District 9
Nodes: 5 55 67 76 79 112 119 134 176 218 275 407 435 448 659 664 685 695 847 887 947
Compactness: 2267.123404
Weights: 243.000000 4157.000000 1149.000000
Center Node: 685

District 10
Nodes: 84 181 214 230 261 298 314 329 379 397 471 609 726 793 812 822 835 900 907 910
Compactness: 1184.867044
Weights: 243.000000 4095.000000 1110.000000
Center Node: 900

District 11
Nodes: 36 65 85 184 195 228 279 295 400 527 598 628 635 638 673 686 701 813 861 940 957
Compactness: 1036.462938
Weights: 251.000000 4411.000000 1129.000000
Center Node: 673

District 12
Nodes: 26 49 60 94 110 260 340 362 372 385 405 441 484 665 713 745 817 864 880 914 954
Compactness: 1417.028271
Weights: 303.000000 4048.000000 1134.000000
Center Node: 441

District 13
Nodes: 87 124 142 153 177 207 286 331 454 482 568 588 618 643 687 710 779 791 882 948 991
Compactness: 1508.074405
Weights: 252.000000 4323.000000 1110.000000
Center Node: 687

District 14
Nodes: 17 39 64 152 365 392 401 488 514 525 530 554 770 792 825 838 911 930 956 970 982 998
Compactness: 1458.592988
Weights: 246.000000 4200.000000 1164.000000
Center Node: 525

District 15
Nodes: 72 96 97 107 138 198 223 304 410 473 496 614 636 680 708 755 764 808 877 978
Compactness: 948.750884
Weights: 239.000000 3946.000000 1338.000000
Center Node: 198

District 16
Nodes: 24 70 88 120 221 225 290 292 462 502 526 529 757 762 763 883 894 908 924 980 987
Compactness: 1298.386936
Weights: 255.000000 4356.000000 1171.000000
Center Node: 24

District 17
Nodes: 125 146 174 219 262 268 325 358 422 424 433 596 606 681 703 737 785 807 853 893 976
Compactness: 1984.602205
Weights: 255.000000 4110.000000 1152.000000
Center Node: 807

District 18
Nodes: 129 148 242 289 376 409 500 511 521 536 542 567 605 690 692 746 875 903 938
Compactness: 1090.716605
Weights: 241.000000 4146.000000 1151.000000
Center Node: 692

District 19
Nodes: 114 117 226 280 443 523 524 574 579 615 736 738 741 789 799 800 834 898 925 933 974
Compactness: 1235.135444
Weights: 256.000000 4410.000000 1136.000000
Center Node: 925

District 20
Nodes: 3 43 132 144 204 274 371 394 446 537 586 691 715 724 751 790 830 932 977
Compactness: 1193.289410
Weights: 244.000000 4154.000000 1103.000000
Center Node: 977

District 21
Nodes: 35 89 123 141 149 390 406 418 517 656 666 667 735 839 857 869 895 969 979
Compactness: 1000.917359
Weights: 247.000000 4157.000000 1092.000000
Center Node: 141

District 22
Nodes: 41 69 80 102 193 404 432 469 487 597 607 654 672 747 788 806 841 866 885 916 975
Compactness: 1640.157936
Weights: 190.000000 4416.000000 1167.000000
Center Node: 806

District 23
Nodes: 2 46 48 71 109 229 243 250 267 287 377 490 491 538 564 603 671 833 871 959
Compactness: 2216.010338
Weights: 222.000000 4227.000000 1173.000000
Center Node: 671

District 24
Nodes: 45 108 135 203 259 273 326 475 492 495 540 569 613 805 852 891 912 918 942
Compactness: 1432.309214
Weights: 237.000000 3990.000000 1168.000000
Center Node: 891

District 25
Nodes: 1 30 73 111 212 224 247 355 359 387 391 437 461 499 506 572 720 728 795 829 832 863
Compactness: 1970.855312
Weights: 257.000000 4346.000000 1143.000000
Center Node: 247

District 26
Nodes: 38 130 178 190 234 263 438 456 464 509 570 577 592 633 732 756 929 943
Compactness: 1099.902909
Weights: 259.000000 4390.000000 1043.000000
Center Node: 570

District 27
Nodes: 16 32 156 209 257 284 315 354 551 555 675 697 727 754 766 850 892 923 972
Compactness: 1435.856219
Weights: 259.000000 4015.000000 1144.000000
Center Node: 972

District 28
Nodes: 74 82 136 159 201 202 210 213 231 236 322 420 436 445 457 515 624 668 776 888 968
Compactness: 1278.265804
Weights: 250.000000 4344.000000 1070.000000
Center Node: 515

District 29
Nodes: 10 104 308 341 352 532 565 583 612 716 765 777 784 821 840 872 951 958 986 999
Compactness: 1025.890414
Weights: 235.000000 4408.000000 1124.000000
Center Node: 612

District 30
Nodes: 4 31 147 194 211 415 416 474 507 533 627 640 676 707 711 774 778 820 858 873
Compactness: 1672.712125
Weights: 229.000000 4313.000000 1169.000000
Center Node: 640

District 31
Nodes: 15 78 93 179 319 321 414 434 485 531 544 566 576 616 718 796 851 904 941 973
Compactness: 1509.684781
Weights: 244.000000 4398.000000 926.000000
Center Node: 319

District 32
Nodes: 11 33 62 92 131 200 227 235 237 246 285 344 350 366 370 381 460 470 528 752 775
Compactness: 1317.019425
Weights: 254.000000 4257.000000 1163.000000
Center Node: 92

District 33
Nodes: 6 9 44 53 121 196 253 271 291 305 317 357 501 522 639 712 723 949 992 996
Compactness: 2684.193772
Weights: 248.000000 4040.000000 1114.000000
Center Node: 271

District 34
Nodes: 164 180 258 307 312 320 395 442 449 539 663 682 722 761 773 803 811 845 944 961
Compactness: 1224.139300
Weights: 253.000000 4408.000000 1069.000000
Center Node: 539

District 35
Nodes: 29 50 100 163 175 186 208 256 272 282 345 373 384 440 459 489 548 688 922
Compactness: 1038.035151
Weights: 245.000000 4035.000000 1184.000000
Center Node: 688

District 36
Nodes: 20 83 91 105 185 187 233 335 360 375 386 504 571 575 591 801 843 896 945 967
Compactness: 1217.416359
Weights: 228.000000 4221.000000 1092.000000
Center Node: 83

District 37
Nodes: 21 63 86 122 240 264 266 367 378 398 417 589 641 649 662 836 846 937 994
Compactness: 1521.217612
Weights: 235.000000 4066.000000 1175.000000
Center Node: 846

District 38
Nodes: 19 37 51 56 113 140 192 296 313 332 339 450 503 512 669 705 742 889 939 981 988
Compactness: 921.834303
Weights: 245.000000 4423.000000 1156.000000
Center Node: 296

District 39
Nodes: 77 199 281 393 451 453 508 549 559 563 587 590 702 729 734 748 818 952 995
Compactness: 886.909661
Weights: 225.000000 4193.000000 1103.000000
Center Node: 559

District 40
Nodes: 42 222 300 309 346 494 516 582 593 595 730 750 854 868 884 934 950 963 965
Compactness: 1281.730831
Weights: 210.000000 4050.000000 1128.000000
Center Node: 963

District 41
Nodes: 126 173 269 342 347 426 429 444 543 578 645 658 721 768 849 899 913 931 955 983
Compactness: 1184.592219
Weights: 261.000000 4015.000000 1103.000000
Center Node: 444

District 42
Nodes: 7 57 59 302 333 374 402 403 411 425 439 479 620 683 706 714 780 802 902 984
Compactness: 1021.686044
Weights: 260.000000 4027.000000 1134.000000
Center Node: 333

District 43
Nodes: 61 255 310 323 349 368 369 447 477 486 560 599 626 655 661 684 698 743 744 787 936
Compactness: 1299.487127
Weights: 259.000000 4426.000000 1064.000000
Center Node: 661

District 44
Nodes: 8 58 99 155 239 306 364 427 498 505 546 631 693 767 855 870 890 915 920
Compactness: 957.242255
Weights: 236.000000 4040.000000 1135.000000
Center Node: 155

District 45
Nodes: 23 34 66 154 167 351 428 483 520 534 561 562 678 709 753 769 844 993
Compactness: 1187.507466
Weights: 225.000000 4310.000000 994.000000
Center Node: 769

District 46
Nodes: 28 47 103 115 128 143 183 217 277 311 519 547 632 642 797 826 905 926 935 960 997
Compactness: 1434.553133
Weights: 234.000000 4152.000000 1166.000000
Center Node: 311

District 47
Nodes: 90 106 172 189 215 249 297 301 316 328 388 481 518 581 617 719 848 879 881 901 919
Compactness: 1264.478174
Weights: 267.000000 4036.000000 1073.000000
Center Node: 617

District 48
Nodes: 191 197 238 241 270 383 389 413 430 431 455 611 700 749 759 760 798 809 897 985
Compactness: 1511.936899
Weights: 242.000000 4100.000000 1166.000000
Center Node: 389

District 49
Nodes: 0 98 137 139 165 169 244 254 288 327 334 399 535 550 623 630 644 740 827 909 964
Compactness: 1200.398926
Weights: 252.000000 4368.000000 1134.000000
Center Node: 98

District 50
Nodes: 40 157 160 166 220 248 251 337 361 408 478 558 573 584 602 622 782 867 874 878
Compactness: 947.936625
Weights: 256.000000 4289.000000 1150.000000
Center Node: 478
