BalanceViolation 0.635000
AffinityLoss 3176.000000
Compactness 199692.503372

District 1
Nodes: 36 37 112 126 180 228 238 265 269 294 310 318 333 353 365 366 383 386 390 429 433 461 512 518 534 549 562 572 582 597 629 664 670 672 683 706 740 743 746 748 749 761 821 823 864 867 931 936 943 950 967 1008 1040 1076 1118 1127 1131 1140 1141 1158 1175 1194 1196 1208 1286 1301 1309 1351 1373 1381 1411 1412 1453 1528 1530 1569 1608 1624 1625 1630 1651 1653 1657 1688 1694 1697 1722 1751 1756 1771 1779 1794 1834 1845 1874 1906 1907 1916 1925 1954 1961 1982
Compactness: 10270.851098
Weights: 1253.000000 21715.000000 5522.000000
Center Node: 353

District 2
Nodes: 5 10 12 44 55 72 93 116 129 132 135 137 149 171 178 234 253 272 293 301 363 380 395 442 488 493 532 575 587 658 685 704 710 714 737 739 755 767 777 792 794 813 829 845 858 859 869 916 948 949 961 971 1009 1037 1042 1081 1086 1152 1154 1172 1190 1217 1263 1295 1344 1378 1408 1425 1436 1437 1451 1492 1496 1512 1535 1537 1541 1543 1557 1558 1559 1598 1619 1640 1685 1707 1725 1726 1741 1761 1763 1786 1842 1847 1860 1889 1893 1896 1901 1957 1999
Compactness: 12880.303072
Weights: 1140.000000 21662.000000 6027.000000
Center Node: 829

District 3
Nodes: 98 104 105 110 115 125 160 169 176 195 229 246 280 309 348 359 364 369 412 452 466 467 471 489 526 565 576 577 578 598 604 618 640 649 660 699 730 735 791 810 820 853 860 891 892 909 913 919 991 992 1016 1033 1034 1051 1061 1084 1085 1120 1137 1149 1191 1233 1248 1291 1319 1321 1357 1395 1432 1442 1482 1511 1523 1571 1582 1591 1602 1605 1611 1613 1620 1635 1636 1648 1675 1770 1774 1780 1801 1831 1840 1846 1886 1888 1969 1986 1990 1995
Compactness: 8090.244033
Weights: 1177.000000 19952.000000 5675.000000
Center Node: 1084

District 4
Nodes: 14 25 75 78 128 145 163 174 185 198 203 205 242 268 271 311 339 343 344 352 387 407 411 421 426 432 436 439 478 481 502 522 527 561 633 634 641 700 736 753 770 779 803 844 850 861 868 880 885 901 952 954 958 966 985 986 1013 1090 1125 1166 1230 1238 1240 1257 1279 1285 1312 1327 1346 1350 1363 1375 1449 1454 1469 1501 1522 1526 1542 1561 1566 1638 1643 1658 1692 1699 1715 1742 1796 1843 1853 1878 1898 1899 1939 1953 1967 1994
Compactness: 8950.111957
Weights: 1140.000000 21139.000000 5570.000000
Center Node: 1899

District 5
Nodes: 6 8 26 66 76 81 82 102 133 136 138 158 162 188 218 243 267 297 334 362 397 406 468 496 520 537 571 590 619 632 650 716 762 805 807 884 918 938 960 973 987 999 1069 1074 1082 1088 1091 1136 1146 1173 1199 1219 1243 1281 1302 1326 1329 1341 1348 1401 1424 1470 1488 1544 1553 1556 1562 1578 1585 1594 1604 1612 1626 1629 1634 1655 1716 1719 1721 1730 1731 1735 1749 1750 1764 1773 1790 1827 1836 1839 1857 1883 1887 1917 1919 1926 1941 1968 1993
Compactness: 13770.394232
Weights: 1200.000000 21628.000000 5790.000000
Center Node: 158

District 6
Nodes: 31 33 54 61 62 65 144 172 173 184 190 200 213 216 233 286 290 300 307 316 321 327 371 375 389 405 423 431 479 480 503 524 533 543 592 596 599 653 654 666 675 677 696 750 778 790 800 804 831 856 874 920 996 1003 1020 1021 1062 1070 1075 1129 1145 1147 1176 1206 1207 1212 1242 1260 1265 1269 1275 1289 1298 1318 1335 1353 1366 1377 1391 1409 1429 1445 1462 1518 1555 1573 1597 1599 1618 1684 1703 1706 1757 1762 1767 1784 1809 1822 1824 1844 1864 1885
Compactness: 10067.220009
Weights: 1254.000000 21398.000000 5975.000000
Center Node: 431

District 7
Nodes: 35 69 87 111 143 151 166 247 252 270 292 302 320 324 347 361 424 434 464 508 525 536 621 624 643 647 655 669 673 674 682 694 713 720 722 723 742 769 788 814 828 833 841 854 894 900 904 937 1028 1053 1064 1066 1106 1153 1178 1305 1313 1323 1331 1337 1343 1365 1379 1396 1417 1475 1495 1503 1507 1508 1515 1570 1576 1610 1661 1662 1666 1673 1689 1704 1709 1712 1729 1734 1748 1775 1808 1825 1829 1841 1851 1865 1922 1924 1952 1955 1960 1988
Compactness: 8465.490233
Weights: 1145.000000 19777.000000 6005.000000
Center Node: 643

District 8
Nodes: 43 60 86 99 124 134 154 177 211 212 256 282 287 288 298 305 312 330 354 422 447 449 450 454 465 501 510 521 542 600 613 625 678 689 690 697 701 724 733 757 758 768 773 782 786 787 793 797 798 799 808 817 822 826 836 852 877 878 912 947 970 974 983 1059 1071 1100 1139 1183 1214 1224 1245 1251 1259 1294 1310 1314 1332 1338 1349 1361 1364 1374 1376 1390 1392 1421 1434 1457 1459 1463 1504 1524 1551 1631 1649 1650 1656 1680 1693 1737 1746 1778 1811 1815 1833 1867 1872 1903 1973
Compactness: 10530.457400
Weights: 1258.000000 21818.000000 6023.000000
Center Node: 212

District 9
Nodes: 1 18 19 22 29 40 53 56 58 83 91 108 119 164 165 167 181 187 199 202 206 221 262 331 425 427 430 445 446 476 477 490 511 550 563 581 614 705 732 734 840 848 875 876 882 888 932 997 1010 1022 1056 1089 1093 1103 1119 1134 1186 1192 1201 1209 1234 1249 1270 1274 1311 1328 1358 1370 1372 1386 1407 1414 1419 1431 1435 1485 1491 1536 1581 1586 1633 1654 1659 1686 1702 1723 1728 1788 1793 1803 1806 1810 1869 1873 1880 1914 1932 1936 1943 1976 1977 1979 1985 1989
Compactness: 9824.229681
Weights: 1247.000000 19806.000000 5794.000000
Center Node: 875

District 10
Nodes: 0 34 50 63 77 157 227 261 283 289 299 303 328 341 351 376 377 378 382 485 492 499 552 553 564 611 630 659 671 676 691 695 715 718 745 756 795 796 830 832 886 907 917 925 976 981 990 993 998 1031 1041 1057 1058 1072 1092 1094 1096 1099 1107 1135 1188 1198 1277 1296 1316 1322 1342 1402 1403 1418 1423 1444 1447 1521 1534 1546 1564 1572 1589 1628 1647 1652 1667 1683 1690 1696 1720 1758 1804 1830 1861 1871 1890 1897 1904 1972 1984 1991
Compactness: 9909.402246
Weights: 1231.000000 19747.000000 5602.000000
Center Node: 1198

District 11
Nodes: 9 59 100 131 179 207 220 245 264 266 273 296 313 332 342 349 357 358 398 460 462 475 484 486 491 513 516 517 567 589 594 601 652 657 668 754 771 775 818 834 843 871 873 893 899 902 906 923 939 946 978 1014 1027 1043 1044 1063 1077 1115 1116 1128 1157 1159 1162 1213 1223 1237 1262 1264 1292 1303 1304 1334 1371 1400 1426 1430 1466 1473 1484 1489 1514 1519 1539 1615 1617 1621 1679 1708 1710 1714 1736 1745 1802 1812 1819 1821 1837 1849 1902 1910 1911 1980
Compactness: 10131.488967
Weights: 1254.000000 21650.000000 6006.000000
Center Node: 1484

District 12
Nodes: 2 7 47 73 90 97 101 103 106 130 140 161 204 210 222 224 239 285 319 335 337 373 443 451 456 473 482 528 530 558 585 605 635 636 645 646 665 693 717 801 849 866 879 883 908 915 988 995 1002 1007 1011 1068 1083 1104 1112 1123 1132 1164 1169 1182 1185 1218 1228 1229 1241 1246 1283 1287 1288 1290 1306 1317 1330 1368 1422 1443 1448 1481 1517 1533 1560 1583 1727 1747 1753 1785 1856 1859 1875 1876 1895 1920 1933 1942 1965 1971 1974
Compactness: 9187.870965
Weights: 1238.000000 21721.000000 5527.000000
Center Node: 1443

District 13
Nodes: 45 64 71 170 175 189 191 232 237 244 278 317 329 336 355 372 385 396 410 414 416 428 457 458 469 495 500 540 541 546 609 617 661 663 680 688 709 712 766 789 802 806 825 929 935 957 977 1015 1026 1030 1111 1165 1187 1221 1236 1299 1315 1320 1352 1389 1398 1399 1415 1416 1456 1467 1472 1476 1538 1574 1575 1584 1587 1590 1622 1627 1645 1668 1669 1671 1676 1705 1717 1733 1738 1740 1755 1768 1782 1792 1854 1908 1912 1915 1931 1950 1951 1983
Compactness: 13587.559984
Weights: 1149.000000 20107.000000 5661.000000
Center Node: 1574

District 14
Nodes: 3 13 49 52 57 79 88 96 109 122 123 153 208 241 258 259 277 281 295 304 306 314 356 360 394 408 420 459 470 497 498 506 531 539 547 557 570 583 607 610 620 622 623 627 642 744 752 764 783 784 812 847 881 887 897 926 941 944 955 965 968 994 1005 1012 1024 1046 1126 1155 1160 1167 1174 1180 1197 1215 1222 1250 1254 1268 1282 1345 1347 1369 1393 1394 1433 1438 1439 1458 1486 1498 1499 1552 1554 1563 1601 1616 1637 1718 1766 1781 1813 1826 1832 1850 1855 1862 1870 1877 1881 1964 1970
Compactness: 10572.488867
Weights: 1252.000000 21186.000000 6090.000000
Center Node: 1046

District 15
Nodes: 11 16 20 21 24 38 84 120 127 182 194 201 225 249 274 279 346 379 388 399 417 472 474 509 544 615 616 628 667 687 721 729 780 835 838 839 851 862 863 896 921 924 927 933 953 984 1000 1032 1048 1052 1078 1108 1138 1143 1168 1205 1216 1232 1239 1252 1255 1256 1271 1272 1278 1293 1308 1339 1355 1367 1382 1385 1406 1440 1461 1525 1527 1577 1593 1639 1641 1682 1759 1765 1805 1816 1935 1958 1987 1997 1998
Compactness: 7379.934601
Weights: 1146.000000 19799.000000 5641.000000
Center Node: 472

District 16
Nodes: 4 17 42 85 89 113 146 150 251 254 260 400 444 487 504 507 514 556 580 586 595 608 612 631 702 731 751 759 809 816 895 942 945 951 969 1019 1025 1035 1054 1067 1073 1087 1095 1101 1105 1130 1151 1195 1226 1247 1307 1324 1360 1380 1383 1397 1405 1413 1428 1450 1464 1478 1494 1505 1509 1510 1516 1532 1603 1609 1644 1660 1678 1681 1711 1724 1754 1760 1777 1787 1797 1814 1817 1835 1838 1866 1882 1891 1894 1913 1918 1923 1928 1937 1944 1975 1981
Compactness: 9035.810219
Weights: 1253.000000 21010.000000 5909.000000
Center Node: 444

District 17
Nodes: 30 46 48 67 74 114 117 118 148 193 197 209 231 236 240 257 275 325 384 401 402 419 435 437 448 455 545 559 566 569 579 584 591 602 606 637 651 662 679 681 686 708 738 765 772 827 837 865 903 910 922 930 934 959 962 963 989 1004 1018 1045 1055 1080 1098 1144 1161 1204 1210 1225 1227 1231 1244 1253 1284 1340 1404 1410 1446 1452 1468 1477 1479 1480 1493 1548 1568 1580 1588 1607 1614 1798 1807 1818 1820 1852 1884 1927 1959 1962 1963
Compactness: 8651.858786
Weights: 1140.000000 19797.000000 6032.000000
Center Node: 559

District 18
Nodes: 41 51 80 94 95 141 152 155 168 183 196 223 248 326 338 368 409 415 438 453 463 483 494 519 529 538 574 656 684 692 698 703 727 741 774 785 824 842 872 889 890 898 928 964 982 1017 1023 1038 1049 1050 1117 1122 1142 1148 1156 1177 1179 1184 1189 1193 1220 1235 1266 1267 1336 1354 1387 1455 1474 1483 1513 1520 1550 1565 1579 1592 1595 1623 1663 1665 1670 1691 1695 1700 1769 1783 1848 1905 1921 1945 1948 1949 1978
Compactness: 9789.218246
Weights: 1144.000000 21722.000000 5683.000000
Center Node: 368

District 19
Nodes: 15 28 32 39 68 92 107 139 142 147 156 159 186 217 226 230 235 284 291 308 315 370 381 391 392 393 404 413 441 515 554 555 560 568 588 593 603 638 639 707 711 776 811 855 870 911 914 972 979 980 1001 1029 1039 1097 1102 1110 1133 1150 1163 1203 1258 1276 1280 1325 1333 1362 1384 1441 1460 1465 1471 1529 1531 1547 1549 1567 1596 1600 1646 1664 1672 1674 1677 1732 1743 1752 1772 1776 1789 1791 1799 1800 1823 1863 1868 1892 1909 1929 1940 1946 1956 1966
Compactness: 9187.800656
Weights: 1171.000000 20184.000000 5638.000000
Center Node: 1039

District 20
Nodes: 23 27 70 121 192 214 215 219 250 255 263 276 322 323 340 345 350 367 374 403 418 440 505 523 535 548 551 573 626 644 648 719 725 726 728 747 760 763 781 815 819 846 857 905 940 956 975 1006 1036 1047 1060 1065 1079 1109 1113 1114 1121 1124 1170 1171 1181 1200 1202 1211 1261 1273 1297 1300 1356 1359 1388 1420 1427 1487 1490 1497 1500 1502 1506 1540 1545 1606 1632 1642 1687 1698 1701 1713 1739 1744 1795 1828 1858 1879 1900 1930 1934 1938 1947 1992 1996
Compactness: 9409.768118
Weights: 1187.000000 19782.000000 6096.000000
Center Node: 345
